"pcp-dstat 6.2.0 CSV Output"
"Author:","PCP team <pcp@groups.io> and Dag Wieers <dag@wieers.com>",,,,"URL:","https://pcp.io/ and http://dag.wieers.com/home-made/dstat/"
"Host:","np0000094330",,,,"User:","ubuntu"
"Cmdline:","dstat -tcmndrylpg --tcp --output /tmp/devstack_logs/dstat-csv.log",,,,"Date:","12 Jun 2026 05:27:17 UTC"
"system","total usage",,,,,"memory usage",,,,"net/total",,"dsk/total",,"io/total",,"system",,"load avg",,,"procs",,,"paging",,"tcp sockets",,,,
"time","total usage:usr","total usage:sys","total usage:idl","total usage:wai","total usage:stl","used","free","buf","cach","net/total:recv","net/total:send","dsk/total:read","dsk/total:writ","read","writ","int","csw","1m","5m","15m","run","blk","new","in","out","lis","act","syn","tim","clo"
12-06 05:27:17,,1018604,1604576,162112,5036328,,,,,,,1.050,0.950,0.610,3,0,,,,10,5,0,17,0
12-06 05:27:18,23.705,20.461,53.399,0.499,0,1013264,1609608,162240,5036452,33603.346,10653.819,0,1285.565,0,33.936,5274,3342,1.050,0.950,0.610,2,1,231.561,0,0,10,5,0,17,0
12-06 05:27:19,21.674,20.677,55.804,0.498,0,1007524,1614756,162380,5036816,37079.605,12322.666,0,1331.318,0,40.856,5004,2884,1.050,0.950,0.610,2,0,212.254,0,0,10,6,0,17,0
12-06 05:27:20,29.364,21.333,48.187,0.502,0,1026868,1595000,162488,5037008,22236.269,8901.535,0,919.568,0,31.121,4857,2622,1.050,0.950,0.610,1,0,189.736,0,0,10,5,0,17,1
12-06 05:27:21,26.726,19.982,49.956,0.500,0,1020744,1600600,162636,5037612,49210.198,12999.429,0,1690.495,0,52.953,5498,4836,1.130,0.960,0.610,2,0,185.835,0,0,10,5,0,11,1
12-06 05:27:22,34.019,16.509,48.777,0.750,0,1013108,1607784,162728,5037544,20655.366,8960.931,0,1100.606,0,35.019,4298,2789,1.130,0.960,0.610,4,0,140.077,0,0,10,4,0,11,2
12-06 05:27:23,35.077,16.419,46.770,0.498,0,1006684,1596704,162872,5054632,187476.571,12803.006,0,1452.852,0,36.819,4950,3879,1.130,0.960,0.610,4,0,120.408,0,0,10,4,0,11,2
12-06 05:27:24,45.970,21.101,30.395,0.502,0,1013040,1576512,163480,5065844,10362.546,1627.783,0,1688.071,0,66.317,6716,19952,1.130,0.960,0.610,3,0,215.028,0,0,10,4,0,12,2
12-06 05:27:25,39.779,16.012,41.281,1.501,0,1020348,1546904,164112,5085000,12658.353,1513.118,1012.748,1553.148,38.028,32.024,5285,5057,1.130,0.960,0.610,2,0,94.070,0,0,10,4,0,11,2
12-06 05:27:26,29.998,10.999,57.997,0.500,0,1008328,1537464,164564,5104008,12178.330,1619.911,0,9731.465,0,57.997,2751,1439,1.120,0.970,0.620,1,0,11.999,0,0,10,4,0,11,2
12-06 05:27:27,21.497,2.250,72.741,3.000,0,1008876,1520320,165664,5117260,12426.383,1565.796,0,18965.531,0,858.888,2153,1594,1.120,0.970,0.620,1,0,0,0,0,10,4,0,11,2
12-06 05:27:28,22.501,2.000,73.502,0.750,0,1017008,1483496,166504,5142644,12158.278,1512.035,0,1776.041,0,61.001,1918,1337,1.120,0.970,0.620,1,0,0,0,0,10,4,0,11,2
12-06 05:27:29,22.003,3.000,73.510,0.500,0,1027924,1482788,167048,5130952,9339.323,2046.290,0,1456.206,0,51.007,1859,1226,1.120,0.970,0.620,1,0,2.000,0,0,10,2,0,11,0
12-06 05:27:30,22.534,3.505,73.610,0,0,1061748,1448936,167068,5130960,8761.099,1622.426,0,1438.150,0,60.090,1888,968,1.120,0.970,0.620,2,0,32.048,0,0,10,2,0,11,0
12-06 05:27:31,17.470,2.246,78.862,0.499,0,1070344,1434360,167340,5135996,18851.113,4684.827,0,1669.088,0,17.969,1549,829,1.110,0.970,0.620,1,0,2.995,0,0,10,2,0,11,0
12-06 05:27:32,24.008,5.502,69.775,0,0,1054656,1448320,167452,5137388,25928.138,1620.571,0,15449.445,0,84.030,8684,14936,1.110,0.970,0.620,2,0,7.002,0,0,10,2,0,11,0
12-06 05:27:33,20.996,5.249,72.736,0,0,1086820,1414868,167532,5138392,13796.356,1565.700,0,87.983,0,1.000,5942,9267,1.110,0.970,0.620,2,0,8.998,0,0,10,2,0,11,0
12-06 05:27:34,21.752,7.251,70.256,0,0,1086428,1414988,167576,5138612,12902.031,1620.130,0,92.007,0,2.000,12945,23037,1.110,0.970,0.620,2,0,19.002,0,0,10,2,0,11,0
12-06 05:27:35,21.232,3.747,73.936,0,0,999648,1509908,167584,5131224,14172.736,121550.820,0,2725.641,0,138.880,2028,1008,1.110,0.970,0.620,1,0,4.996,0,0,10,2,0,11,0
12-06 05:27:36,0.500,0.250,99.068,0,0,989024,1520664,167584,5131124,13535.339,14249.831,0,4.003,0,1.001,581,558,1.020,0.950,0.620,0,0,0,0,0,10,2,0,11,0
12-06 05:27:37,0.250,2.000,97.239,0,0,973276,1536400,167584,5131124,8872.987,1619.815,0,9862.874,0,44.995,717,721,1.020,0.950,0.620,0,0,0,0,0,10,2,0,9,0
12-06 05:27:38,0.250,0,98.744,0,0,965236,1544436,167584,5131128,9317.405,1619.897,0,0,0,0,519,559,1.020,0.950,0.620,0,0,0,0,0,10,2,0,9,0
12-06 05:27:39,0.500,0.250,98.748,0,0,958208,1551464,167584,5131128,14598.727,1619.970,0,0,0,0,539,530,1.020,0.950,0.620,0,0,0,0,0,10,2,0,9,0
12-06 05:27:40,0.250,0.250,98.744,0,0,954616,1555056,167584,5131128,9991.357,1619.896,0,7.999,0,2.000,529,550,1.020,0.950,0.620,0,0,0,0,0,10,2,0,9,0
12-06 05:27:41,0.250,0.250,98.752,0.250,0,948956,1560732,167588,5131132,12874.204,1620.026,0,932.015,0,2.000,617,603,0.940,0.930,0.610,0,0,1.000,0,0,10,2,0,9,0
12-06 05:27:42,0.500,2.250,97.000,0,0,945936,1563736,167588,5131132,9704.011,1458.002,0,27636.030,0,123.000,921,889,0.940,0.930,0.610,0,0,0,0,0,10,2,0,9,0
12-06 05:27:43,0.750,0.750,98.244,0,0,935628,1574040,167592,5131132,12938.252,1619.906,0,4687.729,0,41.998,697,681,0.940,0.930,0.610,0,0,0,0,0,10,2,0,9,0
12-06 05:27:44,0,0,98.993,0,0,933668,1576000,167592,5131132,10684.213,1511.889,0,2259.834,0,13.999,527,545,0.940,0.930,0.610,0,0,0,0,0,10,2,0,9,0
12-06 05:27:45,0.500,0.250,98.757,0,0,927156,1582512,167592,5131132,8909.628,1458.103,0,0,0,0,507,534,0.940,0.930,0.610,0,0,0,0,0,10,2,0,9,0
12-06 05:27:46,0.250,0.250,98.751,0,0,920540,1589128,167592,5131132,12304.101,1242.010,0,672.005,0,3.000,592,583,0.860,0.920,0.610,0,0,0,0,0,10,2,0,9,0
12-06 05:27:47,0.750,0.250,98.495,0,0,914348,1595320,167592,5131132,10591.458,1511.923,0,0,0,0,526,524,0.860,0.920,0.610,0,0,0,0,0,10,2,0,9,0
12-06 05:27:48,0,0.500,98.768,0,0,909120,1600548,167592,5131132,8664.599,1566.289,0,2072.382,0,6.001,545,556,0.860,0.920,0.610,0,0,0,0,0,10,2,0,9,0
12-06 05:27:49,0.500,0.250,98.738,0,0,905556,1604112,167592,5131132,12397.471,1619.800,0,0,0,0,546,532,0.860,0.920,0.610,0,0,0,0,0,10,2,0,9,0
12-06 05:27:50,0.750,0.250,98.748,0,0,902432,1607236,167592,5131132,10171.832,1511.975,0,155.997,0,27.000,559,573,0.860,0.920,0.610,0,0,0,0,0,10,2,0,9,0
12-06 05:27:51,0.250,0.500,98.760,0,0,898496,1611172,167592,5131132,12574.309,1566.163,0,60.006,0,2.000,601,595,0.790,0.900,0.610,0,0,1.000,0,0,10,2,0,9,0
12-06 05:27:52,0.750,0,98.732,0,0,895312,1614356,167592,5131132,12738.710,1565.719,0,3.999,0,1.000,530,523,0.790,0.900,0.610,0,0,0,0,0,10,2,0,9,0
12-06 05:27:53,0,0.500,98.735,0,0,893444,1616224,167592,5131132,8948.618,1511.767,0,0,0,0,523,538,0.790,0.900,0.610,0,0,0,0,0,10,2,0,9,0
12-06 05:27:54,0.750,0.250,98.546,0,0,893412,1616256,167592,5131132,13185.120,1620.752,0,4.002,0,1.000,595,550,0.790,0.900,0.610,0,0,0,0,0,10,2,0,9,0
12-06 05:27:55,0.250,0.250,98.480,0,0,891516,1618152,167592,5131132,10909.837,1619.679,0,0,0,0,511,527,0.790,0.900,0.610,0,0,0,0,0,10,2,0,9,0
12-06 05:27:56,0.250,0,99.004,0,0,890160,1619508,167592,5131132,9711.435,1620.073,0,0,0,0,524,531,0.730,0.890,0.600,1,0,0,0,0,10,2,0,9,0
12-06 05:27:57,0.250,0.250,99.000,0,0,890160,1619508,167592,5131132,11801.043,1620.006,0,24.000,0,2.000,529,545,0.730,0.890,0.600,0,0,0,0,0,10,2,0,9,0
12-06 05:27:58,1.000,5.749,93.741,0,0,877060,1632588,167592,5131136,11004.927,1619.842,0,88015.416,0,477.953,1629,1379,0.730,0.890,0.600,0,0,0,0,0,10,2,0,9,0
12-06 05:27:59,0,0.500,98.751,0,0,877032,1632616,167592,5131136,13915.168,1458.018,0,0,0,0,545,538,0.730,0.890,0.600,0,0,0,0,0,10,2,0,9,0
12-06 05:28:00,0.750,0.250,98.750,0,0,877032,1632616,167592,5131136,12845.006,1620.001,0,8.000,0,1.000,581,554,0.730,0.890,0.600,0,0,0,0,0,10,2,0,9,0
12-06 05:28:01,0.500,0.500,98.760,0,0,877032,1632616,167592,5131136,10886.111,1458.149,0,0,0,0,587,601,0.670,0.870,0.600,1,0,1.000,0,0,10,2,0,9,0
12-06 05:28:02,0.250,0.250,97.991,0.250,0,877252,1632396,167596,5131136,12444.866,1619.852,0,1363.876,0,3.000,562,561,0.670,0.870,0.600,0,0,0,0,0,10,2,0,8,0
12-06 05:28:03,1.000,0.250,99.002,0,0,877252,1632396,167596,5131136,10324.197,1512.029,0,0,0,0,521,541,0.670,0.870,0.600,0,0,0,0,0,10,2,0,8,0
12-06 05:28:04,0,1.000,98.249,0,0,877252,1632396,167596,5131136,12059.822,1565.977,0,8099.880,0,53.999,688,686,0.670,0.870,0.600,0,0,0,0,0,10,2,0,8,0
12-06 05:28:05,0.500,0.250,98.495,0,0,877252,1632396,167596,5131136,11913.388,1511.922,0,0,0,0,518,536,0.670,0.870,0.600,0,0,0,0,0,10,2,0,8,0
12-06 05:28:06,5.751,1.250,91.760,0,0,892872,1616772,167596,5131140,144626.034,3230.358,0,4.000,0,1.000,985,805,0.700,0.870,0.600,1,0,3.000,0,0,10,2,0,4,0
12-06 05:28:07,17.250,4.750,78.749,0,0,898148,1611496,167596,5131140,296484.902,10137.928,0,299.998,0,2.000,2285,1401,0.700,0.870,0.600,1,0,28.000,0,0,10,2,0,4,0
12-06 05:28:08,12.251,4.000,81.506,0.250,0,899268,1610264,167600,5131248,303455.724,12634.905,108.008,4.000,5.000,1.000,2312,1422,0.700,0.870,0.600,1,0,22.002,0,0,10,2,0,4,0
