"pcp-dstat 6.2.0 CSV Output"
"Author:","PCP team <pcp@groups.io> and Dag Wieers <dag@wieers.com>",,,,"URL:","https://pcp.io/ and http://dag.wieers.com/home-made/dstat/"
"Host:","np0000094282",,,,"User:","ubuntu"
"Cmdline:","dstat -tcmndrylpg --tcp --output /tmp/devstack_logs/dstat-csv.log",,,,"Date:","09 Jun 2026 04:14:12 UTC"
"system","total usage",,,,,"memory usage",,,,"net/total",,"dsk/total",,"io/total",,"system",,"load avg",,,"procs",,,"paging",,"tcp sockets",,,,
"time","total usage:usr","total usage:sys","total usage:idl","total usage:wai","total usage:stl","used","free","buf","cach","net/total:recv","net/total:send","dsk/total:read","dsk/total:writ","read","writ","int","csw","1m","5m","15m","run","blk","new","in","out","lis","act","syn","tim","clo"
09-06 04:14:12,,996168,1430452,167008,5219140,,,,,,,1.350,1.120,0.740,1,0,,,,10,5,0,17,1
09-06 04:14:13,19.441,20.687,57.824,0.748,0,1004280,1421728,167152,5219528,37490.829,12668.421,0,1375.810,0,41.872,4948,2960,1.410,1.140,0.750,1,0,217.338,0,0,10,5,0,17,1
09-06 04:14:14,27.226,20.982,50.206,0.250,0,1026752,1398984,167220,5219668,19529.013,6929.972,0,715.378,0,20.982,5017,2846,1.410,1.140,0.750,2,0,209.817,0,0,10,5,0,15,1
09-06 04:14:15,23.467,19.972,53.675,0.250,0,1027412,1397860,167368,5219872,45176.023,11167.432,0,1445.984,0,47.933,4814,2861,1.410,1.140,0.750,1,0,192.731,0,0,10,5,0,15,1
09-06 04:14:16,29.673,20.198,48.624,0.499,0,1027972,1396924,167432,5220544,17968.614,7143.559,0,1081.209,0,73.809,4946,2952,1.410,1.140,0.750,4,0,180.534,0,0,10,4,0,15,2
09-06 04:14:17,29.147,17.086,51.510,0.503,0,1024104,1400232,167552,5220400,30496.188,11236.813,0,1274.444,0,38.193,4513,3400,1.410,1.140,0.750,2,0,161.818,0,0,10,4,0,15,2
09-06 04:14:18,32.793,17.022,48.814,0.501,0,1025764,1377848,167700,5240064,180456.726,5800.609,0,1117.466,0,30.039,4844,3690,1.450,1.150,0.760,2,0,127.167,0,0,10,4,0,11,2
09-06 04:14:19,40.983,16.993,39.983,0.500,0.250,1027688,1363708,168324,5250096,15984.308,1619.322,0,1259.473,0,53.977,5595,5440,1.450,1.150,0.760,2,0,128.946,0,0,10,4,0,11,2
09-06 04:14:20,38.503,13.751,40.003,6.501,0,1047340,1323636,168940,5267484,12394.065,1620.139,764.066,1552.133,22.002,32.003,5632,6065,1.450,1.150,0.760,3,0,116.010,0,0,10,4,0,11,2
09-06 04:14:21,34.357,15.685,48.299,1.245,0,1049948,1298820,169452,5287104,12393.328,1451.946,246.970,11121.630,15.934,66.722,3755,2019,1.450,1.150,0.760,2,0,38.838,0,0,10,4,0,11,2
09-06 04:14:22,23.086,3.011,72.019,1.255,0,1036056,1296240,170512,5299996,25175.989,1626.071,0,3452.891,0,226.847,2279,1665,1.450,1.150,0.760,2,0,6.022,0,0,10,4,0,11,2
09-06 04:14:23,22.753,2.000,73.509,0.750,0,1032612,1269844,171436,5326276,8984.099,1620.198,0,2564.314,0,151.018,1929,1422,1.420,1.150,0.760,1,0,0,0,0,10,4,0,11,2
09-06 04:14:24,23.001,2.750,73.752,0.750,0,1046812,1267136,171904,5313628,9026.282,2100.066,0,1280.040,0,65.002,1924,1308,1.420,1.150,0.760,1,0,3.000,0,0,10,2,0,11,0
09-06 04:14:25,17.502,3.250,78.010,0,0,1057068,1256836,171936,5313640,18710.437,3789.494,0,400.052,0,5.001,1792,958,1.420,1.150,0.760,1,0,33.004,0,0,10,3,0,11,0
09-06 04:14:26,22.007,4.251,72.773,0.250,0,1041324,1265624,172076,5319728,11685.760,2632.847,0,32914.590,0,656.211,2164,1119,1.420,1.150,0.760,1,0,3.001,0,0,10,2,0,11,0
09-06 04:14:27,21.250,5.750,70.250,0,0,1069260,1236160,172120,5320916,12675.007,1620.001,0,0,0,0,12244,21962,1.420,1.150,0.760,1,0,13.000,0,0,10,2,0,11,0
09-06 04:14:28,32.738,8.497,57.978,0,0,1041312,1263900,172148,5321036,11701.642,1457.457,0,87.967,0,1.000,12572,31024,1.540,1.180,0.770,1,0,40.985,0,0,10,2,0,12,0
09-06 04:14:29,19.995,5.999,73.482,0.250,0,1002664,1310812,172164,5313724,13024.880,1619.612,0,1799.569,0,12.997,2573,2295,1.540,1.180,0.770,1,0,14.996,0,0,10,2,0,12,0
09-06 04:14:30,14.496,2.249,81.727,0,0,975772,1337836,172164,5313672,16118.440,131454.812,0,1491.578,0,65.981,1675,938,1.540,1.180,0.770,0,0,4.999,0,0,10,2,0,10,0
09-06 04:14:31,0.250,1.750,97.254,0,0,966588,1347020,172164,5313672,11163.512,1458.067,0,9872.453,0,44.002,731,729,1.540,1.180,0.770,0,0,0,0,0,10,2,0,10,0
09-06 04:14:32,0.500,0.250,98.997,0,0,958556,1355052,172164,5313672,12781.646,1619.955,0,0,0,0,510,582,1.540,1.180,0.770,0,0,0,0,0,10,2,0,10,0
09-06 04:14:33,0.250,0.750,98.999,0,0,951520,1362084,172164,5313676,11416.916,1349.990,0,0,0,0,492,574,1.420,1.160,0.770,0,0,0,0,0,10,2,0,10,0
09-06 04:14:34,0.500,0.500,98.263,0,0,945136,1368488,172164,5313676,7694.011,1312.172,0,3096.407,0,16.002,553,664,1.420,1.160,0.770,0,0,1.000,0,0,10,2,0,9,0
09-06 04:14:35,0.500,0,99.019,0,0,940004,1373620,172164,5313676,12470.450,1620.318,0,36.007,0,1.000,542,574,1.420,1.160,0.770,0,0,0,0,0,10,2,0,9,0
09-06 04:14:36,0.250,1.499,97.186,0,0,935296,1378328,172164,5313676,9834.565,1511.011,0,22209.467,0,92.939,789,820,1.420,1.160,0.770,0,0,0,0,0,10,2,0,9,0
09-06 04:14:37,0.500,0.250,98.975,0,0,931176,1382448,172164,5313676,13062.750,1565.610,0,559.861,0,4.999,540,598,1.420,1.160,0.770,0,0,0,0,0,10,2,0,9,0
09-06 04:14:38,0.250,0,98.487,0,0,927568,1386056,172164,5313676,14109.075,1511.794,0,0,0,0,531,573,1.310,1.140,0.760,0,0,0,0,0,10,2,0,9,0
09-06 04:14:39,0.500,0.250,98.822,0,0,924412,1389212,172164,5313676,12987.427,1621.177,0,424.308,0,2.001,507,588,1.310,1.140,0.760,0,0,0,0,0,10,2,0,9,0
09-06 04:14:40,0.250,0.500,98.770,0,0,921648,1391972,172164,5313680,13499.783,1566.323,0,0,0,0,504,586,1.310,1.140,0.760,0,0,0,0,0,10,2,0,9,0
09-06 04:14:41,0.500,0.250,98.727,0,0,917928,1395692,172164,5313680,11040.442,1619.625,0,0,0,0,514,574,1.310,1.140,0.760,0,0,0,0,0,10,2,0,9,0
09-06 04:14:42,0.250,0.749,97.595,0,0,912716,1400900,172168,5313680,9931.187,1617.425,0,11597.534,0,56.909,668,690,1.310,1.140,0.760,0,0,0,0,0,10,2,0,9,0
09-06 04:14:43,0.501,0.751,98.931,0,0,909024,1404592,172168,5313680,13690.090,1622.974,0,8.015,0,1.002,524,568,1.200,1.120,0.760,0,0,0,0,0,10,2,0,9,0
09-06 04:14:44,0.500,0.500,98.751,0,0,904248,1409368,172168,5313680,9511.122,1620.021,0,0,0,0,525,622,1.200,1.120,0.760,0,0,1.000,0,0,10,2,0,9,0
09-06 04:14:45,0,0.250,98.738,0.250,0,899016,1414596,172172,5313680,12920.471,1511.821,0,295.965,0,2.000,514,584,1.200,1.120,0.760,0,0,0,0,0,10,2,0,9,0
09-06 04:14:46,1.000,0,98.516,0,0,895464,1418148,172172,5313680,9041.425,1566.247,0,0,0,0,485,563,1.200,1.120,0.760,0,0,0,0,0,10,2,0,9,0
09-06 04:14:47,0.250,0.500,99.248,0,0,892788,1420824,172172,5313680,8305.839,1619.969,0,0,0,0,467,556,1.200,1.120,0.760,0,0,0,0,0,10,2,0,9,0
09-06 04:14:48,1.000,1.250,96.495,0,0,891296,1422316,172172,5313680,11019.458,1511.926,0,4.000,0,1.000,727,639,1.100,1.100,0.750,0,0,6.000,0,0,10,2,0,9,0
09-06 04:14:49,0.750,0.500,98.506,0,0,890788,1422824,172172,5313680,13492.773,1566.090,0,4.000,0,1.000,541,586,1.100,1.100,0.750,0,0,0,0,0,10,2,0,9,0
09-06 04:14:50,0,0.500,98.977,0,0,890944,1422660,172180,5313680,12424.162,1619.630,0,23.995,0,2.000,513,580,1.100,1.100,0.750,0,0,0,0,0,10,2,0,9,0
09-06 04:14:51,0.500,0.250,98.771,0,0,890944,1422660,172180,5313680,9112.914,1512.318,0,0,0,0,494,569,1.100,1.100,0.750,0,0,0,0,0,10,2,0,9,0
09-06 04:14:52,0.250,3.750,95.252,0,0,890880,1422724,172180,5313680,12657.277,1242.027,0,56297.234,0,268.006,1264,1146,1.100,1.100,0.750,0,0,0,0,0,10,2,0,9,0
09-06 04:14:53,0.999,0.250,98.603,0,0,890880,1422724,172180,5313680,11508.854,1347.992,0,0,0,0,512,574,1.020,1.080,0.750,0,0,0,0,0,10,2,0,9,0
09-06 04:14:54,0.250,0.501,98.393,0,0,890880,1422724,172180,5313680,11449.679,1622.363,0,4.006,0,1.001,560,629,1.020,1.080,0.750,0,0,1.001,0,0,10,2,0,9,0
09-06 04:14:55,0.750,0.250,98.999,0.250,0,890880,1422724,172180,5313680,7339.959,1121.994,0,967.995,0,3.000,476,581,1.020,1.080,0.750,0,0,0,0,0,10,2,0,9,0
09-06 04:14:56,0.250,0.250,98.501,0,0,890880,1422724,172180,5313680,11936.128,1512.016,0,0,0,0,536,578,1.020,1.080,0.750,0,0,0,0,0,10,2,0,9,0
09-06 04:14:57,0.250,1.500,96.997,0,0,891132,1422472,172180,5313680,11223.617,1619.945,0,20739.293,0,70.998,764,758,1.020,1.080,0.750,1,0,0,0,0,10,2,0,9,0
09-06 04:14:58,0.500,1.250,98.521,0.250,0,891100,1422500,172180,5313684,12383.622,1566.332,0,15355.252,0,57.012,694,684,0.930,1.060,0.740,0,0,0,0,0,10,2,0,9,0
09-06 04:14:59,0.250,0.250,98.502,0,0,891100,1422500,172180,5313684,17030.319,1620.030,0,0,0,0,532,573,0.930,1.060,0.740,0,0,0,0,0,10,2,0,4,0
09-06 04:15:00,0.250,0.250,98.751,0,0,891100,1422500,172180,5313684,10699.057,1080.006,0,664.004,0,3.000,527,588,0.930,1.060,0.740,0,0,0,0,0,10,2,0,4,0
09-06 04:15:01,11.250,2.750,86.001,0,0,886400,1427192,172192,5313684,286809.061,7196.077,0,8.000,0,1.000,1569,1159,0.930,1.060,0.740,2,0,10.000,0,0,10,2,0,4,0
09-06 04:15:02,13.747,5.249,79.235,0.500,0,902684,1410772,172216,5313796,297189.992,13355.483,107.980,219.959,4.999,38.993,2478,1544,0.930,1.060,0.740,2,0,31.994,0,0,10,2,0,4,0
09-06 04:15:03,16.252,5.751,77.260,0,0,910408,1402908,172228,5313924,156127.407,5582.694,0,3268.406,0,55.007,2341,1327,0.940,1.060,0.750,1,0,24.003,0,0,10,2,0,4,0
