"pcp-dstat 6.2.0 CSV Output"
"Author:","PCP team <pcp@groups.io> and Dag Wieers <dag@wieers.com>",,,,"URL:","https://pcp.io/ and http://dag.wieers.com/home-made/dstat/"
"Host:","np0000056252",,,,"User:","ubuntu"
"Cmdline:","dstat -tcmndrylpg --tcp --output /tmp/devstack_logs/dstat-csv.log",,,,"Date:","13 Feb 2026 21:06:15 UTC"
"system","total usage",,,,,"memory usage",,,,"net/total",,"dsk/total",,"io/total",,"system",,"load avg",,,"procs",,,"paging",,"tcp sockets",,,,
"time","total usage:usr","total usage:sys","total usage:idl","total usage:wai","total usage:stl","used","free","buf","cach","net/total:recv","net/total:send","dsk/total:read","dsk/total:writ","read","writ","int","csw","1m","5m","15m","run","blk","new","in","out","lis","act","syn","tim","clo"
13-02 21:06:15,,1079564,1615440,164324,4966196,,,,,,,1.630,1.130,0.710,2,0,,,,10,4,0,17,2
13-02 21:06:16,26.202,20.961,51.155,0,0,1083980,1610660,164420,4966420,17475.697,9440.550,0,1062.037,0,29.945,5136,3094,1.630,1.130,0.710,2,0,243.550,0,0,10,4,0,17,2
13-02 21:06:17,22.499,21.499,54.749,0.500,0,1075904,1603140,164524,4981344,138489.254,8167.779,0,943.974,0,23.999,4888,2758,1.630,1.130,0.710,1,0,208.994,0,0,10,4,0,17,2
13-02 21:06:18,28.001,22.500,47.751,0.500,0,1088768,1581600,164944,4988196,47324.899,1950.037,0,1060.020,0,41.001,4750,2697,1.740,1.170,0.720,2,0,187.004,0,0,10,4,0,15,2
13-02 21:06:19,34.482,21.988,41.478,0.999,0,1088404,1562952,165916,5004208,4895.428,1619.149,0,2330.775,0,60.968,5593,5183,1.740,1.170,0.720,17,0,198.895,0,0,10,4,0,15,2
13-02 21:06:20,37.524,18.012,44.029,0,0,1103192,1533444,166240,5016260,11017.149,1621.052,0,760.494,0,22.014,4412,2618,1.740,1.170,0.720,4,0,119.077,0,0,10,4,0,15,2
13-02 21:06:21,40.168,16.217,41.166,1.247,0,1082976,1529068,167052,5038188,8337.952,1616.694,0,2558.768,0,109.776,5486,5240,1.740,1.170,0.720,7,0,122.749,0,0,10,4,0,15,2
13-02 21:06:22,39.860,18.050,39.609,1.253,0.251,1053464,1529024,168112,5063324,8782.149,1624.467,0,2695.412,0,93.256,6337,6736,1.740,1.170,0.720,3,0,183.505,0,0,10,4,0,11,2
13-02 21:06:23,39.299,13.016,44.806,2.253,0.250,1054748,1513704,168876,5074752,6808.458,1622.015,1013.259,3147.910,38.047,58.072,4974,4748,1.760,1.180,0.730,3,0,88.109,0,0,10,4,0,11,2
13-02 21:06:24,25.201,7.985,66.122,0.250,0,1031968,1553696,168892,5057516,10957.742,4238.777,0,8251.991,0,34.932,2252,1073,1.760,1.180,0.730,1,0,13.973,0,0,10,2,0,11,0
13-02 21:06:25,22.250,3.500,73.251,0,0,1050016,1535612,168916,5057528,9626.083,1620.014,0,924.008,0,120.001,1890,988,1.760,1.180,0.730,2,0,18.000,0,0,10,2,0,11,0
13-02 21:06:26,18.501,2.500,78.256,0,0,1054576,1525120,169012,5062908,13900.036,3900.291,0,1968.147,0,68.005,1699,1017,1.760,1.180,0.730,2,0,17.001,0,0,10,2,0,11,0
13-02 21:06:27,18.500,2.750,78.500,0.250,0,1043700,1535496,169016,5063248,15746.973,4552.992,0,419.999,0,6.000,1660,980,1.760,1.180,0.730,1,0,18.000,0,0,10,3,0,11,0
13-02 21:06:28,23.488,4.748,69.965,0.250,0,1033760,1538536,169460,5068468,6987.483,1793.098,0,823.585,0,23.988,11780,21628,1.700,1.180,0.730,1,0,6.996,0,0,10,2,0,11,0
13-02 21:06:29,21.256,4.751,73.020,0,0,1021288,1550536,169528,5068764,9497.574,1620.439,0,84.023,0,1.000,3941,5142,1.700,1.180,0.730,1,0,12.003,0,0,10,2,0,11,0
13-02 21:06:30,21.249,6.500,70.497,0,0,1013864,1557616,169572,5069012,6868.742,1619.939,0,1807.932,0,152.994,9826,17237,1.700,1.180,0.730,0,2,14.999,0,0,10,2,0,11,0
13-02 21:06:31,20.504,5.001,73.513,0.750,0,927296,1657596,169580,5057528,9358.613,131202.610,0,30237.211,0,588.101,2289,1207,1.700,1.180,0.730,0,0,5.001,0,0,10,2,0,11,0
13-02 21:06:32,0.500,0.250,98.752,0,0,923688,1661204,169580,5057528,5609.095,1686.029,0,2264.038,0,15.000,451,558,1.700,1.180,0.730,0,0,0,0,0,10,2,0,11,0
13-02 21:06:33,0,0.250,98.997,0,0,920512,1664380,169580,5057528,8512.773,1457.961,0,0,0,0,450,532,1.560,1.160,0.720,0,0,0,0,0,10,2,0,11,0
13-02 21:06:34,0.500,0,98.753,0,0,917736,1667156,169580,5057528,7402.206,1620.045,0,0,0,0,455,549,1.560,1.160,0.720,0,0,0,0,0,10,2,0,10,0
13-02 21:06:35,0.250,1.000,97.751,0.250,0,914900,1670008,169588,5057512,8827.078,1620.014,0,2032.018,0,69.001,633,1038,1.560,1.160,0.720,0,0,1.000,0,0,10,2,0,10,0
13-02 21:06:36,0.500,1.250,97.744,0,0,912768,1672136,169588,5057516,43709.167,1619.895,0,11327.266,0,46.997,790,742,1.560,1.160,0.720,0,0,0,0,0,10,2,0,10,0
13-02 21:06:37,0.750,0.500,98.744,0,0,910908,1673996,169588,5057516,10764.392,1619.909,0,0,0,0,467,556,1.560,1.160,0.720,0,0,0,0,0,10,2,0,10,0
13-02 21:06:38,0.250,0,98.757,0,0,909280,1675624,169588,5057516,7371.554,1620.122,0,8.001,0,2.000,458,529,1.440,1.140,0.720,0,0,0,0,0,10,2,0,9,0
13-02 21:06:39,0.250,0.500,98.502,0,0,907856,1677048,169588,5057516,5126.129,1620.041,0,0,0,0,411,534,1.440,1.140,0.720,0,0,0,0,0,10,2,0,9,0
13-02 21:06:40,0.250,0.250,99.002,0,0,906600,1678296,169596,5057516,5058.094,1620.030,0,604.011,0,4.000,437,577,1.440,1.140,0.720,0,0,0,0,0,10,2,0,9,0
13-02 21:06:41,0.500,1.750,97.250,0,0,905704,1679188,169596,5057520,9111.044,1458.007,0,20128.098,0,86.000,763,771,1.440,1.140,0.720,1,0,0,0,0,10,2,0,9,0
13-02 21:06:42,0.500,0,98.731,0,0,905704,1679188,169596,5057520,8645.298,1619.681,0,7.998,0,1.000,481,550,1.440,1.140,0.720,0,0,0,0,0,10,2,0,9,0
13-02 21:06:43,0.250,1.000,98.233,0,0,903868,1681024,169596,5057520,9192.380,1619.715,0,0,0,0,515,538,1.320,1.120,0.720,1,0,2.999,0,0,10,2,0,9,0
13-02 21:06:44,1.000,1.000,97.515,0,0,902644,1682248,169596,5057520,8835.350,1620.248,0,4.001,0,1.000,608,580,1.320,1.120,0.720,0,0,3.000,0,0,10,2,0,9,0
13-02 21:06:45,0.250,0.250,98.458,0.250,0,902640,1682248,169600,5057520,10775.371,1619.304,0,447.808,0,1.000,519,619,1.320,1.120,0.720,0,1,1.000,0,0,10,2,0,9,0
13-02 21:06:46,0.750,0.500,99.058,0,0,902640,1682248,169600,5057520,7619.452,1620.947,0,3802.222,0,10.006,487,564,1.320,1.120,0.720,0,0,0,0,0,10,2,0,9,0
13-02 21:06:47,0.250,0.250,98.734,0,0,899980,1684908,169600,5057520,5055.169,1619.734,0,0,0,0,422,533,1.320,1.120,0.720,0,0,0,0,0,10,2,0,9,0
13-02 21:06:48,0.250,0.250,99.012,0,0,895968,1688920,169600,5057520,8795.023,1620.188,0,4.000,0,1.000,466,537,1.220,1.100,0.710,0,0,0,0,0,10,2,0,9,0
13-02 21:06:49,0.250,0.500,98.758,0,0,892248,1692640,169600,5057520,8493.687,1458.118,0,0,0,0,464,543,1.220,1.100,0.710,1,0,0,0,0,10,2,0,9,0
13-02 21:06:50,0.500,0.250,98.752,0,0,890604,1694284,169600,5057520,9061.141,1620.025,0,4.000,0,1.000,461,569,1.220,1.100,0.710,0,0,0,0,0,10,2,0,9,0
13-02 21:06:51,0.250,3.000,96.001,0,0,888656,1696228,169604,5057520,12283.102,1620.013,0,48132.399,0,243.002,1116,1121,1.220,1.100,0.710,0,0,0,0,0,10,2,0,9,0
13-02 21:06:52,0.250,0.250,98.747,0,0,886980,1697904,169604,5057520,7577.733,1619.943,0,0,0,0,453,562,1.220,1.100,0.710,0,0,0,0,0,10,2,0,9,0
13-02 21:06:53,0,0.250,98.753,0,0,886784,1698100,169604,5057520,19459.579,1620.048,0,0,0,0,555,542,1.120,1.080,0.710,0,0,0,0,0,10,2,0,9,0
13-02 21:06:54,0.750,0.250,98.998,0,0,887008,1697876,169604,5057520,7164.860,1619.968,0,4.000,0,1.000,455,553,1.120,1.080,0.710,0,0,0,0,0,10,2,0,9,0
13-02 21:06:55,0.250,0.500,98.500,0,0,886784,1698100,169604,5057520,7142.019,1620.004,0,0,0,0,474,599,1.120,1.080,0.710,0,0,1.000,0,0,10,2,0,9,0
13-02 21:06:56,0.500,2.750,95.999,0,0,886500,1698372,169608,5057520,17335.783,1619.980,0,42699.464,0,193.998,1097,978,1.120,1.080,0.710,1,0,0,0,0,10,2,0,9,0
13-02 21:06:57,0.250,0.250,98.501,0,0,886500,1698372,169608,5057520,9734.091,1458.014,0,0,0,0,483,560,1.120,1.080,0.710,0,0,0,0,0,10,2,0,9,0
13-02 21:06:58,0.500,0.250,99.487,0,0,886500,1698372,169608,5057520,9519.719,1619.782,0,0,0,0,469,535,1.030,1.060,0.700,0,0,0,0,0,10,2,0,9,0
13-02 21:06:59,0.250,0.250,98.473,0,0,886496,1698372,169608,5057524,13794.211,1619.555,0,0,0,0,533,545,1.030,1.060,0.700,0,0,0,0,0,10,2,0,8,0
13-02 21:07:00,0.250,0,99.030,0,0,886468,1698400,169608,5057524,7322.233,1620.494,0,8.002,0,1.000,466,555,1.030,1.060,0.700,0,0,0,0,0,10,2,0,8,0
13-02 21:07:01,0.250,0.250,98.249,0,0,886720,1698148,169608,5057524,9117.903,1619.983,0,4267.955,0,83.999,541,597,1.030,1.060,0.700,0,0,0,0,0,10,2,0,8,0
13-02 21:07:02,6.248,1.250,92.474,0,0,898220,1686648,169608,5057524,142226.260,2989.144,0,3.999,0,1.000,1010,784,1.030,1.060,0.700,1,0,2.999,0,0,10,2,0,8,0
13-02 21:07:03,16.781,3.256,79.649,0,0,902284,1682584,169608,5057524,289156.763,10223.119,0,0,0,0,2289,1333,1.030,1.060,0.710,1,0,22.041,0,0,10,2,0,4,0
13-02 21:07:04,13.719,3.991,80.071,0.499,0,901812,1682936,169612,5057640,302370.906,12779.510,107.760,3.991,4.989,0.998,2474,1448,1.030,1.060,0.710,1,0,21.951,0,0,10,2,0,4,0
