"pcp-dstat 6.2.0 CSV Output"
"Author:","PCP team <pcp@groups.io> and Dag Wieers <dag@wieers.com>",,,,"URL:","https://pcp.io/ and http://dag.wieers.com/home-made/dstat/"
"Host:","np0000094140",,,,"User:","ubuntu"
"Cmdline:","dstat -tcmndrylpg --tcp --output /tmp/devstack_logs/dstat-csv.log",,,,"Date:","20 May 2026 08:20:29 UTC"
"system","total usage",,,,,"memory usage",,,,"net/total",,"dsk/total",,"io/total",,"system",,"load avg",,,"procs",,,"paging",,"tcp sockets",,,,
"time","total usage:usr","total usage:sys","total usage:idl","total usage:wai","total usage:stl","used","free","buf","cach","net/total:recv","net/total:send","dsk/total:read","dsk/total:writ","read","writ","int","csw","1m","5m","15m","run","blk","new","in","out","lis","act","syn","tim","clo"
20-05 08:20:29,,1063092,1598720,161580,5000120,,,,,,,1.460,1.130,0.730,1,0,,,,10,6,0,15,0
20-05 08:20:30,22.495,20.246,55.488,0.500,0,1066492,1594768,161656,5000512,33843.935,12682.352,0,1503.686,0,44.991,5248,3704,1.580,1.160,0.740,2,0,234.951,0,0,10,6,0,15,0
20-05 08:20:31,27.194,20.708,51.146,0.249,0.249,1079232,1581752,161708,5000672,17308.640,7161.370,0,750.467,0,24.949,5348,3441,1.580,1.160,0.740,2,0,294.399,0,0,10,5,0,15,1
20-05 08:20:32,26.244,19.996,51.988,0.500,0.250,1065152,1595512,161772,5000868,29910.339,9904.794,0,1071.761,0,31.993,4882,2793,1.580,1.160,0.740,1,0,189.958,0,0,10,4,0,11,2
20-05 08:20:33,34.757,16.504,47.260,0.250,0,1044732,1615572,161812,5001084,29882.386,8142.740,0,1036.221,0,35.007,5101,4438,1.580,1.160,0.740,2,0,142.030,0,0,10,4,0,11,2
20-05 08:20:34,26.982,21.735,49.216,0.500,0,1043704,1616184,161888,5001700,20801.791,11167.372,0,1279.126,0,39.973,5318,3758,1.580,1.160,0.740,12,0,201.862,0,0,10,4,0,11,2
20-05 08:20:35,41.031,13.260,45.034,0.500,0,1012824,1627084,161976,5020268,172445.091,4363.292,0,1469.108,0,45.034,3904,3208,1.620,1.180,0.750,2,0,70.053,0,0,10,4,0,11,2
20-05 08:20:36,31.998,13.999,50.996,1.000,0,1138368,1487352,162804,5156200,5197.617,1619.881,15.999,2143.842,1.000,111.992,4655,4019,1.620,1.180,0.750,2,0,84.994,0,0,11,6,0,11,2
20-05 08:20:37,43.073,7.513,48.833,0.501,0,1128904,1478796,163204,5171744,9989.945,1622.753,0,1831.106,0,42.071,3323,1875,1.620,1.180,0.750,2,1,30.051,0,0,11,6,0,11,2
20-05 08:20:38,35.774,15.010,47.032,0.751,0,1159672,1426852,163836,5190608,6996.751,1621.101,0,2329.582,0,100.068,4708,3125,1.620,1.180,0.750,2,0,148.101,0,0,11,6,0,12,2
20-05 08:20:39,39.730,8.746,48.475,1.999,0,1189956,1365840,165032,5216960,9556.111,1619.172,287.853,4025.940,12.993,127.935,3800,2811,1.620,1.180,0.750,2,0,31.984,0,0,11,6,0,13,2
20-05 08:20:40,43.668,4.492,48.658,2.495,0,1228792,1312344,165868,5228596,19989.304,1616.951,1720.755,3106.142,114.784,56.893,3157,1945,1.650,1.190,0.750,2,0,0,0,0,11,6,0,13,2
20-05 08:20:41,40.638,6.731,48.117,3.241,0,1236992,1317392,166244,5214816,10344.514,1932.678,15.956,6358.491,0.997,470.704,5129,6018,1.650,1.190,0.750,3,0,28.920,0,0,11,6,0,13,0
20-05 08:20:42,29.505,7.751,46.257,12.502,0,1268080,1274472,167068,5225036,13486.153,3796.606,0,26188.180,0,1999.319,9550,17100,1.650,1.190,0.750,2,0,46.007,0,0,11,7,0,13,0
20-05 08:20:43,33.866,9.533,38.883,14.801,0,1277644,1260500,167652,5228500,7581.887,1800.146,0,38623.876,0,2966.127,11603,20194,1.650,1.190,0.750,1,1,18.062,0,0,11,6,0,13,0
20-05 08:20:44,36.532,5.755,45.290,9.258,0,1281544,1254428,167912,5230376,16117.159,4631.068,0,24373.412,0,1810.591,8524,14190,1.650,1.190,0.750,2,0,43.038,0,0,11,5,0,13,0
20-05 08:20:45,41.252,14.501,41.002,1.500,0,1177556,1352932,168364,5234420,9973.574,1794.103,0,35630.049,0,655.038,12401,19936,1.670,1.200,0.760,2,0,83.005,0,0,11,4,0,13,0
20-05 08:20:46,44.294,7.507,47.547,0,0,1196752,1333052,168444,5234884,6132.076,1621.607,0,2250.230,0,29.029,5669,7117,1.670,1.200,0.760,3,0,12.012,0,0,11,4,0,13,0
20-05 08:20:47,42.978,9.745,43.978,1.499,0,1191812,1337588,168548,5235148,10427.676,1619.173,0,6936.459,0,422.784,11670,18471,1.670,1.200,0.760,2,0,24.987,0,0,11,4,0,13,0
20-05 08:20:48,44.255,6.251,48.505,0.250,0,1216304,1326016,168564,5223728,8665.885,1620.165,0,880.090,0,22.002,3002,1551,1.670,1.200,0.760,2,0,10.001,0,0,11,4,0,11,0
20-05 08:20:49,31.897,11.214,55.322,0,0,1198228,1344100,168564,5223780,9901.159,1614.807,0,3.987,0,0.997,3936,2245,1.670,1.200,0.760,3,0,149.519,0,0,11,4,0,11,0
20-05 08:20:50,9.256,19.513,69.297,0,0,1195264,1347032,168568,5223804,8004.402,1458.985,0,13272.957,0,55.037,4793,3017,1.700,1.220,0.770,1,0,200.135,0,0,11,4,0,11,0
20-05 08:20:51,10.253,19.756,68.521,0,0,1190392,1351756,168568,5223948,5985.860,1620.503,0,20.006,0,5.002,4651,2875,1.700,1.220,0.770,1,0,195.061,0,0,11,4,0,11,0
20-05 08:20:52,9.748,20.245,68.484,0,0,1173576,1368424,168568,5224092,9680.696,1619.615,0,23.994,0,5.999,4670,2884,1.700,1.220,0.770,2,0,195.953,0,0,11,4,0,11,0
20-05 08:20:53,21.495,17.496,58.987,0,0,1167860,1374084,168572,5224524,7736.266,1661.628,0,483.892,0,2.999,4705,5457,1.700,1.220,0.770,1,0,128.971,0,0,11,4,0,11,0
20-05 08:20:54,28.988,13.744,52.229,4.748,0,1171948,1362272,168572,5232276,6204.446,1619.334,7700.830,587.758,77.968,38.984,3715,3021,1.700,1.220,0.770,3,0,84.965,0,0,11,4,0,11,0
20-05 08:20:55,46.400,10.785,41.886,0,0,1246584,1287496,168580,5232400,9973.336,1625.270,20.065,21622.105,4.013,149.485,3666,2154,1.730,1.230,0.770,2,0,47.153,0,0,11,5,0,11,0
20-05 08:20:56,45.128,4.239,48.868,0.499,0,1257988,1275148,168580,5233332,9131.392,1615.646,490.678,183.505,3.989,0.997,2715,1252,1.730,1.230,0.770,2,0,0,0,0,11,5,0,11,0
20-05 08:20:57,39.041,12.763,46.298,0,0,1283844,1246920,168580,5235640,10734.139,1663.726,0,1978.053,0,118.123,4402,4016,1.730,1.230,0.770,1,0,100.104,0,0,11,4,0,11,0
20-05 08:20:58,1.748,2.248,95.412,0,0,1283712,1246920,168580,5235772,7639.977,1618.512,0,3.996,0,0.999,1009,1119,1.730,1.230,0.770,0,0,17.983,0,0,11,4,0,11,0
20-05 08:20:59,20.255,5.751,73.269,0,0,1327044,1203588,168580,5235772,7366.867,1458.370,0,372.094,0,4.001,1960,1660,1.730,1.230,0.770,1,0,22.006,0,0,11,4,0,11,0
20-05 08:21:00,23.246,2.750,73.238,0.250,0,1370132,1160496,168584,5235772,13539.722,1619.727,0,1683.717,0,3.999,1860,1273,1.670,1.230,0.770,1,0,0,0,0,11,4,0,11,0
20-05 08:21:01,22.748,2.500,71.994,1.500,0,1389736,1140588,168640,5236020,7788.361,1619.867,0,1279.895,0,176.985,3266,4360,1.670,1.230,0.770,1,0,1.000,0,0,11,10,0,11,0
20-05 08:21:02,20.499,6.750,71.247,0.750,0,1343328,1186956,168672,5236028,9651.560,1619.926,0,2803.872,0,169.992,2877,2710,1.670,1.230,0.770,1,0,41.998,0,0,11,4,0,13,0
20-05 08:21:03,22.003,2.000,74.509,0.750,0,1386416,1143220,168812,5236444,7991.944,2235.264,372.044,536.063,13.002,10.001,1718,1115,1.670,1.230,0.770,0,0,0,0,0,11,5,0,13,0
20-05 08:21:04,18.497,2.250,77.237,1.250,0,1388816,1140700,168840,5236500,14058.587,5223.104,67.988,647.889,15.997,15.997,2261,2262,1.670,1.230,0.770,0,1,1.000,0,0,11,17,0,13,0
20-05 08:21:05,14.243,1.749,73.714,8.996,0,1383880,1145364,168852,5236688,8845.688,2739.665,199.903,2962.556,49.976,19.990,1777,1498,1.610,1.220,0.780,0,0,2.999,0,0,11,29,0,13,0
20-05 08:21:06,18.256,6.002,74.523,0,0,1362440,1166784,168852,5236708,9846.064,4856.512,0,3565.110,0,24.007,2446,1865,1.610,1.220,0.780,1,0,43.013,0,0,11,28,0,14,0
20-05 08:21:07,22.753,2.000,74.261,0,0,1383856,1145364,168856,5236708,6758.038,2147.330,0,2100.323,0,90.014,1641,1164,1.610,1.220,0.780,0,0,0,0,0,11,29,0,14,0
20-05 08:21:08,17.994,1.999,78.976,0,0,1382856,1146348,168856,5236724,15995.096,7794.610,0,0,0,0,2062,1627,1.610,1.220,0.780,2,0,0,0,0,11,28,0,15,0
20-05 08:21:09,26.500,18.500,54.751,0,0,1389740,1139448,168856,5236740,11106.166,1620.024,0,12.000,0,3.000,4137,2467,1.610,1.220,0.780,2,0,156.002,0,0,11,28,0,15,0
20-05 08:21:10,44.267,5.252,49.269,0,0,1437072,1092116,168856,5236740,12857.988,3085.197,0,4.002,0,1.000,2851,1228,1.640,1.240,0.780,1,0,0,0,0,11,29,0,15,0
20-05 08:21:11,32.492,7.498,57.486,1.000,0,1446092,1083072,168860,5236756,18712.330,11983.009,0,83467.169,0,346.913,4620,4283,1.640,1.240,0.780,0,0,0,0,0,11,30,0,15,0
20-05 08:21:12,41.841,4.259,52.364,0.251,0,1397816,1131132,168876,5236956,17994.263,8681.944,0,336.735,0,33.072,5793,6564,1.640,1.240,0.780,2,0,0,0,0,11,28,0,16,0
20-05 08:21:13,47.043,34.281,17.766,0,0,1409900,1119012,168876,5236988,10475.471,1621.466,0,224.203,0,19.017,5560,3988,1.640,1.240,0.780,5,0,455.412,0,0,11,28,0,15,0
20-05 08:21:14,83.159,16.732,0,0,0,1644468,884416,168876,5237016,12816.938,7885.349,0,183.798,0,10.988,5437,3577,1.640,1.240,0.780,6,0,122.865,0,0,11,30,0,15,0
20-05 08:21:15,82.044,10.256,7.754,0.250,0,1778588,750224,168884,5237072,29222.844,24160.099,0,624.338,0,50.027,7170,8126,1.670,1.250,0.790,3,0,1.001,0,0,11,34,0,15,0
20-05 08:21:16,66.649,13.729,17.473,0,0,1561988,966668,168928,5237288,27073.837,18129.436,0,9733.202,0,662.992,7839,10691,1.670,1.250,0.790,2,0,224.658,0,0,11,28,0,21,0
20-05 08:21:17,19.231,9.491,70.431,0.250,0,1476620,1052004,168948,5237296,9346.827,1618.412,0,399.608,0,19.980,2951,2196,1.670,1.250,0.790,1,0,90.911,0,0,11,28,0,17,0
20-05 08:21:18,19.252,2.250,78.260,0,0.250,1484004,1044612,168952,5237300,13340.699,5537.705,0,312.040,0,14.002,2100,1719,1.670,1.250,0.790,1,0,0,0,0,11,29,0,17,0
20-05 08:21:19,17.503,4.501,75.764,0.500,0,1426956,1101632,168972,5237308,12668.335,4698.866,0,1932.356,0,109.020,3281,3402,1.670,1.250,0.790,1,0,28.005,0,0,11,28,0,18,0
20-05 08:21:20,19.551,7.018,72.688,0,0,1468280,1060304,168972,5237312,10583.424,1624.209,0,120.312,0,8.021,2344,1626,1.620,1.240,0.790,1,0,40.104,0,0,11,28,0,18,0
20-05 08:21:21,18.244,2.749,77.974,0,0,1482264,1046312,168976,5237316,14133.199,5535.120,0,319.891,0,8.997,2099,1697,1.620,1.240,0.790,1,0,0,0,0,11,29,0,15,0
20-05 08:21:22,16.962,4.989,76.579,0.499,0,1445436,1083108,168984,5237340,9207.489,4736.449,0,283.369,0,24.944,3262,3300,1.620,1.240,0.790,1,0,43.902,0,0,11,28,0,16,0
20-05 08:21:23,9.499,22.498,66.745,0.250,0,1421312,1107228,168984,5237344,9479.300,1619.880,0,167.988,0,7.999,5091,3052,1.620,1.240,0.790,1,0,275.980,0,0,11,28,0,16,0
20-05 08:21:24,9.719,26.664,61.302,0,0,1403732,1124796,168988,5237352,19828.069,1614.793,0,187.396,0,11.961,5197,3280,1.620,1.240,0.790,4,0,312.991,0,0,11,28,0,16,0
20-05 08:21:25,56.058,33.937,10.558,0,0,1454576,1073872,169000,5237388,6038.213,1466.064,0,719.960,0,50.277,5456,3901,2.130,1.360,0.830,7,0,407.240,0,0,11,28,0,16,0
20-05 08:21:26,88.551,10.756,0.250,0,0,1674628,853676,169012,5237520,14282.160,7513.292,0,132.075,0,10.006,5144,2574,2.130,1.360,0.830,4,0,0,0,0,11,30,0,16,0
20-05 08:21:27,73.880,8.237,16.723,0,0,1700140,828068,169020,5237604,42456.101,35848.823,0,99.838,0,11.981,7553,12046,2.130,1.360,0.830,4,0,29.951,0,0,11,32,0,16,0
20-05 08:21:28,78.885,17.530,3.506,0,0,1581068,946956,169056,5237736,20950.959,10893.697,0,817.403,0,112.193,7499,16647,2.130,1.360,0.830,7,0,316.543,0,0,11,28,0,18,0
20-05 08:21:29,88.003,11.750,0.250,0,0.250,1715836,812052,169060,5237868,16974.553,5883.191,0,208.007,0,10.000,4898,2371,2.130,1.360,0.830,5,0,0,0,0,11,30,0,17,0
20-05 08:21:30,83.645,8.240,7.990,0,0,1785636,742040,169072,5238068,42516.546,36753.791,0,1302.363,0,49.937,6867,10478,2.520,1.450,0.860,5,0,0,0,0,11,34,0,17,0
20-05 08:21:31,69.506,13.251,16.251,0,0,1575336,952120,169080,5238280,35672.227,25134.273,0,244.022,0,29.003,8138,12668,2.520,1.450,0.860,3,0,248.022,0,0,11,28,0,22,0
20-05 08:21:32,44.659,8.233,46.156,0,0,1561748,965696,169084,5238288,11146.193,1616.692,0,375.232,0,10.978,3191,1710,2.520,1.450,0.860,3,0,49.898,0,0,11,28,0,22,0
20-05 08:21:33,29.004,3.751,65.009,0,0,1561900,965524,169084,5238304,19897.825,13408.904,0,152.022,0,13.002,3794,3675,2.520,1.450,0.860,1,0,0,0,0,11,30,0,22,0
20-05 08:21:34,36.335,19.045,43.602,0.251,0,1529368,998004,169092,5238348,15709.719,8181.122,0,360.843,0,37.087,6067,6122,2.520,1.450,0.860,4,0,225.527,0,0,11,28,0,24,0
20-05 08:21:35,61.761,17.753,19.753,0.250,0,1498488,1028872,169092,5238328,10663.819,1458.249,0,200.034,0,12.002,4266,2395,2.560,1.480,0.870,3,0,156.027,0,0,11,28,0,24,0
20-05 08:21:36,54.749,6.000,39.249,0,0,1590536,936680,169092,5238472,20948.432,13436.636,0,135.996,0,7.000,4139,2833,2.560,1.480,0.870,3,0,0,0,0,11,31,0,24,0
20-05 08:21:37,49.577,5.481,42.103,0,0,1580544,946580,169124,5238532,24124.655,17144.061,0,964.627,0,45.840,6693,7969,2.560,1.480,0.870,2,0,0,0,0,11,30,0,25,0
20-05 08:21:38,65.320,24.026,10.011,0,0,1474396,1052688,169136,5238560,8456.016,2618.792,0,3015.215,0,97.104,5884,4490,2.560,1.480,0.870,4,0,258.275,0,0,11,28,0,25,0
20-05 08:21:39,73.851,8.011,17.774,0,0,1611364,915704,169136,5238576,19781.997,12450.992,0,148.202,0,8.011,4535,2606,2.560,1.480,0.870,4,0,0,0,0,11,32,0,25,0
20-05 08:21:40,58.897,6.988,33.441,0.250,0,1612160,914696,169156,5238768,34613.202,26773.971,0,914.394,0,66.883,7366,10400,2.510,1.480,0.880,4,0,0,0,0,11,31,0,26,0
20-05 08:21:41,61.201,21.069,17.056,0,0,1521920,1004884,169168,5238808,14037.163,5982.675,0,325.069,0,27.089,5535,5331,2.510,1.480,0.880,3,0,325.069,0,0,11,28,0,26,0
20-05 08:21:42,56.560,6.229,36.129,0,0,1583532,943260,169172,5238816,15897.551,7894.458,0,143.517,0,6.977,3571,1743,2.510,1.480,0.880,2,0,0,0,0,11,31,0,26,0
20-05 08:21:43,52.035,5.754,40.777,0,0,1578528,948220,169184,5238848,23378.715,14557.786,0,464.312,0,24.016,5738,5872,2.510,1.480,0.880,2,0,0,0,0,11,31,0,26,0
20-05 08:21:44,56.114,18.287,24.049,0.251,0,1467096,1059460,169192,5239032,20479.532,11544.412,0,388.788,0,34.069,6895,7175,2.510,1.480,0.880,3,0,269.547,0,0,11,28,0,28,0
20-05 08:21:45,63.872,11.227,23.702,0.249,0,1538080,988476,169192,5239032,7794.379,1616.760,0,135.728,0,5.988,3939,1780,2.550,1.510,0.890,3,0,30.938,0,0,11,28,0,28,0
20-05 08:21:46,51.037,5.004,43.532,0,0,1572392,954012,169196,5239180,19610.336,15884.612,0,120.088,0,9.007,4888,4256,2.550,1.510,0.890,3,0,0,0,0,11,31,0,28,0
20-05 08:21:47,52.502,9.750,36.001,0.250,0,1539616,986668,169200,5239304,25232.732,15249.442,0,548.016,0,72.002,6819,7634,2.550,1.510,0.890,4,0,56.002,0,0,11,28,0,31,0
20-05 08:21:48,55.328,21.280,23.032,0,0,1539576,986700,169204,5239312,9619.574,1622.289,0,192.271,0,12.017,4549,2822,2.550,1.510,0.890,3,0,231.326,0,0,11,28,0,31,0
20-05 08:21:49,51.107,6.233,42.631,0,0,1597172,928912,169208,5239496,22002.378,13646.779,0,151.575,0,9.972,3901,3265,2.550,1.510,0.890,3,0,0,0,0,11,31,0,31,0
20-05 08:21:50,51.846,7.764,38.071,0.250,0,1570560,955328,169232,5239668,23289.171,15099.991,0,929.723,0,71.132,6565,7671,2.590,1.540,0.900,3,0,30.056,0,0,11,29,0,32,0
20-05 08:21:51,60.686,14.984,24.225,0,0,1527252,998600,169244,5239692,10148.368,1750.166,0,155.837,0,10.988,4430,2365,2.590,1.540,0.900,3,0,81.914,0,0,11,28,0,33,0
20-05 08:21:52,57.584,5.258,36.553,0,0,1588244,937592,169248,5239704,17759.789,11442.616,0,116.169,0,9.013,3881,2322,2.590,1.540,0.900,2,0,0,0,0,11,31,0,33,0
20-05 08:21:53,54.983,5.225,38.314,0.249,0,1583996,941780,169264,5239748,22654.869,16609.258,0,469.717,0,36.821,6585,7539,2.590,1.540,0.900,3,0,0,0,0,11,29,0,34,0
20-05 08:21:54,39.695,26.631,32.911,0,0,1434376,1091360,169272,5239780,11764.684,2278.170,0,401.971,0,34.168,5599,4229,2.590,1.540,0.900,5,0,265.301,0,0,11,28,0,35,0
20-05 08:21:55,77.474,21.743,0.250,0,0,1552448,973208,169276,5239824,13654.438,3975.672,0,191.936,0,17.994,5726,4568,2.860,1.610,0.930,7,0,375.874,0,0,11,29,0,35,0
20-05 08:21:56,83.110,16.271,0.501,0,0,1719200,806412,169280,5239864,15889.947,12624.643,0,456.602,0,26.034,6984,7069,2.860,1.610,0.930,5,0,374.494,0,0,11,31,0,35,0
20-05 08:21:57,71.503,20.251,8.250,0,0,1770156,755236,169284,5240080,41548.753,32685.379,0,388.016,0,16.001,7629,8438,2.860,1.610,0.930,5,0,567.024,0,0,11,31,1,36,0
20-05 08:21:58,77.503,16.001,6.250,0,0,1674668,850492,169308,5240288,22363.988,14137.624,0,536.024,0,49.002,6538,6232,2.860,1.610,0.930,5,0,244.011,0,0,11,29,0,36,0
20-05 08:21:59,80.904,9.738,8.740,0,0,1737884,787220,169320,5240332,29342.009,21182.739,0,243.709,0,21.974,6097,5234,2.860,1.610,0.930,3,0,29.964,0,0,11,31,1,36,0
20-05 08:22:00,63.302,11.009,24.520,0.250,0,1667144,857892,169320,5240400,34331.377,25917.422,0,188.156,0,13.011,7269,9164,2.870,1.630,0.940,2,0,151.125,0,0,11,31,0,38,0
20-05 08:22:01,46.349,11.712,41.365,0,0,1650272,874588,169324,5240572,20793.205,15743.669,0,980.802,0,10.964,6836,8018,2.870,1.630,0.940,1,0,164.464,0,0,11,30,0,39,0
20-05 08:22:02,29.765,15.508,52.026,0,0,1468932,1055904,169328,5240592,16004.845,6971.417,0,160.078,0,10.005,5452,4508,2.870,1.630,0.940,1,0,195.096,0,0,11,28,0,39,0
20-05 08:22:03,8.247,23.492,67.227,0,0,1451944,1072880,169328,5240604,9386.838,1619.454,0,163.945,0,8.997,4884,2989,2.870,1.630,0.940,2,0,253.914,0,0,11,28,0,39,0
20-05 08:22:04,32.816,37.075,28.808,0.251,0,1442388,1082396,169332,5240640,5520.183,1460.960,0,392.796,0,29.059,5652,3979,2.870,1.630,0.940,5,0,464.942,0,0,11,28,0,39,0
20-05 08:22:05,74.543,23.514,2.001,0,0,1529904,994860,169332,5240660,11033.352,3594.069,0,12.007,0,3.002,5257,3432,2.960,1.670,0.960,4,0,374.215,0,0,11,29,0,39,0
20-05 08:22:06,64.145,7.737,28.454,0,0,1619040,905676,169340,5240700,27203.620,18391.995,0,259.577,0,27.954,5306,5119,2.960,1.670,0.960,4,0,1.997,0,0,11,36,0,38,0
20-05 08:22:07,68.060,12.011,18.266,0,0,1580448,944076,169352,5240880,23899.079,14905.147,0,408.360,0,45.040,7042,8468,2.960,1.670,0.960,4,0,134.118,0,0,11,33,0,41,0
20-05 08:22:08,77.866,15.022,7.010,0,0,1542928,981532,169392,5240904,13298.812,6378.502,0,2407.587,0,144.215,5251,3739,2.960,1.670,0.960,4,0,134.200,0,0,11,33,0,42,0
20-05 08:22:09,67.819,6.435,25.247,0,0,1616424,908000,169392,5240940,37208.556,19687.407,0,2966.229,0,143.559,5598,5743,2.960,1.670,0.960,4,0,0,0,0,11,36,0,42,0
20-05 08:22:10,54.875,6.545,37.003,0,0,1616208,908000,169392,5241156,36440.930,26766.846,0,4.028,0,1.007,8291,11940,3.210,1.740,0.990,2,0,0,0,0,11,36,0,41,0
20-05 08:22:11,61.533,8.755,27.765,0,0,1608436,915552,169400,5241364,32089.271,22137.915,0,228.123,0,20.011,9045,11418,3.210,1.740,0.990,2,0,30.016,0,0,11,35,0,41,0
20-05 08:22:12,75.971,13.245,10.496,0,0,1505264,1018680,169408,5241400,17260.375,9517.347,0,379.854,0,44.983,6088,5776,3.210,1.740,0.990,3,0,89.965,0,0,11,33,0,41,0
20-05 08:22:13,77.797,8.255,13.008,0,0,1598720,925200,169408,5241424,18513.087,12084.237,0,140.084,0,10.006,5269,4071,3.210,1.740,0.990,3,0,0,0,0,11,35,0,41,0
20-05 08:22:14,66.830,7.259,26.282,0,0,1611596,912124,169412,5241616,33728.445,24257.088,0,108.130,0,6.007,6911,9356,3.210,1.740,0.990,2,0,0,0,0,11,36,0,40,0
20-05 08:22:15,52.675,7.989,37.197,0,0,1571956,951688,169412,5241688,30707.007,22818.309,0,0,0,0,8575,11230,3.190,1.770,1,3,0,43.937,0,0,11,35,0,41,0
20-05 08:22:16,69.536,10.505,18.760,0,0,1524616,998808,169412,5241888,26622.819,20973.887,0,4.002,0,1.001,7461,9097,3.190,1.770,1,4,0,47.024,0,0,11,33,0,43,0
20-05 08:22:17,74.169,17.540,8.269,0,0,1583048,940344,169416,5241912,11045.104,6674.169,0,108.246,0,9.021,5234,3913,3.190,1.770,1,4,0,176.401,0,0,11,33,0,44,0
20-05 08:22:18,65.094,6.957,27.081,0.248,0,1641172,882184,169420,5241948,29124.486,20321.350,0,266.340,0,35.777,5870,5982,3.190,1.770,1,3,0,0,0,0,11,36,0,38,0
20-05 08:22:19,63.292,5.525,30.139,0,0,1640952,882184,169420,5242164,35801.894,26080.118,0,112.518,0,8.037,7639,11586,3.190,1.770,1,4,0,0,0,0,11,34,0,40,0
20-05 08:22:20,78.878,15.525,4.758,0,0,1525456,997640,169428,5242196,14958.350,6936.291,0,312.509,0,33.054,6059,5711,3.260,1.800,1.020,4,0,128.209,0,0,11,32,0,40,0
20-05 08:22:21,70.519,7.725,21.430,0,0,1627792,895156,169436,5242336,22104.720,15358.778,0,115.622,0,7.974,4867,2975,3.260,1.800,1.020,3,0,0,0,0,11,36,0,40,0
20-05 08:22:22,64.835,12.266,21.528,0.250,0,1581132,941748,169452,5242384,26082.306,16780.071,0,380.500,0,38.050,6114,8009,3.260,1.800,1.020,2,0,92.121,0,0,11,34,0,40,0
20-05 08:22:23,76.482,9.748,13.747,0,0,1654340,868464,169456,5242452,25798.054,18242.796,0,159.963,0,9.998,6357,8501,3.260,1.800,1.020,2,0,27.994,0,0,11,34,0,40,0
20-05 08:22:24,67.745,13.698,17.434,0,0,1619092,903532,169460,5242624,24595.439,18117.816,0,151.430,0,8.966,5987,6538,3.260,1.800,1.020,4,0,140.471,0,0,11,34,0,42,0
20-05 08:22:25,72.218,11.284,15.547,0,0,1561480,961100,169460,5242668,20054.646,15256.135,0,124.376,0,8.024,5739,5355,3.240,1.820,1.030,3,0,87.264,0,0,11,34,0,44,0
20-05 08:22:26,77.818,9.258,12.761,0,0,1622944,899592,169468,5242700,24822.749,15074.207,0,1084.951,0,9.008,5722,5591,3.240,1.820,1.030,3,0,0,0,0,11,33,0,46,0
20-05 08:22:27,74.080,11.763,13.765,0,0,1598196,924296,169472,5242736,20649.282,13079.113,0,140.151,0,7.008,5355,5461,3.240,1.820,1.030,5,0,68.073,0,0,11,34,0,46,0
20-05 08:22:28,62.563,11.466,25.175,0.249,0,1594112,928252,169480,5244920,27498.715,19385.991,0,554.341,0,40.878,5785,7994,3.240,1.820,1.030,4,0,99.702,0,0,11,34,0,48,0
20-05 08:22:29,53.339,16.527,29.299,0.250,0,1487496,1034848,169484,5242868,12886.388,5094.456,0,284.472,0,30.050,5844,14302,3.240,1.820,1.030,3,0,173.288,0,0,11,32,0,51,0
20-05 08:22:30,60.616,9.769,29.306,0,0,1579780,942552,169488,5242876,15290.210,6886.155,0,160.306,0,10.019,3946,2176,3.220,1.840,1.040,2,0,21.040,0,0,11,34,0,51,0
20-05 08:22:31,48.804,5.478,44.820,0,0,1609116,912884,169492,5243200,25972.451,16502.571,0,171.310,0,12.948,5132,5559,3.220,1.840,1.040,4,0,0,0,0,11,34,0,49,0
20-05 08:22:32,53.382,13.283,31.829,0,0,1510436,1011532,169496,5243232,15683.711,10893.889,0,160.396,0,8.020,6590,6693,3.220,1.840,1.040,5,0,115.285,0,0,11,33,0,50,0
20-05 08:22:33,55.899,13.476,30.195,0.250,0,1528868,993080,169496,5243252,16747.698,8327.932,0,119.783,0,6.987,4548,3103,3.220,1.840,1.040,3,0,66.879,0,0,11,33,0,51,0
20-05 08:22:34,57.988,6.999,33.743,0.250,0,1573276,948476,169500,5243444,15799.806,9363.107,0,3735.245,0,150.969,4759,4067,3.220,1.840,1.040,3,0,0,0,0,11,34,0,51,0
20-05 08:22:35,42.752,10.750,45.002,0,0,1560836,960876,169500,5243480,22091.961,15074.656,0,128.006,0,10.000,6305,6848,3.040,1.830,1.040,2,0,87.004,0,0,11,34,0,46,0
20-05 08:22:36,36.035,9.259,52.551,0,0,1533764,987892,169524,5243504,15245.873,7690.502,0,420.410,0,36.035,5097,4737,3.040,1.830,1.040,2,0,67.065,0,0,11,32,0,48,0
20-05 08:22:37,38.347,10.777,50.377,0.251,0,1536928,984728,169524,5243504,10693.959,3091.794,0,425.072,0,9.023,3478,1981,3.040,1.830,1.040,1,0,68.172,0,0,11,33,0,48,0
20-05 08:22:38,35.614,4.234,59.274,0,0,1530388,991112,169532,5243652,19265.456,9153.059,0,354.646,0,17.932,3683,3289,3.040,1.830,1.040,2,0,0,0,0,11,34,0,48,0
20-05 08:22:39,37.577,7.766,53.108,0.251,0,1493256,1028180,169536,5243708,15663.978,8011.355,0,212.434,0,13.027,4492,4146,3.040,1.830,1.040,2,0,34.070,0,0,11,33,0,48,0
20-05 08:22:40,40.666,9.979,48.151,0,0,1465724,1055696,169536,5243724,9554.349,3826.131,0,179.631,0,13.971,4455,3420,2.950,1.830,1.040,4,0,75.844,0,0,11,32,0,49,0
20-05 08:22:41,33.734,6.997,57.223,0,0,1489200,1032212,169536,5243732,15367.762,7253.584,0,187.912,0,10.995,3175,2191,2.950,1.830,1.040,4,0,27.987,0,0,11,33,0,49,0
20-05 08:22:42,36.802,9.513,52.574,0.250,0,1504264,1017128,169544,5243744,17271.411,7178.145,0,200.283,0,19.027,4213,3291,2.950,1.830,1.040,4,0,60.085,0,0,11,33,0,50,0
20-05 08:22:43,43.903,4.490,50.389,0,0,1509244,1012136,169548,5243752,9473.057,4858.259,0,119.735,0,8.980,3595,2803,2.950,1.830,1.040,3,0,0,0,0,11,33,0,47,0
20-05 08:22:44,37.289,5.506,57.560,0,0,1476404,1044956,169548,5243768,18308.014,9699.073,0,228.237,0,19.020,3440,3327,2.950,1.830,1.040,2,0,5.005,0,0,11,33,0,48,0
20-05 08:22:45,41.802,4.756,51.815,0.250,0,1490352,1030856,169548,5243920,14618.217,7621.498,0,112.140,0,7.009,4229,3949,3.040,1.870,1.060,2,0,1.001,0,0,11,32,0,49,0
20-05 08:22:46,38.070,7.514,54.100,0,0,1465304,1055896,169552,5243924,14805.254,6516.997,0,120.221,0,9.017,3379,2137,3.040,1.870,1.060,2,0,43.079,0,0,11,33,0,49,0
20-05 08:22:47,35.333,4.479,58.722,0,0,1499160,1022008,169560,5243948,20810.410,11987.210,0,211.000,0,19.906,4409,4344,3.040,1.870,1.060,2,0,0,0,0,11,34,0,46,0
20-05 08:22:48,42.073,5.259,51.840,0.250,0,1461356,1059792,169560,5243968,11250.472,6235.793,0,184.319,0,13.023,4158,3731,3.040,1.870,1.060,2,0,5.009,0,0,11,33,0,47,0
20-05 08:22:49,32.960,10.737,54.683,0,0,1470464,1050616,169568,5244024,14467.354,6401.192,0,423.483,0,56.931,4462,3727,3.040,1.870,1.060,4,0,85.895,0,0,11,33,0,48,0
20-05 08:22:50,25.559,18.794,53.124,0,0,1467776,1053232,169572,5244092,14973.858,7638.782,0,168.392,0,10.023,5046,3901,2.960,1.870,1.060,1,0,191.446,0,0,11,33,0,48,0
20-05 08:22:51,19.247,3.500,75.990,0,0,1386592,1134388,169584,5244108,11999.427,4039.470,0,247.967,0,19.997,2725,2723,2.960,1.870,1.060,1,0,4.999,0,0,11,32,0,45,0
20-05 08:22:52,22.751,2.500,73.753,0.250,0,1437648,1083328,169588,5244108,5755.202,1458.051,0,148.005,0,10.000,1732,1159,2.960,1.870,1.060,1,0,0,0,0,11,32,0,45,0
20-05 08:22:53,19.001,2.250,78.255,0,0,1437188,1083776,169588,5244120,16740.010,8522.514,0,108.007,0,7.000,2543,2472,2.960,1.870,1.060,0,0,0,0,0,11,33,0,45,0
20-05 08:22:54,18.242,3.748,76.216,0,0,1409840,1110972,169592,5244268,24745.937,5477.551,0,243.891,0,20.991,3128,3204,2.960,1.870,1.060,1,0,21.990,0,0,11,32,0,46,0
20-05 08:22:55,7.998,22.246,67.237,0.250,0,1403792,1117008,169592,5244276,10075.075,1619.691,0,2259.568,0,153.971,4929,2960,2.880,1.870,1.070,1,0,259.950,0,0,11,32,0,44,0
20-05 08:22:56,21.518,4.504,72.812,0.250,0,1438772,1082060,169592,5244272,8242.057,1621.388,0,152.130,0,7.006,1917,1368,2.880,1.870,1.070,2,0,4.003,0,0,11,32,0,44,0
20-05 08:22:57,19.006,2.501,78.774,0.250,0,1462412,1058404,169600,5244280,16201.934,6707.042,0,364.111,0,28.009,2233,2008,2.880,1.870,1.070,1,0,0,0,0,11,33,0,44,0
20-05 08:22:58,20.243,2.999,75.475,0,0,1454868,1065912,169612,5244300,16969.292,7311.540,0,467.843,0,31.989,3345,3762,2.880,1.870,1.070,1,0,0,0,0,11,32,0,45,0
20-05 08:22:59,19.251,7.250,72.503,0,0,1446996,1073784,169612,5244300,11804.438,1620.060,0,72.003,0,3.000,2364,1554,2.880,1.870,1.070,1,0,46.002,0,0,11,32,0,44,0
20-05 08:23:00,17.745,2.499,78.479,0,0,1476548,1044228,169612,5244304,12655.581,6565.227,0,103.972,0,3.999,1900,1607,2.810,1.870,1.070,2,0,0,0,0,11,33,0,44,0
20-05 08:23:01,19.987,2.748,76.699,0,0,1465568,1055192,169612,5244320,14558.379,6095.972,0,0,0,0,3207,3271,2.810,1.870,1.070,1,0,0,0,0,11,33,0,44,0
20-05 08:23:02,18.759,2.501,76.539,0,0,1455956,1064788,169612,5244336,12845.475,4768.404,0,112.056,0,14.007,3475,3858,2.810,1.870,1.070,1,0,0,0,0,11,32,0,44,0
20-05 08:23:03,12.976,17.717,68.374,0,0,1394144,1126492,169612,5244456,7518.172,1617.026,0,3.993,0,0.998,4212,2555,2.810,1.870,1.070,2,0,195.640,0,0,11,32,0,39,0
20-05 08:23:04,8.515,22.290,67.622,0,0,1366012,1154588,169612,5244488,5235.478,1622.938,0,4.007,0,1.002,4765,3010,2.810,1.870,1.070,1,0,243.441,0,0,11,32,0,39,0
20-05 08:23:05,30.024,20.016,48.039,0.250,0.250,1389400,1131136,169616,5244548,10268.336,1621.316,0,508.413,0,33.027,4619,3105,2.820,1.890,1.080,2,0,188.153,0,0,11,32,0,41,0
20-05 08:23:06,44.257,5.501,48.508,1.000,0,1493000,1027116,169624,5244880,8695.360,1620.253,36.006,436.068,1.000,15.002,2870,1579,2.820,1.890,1.080,2,0,0,0,0,11,32,0,41,0
20-05 08:23:07,39.694,7.240,44.437,6.741,0,1521120,994696,169976,5248376,10464.253,1617.720,435.386,9486.630,16.976,876.764,7467,10716,2.820,1.890,1.080,2,1,40.942,0,0,11,36,0,38,0
20-05 08:23:08,37.775,7.005,40.276,12.258,0,1449036,1063492,170408,5251080,7371.807,1621.057,0,26705.415,0,2253.470,10523,19224,2.820,1.890,1.080,2,0,55.036,0,0,11,36,0,38,0
20-05 08:23:09,39.692,6.698,37.956,12.900,0,1495468,1014988,170832,5252656,10762.540,1607.534,0,24752.056,0,2236.655,9584,18102,2.820,1.890,1.080,4,1,44.654,0,0,11,36,0,38,0
20-05 08:23:10,37.562,9.832,39.831,11.092,0,1543776,965528,171100,5253516,9606.885,1470.226,0,30751.713,0,2421.133,9778,18337,2.760,1.900,1.090,2,0,26.218,0,0,11,36,0,38,0
20-05 08:23:11,41.179,7.737,42.427,6.988,0,1411784,1097788,171272,5253060,6517.722,1617.202,0,16219.933,0,1460.473,7844,12125,2.760,1.900,1.090,2,0,11.979,0,0,11,32,0,38,0
20-05 08:23:12,44.409,6.237,48.151,0,0,1494192,1015368,171284,5253060,10325.751,1616.673,0,918.111,0,55.885,2990,1568,2.760,1.900,1.090,3,0,1.996,0,0,11,32,0,37,0
20-05 08:23:13,43.387,6.771,45.143,4.514,0,1518260,991000,171456,5253184,7875.872,1625.132,0,4309.610,0,675.132,6735,9158,2.760,1.900,1.090,2,1,2.006,0,0,11,34,0,37,0
20-05 08:23:14,38.030,9.007,40.532,9.257,0,1565772,942788,171896,5253432,6499.206,1621.299,0,14603.697,0,1653.324,11088,17746,2.760,1.900,1.090,3,0,2.002,0,0,11,34,0,37,0
20-05 08:23:15,37.549,10.514,41.805,7.760,0,1560828,947356,172112,5253592,11506.033,1622.119,0,16493.549,0,1704.227,8553,13654,2.700,1.900,1.100,2,0,49.064,0,0,11,32,0,37,0
20-05 08:23:16,23.695,8.231,66.845,0,0,1472488,1035684,172124,5253592,8077.240,1616.246,0,562.693,0,41.903,2766,2106,2.700,1.900,1.100,2,0,53.875,0,0,11,32,0,36,0
20-05 08:23:17,22.762,3.752,72.540,0.250,0,1529388,978768,172124,5253596,11148.073,1620.883,0,152.083,0,12.007,1953,1325,2.700,1.900,1.100,1,0,5.003,0,0,11,32,0,36,0
20-05 08:23:18,22.507,3.501,71.774,0.750,0,1497844,1010268,172160,5253608,10164.343,1620.533,0,3477.143,0,219.072,2233,2083,2.700,1.900,1.100,2,0,1.000,0,0,11,32,0,36,0
20-05 08:23:19,22.505,3.501,73.516,0,0,1506000,1002108,172160,5253612,5711.237,1458.316,0,504.109,0,72.016,1780,1174,2.700,1.900,1.100,2,0,2.000,0,0,11,32,0,36,0
20-05 08:23:20,23.989,1.999,73.466,0,0,1491200,1016832,172160,5253688,10974.902,1619.248,0,7.996,0,1.000,1824,1191,2.560,1.880,1.090,1,0,1.000,0,0,11,32,0,31,0
20-05 08:23:21,23.247,2.750,73.739,0,0,1484860,1023168,172160,5253688,10687.429,1619.762,0,0,0,0,1873,1230,2.560,1.880,1.090,1,0,0,0,0,11,32,0,31,0
20-05 08:23:22,23.237,2.249,73.460,0,0,1506548,1001388,172160,5253776,9126.999,1619.113,0,7.996,0,1.999,1814,1204,2.560,1.880,1.090,1,0,1.999,0,0,11,32,0,31,0
20-05 08:23:23,22.261,4.252,73.034,0,0,1444972,1062940,172168,5253788,12540.922,1620.765,0,224.106,0,2.001,1928,1372,2.560,1.880,1.090,1,0,1.000,0,0,11,32,0,31,0
20-05 08:23:24,22.496,3.249,72.737,0.250,0,1439764,1068120,172180,5253808,11499.909,1619.705,0,399.927,0,30.994,2153,1840,2.560,1.880,1.090,3,0,1.000,0,0,11,32,0,27,0
20-05 08:23:25,22.501,3.500,73.503,0,0,1469436,1038420,172184,5253828,7509.285,1620.062,0,32.001,0,4.000,1814,1174,2.430,1.870,1.090,1,0,3.000,0,0,11,32,0,27,0
20-05 08:23:26,23.060,3.509,73.693,0.251,0,1438280,1069568,172184,5253836,6664.429,1666.358,0,252.661,0,54.142,1827,1278,2.430,1.870,1.090,1,0,1.003,0,0,11,32,0,27,0
20-05 08:23:27,22.734,2.498,73.949,0,0,1453568,1054256,172184,5253860,5950.900,1618.885,0,0,0,0,1721,1160,2.430,1.870,1.090,1,0,0.999,0,0,11,32,0,27,0
20-05 08:23:28,22.500,3.000,74.001,0,0,1454280,1053540,172184,5253860,9912.166,1552.026,0,4.000,0,1.000,1793,1275,2.430,1.870,1.090,1,0,0,0,0,11,32,0,22,0
20-05 08:23:29,30.209,7.490,61.416,0,0,1436176,1071616,172184,5253872,10317.915,1617.792,0,0,0,0,3051,13159,2.430,1.870,1.090,1,0,54.925,0,0,11,32,0,23,0
20-05 08:23:30,8.988,20.472,69.404,0,0,1433432,1074176,172188,5254012,9496.931,1617.774,0,371.489,0,4.993,4818,3130,2.320,1.850,1.090,1,0,240.669,0,0,11,32,0,23,0
20-05 08:23:31,8.754,22.511,67.033,0,0.500,1433364,1074232,172188,5254024,8768.370,1620.808,0,528.263,0,6.003,5068,3421,2.320,1.850,1.090,2,0,290.145,0,0,11,32,0,23,0
20-05 08:23:32,8.756,19.513,69.795,0,0,1399624,1107944,172188,5254052,9567.206,1621.052,0,584.379,0,69.045,4652,2970,2.320,1.850,1.090,3,0,200.130,0,0,11,32,0,18,0
20-05 08:23:33,8.996,21.241,68.223,0,0,1387656,1119896,172188,5254068,9392.219,1619.348,0,175.929,0,1.999,4797,3013,2.320,1.850,1.090,1,0,231.907,0,0,11,32,0,18,0
20-05 08:23:34,8.753,20.508,68.775,0.250,0,1359252,1148276,172188,5254088,6308.316,1620.595,0,492.181,0,37.014,4942,3493,2.320,1.850,1.090,1,0,220.081,0,0,11,32,0,18,0
20-05 08:23:35,12.271,16.278,69.622,0,0,1367388,1140104,172188,5254104,6234.895,1622.836,0,260.455,0,3.005,3975,2545,2.210,1.840,1.090,2,0,170.298,0,0,11,32,0,18,0
20-05 08:23:36,22.212,3.494,73.376,0,0,1420088,1087420,172188,5254088,9715.557,1617.263,0,0,0,0,1793,1281,2.210,1.840,1.090,1,0,0,0,0,11,32,0,14,0
20-05 08:23:37,22.752,2.750,73.756,0,0.250,1467648,1039844,172188,5254104,7781.635,1458.119,0,392.032,0,75.006,1765,1105,2.210,1.840,1.090,2,0,2.000,0,0,11,32,0,14,0
20-05 08:23:38,22.008,3.501,73.776,0,0,1449572,1057940,172188,5254084,22664.917,1620.566,0,0,0,0,1780,1199,2.210,1.840,1.090,2,0,1.000,0,0,11,32,0,14,0
20-05 08:23:39,22.230,3.497,73.432,0,0,1491180,1016332,172188,5254084,12024.922,1618.509,0,0,0,0,1783,1154,2.210,1.840,1.090,1,0,1.998,0,0,11,32,0,14,0
20-05 08:23:40,23.267,2.752,73.304,0,0,1466208,1041292,172192,5254092,11078.153,1621.193,0,2173.600,0,14.010,1830,1187,2.120,1.820,1.090,1,0,1.001,0,0,11,32,0,11,0
20-05 08:23:41,22.740,2.749,73.468,0,0,1459904,1047596,172192,5254092,7124.907,1619.297,0,0,0,0,1704,1145,2.120,1.820,1.090,1,0,0,0,0,11,32,0,11,0
20-05 08:23:42,22.497,3.250,73.989,0,0,1451528,1055832,172192,5254232,8363.729,1619.754,0,11.998,0,1.000,1793,1133,2.120,1.820,1.090,2,0,3.000,0,0,11,32,0,11,0
20-05 08:23:43,21.754,4.001,73.513,0,0,1491136,1016244,172192,5254212,9875.765,1620.290,0,140.025,0,29.005,1837,1341,2.120,1.820,1.090,1,0,0,0,0,11,32,0,11,0
20-05 08:23:44,22.252,3.500,72.756,0.250,0,1519428,987932,172204,5254220,9417.804,1620.138,0,628.054,0,43.004,1936,1551,2.120,1.820,1.090,1,0,2.000,0,0,11,32,0,9,0
20-05 08:23:45,22.998,3.500,72.994,0,0,1471892,1035456,172204,5254232,6914.414,1619.863,0,0,0,0,1821,1262,2.030,1.810,1.090,1,0,2.000,0,0,11,32,0,9,0
20-05 08:23:46,21.996,3.499,73.735,0,0,1516380,990968,172204,5254232,9292.103,1457.702,0,7.998,0,2.000,1851,1284,2.030,1.810,1.090,1,0,2.000,0,0,11,32,0,9,0
20-05 08:23:47,23.269,3.002,73.560,0,0,1490564,1016800,172204,5254216,9245.513,1621.317,0,12.010,0,1.001,1763,1184,2.030,1.810,1.090,1,0,1.001,0,0,11,32,0,9,0
20-05 08:23:48,21.738,3.498,73.460,0,0,1501132,1006228,172208,5254216,9181.946,1619.109,0,199.890,0,32.982,1845,1313,2.030,1.810,1.090,1,0,1.999,0,0,11,32,0,7,0
20-05 08:23:49,22.747,3.500,72.992,0.250,0,1531384,975908,172212,5254280,9598.899,1619.814,0,55.994,0,4.999,1802,1093,2.030,1.810,1.090,1,0,2.000,0,0,11,32,0,7,0
20-05 08:23:50,22.243,3.249,73.728,0,0,1484644,1022736,172212,5254192,5483.363,1619.516,0,0,0,0,1767,1247,1.940,1.800,1.090,2,0,1.000,0,0,11,32,0,7,0
20-05 08:23:51,23.004,3.001,73.264,0,0,1509608,997768,172212,5254196,9849.838,1620.302,0,0,0,0,1790,1190,1.940,1.800,1.090,1,0,2.000,0,0,11,32,0,7,0
20-05 08:23:52,23.462,2.246,73.632,0,0,1477572,1029716,172212,5254284,9659.498,1617.404,0,91.853,0,1.997,1735,1136,1.940,1.800,1.090,1,0,0.998,0,0,11,32,0,7,0
20-05 08:23:53,22.550,2.756,73.663,0,0,1483724,1023564,172212,5254284,6170.675,1623.598,0,136.302,0,26.058,1784,1306,1.940,1.800,1.090,1,0,1.002,0,0,11,32,0,5,0
20-05 08:23:54,22.485,4.247,72.951,0.250,0,1470044,1037252,172216,5254272,11010.663,1618.921,0,519.654,0,36.975,2036,1755,1.940,1.800,1.090,1,0,0,0,0,11,32,0,5,0
20-05 08:23:55,22.749,3.000,73.497,0,0,1497348,1009924,172216,5254292,9853.590,1457.939,0,475.980,0,66.997,1823,1181,1.870,1.780,1.090,2,0,3.000,0,0,11,32,0,5,0
20-05 08:23:56,22.254,3.251,73.515,0,0,1449472,1057824,172216,5254268,9406.879,1620.324,0,0,0,0,1810,1265,1.870,1.780,1.090,1,0,1.000,0,0,11,32,0,5,0
20-05 08:23:57,23.508,2.751,73.525,0,0,1426236,1081048,172216,5254280,9493.219,1662.564,0,24.008,0,1.000,1768,1108,1.870,1.780,1.090,1,0,1.000,0,0,11,32,0,4,0
20-05 08:23:58,22.503,2.750,73.759,0,0,1468184,1039100,172216,5254280,5459.691,1620.205,0,4.001,0,1.000,1723,1243,1.870,1.780,1.090,1,0,0,0,0,11,32,0,4,0
20-05 08:23:59,20.974,4.994,72.659,0,0,1443044,1064200,172216,5254320,9927.506,1617.964,0,143.819,0,28.964,2176,1413,1.870,1.780,1.090,1,0,40.948,0,0,11,32,0,4,0
20-05 08:24:00,9.260,21.524,67.575,0,0,1414604,1092628,172216,5254332,7141.956,1621.807,0,276.308,0,10.011,4854,3074,1.880,1.790,1.090,2,0,253.282,0,0,11,32,0,4,0
20-05 08:24:01,12.234,17.227,69.657,0,0,1406956,1100264,172216,5254344,9606.169,1617.839,0,75.899,0,3.995,3961,2573,1.880,1.790,1.090,1,0,167.776,0,0,11,32,0,3,0
20-05 08:24:02,22.277,3.004,73.340,0,0,1452540,1054668,172216,5254356,7474.177,1621.992,0,0,0,0,1737,1220,1.880,1.790,1.090,1,0,0,0,0,11,32,0,3,0
20-05 08:24:03,25.002,1.250,74.006,0,0,1466748,1040220,172216,5254596,10614.896,1620.137,0,0,0,0,1664,966,1.880,1.790,1.090,1,0,0,0,0,11,32,0,3,0
20-05 08:24:04,21.502,4.500,72.507,0.250,0,1457676,1049284,172220,5254596,9671.989,1458.149,0,704.072,0,65.007,2217,1972,1.880,1.790,1.090,3,0,9.001,0,0,11,32,0,3,0
20-05 08:24:05,23.245,2.000,73.735,0,0,1491144,1015816,172220,5254596,11524.683,1619.674,0,55.989,0,3.999,1862,1279,1.810,1.770,1.090,2,0,1.000,0,0,11,32,0,3,0
20-05 08:24:06,11.253,22.506,64.767,0.250,0,1454536,1052272,172220,5254732,5831.516,1620.421,40.010,56.015,2.001,2.001,4883,3220,1.810,1.770,1.090,1,0,269.070,0,0,11,32,0,3,0
20-05 08:24:07,8.498,20.745,68.982,0,0,1425732,1081056,172220,5254748,11074.173,1619.587,0,87.978,0,3.999,4779,2989,1.810,1.770,1.090,2,0,223.943,0,0,11,32,0,3,0
20-05 08:24:08,9.250,21.251,67.252,0,0,1424772,1081996,172220,5254764,9327.253,1620.044,0,56.002,0,2.000,4818,2957,1.810,1.770,1.090,1,0,232.006,0,0,11,32,0,3,0
20-05 08:24:09,8.998,22.245,67.235,0,0,1411880,1094868,172220,5254780,10554.687,1619.645,0,299.934,0,4.999,4755,2971,1.810,1.770,1.090,1,0,229.950,0,0,11,32,0,1,0
20-05 08:24:10,8.753,22.259,67.527,0,0,1398912,1107824,172220,5254792,7619.996,1620.637,0,136.053,0,28.011,4771,3008,1.820,1.780,1.100,2,0,247.097,0,0,11,32,0,1,0
20-05 08:24:11,8.734,21.961,67.131,0,0,1391912,1114796,172220,5254812,11457.610,1617.122,0,263.531,0,2.995,4807,2997,1.820,1.780,1.100,3,0,236.579,0,0,11,32,0,1,0
20-05 08:24:12,8.014,21.288,68.370,0,0,1388396,1118296,172220,5254824,7288.841,1622.859,0,440.777,0,5.009,4709,2959,1.820,1.780,1.100,2,0,231.408,0,0,11,32,0,1,0
20-05 08:24:13,9.215,21.668,67.742,0,0,1387180,1119496,172220,5254840,6858.921,1452.477,0,621.636,0,7.970,4789,2970,1.820,1.780,1.100,2,0,235.106,0,0,11,32,0,1,0
20-05 08:24:14,9.782,21.320,67.472,0,0,1376888,1129780,172220,5254848,9720.971,1625.346,0,626.059,0,8.026,4799,2949,1.820,1.780,1.100,3,0,233.769,0,0,11,32,0,1,0
20-05 08:24:15,8.751,22.253,67.009,0,0,1373800,1132856,172220,5254860,8076.028,1620.206,0,608.077,0,9.001,4822,3141,1.840,1.780,1.100,4,0,235.030,0,0,11,32,0,1,0
20-05 08:24:16,10.003,21.007,67.273,0.250,0,1359244,1147388,172232,5254872,6675.233,1620.542,0,2196.735,0,106.035,4809,3237,1.840,1.780,1.100,1,0,230.077,0,0,11,32,0,1,0
20-05 08:24:17,8.499,22.247,67.992,0,0,1350916,1155688,172232,5254888,10272.770,1661.801,0,55.993,0,2.000,4720,2963,1.840,1.780,1.100,1,0,222.973,0,0,11,32,0,1,0
20-05 08:24:18,8.714,20.665,68.719,0,0,1338208,1168380,172232,5254904,7873.774,1613.397,0,111.543,0,3.984,4727,2954,1.840,1.780,1.100,2,0,227.071,0,0,11,32,0,1,0
20-05 08:24:19,8.791,20.093,69.573,0,0,1336396,1170176,172232,5254920,11902.174,1627.545,0,116.540,0,5.023,4730,2984,1.840,1.780,1.100,1,0,223.034,0,0,11,32,0,1,0
20-05 08:24:20,8.996,21.240,68.467,0,0,1334332,1172224,172232,5254936,8456.940,1619.223,0,211.898,0,4.998,4675,2964,1.770,1.770,1.100,1,0,219.894,0,0,11,32,0,1,0
20-05 08:24:21,9.235,21.715,67.142,0.250,0,1334248,1172292,172232,5254952,5821.623,1617.395,0,103.833,0,7.987,4913,3078,1.770,1.770,1.100,1,0,247.601,0,0,11,32,0,1,0
20-05 08:24:22,9.004,21.261,68.034,0,0,1335728,1170800,172232,5254964,8896.439,1458.728,0,32.016,0,8.004,4883,3037,1.770,1.770,1.100,1,0,241.120,0,0,11,32,0,1,0
20-05 08:24:23,9.980,18.962,69.112,0,0,1295192,1211316,172232,5254984,22228.668,1616.776,0,107.785,0,4.990,4509,2894,1.770,1.770,1.100,0,0,178.644,0,0,11,32,0,1,0
20-05 08:24:24,15.551,25.333,57.688,0,0,1316820,1189676,172232,5255000,5950.421,1625.305,0,260.851,0,15.049,5153,3570,1.770,1.770,1.100,4,0,315.028,0,0,11,32,0,3,0
20-05 08:24:25,29.190,27.194,42.413,0,0,1366096,1140376,172236,5255020,9683.178,1616.691,0,459.060,0,27.943,5558,3587,1.790,1.770,1.110,4,0,262.463,0,0,11,32,0,3,0
20-05 08:24:26,54.611,25.051,19.540,0.251,0,1471428,1034832,172244,5255152,7934.122,1665.384,0,621.262,0,45.092,5506,4021,1.790,1.770,1.110,3,0,332.676,0,0,11,32,0,7,0
20-05 08:24:27,65.846,8.480,23.944,0.499,0,1633816,869008,172292,5257824,11581.871,1616.214,15.963,1496.495,0.998,41.902,4168,2274,1.790,1.770,1.110,4,0,2.993,0,0,11,34,0,7,0
20-05 08:24:28,40.081,10.020,35.071,12.525,0,1647808,846328,172824,5265488,9253.798,1717.489,428.871,34021.109,9.018,2524.127,12526,21698,1.790,1.770,1.110,1,1,74.151,0,0,11,38,0,8,0
20-05 08:24:29,37.969,12.740,33.972,11.491,0,1654640,835040,173020,5269624,5564.495,1618.690,0,38269.018,0,2724.794,13850,32505,1.790,1.770,1.110,4,1,80.934,0,0,11,38,0,8,0
20-05 08:24:30,36.759,16.254,30.507,13.503,0,1647428,837644,173184,5273856,9343.253,1620.391,0,36356.769,0,2584.623,12263,21050,1.890,1.790,1.120,3,1,90.022,0,0,11,36,0,8,0
20-05 08:24:31,43.317,10.516,27.793,14.022,0,1688192,791924,173328,5278528,8360.932,2926.526,0,51587.789,0,3713.744,13105,24598,1.890,1.790,1.120,0,3,45.070,0,0,11,37,0,8,0
20-05 08:24:32,38.721,9.743,34.474,14.489,0,1687520,787040,173552,5283720,14329.172,5825.598,0,41696.492,0,3044.699,13786,24962,1.890,1.790,1.120,3,1,26.980,0,0,11,37,0,8,0
20-05 08:24:33,39.034,9.008,35.531,12.261,0,1657660,811524,173820,5288604,11775.357,5302.664,0,40795.882,0,2854.511,13163,23493,1.890,1.790,1.120,3,1,46.040,0,0,11,36,0,9,0
20-05 08:24:34,42.538,13.262,28.275,13.012,0,1660364,805044,174108,5291948,10210.171,1621.456,0,33109.738,0,2363.122,12093,20368,1.890,1.790,1.120,5,1,60.054,0,0,11,36,0,9,0
20-05 08:24:35,41.421,17.467,26.450,11.977,0,1593440,868432,174232,5295224,14725.966,6716.214,0,38307.075,0,2631.990,13109,21863,2.220,1.860,1.140,3,1,146.721,0,0,11,35,0,9,0
20-05 08:24:36,39.508,21.504,27.005,9.252,0,1587576,869416,174332,5300216,10376.007,6862.327,372.072,25432.919,6.001,1782.345,13210,21541,2.220,1.860,1.140,3,0,189.037,0,0,11,35,0,9,0
20-05 08:24:37,41.921,17.217,28.197,9.981,0,1582552,872016,174432,5301996,14306.938,8909.148,255.517,36087.738,1.996,2504.263,14504,26110,2.220,1.860,1.140,5,0,120.772,0,0,11,35,0,9,0
20-05 08:24:38,43.660,21.328,24.339,8.782,0,1540048,913376,174480,5303004,11843.360,3795.897,1393.100,20263.185,25.092,1593.835,11190,17822,2.220,1.860,1.140,5,2,198.728,0,0,11,36,0,9,0
20-05 08:24:39,36.391,9.721,37.637,12.961,0,1587612,864536,174620,5304108,7956.143,1615.157,0,28574.316,0,2262.216,10442,18807,2.220,1.860,1.140,4,1,29.910,0,0,11,36,0,9,0
20-05 08:24:40,31.978,7.994,44.219,12.741,0,1595672,853488,174760,5306880,15060.552,7286.945,0,33504.757,0,2418.322,11493,19952,2.280,1.880,1.150,5,0,23.983,0,0,11,37,0,9,0
20-05 08:24:41,33.993,7.998,42.491,11.248,0,1594068,854996,174944,5306776,15518.698,6717.571,0,25062.667,0,2057.562,11940,20340,2.280,1.880,1.150,2,2,11.997,0,0,11,37,0,9,0
20-05 08:24:42,31.791,7.510,45.809,10.514,0,1592328,857452,175056,5305932,18839.319,8221.613,0,21992.389,0,2012.598,11297,18571,2.280,1.880,1.150,1,1,6.008,0,0,11,37,0,9,0
20-05 08:24:43,33.323,11.275,40.840,12.026,0,1505904,942788,175112,5306964,16806.845,4604.093,0,29123.846,0,2230.891,10973,18855,2.280,1.880,1.150,2,1,83.182,0,0,11,36,0,10,0
20-05 08:24:44,36.358,8.218,38.848,12.202,0,1549264,898456,175152,5307876,7742.694,1613.684,0,19802.491,0,1870.678,10119,16977,2.280,1.880,1.150,3,0,23.906,0,0,11,36,0,10,0
20-05 08:24:45,35.070,7.515,41.082,12.525,0,1578172,869980,175188,5307388,11989.957,6676.340,0,30132.207,0,2360.717,10952,19268,2.420,1.920,1.170,5,2,13.026,0,0,11,37,0,10,0
20-05 08:24:46,33.015,8.004,44.270,10.505,0.250,1577592,869756,175240,5308140,17753.012,8040.629,0,21409.662,0,1894.855,11176,19382,2.420,1.920,1.170,2,0,12.005,0,0,11,37,0,10,0
20-05 08:24:47,33.924,7.982,41.906,11.973,0,1576636,869756,175308,5309012,16500.182,7722.768,0,27690.213,0,2058.407,11240,19048,2.420,1.920,1.170,5,1,11.973,0,0,11,37,0,10,0
20-05 08:24:48,39.839,9.521,35.830,11.526,0,1549488,895692,175320,5310180,11140.749,3790.420,0,19547.425,0,1625.611,9858,16017,2.420,1.920,1.170,4,0,48.107,0,0,11,36,0,10,0
20-05 08:24:49,41.236,7.747,35.238,11.246,0,1614432,829460,175400,5311352,7992.206,2234.219,0,22652.082,0,1934.324,10763,17640,2.420,1.920,1.170,1,1,23.992,0,0,11,37,0,10,0
20-05 08:24:50,31.727,7.495,45.217,11.242,0,1608936,833700,175464,5312504,16015.308,7685.389,0,25377.473,0,2230.372,11930,20904,2.700,1.990,1.200,5,1,23.982,0,0,11,37,0,10,0
20-05 08:24:51,31.499,8.000,45.249,11.000,0,1602720,838468,175500,5313868,16392.728,8355.861,0,27215.548,0,2149.964,11945,20605,2.700,1.990,1.200,4,0,21.000,0,0,11,37,0,10,0
20-05 08:24:52,33.306,7.513,43.823,11.519,0,1597240,842088,175528,5315664,11701.572,7083.848,0,23463.244,0,1891.163,11397,19271,2.700,1.990,1.200,6,0,24.040,0,0,11,37,0,10,0
20-05 08:24:53,30.509,13.254,40.012,12.254,0,1554152,883796,175548,5316988,10672.207,2808.844,0,28356.520,0,2181.655,10599,18173,2.700,1.990,1.200,8,0,79.024,0,0,11,36,0,11,0
20-05 08:24:54,35.305,8.513,40.312,12.519,0,1600608,836116,175572,5318148,8205.707,1622.512,0,27061.906,0,2176.370,10055,17860,2.700,1.990,1.200,1,1,21.033,0,0,11,36,0,11,0
20-05 08:24:55,30.319,9.195,43.241,13.420,0,1601844,833616,175592,5319352,12410.765,7253.613,0,34251.128,0,2472.213,11381,20508,2.730,2,1.210,3,0,42.744,0,0,11,37,0,11,0
20-05 08:24:56,35.170,10.300,40.194,11.053,0.251,1563532,870276,175620,5320944,12971.601,4762.986,0,29024.071,0,2317.183,12134,21140,2.730,2,1.210,3,1,76.369,0,0,11,36,0,12,0
20-05 08:24:57,35.896,10.968,37.143,13.212,0,1606044,826564,175672,5322040,9693.957,1615.327,0,27332.930,0,2375.129,11223,19124,2.730,2,1.210,2,1,32.905,0,0,11,36,0,12,0
20-05 08:24:58,32.754,8.001,42.505,12.001,0.250,1622068,809500,175720,5323008,16552.026,6705.821,0,29147.568,0,2330.285,10800,19064,2.730,2,1.210,5,1,21.003,0,0,11,37,0,12,0
20-05 08:24:59,34.265,9.754,44.769,8.754,0.250,1578152,852696,175720,5323704,11152.850,3302.436,0,20837.061,0,1695.737,9486,15556,2.730,2,1.210,3,1,69.030,0,0,11,36,0,13,0
20-05 08:25:00,36.290,8.009,39.293,13.765,0,1579360,855360,175732,5319812,5646.226,1459.609,0,34453.991,0,2938.240,12378,25230,2.910,2.050,1.230,3,0,6.007,0,0,11,36,0,13,0
20-05 08:25:01,35.045,7.259,44.808,9.512,0,1593256,842536,175744,5318724,14973.323,6774.743,0,24579.720,0,2380.071,11980,21365,2.910,2.050,1.230,4,0,24.031,0,0,11,37,0,13,0
20-05 08:25:02,37.787,7.257,41.541,10.260,0,1587964,847564,175756,5318972,15124.821,7042.902,0,39102.317,0,2393.345,11755,19952,2.910,2.050,1.230,8,0,18.018,0,0,11,34,0,15,0
20-05 08:25:03,32.106,22.399,43.803,0.996,0,1390760,1044732,175756,5319008,6099.573,1612.748,0,4722.764,0,232.953,5309,3720,2.910,2.050,1.230,2,0,207.069,0,0,11,32,0,15,0
20-05 08:25:04,20.289,6.262,70.134,0.751,0,1435872,999612,175756,5319016,11769.512,6646.713,0,4436.486,0,211.404,3108,3009,2.910,2.050,1.230,0,0,47.090,0,0,11,33,0,15,0
20-05 08:25:05,20.020,2.502,76.075,0,0,1434716,1000756,175756,5319028,17151.869,5550.459,0,0,0,0,3180,3148,2.760,2.030,1.220,0,0,1.001,0,0,11,33,0,15,0
20-05 08:25:06,13.989,9.493,74.942,0.500,0,1400884,1034540,175756,5319076,11325.307,3515.302,0,331.745,0,27.979,3485,2769,2.760,2.030,1.220,1,0,93.928,0,0,11,32,0,16,0
20-05 08:25:07,9.000,22.751,66.753,0,0,1389824,1045540,175756,5319136,22041.121,1620.082,0,84.004,0,6.000,4890,2892,2.760,2.030,1.220,2,0,247.013,0,0,11,32,0,16,0
20-05 08:25:08,9.240,23.724,65.179,0,0,1386340,1048960,175756,5319200,5994.463,1618.235,0,11.987,0,2.997,4823,3043,2.760,2.030,1.220,2,0,252.724,0,0,11,32,0,16,0
20-05 08:25:09,42.797,24.026,31.535,0.250,0,1416388,1018692,175772,5319404,9629.571,1459.602,0,925.015,0,65.071,5323,3720,2.760,2.030,1.220,3,0,203.223,0,0,11,32,0,22,0
20-05 08:25:10,67.026,9.004,24.259,0,0,1551280,882892,175788,5320288,8516.326,1620.633,0,504.197,0,28.011,3879,2009,2.780,2.050,1.230,3,0,3.001,0,0,11,32,0,22,0
20-05 08:25:11,68.002,7.250,24.251,0,0,1704228,726944,175904,5322824,11464.420,1620.059,0,636.023,0,15.001,3750,1774,2.780,2.050,1.230,3,0,0,0,0,11,32,0,22,0
20-05 08:25:12,53.966,7.995,31.480,4.997,0,1791268,633480,176036,5328720,9771.824,1618.977,0,21942.133,0,1441.089,8869,13032,2.780,2.050,1.230,1,1,65.958,0,0,11,38,0,22,0
20-05 08:25:13,30.981,8.995,41.975,13.242,0,1789052,629728,176080,5334444,10530.641,1619.022,0,35990.267,0,2816.299,13417,23356,2.780,2.050,1.230,2,1,101.938,0,0,11,38,0,22,0
20-05 08:25:14,27.521,10.258,42.782,14.261,0,1788180,625948,176124,5338844,9101.871,1621.224,0,46218.890,0,3063.312,13463,24418,2.780,2.050,1.230,2,1,90.068,0,0,11,38,0,22,0
20-05 08:25:15,29.703,10.733,40.436,12.730,0,1787988,621916,176152,5342916,6271.112,1617.450,0,38327.568,0,2722.707,12963,22729,3.030,2.120,1.260,3,0,90.857,0,0,11,38,0,22,0
20-05 08:25:16,27.263,10.005,43.271,15.257,0,1788052,618388,176180,5346260,5267.542,1662.802,0,44597.522,0,3325.605,13261,23520,3.030,2.120,1.260,1,1,81.039,0,0,11,38,0,22,0
20-05 08:25:17,23.988,11.994,45.228,14.493,0,1788104,615140,176188,5349296,9482.302,1619.198,0,42363.011,0,2944.541,13005,22971,3.030,2.120,1.260,1,1,56.972,0,0,11,38,0,22,0
20-05 08:25:18,31.048,9.014,40.062,14.272,0,1787896,612116,176208,5352420,9281.420,1460.269,0,38207.361,0,2831.399,12585,22228,3.030,2.120,1.260,4,0,60.093,0,0,11,38,0,22,0
20-05 08:25:19,44.532,12.759,26.018,13.510,0,1698356,697324,176248,5356564,9334.615,1621.149,0,45772.436,0,3381.396,14292,26568,3.030,2.120,1.260,3,0,156.111,0,0,11,36,0,22,0
20-05 08:25:20,46.045,8.508,26.026,17.767,0,1742676,645368,176300,5363872,11202.012,1621.594,0,44912.150,0,3625.564,13504,27460,3.110,2.150,1.280,3,1,97.095,0,0,11,36,0,22,0
20-05 08:25:21,47.416,9.982,26.952,12.478,0,1791600,593456,176312,5366732,9790.615,1617.128,0,45782.703,0,3096.501,12702,23524,3.110,2.150,1.280,5,0,34.938,0,0,11,36,0,22,0
20-05 08:25:22,33.222,14.238,35.470,13.738,0,1729212,649088,176328,5373184,10385.306,1618.645,0,54122.690,0,3331.211,13815,25339,3.110,2.150,1.280,3,1,74.937,0,0,11,36,0,22,0
20-05 08:25:23,21.011,7.754,50.527,15.758,0,1718312,654448,176340,5378560,5876.166,1620.873,0,32833.691,0,2386.286,11427,20485,3.110,2.150,1.280,2,2,6.003,0,0,11,36,0,22,0
20-05 08:25:24,17.502,9.251,52.005,16.002,0,1709104,661332,176356,5380800,5075.488,1620.156,0,45228.345,0,3091.297,12388,23286,3.110,2.150,1.280,0,1,24.002,0,0,11,36,0,22,0
20-05 08:25:25,20.504,8.251,49.258,15.753,0,1703132,665788,176376,5382260,10448.796,1620.278,0,39726.827,0,2902.499,12536,22990,3.100,2.160,1.280,1,1,34.006,0,0,11,36,0,22,0
20-05 08:25:26,26.739,24.740,32.237,12.495,0,1698612,668752,176400,5383640,7160.132,1619.351,0,38156.716,0,2744.901,13721,24138,3.100,2.160,1.280,2,2,414.834,0,0,11,36,0,22,0
20-05 08:25:27,36.526,14.010,38.277,8.256,0,1533288,832912,176404,5384780,11546.145,1663.173,0,20230.271,0,1632.151,10502,15936,3.100,2.160,1.280,3,0,176.124,0,0,11,34,0,16,0
20-05 08:25:28,20.042,15.783,61.881,2.004,0,1414044,952140,176404,5384796,9037.099,1555.287,0,9945.017,0,566.197,4811,4970,3.100,2.160,1.280,2,0,159.337,0,0,11,32,0,16,0
20-05 08:25:29,29.971,5.744,62.938,0.250,0,1456172,909992,176404,5387668,9791.370,1618.408,0,1958.074,0,178.824,2838,9815,3.100,2.160,1.280,3,0,36.964,0,0,11,32,0,16,0
20-05 08:25:30,24.972,4.245,68.423,1.249,0,1519900,846264,176404,5384800,9358.415,1618.170,0,4634.758,0,259.706,2593,5734,2.930,2.140,1.280,2,0,1.998,0,0,11,32,0,17,0
20-05 08:25:31,23.252,3.250,72.756,0,0,1450400,915760,176404,5384804,6412.528,1620.133,0,96.008,0,7.001,2477,2039,2.930,2.140,1.280,2,0,23.002,0,0,11,32,0,15,0
20-05 08:25:32,21.743,3.749,73.976,0,0,1484972,881180,176404,5384812,9806.803,1619.472,0,399.870,0,53.982,1887,1315,2.930,2.140,1.280,1,0,4.998,0,0,11,32,0,15,0
20-05 08:25:33,22.747,2.750,73.239,0,0,1541216,824936,176404,5384812,9146.611,1619.754,0,3.999,0,1.000,1718,1133,2.930,2.140,1.280,1,0,0,0,0,11,32,0,15,0
20-05 08:25:34,23.261,3.001,73.035,0,0,1406800,959352,176408,5384808,6312.010,1620.773,0,108.052,0,14.007,2172,1581,2.930,2.140,1.280,1,0,17.008,0,0,11,32,0,15,0
20-05 08:25:35,14.000,36.000,48.249,0.250,0,1420988,945152,176408,5384836,9997.867,1619.978,0,407.995,0,26.000,5956,4209,2.860,2.140,1.290,2,0,414.994,0,0,11,32,0,14,0
20-05 08:25:36,15.747,40.241,42.241,0,0,1410320,955788,176408,5384868,9523.922,1619.647,0,211.954,0,15.997,6100,4372,2.860,2.140,1.290,2,0,481.895,0,0,11,32,0,14,0
20-05 08:25:37,12.225,31.187,55.389,0,0,1406268,959820,176408,5384888,9752.380,1455.073,0,27.944,0,6.986,5585,3661,2.860,2.140,1.290,1,0,396.203,0,0,11,32,0,14,0
20-05 08:25:38,8.753,21.758,67.775,0,0,1400364,965716,176408,5384896,7623.795,1620.594,0,20.007,0,5.002,4704,2730,2.860,2.140,1.290,1,0,245.090,0,0,11,32,0,14,0
20-05 08:25:39,9.004,22.011,68.283,0,0,1394892,971128,176408,5384956,5681.745,1620.783,0,16.008,0,4.002,4705,2898,2.860,2.140,1.290,1,0,239.116,0,0,11,32,0,14,0
20-05 08:25:40,8.742,18.483,70.437,0,0,1397008,968988,176408,5384980,11011.107,1618.546,0,3.996,0,0.999,4605,2903,2.710,2.120,1.280,1,0,206.814,0,0,11,32,0,14,0
20-05 08:25:41,9.770,20.291,68.137,0,0,1389484,976492,176408,5385000,9386.888,1623.266,0,144.290,0,6.012,4657,2886,2.710,2.120,1.280,1,0,194.391,0,0,11,32,0,14,0
20-05 08:25:42,9.500,20.251,68.503,0,0,1403528,962436,176408,5385012,7915.327,1620.067,0,20.001,0,5.000,4556,2853,2.710,2.120,1.280,1,0,190.008,0,0,11,32,0,14,0
20-05 08:25:43,16.255,18.756,64.020,0,0,1404780,961160,176408,5385464,10962.342,1620.494,0,4121.256,0,39.012,4772,4014,2.710,2.120,1.280,1,0,165.050,0,0,11,32,0,13,0
20-05 08:25:44,23.421,13.455,61.542,0,0,1382684,983252,176412,5385476,7888.336,1614.543,0,326.895,0,12.956,4299,4603,2.710,2.120,1.280,3,0,78.734,0,0,11,32,0,13,0
20-05 08:25:45,48.396,16.049,34.605,0.251,0,1480088,885732,176416,5385596,9827.717,1624.913,0,1773.362,0,210.637,4385,2429,2.650,2.120,1.290,2,0,115.349,0,0,11,33,0,13,0
20-05 08:25:46,45.999,4.750,48.749,0,0,1588424,777372,176416,5385620,9604.890,1457.983,0,4.000,0,1.000,2693,1183,2.650,2.120,1.290,2,0,0,0,0,11,33,0,13,0
20-05 08:25:47,46.747,5.750,47.247,0.500,0,1644852,719228,176476,5387036,5904.651,1619.904,103.994,739.956,1.000,68.996,3886,3099,2.650,2.120,1.290,2,0,18.999,0,0,11,49,0,13,0
20-05 08:25:48,30.498,13.999,54.247,0,0,1668028,693044,176488,5389860,11193.399,1619.913,0,1511.919,0,39.998,6049,7343,2.650,2.120,1.290,1,0,135.993,0,0,11,48,0,13,0
20-05 08:25:49,10.495,19.741,67.720,0.250,0,1683572,677432,176492,5390252,9290.821,1619.272,0,159.928,0,9.996,4827,3508,2.650,2.120,1.290,6,0,211.905,0,0,11,48,0,13,0
20-05 08:25:50,24.241,14.245,59.727,0,0,1701852,659104,176492,5390348,9221.459,1619.378,0,0,0,0,4621,5200,2.520,2.100,1.290,1,0,118.954,0,0,11,48,0,13,0
20-05 08:25:51,5.251,3.751,90.519,0,0,1699952,660988,176492,5389916,7312.509,1620.334,0,4.001,0,1.000,1510,1580,2.520,2.100,1.290,0,0,30.006,0,0,11,48,0,13,0
20-05 08:25:52,0.500,0.500,97.989,0,0,1699664,661272,176496,5389916,22995.460,1619.821,0,51.994,0,4.000,778,974,2.520,2.100,1.290,1,0,3.000,0,0,11,48,0,13,0
20-05 08:25:53,0.500,0.750,98.044,0,0,1699664,661272,176496,5389916,9615.275,1620.721,0,0,0,0,768,1000,2.520,2.100,1.290,0,0,3.001,0,0,11,48,0,13,0
20-05 08:25:54,0.500,0.250,97.755,0.250,0,1699652,661272,176496,5389928,6332.298,1620.076,0,120.006,0,11.001,861,1315,2.520,2.100,1.290,0,0,1.000,0,0,11,48,0,13,0
20-05 08:25:55,7.238,8.486,83.117,0.250,0.250,1693716,667228,176496,5389920,5615.013,1617.411,0,347.444,0,21.965,2952,2625,2.320,2.060,1.280,5,0,102.835,0,0,11,48,0,12,0
20-05 08:25:56,24.608,18.832,54.991,0,0,1713468,647472,176496,5390032,9228.384,1464.408,0,4286.759,0,343.503,5013,6721,2.320,2.060,1.280,1,0,180.791,0,0,11,48,0,12,0
20-05 08:25:57,13.453,15.944,68.758,0,0,1745956,614968,176496,5389944,8161.306,1656.177,0,267.061,0,27.902,4702,4237,2.320,2.060,1.280,2,0,172.394,0,0,11,64,0,12,0
20-05 08:25:58,14.263,23.021,61.055,0,0,1747856,612992,176496,5389980,9531.605,1859.679,0,4.004,0,1.001,5023,3617,2.320,2.060,1.280,1,0,200.181,0,0,12,64,0,12,0
20-05 08:25:59,18.004,16.504,63.515,0,0,1706152,654680,176496,5389988,9756.379,1620.395,0,4.001,0,1.000,4481,4314,2.320,2.060,1.280,2,0,154.038,0,0,12,64,0,10,0
20-05 08:26:00,19.497,15.498,63.240,0,0,1712792,647888,176496,5390104,9174.566,1619.747,0,147.977,0,8.999,4543,5061,2.290,2.060,1.280,2,0,149.977,0,0,12,64,0,10,0
20-05 08:26:01,8.496,12.994,75.465,1.749,0,1704268,656416,176496,5390128,9732.544,1619.259,0,7524.555,0,340.844,3610,3832,2.290,2.060,1.280,1,0,146.933,0,0,12,64,0,10,0
20-05 08:26:02,17.753,18.753,62.011,0.500,0,1709612,650984,176496,5390612,6104.126,1620.299,0,1540.284,0,73.013,4934,4827,2.290,2.060,1.280,1,0,153.028,0,0,14,66,0,10,0
20-05 08:26:03,19.943,12.963,65.315,0,0,1690096,670500,176496,5390168,5647.976,1615.417,0,15.955,0,3.989,4336,4614,2.290,2.060,1.280,1,0,95.728,0,0,14,64,0,11,0
20-05 08:26:04,10.301,20.602,67.585,0,0,1693632,666944,176496,5390192,9851.765,1670.268,0,144.716,0,14.070,5138,3600,2.290,2.060,1.280,1,0,245.214,0,0,14,66,0,9,0
20-05 08:26:05,9.978,19.458,68.851,0,0,1696340,664212,176496,5390216,7422.890,1454.843,0,478.961,0,31.931,4706,3147,2.190,2.050,1.280,1,0,213.537,0,0,14,66,0,9,0
20-05 08:26:06,9.233,20.463,68.125,0,0,1685672,674736,176496,5390356,9106.333,1617.040,0,55.898,0,11.978,4639,2890,2.190,2.050,1.280,2,0,187.657,0,0,14,66,0,9,0
20-05 08:26:07,18.529,16.526,64.102,0,0,1663668,696728,176496,5390368,7833.427,1622.574,0,8.013,0,2.003,4472,4197,2.190,2.050,1.280,4,0,128.203,0,0,14,66,0,9,0
20-05 08:26:08,25.429,16.205,56.342,0,0,1673592,686796,176496,5390376,9329.878,1615.477,0,582.369,0,58.835,4668,4429,2.190,2.050,1.280,2,0,130.634,0,0,14,66,0,8,0
20-05 08:26:09,30.337,25.323,43.375,0,0,1721416,638928,176508,5390408,8187.564,1714.936,0,184.531,0,10.029,5354,3236,2.190,2.050,1.280,2,0,241.696,0,0,14,66,0,8,0
20-05 08:26:10,30.962,23.222,44.695,0,0,1791164,569036,176528,5390488,5531.242,1618.023,0,451.448,0,5.993,5192,3076,2.170,2.040,1.290,3,0,210.743,0,0,14,66,0,8,0
20-05 08:26:11,32.258,23.505,42.510,0,0,1843500,515176,176580,5391868,13593.170,1620.378,8.002,0,1.000,0,6281,5910,2.170,2.040,1.290,5,0,289.067,0,0,14,70,0,10,0
20-05 08:26:12,29.206,23.964,45.182,0,0,1930624,428028,176580,5391892,8960.446,1617.553,0,0,0,0,5276,3081,2.170,2.040,1.290,4,0,210.681,0,0,14,70,0,4,0
20-05 08:26:13,29.846,24.579,44.393,0,0,1948808,409768,176580,5391916,5856.832,1625.226,0,228.735,0,6.019,5151,3136,2.170,2.040,1.290,3,0,207.668,0,0,14,70,0,4,0
20-05 08:26:14,30.490,22.492,45.734,0,0,1972000,386364,176584,5392112,8942.955,1619.449,0,599.796,0,7.997,5063,3052,2.170,2.040,1.290,0,0,195.933,0,0,14,70,0,4,0
20-05 08:26:15,16.004,18.754,63.515,0.250,0,1972176,386136,176584,5392576,7662.802,1458.343,0,580.136,0,6.001,4804,4208,2.160,2.040,1.290,1,0,162.038,0,0,14,70,0,4,0
20-05 08:26:16,21.744,13.496,63.481,0,0,1974000,384300,176584,5392136,9622.173,1661.512,0,27.992,0,6.998,4247,4557,2.160,2.040,1.290,1,0,72.979,0,0,14,70,0,4,0
20-05 08:26:17,46.825,27.043,23.037,0.250,0,2039216,319032,176596,5392624,9009.435,1622.600,0,4459.145,0,350.562,5355,3353,2.160,2.040,1.290,6,0,259.416,0,0,14,70,0,4,0
20-05 08:26:18,51.784,27.017,19.763,0,0,2131968,225792,176604,5393060,4106.659,648.420,0,60.039,0,9.006,5412,4436,2.160,2.040,1.290,5,0,276.179,0,0,14,70,0,4,0
20-05 08:26:19,60.742,19.747,18.248,0,0,2196704,160308,176644,5394096,9699.719,1709.774,0,775.898,0,16.998,6255,8190,2.160,2.040,1.290,4,0,184.976,0,0,14,70,0,4,0
20-05 08:26:20,65.323,19.697,11.220,2.244,0,2228736,143796,171768,5382880,7555.566,1615.630,466.738,3574.333,61.833,89.757,5218,3863,2.310,2.080,1.300,5,0,255.310,0,0,14,74,0,4,0
20-05 08:26:21,59.107,23.543,11.771,5.009,0,2353104,167508,163356,5247600,6115.071,1622.938,16.029,18385.286,4.007,1065.930,10433,16180,2.310,2.080,1.300,5,0,396.718,0,0,14,74,0,4,0
20-05 08:26:22,63.800,19.515,8.507,7.756,0,2404220,148112,163364,5216308,9384.351,1621.270,228.179,22121.328,19.015,1814.421,12905,23357,2.310,2.080,1.300,4,1,248.194,0,0,14,74,0,4,0
20-05 08:26:23,72.696,22.483,4.247,0.500,0,2529736,229256,163480,5014208,8401.716,1618.789,1067.202,1542.846,59.955,72.945,7536,9991,2.310,2.080,1.300,7,0,459.656,0,0,14,80,0,7,0
20-05 08:26:24,61.401,20.467,16.973,0,0,2607248,149704,163484,5016068,10063.722,1617.384,119.806,1002.379,9.984,53.913,9592,15055,2.310,2.080,1.300,3,0,192.688,0,0,14,82,0,11,0
20-05 08:26:25,53.789,23.767,20.765,0.751,0,2697228,129308,163468,4947988,7612.460,1459.046,492.353,788.566,25.018,41.029,6171,5080,2.360,2.090,1.310,5,0,297.213,0,0,14,84,0,12,0
20-05 08:26:26,38.362,25.658,35.123,0,0,2765220,132776,163468,4878376,6225.570,1614.184,0,466.320,0,27.899,6347,7297,2.360,2.090,1.310,2,0,283.977,0,0,14,84,0,12,0
20-05 08:26:27,32.711,23.222,42.449,0.499,0,2808504,161360,163468,4808100,10223.748,1660.011,0,3168.203,0,161.806,5509,3900,2.360,2.090,1.310,2,0,196.764,0,0,14,86,0,12,0
20-05 08:26:28,28.671,18.108,51.810,0,0,2809868,158684,163468,4809452,9790.497,1724.303,0,20.120,0,5.030,7127,9156,2.360,2.090,1.310,1,0,163.980,0,0,14,84,0,13,0
20-05 08:26:29,29.395,16.691,51.816,0,0,2846204,122316,163476,4809936,9689.534,1703.939,3.986,2774.132,0.996,7.972,4530,3959,2.360,2.090,1.310,3,0,131.532,0,0,14,84,0,13,0
20-05 08:26:30,52.077,12.268,35.052,0,0,2933980,171104,163352,4676184,10656.812,1622.407,52.077,4.006,4.006,1.001,3957,16013,2.330,2.090,1.320,2,0,92.137,0,0,14,85,0,14,0
20-05 08:26:31,31.900,10.716,55.576,0.498,0,2976264,128056,163372,4676884,11106.164,538.312,7.975,602.111,1.994,33.894,4359,3560,2.330,2.090,1.320,1,0,82.740,0,0,14,88,0,14,0
20-05 08:26:32,8.775,19.807,69.951,0.251,0.251,2979260,192716,163372,4610612,6852.687,704.023,8.023,998.870,2.006,59.170,5135,3762,2.330,2.090,1.320,2,0,254.732,0,0,14,88,0,13,0
20-05 08:26:33,8.484,19.713,69.870,0,0,2986760,185196,163372,4610632,5573.629,1077.994,0,99.814,0,9.981,4617,2979,2.330,2.090,1.320,1,0,201.625,0,0,14,88,0,13,0
20-05 08:26:34,9.521,19.293,69.657,0.251,0,2994828,177088,163376,4610668,6069.666,1557.507,8.018,513.155,2.005,15.034,4618,3046,2.330,2.090,1.320,1,0,199.449,0,0,14,92,0,13,0
20-05 08:26:35,9.253,19.757,69.526,0,0,3005148,166752,163376,4610684,10855.050,1620.605,0,64.024,0,3.001,4702,3005,2.390,2.100,1.330,1,0,204.076,0,0,14,94,0,13,0
20-05 08:26:36,18.753,8.501,71.511,0,0,3045208,126688,163376,4610688,21424.312,1620.250,0,72.011,0,10.002,2636,1901,2.390,2.100,1.330,1,0,54.008,0,0,14,96,0,13,0
20-05 08:26:37,17.994,3.249,77.476,0.250,0,3074316,164536,163376,4545220,15071.336,7235.761,59.981,0,3.999,0,2106,1724,2.390,2.100,1.330,1,0,0,0,0,14,97,0,13,0
20-05 08:26:38,22.244,3.999,72.231,0.750,0,3075044,163780,163376,4545252,19679.883,18310.239,7.998,10525.263,1.999,561.854,3277,2747,2.390,2.100,1.330,0,0,1.999,0,0,14,101,0,13,0
20-05 08:26:39,19.502,8.251,71.007,0.250,0,3025644,213164,163376,4545268,17333.608,1764.164,0,332.031,0,29.003,3039,2295,2.390,2.100,1.330,1,0,64.006,0,0,14,100,0,14,0
20-05 08:26:40,21.250,3.000,75.501,0,0.250,3078800,160004,163376,4545272,6413.068,600.006,4.000,324.003,1.000,23.000,1768,1247,2.280,2.090,1.320,0,0,0,0,0,14,100,0,14,0
20-05 08:26:41,1.500,0.250,96.738,0.250,0,3079016,159780,163376,4545280,6525.160,323.958,0,167.978,0,20.997,1039,1486,2.280,2.090,1.320,0,0,2.000,0,0,14,104,0,14,0
20-05 08:26:42,0.750,0.250,97.996,0,0,3079016,159780,163376,4545280,5881.766,323.987,0,315.987,0,22.999,718,1022,2.280,2.090,1.320,0,0,0,0,0,14,104,0,14,0
20-05 08:26:43,0.250,0.750,98.515,0,0,3079016,159780,163376,4545280,9438.406,1026.153,0,0,0,0,706,897,2.280,2.090,1.320,0,0,0,0,0,14,104,0,14,0
20-05 08:26:44,0.250,0.250,98.021,0,0,3079016,159780,163376,4545280,10035.120,1350.285,0,2376.502,0,269.057,780,914,2.280,2.090,1.320,0,0,0,0,0,14,104,0,14,0
20-05 08:26:45,1.250,0.750,98.234,0,0,3079012,159780,163380,4545280,8825.589,653.895,3.999,183.971,1.000,1.000,739,962,2.090,2.050,1.320,1,0,1.000,0,0,14,104,0,14,0
20-05 08:26:46,0.250,0.250,98.493,0,0,3079012,159780,163380,4545280,9986.264,215.984,0,4.000,0,1.000,710,921,2.090,2.050,1.320,0,0,0,0,0,14,104,0,14,0
20-05 08:26:47,0.250,0.250,98.252,0,0,3079012,159780,163380,4545280,9377.154,54.001,0,0,0,0,681,886,2.090,2.050,1.320,0,0,0,0,0,14,104,0,14,0
20-05 08:26:48,1.250,0.750,97.272,0.250,0,3079028,159780,163380,4545280,8556.933,162.037,0,200.045,0,19.004,868,1098,2.090,2.050,1.320,0,0,0,0,0,14,104,0,14,0
20-05 08:26:49,0.999,0.500,97.171,0.250,0,3078976,159780,163380,4545332,5365.633,377.693,11.990,67.945,2.998,6.994,720,989,2.090,2.050,1.320,0,0,0,0,0,14,104,0,14,0
20-05 08:26:50,2.506,0.501,96.976,0,0,3078976,159780,163380,4545332,8311.364,541.261,0,0,0,0,794,947,1.930,2.020,1.310,1,0,0,0,0,14,104,0,14,0
20-05 08:26:51,14.763,11.010,71.815,1.001,0,3030796,207672,163384,4545616,7671.965,810.736,268.244,144.131,6.005,12.011,3544,2529,1.930,2.020,1.310,0,1,127.115,0,0,14,104,0,14,0
20-05 08:26:52,11.998,13.247,71.985,1.250,0,3030028,207860,163444,4546032,5877.780,1079.776,427.911,1399.709,27.994,23.995,3279,2211,1.930,2.020,1.310,1,0,63.987,0,0,14,104,0,14,0
20-05 08:26:53,5.487,4.988,88.036,0,0,3029612,208076,163444,4546080,8975.144,1077.376,0,8283.828,0,23.942,1686,1709,1.930,2.020,1.310,0,0,11.971,0,0,14,104,0,14,0
20-05 08:26:54,1.000,0.500,97.499,0.500,0,3028560,209120,163448,4546084,9696.898,1079.989,0,487.995,0,32.000,920,1379,1.930,2.020,1.310,0,0,0,0,0,14,104,0,14,0
20-05 08:26:55,0.750,0.250,97.736,0,0,3023208,214472,163448,4546084,9186.659,1079.842,0,267.961,0,11.998,766,1031,1.770,1.980,1.300,0,0,1.000,0,0,14,104,0,14,0
20-05 08:26:56,0.250,0.500,98.504,0,0,3021068,216608,163448,4546088,9580.402,108.005,4.000,0,1.000,0,739,967,1.770,1.980,1.300,1,0,0,0,0,14,104,0,14,0
20-05 08:26:57,1.000,0.500,98.002,0,0,3019716,217960,163448,4546088,3942.076,150.003,0,0,0,0,674,967,1.770,1.980,1.300,0,0,0,0,0,14,104,0,14,0
20-05 08:26:58,0.500,0,98.001,0,0,3019688,217988,163448,4546088,9984.081,108.001,0,4.000,0,1.000,780,982,1.770,1.980,1.300,0,0,0,0,0,14,104,0,14,0
20-05 08:26:59,0.500,0.750,98.490,0.250,0.250,3019720,217956,163448,4546088,7959.203,107.989,0,1011.899,0,183.982,754,970,1.770,1.980,1.300,1,0,0,0,0,14,104,0,14,0
20-05 08:27:00,0.250,0.500,98.265,0,0,3019852,217824,163448,4546088,4725.719,0,0,4.001,0,1.000,659,911,1.630,1.950,1.290,0,0,0,0,0,14,104,0,14,0
20-05 08:27:01,0.750,0.250,97.970,0,0,3019848,217824,163448,4546092,6859.927,431.869,0,35.989,0,2.999,695,918,1.630,1.950,1.290,0,0,0,0,0,14,104,0,14,0
20-05 08:27:02,0.500,0.500,98.264,0,0,3019848,217824,163448,4546092,9422.310,486.068,0,0,0,0,742,963,1.630,1.950,1.290,1,0,0,0,0,14,104,0,14,0
20-05 08:27:03,1.750,1.250,96.523,0.250,0,3003664,234068,163460,4546020,13921.297,130238.840,16.004,84.020,4.001,6.001,978,1054,1.630,1.950,1.290,0,0,0,0,0,14,104,0,14,0
20-05 08:27:04,2.249,0.750,95.970,0.250,0,3003664,234068,163464,4546016,75336.821,2597.201,3.999,55.983,1.000,7.998,974,1096,1.630,1.950,1.290,0,0,2.999,0,0,14,104,0,14,0
20-05 08:27:05,14.502,2.000,82.509,0,0,3007832,229792,163468,4546120,216274.760,6144.647,0,4204.442,0,261.027,1803,1272,1.580,1.930,1.290,1,0,5.001,0,0,14,104,0,13,0
20-05 08:27:06,1.501,1.751,96.054,0,0,3000092,237628,163484,4546008,6298.548,3099.746,0,8.005,0,1.001,1052,1115,1.580,1.930,1.290,0,0,13.007,0,0,14,104,0,13,0
20-05 08:27:07,15.271,4.506,78.108,0.501,0,3010880,226588,163496,4546248,297004.545,12000.548,124.171,4.006,6.008,1.001,2595,1823,1.580,1.930,1.290,1,0,19.026,0,0,14,104,0,13,0
20-05 08:27:08,15.474,6.739,76.373,0.749,0,2995028,241732,163504,4546948,154784.503,4742.111,23.960,215.641,2.995,12.978,2922,2151,1.580,1.930,1.290,1,0,27.953,0,0,14,104,0,13,0
