Jan 19 08:30:24 ubuntu devstack@keystone.service[62698]: DEBUG keystone.common.rbac_enforcer.enforcer [None req-82c9ec0d-7fc2-4e78-8a4a-535c6d12dc1f None admin] RBAC: Authorizing `identity:create_grant(domain_id=default, user_id=162a1931987d439e895b850772eab764, role_id=bbbfdebec50f49cf862bd2cfe16188dc)` {{(pid=62698) enforce_call /opt/stack/keystone/keystone/common/rbac_enforcer/enforcer.py:494}}
Jan 19 08:30:24 ubuntu devstack@keystone.service[62698]: DEBUG keystone.common.rbac_enforcer.enforcer [None req-82c9ec0d-7fc2-4e78-8a4a-535c6d12dc1f None admin] RBAC: Authorization granted {{(pid=62698) enforce_call /opt/stack/keystone/keystone/common/rbac_enforcer/enforcer.py:505}}
Jan 19 08:30:24 ubuntu devstack@keystone.service[62698]: [pid: 62698|app: 0|req: 11/21] 10.120.125.138 () {60 vars in 1433 bytes} [Mon Jan 19 08:30:24 2026] PUT /identity/v3/domains/default/users/162a1931987d439e895b850772eab764/roles/bbbfdebec50f49cf862bd2cfe16188dc => generated 0 bytes in 149 msecs (HTTP/1.1 204) 3 headers in 132 bytes (0 switches on core 0)
Jan 19 08:30:26 ubuntu devstack@keystone.service[62699]: DEBUG keystone.server.flask.request_processing.req_logging [None req-95e8e647-96c3-4410-8f89-8f98a8869a9c None None] REQUEST_METHOD: `GET` {{(pid=62699) log_request_info /opt/stack/keystone/keystone/server/flask/request_processing/req_logging.py:26}}
Jan 19 08:30:26 ubuntu devstack@keystone.service[62699]: DEBUG keystone.server.flask.request_processing.req_logging [None req-95e8e647-96c3-4410-8f89-8f98a8869a9c None None] SCRIPT_NAME: `/identity` {{(pid=62699) log_request_info /opt/stack/keystone/keystone/server/flask/request_processing/req_logging.py:27}}
Jan 19 08:30:26 ubuntu devstack@keystone.service[62699]: DEBUG keystone.server.flask.request_processing.req_logging [None req-95e8e647-96c3-4410-8f89-8f98a8869a9c None None] PATH_INFO: `/` {{(pid=62699) log_request_info /opt/stack/keystone/keystone/server/flask/request_processing/req_logging.py:28}}
Jan 19 08:30:26 ubuntu devstack@keystone.service[62699]: [pid: 62699|app: 0|req: 11/22] 10.120.125.138 () {56 vars in 955 bytes} [Mon Jan 19 08:30:26 2026] GET /identity => generated 272 bytes in 1 msecs (HTTP/1.1 300) 6 headers in 236 bytes (1 switches on core 0)
Jan 19 08:30:26 ubuntu devstack@keystone.service[62698]: DEBUG keystone.server.flask.request_processing.req_logging [None req-c7daac99-d096-4b6d-a260-d8142b20e222 None None] REQUEST_METHOD: `GET` {{(pid=62698) log_request_info /opt/stack/keystone/keystone/server/flask/request_processing/req_logging.py:26}}
Jan 19 08:30:26 ubuntu devstack@keystone.service[62698]: DEBUG keystone.server.flask.request_processing.req_logging [None req-c7daac99-d096-4b6d-a260-d8142b20e222 None None] SCRIPT_NAME: `/identity` {{(pid=62698) log_request_info /opt/stack/keystone/keystone/server/flask/request_processing/req_logging.py:27}}
Jan 19 08:30:26 ubuntu devstack@keystone.service[62698]: DEBUG keystone.server.flask.request_processing.req_logging [None req-c7daac99-d096-4b6d-a260-d8142b20e222 None None] PATH_INFO: `/` {{(pid=62698) log_request_info /opt/stack/keystone/keystone/server/flask/request_processing/req_logging.py:28}}
Jan 19 08:30:26 ubuntu devstack@keystone.service[62698]: [pid: 62698|app: 0|req: 12/23] 10.120.125.138 () {56 vars in 955 bytes} [Mon Jan 19 08:30:26 2026] GET /identity => generated 272 bytes in 2 msecs (HTTP/1.1 300) 6 headers in 236 bytes (1 switches on core 0)
Jan 19 08:30:26 ubuntu devstack@keystone.service[62699]: DEBUG keystone.server.flask.request_processing.req_logging [None req-ddd9272a-aa48-4067-805b-95ac208fe3b5 None None] REQUEST_METHOD: `POST` {{(pid=62699) log_request_info /opt/stack/keystone/keystone/server/flask/request_processing/req_logging.py:26}}
Jan 19 08:30:26 ubuntu devstack@keystone.service[62699]: DEBUG keystone.server.flask.request_processing.req_logging [None req-ddd9272a-aa48-4067-805b-95ac208fe3b5 None None] SCRIPT_NAME: `/identity` {{(pid=62699) log_request_info /opt/stack/keystone/keystone/server/flask/request_processing/req_logging.py:27}}
Jan 19 08:30:26 ubuntu devstack@keystone.service[62699]: DEBUG keystone.server.flask.request_processing.req_logging [None req-ddd9272a-aa48-4067-805b-95ac208fe3b5 None None] PATH_INFO: `/v3/auth/tokens` {{(pid=62699) log_request_info /opt/stack/keystone/keystone/server/flask/request_processing/req_logging.py:28}}
Jan 19 08:30:26 ubuntu devstack@keystone.service[62699]: WARNING keystone.common.password_hashing [None req-ddd9272a-aa48-4067-805b-95ac208fe3b5 None None] Truncating password to algorithm specific maximum length 72 characters.
Jan 19 08:30:26 ubuntu devstack@keystone.service[62699]: DEBUG keystone.auth.core [None req-ddd9272a-aa48-4067-805b-95ac208fe3b5 None None] MFA Rules not processed for user `162a1931987d439e895b850772eab764`. Rule list: `[]` (Enabled: `True`). {{(pid=62699) check_auth_methods_against_rules /opt/stack/keystone/keystone/auth/core.py:476}}
Jan 19 08:30:26 ubuntu devstack@keystone.service[62699]: DEBUG keystone.common.fernet_utils [None req-ddd9272a-aa48-4067-805b-95ac208fe3b5 None None] Loaded 2 Fernet keys from /etc/keystone/fernet-keys/, but `[fernet_tokens] max_active_keys = 3`; perhaps there have not been enough key rotations to reach `max_active_keys` yet? {{(pid=62699) load_keys /opt/stack/keystone/keystone/common/fernet_utils.py:297}}
Jan 19 08:30:26 ubuntu devstack@keystone.service[62698]: DEBUG keystone.server.flask.request_processing.req_logging [None req-a88b51fd-264c-457e-bb17-fba1d70cbb68 None None] REQUEST_METHOD: `POST` {{(pid=62698) log_request_info /opt/stack/keystone/keystone/server/flask/request_processing/req_logging.py:26}}
Jan 19 08:30:26 ubuntu devstack@keystone.service[62698]: DEBUG keystone.server.flask.request_processing.req_logging [None req-a88b51fd-264c-457e-bb17-fba1d70cbb68 None None] SCRIPT_NAME: `/identity` {{(pid=62698) log_request_info /opt/stack/keystone/keystone/server/flask/request_processing/req_logging.py:27}}
Jan 19 08:30:26 ubuntu devstack@keystone.service[62698]: DEBUG keystone.server.flask.request_processing.req_logging [None req-a88b51fd-264c-457e-bb17-fba1d70cbb68 None None] PATH_INFO: `/v3/auth/tokens` {{(pid=62698) log_request_info /opt/stack/keystone/keystone/server/flask/request_processing/req_logging.py:28}}
Jan 19 08:30:26 ubuntu devstack@keystone.service[62698]: WARNING keystone.common.password_hashing [None req-a88b51fd-264c-457e-bb17-fba1d70cbb68 None None] Truncating password to algorithm specific maximum length 72 characters.
Jan 19 08:30:26 ubuntu devstack@keystone.service[62699]: [pid: 62699|app: 0|req: 12/24] 10.120.125.138 () {60 vars in 1052 bytes} [Mon Jan 19 08:30:26 2026] POST /identity/v3/auth/tokens => generated 864 bytes in 65 msecs (HTTP/1.1 201) 6 headers in 363 bytes (1 switches on core 0)
Jan 19 08:30:26 ubuntu devstack@keystone.service[62699]: DEBUG keystone.server.flask.request_processing.req_logging [None req-2ff2ccd4-b07d-4f87-8c6a-fb21cea3a31a None None] REQUEST_METHOD: `GET` {{(pid=62699) log_request_info /opt/stack/keystone/keystone/server/flask/request_processing/req_logging.py:26}}
Jan 19 08:30:26 ubuntu devstack@keystone.service[62699]: DEBUG keystone.server.flask.request_processing.req_logging [None req-2ff2ccd4-b07d-4f87-8c6a-fb21cea3a31a None None] SCRIPT_NAME: `/identity` {{(pid=62699) log_request_info /opt/stack/keystone/keystone/server/flask/request_processing/req_logging.py:27}}
Jan 19 08:30:26 ubuntu devstack@keystone.service[62699]: DEBUG keystone.server.flask.request_processing.req_logging [None req-2ff2ccd4-b07d-4f87-8c6a-fb21cea3a31a None None] PATH_INFO: `/` {{(pid=62699) log_request_info /opt/stack/keystone/keystone/server/flask/request_processing/req_logging.py:28}}
Jan 19 08:30:26 ubuntu devstack@keystone.service[62699]: [pid: 62699|app: 0|req: 13/25] 10.120.125.138 () {56 vars in 955 bytes} [Mon Jan 19 08:30:26 2026] GET /identity => generated 272 bytes in 1 msecs (HTTP/1.1 300) 6 headers in 236 bytes (1 switches on core 0)
Jan 19 08:30:26 ubuntu devstack@keystone.service[62698]: DEBUG keystone.auth.core [None req-a88b51fd-264c-457e-bb17-fba1d70cbb68 None None] MFA Rules not processed for user `162a1931987d439e895b850772eab764`. Rule list: `[]` (Enabled: `True`). {{(pid=62698) check_auth_methods_against_rules /opt/stack/keystone/keystone/auth/core.py:476}}
Jan 19 08:30:26 ubuntu devstack@keystone.service[62698]: DEBUG keystone.common.fernet_utils [None req-a88b51fd-264c-457e-bb17-fba1d70cbb68 None None] Loaded 2 Fernet keys from /etc/keystone/fernet-keys/, but `[fernet_tokens] max_active_keys = 3`; perhaps there have not been enough key rotations to reach `max_active_keys` yet? {{(pid=62698) load_keys /opt/stack/keystone/keystone/common/fernet_utils.py:297}}
Jan 19 08:30:26 ubuntu devstack@keystone.service[62698]: [pid: 62698|app: 0|req: 13/26] 10.120.125.138 () {60 vars in 1052 bytes} [Mon Jan 19 08:30:26 2026] POST /identity/v3/auth/tokens => generated 864 bytes in 64 msecs (HTTP/1.1 201) 6 headers in 363 bytes (1 switches on core 0)
Jan 19 08:30:26 ubuntu devstack@keystone.service[62699]: DEBUG keystone.server.flask.request_processing.req_logging [None req-7c1c6908-e059-4b82-9c46-ca914992c205 None None] REQUEST_METHOD: `POST` {{(pid=62699) log_request_info /opt/stack/keystone/keystone/server/flask/request_processing/req_logging.py:26}}
Jan 19 08:30:26 ubuntu devstack@keystone.service[62699]: DEBUG keystone.server.flask.request_processing.req_logging [None req-7c1c6908-e059-4b82-9c46-ca914992c205 None None] SCRIPT_NAME: `/identity` {{(pid=62699) log_request_info /opt/stack/keystone/keystone/server/flask/request_processing/req_logging.py:27}}
Jan 19 08:30:26 ubuntu devstack@keystone.service[62699]: DEBUG keystone.server.flask.request_processing.req_logging [None req-7c1c6908-e059-4b82-9c46-ca914992c205 None None] PATH_INFO: `/v3/auth/tokens` {{(pid=62699) log_request_info /opt/stack/keystone/keystone/server/flask/request_processing/req_logging.py:28}}
Jan 19 08:30:26 ubuntu devstack@keystone.service[62699]: WARNING keystone.common.password_hashing [None req-7c1c6908-e059-4b82-9c46-ca914992c205 None None] Truncating password to algorithm specific maximum length 72 characters.
Jan 19 08:30:26 ubuntu devstack@keystone.service[62699]: DEBUG keystone.auth.core [None req-7c1c6908-e059-4b82-9c46-ca914992c205 None None] MFA Rules not processed for user `162a1931987d439e895b850772eab764`. Rule list: `[]` (Enabled: `True`). {{(pid=62699) check_auth_methods_against_rules /opt/stack/keystone/keystone/auth/core.py:476}}
Jan 19 08:30:26 ubuntu devstack@keystone.service[62699]: DEBUG keystone.common.fernet_utils [None req-7c1c6908-e059-4b82-9c46-ca914992c205 None None] Loaded 2 Fernet keys from /etc/keystone/fernet-keys/, but `[fernet_tokens] max_active_keys = 3`; perhaps there have not been enough key rotations to reach `max_active_keys` yet? {{(pid=62699) load_keys /opt/stack/keystone/keystone/common/fernet_utils.py:297}}
Jan 19 08:30:26 ubuntu devstack@keystone.service[62699]: [pid: 62699|app: 0|req: 14/27] 10.120.125.138 () {60 vars in 1052 bytes} [Mon Jan 19 08:30:26 2026] POST /identity/v3/auth/tokens => generated 864 bytes in 73 msecs (HTTP/1.1 201) 6 headers in 363 bytes (1 switches on core 0)
Jan 19 08:30:26 ubuntu devstack@keystone.service[62698]: DEBUG keystone.server.flask.request_processing.req_logging [None req-13341920-74fd-4256-9a2d-3f7bfba0a7f8 None None] REQUEST_METHOD: `GET` {{(pid=62698) log_request_info /opt/stack/keystone/keystone/server/flask/request_processing/req_logging.py:26}}
Jan 19 08:30:26 ubuntu devstack@keystone.service[62698]: DEBUG keystone.server.flask.request_processing.req_logging [None req-13341920-74fd-4256-9a2d-3f7bfba0a7f8 None None] SCRIPT_NAME: `/identity` {{(pid=62698) log_request_info /opt/stack/keystone/keystone/server/flask/request_processing/req_logging.py:27}}
Jan 19 08:30:26 ubuntu devstack@keystone.service[62698]: DEBUG keystone.server.flask.request_processing.req_logging [None req-13341920-74fd-4256-9a2d-3f7bfba0a7f8 None None] PATH_INFO: `/` {{(pid=62698) log_request_info /opt/stack/keystone/keystone/server/flask/request_processing/req_logging.py:28}}
Jan 19 08:30:26 ubuntu devstack@keystone.service[62698]: [pid: 62698|app: 0|req: 14/28] 10.120.125.138 () {56 vars in 955 bytes} [Mon Jan 19 08:30:26 2026] GET /identity => generated 272 bytes in 1 msecs (HTTP/1.1 300) 6 headers in 236 bytes (1 switches on core 0)
Jan 19 08:30:26 ubuntu devstack@keystone.service[62699]: DEBUG keystone.server.flask.request_processing.req_logging [None req-4baf4615-25fa-4415-8a9b-15b740fd6145 None None] REQUEST_METHOD: `GET` {{(pid=62699) log_request_info /opt/stack/keystone/keystone/server/flask/request_processing/req_logging.py:26}}
Jan 19 08:30:26 ubuntu devstack@keystone.service[62699]: DEBUG keystone.server.flask.request_processing.req_logging [None req-4baf4615-25fa-4415-8a9b-15b740fd6145 None None] SCRIPT_NAME: `/identity` {{(pid=62699) log_request_info /opt/stack/keystone/keystone/server/flask/request_processing/req_logging.py:27}}
Jan 19 08:30:26 ubuntu devstack@keystone.service[62699]: DEBUG keystone.server.flask.request_processing.req_logging [None req-4baf4615-25fa-4415-8a9b-15b740fd6145 None None] PATH_INFO: `/` {{(pid=62699) log_request_info /opt/stack/keystone/keystone/server/flask/request_processing/req_logging.py:28}}
Jan 19 08:30:26 ubuntu devstack@keystone.service[62699]: [pid: 62699|app: 0|req: 15/29] 10.120.125.138 () {56 vars in 955 bytes} [Mon Jan 19 08:30:26 2026] GET /identity => generated 272 bytes in 1 msecs (HTTP/1.1 300) 6 headers in 236 bytes (1 switches on core 0)
Jan 19 08:30:26 ubuntu devstack@keystone.service[62698]: DEBUG keystone.server.flask.request_processing.req_logging [None req-4b4fa257-2f7c-4bb9-bb32-c27a389c0e08 None None] REQUEST_METHOD: `POST` {{(pid=62698) log_request_info /opt/stack/keystone/keystone/server/flask/request_processing/req_logging.py:26}}
Jan 19 08:30:26 ubuntu devstack@keystone.service[62698]: DEBUG keystone.server.flask.request_processing.req_logging [None req-4b4fa257-2f7c-4bb9-bb32-c27a389c0e08 None None] SCRIPT_NAME: `/identity` {{(pid=62698) log_request_info /opt/stack/keystone/keystone/server/flask/request_processing/req_logging.py:27}}
Jan 19 08:30:26 ubuntu devstack@keystone.service[62698]: DEBUG keystone.server.flask.request_processing.req_logging [None req-4b4fa257-2f7c-4bb9-bb32-c27a389c0e08 None None] PATH_INFO: `/v3/auth/tokens` {{(pid=62698) log_request_info /opt/stack/keystone/keystone/server/flask/request_processing/req_logging.py:28}}
Jan 19 08:30:26 ubuntu devstack@keystone.service[62699]: DEBUG keystone.server.flask.request_processing.middleware.auth_context [None req-4baf4615-25fa-4415-8a9b-15b740fd6145 None None] Authenticating user token {{(pid=62699) process_request /opt/stack/data/venv/lib/python3.12/site-packages/keystonemiddleware/auth_token/__init__.py:407}}
Jan 19 08:30:26 ubuntu devstack@keystone.service[62698]: WARNING keystone.common.password_hashing [None req-4b4fa257-2f7c-4bb9-bb32-c27a389c0e08 None None] Truncating password to algorithm specific maximum length 72 characters.
Jan 19 08:30:26 ubuntu devstack@keystone.service[62698]: DEBUG keystone.auth.core [None req-4b4fa257-2f7c-4bb9-bb32-c27a389c0e08 None None] MFA Rules not processed for user `162a1931987d439e895b850772eab764`. Rule list: `[]` (Enabled: `True`). {{(pid=62698) check_auth_methods_against_rules /opt/stack/keystone/keystone/auth/core.py:476}}
Jan 19 08:30:26 ubuntu devstack@keystone.service[62698]: DEBUG keystone.common.fernet_utils [None req-4b4fa257-2f7c-4bb9-bb32-c27a389c0e08 None None] Loaded 2 Fernet keys from /etc/keystone/fernet-keys/, but `[fernet_tokens] max_active_keys = 3`; perhaps there have not been enough key rotations to reach `max_active_keys` yet? {{(pid=62698) load_keys /opt/stack/keystone/keystone/common/fernet_utils.py:297}}
Jan 19 08:30:26 ubuntu devstack@keystone.service[62699]: DEBUG keystone.server.flask.request_processing.middleware.auth_context [None req-4baf4615-25fa-4415-8a9b-15b740fd6145 None None] Validating token access rules against request {{(pid=62699) validate_allowed_request /opt/stack/data/venv/lib/python3.12/site-packages/keystonemiddleware/auth_token/__init__.py:545}}
Jan 19 08:30:26 ubuntu devstack@keystone.service[62698]: [pid: 62698|app: 0|req: 15/30] 10.120.125.138 () {60 vars in 1052 bytes} [Mon Jan 19 08:30:26 2026] POST /identity/v3/auth/tokens => generated 864 bytes in 70 msecs (HTTP/1.1 201) 6 headers in 363 bytes (1 switches on core 0)
Jan 19 08:30:26 ubuntu devstack@keystone.service[62698]: DEBUG keystone.server.flask.request_processing.req_logging [None req-17185528-1a63-4f06-89cf-bc8df4ac3880 None None] REQUEST_METHOD: `POST` {{(pid=62698) log_request_info /opt/stack/keystone/keystone/server/flask/request_processing/req_logging.py:26}}
Jan 19 08:30:26 ubuntu devstack@keystone.service[62698]: DEBUG keystone.server.flask.request_processing.req_logging [None req-17185528-1a63-4f06-89cf-bc8df4ac3880 None None] SCRIPT_NAME: `/identity` {{(pid=62698) log_request_info /opt/stack/keystone/keystone/server/flask/request_processing/req_logging.py:27}}
Jan 19 08:30:26 ubuntu devstack@keystone.service[62698]: DEBUG keystone.server.flask.request_processing.req_logging [None req-17185528-1a63-4f06-89cf-bc8df4ac3880 None None] PATH_INFO: `/v3/auth/tokens` {{(pid=62698) log_request_info /opt/stack/keystone/keystone/server/flask/request_processing/req_logging.py:28}}
Jan 19 08:30:26 ubuntu devstack@keystone.service[62698]: WARNING keystone.common.password_hashing [None req-17185528-1a63-4f06-89cf-bc8df4ac3880 None None] Truncating password to algorithm specific maximum length 72 characters.
Jan 19 08:30:26 ubuntu devstack@keystone.service[62699]: DEBUG keystone.server.flask.request_processing.middleware.auth_context [None req-76cf432a-16f2-47c7-8647-0f5b716eaa74 None admin] RBAC: auth_context: {'token': <TokenModel (audit_id=ybfnbzV4Txi9ikympR9Trg, audit_chain_id=['ybfnbzV4Txi9ikympR9Trg']) at 0x72f1f843de50>, 'domain_id': None, 'trust_id': None, 'trustor_id': None, 'trustee_id': None, 'domain_name': None, 'group_ids': [], 'user_id': '162a1931987d439e895b850772eab764', 'user_domain_id': 'default', 'system_scope': 'all', 'project_id': None, 'project_domain_id': None, 'roles': ['admin', 'manager', 'member', 'reader'], 'is_admin_project': True, 'service_user_id': None, 'service_user_domain_id': None, 'service_project_id': None, 'service_project_domain_id': None, 'service_roles': []} {{(pid=62699) fill_context /opt/stack/keystone/keystone/server/flask/request_processing/middleware/auth_context.py:509}}
Jan 19 08:30:26 ubuntu devstack@keystone.service[62699]: DEBUG keystone.server.flask.request_processing.req_logging [None req-76cf432a-16f2-47c7-8647-0f5b716eaa74 None admin] REQUEST_METHOD: `GET` {{(pid=62699) log_request_info /opt/stack/keystone/keystone/server/flask/request_processing/req_logging.py:26}}
Jan 19 08:30:26 ubuntu devstack@keystone.service[62699]: DEBUG keystone.server.flask.request_processing.req_logging [None req-76cf432a-16f2-47c7-8647-0f5b716eaa74 None admin] SCRIPT_NAME: `/identity` {{(pid=62699) log_request_info /opt/stack/keystone/keystone/server/flask/request_processing/req_logging.py:27}}
Jan 19 08:30:26 ubuntu devstack@keystone.service[62699]: DEBUG keystone.server.flask.request_processing.req_logging [None req-76cf432a-16f2-47c7-8647-0f5b716eaa74 None admin] PATH_INFO: `/v3/roles/admin` {{(pid=62699) log_request_info /opt/stack/keystone/keystone/server/flask/request_processing/req_logging.py:28}}
Jan 19 08:30:26 ubuntu devstack@keystone.service[62698]: DEBUG keystone.auth.core [None req-17185528-1a63-4f06-89cf-bc8df4ac3880 None None] MFA Rules not processed for user `162a1931987d439e895b850772eab764`. Rule list: `[]` (Enabled: `True`). {{(pid=62698) check_auth_methods_against_rules /opt/stack/keystone/keystone/auth/core.py:476}}
Jan 19 08:30:26 ubuntu devstack@keystone.service[62698]: DEBUG keystone.common.fernet_utils [None req-17185528-1a63-4f06-89cf-bc8df4ac3880 None None] Loaded 2 Fernet keys from /etc/keystone/fernet-keys/, but `[fernet_tokens] max_active_keys = 3`; perhaps there have not been enough key rotations to reach `max_active_keys` yet? {{(pid=62698) load_keys /opt/stack/keystone/keystone/common/fernet_utils.py:297}}
Jan 19 08:30:26 ubuntu devstack@keystone.service[62699]: DEBUG keystone.common.rbac_enforcer.enforcer [None req-76cf432a-16f2-47c7-8647-0f5b716eaa74 None admin] Extracting inferred target data resulted in "NOT FOUND (404)". {{(pid=62699) enforce_call /opt/stack/keystone/keystone/common/rbac_enforcer/enforcer.py:445}}
Jan 19 08:30:26 ubuntu devstack@keystone.service[62699]: DEBUG keystone.server.flask.application [None req-76cf432a-16f2-47c7-8647-0f5b716eaa74 None admin] Could not find role: admin. {{(pid=62699) _handle_keystone_exception /opt/stack/keystone/keystone/server/flask/application.py:146}}
Jan 19 08:30:26 ubuntu devstack@keystone.service[62699]: [pid: 62699|app: 0|req: 16/31] 10.120.125.138 () {58 vars in 1168 bytes} [Mon Jan 19 08:30:26 2026] GET /identity/v3/roles/admin => generated 83 bytes in 84 msecs (HTTP/1.1 404) 5 headers in 183 bytes (1 switches on core 0)
Jan 19 08:30:26 ubuntu devstack@keystone.service[62699]: DEBUG keystone.server.flask.request_processing.middleware.auth_context [None req-76cf432a-16f2-47c7-8647-0f5b716eaa74 None admin] Authenticating user token {{(pid=62699) process_request /opt/stack/data/venv/lib/python3.12/site-packages/keystonemiddleware/auth_token/__init__.py:407}}
Jan 19 08:30:26 ubuntu devstack@keystone.service[62698]: [pid: 62698|app: 0|req: 16/32] 10.120.125.138 () {60 vars in 1052 bytes} [Mon Jan 19 08:30:26 2026] POST /identity/v3/auth/tokens => generated 864 bytes in 49 msecs (HTTP/1.1 201) 6 headers in 363 bytes (1 switches on core 0)
Jan 19 08:30:27 ubuntu devstack@keystone.service[62698]: DEBUG keystone.server.flask.request_processing.req_logging [None req-91e61f13-c074-49b8-a3ba-f2fd6f49fc95 None None] REQUEST_METHOD: `GET` {{(pid=62698) log_request_info /opt/stack/keystone/keystone/server/flask/request_processing/req_logging.py:26}}
Jan 19 08:30:27 ubuntu devstack@keystone.service[62698]: DEBUG keystone.server.flask.request_processing.req_logging [None req-91e61f13-c074-49b8-a3ba-f2fd6f49fc95 None None] SCRIPT_NAME: `/identity` {{(pid=62698) log_request_info /opt/stack/keystone/keystone/server/flask/request_processing/req_logging.py:27}}
Jan 19 08:30:27 ubuntu devstack@keystone.service[62698]: DEBUG keystone.server.flask.request_processing.req_logging [None req-91e61f13-c074-49b8-a3ba-f2fd6f49fc95 None None] PATH_INFO: `/` {{(pid=62698) log_request_info /opt/stack/keystone/keystone/server/flask/request_processing/req_logging.py:28}}
Jan 19 08:30:27 ubuntu devstack@keystone.service[62698]: [pid: 62698|app: 0|req: 17/33] 10.120.125.138 () {56 vars in 955 bytes} [Mon Jan 19 08:30:27 2026] GET /identity => generated 272 bytes in 1 msecs (HTTP/1.1 300) 6 headers in 236 bytes (1 switches on core 0)
Jan 19 08:30:27 ubuntu devstack@keystone.service[62698]: DEBUG keystone.server.flask.request_processing.middleware.auth_context [None req-91e61f13-c074-49b8-a3ba-f2fd6f49fc95 None None] Authenticating user token {{(pid=62698) process_request /opt/stack/data/venv/lib/python3.12/site-packages/keystonemiddleware/auth_token/__init__.py:407}}
Jan 19 08:30:27 ubuntu devstack@keystone.service[62699]: DEBUG keystone.server.flask.request_processing.middleware.auth_context [None req-76cf432a-16f2-47c7-8647-0f5b716eaa74 None admin] Validating token access rules against request {{(pid=62699) validate_allowed_request /opt/stack/data/venv/lib/python3.12/site-packages/keystonemiddleware/auth_token/__init__.py:545}}
Jan 19 08:30:27 ubuntu devstack@keystone.service[62699]: DEBUG keystone.server.flask.request_processing.middleware.auth_context [None req-40bbdd42-0576-40c2-b474-7da474495aa6 None admin] RBAC: auth_context: {'token': <TokenModel (audit_id=l5J8i5oxTQKFMGf4q0kCcg, audit_chain_id=['l5J8i5oxTQKFMGf4q0kCcg']) at 0x72f1f81b87a0>, 'domain_id': None, 'trust_id': None, 'trustor_id': None, 'trustee_id': None, 'domain_name': None, 'group_ids': [], 'user_id': '162a1931987d439e895b850772eab764', 'user_domain_id': 'default', 'system_scope': 'all', 'project_id': None, 'project_domain_id': None, 'roles': ['admin', 'manager', 'member', 'reader'], 'is_admin_project': True, 'service_user_id': None, 'service_user_domain_id': None, 'service_project_id': None, 'service_project_domain_id': None, 'service_roles': []} {{(pid=62699) fill_context /opt/stack/keystone/keystone/server/flask/request_processing/middleware/auth_context.py:509}}
Jan 19 08:30:27 ubuntu devstack@keystone.service[62699]: DEBUG keystone.server.flask.request_processing.req_logging [None req-40bbdd42-0576-40c2-b474-7da474495aa6 None admin] REQUEST_METHOD: `GET` {{(pid=62699) log_request_info /opt/stack/keystone/keystone/server/flask/request_processing/req_logging.py:26}}
Jan 19 08:30:27 ubuntu devstack@keystone.service[62699]: DEBUG keystone.server.flask.request_processing.req_logging [None req-40bbdd42-0576-40c2-b474-7da474495aa6 None admin] SCRIPT_NAME: `/identity` {{(pid=62699) log_request_info /opt/stack/keystone/keystone/server/flask/request_processing/req_logging.py:27}}
Jan 19 08:30:27 ubuntu devstack@keystone.service[62699]: DEBUG keystone.server.flask.request_processing.req_logging [None req-40bbdd42-0576-40c2-b474-7da474495aa6 None admin] PATH_INFO: `/v3/domains/Default` {{(pid=62699) log_request_info /opt/stack/keystone/keystone/server/flask/request_processing/req_logging.py:28}}
Jan 19 08:30:27 ubuntu devstack@keystone.service[62699]: DEBUG keystone.common.rbac_enforcer.enforcer [None req-40bbdd42-0576-40c2-b474-7da474495aa6 None admin] RBAC: Authorizing `identity:get_domain(domain_id=Default)` {{(pid=62699) enforce_call /opt/stack/keystone/keystone/common/rbac_enforcer/enforcer.py:494}}
Jan 19 08:30:27 ubuntu devstack@keystone.service[62699]: DEBUG keystone.common.rbac_enforcer.enforcer [None req-40bbdd42-0576-40c2-b474-7da474495aa6 None admin] RBAC: Authorization granted {{(pid=62699) enforce_call /opt/stack/keystone/keystone/common/rbac_enforcer/enforcer.py:505}}
Jan 19 08:30:27 ubuntu devstack@keystone.service[62699]: DEBUG keystone.server.flask.application [None req-40bbdd42-0576-40c2-b474-7da474495aa6 None admin] Could not find domain: Default. {{(pid=62699) _handle_keystone_exception /opt/stack/keystone/keystone/server/flask/application.py:146}}
Jan 19 08:30:27 ubuntu devstack@keystone.service[62698]: DEBUG keystone.server.flask.request_processing.middleware.auth_context [None req-91e61f13-c074-49b8-a3ba-f2fd6f49fc95 None None] Validating token access rules against request {{(pid=62698) validate_allowed_request /opt/stack/data/venv/lib/python3.12/site-packages/keystonemiddleware/auth_token/__init__.py:545}}
Jan 19 08:30:27 ubuntu devstack@keystone.service[62699]: [pid: 62699|app: 0|req: 17/34] 10.120.125.138 () {58 vars in 1137 bytes} [Mon Jan 19 08:30:26 2026] GET /identity/v3/domains/Default => generated 87 bytes in 84 msecs (HTTP/1.1 404) 5 headers in 183 bytes (1 switches on core 0)
Jan 19 08:30:27 ubuntu devstack@keystone.service[62698]: DEBUG keystone.server.flask.request_processing.middleware.auth_context [None req-65183b91-1511-4ebc-b1fe-5f26db26bac7 None admin] RBAC: auth_context: {'token': <TokenModel (audit_id=ybfnbzV4Txi9ikympR9Trg, audit_chain_id=['ybfnbzV4Txi9ikympR9Trg']) at 0x72f1f85357f0>, 'domain_id': None, 'trust_id': None, 'trustor_id': None, 'trustee_id': None, 'domain_name': None, 'group_ids': [], 'user_id': '162a1931987d439e895b850772eab764', 'user_domain_id': 'default', 'system_scope': 'all', 'project_id': None, 'project_domain_id': None, 'roles': ['admin', 'manager', 'member', 'reader'], 'is_admin_project': True, 'service_user_id': None, 'service_user_domain_id': None, 'service_project_id': None, 'service_project_domain_id': None, 'service_roles': []} {{(pid=62698) fill_context /opt/stack/keystone/keystone/server/flask/request_processing/middleware/auth_context.py:509}}
Jan 19 08:30:27 ubuntu devstack@keystone.service[62698]: DEBUG keystone.server.flask.request_processing.req_logging [None req-65183b91-1511-4ebc-b1fe-5f26db26bac7 None admin] REQUEST_METHOD: `GET` {{(pid=62698) log_request_info /opt/stack/keystone/keystone/server/flask/request_processing/req_logging.py:26}}
Jan 19 08:30:27 ubuntu devstack@keystone.service[62698]: DEBUG keystone.server.flask.request_processing.req_logging [None req-65183b91-1511-4ebc-b1fe-5f26db26bac7 None admin] SCRIPT_NAME: `/identity` {{(pid=62698) log_request_info /opt/stack/keystone/keystone/server/flask/request_processing/req_logging.py:27}}
Jan 19 08:30:27 ubuntu devstack@keystone.service[62698]: DEBUG keystone.server.flask.request_processing.req_logging [None req-65183b91-1511-4ebc-b1fe-5f26db26bac7 None admin] PATH_INFO: `/v3/roles` {{(pid=62698) log_request_info /opt/stack/keystone/keystone/server/flask/request_processing/req_logging.py:28}}
Jan 19 08:30:27 ubuntu devstack@keystone.service[62698]: DEBUG keystone.common.rbac_enforcer.enforcer [None req-65183b91-1511-4ebc-b1fe-5f26db26bac7 None admin] RBAC: Adding query filter params (name=admin) {{(pid=62698) _extract_filter_values /opt/stack/keystone/keystone/common/rbac_enforcer/enforcer.py:176}}
Jan 19 08:30:27 ubuntu devstack@keystone.service[62698]: DEBUG keystone.common.rbac_enforcer.enforcer [None req-65183b91-1511-4ebc-b1fe-5f26db26bac7 None admin] RBAC: Authorizing `identity:list_roles()` {{(pid=62698) enforce_call /opt/stack/keystone/keystone/common/rbac_enforcer/enforcer.py:494}}
Jan 19 08:30:27 ubuntu devstack@keystone.service[62698]: DEBUG keystone.common.rbac_enforcer.enforcer [None req-65183b91-1511-4ebc-b1fe-5f26db26bac7 None admin] RBAC: Authorization granted {{(pid=62698) enforce_call /opt/stack/keystone/keystone/common/rbac_enforcer/enforcer.py:505}}
Jan 19 08:30:27 ubuntu devstack@keystone.service[62698]: [pid: 62698|app: 0|req: 18/35] 10.120.125.138 () {58 vars in 1184 bytes} [Mon Jan 19 08:30:27 2026] GET /identity/v3/roles?name=admin => generated 343 bytes in 68 msecs (HTTP/1.1 200) 5 headers in 177 bytes (1 switches on core 0)
Jan 19 08:30:27 ubuntu devstack@keystone.service[62699]: DEBUG keystone.server.flask.request_processing.middleware.auth_context [None req-40bbdd42-0576-40c2-b474-7da474495aa6 None admin] Authenticating user token {{(pid=62699) process_request /opt/stack/data/venv/lib/python3.12/site-packages/keystonemiddleware/auth_token/__init__.py:407}}
Jan 19 08:30:27 ubuntu devstack@keystone.service[62698]: DEBUG keystone.server.flask.request_processing.middleware.auth_context [None req-65183b91-1511-4ebc-b1fe-5f26db26bac7 None admin] Authenticating user token {{(pid=62698) process_request /opt/stack/data/venv/lib/python3.12/site-packages/keystonemiddleware/auth_token/__init__.py:407}}
Jan 19 08:30:27 ubuntu devstack@keystone.service[62699]: DEBUG keystone.server.flask.request_processing.middleware.auth_context [None req-40bbdd42-0576-40c2-b474-7da474495aa6 None admin] Validating token access rules against request {{(pid=62699) validate_allowed_request /opt/stack/data/venv/lib/python3.12/site-packages/keystonemiddleware/auth_token/__init__.py:545}}
Jan 19 08:30:27 ubuntu devstack@keystone.service[62698]: DEBUG keystone.server.flask.request_processing.middleware.auth_context [None req-65183b91-1511-4ebc-b1fe-5f26db26bac7 None admin] Validating token access rules against request {{(pid=62698) validate_allowed_request /opt/stack/data/venv/lib/python3.12/site-packages/keystonemiddleware/auth_token/__init__.py:545}}
Jan 19 08:30:27 ubuntu devstack@keystone.service[62698]: DEBUG keystone.server.flask.request_processing.middleware.auth_context [None req-6a92f424-5bbc-42ac-9a98-ef64379dcd78 None admin] RBAC: auth_context: {'token': <TokenModel (audit_id=Y3pr-QlASVqTVCamCk1Yag, audit_chain_id=['Y3pr-QlASVqTVCamCk1Yag']) at 0x72f1f83bede0>, 'domain_id': None, 'trust_id': None, 'trustor_id': None, 'trustee_id': None, 'domain_name': None, 'group_ids': [], 'user_id': '162a1931987d439e895b850772eab764', 'user_domain_id': 'default', 'system_scope': 'all', 'project_id': None, 'project_domain_id': None, 'roles': ['admin', 'manager', 'member', 'reader'], 'is_admin_project': True, 'service_user_id': None, 'service_user_domain_id': None, 'service_project_id': None, 'service_project_domain_id': None, 'service_roles': []} {{(pid=62698) fill_context /opt/stack/keystone/keystone/server/flask/request_processing/middleware/auth_context.py:509}}
Jan 19 08:30:27 ubuntu devstack@keystone.service[62699]: DEBUG keystone.server.flask.request_processing.middleware.auth_context [None req-1d18ac7d-b802-4be7-86bc-35cc33cb4b61 None admin] RBAC: auth_context: {'token': <TokenModel (audit_id=l5J8i5oxTQKFMGf4q0kCcg, audit_chain_id=['l5J8i5oxTQKFMGf4q0kCcg']) at 0x72f1f81b9d90>, 'domain_id': None, 'trust_id': None, 'trustor_id': None, 'trustee_id': None, 'domain_name': None, 'group_ids': [], 'user_id': '162a1931987d439e895b850772eab764', 'user_domain_id': 'default', 'system_scope': 'all', 'project_id': None, 'project_domain_id': None, 'roles': ['admin', 'manager', 'member', 'reader'], 'is_admin_project': True, 'service_user_id': None, 'service_user_domain_id': None, 'service_project_id': None, 'service_project_domain_id': None, 'service_roles': []} {{(pid=62699) fill_context /opt/stack/keystone/keystone/server/flask/request_processing/middleware/auth_context.py:509}}
Jan 19 08:30:27 ubuntu devstack@keystone.service[62699]: DEBUG keystone.server.flask.request_processing.req_logging [None req-1d18ac7d-b802-4be7-86bc-35cc33cb4b61 None admin] REQUEST_METHOD: `GET` {{(pid=62699) log_request_info /opt/stack/keystone/keystone/server/flask/request_processing/req_logging.py:26}}
Jan 19 08:30:27 ubuntu devstack@keystone.service[62698]: DEBUG keystone.server.flask.request_processing.req_logging [None req-6a92f424-5bbc-42ac-9a98-ef64379dcd78 None admin] REQUEST_METHOD: `POST` {{(pid=62698) log_request_info /opt/stack/keystone/keystone/server/flask/request_processing/req_logging.py:26}}
Jan 19 08:30:27 ubuntu devstack@keystone.service[62699]: DEBUG keystone.server.flask.request_processing.req_logging [None req-1d18ac7d-b802-4be7-86bc-35cc33cb4b61 None admin] SCRIPT_NAME: `/identity` {{(pid=62699) log_request_info /opt/stack/keystone/keystone/server/flask/request_processing/req_logging.py:27}}
Jan 19 08:30:27 ubuntu devstack@keystone.service[62698]: DEBUG keystone.server.flask.request_processing.req_logging [None req-6a92f424-5bbc-42ac-9a98-ef64379dcd78 None admin] SCRIPT_NAME: `/identity` {{(pid=62698) log_request_info /opt/stack/keystone/keystone/server/flask/request_processing/req_logging.py:27}}
Jan 19 08:30:27 ubuntu devstack@keystone.service[62699]: DEBUG keystone.server.flask.request_processing.req_logging [None req-1d18ac7d-b802-4be7-86bc-35cc33cb4b61 None admin] PATH_INFO: `/v3/domains` {{(pid=62699) log_request_info /opt/stack/keystone/keystone/server/flask/request_processing/req_logging.py:28}}
Jan 19 08:30:27 ubuntu devstack@keystone.service[62698]: DEBUG keystone.server.flask.request_processing.req_logging [None req-6a92f424-5bbc-42ac-9a98-ef64379dcd78 None admin] PATH_INFO: `/v3/roles` {{(pid=62698) log_request_info /opt/stack/keystone/keystone/server/flask/request_processing/req_logging.py:28}}
Jan 19 08:30:27 ubuntu devstack@keystone.service[62698]: DEBUG keystone.common.rbac_enforcer.enforcer [None req-6a92f424-5bbc-42ac-9a98-ef64379dcd78 None admin] RBAC: Authorizing `identity:create_role()` {{(pid=62698) enforce_call /opt/stack/keystone/keystone/common/rbac_enforcer/enforcer.py:494}}
Jan 19 08:30:27 ubuntu devstack@keystone.service[62699]: DEBUG keystone.common.rbac_enforcer.enforcer [None req-1d18ac7d-b802-4be7-86bc-35cc33cb4b61 None admin] RBAC: Adding query filter params (name=Default) {{(pid=62699) _extract_filter_values /opt/stack/keystone/keystone/common/rbac_enforcer/enforcer.py:176}}
Jan 19 08:30:27 ubuntu devstack@keystone.service[62699]: DEBUG keystone.common.rbac_enforcer.enforcer [None req-1d18ac7d-b802-4be7-86bc-35cc33cb4b61 None admin] RBAC: Authorizing `identity:list_domains()` {{(pid=62699) enforce_call /opt/stack/keystone/keystone/common/rbac_enforcer/enforcer.py:494}}
Jan 19 08:30:27 ubuntu devstack@keystone.service[62698]: DEBUG keystone.common.rbac_enforcer.enforcer [None req-6a92f424-5bbc-42ac-9a98-ef64379dcd78 None admin] RBAC: Authorization granted {{(pid=62698) enforce_call /opt/stack/keystone/keystone/common/rbac_enforcer/enforcer.py:505}}
Jan 19 08:30:27 ubuntu devstack@keystone.service[62699]: DEBUG keystone.common.rbac_enforcer.enforcer [None req-1d18ac7d-b802-4be7-86bc-35cc33cb4b61 None admin] RBAC: Authorization granted {{(pid=62699) enforce_call /opt/stack/keystone/keystone/common/rbac_enforcer/enforcer.py:505}}
Jan 19 08:30:27 ubuntu devstack@keystone.service[62698]: DEBUG keystone.common.sql.core [None req-6a92f424-5bbc-42ac-9a98-ef64379dcd78 None admin] Conflict role: (pymysql.err.IntegrityError) (1062, "Duplicate entry 'service-<<null>>' for key 'role.ixu_role_name_domain_id'")
Jan 19 08:30:27 ubuntu devstack@keystone.service[62698]: [SQL: INSERT INTO `role` (id, name, description, extra) VALUES (%(id)s, %(name)s, %(description)s, %(extra)s)]
Jan 19 08:30:27 ubuntu devstack@keystone.service[62698]: [parameters: {'id': '0a006276ee8d4458949c7dd503844288', 'name': 'service', 'description': None, 'extra': '{}'}]
Jan 19 08:30:27 ubuntu devstack@keystone.service[62698]: (Background on this error at: https://sqlalche.me/e/20/gkpj) {{(pid=62698) wrapper /opt/stack/keystone/keystone/common/sql/core.py:580}}
Jan 19 08:30:27 ubuntu devstack@keystone.service[62699]: [pid: 62699|app: 0|req: 18/36] 10.120.125.138 () {58 vars in 1137 bytes} [Mon Jan 19 08:30:27 2026] GET /identity/v3/domains?name=Default => generated 312 bytes in 90 msecs (HTTP/1.1 200) 5 headers in 177 bytes (1 switches on core 0)
Jan 19 08:30:27 ubuntu devstack@keystone.service[62699]: DEBUG keystone.server.flask.request_processing.middleware.auth_context [None req-1d18ac7d-b802-4be7-86bc-35cc33cb4b61 None admin] Authenticating user token {{(pid=62699) process_request /opt/stack/data/venv/lib/python3.12/site-packages/keystonemiddleware/auth_token/__init__.py:407}}
Jan 19 08:30:27 ubuntu devstack@keystone.service[62698]: ERROR keystone.server.flask.application [None req-6a92f424-5bbc-42ac-9a98-ef64379dcd78 None admin] Conflict occurred attempting to store role - Duplicate entry found with name service.: keystone.exception.Conflict: Conflict occurred attempting to store role - Duplicate entry found with name service.
Jan 19 08:30:27 ubuntu devstack@keystone.service[62698]: ERROR keystone.server.flask.application Traceback (most recent call last):
Jan 19 08:30:27 ubuntu devstack@keystone.service[62698]: ERROR keystone.server.flask.application   File "/opt/stack/data/venv/lib/python3.12/site-packages/sqlalchemy/engine/base.py", line 1967, in _exec_single_context
Jan 19 08:30:27 ubuntu devstack@keystone.service[62698]: ERROR keystone.server.flask.application     self.dialect.do_execute(
Jan 19 08:30:27 ubuntu devstack@keystone.service[62698]: ERROR keystone.server.flask.application   File "/opt/stack/data/venv/lib/python3.12/site-packages/sqlalchemy/engine/default.py", line 951, in do_execute
Jan 19 08:30:27 ubuntu devstack@keystone.service[62698]: ERROR keystone.server.flask.application     cursor.execute(statement, parameters)
Jan 19 08:30:27 ubuntu devstack@keystone.service[62698]: ERROR keystone.server.flask.application   File "/opt/stack/data/venv/lib/python3.12/site-packages/pymysql/cursors.py", line 153, in execute
Jan 19 08:30:27 ubuntu devstack@keystone.service[62698]: ERROR keystone.server.flask.application     result = self._query(query)
Jan 19 08:30:27 ubuntu devstack@keystone.service[62698]: ERROR keystone.server.flask.application              ^^^^^^^^^^^^^^^^^^
Jan 19 08:30:27 ubuntu devstack@keystone.service[62698]: ERROR keystone.server.flask.application   File "/opt/stack/data/venv/lib/python3.12/site-packages/pymysql/cursors.py", line 322, in _query
Jan 19 08:30:27 ubuntu devstack@keystone.service[62698]: ERROR keystone.server.flask.application     conn.query(q)
Jan 19 08:30:27 ubuntu devstack@keystone.service[62698]: ERROR keystone.server.flask.application   File "/opt/stack/data/venv/lib/python3.12/site-packages/pymysql/connections.py", line 575, in query
Jan 19 08:30:27 ubuntu devstack@keystone.service[62698]: ERROR keystone.server.flask.application     self._affected_rows = self._read_query_result(unbuffered=unbuffered)
Jan 19 08:30:27 ubuntu devstack@keystone.service[62698]: ERROR keystone.server.flask.application                           ^^^^^^^^^^^^^^^^^^^^^^^^^^^^^^^^^^^^^^^^^^^^^^
Jan 19 08:30:27 ubuntu devstack@keystone.service[62698]: ERROR keystone.server.flask.application   File "/opt/stack/data/venv/lib/python3.12/site-packages/pymysql/connections.py", line 826, in _read_query_result
Jan 19 08:30:27 ubuntu devstack@keystone.service[62698]: ERROR keystone.server.flask.application     result.read()
Jan 19 08:30:27 ubuntu devstack@keystone.service[62698]: ERROR keystone.server.flask.application   File "/opt/stack/data/venv/lib/python3.12/site-packages/pymysql/connections.py", line 1203, in read
Jan 19 08:30:27 ubuntu devstack@keystone.service[62698]: ERROR keystone.server.flask.application     first_packet = self.connection._read_packet()
Jan 19 08:30:27 ubuntu devstack@keystone.service[62698]: ERROR keystone.server.flask.application                    ^^^^^^^^^^^^^^^^^^^^^^^^^^^^^^
Jan 19 08:30:27 ubuntu devstack@keystone.service[62698]: ERROR keystone.server.flask.application   File "/opt/stack/data/venv/lib/python3.12/site-packages/pymysql/connections.py", line 782, in _read_packet
Jan 19 08:30:27 ubuntu devstack@keystone.service[62698]: ERROR keystone.server.flask.application     packet.raise_for_error()
Jan 19 08:30:27 ubuntu devstack@keystone.service[62698]: ERROR keystone.server.flask.application   File "/opt/stack/data/venv/lib/python3.12/site-packages/pymysql/protocol.py", line 219, in raise_for_error
Jan 19 08:30:27 ubuntu devstack@keystone.service[62698]: ERROR keystone.server.flask.application     err.raise_mysql_exception(self._data)
Jan 19 08:30:27 ubuntu devstack@keystone.service[62698]: ERROR keystone.server.flask.application   File "/opt/stack/data/venv/lib/python3.12/site-packages/pymysql/err.py", line 150, in raise_mysql_exception
Jan 19 08:30:27 ubuntu devstack@keystone.service[62698]: ERROR keystone.server.flask.application     raise errorclass(errno, errval)
Jan 19 08:30:27 ubuntu devstack@keystone.service[62698]: ERROR keystone.server.flask.application pymysql.err.IntegrityError: (1062, "Duplicate entry 'service-<<null>>' for key 'role.ixu_role_name_domain_id'")
Jan 19 08:30:27 ubuntu devstack@keystone.service[62698]: ERROR keystone.server.flask.application 
Jan 19 08:30:27 ubuntu devstack@keystone.service[62698]: ERROR keystone.server.flask.application The above exception was the direct cause of the following exception:
Jan 19 08:30:27 ubuntu devstack@keystone.service[62698]: ERROR keystone.server.flask.application 
Jan 19 08:30:27 ubuntu devstack@keystone.service[62698]: ERROR keystone.server.flask.application Traceback (most recent call last):
Jan 19 08:30:27 ubuntu devstack@keystone.service[62698]: ERROR keystone.server.flask.application   File "/opt/stack/keystone/keystone/common/sql/core.py", line 575, in wrapper
Jan 19 08:30:27 ubuntu devstack@keystone.service[62698]: ERROR keystone.server.flask.application     return method(*args, **kwargs)
Jan 19 08:30:27 ubuntu devstack@keystone.service[62698]: ERROR keystone.server.flask.application            ^^^^^^^^^^^^^^^^^^^^^^^
Jan 19 08:30:27 ubuntu devstack@keystone.service[62698]: ERROR keystone.server.flask.application   File "/opt/stack/keystone/keystone/assignment/role_backends/sql.py", line 25, in create_role
Jan 19 08:30:27 ubuntu devstack@keystone.service[62698]: ERROR keystone.server.flask.application     with sql.session_for_write() as session:
Jan 19 08:30:27 ubuntu devstack@keystone.service[62698]: ERROR keystone.server.flask.application   File "/usr/lib/python3.12/contextlib.py", line 144, in __exit__
Jan 19 08:30:27 ubuntu devstack@keystone.service[62698]: ERROR keystone.server.flask.application     next(self.gen)
Jan 19 08:30:27 ubuntu devstack@keystone.service[62698]: ERROR keystone.server.flask.application   File "/opt/stack/data/venv/lib/python3.12/site-packages/oslo_db/sqlalchemy/enginefacade.py", line 1199, in _transaction_scope
Jan 19 08:30:27 ubuntu devstack@keystone.service[62698]: ERROR keystone.server.flask.application     with current._produce_block(
Jan 19 08:30:27 ubuntu devstack@keystone.service[62698]: ERROR keystone.server.flask.application   File "/usr/lib/python3.12/contextlib.py", line 144, in __exit__
Jan 19 08:30:27 ubuntu devstack@keystone.service[62698]: ERROR keystone.server.flask.application     next(self.gen)
Jan 19 08:30:27 ubuntu devstack@keystone.service[62698]: ERROR keystone.server.flask.application   File "/opt/stack/data/venv/lib/python3.12/site-packages/oslo_db/sqlalchemy/enginefacade.py", line 850, in _session
Jan 19 08:30:27 ubuntu devstack@keystone.service[62698]: ERROR keystone.server.flask.application     with excutils.save_and_reraise_exception():
Jan 19 08:30:27 ubuntu devstack@keystone.service[62698]: ERROR keystone.server.flask.application   File "/opt/stack/data/venv/lib/python3.12/site-packages/oslo_utils/excutils.py", line 256, in __exit__
Jan 19 08:30:27 ubuntu devstack@keystone.service[62698]: ERROR keystone.server.flask.application     self.force_reraise()
Jan 19 08:30:27 ubuntu devstack@keystone.service[62698]: ERROR keystone.server.flask.application   File "/opt/stack/data/venv/lib/python3.12/site-packages/oslo_utils/excutils.py", line 222, in force_reraise
Jan 19 08:30:27 ubuntu devstack@keystone.service[62698]: ERROR keystone.server.flask.application     raise self.value
Jan 19 08:30:27 ubuntu devstack@keystone.service[62698]: ERROR keystone.server.flask.application   File "/opt/stack/data/venv/lib/python3.12/site-packages/oslo_db/sqlalchemy/enginefacade.py", line 848, in _session
Jan 19 08:30:27 ubuntu devstack@keystone.service[62698]: ERROR keystone.server.flask.application     self._end_session_transaction(self.session)
Jan 19 08:30:27 ubuntu devstack@keystone.service[62698]: ERROR keystone.server.flask.application   File "/opt/stack/data/venv/lib/python3.12/site-packages/oslo_db/sqlalchemy/enginefacade.py", line 761, in _end_session_transaction
Jan 19 08:30:27 ubuntu devstack@keystone.service[62698]: ERROR keystone.server.flask.application     session.commit()
Jan 19 08:30:27 ubuntu devstack@keystone.service[62698]: ERROR keystone.server.flask.application   File "/opt/stack/data/venv/lib/python3.12/site-packages/sqlalchemy/orm/session.py", line 2030, in commit
Jan 19 08:30:27 ubuntu devstack@keystone.service[62698]: ERROR keystone.server.flask.application     trans.commit(_to_root=True)
Jan 19 08:30:27 ubuntu devstack@keystone.service[62698]: ERROR keystone.server.flask.application   File "<string>", line 2, in commit
Jan 19 08:30:27 ubuntu devstack@keystone.service[62698]: ERROR keystone.server.flask.application   File "/opt/stack/data/venv/lib/python3.12/site-packages/sqlalchemy/orm/state_changes.py", line 137, in _go
Jan 19 08:30:27 ubuntu devstack@keystone.service[62698]: ERROR keystone.server.flask.application     ret_value = fn(self, *arg, **kw)
Jan 19 08:30:27 ubuntu devstack@keystone.service[62698]: ERROR keystone.server.flask.application                 ^^^^^^^^^^^^^^^^^^^^
Jan 19 08:30:27 ubuntu devstack@keystone.service[62698]: ERROR keystone.server.flask.application   File "/opt/stack/data/venv/lib/python3.12/site-packages/sqlalchemy/orm/session.py", line 1311, in commit
Jan 19 08:30:27 ubuntu devstack@keystone.service[62698]: ERROR keystone.server.flask.application     self._prepare_impl()
Jan 19 08:30:27 ubuntu devstack@keystone.service[62698]: ERROR keystone.server.flask.application   File "<string>", line 2, in _prepare_impl
Jan 19 08:30:27 ubuntu devstack@keystone.service[62698]: ERROR keystone.server.flask.application   File "/opt/stack/data/venv/lib/python3.12/site-packages/sqlalchemy/orm/state_changes.py", line 137, in _go
Jan 19 08:30:27 ubuntu devstack@keystone.service[62698]: ERROR keystone.server.flask.application     ret_value = fn(self, *arg, **kw)
Jan 19 08:30:27 ubuntu devstack@keystone.service[62698]: ERROR keystone.server.flask.application                 ^^^^^^^^^^^^^^^^^^^^
Jan 19 08:30:27 ubuntu devstack@keystone.service[62698]: ERROR keystone.server.flask.application   File "/opt/stack/data/venv/lib/python3.12/site-packages/sqlalchemy/orm/session.py", line 1286, in _prepare_impl
Jan 19 08:30:27 ubuntu devstack@keystone.service[62698]: ERROR keystone.server.flask.application     self.session.flush()
Jan 19 08:30:27 ubuntu devstack@keystone.service[62698]: ERROR keystone.server.flask.application   File "/opt/stack/data/venv/lib/python3.12/site-packages/sqlalchemy/orm/session.py", line 4331, in flush
Jan 19 08:30:27 ubuntu devstack@keystone.service[62698]: ERROR keystone.server.flask.application     self._flush(objects)
Jan 19 08:30:27 ubuntu devstack@keystone.service[62698]: ERROR keystone.server.flask.application   File "/opt/stack/data/venv/lib/python3.12/site-packages/sqlalchemy/orm/session.py", line 4466, in _flush
Jan 19 08:30:27 ubuntu devstack@keystone.service[62698]: ERROR keystone.server.flask.application     with util.safe_reraise():
Jan 19 08:30:27 ubuntu devstack@keystone.service[62698]: ERROR keystone.server.flask.application   File "/opt/stack/data/venv/lib/python3.12/site-packages/sqlalchemy/util/langhelpers.py", line 224, in __exit__
Jan 19 08:30:27 ubuntu devstack@keystone.service[62698]: ERROR keystone.server.flask.application     raise exc_value.with_traceback(exc_tb)
