"pcp-dstat 6.2.0 CSV Output"
"Author:","PCP team <pcp@groups.io> and Dag Wieers <dag@wieers.com>",,,,"URL:","https://pcp.io/ and http://dag.wieers.com/home-made/dstat/"
"Host:","np0000093862",,,,"User:","ubuntu"
"Cmdline:","dstat -tcmndrylpg --tcp --output /tmp/devstack_logs/dstat-csv.log",,,,"Date:","07 Apr 2026 20:58:03 UTC"
"system","total usage",,,,,"memory usage",,,,"net/total",,"dsk/total",,"io/total",,"system",,"load avg",,,"procs",,,"paging",,"tcp sockets",,,,
"time","total usage:usr","total usage:sys","total usage:idl","total usage:wai","total usage:stl","used","free","buf","cach","net/total:recv","net/total:send","dsk/total:read","dsk/total:writ","read","writ","int","csw","1m","5m","15m","run","blk","new","in","out","lis","act","syn","tim","clo"
07-04 20:58:03,,1001640,1690680,159508,4973980,,,,,,,1.120,1.010,0.710,1,1,,,,10,6,0,18,0
07-04 20:58:04,25.907,19.680,52.313,0.249,0,1034972,1656964,159580,4974172,17642.946,8058.201,0,797.151,0,24.911,4987,3263,1.120,1.010,0.710,2,0,226.192,0,0,10,5,0,18,1
07-04 20:58:05,25.058,20.798,52.120,0.501,0,1031124,1660500,159672,4974316,55200.155,9027.796,0,894.059,0,27.062,4918,2798,1.120,1.010,0.710,2,0,211.487,0,0,10,4,0,18,2
07-04 20:58:06,24.426,20.687,53.338,0.748,0,1036104,1654936,159764,4974728,42248.783,9719.503,0,2372.799,0,123.625,4789,2719,1.120,1.010,0.710,3,0,191.419,0,0,10,4,0,12,2
07-04 20:58:07,28.246,20.247,48.742,0,0,1054004,1636636,159856,4975300,19471.899,8013.724,0,963.846,0,27.996,5343,4111,1.120,1.010,0.710,9,0,185.970,0,0,10,4,0,12,2
07-04 20:58:08,42.738,20.866,35.448,0.503,0,1066212,1606864,159988,4991756,178890.975,8394.832,32.180,1238.911,3.017,33.185,5004,3572,1.110,1.010,0.720,3,0,193.077,0,0,10,4,0,12,2
07-04 20:58:09,44.153,18.709,36.420,0.748,0,1063744,1596488,160788,5002188,6404.966,1839.968,0,1257.245,0,56.875,5515,6007,1.110,1.010,0.720,2,0,156.657,0,0,10,4,1,12,2
07-04 20:58:10,39.785,15.513,42.287,1.251,0,1079752,1561436,161288,5018252,5697.955,1695.475,652.568,1401.219,19.017,30.026,5438,5276,1.110,1.010,0.720,2,0,135.118,0,0,10,4,1,12,2
07-04 20:58:11,36.724,16.488,43.719,1.999,0,1095680,1521004,161964,5039732,11121.031,1692.787,359.742,10708.327,18.986,105.924,4862,4360,1.110,1.010,0.720,2,0,79.943,0,0,10,4,1,12,2
07-04 20:58:12,27.002,9.001,62.254,1.750,0,1071284,1514448,163132,5066340,10039.683,1694.115,0,4972.338,0,117.008,2623,1990,1.110,1.010,0.720,3,0,12.001,0,0,10,4,1,12,2
07-04 20:58:13,21.751,1.500,74.505,0.750,0,1063752,1507896,163968,5077468,10615.702,2608.172,0,2140.141,0,77.005,2004,1535,1.100,1.010,0.720,0,0,1.000,0,0,10,5,1,12,2
07-04 20:58:14,18.743,2.249,78.220,0.250,0,1068016,1521088,163972,5060384,16042.766,3409.675,0,147.943,0,7.997,1547,841,1.100,1.010,0.720,1,0,1.999,0,0,10,2,1,12,0
07-04 20:58:15,17.498,3.250,78.491,0,0,1081272,1507792,164000,5060392,14839.326,3729.579,0,4.000,0,1.000,1706,918,1.100,1.010,0.720,0,0,32.996,0,0,10,3,1,12,0
07-04 20:58:16,21.756,4.501,73.272,0,0,1077500,1505056,164284,5066036,12313.617,1934.568,0,16724.913,0,203.060,1925,1142,1.100,1.010,0.720,1,0,3.001,0,0,10,2,1,12,0
07-04 20:58:17,16.503,2.751,79.515,0.250,0,1087016,1488672,164792,5071144,13838.664,4801.924,0,1600.308,0,24.005,1549,943,1.100,1.010,0.720,2,0,18.003,0,0,10,2,1,12,0
07-04 20:58:18,22.529,5.758,69.841,0,0,1064276,1510716,164844,5071660,9804.799,1459.906,0,941.229,0,118.154,11998,21462,1.170,1.030,0.720,1,0,12.016,0,0,10,2,1,12,0
07-04 20:58:19,23.266,5.254,70.298,0,0,1062908,1511912,164888,5071752,9459.426,1621.101,0,0,0,0,7145,12955,1.170,1.030,0.720,1,0,13.009,0,0,10,2,1,12,0
07-04 20:58:20,19.952,4.739,73.823,0,0,1006872,1580504,164940,5060472,5563.684,1528.342,0,1097.374,0,11.971,1749,928,1.170,1.030,0.720,1,0,7.981,0,0,10,2,1,12,0
07-04 20:58:21,10.999,3.500,85.489,0,0,962424,1625116,164944,5060396,14617.195,133391.527,0,25332.872,0,720.911,1823,993,1.170,1.030,0.720,0,0,4.000,0,0,10,2,1,12,0
07-04 20:58:22,0,0.750,99.009,0,0,953816,1633724,164944,5060396,8530.748,594.052,0,4.000,0,1.000,481,553,1.170,1.030,0.720,0,0,0,0,0,10,2,1,11,0
07-04 20:58:23,0.750,0,98.462,0,0,946000,1641536,164944,5060400,8948.555,1025.605,0,0,0,0,542,618,1.080,1.010,0.720,0,0,1.000,0,0,10,2,1,11,0
07-04 20:58:24,0.250,0.250,98.560,0,0,939160,1648372,164944,5060404,8392.118,1620.989,0,0,0,0,461,542,1.080,1.010,0.720,0,0,0,0,0,10,2,1,11,0
07-04 20:58:25,0.250,0.500,98.989,0,0,933268,1654264,164944,5060404,5483.378,1511.829,0,0,0,0,455,548,1.080,1.010,0.720,0,0,0,0,0,10,2,1,11,0
07-04 20:58:26,0.500,0,98.229,0.250,0,928036,1659504,164944,5060404,11719.515,1565.668,0,1931.590,0,10.998,558,567,1.080,1.010,0.720,0,1,0,0,0,10,2,1,10,0
07-04 20:58:27,0.250,2.000,96.743,0.750,0,923476,1664060,164948,5060404,9953.267,1619.881,0,25878.095,0,131.990,864,852,1.080,1.010,0.720,0,0,0,0,0,10,2,1,10,0
07-04 20:58:28,0.250,0.250,98.497,0,0,918516,1669020,164948,5060404,9933.702,1585.952,0,16.000,0,2.000,538,588,0.990,0.990,0.720,0,0,0,0,0,10,2,1,10,0
07-04 20:58:29,0.500,0.250,99.268,0,0,915484,1672052,164948,5060404,8207.486,1620.293,0,0,0,0,519,577,0.990,0.990,0.720,1,0,0,0,0,10,2,1,10,0
07-04 20:58:30,0.250,0,98.511,0,0,911712,1675824,164948,5060404,6725.766,1566.178,0,2260.258,0,14.002,496,560,0.990,0.990,0.720,0,0,0,0,0,10,2,1,10,0
07-04 20:58:31,0.500,0.500,98.516,0,0,906672,1680864,164948,5060404,10322.639,1620.257,0,636.101,0,2.000,509,558,0.990,0.990,0.720,0,0,0,0,0,10,2,1,10,0
07-04 20:58:32,0.500,0.250,98.499,0,0,903144,1684392,164948,5060404,9063.917,1241.989,0,3615.967,0,40.000,562,589,0.990,0.990,0.720,0,0,0,0,0,10,2,1,10,0
07-04 20:58:33,0.249,0.499,98.769,0,0,896380,1691156,164948,5060404,6191.550,1346.857,0,3.991,0,0.998,535,630,0.910,0.980,0.710,0,0,0.998,0,0,10,2,1,10,0
07-04 20:58:34,0.501,0,98.681,0,0,891388,1696148,164948,5060404,9959.249,1568.875,0,4.007,0,1.002,531,550,0.910,0.980,0.710,0,0,0,0,0,10,2,1,10,0
07-04 20:58:35,1.000,1.750,96.764,0,0,886364,1701172,164948,5060404,44989.377,1512.214,0,0,0,0,805,635,0.910,0.980,0.710,0,0,6.001,0,0,10,2,1,10,0
07-04 20:58:36,0.250,0.250,98.717,0.250,0,884244,1703508,164948,5060404,9617.763,1619.455,0,127.957,0,2.999,555,584,0.910,0.980,0.710,0,0,0,0,0,10,2,1,10,0
07-04 20:58:37,0.750,0.250,98.802,0,0,882204,1705548,164948,5060404,10275.429,1566.828,0,0,0,0,512,553,0.910,0.980,0.710,0,0,0,0,0,10,2,1,10,0
07-04 20:58:38,0,0.250,98.502,0,0,880900,1706852,164948,5060404,10406.161,1512.023,0,96.001,0,15.000,561,584,0.840,0.960,0.710,0,0,0,0,0,10,2,1,10,0
07-04 20:58:39,0.250,0.500,98.741,0,0,880872,1706880,164948,5060404,8643.231,1565.861,0,4.000,0,1.000,512,555,0.840,0.960,0.710,0,0,0,0,0,10,2,1,10,0
07-04 20:58:40,0.250,0.250,98.998,0,0,880696,1707052,164948,5060408,6551.861,1511.968,0,8.000,0,1.000,463,554,0.840,0.960,0.710,0,0,0,0,0,10,2,1,10,0
07-04 20:58:41,0.250,0.500,98.748,0,0,880676,1707164,164948,5060408,6212.874,1619.967,0,35.999,0,2.000,486,575,0.840,0.960,0.710,0,0,0,0,0,10,2,1,10,0
07-04 20:58:42,0.749,2.997,95.410,0.250,0,880928,1706912,164948,5060408,10459.148,1618.475,0,53997.137,0,245.768,1128,1066,0.840,0.960,0.710,0,0,0,0,0,10,2,1,10,0
07-04 20:58:43,0.500,0.250,98.847,0,0,880928,1706912,164948,5060408,10425.259,1621.596,0,0,0,0,567,622,0.770,0.940,0.700,0,0,1.001,0,0,10,2,1,10,0
07-04 20:58:44,0.250,0.500,98.452,0,0,880928,1706912,164948,5060408,10762.790,1693.180,0,0,0,0,516,547,0.770,0.940,0.700,0,0,0,0,0,10,2,1,10,0
07-04 20:58:45,0.500,0.250,98.781,0,0,880928,1706912,164948,5060408,9089.836,1662.519,0,4.001,0,1.000,510,557,0.770,0.940,0.700,0,0,0,0,0,10,2,1,10,0
07-04 20:58:46,10.500,5.250,82.504,0,0,861540,1726300,164948,5060408,10284.438,1608.068,0,4.000,0,1.000,2133,7439,0.770,0.940,0.700,1,0,36.002,0,0,10,2,1,11,0
07-04 20:58:47,0.500,0.750,98.504,0,0,861544,1726300,164948,5060408,8012.286,1620.058,0,3700.132,0,21.001,542,593,0.770,0.940,0.700,0,0,0,0,0,10,2,1,9,0
07-04 20:58:48,0.250,1.250,97.494,0,0,861544,1726300,164948,5060408,6458.615,1619.903,0,27906.335,0,115.993,808,800,0.710,0.930,0.700,0,0,0,0,0,10,2,1,9,0
07-04 20:58:49,0.500,0.250,98.999,0,0,861544,1726300,164948,5060408,9770.927,1511.989,0,0,0,0,515,556,0.710,0.930,0.700,0,0,0,0,0,10,2,1,9,0
07-04 20:58:50,0.999,0.500,98.174,0,0,861512,1726300,164948,5060440,7519.153,1660.709,0,0,0,0,527,558,0.710,0.930,0.700,0,0,0,0,0,10,2,1,9,0
07-04 20:58:51,0.250,0.250,98.535,0,0,861508,1726300,164948,5060444,10027.584,756.270,0,8.003,0,2.001,535,543,0.710,0.930,0.700,0,0,0,0,0,10,2,1,4,0
07-04 20:58:52,13.508,2.251,83.802,0.250,0,876124,1711684,164948,5060444,288291.177,7200.500,0,572.358,0,4.003,1753,1088,0.710,0.930,0.700,1,0,7.004,0,0,10,2,1,4,0
07-04 20:58:53,12.499,4.750,81.245,0.500,0,878664,1709032,164952,5060552,297679.949,13357.100,107.993,87.994,5.000,2.000,2605,1581,0.730,0.930,0.700,2,0,32.998,0,0,10,2,1,4,0
07-04 20:58:54,14.987,6.494,77.432,0,0,890628,1696952,164952,5060668,157593.201,5643.066,0,259.773,0,40.964,2426,1324,0.730,0.930,0.700,1,0,24.978,0,0,10,2,1,4,0
