Jan 19 14:18:04 ubuntu devstack@keystone.service[61704]: DEBUG keystone.common.rbac_enforcer.enforcer [None req-b865c2fb-1b09-4380-b593-b357ea178a9e None admin] RBAC: Authorizing `identity:create_grant(domain_id=default, user_id=6d2ca00004fe40628498fa694df8b88b, role_id=791a42fca9ef43ffa772c6094732b06f)` {{(pid=61704) enforce_call /opt/stack/keystone/keystone/common/rbac_enforcer/enforcer.py:494}}
Jan 19 14:18:04 ubuntu devstack@keystone.service[61704]: DEBUG keystone.common.rbac_enforcer.enforcer [None req-b865c2fb-1b09-4380-b593-b357ea178a9e None admin] RBAC: Authorization granted {{(pid=61704) enforce_call /opt/stack/keystone/keystone/common/rbac_enforcer/enforcer.py:505}}
Jan 19 14:18:04 ubuntu devstack@keystone.service[61704]: [pid: 61704|app: 0|req: 11/21] 10.120.125.138 () {60 vars in 1433 bytes} [Mon Jan 19 14:18:04 2026] PUT /identity/v3/domains/default/users/6d2ca00004fe40628498fa694df8b88b/roles/791a42fca9ef43ffa772c6094732b06f => generated 0 bytes in 133 msecs (HTTP/1.1 204) 3 headers in 132 bytes (0 switches on core 0)
Jan 19 14:18:05 ubuntu devstack@keystone.service[61703]: DEBUG keystone.server.flask.request_processing.req_logging [None req-3bbe9bf6-f3e4-4a53-862c-9d41661a8055 None None] REQUEST_METHOD: `GET` {{(pid=61703) log_request_info /opt/stack/keystone/keystone/server/flask/request_processing/req_logging.py:26}}
Jan 19 14:18:05 ubuntu devstack@keystone.service[61703]: DEBUG keystone.server.flask.request_processing.req_logging [None req-3bbe9bf6-f3e4-4a53-862c-9d41661a8055 None None] SCRIPT_NAME: `/identity` {{(pid=61703) log_request_info /opt/stack/keystone/keystone/server/flask/request_processing/req_logging.py:27}}
Jan 19 14:18:05 ubuntu devstack@keystone.service[61703]: DEBUG keystone.server.flask.request_processing.req_logging [None req-3bbe9bf6-f3e4-4a53-862c-9d41661a8055 None None] PATH_INFO: `/` {{(pid=61703) log_request_info /opt/stack/keystone/keystone/server/flask/request_processing/req_logging.py:28}}
Jan 19 14:18:05 ubuntu devstack@keystone.service[61703]: [pid: 61703|app: 0|req: 11/22] 10.120.125.138 () {56 vars in 955 bytes} [Mon Jan 19 14:18:05 2026] GET /identity => generated 272 bytes in 1 msecs (HTTP/1.1 300) 6 headers in 236 bytes (1 switches on core 0)
Jan 19 14:18:05 ubuntu devstack@keystone.service[61704]: DEBUG keystone.server.flask.request_processing.req_logging [None req-f8b9a7a7-294e-48aa-8b84-e105bc555ad3 None None] REQUEST_METHOD: `POST` {{(pid=61704) log_request_info /opt/stack/keystone/keystone/server/flask/request_processing/req_logging.py:26}}
Jan 19 14:18:05 ubuntu devstack@keystone.service[61704]: DEBUG keystone.server.flask.request_processing.req_logging [None req-f8b9a7a7-294e-48aa-8b84-e105bc555ad3 None None] SCRIPT_NAME: `/identity` {{(pid=61704) log_request_info /opt/stack/keystone/keystone/server/flask/request_processing/req_logging.py:27}}
Jan 19 14:18:05 ubuntu devstack@keystone.service[61704]: DEBUG keystone.server.flask.request_processing.req_logging [None req-f8b9a7a7-294e-48aa-8b84-e105bc555ad3 None None] PATH_INFO: `/v3/auth/tokens` {{(pid=61704) log_request_info /opt/stack/keystone/keystone/server/flask/request_processing/req_logging.py:28}}
Jan 19 14:18:05 ubuntu devstack@keystone.service[61704]: WARNING keystone.common.password_hashing [None req-f8b9a7a7-294e-48aa-8b84-e105bc555ad3 None None] Truncating password to algorithm specific maximum length 72 characters.
Jan 19 14:18:05 ubuntu devstack@keystone.service[61704]: DEBUG keystone.auth.core [None req-f8b9a7a7-294e-48aa-8b84-e105bc555ad3 None None] MFA Rules not processed for user `6d2ca00004fe40628498fa694df8b88b`. Rule list: `[]` (Enabled: `True`). {{(pid=61704) check_auth_methods_against_rules /opt/stack/keystone/keystone/auth/core.py:476}}
Jan 19 14:18:05 ubuntu devstack@keystone.service[61704]: DEBUG keystone.common.fernet_utils [None req-f8b9a7a7-294e-48aa-8b84-e105bc555ad3 None None] Loaded 2 Fernet keys from /etc/keystone/fernet-keys/, but `[fernet_tokens] max_active_keys = 3`; perhaps there have not been enough key rotations to reach `max_active_keys` yet? {{(pid=61704) load_keys /opt/stack/keystone/keystone/common/fernet_utils.py:297}}
Jan 19 14:18:06 ubuntu devstack@keystone.service[61704]: [pid: 61704|app: 0|req: 12/23] 10.120.125.138 () {60 vars in 1052 bytes} [Mon Jan 19 14:18:05 2026] POST /identity/v3/auth/tokens => generated 864 bytes in 64 msecs (HTTP/1.1 201) 6 headers in 363 bytes (1 switches on core 0)
Jan 19 14:18:06 ubuntu devstack@keystone.service[61703]: DEBUG keystone.server.flask.request_processing.req_logging [None req-61d62230-5057-4af8-a4c0-6d0ba6dbd3df None None] REQUEST_METHOD: `GET` {{(pid=61703) log_request_info /opt/stack/keystone/keystone/server/flask/request_processing/req_logging.py:26}}
Jan 19 14:18:06 ubuntu devstack@keystone.service[61703]: DEBUG keystone.server.flask.request_processing.req_logging [None req-61d62230-5057-4af8-a4c0-6d0ba6dbd3df None None] SCRIPT_NAME: `/identity` {{(pid=61703) log_request_info /opt/stack/keystone/keystone/server/flask/request_processing/req_logging.py:27}}
Jan 19 14:18:06 ubuntu devstack@keystone.service[61703]: DEBUG keystone.server.flask.request_processing.req_logging [None req-61d62230-5057-4af8-a4c0-6d0ba6dbd3df None None] PATH_INFO: `/` {{(pid=61703) log_request_info /opt/stack/keystone/keystone/server/flask/request_processing/req_logging.py:28}}
Jan 19 14:18:06 ubuntu devstack@keystone.service[61703]: [pid: 61703|app: 0|req: 12/24] 10.120.125.138 () {56 vars in 955 bytes} [Mon Jan 19 14:18:06 2026] GET /identity => generated 272 bytes in 1 msecs (HTTP/1.1 300) 6 headers in 236 bytes (1 switches on core 0)
Jan 19 14:18:06 ubuntu devstack@keystone.service[61704]: DEBUG keystone.server.flask.request_processing.req_logging [None req-2529e526-a601-4b0e-b467-cfab551b85b6 None None] REQUEST_METHOD: `POST` {{(pid=61704) log_request_info /opt/stack/keystone/keystone/server/flask/request_processing/req_logging.py:26}}
Jan 19 14:18:06 ubuntu devstack@keystone.service[61704]: DEBUG keystone.server.flask.request_processing.req_logging [None req-2529e526-a601-4b0e-b467-cfab551b85b6 None None] SCRIPT_NAME: `/identity` {{(pid=61704) log_request_info /opt/stack/keystone/keystone/server/flask/request_processing/req_logging.py:27}}
Jan 19 14:18:06 ubuntu devstack@keystone.service[61704]: DEBUG keystone.server.flask.request_processing.req_logging [None req-2529e526-a601-4b0e-b467-cfab551b85b6 None None] PATH_INFO: `/v3/auth/tokens` {{(pid=61704) log_request_info /opt/stack/keystone/keystone/server/flask/request_processing/req_logging.py:28}}
Jan 19 14:18:06 ubuntu devstack@keystone.service[61704]: WARNING keystone.common.password_hashing [None req-2529e526-a601-4b0e-b467-cfab551b85b6 None None] Truncating password to algorithm specific maximum length 72 characters.
Jan 19 14:18:06 ubuntu devstack@keystone.service[61704]: DEBUG keystone.auth.core [None req-2529e526-a601-4b0e-b467-cfab551b85b6 None None] MFA Rules not processed for user `6d2ca00004fe40628498fa694df8b88b`. Rule list: `[]` (Enabled: `True`). {{(pid=61704) check_auth_methods_against_rules /opt/stack/keystone/keystone/auth/core.py:476}}
Jan 19 14:18:06 ubuntu devstack@keystone.service[61704]: DEBUG keystone.common.fernet_utils [None req-2529e526-a601-4b0e-b467-cfab551b85b6 None None] Loaded 2 Fernet keys from /etc/keystone/fernet-keys/, but `[fernet_tokens] max_active_keys = 3`; perhaps there have not been enough key rotations to reach `max_active_keys` yet? {{(pid=61704) load_keys /opt/stack/keystone/keystone/common/fernet_utils.py:297}}
Jan 19 14:18:06 ubuntu devstack@keystone.service[61704]: [pid: 61704|app: 0|req: 13/25] 10.120.125.138 () {60 vars in 1052 bytes} [Mon Jan 19 14:18:06 2026] POST /identity/v3/auth/tokens => generated 864 bytes in 61 msecs (HTTP/1.1 201) 6 headers in 363 bytes (1 switches on core 0)
Jan 19 14:18:06 ubuntu devstack@keystone.service[61703]: DEBUG keystone.server.flask.request_processing.req_logging [None req-9559531a-6ead-4ca6-81bf-972594c998dc None None] REQUEST_METHOD: `GET` {{(pid=61703) log_request_info /opt/stack/keystone/keystone/server/flask/request_processing/req_logging.py:26}}
Jan 19 14:18:06 ubuntu devstack@keystone.service[61703]: DEBUG keystone.server.flask.request_processing.req_logging [None req-9559531a-6ead-4ca6-81bf-972594c998dc None None] SCRIPT_NAME: `/identity` {{(pid=61703) log_request_info /opt/stack/keystone/keystone/server/flask/request_processing/req_logging.py:27}}
Jan 19 14:18:06 ubuntu devstack@keystone.service[61703]: DEBUG keystone.server.flask.request_processing.req_logging [None req-9559531a-6ead-4ca6-81bf-972594c998dc None None] PATH_INFO: `/` {{(pid=61703) log_request_info /opt/stack/keystone/keystone/server/flask/request_processing/req_logging.py:28}}
Jan 19 14:18:06 ubuntu devstack@keystone.service[61703]: [pid: 61703|app: 0|req: 13/26] 10.120.125.138 () {56 vars in 955 bytes} [Mon Jan 19 14:18:06 2026] GET /identity => generated 272 bytes in 1 msecs (HTTP/1.1 300) 6 headers in 236 bytes (1 switches on core 0)
Jan 19 14:18:06 ubuntu devstack@keystone.service[61704]: DEBUG keystone.server.flask.request_processing.req_logging [None req-0083fb4c-0749-45c0-b4ea-6cb717e2ec40 None None] REQUEST_METHOD: `GET` {{(pid=61704) log_request_info /opt/stack/keystone/keystone/server/flask/request_processing/req_logging.py:26}}
Jan 19 14:18:06 ubuntu devstack@keystone.service[61704]: DEBUG keystone.server.flask.request_processing.req_logging [None req-0083fb4c-0749-45c0-b4ea-6cb717e2ec40 None None] SCRIPT_NAME: `/identity` {{(pid=61704) log_request_info /opt/stack/keystone/keystone/server/flask/request_processing/req_logging.py:27}}
Jan 19 14:18:06 ubuntu devstack@keystone.service[61704]: DEBUG keystone.server.flask.request_processing.req_logging [None req-0083fb4c-0749-45c0-b4ea-6cb717e2ec40 None None] PATH_INFO: `/` {{(pid=61704) log_request_info /opt/stack/keystone/keystone/server/flask/request_processing/req_logging.py:28}}
Jan 19 14:18:06 ubuntu devstack@keystone.service[61704]: [pid: 61704|app: 0|req: 14/27] 10.120.125.138 () {56 vars in 955 bytes} [Mon Jan 19 14:18:06 2026] GET /identity => generated 272 bytes in 1 msecs (HTTP/1.1 300) 6 headers in 236 bytes (1 switches on core 0)
Jan 19 14:18:06 ubuntu devstack@keystone.service[61703]: DEBUG keystone.server.flask.request_processing.req_logging [None req-177d3708-b615-4b99-8c00-9678ba451f3f None None] REQUEST_METHOD: `POST` {{(pid=61703) log_request_info /opt/stack/keystone/keystone/server/flask/request_processing/req_logging.py:26}}
Jan 19 14:18:06 ubuntu devstack@keystone.service[61703]: DEBUG keystone.server.flask.request_processing.req_logging [None req-177d3708-b615-4b99-8c00-9678ba451f3f None None] SCRIPT_NAME: `/identity` {{(pid=61703) log_request_info /opt/stack/keystone/keystone/server/flask/request_processing/req_logging.py:27}}
Jan 19 14:18:06 ubuntu devstack@keystone.service[61703]: DEBUG keystone.server.flask.request_processing.req_logging [None req-177d3708-b615-4b99-8c00-9678ba451f3f None None] PATH_INFO: `/v3/auth/tokens` {{(pid=61703) log_request_info /opt/stack/keystone/keystone/server/flask/request_processing/req_logging.py:28}}
Jan 19 14:18:06 ubuntu devstack@keystone.service[61704]: DEBUG keystone.server.flask.request_processing.req_logging [None req-e8bf9698-c2fb-45eb-a4a6-2711b53d431a None None] REQUEST_METHOD: `GET` {{(pid=61704) log_request_info /opt/stack/keystone/keystone/server/flask/request_processing/req_logging.py:26}}
Jan 19 14:18:06 ubuntu devstack@keystone.service[61704]: DEBUG keystone.server.flask.request_processing.req_logging [None req-e8bf9698-c2fb-45eb-a4a6-2711b53d431a None None] SCRIPT_NAME: `/identity` {{(pid=61704) log_request_info /opt/stack/keystone/keystone/server/flask/request_processing/req_logging.py:27}}
Jan 19 14:18:06 ubuntu devstack@keystone.service[61704]: DEBUG keystone.server.flask.request_processing.req_logging [None req-e8bf9698-c2fb-45eb-a4a6-2711b53d431a None None] PATH_INFO: `/` {{(pid=61704) log_request_info /opt/stack/keystone/keystone/server/flask/request_processing/req_logging.py:28}}
Jan 19 14:18:06 ubuntu devstack@keystone.service[61704]: [pid: 61704|app: 0|req: 15/28] 10.120.125.138 () {56 vars in 954 bytes} [Mon Jan 19 14:18:06 2026] GET /identity => generated 272 bytes in 1 msecs (HTTP/1.1 300) 6 headers in 236 bytes (2 switches on core 0)
Jan 19 14:18:06 ubuntu devstack@keystone.service[61704]: DEBUG keystone.server.flask.request_processing.middleware.auth_context [None req-e8bf9698-c2fb-45eb-a4a6-2711b53d431a None None] Authenticating user token {{(pid=61704) process_request /opt/stack/data/venv/lib/python3.12/site-packages/keystonemiddleware/auth_token/__init__.py:407}}
Jan 19 14:18:06 ubuntu devstack@keystone.service[61703]: WARNING keystone.common.password_hashing [None req-177d3708-b615-4b99-8c00-9678ba451f3f None None] Truncating password to algorithm specific maximum length 72 characters.
Jan 19 14:18:06 ubuntu devstack@keystone.service[61703]: DEBUG keystone.auth.core [None req-177d3708-b615-4b99-8c00-9678ba451f3f None None] MFA Rules not processed for user `6d2ca00004fe40628498fa694df8b88b`. Rule list: `[]` (Enabled: `True`). {{(pid=61703) check_auth_methods_against_rules /opt/stack/keystone/keystone/auth/core.py:476}}
Jan 19 14:18:06 ubuntu devstack@keystone.service[61703]: DEBUG keystone.common.fernet_utils [None req-177d3708-b615-4b99-8c00-9678ba451f3f None None] Loaded 2 Fernet keys from /etc/keystone/fernet-keys/, but `[fernet_tokens] max_active_keys = 3`; perhaps there have not been enough key rotations to reach `max_active_keys` yet? {{(pid=61703) load_keys /opt/stack/keystone/keystone/common/fernet_utils.py:297}}
Jan 19 14:18:06 ubuntu devstack@keystone.service[61704]: DEBUG keystone.server.flask.request_processing.middleware.auth_context [None req-e8bf9698-c2fb-45eb-a4a6-2711b53d431a None None] Validating token access rules against request {{(pid=61704) validate_allowed_request /opt/stack/data/venv/lib/python3.12/site-packages/keystonemiddleware/auth_token/__init__.py:545}}
Jan 19 14:18:06 ubuntu devstack@keystone.service[61703]: [pid: 61703|app: 0|req: 14/29] 10.120.125.138 () {60 vars in 1051 bytes} [Mon Jan 19 14:18:06 2026] POST /identity/v3/auth/tokens => generated 864 bytes in 66 msecs (HTTP/1.1 201) 6 headers in 363 bytes (2 switches on core 0)
Jan 19 14:18:06 ubuntu devstack@keystone.service[61703]: DEBUG keystone.server.flask.request_processing.req_logging [None req-c78b9854-8211-4cb7-b6f7-3dd56f475b76 None None] REQUEST_METHOD: `POST` {{(pid=61703) log_request_info /opt/stack/keystone/keystone/server/flask/request_processing/req_logging.py:26}}
Jan 19 14:18:06 ubuntu devstack@keystone.service[61703]: DEBUG keystone.server.flask.request_processing.req_logging [None req-c78b9854-8211-4cb7-b6f7-3dd56f475b76 None None] SCRIPT_NAME: `/identity` {{(pid=61703) log_request_info /opt/stack/keystone/keystone/server/flask/request_processing/req_logging.py:27}}
Jan 19 14:18:06 ubuntu devstack@keystone.service[61703]: DEBUG keystone.server.flask.request_processing.req_logging [None req-c78b9854-8211-4cb7-b6f7-3dd56f475b76 None None] PATH_INFO: `/v3/auth/tokens` {{(pid=61703) log_request_info /opt/stack/keystone/keystone/server/flask/request_processing/req_logging.py:28}}
Jan 19 14:18:06 ubuntu devstack@keystone.service[61703]: WARNING keystone.common.password_hashing [None req-c78b9854-8211-4cb7-b6f7-3dd56f475b76 None None] Truncating password to algorithm specific maximum length 72 characters.
Jan 19 14:18:06 ubuntu devstack@keystone.service[61704]: DEBUG keystone.server.flask.request_processing.middleware.auth_context [None req-0c971a4d-793b-4631-be9c-09931e2d517e None admin] RBAC: auth_context: {'token': <TokenModel (audit_id=3DHkH0hNR2mNmzGb4o3HeA, audit_chain_id=['3DHkH0hNR2mNmzGb4o3HeA']) at 0x7be4400ff800>, 'domain_id': None, 'trust_id': None, 'trustor_id': None, 'trustee_id': None, 'domain_name': None, 'group_ids': [], 'user_id': '6d2ca00004fe40628498fa694df8b88b', 'user_domain_id': 'default', 'system_scope': 'all', 'project_id': None, 'project_domain_id': None, 'roles': ['admin', 'manager', 'member', 'reader'], 'is_admin_project': True, 'service_user_id': None, 'service_user_domain_id': None, 'service_project_id': None, 'service_project_domain_id': None, 'service_roles': []} {{(pid=61704) fill_context /opt/stack/keystone/keystone/server/flask/request_processing/middleware/auth_context.py:509}}
Jan 19 14:18:06 ubuntu devstack@keystone.service[61704]: DEBUG keystone.server.flask.request_processing.req_logging [None req-0c971a4d-793b-4631-be9c-09931e2d517e None admin] REQUEST_METHOD: `GET` {{(pid=61704) log_request_info /opt/stack/keystone/keystone/server/flask/request_processing/req_logging.py:26}}
Jan 19 14:18:06 ubuntu devstack@keystone.service[61704]: DEBUG keystone.server.flask.request_processing.req_logging [None req-0c971a4d-793b-4631-be9c-09931e2d517e None admin] SCRIPT_NAME: `/identity` {{(pid=61704) log_request_info /opt/stack/keystone/keystone/server/flask/request_processing/req_logging.py:27}}
Jan 19 14:18:06 ubuntu devstack@keystone.service[61704]: DEBUG keystone.server.flask.request_processing.req_logging [None req-0c971a4d-793b-4631-be9c-09931e2d517e None admin] PATH_INFO: `/v3/roles/admin` {{(pid=61704) log_request_info /opt/stack/keystone/keystone/server/flask/request_processing/req_logging.py:28}}
Jan 19 14:18:06 ubuntu devstack@keystone.service[61703]: DEBUG keystone.auth.core [None req-c78b9854-8211-4cb7-b6f7-3dd56f475b76 None None] MFA Rules not processed for user `6d2ca00004fe40628498fa694df8b88b`. Rule list: `[]` (Enabled: `True`). {{(pid=61703) check_auth_methods_against_rules /opt/stack/keystone/keystone/auth/core.py:476}}
Jan 19 14:18:06 ubuntu devstack@keystone.service[61704]: DEBUG keystone.common.rbac_enforcer.enforcer [None req-0c971a4d-793b-4631-be9c-09931e2d517e None admin] Extracting inferred target data resulted in "NOT FOUND (404)". {{(pid=61704) enforce_call /opt/stack/keystone/keystone/common/rbac_enforcer/enforcer.py:445}}
Jan 19 14:18:06 ubuntu devstack@keystone.service[61703]: DEBUG keystone.common.fernet_utils [None req-c78b9854-8211-4cb7-b6f7-3dd56f475b76 None None] Loaded 2 Fernet keys from /etc/keystone/fernet-keys/, but `[fernet_tokens] max_active_keys = 3`; perhaps there have not been enough key rotations to reach `max_active_keys` yet? {{(pid=61703) load_keys /opt/stack/keystone/keystone/common/fernet_utils.py:297}}
Jan 19 14:18:06 ubuntu devstack@keystone.service[61704]: DEBUG keystone.server.flask.application [None req-0c971a4d-793b-4631-be9c-09931e2d517e None admin] Could not find role: admin. {{(pid=61704) _handle_keystone_exception /opt/stack/keystone/keystone/server/flask/application.py:146}}
Jan 19 14:18:06 ubuntu devstack@keystone.service[61704]: [pid: 61704|app: 0|req: 16/30] 10.120.125.138 () {58 vars in 1167 bytes} [Mon Jan 19 14:18:06 2026] GET /identity/v3/roles/admin => generated 83 bytes in 77 msecs (HTTP/1.1 404) 5 headers in 183 bytes (1 switches on core 0)
Jan 19 14:18:06 ubuntu devstack@keystone.service[61704]: DEBUG keystone.server.flask.request_processing.req_logging [None req-516d60e7-1236-403b-8325-33b05ee1ea18 None None] REQUEST_METHOD: `GET` {{(pid=61704) log_request_info /opt/stack/keystone/keystone/server/flask/request_processing/req_logging.py:26}}
Jan 19 14:18:06 ubuntu devstack@keystone.service[61704]: DEBUG keystone.server.flask.request_processing.req_logging [None req-516d60e7-1236-403b-8325-33b05ee1ea18 None None] SCRIPT_NAME: `/identity` {{(pid=61704) log_request_info /opt/stack/keystone/keystone/server/flask/request_processing/req_logging.py:27}}
Jan 19 14:18:06 ubuntu devstack@keystone.service[61704]: DEBUG keystone.server.flask.request_processing.req_logging [None req-516d60e7-1236-403b-8325-33b05ee1ea18 None None] PATH_INFO: `/` {{(pid=61704) log_request_info /opt/stack/keystone/keystone/server/flask/request_processing/req_logging.py:28}}
Jan 19 14:18:06 ubuntu devstack@keystone.service[61704]: [pid: 61704|app: 0|req: 17/31] 10.120.125.138 () {56 vars in 955 bytes} [Mon Jan 19 14:18:06 2026] GET /identity => generated 272 bytes in 1 msecs (HTTP/1.1 300) 6 headers in 236 bytes (1 switches on core 0)
Jan 19 14:18:06 ubuntu devstack@keystone.service[61703]: [pid: 61703|app: 0|req: 15/32] 10.120.125.138 () {60 vars in 1052 bytes} [Mon Jan 19 14:18:06 2026] POST /identity/v3/auth/tokens => generated 864 bytes in 49 msecs (HTTP/1.1 201) 6 headers in 363 bytes (1 switches on core 0)
Jan 19 14:18:06 ubuntu devstack@keystone.service[61704]: DEBUG keystone.server.flask.request_processing.middleware.auth_context [None req-516d60e7-1236-403b-8325-33b05ee1ea18 None None] Authenticating user token {{(pid=61704) process_request /opt/stack/data/venv/lib/python3.12/site-packages/keystonemiddleware/auth_token/__init__.py:407}}
Jan 19 14:18:06 ubuntu devstack@keystone.service[61703]: DEBUG keystone.server.flask.request_processing.req_logging [None req-09bc99dc-94d6-4878-bc10-71c49ab9342d None None] REQUEST_METHOD: `POST` {{(pid=61703) log_request_info /opt/stack/keystone/keystone/server/flask/request_processing/req_logging.py:26}}
Jan 19 14:18:06 ubuntu devstack@keystone.service[61703]: DEBUG keystone.server.flask.request_processing.req_logging [None req-09bc99dc-94d6-4878-bc10-71c49ab9342d None None] SCRIPT_NAME: `/identity` {{(pid=61703) log_request_info /opt/stack/keystone/keystone/server/flask/request_processing/req_logging.py:27}}
Jan 19 14:18:06 ubuntu devstack@keystone.service[61703]: DEBUG keystone.server.flask.request_processing.req_logging [None req-09bc99dc-94d6-4878-bc10-71c49ab9342d None None] PATH_INFO: `/v3/auth/tokens` {{(pid=61703) log_request_info /opt/stack/keystone/keystone/server/flask/request_processing/req_logging.py:28}}
Jan 19 14:18:06 ubuntu devstack@keystone.service[61703]: WARNING keystone.common.password_hashing [None req-09bc99dc-94d6-4878-bc10-71c49ab9342d None None] Truncating password to algorithm specific maximum length 72 characters.
Jan 19 14:18:06 ubuntu devstack@keystone.service[61704]: DEBUG keystone.server.flask.request_processing.middleware.auth_context [None req-516d60e7-1236-403b-8325-33b05ee1ea18 None None] Validating token access rules against request {{(pid=61704) validate_allowed_request /opt/stack/data/venv/lib/python3.12/site-packages/keystonemiddleware/auth_token/__init__.py:545}}
Jan 19 14:18:06 ubuntu devstack@keystone.service[61703]: DEBUG keystone.auth.core [None req-09bc99dc-94d6-4878-bc10-71c49ab9342d None None] MFA Rules not processed for user `6d2ca00004fe40628498fa694df8b88b`. Rule list: `[]` (Enabled: `True`). {{(pid=61703) check_auth_methods_against_rules /opt/stack/keystone/keystone/auth/core.py:476}}
Jan 19 14:18:06 ubuntu devstack@keystone.service[61703]: DEBUG keystone.common.fernet_utils [None req-09bc99dc-94d6-4878-bc10-71c49ab9342d None None] Loaded 2 Fernet keys from /etc/keystone/fernet-keys/, but `[fernet_tokens] max_active_keys = 3`; perhaps there have not been enough key rotations to reach `max_active_keys` yet? {{(pid=61703) load_keys /opt/stack/keystone/keystone/common/fernet_utils.py:297}}
Jan 19 14:18:06 ubuntu devstack@keystone.service[61704]: DEBUG keystone.server.flask.request_processing.middleware.auth_context [None req-6f8867f5-f6e6-498b-ad02-430810253ed4 None admin] RBAC: auth_context: {'token': <TokenModel (audit_id=3DHkH0hNR2mNmzGb4o3HeA, audit_chain_id=['3DHkH0hNR2mNmzGb4o3HeA']) at 0x7be4400fe000>, 'domain_id': None, 'trust_id': None, 'trustor_id': None, 'trustee_id': None, 'domain_name': None, 'group_ids': [], 'user_id': '6d2ca00004fe40628498fa694df8b88b', 'user_domain_id': 'default', 'system_scope': 'all', 'project_id': None, 'project_domain_id': None, 'roles': ['admin', 'manager', 'member', 'reader'], 'is_admin_project': True, 'service_user_id': None, 'service_user_domain_id': None, 'service_project_id': None, 'service_project_domain_id': None, 'service_roles': []} {{(pid=61704) fill_context /opt/stack/keystone/keystone/server/flask/request_processing/middleware/auth_context.py:509}}
Jan 19 14:18:06 ubuntu devstack@keystone.service[61704]: DEBUG keystone.server.flask.request_processing.req_logging [None req-6f8867f5-f6e6-498b-ad02-430810253ed4 None admin] REQUEST_METHOD: `GET` {{(pid=61704) log_request_info /opt/stack/keystone/keystone/server/flask/request_processing/req_logging.py:26}}
Jan 19 14:18:06 ubuntu devstack@keystone.service[61704]: DEBUG keystone.server.flask.request_processing.req_logging [None req-6f8867f5-f6e6-498b-ad02-430810253ed4 None admin] SCRIPT_NAME: `/identity` {{(pid=61704) log_request_info /opt/stack/keystone/keystone/server/flask/request_processing/req_logging.py:27}}
Jan 19 14:18:06 ubuntu devstack@keystone.service[61704]: DEBUG keystone.server.flask.request_processing.req_logging [None req-6f8867f5-f6e6-498b-ad02-430810253ed4 None admin] PATH_INFO: `/v3/roles` {{(pid=61704) log_request_info /opt/stack/keystone/keystone/server/flask/request_processing/req_logging.py:28}}
Jan 19 14:18:06 ubuntu devstack@keystone.service[61704]: DEBUG keystone.common.rbac_enforcer.enforcer [None req-6f8867f5-f6e6-498b-ad02-430810253ed4 None admin] RBAC: Adding query filter params (name=admin) {{(pid=61704) _extract_filter_values /opt/stack/keystone/keystone/common/rbac_enforcer/enforcer.py:176}}
Jan 19 14:18:06 ubuntu devstack@keystone.service[61704]: DEBUG keystone.common.rbac_enforcer.enforcer [None req-6f8867f5-f6e6-498b-ad02-430810253ed4 None admin] RBAC: Authorizing `identity:list_roles()` {{(pid=61704) enforce_call /opt/stack/keystone/keystone/common/rbac_enforcer/enforcer.py:494}}
Jan 19 14:18:06 ubuntu devstack@keystone.service[61704]: DEBUG keystone.common.rbac_enforcer.enforcer [None req-6f8867f5-f6e6-498b-ad02-430810253ed4 None admin] RBAC: Authorization granted {{(pid=61704) enforce_call /opt/stack/keystone/keystone/common/rbac_enforcer/enforcer.py:505}}
Jan 19 14:18:06 ubuntu devstack@keystone.service[61704]: [pid: 61704|app: 0|req: 18/33] 10.120.125.138 () {58 vars in 1184 bytes} [Mon Jan 19 14:18:06 2026] GET /identity/v3/roles?name=admin => generated 343 bytes in 68 msecs (HTTP/1.1 200) 5 headers in 177 bytes (1 switches on core 0)
Jan 19 14:18:06 ubuntu devstack@keystone.service[61703]: [pid: 61703|app: 0|req: 16/34] 10.120.125.138 () {60 vars in 1052 bytes} [Mon Jan 19 14:18:06 2026] POST /identity/v3/auth/tokens => generated 864 bytes in 59 msecs (HTTP/1.1 201) 6 headers in 363 bytes (1 switches on core 0)
Jan 19 14:18:06 ubuntu devstack@keystone.service[61704]: DEBUG keystone.server.flask.request_processing.req_logging [None req-a368133b-f812-4c5d-8d2e-7d64a4f58ee6 None None] REQUEST_METHOD: `POST` {{(pid=61704) log_request_info /opt/stack/keystone/keystone/server/flask/request_processing/req_logging.py:26}}
Jan 19 14:18:06 ubuntu devstack@keystone.service[61704]: DEBUG keystone.server.flask.request_processing.req_logging [None req-a368133b-f812-4c5d-8d2e-7d64a4f58ee6 None None] SCRIPT_NAME: `/identity` {{(pid=61704) log_request_info /opt/stack/keystone/keystone/server/flask/request_processing/req_logging.py:27}}
Jan 19 14:18:06 ubuntu devstack@keystone.service[61704]: DEBUG keystone.server.flask.request_processing.req_logging [None req-a368133b-f812-4c5d-8d2e-7d64a4f58ee6 None None] PATH_INFO: `/v3/auth/tokens` {{(pid=61704) log_request_info /opt/stack/keystone/keystone/server/flask/request_processing/req_logging.py:28}}
Jan 19 14:18:06 ubuntu devstack@keystone.service[61704]: WARNING keystone.common.password_hashing [None req-a368133b-f812-4c5d-8d2e-7d64a4f58ee6 None None] Truncating password to algorithm specific maximum length 72 characters.
Jan 19 14:18:06 ubuntu devstack@keystone.service[61703]: DEBUG keystone.server.flask.request_processing.middleware.auth_context [None req-09bc99dc-94d6-4878-bc10-71c49ab9342d None None] Authenticating user token {{(pid=61703) process_request /opt/stack/data/venv/lib/python3.12/site-packages/keystonemiddleware/auth_token/__init__.py:407}}
Jan 19 14:18:06 ubuntu devstack@keystone.service[61704]: DEBUG keystone.auth.core [None req-a368133b-f812-4c5d-8d2e-7d64a4f58ee6 None None] MFA Rules not processed for user `6d2ca00004fe40628498fa694df8b88b`. Rule list: `[]` (Enabled: `True`). {{(pid=61704) check_auth_methods_against_rules /opt/stack/keystone/keystone/auth/core.py:476}}
Jan 19 14:18:06 ubuntu devstack@keystone.service[61704]: DEBUG keystone.common.fernet_utils [None req-a368133b-f812-4c5d-8d2e-7d64a4f58ee6 None None] Loaded 2 Fernet keys from /etc/keystone/fernet-keys/, but `[fernet_tokens] max_active_keys = 3`; perhaps there have not been enough key rotations to reach `max_active_keys` yet? {{(pid=61704) load_keys /opt/stack/keystone/keystone/common/fernet_utils.py:297}}
Jan 19 14:18:06 ubuntu devstack@keystone.service[61704]: [pid: 61704|app: 0|req: 19/35] 10.120.125.138 () {60 vars in 1052 bytes} [Mon Jan 19 14:18:06 2026] POST /identity/v3/auth/tokens => generated 864 bytes in 59 msecs (HTTP/1.1 201) 6 headers in 363 bytes (1 switches on core 0)
Jan 19 14:18:06 ubuntu devstack@keystone.service[61704]: DEBUG keystone.server.flask.request_processing.middleware.auth_context [None req-a368133b-f812-4c5d-8d2e-7d64a4f58ee6 None None] Authenticating user token {{(pid=61704) process_request /opt/stack/data/venv/lib/python3.12/site-packages/keystonemiddleware/auth_token/__init__.py:407}}
Jan 19 14:18:06 ubuntu devstack@keystone.service[61703]: DEBUG keystone.server.flask.request_processing.middleware.auth_context [None req-09bc99dc-94d6-4878-bc10-71c49ab9342d None None] Validating token access rules against request {{(pid=61703) validate_allowed_request /opt/stack/data/venv/lib/python3.12/site-packages/keystonemiddleware/auth_token/__init__.py:545}}
Jan 19 14:18:06 ubuntu devstack@keystone.service[61704]: DEBUG keystone.server.flask.request_processing.middleware.auth_context [None req-a368133b-f812-4c5d-8d2e-7d64a4f58ee6 None None] Validating token access rules against request {{(pid=61704) validate_allowed_request /opt/stack/data/venv/lib/python3.12/site-packages/keystonemiddleware/auth_token/__init__.py:545}}
Jan 19 14:18:06 ubuntu devstack@keystone.service[61703]: DEBUG keystone.server.flask.request_processing.middleware.auth_context [None req-e109576e-ace9-4695-bdbd-23926c6dbf93 None admin] RBAC: auth_context: {'token': <TokenModel (audit_id=3DHkH0hNR2mNmzGb4o3HeA, audit_chain_id=['3DHkH0hNR2mNmzGb4o3HeA']) at 0x7be44048be30>, 'domain_id': None, 'trust_id': None, 'trustor_id': None, 'trustee_id': None, 'domain_name': None, 'group_ids': [], 'user_id': '6d2ca00004fe40628498fa694df8b88b', 'user_domain_id': 'default', 'system_scope': 'all', 'project_id': None, 'project_domain_id': None, 'roles': ['admin', 'manager', 'member', 'reader'], 'is_admin_project': True, 'service_user_id': None, 'service_user_domain_id': None, 'service_project_id': None, 'service_project_domain_id': None, 'service_roles': []} {{(pid=61703) fill_context /opt/stack/keystone/keystone/server/flask/request_processing/middleware/auth_context.py:509}}
Jan 19 14:18:06 ubuntu devstack@keystone.service[61703]: DEBUG keystone.server.flask.request_processing.req_logging [None req-e109576e-ace9-4695-bdbd-23926c6dbf93 None admin] REQUEST_METHOD: `GET` {{(pid=61703) log_request_info /opt/stack/keystone/keystone/server/flask/request_processing/req_logging.py:26}}
Jan 19 14:18:06 ubuntu devstack@keystone.service[61703]: DEBUG keystone.server.flask.request_processing.req_logging [None req-e109576e-ace9-4695-bdbd-23926c6dbf93 None admin] SCRIPT_NAME: `/identity` {{(pid=61703) log_request_info /opt/stack/keystone/keystone/server/flask/request_processing/req_logging.py:27}}
Jan 19 14:18:06 ubuntu devstack@keystone.service[61703]: DEBUG keystone.server.flask.request_processing.req_logging [None req-e109576e-ace9-4695-bdbd-23926c6dbf93 None admin] PATH_INFO: `/v3/users/6d2ca00004fe40628498fa694df8b88b` {{(pid=61703) log_request_info /opt/stack/keystone/keystone/server/flask/request_processing/req_logging.py:28}}
Jan 19 14:18:06 ubuntu devstack@keystone.service[61703]: DEBUG keystone.common.rbac_enforcer.enforcer [None req-e109576e-ace9-4695-bdbd-23926c6dbf93 None admin] RBAC: Authorizing `identity:get_user(user_id=6d2ca00004fe40628498fa694df8b88b)` {{(pid=61703) enforce_call /opt/stack/keystone/keystone/common/rbac_enforcer/enforcer.py:494}}
Jan 19 14:18:06 ubuntu devstack@keystone.service[61703]: DEBUG keystone.common.rbac_enforcer.enforcer [None req-e109576e-ace9-4695-bdbd-23926c6dbf93 None admin] RBAC: Authorization granted {{(pid=61703) enforce_call /opt/stack/keystone/keystone/common/rbac_enforcer/enforcer.py:505}}
Jan 19 14:18:06 ubuntu devstack@keystone.service[61703]: [pid: 61703|app: 0|req: 17/36] 10.120.125.138 () {58 vars in 1249 bytes} [Mon Jan 19 14:18:06 2026] GET /identity/v3/users/6d2ca00004fe40628498fa694df8b88b => generated 249 bytes in 98 msecs (HTTP/1.1 200) 5 headers in 177 bytes (1 switches on core 0)
Jan 19 14:18:06 ubuntu devstack@keystone.service[61704]: DEBUG keystone.server.flask.request_processing.middleware.auth_context [None req-936ae8b7-4f83-4b97-a700-6ddf81e69d77 None admin] RBAC: auth_context: {'token': <TokenModel (audit_id=MtWNKMh-RZ-yjsD6aStqvQ, audit_chain_id=['MtWNKMh-RZ-yjsD6aStqvQ']) at 0x7be4400ffb00>, 'domain_id': None, 'trust_id': None, 'trustor_id': None, 'trustee_id': None, 'domain_name': None, 'group_ids': [], 'user_id': '6d2ca00004fe40628498fa694df8b88b', 'user_domain_id': 'default', 'system_scope': 'all', 'project_id': None, 'project_domain_id': None, 'roles': ['admin', 'manager', 'member', 'reader'], 'is_admin_project': True, 'service_user_id': None, 'service_user_domain_id': None, 'service_project_id': None, 'service_project_domain_id': None, 'service_roles': []} {{(pid=61704) fill_context /opt/stack/keystone/keystone/server/flask/request_processing/middleware/auth_context.py:509}}
Jan 19 14:18:06 ubuntu devstack@keystone.service[61704]: DEBUG keystone.server.flask.request_processing.req_logging [None req-936ae8b7-4f83-4b97-a700-6ddf81e69d77 None admin] REQUEST_METHOD: `POST` {{(pid=61704) log_request_info /opt/stack/keystone/keystone/server/flask/request_processing/req_logging.py:26}}
Jan 19 14:18:06 ubuntu devstack@keystone.service[61704]: DEBUG keystone.server.flask.request_processing.req_logging [None req-936ae8b7-4f83-4b97-a700-6ddf81e69d77 None admin] SCRIPT_NAME: `/identity` {{(pid=61704) log_request_info /opt/stack/keystone/keystone/server/flask/request_processing/req_logging.py:27}}
Jan 19 14:18:06 ubuntu devstack@keystone.service[61704]: DEBUG keystone.server.flask.request_processing.req_logging [None req-936ae8b7-4f83-4b97-a700-6ddf81e69d77 None admin] PATH_INFO: `/v3/roles` {{(pid=61704) log_request_info /opt/stack/keystone/keystone/server/flask/request_processing/req_logging.py:28}}
Jan 19 14:18:06 ubuntu devstack@keystone.service[61704]: DEBUG keystone.common.rbac_enforcer.enforcer [None req-936ae8b7-4f83-4b97-a700-6ddf81e69d77 None admin] RBAC: Authorizing `identity:create_role()` {{(pid=61704) enforce_call /opt/stack/keystone/keystone/common/rbac_enforcer/enforcer.py:494}}
Jan 19 14:18:06 ubuntu devstack@keystone.service[61704]: DEBUG keystone.common.rbac_enforcer.enforcer [None req-936ae8b7-4f83-4b97-a700-6ddf81e69d77 None admin] RBAC: Authorization granted {{(pid=61704) enforce_call /opt/stack/keystone/keystone/common/rbac_enforcer/enforcer.py:505}}
Jan 19 14:18:06 ubuntu devstack@keystone.service[61704]: DEBUG keystone.common.sql.core [None req-936ae8b7-4f83-4b97-a700-6ddf81e69d77 None admin] Conflict role: (pymysql.err.IntegrityError) (1062, "Duplicate entry 'service-<<null>>' for key 'role.ixu_role_name_domain_id'")
Jan 19 14:18:06 ubuntu devstack@keystone.service[61704]: [SQL: INSERT INTO `role` (id, name, description, extra) VALUES (%(id)s, %(name)s, %(description)s, %(extra)s)]
Jan 19 14:18:06 ubuntu devstack@keystone.service[61704]: [parameters: {'id': '5dd860ccd01540b39e6b983813adcc4a', 'name': 'service', 'description': None, 'extra': '{}'}]
Jan 19 14:18:06 ubuntu devstack@keystone.service[61704]: (Background on this error at: https://sqlalche.me/e/20/gkpj) {{(pid=61704) wrapper /opt/stack/keystone/keystone/common/sql/core.py:580}}
Jan 19 14:18:06 ubuntu devstack@keystone.service[61703]: DEBUG keystone.server.flask.request_processing.middleware.auth_context [None req-e109576e-ace9-4695-bdbd-23926c6dbf93 None admin] Authenticating user token {{(pid=61703) process_request /opt/stack/data/venv/lib/python3.12/site-packages/keystonemiddleware/auth_token/__init__.py:407}}
Jan 19 14:18:06 ubuntu devstack@keystone.service[61704]: ERROR keystone.server.flask.application [None req-936ae8b7-4f83-4b97-a700-6ddf81e69d77 None admin] Conflict occurred attempting to store role - Duplicate entry found with name service.: keystone.exception.Conflict: Conflict occurred attempting to store role - Duplicate entry found with name service.
Jan 19 14:18:06 ubuntu devstack@keystone.service[61704]: ERROR keystone.server.flask.application Traceback (most recent call last):
Jan 19 14:18:06 ubuntu devstack@keystone.service[61704]: ERROR keystone.server.flask.application   File "/opt/stack/data/venv/lib/python3.12/site-packages/sqlalchemy/engine/base.py", line 1967, in _exec_single_context
Jan 19 14:18:06 ubuntu devstack@keystone.service[61704]: ERROR keystone.server.flask.application     self.dialect.do_execute(
Jan 19 14:18:06 ubuntu devstack@keystone.service[61704]: ERROR keystone.server.flask.application   File "/opt/stack/data/venv/lib/python3.12/site-packages/sqlalchemy/engine/default.py", line 951, in do_execute
Jan 19 14:18:06 ubuntu devstack@keystone.service[61704]: ERROR keystone.server.flask.application     cursor.execute(statement, parameters)
Jan 19 14:18:06 ubuntu devstack@keystone.service[61704]: ERROR keystone.server.flask.application   File "/opt/stack/data/venv/lib/python3.12/site-packages/pymysql/cursors.py", line 153, in execute
Jan 19 14:18:06 ubuntu devstack@keystone.service[61704]: ERROR keystone.server.flask.application     result = self._query(query)
Jan 19 14:18:06 ubuntu devstack@keystone.service[61704]: ERROR keystone.server.flask.application              ^^^^^^^^^^^^^^^^^^
Jan 19 14:18:06 ubuntu devstack@keystone.service[61704]: ERROR keystone.server.flask.application   File "/opt/stack/data/venv/lib/python3.12/site-packages/pymysql/cursors.py", line 322, in _query
Jan 19 14:18:06 ubuntu devstack@keystone.service[61704]: ERROR keystone.server.flask.application     conn.query(q)
Jan 19 14:18:06 ubuntu devstack@keystone.service[61704]: ERROR keystone.server.flask.application   File "/opt/stack/data/venv/lib/python3.12/site-packages/pymysql/connections.py", line 575, in query
Jan 19 14:18:06 ubuntu devstack@keystone.service[61704]: ERROR keystone.server.flask.application     self._affected_rows = self._read_query_result(unbuffered=unbuffered)
Jan 19 14:18:06 ubuntu devstack@keystone.service[61704]: ERROR keystone.server.flask.application                           ^^^^^^^^^^^^^^^^^^^^^^^^^^^^^^^^^^^^^^^^^^^^^^
Jan 19 14:18:06 ubuntu devstack@keystone.service[61704]: ERROR keystone.server.flask.application   File "/opt/stack/data/venv/lib/python3.12/site-packages/pymysql/connections.py", line 826, in _read_query_result
Jan 19 14:18:06 ubuntu devstack@keystone.service[61704]: ERROR keystone.server.flask.application     result.read()
Jan 19 14:18:06 ubuntu devstack@keystone.service[61704]: ERROR keystone.server.flask.application   File "/opt/stack/data/venv/lib/python3.12/site-packages/pymysql/connections.py", line 1203, in read
Jan 19 14:18:06 ubuntu devstack@keystone.service[61704]: ERROR keystone.server.flask.application     first_packet = self.connection._read_packet()
Jan 19 14:18:06 ubuntu devstack@keystone.service[61704]: ERROR keystone.server.flask.application                    ^^^^^^^^^^^^^^^^^^^^^^^^^^^^^^
Jan 19 14:18:06 ubuntu devstack@keystone.service[61704]: ERROR keystone.server.flask.application   File "/opt/stack/data/venv/lib/python3.12/site-packages/pymysql/connections.py", line 782, in _read_packet
Jan 19 14:18:06 ubuntu devstack@keystone.service[61704]: ERROR keystone.server.flask.application     packet.raise_for_error()
Jan 19 14:18:06 ubuntu devstack@keystone.service[61704]: ERROR keystone.server.flask.application   File "/opt/stack/data/venv/lib/python3.12/site-packages/pymysql/protocol.py", line 219, in raise_for_error
Jan 19 14:18:06 ubuntu devstack@keystone.service[61704]: ERROR keystone.server.flask.application     err.raise_mysql_exception(self._data)
Jan 19 14:18:06 ubuntu devstack@keystone.service[61704]: ERROR keystone.server.flask.application   File "/opt/stack/data/venv/lib/python3.12/site-packages/pymysql/err.py", line 150, in raise_mysql_exception
Jan 19 14:18:06 ubuntu devstack@keystone.service[61704]: ERROR keystone.server.flask.application     raise errorclass(errno, errval)
Jan 19 14:18:06 ubuntu devstack@keystone.service[61704]: ERROR keystone.server.flask.application pymysql.err.IntegrityError: (1062, "Duplicate entry 'service-<<null>>' for key 'role.ixu_role_name_domain_id'")
Jan 19 14:18:06 ubuntu devstack@keystone.service[61704]: ERROR keystone.server.flask.application 
Jan 19 14:18:06 ubuntu devstack@keystone.service[61704]: ERROR keystone.server.flask.application The above exception was the direct cause of the following exception:
Jan 19 14:18:06 ubuntu devstack@keystone.service[61704]: ERROR keystone.server.flask.application 
Jan 19 14:18:06 ubuntu devstack@keystone.service[61704]: ERROR keystone.server.flask.application Traceback (most recent call last):
Jan 19 14:18:06 ubuntu devstack@keystone.service[61704]: ERROR keystone.server.flask.application   File "/opt/stack/keystone/keystone/common/sql/core.py", line 575, in wrapper
Jan 19 14:18:06 ubuntu devstack@keystone.service[61704]: ERROR keystone.server.flask.application     return method(*args, **kwargs)
Jan 19 14:18:06 ubuntu devstack@keystone.service[61704]: ERROR keystone.server.flask.application            ^^^^^^^^^^^^^^^^^^^^^^^
Jan 19 14:18:06 ubuntu devstack@keystone.service[61704]: ERROR keystone.server.flask.application   File "/opt/stack/keystone/keystone/assignment/role_backends/sql.py", line 25, in create_role
Jan 19 14:18:06 ubuntu devstack@keystone.service[61704]: ERROR keystone.server.flask.application     with sql.session_for_write() as session:
Jan 19 14:18:06 ubuntu devstack@keystone.service[61704]: ERROR keystone.server.flask.application   File "/usr/lib/python3.12/contextlib.py", line 144, in __exit__
Jan 19 14:18:06 ubuntu devstack@keystone.service[61704]: ERROR keystone.server.flask.application     next(self.gen)
Jan 19 14:18:06 ubuntu devstack@keystone.service[61704]: ERROR keystone.server.flask.application   File "/opt/stack/data/venv/lib/python3.12/site-packages/oslo_db/sqlalchemy/enginefacade.py", line 1199, in _transaction_scope
Jan 19 14:18:06 ubuntu devstack@keystone.service[61704]: ERROR keystone.server.flask.application     with current._produce_block(
Jan 19 14:18:06 ubuntu devstack@keystone.service[61704]: ERROR keystone.server.flask.application   File "/usr/lib/python3.12/contextlib.py", line 144, in __exit__
Jan 19 14:18:06 ubuntu devstack@keystone.service[61704]: ERROR keystone.server.flask.application     next(self.gen)
Jan 19 14:18:06 ubuntu devstack@keystone.service[61704]: ERROR keystone.server.flask.application   File "/opt/stack/data/venv/lib/python3.12/site-packages/oslo_db/sqlalchemy/enginefacade.py", line 850, in _session
Jan 19 14:18:06 ubuntu devstack@keystone.service[61704]: ERROR keystone.server.flask.application     with excutils.save_and_reraise_exception():
Jan 19 14:18:06 ubuntu devstack@keystone.service[61704]: ERROR keystone.server.flask.application   File "/opt/stack/data/venv/lib/python3.12/site-packages/oslo_utils/excutils.py", line 256, in __exit__
Jan 19 14:18:06 ubuntu devstack@keystone.service[61704]: ERROR keystone.server.flask.application     self.force_reraise()
Jan 19 14:18:06 ubuntu devstack@keystone.service[61704]: ERROR keystone.server.flask.application   File "/opt/stack/data/venv/lib/python3.12/site-packages/oslo_utils/excutils.py", line 222, in force_reraise
Jan 19 14:18:06 ubuntu devstack@keystone.service[61704]: ERROR keystone.server.flask.application     raise self.value
Jan 19 14:18:06 ubuntu devstack@keystone.service[61704]: ERROR keystone.server.flask.application   File "/opt/stack/data/venv/lib/python3.12/site-packages/oslo_db/sqlalchemy/enginefacade.py", line 848, in _session
Jan 19 14:18:06 ubuntu devstack@keystone.service[61704]: ERROR keystone.server.flask.application     self._end_session_transaction(self.session)
Jan 19 14:18:06 ubuntu devstack@keystone.service[61704]: ERROR keystone.server.flask.application   File "/opt/stack/data/venv/lib/python3.12/site-packages/oslo_db/sqlalchemy/enginefacade.py", line 761, in _end_session_transaction
Jan 19 14:18:06 ubuntu devstack@keystone.service[61704]: ERROR keystone.server.flask.application     session.commit()
Jan 19 14:18:06 ubuntu devstack@keystone.service[61704]: ERROR keystone.server.flask.application   File "/opt/stack/data/venv/lib/python3.12/site-packages/sqlalchemy/orm/session.py", line 2030, in commit
Jan 19 14:18:06 ubuntu devstack@keystone.service[61704]: ERROR keystone.server.flask.application     trans.commit(_to_root=True)
Jan 19 14:18:06 ubuntu devstack@keystone.service[61704]: ERROR keystone.server.flask.application   File "<string>", line 2, in commit
Jan 19 14:18:06 ubuntu devstack@keystone.service[61704]: ERROR keystone.server.flask.application   File "/opt/stack/data/venv/lib/python3.12/site-packages/sqlalchemy/orm/state_changes.py", line 137, in _go
Jan 19 14:18:06 ubuntu devstack@keystone.service[61704]: ERROR keystone.server.flask.application     ret_value = fn(self, *arg, **kw)
Jan 19 14:18:06 ubuntu devstack@keystone.service[61704]: ERROR keystone.server.flask.application                 ^^^^^^^^^^^^^^^^^^^^
Jan 19 14:18:06 ubuntu devstack@keystone.service[61704]: ERROR keystone.server.flask.application   File "/opt/stack/data/venv/lib/python3.12/site-packages/sqlalchemy/orm/session.py", line 1311, in commit
Jan 19 14:18:06 ubuntu devstack@keystone.service[61704]: ERROR keystone.server.flask.application     self._prepare_impl()
Jan 19 14:18:06 ubuntu devstack@keystone.service[61704]: ERROR keystone.server.flask.application   File "<string>", line 2, in _prepare_impl
Jan 19 14:18:06 ubuntu devstack@keystone.service[61704]: ERROR keystone.server.flask.application   File "/opt/stack/data/venv/lib/python3.12/site-packages/sqlalchemy/orm/state_changes.py", line 137, in _go
Jan 19 14:18:06 ubuntu devstack@keystone.service[61704]: ERROR keystone.server.flask.application     ret_value = fn(self, *arg, **kw)
Jan 19 14:18:06 ubuntu devstack@keystone.service[61704]: ERROR keystone.server.flask.application                 ^^^^^^^^^^^^^^^^^^^^
Jan 19 14:18:06 ubuntu devstack@keystone.service[61704]: ERROR keystone.server.flask.application   File "/opt/stack/data/venv/lib/python3.12/site-packages/sqlalchemy/orm/session.py", line 1286, in _prepare_impl
Jan 19 14:18:06 ubuntu devstack@keystone.service[61704]: ERROR keystone.server.flask.application     self.session.flush()
Jan 19 14:18:06 ubuntu devstack@keystone.service[61704]: ERROR keystone.server.flask.application   File "/opt/stack/data/venv/lib/python3.12/site-packages/sqlalchemy/orm/session.py", line 4331, in flush
Jan 19 14:18:06 ubuntu devstack@keystone.service[61704]: ERROR keystone.server.flask.application     self._flush(objects)
Jan 19 14:18:06 ubuntu devstack@keystone.service[61704]: ERROR keystone.server.flask.application   File "/opt/stack/data/venv/lib/python3.12/site-packages/sqlalchemy/orm/session.py", line 4466, in _flush
Jan 19 14:18:06 ubuntu devstack@keystone.service[61704]: ERROR keystone.server.flask.application     with util.safe_reraise():
Jan 19 14:18:06 ubuntu devstack@keystone.service[61704]: ERROR keystone.server.flask.application   File "/opt/stack/data/venv/lib/python3.12/site-packages/sqlalchemy/util/langhelpers.py", line 224, in __exit__
Jan 19 14:18:06 ubuntu devstack@keystone.service[61704]: ERROR keystone.server.flask.application     raise exc_value.with_traceback(exc_tb)
Jan 19 14:18:06 ubuntu devstack@keystone.service[61704]: ERROR keystone.server.flask.application   File "/opt/stack/data/venv/lib/python3.12/site-packages/sqlalchemy/orm/session.py", line 4427, in _flush
Jan 19 14:18:06 ubuntu devstack@keystone.service[61704]: ERROR keystone.server.flask.application     flush_context.execute()
Jan 19 14:18:06 ubuntu devstack@keystone.service[61704]: ERROR keystone.server.flask.application   File "/opt/stack/data/venv/lib/python3.12/site-packages/sqlalchemy/orm/unitofwork.py", line 466, in execute
Jan 19 14:18:06 ubuntu devstack@keystone.service[61704]: ERROR keystone.server.flask.application     rec.execute(self)
Jan 19 14:18:06 ubuntu devstack@keystone.service[61704]: ERROR keystone.server.flask.application   File "/opt/stack/data/venv/lib/python3.12/site-packages/sqlalchemy/orm/unitofwork.py", line 642, in execute
Jan 19 14:18:06 ubuntu devstack@keystone.service[61704]: ERROR keystone.server.flask.application     util.preloaded.orm_persistence.save_obj(
Jan 19 14:18:06 ubuntu devstack@keystone.service[61704]: ERROR keystone.server.flask.application   File "/opt/stack/data/venv/lib/python3.12/site-packages/sqlalchemy/orm/persistence.py", line 93, in save_obj
Jan 19 14:18:06 ubuntu devstack@keystone.service[61704]: ERROR keystone.server.flask.application     _emit_insert_statements(
Jan 19 14:18:06 ubuntu devstack@keystone.service[61704]: ERROR keystone.server.flask.application   File "/opt/stack/data/venv/lib/python3.12/site-packages/sqlalchemy/orm/persistence.py", line 1048, in _emit_insert_statements
Jan 19 14:18:06 ubuntu devstack@keystone.service[61704]: ERROR keystone.server.flask.application     result = connection.execute(
Jan 19 14:18:06 ubuntu devstack@keystone.service[61704]: ERROR keystone.server.flask.application              ^^^^^^^^^^^^^^^^^^^
