"pcp-dstat 6.2.0 CSV Output"
"Author:","PCP team <pcp@groups.io> and Dag Wieers <dag@wieers.com>",,,,"URL:","https://pcp.io/ and http://dag.wieers.com/home-made/dstat/"
"Host:","np0000056243",,,,"User:","ubuntu"
"Cmdline:","dstat -tcmndrylpg --tcp --output /tmp/devstack_logs/dstat-csv.log",,,,"Date:","13 Feb 2026 17:21:17 UTC"
"system","total usage",,,,,"memory usage",,,,"net/total",,"dsk/total",,"io/total",,"system",,"load avg",,,"procs",,,"paging",,"tcp sockets",,,,
"time","total usage:usr","total usage:sys","total usage:idl","total usage:wai","total usage:stl","used","free","buf","cach","net/total:recv","net/total:send","dsk/total:read","dsk/total:writ","read","writ","int","csw","1m","5m","15m","run","blk","new","in","out","lis","act","syn","tim","clo"
13-02 17:21:17,,1036640,1664276,163804,4961072,,,,,,,1.700,1.130,0.700,3,0,,,,10,4,0,17,2
13-02 17:21:18,25.445,20.207,53.386,0.499,0,1046544,1653960,163892,4961332,41360.397,11396.586,0,1257.307,0,38.917,5014,3034,1.700,1.130,0.700,1,0,225.517,0,0,10,4,0,17,2
13-02 17:21:19,27.002,20.251,51.004,0.500,0,1034972,1665196,163924,4961588,21965.584,9649.696,0,1136.082,0,33.002,4903,2828,1.700,1.130,0.700,2,0,214.015,0,0,10,4,0,17,2
13-02 17:21:20,29.013,22.010,47.271,1.000,0,1054792,1626460,163988,4979756,171602.455,7424.265,0,2989.314,0,202.089,5021,2825,1.800,1.160,0.710,4,0,191.084,0,0,10,4,0,11,2
13-02 17:21:21,34.749,22.749,40.999,0.500,0,1050580,1612916,164948,4993752,9635.667,1619.944,0,1515.948,0,45.998,5538,4606,1.800,1.160,0.710,2,0,195.993,0,0,10,4,0,11,2
13-02 17:21:22,37.212,16.983,44.455,0.250,0,1037224,1608440,165336,5008692,9031.821,1618.355,0,1334.644,0,33.965,4466,2585,1.800,1.160,0.710,2,1,121.876,0,0,10,4,0,11,2
13-02 17:21:23,41.095,17.290,39.091,1.253,0,1061308,1558968,166128,5031444,9023.909,1623.762,0,2830.559,0,109.253,6115,6159,1.800,1.160,0.710,4,0,146.339,0,0,10,4,0,11,2
13-02 17:21:24,38.445,16.477,42.190,1.248,0,1051772,1546816,167120,5049212,6374.949,1455.933,0,2724.132,0,95.864,5319,4887,1.800,1.160,0.710,2,0,152.783,0,0,10,4,0,11,2
13-02 17:21:25,39.010,16.504,41.010,2.501,0,1056784,1517672,168072,5069804,10366.544,1662.408,1012.248,4925.209,38.009,72.018,5361,5182,1.820,1.170,0.720,3,0,88.022,0,0,10,4,0,11,2
13-02 17:21:26,23.999,8.250,66.748,0.250,0,1016588,1575256,168092,5052524,15173.468,4342.848,0,9095.681,0,226.992,2334,1139,1.820,1.170,0.720,1,0,14.000,0,0,10,2,0,11,0
13-02 17:21:27,21.999,3.750,73.495,0.250,0,1027092,1564752,168112,5052516,5490.657,1619.899,0,683.957,0,15.999,1750,1257,1.820,1.170,0.720,1,0,16.999,0,0,10,2,0,11,0
13-02 17:21:28,19.500,2.750,76.748,0.500,0,1036640,1550276,168172,5056924,11432.760,3965.917,0,1075.977,0,23.000,1628,920,1.820,1.170,0.720,1,0,17.000,0,0,10,2,0,11,0
13-02 17:21:29,23.001,3.000,74.004,0,0,1026392,1559052,168196,5058224,9042.499,1620.089,0,0,0,0,1793,999,1.820,1.170,0.720,2,0,12.001,0,0,10,2,0,11,0
13-02 17:21:30,16.744,2.749,78.970,0.250,0,1015924,1562848,168588,5063292,14890.324,4725.199,0,1295.506,0,22.991,1963,1598,1.750,1.170,0.720,1,0,12.995,0,0,10,2,0,11,0
13-02 17:21:31,31.807,10.519,50.340,5.510,0,1009188,1568940,168660,5063752,9096.257,1622.900,0,31143.661,0,800.431,13169,30515,1.750,1.170,0.720,2,0,45.081,0,0,10,2,0,12,0
13-02 17:21:32,21.764,7.005,68.794,0,0,1028360,1549664,168668,5063844,6395.118,1621.044,0,0,0,0,9755,17951,1.750,1.170,0.720,1,0,12.008,0,0,10,2,0,11,0
13-02 17:21:33,20.454,5.488,73.084,0.249,0,977944,1612916,168716,5052696,43692.898,1454.701,0,1017.692,0,13.968,1883,930,1.750,1.170,0.720,1,0,6.984,0,0,10,2,0,11,0
13-02 17:21:34,12.500,1.750,85.247,0,0,927356,1663692,168716,5052552,12616.515,131306.948,0,19.999,0,3.000,1398,845,1.750,1.170,0.720,0,0,5.000,0,0,10,2,0,11,0
13-02 17:21:35,0.250,0.250,99.252,0,0,907908,1683140,168716,5052552,6116.119,1620.032,0,36.001,0,1.000,411,523,1.610,1.150,0.720,0,0,0,0,0,10,2,0,11,0
13-02 17:21:36,0,1.500,97.240,0,0,897224,1693828,168716,5052552,8949.093,1619.836,0,11358.849,0,56.994,736,771,1.610,1.150,0.720,0,0,0,0,0,10,2,0,10,0
13-02 17:21:37,0.750,0.500,98.754,0,0,897224,1693828,168716,5052552,8924.321,1620.058,0,0,0,0,471,525,1.610,1.150,0.720,0,0,0,0,0,10,2,0,10,0
13-02 17:21:38,0.500,0.250,98.478,0,0,897220,1693828,168724,5052548,6694.504,1619.638,0,1095.755,0,2.999,478,583,1.610,1.150,0.720,0,0,1.000,0,0,10,2,0,10,0
13-02 17:21:39,0.250,0.500,99.030,0,0,897212,1693828,168724,5052556,8817.709,1620.498,0,0,0,0,463,522,1.610,1.150,0.720,0,0,0,0,0,10,2,0,10,0
13-02 17:21:40,0.500,0,98.732,0,0,897060,1693980,168724,5052556,6560.836,1619.713,0,7.999,0,2.000,456,541,1.480,1.130,0.720,0,0,0,0,0,10,2,0,9,0
13-02 17:21:41,0.500,1.250,97.493,0,0,895400,1695640,168724,5052556,8966.397,1457.902,0,20126.646,0,91.994,696,707,1.480,1.130,0.720,0,0,0,0,0,10,2,0,9,0
13-02 17:21:42,0.250,0.750,99.265,0,0,894140,1696900,168724,5052556,7057.039,1620.238,0,4.001,0,1.000,448,540,1.480,1.130,0.720,0,0,0,0,0,10,2,0,9,0
13-02 17:21:43,0.750,0,98.517,0,0,893040,1698000,168724,5052556,5176.871,1620.273,0,0,0,0,431,523,1.480,1.130,0.720,0,0,0,0,0,10,2,0,9,0
13-02 17:21:44,0.500,0,98.494,0,0,893284,1697764,168728,5052556,8956.414,1619.894,0,2715.822,0,15.999,497,577,1.480,1.130,0.720,1,0,0,0,0,10,2,0,9,0
13-02 17:21:45,0,0.500,99.252,0,0,893284,1697764,168728,5052556,7247.174,1620.039,0,1020.025,0,87.002,451,543,1.360,1.110,0.710,0,0,0,0,0,10,2,0,9,0
13-02 17:21:46,0.500,0,98.495,0,0,893284,1697764,168728,5052556,5591.716,1619.918,0,3751.810,0,8.000,431,533,1.360,1.110,0.710,0,0,0,0,0,10,2,0,9,0
13-02 17:21:47,0.500,0.250,98.751,0,0,891344,1699704,168728,5052556,8557.113,1620.021,0,0,0,0,473,532,1.360,1.110,0.710,0,0,0,0,0,10,2,0,9,0
13-02 17:21:48,0.250,0.500,98.762,0,0,888272,1702776,168728,5052556,8196.996,1620.197,0,4.000,0,1.000,508,595,1.360,1.110,0.710,0,0,1.000,0,0,10,2,0,9,0
13-02 17:21:49,0.500,0.750,99.246,0,0,885832,1705212,168728,5052560,8391.701,1457.948,0,71.997,0,2.000,462,526,1.360,1.110,0.710,0,0,0,0,0,10,2,0,9,0
13-02 17:21:50,0.250,0,98.750,0,0,883480,1707564,168728,5052560,7191.030,1620.007,0,0,0,0,427,543,1.250,1.100,0.710,0,0,0,0,0,10,2,0,9,0
13-02 17:21:51,0.250,0.250,98.739,0,0,881424,1709620,168728,5052560,7325.214,1619.826,0,0,0,0,419,519,1.250,1.100,0.710,0,0,0,0,0,10,2,0,9,0
13-02 17:21:52,1.000,2.750,95.258,0,0,881484,1709576,168728,5052560,10552.857,1620.132,0,16601.348,0,75.006,1016,925,1.250,1.100,0.710,0,0,6.000,0,0,10,2,0,9,0
13-02 17:21:53,0.500,0.250,99.000,0,0,881232,1709828,168728,5052560,7459.984,1619.997,0,0,0,0,455,538,1.250,1.100,0.710,0,0,0,0,0,10,2,0,9,0
13-02 17:21:54,0.250,0,98.499,0,0,881232,1709828,168728,5052560,8567.927,1619.986,0,643.995,0,3.000,483,564,1.250,1.100,0.710,0,0,0,0,0,10,2,0,9,0
13-02 17:21:55,0.250,0.250,99.003,0,0.250,881232,1709828,168728,5052560,7439.203,1620.044,0,0,0,0,468,543,1.150,1.080,0.700,0,0,0,0,0,10,2,0,9,0
13-02 17:21:56,0.500,0.250,98.995,0,0,881232,1709828,168728,5052560,10668.450,1619.916,0,0,0,0,489,551,1.150,1.080,0.700,0,0,0,0,0,10,2,0,9,0
13-02 17:21:57,0.500,4.249,93.485,1.500,0,873104,1717956,168728,5052560,7969.730,1457.768,0,73280.326,0,319.949,1354,1269,1.150,1.080,0.700,0,0,0,0,0,10,2,0,9,0
13-02 17:21:58,0.500,0,98.514,0,0,873104,1717956,168728,5052560,7175.046,1620.236,0,4.001,0,1.000,530,623,1.150,1.080,0.700,0,0,2.000,0,0,10,2,0,9,0
13-02 17:21:59,0.500,0.500,98.746,0.500,0,873104,1717956,168732,5052556,8500.631,1619.930,0,1131.951,0,2.000,484,549,1.150,1.080,0.700,0,1,0,0,0,10,2,0,9,0
13-02 17:22:00,0.500,0,98.500,0,0,873100,1717956,168732,5052560,8825.962,1619.993,0,8.000,0,2.000,536,580,1.060,1.060,0.700,0,0,0,0,0,10,2,0,9,0
13-02 17:22:01,0.250,0.750,99.003,0,0,873100,1717956,168732,5052560,9295.263,1620.046,0,132.004,0,25.001,465,547,1.060,1.060,0.700,0,0,0,0,0,10,2,0,8,0
13-02 17:22:02,0.250,0,99.018,0,0,873100,1717956,168732,5052560,9681.794,1620.300,0,0,0,0,465,550,1.060,1.060,0.700,0,0,0,0,0,10,2,0,8,0
13-02 17:22:03,0.500,0.500,98.727,0,0,873100,1717956,168732,5052560,42946.959,1661.612,0,0,0,0,524,551,1.060,1.060,0.700,0,0,0,0,0,10,2,0,8,0
13-02 17:22:04,0.250,0.250,98.758,0,0,873100,1717956,168732,5052560,7700.638,810.067,0,28.002,0,3.000,494,570,1.060,1.060,0.700,0,0,0,0,0,10,2,0,8,0
13-02 17:22:05,13.499,2.500,83.745,0,0,903344,1687716,168732,5052560,283421.843,7261.586,0,0,0,0,1673,1078,1.060,1.060,0.700,1,0,7.000,0,0,10,2,0,4,0
13-02 17:22:06,13.750,4.500,79.503,0.500,0,903868,1687068,168736,5052680,292441.666,13490.446,108.004,236.008,5.000,33.001,2557,1544,1.060,1.060,0.700,1,0,32.001,0,0,10,2,0,4,0
13-02 17:22:07,15.249,5.499,77.993,0,0,904296,1686512,168736,5052808,150864.824,5779.457,0,3347.685,0,51.995,2235,1238,1.060,1.060,0.700,1,0,22.998,0,0,10,2,0,4,0
