"pcp-dstat 6.2.0 CSV Output"
"Author:","PCP team <pcp@groups.io> and Dag Wieers <dag@wieers.com>",,,,"URL:","https://pcp.io/ and http://dag.wieers.com/home-made/dstat/"
"Host:","np0000094091",,,,"User:","ubuntu"
"Cmdline:","dstat -tcmndrylpg --tcp --output /tmp/devstack_logs/dstat-csv.log",,,,"Date:","28 Apr 2026 01:03:54 UTC"
"system","total usage",,,,,"memory usage",,,,"net/total",,"dsk/total",,"io/total",,"system",,"load avg",,,"procs",,,"paging",,"tcp sockets",,,,
"time","total usage:usr","total usage:sys","total usage:idl","total usage:wai","total usage:stl","used","free","buf","cach","net/total:recv","net/total:send","dsk/total:read","dsk/total:writ","read","writ","int","csw","1m","5m","15m","run","blk","new","in","out","lis","act","syn","tim","clo"
28-04 01:03:54,,1003392,1654784,163880,4999488,,,,,,,1.800,1.170,0.720,2,0,,,,10,6,0,17,0
28-04 01:03:55,28.440,21.205,48.897,0.499,0,1017628,1640208,163956,4999676,21378.902,7997.130,0,814.282,0,23.949,5286,3553,1.800,1.170,0.720,1,0,231.512,0,0,10,5,0,17,1
28-04 01:03:56,23.740,19.742,53.228,0.500,0,1012976,1644380,164088,4999916,43102.407,11526.295,0,1407.426,0,44.982,4901,2902,1.800,1.170,0.720,2,0,205.916,0,0,10,5,0,17,1
28-04 01:03:57,28.253,20.752,49.505,0.250,0,1038940,1617996,164176,5000148,23500.231,8639.820,0,2124.202,0,129.012,4797,2714,1.800,1.170,0.720,2,0,189.018,0,0,10,4,0,17,2
28-04 01:03:58,26.679,20.944,49.867,0.748,0,1039296,1600620,164332,5016424,180332.085,11468.416,0,1663.564,0,43.883,4804,2728,1.900,1.200,0.730,3,0,174.535,0,0,10,4,0,11,2
28-04 01:03:59,47.067,21.280,29.793,0.751,0,1068148,1561964,164960,5024096,13272.982,1622.320,0,1910.733,0,116.166,6080,17906,1.900,1.200,0.730,2,0,199.285,0,0,10,4,0,12,2
28-04 01:04:00,39.689,17.723,41.187,0.250,0,1094436,1515040,165656,5041652,43093.960,1617.521,0,1341.944,0,31.951,5071,3775,1.900,1.200,0.730,6,0,129.801,0,0,10,4,0,12,2
28-04 01:04:01,40.384,19.063,38.628,0.752,0,1097336,1491172,166116,5060312,8827.210,1846.109,0,1496.953,0,48.159,6220,6597,1.900,1.200,0.730,3,0,195.647,0,0,10,4,1,12,2
28-04 01:04:02,39.758,15.753,41.758,2.751,0,1102056,1469200,167056,5074156,12270.388,1694.330,1012.197,4680.911,38.007,117.023,5447,5445,1.900,1.200,0.730,3,0,89.017,0,0,10,4,1,11,2
28-04 01:04:03,28.989,9.246,59.976,0.750,0,1075928,1472008,167772,5095060,10381.909,1693.333,0,25481.958,0,743.707,3131,1413,1.990,1.230,0.740,2,0,11.995,0,0,10,4,1,11,2
28-04 01:04:04,17.998,2.500,78.490,0.750,0,1084812,1470464,168412,5085948,12186.454,4486.431,0,2543.677,0,172.978,1689,1257,1.990,1.230,0.740,2,0,0,0,0,10,2,1,11,0
28-04 01:04:05,23.506,2.501,73.517,0,0,987872,1567480,168432,5085904,10218.409,1694.399,0,24.006,0,3.001,1834,937,1.990,1.230,0.740,1,0,20.005,0,0,10,2,1,11,0
28-04 01:04:06,18.276,2.253,77.862,0,0,1016424,1538064,168444,5086768,13372.228,3797.460,0,520.749,0,3.004,1617,940,1.990,1.230,0.740,1,0,16.023,0,0,10,3,1,11,0
28-04 01:04:07,23.016,2.752,74.301,0,0,1027748,1520884,168776,5091628,11918.187,1795.233,0,1921.320,0,102.070,1891,1069,1.990,1.230,0.740,1,0,6.004,0,0,10,2,1,11,0
28-04 01:04:08,17.962,4.241,76.337,0.249,0,1005788,1536224,169288,5096548,18692.176,4864.636,0,15822.290,0,92.802,1944,1127,1.990,1.250,0.750,1,0,20.955,0,0,10,2,1,11,0
28-04 01:04:09,22.998,6.749,68.244,0,0,1022980,1518440,169320,5097012,6267.486,1619.867,0,0,0,0,10082,18681,1.990,1.250,0.750,1,0,11.999,0,0,10,2,1,11,0
28-04 01:04:10,23.288,5.008,69.615,0,0,1030028,1511132,169384,5097164,10303.998,1622.677,0,84.139,0,1.002,10606,19188,1.990,1.250,0.750,2,0,6.010,0,0,10,2,1,11,0
28-04 01:04:11,19.959,5.489,73.600,0.249,0,975168,1578388,169436,5085984,7875.971,1616.710,0,914.140,0,12.974,1930,1101,1.990,1.250,0.750,1,0,14.970,0,0,10,2,1,11,0
28-04 01:04:12,11.496,2.499,85.723,0,0,880588,1673152,169436,5085908,14399.414,131392.156,0,3.999,0,1.000,1415,872,1.990,1.250,0.750,0,0,3.999,0,0,10,2,1,11,0
28-04 01:04:13,0.500,1.249,97.189,0,0,880576,1673152,169436,5085908,13139.754,1618.984,0,9621.962,0,38.976,789,759,1.830,1.220,0.740,0,0,0,0,0,10,2,1,11,0
28-04 01:04:14,0.750,0.250,98.774,0,0,879616,1674112,169436,5085908,7960.949,1458.357,0,8.002,0,1.000,492,563,1.830,1.220,0.740,0,0,0,0,0,10,2,1,11,0
28-04 01:04:15,0.500,0.250,98.565,0,0,877676,1676048,169436,5085912,11259.456,1621.073,0,0,0,0,574,632,1.830,1.220,0.740,0,0,1.001,0,0,10,2,1,9,0
28-04 01:04:16,0.249,0,99.260,0,0,875980,1677744,169436,5085912,9106.992,1616.095,0,0,0,0,484,552,1.830,1.220,0.740,0,0,0,0,0,10,2,1,9,0
28-04 01:04:17,0.752,0.752,98.728,0,0,874504,1679228,169436,5085912,6985.156,1623.756,0,1118.587,0,5.012,516,593,1.830,1.220,0.740,0,0,0,0,0,10,2,1,9,0
28-04 01:04:18,0.250,1.751,95.032,2.251,0,873204,1680524,169436,5085916,11035.690,1620.542,0,27989.358,0,160.054,902,879,1.680,1.200,0.740,0,0,0,0,0,10,2,1,9,0
28-04 01:04:19,0.500,0,98.686,0,0,872068,1681660,169436,5085916,9294.990,1618.953,0,7.995,0,0.999,502,564,1.680,1.200,0.740,0,0,0,0,0,10,2,1,9,0
28-04 01:04:20,0.250,0.500,98.543,0,0,871952,1681776,169436,5085916,9533.136,1694.735,0,0,0,0,499,558,1.680,1.200,0.740,0,0,0,0,0,10,2,1,9,0
28-04 01:04:21,0.250,0.250,98.929,0,0,871952,1681776,169436,5085916,8630.798,1618.837,0,2258.377,0,13.990,506,578,1.680,1.200,0.740,0,0,0,0,0,10,2,1,9,0
28-04 01:04:22,0.500,0.250,98.534,0,0,871952,1681776,169436,5085916,10513.679,1458.510,0,648.227,0,2.001,531,594,1.680,1.200,0.740,0,0,0,0,0,10,2,1,9,0
28-04 01:04:23,0.250,0.250,98.790,0,0.250,871952,1681776,169436,5085916,9957.985,1620.649,0,4.002,0,1.000,512,588,1.550,1.180,0.730,0,0,0,0,0,10,2,1,9,0
28-04 01:04:24,0.500,0.500,98.496,0,0,871952,1681776,169436,5085916,6644.733,1619.935,0,4359.825,0,32.999,554,631,1.550,1.180,0.730,0,0,0,0,0,10,2,1,9,0
28-04 01:04:25,0.501,0.501,98.610,0,0,871824,1681776,169436,5086044,7557.427,1621.808,0,4.004,0,1.001,529,629,1.550,1.180,0.730,0,0,1.001,0,0,10,2,1,9,0
28-04 01:04:26,0,0.250,99.391,0,0,871824,1681776,169436,5086044,12224.621,1618.229,0,0,0,0,529,550,1.550,1.180,0.730,0,0,0,0,0,10,2,1,9,0
28-04 01:04:27,0.750,0.250,98.498,0,0,871820,1681776,169440,5086044,10186.812,1619.970,0,115.998,0,2.000,510,578,1.550,1.180,0.730,0,0,0,0,0,10,2,1,9,0
28-04 01:04:28,0.250,0.250,98.499,0,0,871820,1681776,169440,5086044,10104.899,1619.984,0,0,0,0,508,566,1.420,1.160,0.730,0,0,0,0,0,10,2,1,9,0
28-04 01:04:29,0.500,0.500,98.783,0,0,871820,1681776,169440,5086044,9433.152,1620.541,0,1264.422,0,21.007,533,621,1.420,1.160,0.730,0,0,0,0,0,10,2,1,9,0
28-04 01:04:30,0.750,0.250,98.998,0,0,871820,1681776,169440,5086044,45540.119,1619.969,0,0,0,0,534,559,1.420,1.160,0.730,0,0,0,0,0,10,2,1,9,0
28-04 01:04:31,0.250,0,98.509,0,0,871820,1681776,169440,5086044,9516.831,1458.127,0,4.000,0,1.000,469,558,1.420,1.160,0.730,0,0,0,0,0,10,2,1,9,0
28-04 01:04:32,0.500,0.250,98.991,0.250,0,871820,1681776,169440,5086044,8604.246,1619.858,0,67.994,0,2.000,472,585,1.420,1.160,0.730,0,0,0,0,0,10,2,1,9,0
28-04 01:04:33,0,0.500,98.998,0,0,871820,1681776,169440,5086044,12783.760,1619.970,0,0,0,0,531,581,1.310,1.140,0.720,0,0,0,0,0,10,2,1,9,0
28-04 01:04:34,0.750,3.998,94.455,0,0,872296,1681300,169440,5086044,9239.610,1619.231,0,67172.085,0,356.830,1335,1197,1.310,1.140,0.720,0,0,0,0,0,10,2,1,9,0
28-04 01:04:35,0.750,1.000,98.022,0,0,864208,1689364,169440,5086048,8420.919,1620.369,0,19616.471,0,108.025,804,868,1.310,1.140,0.720,0,0,1.000,0,0,10,2,1,9,0
28-04 01:04:36,0,0.750,98.498,0,0,864208,1689364,169440,5086048,10215.756,1619.961,0,0,0,0,499,573,1.310,1.140,0.720,0,0,0,0,0,10,2,1,9,0
28-04 01:04:37,0.500,0,99.000,0,0,864208,1689364,169440,5086048,9101.028,1694.005,0,1448.005,0,4.000,512,585,1.310,1.140,0.720,0,0,0,0,0,10,2,1,9,0
28-04 01:04:38,0.500,0.500,98.531,0,0,864208,1689364,169440,5086048,14079.460,1458.462,0,0,0,0,512,543,1.200,1.120,0.720,0,0,0,0,0,10,2,1,9,0
28-04 01:04:39,0.250,0,98.756,0,0,864208,1689364,169440,5086048,10201.642,1620.102,0,0,0,0,463,550,1.200,1.120,0.720,0,0,0,0,0,10,2,1,8,0
28-04 01:04:40,0.250,0.250,98.993,0,0.250,864208,1689364,169440,5086048,8530.418,1619.889,0,7.999,0,2.000,435,557,1.200,1.120,0.720,0,0,0,0,0,10,2,1,8,0
28-04 01:04:41,0.750,0.250,98.754,0,0,864208,1689364,169440,5086048,11245.505,1620.073,0,96.004,0,15.001,522,591,1.200,1.120,0.720,0,0,0,0,0,10,2,1,8,0
28-04 01:04:42,0.250,0.250,98.992,0,0,856648,1696924,169444,5086044,11176.048,971.917,0,31.997,0,2.000,478,579,1.200,1.120,0.720,0,0,0,0,0,10,2,1,8,0
28-04 01:04:43,12.501,2.000,84.507,0,0,882332,1671248,169444,5086052,285774.557,6998.601,0,4.000,0,1.000,1585,1116,1.110,1.110,0.720,1,0,7.001,0,0,10,2,1,4,0
28-04 01:04:44,13.499,5.750,80.247,0.500,0,893464,1660008,169448,5086156,298663.783,13365.453,107.996,0,5.000,0,2531,1524,1.110,1.110,0.720,1,0,31.999,0,0,10,2,1,4,0
28-04 01:04:45,15.253,6.001,77.016,0,0,892776,1660560,169448,5086292,157618.474,5657.166,0,92.019,0,3.001,2371,1332,1.110,1.110,0.720,1,0,26.005,0,0,10,2,1,4,0
