"pcp-dstat 6.2.0 CSV Output"
"Author:","PCP team <pcp@groups.io> and Dag Wieers <dag@wieers.com>",,,,"URL:","https://pcp.io/ and http://dag.wieers.com/home-made/dstat/"
"Host:","np0000056230",,,,"User:","ubuntu"
"Cmdline:","dstat -tcmndrylpg --tcp --output /tmp/devstack_logs/dstat-csv.log",,,,"Date:","13 Feb 2026 11:45:56 UTC"
"system","total usage",,,,,"memory usage",,,,"net/total",,"dsk/total",,"io/total",,"system",,"load avg",,,"procs",,,"paging",,"tcp sockets",,,,
"time","total usage:usr","total usage:sys","total usage:idl","total usage:wai","total usage:stl","used","free","buf","cach","net/total:recv","net/total:send","dsk/total:read","dsk/total:writ","read","writ","int","csw","1m","5m","15m","run","blk","new","in","out","lis","act","syn","tim","clo"
13-02 11:45:56,,1139716,1566656,161960,4957644,,,,,,,1.460,1.100,0.700,3,0,,,,10,5,0,17,1
13-02 11:45:57,27.192,19.459,51.391,0.499,0,1138328,1567764,161996,4957812,51127.397,8012.979,0,1273.295,0,27.941,5153,3064,1.460,1.100,0.700,3,0,244.481,0,0,10,5,0,17,1
13-02 11:45:58,24.996,20.247,52.992,0.500,0,1137160,1568584,162004,4958044,50277.192,10613.352,0,1103.829,0,35.994,4943,2866,1.460,1.100,0.700,2,0,206.968,0,0,10,4,0,17,2
13-02 11:45:59,27.684,21.449,49.382,0.249,0,1134060,1571352,162032,4958272,17757.586,8030.818,0,1089.398,0,31.924,4784,2629,1.460,1.100,0.700,4,0,189.547,0,0,10,4,0,15,2
13-02 11:46:00,32.321,18.791,46.853,0.501,0,1119880,1568348,162048,4975256,174926.520,8709.194,0,1186.615,0,30.066,5159,4254,1.460,1.100,0.700,2,0,159.351,0,0,10,4,0,15,2
13-02 11:46:01,34.025,19.264,44.533,0.751,0,1096544,1576588,162960,4986232,4899.633,1621.202,0,1905.413,0,66.049,4968,3197,1.660,1.140,0.720,3,0,157.116,0,0,10,4,0,15,2
13-02 11:46:02,43.050,16.519,39.296,0.250,0,1078256,1576652,163472,5002416,9054.580,1621.895,0,1325.549,0,32.037,5386,6243,1.660,1.140,0.720,2,0,137.160,0,0,10,4,0,15,2
13-02 11:46:03,39.938,15.726,41.935,0.998,0,1096288,1538988,163796,5019732,5418.597,1617.492,263.591,906.594,11.981,23.963,5531,5512,1.660,1.140,0.720,2,0,133.793,0,0,10,4,0,11,2
13-02 11:46:04,37.326,15.281,44.089,2.756,0,1089512,1526528,164864,5035096,8359.952,1460.962,749.520,9495.254,26.053,136.276,4889,4705,1.660,1.140,0.720,2,0,81.165,0,0,10,4,0,11,2
13-02 11:46:05,26.695,6.986,64.366,0.998,0,1082740,1503700,165788,5061112,8868.592,1616.644,0,5951.647,0,77.838,2446,1519,1.660,1.140,0.720,2,0,11.975,0,0,10,4,0,11,2
13-02 11:46:06,18.251,1.500,79.005,0.500,0,1094236,1502564,166336,5049260,14450.904,4343.272,0,1540.096,0,96.006,1663,1252,1.610,1.140,0.720,2,0,1.000,0,0,10,2,0,11,0
13-02 11:46:07,22.249,3.500,73.245,0.250,0,1083988,1512900,166356,5049224,7247.524,1619.894,0,17662.839,0,703.954,2220,937,1.610,1.140,0.720,1,0,18.999,0,0,10,2,0,11,0
13-02 11:46:08,18.996,3.749,76.983,0,0,1089236,1507608,166364,5049260,11241.546,3725.187,0,427.907,0,4.999,1656,985,1.610,1.140,0.720,1,0,15.997,0,0,10,3,0,11,0
13-02 11:46:09,22.511,3.001,74.285,0.250,0,1079132,1511572,166444,5054960,5215.443,1794.841,0,848.397,0,8.004,1726,973,1.610,1.140,0.720,1,0,3.001,0,0,10,2,0,11,0
13-02 11:46:10,18.497,2.000,78.236,0.250,0,1062768,1521480,166816,5059880,16260.989,4768.117,0,1183.781,0,17.997,1625,890,1.610,1.140,0.720,1,0,17.997,0,0,10,2,0,11,0
13-02 11:46:11,23.004,6.001,70.014,0,0,1052836,1530620,166868,5060492,8947.735,1620.314,0,84.016,0,1.000,7281,13926,1.560,1.140,0.720,1,0,12.002,0,0,10,2,0,11,0
13-02 11:46:12,22.751,5.500,69.253,0,0,1046784,1536516,166912,5060588,8644.425,1620.080,0,4.000,0,1.000,10127,18525,1.560,1.140,0.720,1,0,13.001,0,0,10,2,0,11,0
13-02 11:46:13,19.743,5.998,73.225,0,0,1020456,1575468,166956,5049340,9762.644,1619.443,0,17002.156,0,185.936,2135,1344,1.560,1.140,0.720,1,0,7.997,0,0,10,2,0,11,0
13-02 11:46:14,13.000,1.750,84.501,0,0,1024284,1571788,166956,5049260,12539.109,131217.138,0,4.000,0,1.000,1335,785,1.560,1.140,0.720,0,0,4.000,0,0,10,2,0,11,0
13-02 11:46:15,0.500,0.500,98.738,0,0,1020688,1575384,166956,5049260,8591.961,1619.804,0,0,0,0,444,537,1.560,1.140,0.720,0,0,0,0,0,10,2,0,10,0
13-02 11:46:16,0.500,0.500,98.265,0.250,0,1015344,1580812,166964,5049244,5195.782,1620.244,0,676.102,0,12.002,524,937,1.440,1.120,0.720,1,0,1.000,0,0,10,2,0,10,0
13-02 11:46:17,0,0,98.733,0,0,1001840,1594312,166964,5049248,8854.456,1619.718,0,0,0,0,473,550,1.440,1.120,0.720,0,0,0,0,0,10,2,0,10,0
13-02 11:46:18,0.500,2.000,97.486,0,0,989892,1606260,166964,5049248,8982.665,1619.759,0,11330.316,0,44.993,719,745,1.440,1.120,0.720,0,0,0,0,0,10,2,0,10,0
13-02 11:46:19,0.250,0.250,98.751,0,0,979216,1616936,166964,5049248,7896.046,1620.010,0,8.000,0,2.000,485,575,1.440,1.120,0.720,0,0,0,0,0,10,2,0,9,0
13-02 11:46:20,0.500,0.250,99.015,0,0,965576,1630576,166964,5049248,11156.643,1620.239,0,0,0,0,505,537,1.440,1.120,0.720,0,0,0,0,0,10,2,0,9,0
13-02 11:46:21,0.250,0,98.750,0,0,952100,1644052,166964,5049248,13638.960,1619.995,0,611.998,0,4.000,526,575,1.320,1.100,0.720,0,0,0,0,0,10,2,0,9,0
13-02 11:46:22,0.250,0.250,98.736,0,0,938940,1657212,166964,5049248,9043.709,1457.792,0,7.999,0,1.000,482,553,1.320,1.100,0.720,0,0,0,0,0,10,2,0,9,0
13-02 11:46:23,0.500,1.250,97.236,0,0,928212,1667940,166964,5049248,8426.829,1619.775,0,22388.889,0,119.983,730,773,1.320,1.100,0.720,0,0,0,0,0,10,2,0,9,0
13-02 11:46:24,0.250,0.500,99.268,0,0,919400,1676752,166964,5049248,7076.253,1620.287,0,4.001,0,1.000,460,565,1.320,1.100,0.720,0,0,0,0,0,10,2,0,9,0
13-02 11:46:25,0.250,0.250,98.754,0,0,913200,1682952,166964,5049248,11164.494,1620.072,0,4.000,0,1.000,505,527,1.320,1.100,0.720,0,0,0,0,0,10,2,0,9,0
13-02 11:46:26,0.750,0.250,98.242,0,0,908020,1688132,166964,5049248,9662.230,1619.871,0,459.963,0,2.000,542,595,1.210,1.080,0.710,1,0,1.000,0,0,10,2,0,9,0
13-02 11:46:27,0.250,0,98.776,0,0,902980,1693172,166964,5049248,43870.568,1620.427,0,0,0,0,587,586,1.210,1.080,0.710,0,0,0,0,0,10,2,0,9,0
13-02 11:46:28,0.250,0.500,98.973,0,0,898820,1697332,166968,5049244,24420.333,1619.558,0,3762.973,0,6.998,509,553,1.210,1.080,0.710,0,0,0,0,0,10,2,0,9,0
13-02 11:46:29,1.250,1.500,96.973,0,0,888268,1707876,166968,5049252,9801.259,1619.547,0,7.998,0,1.000,707,633,1.210,1.080,0.710,0,0,5.998,0,0,10,2,0,9,0
13-02 11:46:30,0,0,98.537,0,0,885916,1710228,166968,5049252,7588.851,1620.609,0,0,0,0,447,528,1.210,1.080,0.710,0,0,0,0,0,10,2,0,9,0
13-02 11:46:31,0.750,0.250,98.991,0,0,881948,1714196,166972,5049248,4812.551,1457.864,0,83.992,0,3.000,451,568,1.120,1.070,0.710,0,0,0,0,0,10,2,0,9,0
13-02 11:46:32,0,0.250,98.497,0,0,880100,1716040,166972,5049252,5765.845,1619.956,0,0,0,0,445,551,1.120,1.070,0.710,0,0,0,0,0,10,2,0,9,0
13-02 11:46:33,0.500,3.251,96.518,0.250,0,870788,1725352,166972,5049252,8988.713,1620.309,0,31277.960,0,150.029,978,940,1.120,1.070,0.710,0,0,0,0,0,10,2,0,9,0
13-02 11:46:34,0.500,0,98.757,0.250,0,870788,1725352,166972,5049252,7600.548,1620.117,0,164.012,0,29.002,509,573,1.120,1.070,0.710,0,0,0,0,0,10,2,0,9,0
13-02 11:46:35,0.500,0.250,98.726,0,0,870788,1725352,166972,5049252,8570.903,1619.604,0,0,0,0,474,534,1.120,1.070,0.710,0,0,0,0,0,10,2,0,9,0
13-02 11:46:36,0.250,0,98.761,0,0,870976,1725164,166972,5049252,9960.128,1620.183,0,4.000,0,1.000,505,563,1.030,1.050,0.710,0,0,0,0,0,10,2,0,9,0
13-02 11:46:37,0.250,0.250,98.506,0,0,871032,1725104,166976,5049252,9137.550,1620.097,0,752.045,0,3.000,529,610,1.030,1.050,0.710,0,0,1.000,0,0,10,2,0,9,0
13-02 11:46:38,0.500,3.000,95.742,0,0,871448,1724688,166976,5049252,8511.257,1619.859,0,58586.887,0,250.978,1121,1118,1.030,1.050,0.710,0,0,0,0,0,10,2,0,9,0
13-02 11:46:39,0.250,0,99.000,0,0,871416,1724720,166976,5049252,4885.007,1458.002,0,132.000,0,16.000,459,568,1.030,1.050,0.710,0,0,0,0,0,10,2,0,9,0
13-02 11:46:40,0.750,0,99.002,0,0,871416,1724720,166976,5049252,6554.104,1662.026,0,0,0,0,419,530,1.030,1.050,0.710,0,0,0,0,0,10,2,0,9,0
13-02 11:46:41,0.250,0.250,98.485,0,0,871416,1724720,166976,5049252,9311.586,1619.754,0,0,0,0,476,543,0.940,1.030,0.700,1,0,0,0,0,10,2,0,9,0
13-02 11:46:42,0,0.250,98.792,0.250,0,871416,1724720,166976,5049252,7720.313,1620.696,0,880.378,0,3.001,472,583,0.940,1.030,0.700,0,0,0,0,0,10,2,0,9,0
13-02 11:46:43,0.500,0.750,98.721,0,0,871416,1724720,166976,5049252,8932.385,1619.526,0,3.999,0,1.000,471,553,0.940,1.030,0.700,0,0,0,0,0,10,2,0,9,0
13-02 11:46:44,0.750,0.250,99.002,0,0,871668,1724468,166976,5049252,6249.130,972.020,0,3384.070,0,52.001,474,571,0.940,1.030,0.700,0,0,0,0,0,10,2,0,4,0
13-02 11:46:45,12.002,2.000,84.267,0,0,882972,1713156,166980,5049256,285851.160,7329.466,0,0,0,0,1630,1073,0.940,1.030,0.700,1,0,7.001,0,0,10,2,0,4,0
13-02 11:46:46,15.000,4.750,79.498,0.500,0,873408,1722608,166984,5049364,294240.971,13497.632,107.997,0,5.000,0,2626,1548,0.870,1.010,0.700,1,0,31.999,0,0,10,2,0,4,0
13-02 11:46:47,15.752,5.751,77.011,0,0,867328,1728564,166984,5049496,150576.541,5656.809,0,148.021,0,3.000,2292,1313,0.870,1.010,0.700,1,0,25.004,0,0,10,2,0,4,0
