Jan 13 15:29:49 ubuntu devstack@keystone.service[62742]: ERROR keystone.server.flask.application   File "/opt/stack/data/venv/lib/python3.12/site-packages/sqlalchemy/engine/base.py", line 2352, in _handle_dbapi_exception
Jan 13 15:29:49 ubuntu devstack@keystone.service[62742]: ERROR keystone.server.flask.application     raise newraise.with_traceback(exc_info[2]) from e
Jan 13 15:29:49 ubuntu devstack@keystone.service[62742]: ERROR keystone.server.flask.application   File "/opt/stack/data/venv/lib/python3.12/site-packages/sqlalchemy/engine/base.py", line 1967, in _exec_single_context
Jan 13 15:29:49 ubuntu devstack@keystone.service[62742]: ERROR keystone.server.flask.application     self.dialect.do_execute(
Jan 13 15:29:49 ubuntu devstack@keystone.service[62742]: ERROR keystone.server.flask.application   File "/opt/stack/data/venv/lib/python3.12/site-packages/sqlalchemy/engine/default.py", line 951, in do_execute
Jan 13 15:29:49 ubuntu devstack@keystone.service[62742]: ERROR keystone.server.flask.application     cursor.execute(statement, parameters)
Jan 13 15:29:49 ubuntu devstack@keystone.service[62742]: ERROR keystone.server.flask.application   File "/opt/stack/data/venv/lib/python3.12/site-packages/pymysql/cursors.py", line 153, in execute
Jan 13 15:29:49 ubuntu devstack@keystone.service[62742]: ERROR keystone.server.flask.application     result = self._query(query)
Jan 13 15:29:49 ubuntu devstack@keystone.service[62742]: ERROR keystone.server.flask.application              ^^^^^^^^^^^^^^^^^^
Jan 13 15:29:49 ubuntu devstack@keystone.service[62742]: ERROR keystone.server.flask.application   File "/opt/stack/data/venv/lib/python3.12/site-packages/pymysql/cursors.py", line 322, in _query
Jan 13 15:29:49 ubuntu devstack@keystone.service[62742]: ERROR keystone.server.flask.application     conn.query(q)
Jan 13 15:29:49 ubuntu devstack@keystone.service[62742]: ERROR keystone.server.flask.application   File "/opt/stack/data/venv/lib/python3.12/site-packages/pymysql/connections.py", line 575, in query
Jan 13 15:29:49 ubuntu devstack@keystone.service[62742]: ERROR keystone.server.flask.application     self._affected_rows = self._read_query_result(unbuffered=unbuffered)
Jan 13 15:29:49 ubuntu devstack@keystone.service[62742]: ERROR keystone.server.flask.application                           ^^^^^^^^^^^^^^^^^^^^^^^^^^^^^^^^^^^^^^^^^^^^^^
Jan 13 15:29:49 ubuntu devstack@keystone.service[62742]: ERROR keystone.server.flask.application   File "/opt/stack/data/venv/lib/python3.12/site-packages/pymysql/connections.py", line 826, in _read_query_result
Jan 13 15:29:49 ubuntu devstack@keystone.service[62742]: ERROR keystone.server.flask.application     result.read()
Jan 13 15:29:49 ubuntu devstack@keystone.service[62742]: ERROR keystone.server.flask.application   File "/opt/stack/data/venv/lib/python3.12/site-packages/pymysql/connections.py", line 1203, in read
Jan 13 15:29:49 ubuntu devstack@keystone.service[62742]: ERROR keystone.server.flask.application     first_packet = self.connection._read_packet()
Jan 13 15:29:49 ubuntu devstack@keystone.service[62742]: ERROR keystone.server.flask.application                    ^^^^^^^^^^^^^^^^^^^^^^^^^^^^^^
Jan 13 15:29:49 ubuntu devstack@keystone.service[62742]: ERROR keystone.server.flask.application   File "/opt/stack/data/venv/lib/python3.12/site-packages/pymysql/connections.py", line 782, in _read_packet
Jan 13 15:29:49 ubuntu devstack@keystone.service[62742]: ERROR keystone.server.flask.application     packet.raise_for_error()
Jan 13 15:29:49 ubuntu devstack@keystone.service[62742]: ERROR keystone.server.flask.application   File "/opt/stack/data/venv/lib/python3.12/site-packages/pymysql/protocol.py", line 219, in raise_for_error
Jan 13 15:29:49 ubuntu devstack@keystone.service[62742]: ERROR keystone.server.flask.application     err.raise_mysql_exception(self._data)
Jan 13 15:29:49 ubuntu devstack@keystone.service[62742]: ERROR keystone.server.flask.application   File "/opt/stack/data/venv/lib/python3.12/site-packages/pymysql/err.py", line 150, in raise_mysql_exception
Jan 13 15:29:49 ubuntu devstack@keystone.service[62742]: ERROR keystone.server.flask.application     raise errorclass(errno, errval)
Jan 13 15:29:49 ubuntu devstack@keystone.service[62742]: ERROR keystone.server.flask.application oslo_db.exception.DBDuplicateEntry: (pymysql.err.IntegrityError) (1062, "Duplicate entry 'service-<<null>>' for key 'role.ixu_role_name_domain_id'")
Jan 13 15:29:49 ubuntu devstack@keystone.service[62742]: ERROR keystone.server.flask.application [SQL: INSERT INTO `role` (id, name, description, extra) VALUES (%(id)s, %(name)s, %(description)s, %(extra)s)]
Jan 13 15:29:49 ubuntu devstack@keystone.service[62742]: ERROR keystone.server.flask.application [parameters: {'id': 'a49220ba630a408291b0f867989f1501', 'name': 'service', 'description': None, 'extra': '{}'}]
Jan 13 15:29:49 ubuntu devstack@keystone.service[62742]: ERROR keystone.server.flask.application (Background on this error at: https://sqlalche.me/e/20/gkpj)
Jan 13 15:29:49 ubuntu devstack@keystone.service[62742]: ERROR keystone.server.flask.application 
Jan 13 15:29:49 ubuntu devstack@keystone.service[62742]: ERROR keystone.server.flask.application During handling of the above exception, another exception occurred:
Jan 13 15:29:49 ubuntu devstack@keystone.service[62742]: ERROR keystone.server.flask.application 
Jan 13 15:29:49 ubuntu devstack@keystone.service[62742]: ERROR keystone.server.flask.application Traceback (most recent call last):
Jan 13 15:29:49 ubuntu devstack@keystone.service[62742]: ERROR keystone.server.flask.application   File "/opt/stack/data/venv/lib/python3.12/site-packages/flask_restful/__init__.py", line 295, in error_router
Jan 13 15:29:49 ubuntu devstack@keystone.service[62742]: ERROR keystone.server.flask.application     return self.handle_error(e)
Jan 13 15:29:49 ubuntu devstack@keystone.service[62742]: ERROR keystone.server.flask.application            ^^^^^^^^^^^^^^^^^^^^
Jan 13 15:29:49 ubuntu devstack@keystone.service[62742]: ERROR keystone.server.flask.application   File "/opt/stack/data/venv/lib/python3.12/site-packages/flask_restful/__init__.py", line 310, in handle_error
Jan 13 15:29:49 ubuntu devstack@keystone.service[62742]: ERROR keystone.server.flask.application     _handle_flask_propagate_exceptions_config(current_app, e)
Jan 13 15:29:49 ubuntu devstack@keystone.service[62742]: ERROR keystone.server.flask.application   File "/opt/stack/data/venv/lib/python3.12/site-packages/flask/app.py", line 917, in full_dispatch_request
Jan 13 15:29:49 ubuntu devstack@keystone.service[62742]: ERROR keystone.server.flask.application     rv = self.dispatch_request()
Jan 13 15:29:49 ubuntu devstack@keystone.service[62742]: ERROR keystone.server.flask.application          ^^^^^^^^^^^^^^^^^^^^^^^
Jan 13 15:29:49 ubuntu devstack@keystone.service[62742]: ERROR keystone.server.flask.application   File "/opt/stack/data/venv/lib/python3.12/site-packages/flask/app.py", line 902, in dispatch_request
Jan 13 15:29:49 ubuntu devstack@keystone.service[62742]: ERROR keystone.server.flask.application     return self.ensure_sync(self.view_functions[rule.endpoint])(**view_args)  # type: ignore[no-any-return]
Jan 13 15:29:49 ubuntu devstack@keystone.service[62742]: ERROR keystone.server.flask.application            ^^^^^^^^^^^^^^^^^^^^^^^^^^^^^^^^^^^^^^^^^^^^^^^^^^^^^^^^^^^^^^^^^
Jan 13 15:29:49 ubuntu devstack@keystone.service[62742]: ERROR keystone.server.flask.application   File "/opt/stack/data/venv/lib/python3.12/site-packages/flask_restful/__init__.py", line 489, in wrapper
Jan 13 15:29:49 ubuntu devstack@keystone.service[62742]: ERROR keystone.server.flask.application     resp = resource(*args, **kwargs)
Jan 13 15:29:49 ubuntu devstack@keystone.service[62742]: ERROR keystone.server.flask.application            ^^^^^^^^^^^^^^^^^^^^^^^^^
Jan 13 15:29:49 ubuntu devstack@keystone.service[62742]: ERROR keystone.server.flask.application   File "/opt/stack/data/venv/lib/python3.12/site-packages/flask/views.py", line 110, in view
Jan 13 15:29:49 ubuntu devstack@keystone.service[62742]: ERROR keystone.server.flask.application     return current_app.ensure_sync(self.dispatch_request)(**kwargs)  # type: ignore[no-any-return]
Jan 13 15:29:49 ubuntu devstack@keystone.service[62742]: ERROR keystone.server.flask.application            ^^^^^^^^^^^^^^^^^^^^^^^^^^^^^^^^^^^^^^^^^^^^^^^^^^^^^^^^
Jan 13 15:29:49 ubuntu devstack@keystone.service[62742]: ERROR keystone.server.flask.application   File "/opt/stack/data/venv/lib/python3.12/site-packages/flask_restful/__init__.py", line 604, in dispatch_request
Jan 13 15:29:49 ubuntu devstack@keystone.service[62742]: ERROR keystone.server.flask.application     resp = meth(*args, **kwargs)
Jan 13 15:29:49 ubuntu devstack@keystone.service[62742]: ERROR keystone.server.flask.application            ^^^^^^^^^^^^^^^^^^^^^
Jan 13 15:29:49 ubuntu devstack@keystone.service[62742]: ERROR keystone.server.flask.application   File "/opt/stack/keystone/keystone/api/validation/__init__.py", line 86, in wrapper
Jan 13 15:29:49 ubuntu devstack@keystone.service[62742]: ERROR keystone.server.flask.application     return func(*args, **kwargs)
Jan 13 15:29:49 ubuntu devstack@keystone.service[62742]: ERROR keystone.server.flask.application            ^^^^^^^^^^^^^^^^^^^^^
Jan 13 15:29:49 ubuntu devstack@keystone.service[62742]: ERROR keystone.server.flask.application   File "/opt/stack/keystone/keystone/api/validation/__init__.py", line 145, in wrapper
Jan 13 15:29:49 ubuntu devstack@keystone.service[62742]: ERROR keystone.server.flask.application     response = func(*args, **kwargs)
Jan 13 15:29:49 ubuntu devstack@keystone.service[62742]: ERROR keystone.server.flask.application                ^^^^^^^^^^^^^^^^^^^^^
Jan 13 15:29:49 ubuntu devstack@keystone.service[62742]: ERROR keystone.server.flask.application   File "/opt/stack/keystone/keystone/api/roles.py", line 91, in post
Jan 13 15:29:49 ubuntu devstack@keystone.service[62742]: ERROR keystone.server.flask.application     ref = PROVIDERS.role_api.create_role(
Jan 13 15:29:49 ubuntu devstack@keystone.service[62742]: ERROR keystone.server.flask.application           ^^^^^^^^^^^^^^^^^^^^^^^^^^^^^^^
Jan 13 15:29:49 ubuntu devstack@keystone.service[62742]: ERROR keystone.server.flask.application   File "/opt/stack/keystone/keystone/common/manager.py", line 114, in wrapped
Jan 13 15:29:49 ubuntu devstack@keystone.service[62742]: ERROR keystone.server.flask.application     __ret_val = __f(*args, **kwargs)
Jan 13 15:29:49 ubuntu devstack@keystone.service[62742]: ERROR keystone.server.flask.application                 ^^^^^^^^^^^^^^^^^^^^
Jan 13 15:29:49 ubuntu devstack@keystone.service[62742]: ERROR keystone.server.flask.application   File "/opt/stack/keystone/keystone/assignment/core.py", line 1526, in create_role
Jan 13 15:29:49 ubuntu devstack@keystone.service[62742]: ERROR keystone.server.flask.application     ret = self.driver.create_role(role_id, role)
Jan 13 15:29:49 ubuntu devstack@keystone.service[62742]: ERROR keystone.server.flask.application           ^^^^^^^^^^^^^^^^^^^^^^^^^^^^^^^^^^^^^^
Jan 13 15:29:49 ubuntu devstack@keystone.service[62742]: ERROR keystone.server.flask.application   File "/opt/stack/keystone/keystone/common/sql/core.py", line 614, in wrapper
Jan 13 15:29:49 ubuntu devstack@keystone.service[62742]: ERROR keystone.server.flask.application     raise exception.Conflict(type=conflict_type, details=msg)
Jan 13 15:29:49 ubuntu devstack@keystone.service[62742]: ERROR keystone.server.flask.application keystone.exception.Conflict: Conflict occurred attempting to store role - Duplicate entry found with name service.
Jan 13 15:29:49 ubuntu devstack@keystone.service[62742]: ERROR keystone.server.flask.application 
Jan 13 15:29:49 ubuntu devstack@keystone.service[62742]: [pid: 62742|app: 0|req: 17/34] 10.120.125.138 () {62 vars in 1203 bytes} [Tue Jan 13 15:29:49 2026] POST /identity/v3/roles => generated 140 bytes in 90 msecs (HTTP/1.1 409) 5 headers in 183 bytes (1 switches on core 0)
Jan 13 15:29:49 ubuntu devstack@keystone.service[62742]: DEBUG keystone.server.flask.request_processing.middleware.auth_context [None req-3546cf60-40aa-4cde-89b3-8b0735d427ea None admin] Authenticating user token {{(pid=62742) process_request /opt/stack/data/venv/lib/python3.12/site-packages/keystonemiddleware/auth_token/__init__.py:407}}
Jan 13 15:29:49 ubuntu devstack@keystone.service[62743]: DEBUG keystone.common.rbac_enforcer.enforcer [None req-4960493a-d90b-4d5b-a8b7-3b173b91307f None admin] RBAC: Authorization granted {{(pid=62743) enforce_call /opt/stack/keystone/keystone/common/rbac_enforcer/enforcer.py:505}}
Jan 13 15:29:49 ubuntu devstack@keystone.service[62743]: DEBUG keystone.server.flask.application [None req-4960493a-d90b-4d5b-a8b7-3b173b91307f None admin] Could not find domain: Default. {{(pid=62743) _handle_keystone_exception /opt/stack/keystone/keystone/server/flask/application.py:146}}
Jan 13 15:29:49 ubuntu devstack@keystone.service[62743]: [pid: 62743|app: 0|req: 18/35] 10.120.125.138 () {58 vars in 1137 bytes} [Tue Jan 13 15:29:49 2026] GET /identity/v3/domains/Default => generated 87 bytes in 84 msecs (HTTP/1.1 404) 5 headers in 183 bytes (2 switches on core 0)
Jan 13 15:29:49 ubuntu devstack@keystone.service[62743]: DEBUG keystone.server.flask.request_processing.req_logging [None req-3dbaabaf-5ed9-49ea-8abb-9f259d5c17b1 None None] REQUEST_METHOD: `GET` {{(pid=62743) log_request_info /opt/stack/keystone/keystone/server/flask/request_processing/req_logging.py:26}}
Jan 13 15:29:49 ubuntu devstack@keystone.service[62743]: DEBUG keystone.server.flask.request_processing.req_logging [None req-3dbaabaf-5ed9-49ea-8abb-9f259d5c17b1 None None] SCRIPT_NAME: `/identity` {{(pid=62743) log_request_info /opt/stack/keystone/keystone/server/flask/request_processing/req_logging.py:27}}
Jan 13 15:29:49 ubuntu devstack@keystone.service[62743]: DEBUG keystone.server.flask.request_processing.req_logging [None req-3dbaabaf-5ed9-49ea-8abb-9f259d5c17b1 None None] PATH_INFO: `/` {{(pid=62743) log_request_info /opt/stack/keystone/keystone/server/flask/request_processing/req_logging.py:28}}
Jan 13 15:29:49 ubuntu devstack@keystone.service[62743]: [pid: 62743|app: 0|req: 19/36] 10.120.125.138 () {56 vars in 955 bytes} [Tue Jan 13 15:29:49 2026] GET /identity => generated 272 bytes in 2 msecs (HTTP/1.1 300) 6 headers in 236 bytes (1 switches on core 0)
Jan 13 15:29:49 ubuntu devstack@keystone.service[62743]: DEBUG keystone.server.flask.request_processing.req_logging [None req-646f5e3d-32e3-41a0-84cb-54c7da0651db None None] REQUEST_METHOD: `POST` {{(pid=62743) log_request_info /opt/stack/keystone/keystone/server/flask/request_processing/req_logging.py:26}}
Jan 13 15:29:49 ubuntu devstack@keystone.service[62743]: DEBUG keystone.server.flask.request_processing.req_logging [None req-646f5e3d-32e3-41a0-84cb-54c7da0651db None None] SCRIPT_NAME: `/identity` {{(pid=62743) log_request_info /opt/stack/keystone/keystone/server/flask/request_processing/req_logging.py:27}}
Jan 13 15:29:49 ubuntu devstack@keystone.service[62743]: DEBUG keystone.server.flask.request_processing.req_logging [None req-646f5e3d-32e3-41a0-84cb-54c7da0651db None None] PATH_INFO: `/v3/auth/tokens` {{(pid=62743) log_request_info /opt/stack/keystone/keystone/server/flask/request_processing/req_logging.py:28}}
Jan 13 15:29:49 ubuntu devstack@keystone.service[62743]: WARNING keystone.common.password_hashing [None req-646f5e3d-32e3-41a0-84cb-54c7da0651db None None] Truncating password to algorithm specific maximum length 72 characters.
Jan 13 15:29:49 ubuntu devstack@keystone.service[62743]: DEBUG keystone.auth.core [None req-646f5e3d-32e3-41a0-84cb-54c7da0651db None None] MFA Rules not processed for user `78ae127360884fd8b300b5f1392c54d0`. Rule list: `[]` (Enabled: `True`). {{(pid=62743) check_auth_methods_against_rules /opt/stack/keystone/keystone/auth/core.py:476}}
Jan 13 15:29:49 ubuntu devstack@keystone.service[62743]: DEBUG keystone.common.fernet_utils [None req-646f5e3d-32e3-41a0-84cb-54c7da0651db None None] Loaded 2 Fernet keys from /etc/keystone/fernet-keys/, but `[fernet_tokens] max_active_keys = 3`; perhaps there have not been enough key rotations to reach `max_active_keys` yet? {{(pid=62743) load_keys /opt/stack/keystone/keystone/common/fernet_utils.py:297}}
Jan 13 15:29:49 ubuntu devstack@keystone.service[62742]: DEBUG keystone.server.flask.request_processing.middleware.auth_context [None req-3546cf60-40aa-4cde-89b3-8b0735d427ea None admin] Validating token access rules against request {{(pid=62742) validate_allowed_request /opt/stack/data/venv/lib/python3.12/site-packages/keystonemiddleware/auth_token/__init__.py:545}}
Jan 13 15:29:49 ubuntu devstack@keystone.service[62742]: DEBUG keystone.server.flask.request_processing.middleware.auth_context [None req-855a2277-6f9d-4ce4-892f-f64dd258815d None admin] RBAC: auth_context: {'token': <TokenModel (audit_id=NwNaSqpHQ_636c_nHByPCQ, audit_chain_id=['NwNaSqpHQ_636c_nHByPCQ']) at 0x7a64383d2870>, 'domain_id': None, 'trust_id': None, 'trustor_id': None, 'trustee_id': None, 'domain_name': None, 'group_ids': [], 'user_id': '78ae127360884fd8b300b5f1392c54d0', 'user_domain_id': 'default', 'system_scope': 'all', 'project_id': None, 'project_domain_id': None, 'roles': ['admin', 'manager', 'member', 'reader'], 'is_admin_project': True, 'service_user_id': None, 'service_user_domain_id': None, 'service_project_id': None, 'service_project_domain_id': None, 'service_roles': []} {{(pid=62742) fill_context /opt/stack/keystone/keystone/server/flask/request_processing/middleware/auth_context.py:509}}
Jan 13 15:29:49 ubuntu devstack@keystone.service[62742]: DEBUG keystone.server.flask.request_processing.req_logging [None req-855a2277-6f9d-4ce4-892f-f64dd258815d None admin] REQUEST_METHOD: `GET` {{(pid=62742) log_request_info /opt/stack/keystone/keystone/server/flask/request_processing/req_logging.py:26}}
Jan 13 15:29:49 ubuntu devstack@keystone.service[62742]: DEBUG keystone.server.flask.request_processing.req_logging [None req-855a2277-6f9d-4ce4-892f-f64dd258815d None admin] SCRIPT_NAME: `/identity` {{(pid=62742) log_request_info /opt/stack/keystone/keystone/server/flask/request_processing/req_logging.py:27}}
Jan 13 15:29:49 ubuntu devstack@keystone.service[62742]: DEBUG keystone.server.flask.request_processing.req_logging [None req-855a2277-6f9d-4ce4-892f-f64dd258815d None admin] PATH_INFO: `/v3/role_assignments` {{(pid=62742) log_request_info /opt/stack/keystone/keystone/server/flask/request_processing/req_logging.py:28}}
Jan 13 15:29:49 ubuntu devstack@keystone.service[62742]: DEBUG keystone.common.rbac_enforcer.enforcer [None req-855a2277-6f9d-4ce4-892f-f64dd258815d None admin] RBAC: Adding query filter params (role.id=d3227e41c6bc4f5f9783c6286dff2368, scope.domain.id=default, user.id=78ae127360884fd8b300b5f1392c54d0) {{(pid=62742) _extract_filter_values /opt/stack/keystone/keystone/common/rbac_enforcer/enforcer.py:176}}
Jan 13 15:29:49 ubuntu devstack@keystone.service[62742]: DEBUG keystone.common.rbac_enforcer.enforcer [None req-855a2277-6f9d-4ce4-892f-f64dd258815d None admin] RBAC: Authorizing `identity:list_role_assignments()` {{(pid=62742) enforce_call /opt/stack/keystone/keystone/common/rbac_enforcer/enforcer.py:494}}
Jan 13 15:29:49 ubuntu devstack@keystone.service[62742]: DEBUG keystone.common.rbac_enforcer.enforcer [None req-855a2277-6f9d-4ce4-892f-f64dd258815d None admin] RBAC: Authorization granted {{(pid=62742) enforce_call /opt/stack/keystone/keystone/common/rbac_enforcer/enforcer.py:505}}
Jan 13 15:29:49 ubuntu devstack@keystone.service[62742]: [pid: 62742|app: 0|req: 18/37] 10.120.125.138 () {58 vars in 1407 bytes} [Tue Jan 13 15:29:49 2026] GET /identity/v3/role_assignments?role.id=d3227e41c6bc4f5f9783c6286dff2368&scope.domain.id=default&user.id=78ae127360884fd8b300b5f1392c54d0 => generated 534 bytes in 63 msecs (HTTP/1.1 200) 5 headers in 177 bytes (1 switches on core 0)
Jan 13 15:29:49 ubuntu devstack@keystone.service[62742]: DEBUG keystone.server.flask.request_processing.middleware.auth_context [None req-855a2277-6f9d-4ce4-892f-f64dd258815d None admin] Authenticating user token {{(pid=62742) process_request /opt/stack/data/venv/lib/python3.12/site-packages/keystonemiddleware/auth_token/__init__.py:407}}
Jan 13 15:29:49 ubuntu devstack@keystone.service[62743]: [pid: 62743|app: 0|req: 20/38] 10.120.125.138 () {60 vars in 1052 bytes} [Tue Jan 13 15:29:49 2026] POST /identity/v3/auth/tokens => generated 864 bytes in 48 msecs (HTTP/1.1 201) 6 headers in 363 bytes (1 switches on core 0)
Jan 13 15:29:49 ubuntu devstack@keystone.service[62743]: DEBUG keystone.server.flask.request_processing.middleware.auth_context [None req-646f5e3d-32e3-41a0-84cb-54c7da0651db None None] Authenticating user token {{(pid=62743) process_request /opt/stack/data/venv/lib/python3.12/site-packages/keystonemiddleware/auth_token/__init__.py:407}}
Jan 13 15:29:49 ubuntu devstack@keystone.service[62742]: DEBUG keystone.server.flask.request_processing.middleware.auth_context [None req-855a2277-6f9d-4ce4-892f-f64dd258815d None admin] Validating token access rules against request {{(pid=62742) validate_allowed_request /opt/stack/data/venv/lib/python3.12/site-packages/keystonemiddleware/auth_token/__init__.py:545}}
Jan 13 15:29:49 ubuntu devstack@keystone.service[62743]: DEBUG keystone.server.flask.request_processing.middleware.auth_context [None req-646f5e3d-32e3-41a0-84cb-54c7da0651db None None] Validating token access rules against request {{(pid=62743) validate_allowed_request /opt/stack/data/venv/lib/python3.12/site-packages/keystonemiddleware/auth_token/__init__.py:545}}
Jan 13 15:29:49 ubuntu devstack@keystone.service[62742]: DEBUG keystone.server.flask.request_processing.middleware.auth_context [None req-67346267-9dd2-4a54-a78b-45b82ba02de4 None admin] RBAC: auth_context: {'token': <TokenModel (audit_id=lepxkT8nRtCbqBn0pP43gA, audit_chain_id=['lepxkT8nRtCbqBn0pP43gA']) at 0x7a6438723b00>, 'domain_id': None, 'trust_id': None, 'trustor_id': None, 'trustee_id': None, 'domain_name': None, 'group_ids': [], 'user_id': '78ae127360884fd8b300b5f1392c54d0', 'user_domain_id': 'default', 'system_scope': 'all', 'project_id': None, 'project_domain_id': None, 'roles': ['admin', 'manager', 'member', 'reader'], 'is_admin_project': True, 'service_user_id': None, 'service_user_domain_id': None, 'service_project_id': None, 'service_project_domain_id': None, 'service_roles': []} {{(pid=62742) fill_context /opt/stack/keystone/keystone/server/flask/request_processing/middleware/auth_context.py:509}}
Jan 13 15:29:49 ubuntu devstack@keystone.service[62742]: DEBUG keystone.server.flask.request_processing.req_logging [None req-67346267-9dd2-4a54-a78b-45b82ba02de4 None admin] REQUEST_METHOD: `GET` {{(pid=62742) log_request_info /opt/stack/keystone/keystone/server/flask/request_processing/req_logging.py:26}}
Jan 13 15:29:49 ubuntu devstack@keystone.service[62742]: DEBUG keystone.server.flask.request_processing.req_logging [None req-67346267-9dd2-4a54-a78b-45b82ba02de4 None admin] SCRIPT_NAME: `/identity` {{(pid=62742) log_request_info /opt/stack/keystone/keystone/server/flask/request_processing/req_logging.py:27}}
Jan 13 15:29:49 ubuntu devstack@keystone.service[62742]: DEBUG keystone.server.flask.request_processing.req_logging [None req-67346267-9dd2-4a54-a78b-45b82ba02de4 None admin] PATH_INFO: `/v3/roles/service` {{(pid=62742) log_request_info /opt/stack/keystone/keystone/server/flask/request_processing/req_logging.py:28}}
Jan 13 15:29:49 ubuntu devstack@keystone.service[62743]: DEBUG keystone.server.flask.request_processing.middleware.auth_context [None req-2c2b760a-075a-47ca-a65c-b544c72d234d None admin] RBAC: auth_context: {'token': <TokenModel (audit_id=sw2jvalJSM24O5j4XXFctg, audit_chain_id=['sw2jvalJSM24O5j4XXFctg']) at 0x7a6438519250>, 'domain_id': None, 'trust_id': None, 'trustor_id': None, 'trustee_id': None, 'domain_name': None, 'group_ids': [], 'user_id': '78ae127360884fd8b300b5f1392c54d0', 'user_domain_id': 'default', 'system_scope': 'all', 'project_id': None, 'project_domain_id': None, 'roles': ['admin', 'manager', 'member', 'reader'], 'is_admin_project': True, 'service_user_id': None, 'service_user_domain_id': None, 'service_project_id': None, 'service_project_domain_id': None, 'service_roles': []} {{(pid=62743) fill_context /opt/stack/keystone/keystone/server/flask/request_processing/middleware/auth_context.py:509}}
Jan 13 15:29:49 ubuntu devstack@keystone.service[62742]: DEBUG keystone.common.rbac_enforcer.enforcer [None req-67346267-9dd2-4a54-a78b-45b82ba02de4 None admin] Extracting inferred target data resulted in "NOT FOUND (404)". {{(pid=62742) enforce_call /opt/stack/keystone/keystone/common/rbac_enforcer/enforcer.py:445}}
Jan 13 15:29:49 ubuntu devstack@keystone.service[62743]: DEBUG keystone.server.flask.request_processing.req_logging [None req-2c2b760a-075a-47ca-a65c-b544c72d234d None admin] REQUEST_METHOD: `GET` {{(pid=62743) log_request_info /opt/stack/keystone/keystone/server/flask/request_processing/req_logging.py:26}}
Jan 13 15:29:49 ubuntu devstack@keystone.service[62743]: DEBUG keystone.server.flask.request_processing.req_logging [None req-2c2b760a-075a-47ca-a65c-b544c72d234d None admin] SCRIPT_NAME: `/identity` {{(pid=62743) log_request_info /opt/stack/keystone/keystone/server/flask/request_processing/req_logging.py:27}}
Jan 13 15:29:49 ubuntu devstack@keystone.service[62743]: DEBUG keystone.server.flask.request_processing.req_logging [None req-2c2b760a-075a-47ca-a65c-b544c72d234d None admin] PATH_INFO: `/v3/domains` {{(pid=62743) log_request_info /opt/stack/keystone/keystone/server/flask/request_processing/req_logging.py:28}}
Jan 13 15:29:49 ubuntu devstack@keystone.service[62742]: DEBUG keystone.server.flask.application [None req-67346267-9dd2-4a54-a78b-45b82ba02de4 None admin] Could not find role: service. {{(pid=62742) _handle_keystone_exception /opt/stack/keystone/keystone/server/flask/application.py:146}}
Jan 13 15:29:49 ubuntu devstack@keystone.service[62742]: [pid: 62742|app: 0|req: 19/39] 10.120.125.138 () {58 vars in 1174 bytes} [Tue Jan 13 15:29:49 2026] GET /identity/v3/roles/service => generated 85 bytes in 62 msecs (HTTP/1.1 404) 5 headers in 183 bytes (1 switches on core 0)
Jan 13 15:29:49 ubuntu devstack@keystone.service[62743]: DEBUG keystone.common.rbac_enforcer.enforcer [None req-2c2b760a-075a-47ca-a65c-b544c72d234d None admin] RBAC: Adding query filter params (name=Default) {{(pid=62743) _extract_filter_values /opt/stack/keystone/keystone/common/rbac_enforcer/enforcer.py:176}}
Jan 13 15:29:49 ubuntu devstack@keystone.service[62742]: DEBUG keystone.server.flask.request_processing.req_logging [None req-2b91ce3a-f968-4e8c-9bac-201aac127497 None None] REQUEST_METHOD: `POST` {{(pid=62742) log_request_info /opt/stack/keystone/keystone/server/flask/request_processing/req_logging.py:26}}
Jan 13 15:29:49 ubuntu devstack@keystone.service[62743]: DEBUG keystone.common.rbac_enforcer.enforcer [None req-2c2b760a-075a-47ca-a65c-b544c72d234d None admin] RBAC: Authorizing `identity:list_domains()` {{(pid=62743) enforce_call /opt/stack/keystone/keystone/common/rbac_enforcer/enforcer.py:494}}
Jan 13 15:29:49 ubuntu devstack@keystone.service[62742]: DEBUG keystone.server.flask.request_processing.req_logging [None req-2b91ce3a-f968-4e8c-9bac-201aac127497 None None] SCRIPT_NAME: `/identity` {{(pid=62742) log_request_info /opt/stack/keystone/keystone/server/flask/request_processing/req_logging.py:27}}
Jan 13 15:29:49 ubuntu devstack@keystone.service[62742]: DEBUG keystone.server.flask.request_processing.req_logging [None req-2b91ce3a-f968-4e8c-9bac-201aac127497 None None] PATH_INFO: `/v3/auth/tokens` {{(pid=62742) log_request_info /opt/stack/keystone/keystone/server/flask/request_processing/req_logging.py:28}}
Jan 13 15:29:49 ubuntu devstack@keystone.service[62743]: DEBUG keystone.common.rbac_enforcer.enforcer [None req-2c2b760a-075a-47ca-a65c-b544c72d234d None admin] RBAC: Authorization granted {{(pid=62743) enforce_call /opt/stack/keystone/keystone/common/rbac_enforcer/enforcer.py:505}}
Jan 13 15:29:49 ubuntu devstack@keystone.service[62742]: WARNING keystone.common.password_hashing [None req-2b91ce3a-f968-4e8c-9bac-201aac127497 None None] Truncating password to algorithm specific maximum length 72 characters.
Jan 13 15:29:49 ubuntu devstack@keystone.service[62742]: DEBUG keystone.auth.core [None req-2b91ce3a-f968-4e8c-9bac-201aac127497 None None] MFA Rules not processed for user `78ae127360884fd8b300b5f1392c54d0`. Rule list: `[]` (Enabled: `True`). {{(pid=62742) check_auth_methods_against_rules /opt/stack/keystone/keystone/auth/core.py:476}}
Jan 13 15:29:49 ubuntu devstack@keystone.service[62743]: [pid: 62743|app: 0|req: 21/40] 10.120.125.138 () {58 vars in 1138 bytes} [Tue Jan 13 15:29:49 2026] GET /identity/v3/domains?name=Default => generated 312 bytes in 75 msecs (HTTP/1.1 200) 5 headers in 177 bytes (1 switches on core 0)
Jan 13 15:29:49 ubuntu devstack@keystone.service[62742]: DEBUG keystone.common.fernet_utils [None req-2b91ce3a-f968-4e8c-9bac-201aac127497 None None] Loaded 2 Fernet keys from /etc/keystone/fernet-keys/, but `[fernet_tokens] max_active_keys = 3`; perhaps there have not been enough key rotations to reach `max_active_keys` yet? {{(pid=62742) load_keys /opt/stack/keystone/keystone/common/fernet_utils.py:297}}
Jan 13 15:29:49 ubuntu devstack@keystone.service[62743]: DEBUG keystone.server.flask.request_processing.req_logging [None req-ae9e6952-b0a6-4269-87f0-005d39802cfb None None] REQUEST_METHOD: `POST` {{(pid=62743) log_request_info /opt/stack/keystone/keystone/server/flask/request_processing/req_logging.py:26}}
Jan 13 15:29:49 ubuntu devstack@keystone.service[62743]: DEBUG keystone.server.flask.request_processing.req_logging [None req-ae9e6952-b0a6-4269-87f0-005d39802cfb None None] SCRIPT_NAME: `/identity` {{(pid=62743) log_request_info /opt/stack/keystone/keystone/server/flask/request_processing/req_logging.py:27}}
Jan 13 15:29:49 ubuntu devstack@keystone.service[62743]: DEBUG keystone.server.flask.request_processing.req_logging [None req-ae9e6952-b0a6-4269-87f0-005d39802cfb None None] PATH_INFO: `/v3/auth/tokens` {{(pid=62743) log_request_info /opt/stack/keystone/keystone/server/flask/request_processing/req_logging.py:28}}
Jan 13 15:29:49 ubuntu devstack@keystone.service[62743]: WARNING keystone.common.password_hashing [None req-ae9e6952-b0a6-4269-87f0-005d39802cfb None None] Truncating password to algorithm specific maximum length 72 characters.
Jan 13 15:29:49 ubuntu devstack@keystone.service[62742]: [pid: 62742|app: 0|req: 20/41] 10.120.125.138 () {60 vars in 1052 bytes} [Tue Jan 13 15:29:49 2026] POST /identity/v3/auth/tokens => generated 864 bytes in 51 msecs (HTTP/1.1 201) 6 headers in 363 bytes (1 switches on core 0)
Jan 13 15:29:49 ubuntu devstack@keystone.service[62742]: DEBUG keystone.server.flask.request_processing.middleware.auth_context [None req-2b91ce3a-f968-4e8c-9bac-201aac127497 None None] Authenticating user token {{(pid=62742) process_request /opt/stack/data/venv/lib/python3.12/site-packages/keystonemiddleware/auth_token/__init__.py:407}}
Jan 13 15:29:49 ubuntu devstack@keystone.service[62743]: DEBUG keystone.auth.core [None req-ae9e6952-b0a6-4269-87f0-005d39802cfb None None] MFA Rules not processed for user `78ae127360884fd8b300b5f1392c54d0`. Rule list: `[]` (Enabled: `True`). {{(pid=62743) check_auth_methods_against_rules /opt/stack/keystone/keystone/auth/core.py:476}}
Jan 13 15:29:49 ubuntu devstack@keystone.service[62743]: DEBUG keystone.common.fernet_utils [None req-ae9e6952-b0a6-4269-87f0-005d39802cfb None None] Loaded 2 Fernet keys from /etc/keystone/fernet-keys/, but `[fernet_tokens] max_active_keys = 3`; perhaps there have not been enough key rotations to reach `max_active_keys` yet? {{(pid=62743) load_keys /opt/stack/keystone/keystone/common/fernet_utils.py:297}}
Jan 13 15:29:49 ubuntu devstack@keystone.service[62742]: DEBUG keystone.server.flask.request_processing.middleware.auth_context [None req-2b91ce3a-f968-4e8c-9bac-201aac127497 None None] Validating token access rules against request {{(pid=62742) validate_allowed_request /opt/stack/data/venv/lib/python3.12/site-packages/keystonemiddleware/auth_token/__init__.py:545}}
Jan 13 15:29:49 ubuntu devstack@keystone.service[62742]: DEBUG keystone.server.flask.request_processing.middleware.auth_context [None req-6605f552-e5d2-4f3c-9858-f9678348c0a0 None admin] RBAC: auth_context: {'token': <TokenModel (audit_id=lepxkT8nRtCbqBn0pP43gA, audit_chain_id=['lepxkT8nRtCbqBn0pP43gA']) at 0x7a6438679280>, 'domain_id': None, 'trust_id': None, 'trustor_id': None, 'trustee_id': None, 'domain_name': None, 'group_ids': [], 'user_id': '78ae127360884fd8b300b5f1392c54d0', 'user_domain_id': 'default', 'system_scope': 'all', 'project_id': None, 'project_domain_id': None, 'roles': ['admin', 'manager', 'member', 'reader'], 'is_admin_project': True, 'service_user_id': None, 'service_user_domain_id': None, 'service_project_id': None, 'service_project_domain_id': None, 'service_roles': []} {{(pid=62742) fill_context /opt/stack/keystone/keystone/server/flask/request_processing/middleware/auth_context.py:509}}
Jan 13 15:29:49 ubuntu devstack@keystone.service[62742]: DEBUG keystone.server.flask.request_processing.req_logging [None req-6605f552-e5d2-4f3c-9858-f9678348c0a0 None admin] REQUEST_METHOD: `GET` {{(pid=62742) log_request_info /opt/stack/keystone/keystone/server/flask/request_processing/req_logging.py:26}}
Jan 13 15:29:49 ubuntu devstack@keystone.service[62742]: DEBUG keystone.server.flask.request_processing.req_logging [None req-6605f552-e5d2-4f3c-9858-f9678348c0a0 None admin] SCRIPT_NAME: `/identity` {{(pid=62742) log_request_info /opt/stack/keystone/keystone/server/flask/request_processing/req_logging.py:27}}
Jan 13 15:29:49 ubuntu devstack@keystone.service[62742]: DEBUG keystone.server.flask.request_processing.req_logging [None req-6605f552-e5d2-4f3c-9858-f9678348c0a0 None admin] PATH_INFO: `/v3/roles` {{(pid=62742) log_request_info /opt/stack/keystone/keystone/server/flask/request_processing/req_logging.py:28}}
Jan 13 15:29:49 ubuntu devstack@keystone.service[62742]: DEBUG keystone.common.rbac_enforcer.enforcer [None req-6605f552-e5d2-4f3c-9858-f9678348c0a0 None admin] RBAC: Adding query filter params (name=service) {{(pid=62742) _extract_filter_values /opt/stack/keystone/keystone/common/rbac_enforcer/enforcer.py:176}}
Jan 13 15:29:49 ubuntu devstack@keystone.service[62742]: DEBUG keystone.common.rbac_enforcer.enforcer [None req-6605f552-e5d2-4f3c-9858-f9678348c0a0 None admin] RBAC: Authorizing `identity:list_roles()` {{(pid=62742) enforce_call /opt/stack/keystone/keystone/common/rbac_enforcer/enforcer.py:494}}
Jan 13 15:29:49 ubuntu devstack@keystone.service[62742]: DEBUG keystone.common.rbac_enforcer.enforcer [None req-6605f552-e5d2-4f3c-9858-f9678348c0a0 None admin] RBAC: Authorization granted {{(pid=62742) enforce_call /opt/stack/keystone/keystone/common/rbac_enforcer/enforcer.py:505}}
Jan 13 15:29:49 ubuntu devstack@keystone.service[62743]: [pid: 62743|app: 0|req: 22/42] 10.120.125.138 () {60 vars in 1052 bytes} [Tue Jan 13 15:29:49 2026] POST /identity/v3/auth/tokens => generated 864 bytes in 73 msecs (HTTP/1.1 201) 6 headers in 363 bytes (1 switches on core 0)
Jan 13 15:29:49 ubuntu devstack@keystone.service[62742]: [pid: 62742|app: 0|req: 21/43] 10.120.125.138 () {58 vars in 1188 bytes} [Tue Jan 13 15:29:49 2026] GET /identity/v3/roles?name=service => generated 347 bytes in 65 msecs (HTTP/1.1 200) 5 headers in 177 bytes (1 switches on core 0)
Jan 13 15:29:49 ubuntu devstack@keystone.service[62743]: DEBUG keystone.server.flask.request_processing.middleware.auth_context [None req-ae9e6952-b0a6-4269-87f0-005d39802cfb None None] Authenticating user token {{(pid=62743) process_request /opt/stack/data/venv/lib/python3.12/site-packages/keystonemiddleware/auth_token/__init__.py:407}}
Jan 13 15:29:49 ubuntu devstack@keystone.service[62743]: DEBUG keystone.server.flask.request_processing.middleware.auth_context [None req-ae9e6952-b0a6-4269-87f0-005d39802cfb None None] Validating token access rules against request {{(pid=62743) validate_allowed_request /opt/stack/data/venv/lib/python3.12/site-packages/keystonemiddleware/auth_token/__init__.py:545}}
Jan 13 15:29:49 ubuntu devstack@keystone.service[62743]: DEBUG keystone.server.flask.request_processing.middleware.auth_context [None req-8cc23b83-3d00-4368-aaa6-3956d6affb4e None admin] RBAC: auth_context: {'token': <TokenModel (audit_id=sw2jvalJSM24O5j4XXFctg, audit_chain_id=['sw2jvalJSM24O5j4XXFctg']) at 0x7a6438387110>, 'domain_id': None, 'trust_id': None, 'trustor_id': None, 'trustee_id': None, 'domain_name': None, 'group_ids': [], 'user_id': '78ae127360884fd8b300b5f1392c54d0', 'user_domain_id': 'default', 'system_scope': 'all', 'project_id': None, 'project_domain_id': None, 'roles': ['admin', 'manager', 'member', 'reader'], 'is_admin_project': True, 'service_user_id': None, 'service_user_domain_id': None, 'service_project_id': None, 'service_project_domain_id': None, 'service_roles': []} {{(pid=62743) fill_context /opt/stack/keystone/keystone/server/flask/request_processing/middleware/auth_context.py:509}}
Jan 13 15:29:49 ubuntu devstack@keystone.service[62743]: DEBUG keystone.server.flask.request_processing.req_logging [None req-8cc23b83-3d00-4368-aaa6-3956d6affb4e None admin] REQUEST_METHOD: `POST` {{(pid=62743) log_request_info /opt/stack/keystone/keystone/server/flask/request_processing/req_logging.py:26}}
Jan 13 15:29:49 ubuntu devstack@keystone.service[62743]: DEBUG keystone.server.flask.request_processing.req_logging [None req-8cc23b83-3d00-4368-aaa6-3956d6affb4e None admin] SCRIPT_NAME: `/identity` {{(pid=62743) log_request_info /opt/stack/keystone/keystone/server/flask/request_processing/req_logging.py:27}}
Jan 13 15:29:49 ubuntu devstack@keystone.service[62743]: DEBUG keystone.server.flask.request_processing.req_logging [None req-8cc23b83-3d00-4368-aaa6-3956d6affb4e None admin] PATH_INFO: `/v3/projects` {{(pid=62743) log_request_info /opt/stack/keystone/keystone/server/flask/request_processing/req_logging.py:28}}
Jan 13 15:29:49 ubuntu devstack@keystone.service[62743]: DEBUG keystone.common.rbac_enforcer.enforcer [None req-8cc23b83-3d00-4368-aaa6-3956d6affb4e None admin] RBAC: Authorizing `identity:create_project()` {{(pid=62743) enforce_call /opt/stack/keystone/keystone/common/rbac_enforcer/enforcer.py:494}}
Jan 13 15:29:49 ubuntu devstack@keystone.service[62743]: DEBUG keystone.common.rbac_enforcer.enforcer [None req-8cc23b83-3d00-4368-aaa6-3956d6affb4e None admin] RBAC: Authorization granted {{(pid=62743) enforce_call /opt/stack/keystone/keystone/common/rbac_enforcer/enforcer.py:505}}
Jan 13 15:29:49 ubuntu devstack@keystone.service[62743]: [pid: 62743|app: 0|req: 23/44] 10.120.125.138 () {62 vars in 1170 bytes} [Tue Jan 13 15:29:49 2026] POST /identity/v3/projects => generated 303 bytes in 88 msecs (HTTP/1.1 201) 5 headers in 182 bytes (1 switches on core 0)
Jan 13 15:29:50 ubuntu devstack@keystone.service[62742]: DEBUG keystone.server.flask.request_processing.middleware.auth_context [None req-6605f552-e5d2-4f3c-9858-f9678348c0a0 None admin] Authenticating user token {{(pid=62742) process_request /opt/stack/data/venv/lib/python3.12/site-packages/keystonemiddleware/auth_token/__init__.py:407}}
Jan 13 15:29:50 ubuntu devstack@keystone.service[62742]: DEBUG keystone.server.flask.request_processing.middleware.auth_context [None req-6605f552-e5d2-4f3c-9858-f9678348c0a0 None admin] Validating token access rules against request {{(pid=62742) validate_allowed_request /opt/stack/data/venv/lib/python3.12/site-packages/keystonemiddleware/auth_token/__init__.py:545}}
Jan 13 15:29:50 ubuntu devstack@keystone.service[62742]: DEBUG keystone.server.flask.request_processing.middleware.auth_context [None req-e66bcc73-9fe8-4491-bafe-e591bacd866a None admin] RBAC: auth_context: {'token': <TokenModel (audit_id=M6VvpGRATQKyKu_l5C6G8w, audit_chain_id=['M6VvpGRATQKyKu_l5C6G8w']) at 0x7a6438721040>, 'domain_id': None, 'trust_id': None, 'trustor_id': None, 'trustee_id': None, 'domain_name': None, 'group_ids': [], 'user_id': '78ae127360884fd8b300b5f1392c54d0', 'user_domain_id': 'default', 'system_scope': 'all', 'project_id': None, 'project_domain_id': None, 'roles': ['admin', 'manager', 'member', 'reader'], 'is_admin_project': True, 'service_user_id': None, 'service_user_domain_id': None, 'service_project_id': None, 'service_project_domain_id': None, 'service_roles': []} {{(pid=62742) fill_context /opt/stack/keystone/keystone/server/flask/request_processing/middleware/auth_context.py:509}}
Jan 13 15:29:50 ubuntu devstack@keystone.service[62742]: DEBUG keystone.server.flask.request_processing.req_logging [None req-e66bcc73-9fe8-4491-bafe-e591bacd866a None admin] REQUEST_METHOD: `GET` {{(pid=62742) log_request_info /opt/stack/keystone/keystone/server/flask/request_processing/req_logging.py:26}}
Jan 13 15:29:50 ubuntu devstack@keystone.service[62742]: DEBUG keystone.server.flask.request_processing.req_logging [None req-e66bcc73-9fe8-4491-bafe-e591bacd866a None admin] SCRIPT_NAME: `/identity` {{(pid=62742) log_request_info /opt/stack/keystone/keystone/server/flask/request_processing/req_logging.py:27}}
Jan 13 15:29:50 ubuntu devstack@keystone.service[62742]: DEBUG keystone.server.flask.request_processing.req_logging [None req-e66bcc73-9fe8-4491-bafe-e591bacd866a None admin] PATH_INFO: `/v3/domains/default` {{(pid=62742) log_request_info /opt/stack/keystone/keystone/server/flask/request_processing/req_logging.py:28}}
Jan 13 15:29:50 ubuntu devstack@keystone.service[62742]: DEBUG keystone.common.rbac_enforcer.enforcer [None req-e66bcc73-9fe8-4491-bafe-e591bacd866a None admin] RBAC: Authorizing `identity:get_domain(domain_id=default)` {{(pid=62742) enforce_call /opt/stack/keystone/keystone/common/rbac_enforcer/enforcer.py:494}}
Jan 13 15:29:50 ubuntu devstack@keystone.service[62742]: DEBUG keystone.common.rbac_enforcer.enforcer [None req-e66bcc73-9fe8-4491-bafe-e591bacd866a None admin] RBAC: Authorization granted {{(pid=62742) enforce_call /opt/stack/keystone/keystone/common/rbac_enforcer/enforcer.py:505}}
Jan 13 15:29:50 ubuntu devstack@keystone.service[62742]: [pid: 62742|app: 0|req: 22/45] 10.120.125.138 () {58 vars in 1137 bytes} [Tue Jan 13 15:29:50 2026] GET /identity/v3/domains/default => generated 201 bytes in 79 msecs (HTTP/1.1 200) 5 headers in 177 bytes (1 switches on core 0)
Jan 13 15:29:50 ubuntu devstack@keystone.service[62743]: DEBUG keystone.server.flask.request_processing.middleware.auth_context [None req-8cc23b83-3d00-4368-aaa6-3956d6affb4e None admin] Authenticating user token {{(pid=62743) process_request /opt/stack/data/venv/lib/python3.12/site-packages/keystonemiddleware/auth_token/__init__.py:407}}
Jan 13 15:29:50 ubuntu devstack@keystone.service[62743]: DEBUG keystone.server.flask.request_processing.middleware.auth_context [None req-8cc23b83-3d00-4368-aaa6-3956d6affb4e None admin] Validating token access rules against request {{(pid=62743) validate_allowed_request /opt/stack/data/venv/lib/python3.12/site-packages/keystonemiddleware/auth_token/__init__.py:545}}
Jan 13 15:29:50 ubuntu devstack@keystone.service[62743]: DEBUG keystone.server.flask.request_processing.middleware.auth_context [None req-4ddcfaad-aa2e-41b6-8b5b-aa0c9baf8708 None admin] RBAC: auth_context: {'token': <TokenModel (audit_id=M6VvpGRATQKyKu_l5C6G8w, audit_chain_id=['M6VvpGRATQKyKu_l5C6G8w']) at 0x7a64395422a0>, 'domain_id': None, 'trust_id': None, 'trustor_id': None, 'trustee_id': None, 'domain_name': None, 'group_ids': [], 'user_id': '78ae127360884fd8b300b5f1392c54d0', 'user_domain_id': 'default', 'system_scope': 'all', 'project_id': None, 'project_domain_id': None, 'roles': ['admin', 'manager', 'member', 'reader'], 'is_admin_project': True, 'service_user_id': None, 'service_user_domain_id': None, 'service_project_id': None, 'service_project_domain_id': None, 'service_roles': []} {{(pid=62743) fill_context /opt/stack/keystone/keystone/server/flask/request_processing/middleware/auth_context.py:509}}
Jan 13 15:29:50 ubuntu devstack@keystone.service[62743]: DEBUG keystone.server.flask.request_processing.req_logging [None req-4ddcfaad-aa2e-41b6-8b5b-aa0c9baf8708 None admin] REQUEST_METHOD: `POST` {{(pid=62743) log_request_info /opt/stack/keystone/keystone/server/flask/request_processing/req_logging.py:26}}
Jan 13 15:29:50 ubuntu devstack@keystone.service[62743]: DEBUG keystone.server.flask.request_processing.req_logging [None req-4ddcfaad-aa2e-41b6-8b5b-aa0c9baf8708 None admin] SCRIPT_NAME: `/identity` {{(pid=62743) log_request_info /opt/stack/keystone/keystone/server/flask/request_processing/req_logging.py:27}}
Jan 13 15:29:50 ubuntu devstack@keystone.service[62743]: DEBUG keystone.server.flask.request_processing.req_logging [None req-4ddcfaad-aa2e-41b6-8b5b-aa0c9baf8708 None admin] PATH_INFO: `/v3/projects` {{(pid=62743) log_request_info /opt/stack/keystone/keystone/server/flask/request_processing/req_logging.py:28}}
Jan 13 15:29:50 ubuntu devstack@keystone.service[62743]: DEBUG keystone.common.rbac_enforcer.enforcer [None req-4ddcfaad-aa2e-41b6-8b5b-aa0c9baf8708 None admin] RBAC: Authorizing `identity:create_project()` {{(pid=62743) enforce_call /opt/stack/keystone/keystone/common/rbac_enforcer/enforcer.py:494}}
Jan 13 15:29:50 ubuntu devstack@keystone.service[62743]: DEBUG keystone.common.rbac_enforcer.enforcer [None req-4ddcfaad-aa2e-41b6-8b5b-aa0c9baf8708 None admin] RBAC: Authorization granted {{(pid=62743) enforce_call /opt/stack/keystone/keystone/common/rbac_enforcer/enforcer.py:505}}
Jan 13 15:29:50 ubuntu devstack@keystone.service[62742]: DEBUG keystone.server.flask.request_processing.middleware.auth_context [None req-e66bcc73-9fe8-4491-bafe-e591bacd866a None admin] Authenticating user token {{(pid=62742) process_request /opt/stack/data/venv/lib/python3.12/site-packages/keystonemiddleware/auth_token/__init__.py:407}}
Jan 13 15:29:50 ubuntu devstack@keystone.service[62743]: [pid: 62743|app: 0|req: 24/46] 10.120.125.138 () {62 vars in 1170 bytes} [Tue Jan 13 15:29:50 2026] POST /identity/v3/projects => generated 314 bytes in 72 msecs (HTTP/1.1 201) 5 headers in 182 bytes (2 switches on core 0)
Jan 13 15:29:50 ubuntu devstack@keystone.service[62742]: DEBUG keystone.server.flask.request_processing.middleware.auth_context [None req-e66bcc73-9fe8-4491-bafe-e591bacd866a None admin] Validating token access rules against request {{(pid=62742) validate_allowed_request /opt/stack/data/venv/lib/python3.12/site-packages/keystonemiddleware/auth_token/__init__.py:545}}
Jan 13 15:29:50 ubuntu devstack@keystone.service[62742]: DEBUG keystone.server.flask.request_processing.middleware.auth_context [None req-ab0f340c-2b4d-4cd7-bd81-736cab040e5b None admin] RBAC: auth_context: {'token': <TokenModel (audit_id=cYl9qdqxTZ2nTiaF9rrBLQ, audit_chain_id=['cYl9qdqxTZ2nTiaF9rrBLQ']) at 0x7a6438427fb0>, 'domain_id': None, 'trust_id': None, 'trustor_id': None, 'trustee_id': None, 'domain_name': None, 'group_ids': [], 'user_id': '78ae127360884fd8b300b5f1392c54d0', 'user_domain_id': 'default', 'system_scope': 'all', 'project_id': None, 'project_domain_id': None, 'roles': ['admin', 'manager', 'member', 'reader'], 'is_admin_project': True, 'service_user_id': None, 'service_user_domain_id': None, 'service_project_id': None, 'service_project_domain_id': None, 'service_roles': []} {{(pid=62742) fill_context /opt/stack/keystone/keystone/server/flask/request_processing/middleware/auth_context.py:509}}
Jan 13 15:29:50 ubuntu devstack@keystone.service[62742]: DEBUG keystone.server.flask.request_processing.req_logging [None req-ab0f340c-2b4d-4cd7-bd81-736cab040e5b None admin] REQUEST_METHOD: `POST` {{(pid=62742) log_request_info /opt/stack/keystone/keystone/server/flask/request_processing/req_logging.py:26}}
Jan 13 15:29:50 ubuntu devstack@keystone.service[62742]: DEBUG keystone.server.flask.request_processing.req_logging [None req-ab0f340c-2b4d-4cd7-bd81-736cab040e5b None admin] SCRIPT_NAME: `/identity` {{(pid=62742) log_request_info /opt/stack/keystone/keystone/server/flask/request_processing/req_logging.py:27}}
Jan 13 15:29:50 ubuntu devstack@keystone.service[62742]: DEBUG keystone.server.flask.request_processing.req_logging [None req-ab0f340c-2b4d-4cd7-bd81-736cab040e5b None admin] PATH_INFO: `/v3/roles` {{(pid=62742) log_request_info /opt/stack/keystone/keystone/server/flask/request_processing/req_logging.py:28}}
Jan 13 15:29:50 ubuntu devstack@keystone.service[62742]: DEBUG keystone.common.rbac_enforcer.enforcer [None req-ab0f340c-2b4d-4cd7-bd81-736cab040e5b None admin] RBAC: Authorizing `identity:create_role()` {{(pid=62742) enforce_call /opt/stack/keystone/keystone/common/rbac_enforcer/enforcer.py:494}}
Jan 13 15:29:50 ubuntu devstack@keystone.service[62742]: DEBUG keystone.common.rbac_enforcer.enforcer [None req-ab0f340c-2b4d-4cd7-bd81-736cab040e5b None admin] RBAC: Authorization granted {{(pid=62742) enforce_call /opt/stack/keystone/keystone/common/rbac_enforcer/enforcer.py:505}}
Jan 13 15:29:50 ubuntu devstack@keystone.service[62743]: DEBUG keystone.server.flask.request_processing.middleware.auth_context [None req-4ddcfaad-aa2e-41b6-8b5b-aa0c9baf8708 None admin] Authenticating user token {{(pid=62743) process_request /opt/stack/data/venv/lib/python3.12/site-packages/keystonemiddleware/auth_token/__init__.py:407}}
Jan 13 15:29:50 ubuntu devstack@keystone.service[62743]: DEBUG keystone.server.flask.request_processing.middleware.auth_context [None req-4ddcfaad-aa2e-41b6-8b5b-aa0c9baf8708 None admin] Validating token access rules against request {{(pid=62743) validate_allowed_request /opt/stack/data/venv/lib/python3.12/site-packages/keystonemiddleware/auth_token/__init__.py:545}}
