"pcp-dstat 6.2.0 CSV Output"
"Author:","PCP team <pcp@groups.io> and Dag Wieers <dag@wieers.com>",,,,"URL:","https://pcp.io/ and http://dag.wieers.com/home-made/dstat/"
"Host:","np0000056224",,,,"User:","ubuntu"
"Cmdline:","dstat -tcmndrylpg --tcp --output /tmp/devstack_logs/dstat-csv.log",,,,"Date:","13 Feb 2026 07:04:52 UTC"
"system","total usage",,,,,"memory usage",,,,"net/total",,"dsk/total",,"io/total",,"system",,"load avg",,,"procs",,,"paging",,"tcp sockets",,,,
"time","total usage:usr","total usage:sys","total usage:idl","total usage:wai","total usage:stl","used","free","buf","cach","net/total:recv","net/total:send","dsk/total:read","dsk/total:writ","read","writ","int","csw","1m","5m","15m","run","blk","new","in","out","lis","act","syn","tim","clo"
13-02 07:04:52,,995136,1711120,161544,4958156,,,,,,,1.420,0.980,0.610,2,0,,,,10,5,0,17,1
13-02 07:04:53,27.698,19.963,50.655,0.499,0,1027332,1678664,161584,4958320,48469.559,7164.631,0,706.681,0,20.961,5100,2932,1.420,0.980,0.610,2,0,228.573,0,0,10,5,0,17,1
13-02 07:04:54,26.471,21.976,49.196,0.499,0.250,1021636,1684012,161692,4958488,71536.479,10383.603,0,1170.715,0,39.956,5179,3348,1.420,0.980,0.610,1,1,230.747,0,0,10,4,0,17,2
13-02 07:04:55,27.003,21.252,50.005,0.500,0,1021996,1683284,161792,4958700,23193.234,8777.845,0,1260.121,0,40.004,4855,2661,1.390,0.980,0.610,2,0,182.018,0,0,10,4,0,15,2
13-02 07:04:56,31.068,19.292,47.604,0.501,0,1034892,1669796,161896,4959528,18735.070,10350.690,0,1198.628,0,38.083,5140,4745,1.390,0.980,0.610,4,0,182.400,0,0,10,4,0,15,2
13-02 07:04:57,44.949,19.978,30.216,4.245,0,1041960,1635456,162160,4985212,173849.636,5145.218,7215.891,1746.038,122.862,63.928,4851,3468,1.390,0.980,0.610,4,0,164.815,0,0,10,4,0,15,2
13-02 07:04:58,46.621,16.042,36.094,0.752,0,1056196,1602000,163280,5000128,8870.073,1844.799,60.156,2674.958,5.013,67.175,5723,6063,1.390,0.980,0.610,3,0,148.386,0,0,10,4,1,15,2
13-02 07:04:59,38.725,16.239,42.472,0.750,0,1087304,1553016,163652,5015312,9246.988,1692.899,651.576,951.381,18.988,25.983,5778,5595,1.390,0.980,0.610,3,0,134.912,0,0,10,4,1,11,2
13-02 07:05:00,37.425,15.469,44.161,1.497,0,1077440,1537292,164404,5037972,7128.640,1690.595,359.276,5285.353,18.962,102.793,4782,4389,1.590,1.030,0.630,3,0,78.841,0,0,10,4,1,11,2
13-02 07:05:01,26.238,8.246,64.470,1.000,0,1057432,1526880,165516,5063944,4738.773,1531.280,0,10547.044,0,151.929,2543,1736,1.590,1.030,0.630,2,0,14.993,0,0,10,4,1,11,2
13-02 07:05:02,21.481,1.998,74.436,0.749,0,1051852,1518768,166316,5074884,10093.278,2185.112,0,3077.341,0,127.889,1946,1447,1.590,1.030,0.630,2,0,0,0,0,10,5,1,11,2
13-02 07:05:03,19.530,2.003,78.622,0.250,0,1052268,1536332,166316,5057300,12832.977,3996.221,0,180.281,0,12.019,1445,818,1.590,1.030,0.630,2,0,2.003,0,0,10,2,1,11,0
13-02 07:05:04,19.489,2.748,76.956,0,0,1063168,1525396,166344,5057308,14712.614,3050.261,0,11.993,0,1.999,1824,1028,1.590,1.030,0.630,0,0,33.981,0,0,10,3,1,11,0
13-02 07:05:05,20.989,2.499,75.211,0,0,1074280,1508124,166424,5062892,8281.691,2700.595,0,1611.162,0,11.994,1626,936,1.550,1.030,0.640,1,0,0.999,0,0,10,2,1,11,0
13-02 07:05:06,17.765,4.754,76.066,1.251,0,1073948,1508392,166424,5063028,17799.392,4556.941,0,31315.080,0,773.669,2132,1224,1.550,1.030,0.640,1,0,18.016,0,0,10,3,1,11,0
13-02 07:05:07,22.999,3.500,71.498,0.250,0,1061080,1514752,166800,5068084,7461.806,1793.953,0,779.980,0,12.000,8894,15596,1.550,1.030,0.640,2,0,6.000,0,0,10,2,1,11,0
13-02 07:05:08,22.222,4.245,72.409,0,0,1048352,1526792,166872,5068544,5623.969,1617.977,0,91.885,0,1.998,4419,6186,1.550,1.030,0.640,1,0,8.989,0,0,10,2,1,11,0
13-02 07:05:09,22.274,6.757,69.075,0,0,1044676,1530252,166920,5068708,5848.355,1695.843,0,84.091,0,1.001,10151,18470,1.550,1.030,0.640,1,0,19.021,0,0,10,2,1,11,0
13-02 07:05:10,20.000,4.250,74.999,0.250,0,997592,1590228,166936,5057308,12505.863,130972.567,0,1079.988,0,13.000,1926,1029,1.500,1.030,0.640,0,0,5.000,0,0,10,2,1,11,0
13-02 07:05:11,0.250,1.500,97.511,0,0,977680,1610140,166936,5057308,7507.848,1620.183,0,9565.080,0,40.005,673,722,1.500,1.030,0.640,0,0,0,0,0,10,2,1,10,0
13-02 07:05:12,0.500,0.500,98.981,0,0,971000,1616820,166936,5057308,8057.457,1619.690,0,0,0,0,478,561,1.500,1.030,0.640,0,0,0,0,0,10,2,1,10,0
13-02 07:05:13,0,0,98.484,0,0,949960,1637856,166936,5057312,7084.830,1619.732,0,0,0,0,463,570,1.500,1.030,0.640,0,0,0,0,0,10,2,1,10,0
13-02 07:05:14,0.750,0.250,98.784,0,0,941196,1646620,166936,5057312,8873.047,1620.557,0,2264.778,0,17.006,523,625,1.500,1.030,0.640,1,0,1.000,0,0,10,2,1,10,0
13-02 07:05:15,0.250,0.250,98.708,0,0,933076,1654752,166936,5057312,7533.764,1619.304,0,1155.504,0,2.999,457,565,1.380,1.010,0.630,0,0,0,0,0,10,2,1,10,0
13-02 07:05:16,0.500,1.751,97.545,0,0,925544,1662284,166936,5057312,5595.566,1620.743,0,20345.330,0,118.054,767,852,1.380,1.010,0.630,0,0,0,0,0,10,2,1,9,0
13-02 07:05:17,0,0.250,98.736,0,0,918952,1668876,166936,5057312,5594.199,1693.758,0,0,0,0,435,553,1.380,1.010,0.630,0,0,0,0,0,10,2,1,9,0
13-02 07:05:18,0.500,0,98.982,0,0,913396,1674432,166936,5057312,8474.487,1457.740,0,0,0,0,470,556,1.380,1.010,0.630,0,0,0,0,0,10,2,1,9,0
13-02 07:05:19,0.500,0.250,98.767,0,0,909144,1678680,166936,5057316,7146.225,1620.278,0,0,0,0,431,559,1.380,1.010,0.630,0,0,0,0,0,10,2,1,9,0
13-02 07:05:20,0.250,0,98.746,0,0,907884,1679940,166936,5057316,11070.558,1619.935,0,8.000,0,1.000,469,547,1.270,1,0.630,0,0,0,0,0,10,2,1,9,0
13-02 07:05:21,0.500,0.500,98.782,0,0,905036,1682788,166936,5057316,9303.045,1620.530,0,4305.409,0,8.003,496,577,1.270,1,0.630,0,0,0,0,0,10,2,1,9,0
13-02 07:05:22,0.250,0.250,98.731,0,0,901700,1686124,166936,5057316,8728.360,1619.696,0,167.968,0,31.994,473,563,1.270,1,0.630,0,0,0,0,0,10,2,1,9,0
13-02 07:05:23,0.500,0.250,98.501,0,0,896268,1691556,166936,5057316,43327.325,1620.012,0,1012.008,0,132.001,555,567,1.270,1,0.630,0,0,0,0,0,10,2,1,9,0
13-02 07:05:24,0.500,0.250,98.733,0,0,893044,1694804,166936,5057316,39685.079,1619.718,0,0,0,0,552,615,1.270,1,0.630,0,0,1.000,0,0,10,2,1,9,0
13-02 07:05:25,0,0.250,99.273,0,0,890424,1697424,166936,5057316,8804.028,1620.373,0,0,0,0,465,547,1.170,0.980,0.630,0,0,0,0,0,10,2,1,9,0
13-02 07:05:26,0.750,0.250,98.733,0,0,887884,1699960,166940,5057316,6845.849,1499.748,0,1807.696,0,4.999,452,562,1.170,0.980,0.630,0,0,0,0,0,10,2,1,9,0
13-02 07:05:27,9.003,3.501,86.528,0,0,895908,1691936,166940,5060564,7051.290,1620.526,0,0,0,0,1510,4170,1.170,0.980,0.630,3,0,36.012,0,0,10,2,1,9,0
13-02 07:05:28,1.749,0.750,96.958,0,0,873956,1713888,166940,5057316,8665.240,1619.297,0,91.960,0,15.993,793,2186,1.170,0.980,0.630,0,0,0,0,0,10,2,1,9,0
13-02 07:05:29,0,0,98.783,0,0,873956,1713888,166940,5057316,7104.366,1620.540,0,0,0,0,443,556,1.170,0.980,0.630,0,0,0,0,0,10,2,1,9,0
13-02 07:05:30,0.750,0.250,98.997,0,0,873956,1713888,166940,5057316,9471.760,1619.959,0,0,0,0,464,546,1.080,0.960,0.620,0,0,0,0,0,10,2,1,9,0
13-02 07:05:31,0,1.998,96.922,0.250,0,873956,1713888,166940,5057316,7721.824,1618.705,0,21322.946,0,97.922,777,833,1.080,0.960,0.620,1,1,0,0,0,10,2,1,9,0
13-02 07:05:32,0.500,3.503,95.588,0.250,0,867304,1720540,166940,5057316,5946.465,1621.490,0,59726.896,0,258.237,1105,1071,1.080,0.960,0.620,0,0,0,0,0,10,2,1,9,0
13-02 07:05:33,0.500,0,99.233,0,0,867304,1720540,166940,5057316,8749.460,1693.702,0,0,0,0,476,555,1.080,0.960,0.620,0,0,0,0,0,10,2,1,9,0
13-02 07:05:34,0.500,0.250,98.490,0,0,867304,1720540,166940,5057316,7924.166,1457.847,0,95.990,0,15.998,504,612,1.080,0.960,0.620,0,0,1.000,0,0,10,2,1,9,0
13-02 07:05:35,0.250,0,98.512,0,0,867304,1720540,166940,5057316,6413.785,1662.203,0,0,0,0,426,550,0.990,0.950,0.620,0,0,0,0,0,10,2,1,9,0
13-02 07:05:36,0.500,0.500,98.993,0,0,867304,1720540,166940,5057316,9441.320,1619.883,0,1439.896,0,3.000,501,561,0.990,0.950,0.620,0,0,0,0,0,10,2,1,8,0
13-02 07:05:37,0.250,1.000,98.022,0,0,867300,1720540,166940,5057320,7457.665,1620.362,0,12182.719,0,123.027,667,696,0.990,0.950,0.620,0,0,0,0,0,10,2,1,8,0
13-02 07:05:38,0.500,0.250,98.918,0,0,867300,1720540,166940,5057320,8930.625,1618.663,0,7.993,0,0.999,483,565,0.990,0.950,0.620,0,0,0,0,0,10,2,1,8,0
13-02 07:05:39,0.250,0.500,98.790,0,0,867300,1720540,166940,5057320,6836.793,1620.662,0,0,0,0,439,534,0.990,0.950,0.620,0,0,0,0,0,10,2,1,8,0
13-02 07:05:40,0.250,0.250,98.776,0,0,867300,1720540,166940,5057320,4974.305,1620.425,0,100.026,0,16.004,443,568,0.910,0.930,0.620,0,0,0,0,0,10,2,1,4,0
13-02 07:05:41,6.999,1.250,91.239,0,0,881656,1706180,166940,5057324,141069.951,3619.563,0,319.961,0,2.000,1038,821,0.910,0.930,0.620,1,0,3.000,0,0,10,2,1,4,0
13-02 07:05:42,15.782,3.257,80.164,0,0,888608,1699136,166940,5057420,290264.255,9792.047,0,92.189,0,3.006,2265,1342,0.910,0.930,0.620,1,0,22.045,0,0,10,2,1,4,0
13-02 07:05:43,11.231,3.494,80.114,4.492,0,893580,1694112,166944,5057468,156780.699,9298.266,107.818,3.993,4.992,0.998,1951,1214,0.910,0.930,0.620,0,0,18.968,0,0,10,2,1,4,0
