"pcp-dstat 6.2.0 CSV Output"
"Author:","PCP team <pcp@groups.io> and Dag Wieers <dag@wieers.com>",,,,"URL:","https://pcp.io/ and http://dag.wieers.com/home-made/dstat/"
"Host:","np0000094147",,,,"User:","ubuntu"
"Cmdline:","dstat -tcmndrylpg --tcp --output /tmp/devstack_logs/dstat-csv.log",,,,"Date:","20 May 2026 18:25:59 UTC"
"system","total usage",,,,,"memory usage",,,,"net/total",,"dsk/total",,"io/total",,"system",,"load avg",,,"procs",,,"paging",,"tcp sockets",,,,
"time","total usage:usr","total usage:sys","total usage:idl","total usage:wai","total usage:stl","used","free","buf","cach","net/total:recv","net/total:send","dsk/total:read","dsk/total:writ","read","writ","int","csw","1m","5m","15m","run","blk","new","in","out","lis","act","syn","tim","clo"
20-05 18:25:59,,1096400,1568856,160264,4997696,,,,,,,2.230,1.160,0.700,1,0,,,,10,4,0,11,0
20-05 18:26:00,13.214,19.447,64.823,0,0,1078340,1586868,160272,4997728,47210.295,3352.859,0,127.652,0,5.984,4569,2734,2.230,1.160,0.700,3,0,218.405,0,0,10,4,0,11,0
20-05 18:26:01,8.492,18.982,69.685,0,0,1074676,1590516,160272,4997744,9745.864,2522.635,0,0,0,0,4415,2620,2.130,1.160,0.700,2,0,213.800,0,0,10,4,0,11,0
20-05 18:26:02,19.509,20.260,57.778,0,0,1062124,1602732,160304,4998008,12733.064,2246.070,0,160.076,0,11.005,4586,2654,2.130,1.160,0.700,2,0,198.094,0,0,10,5,0,11,0
20-05 18:26:03,14.766,19.521,63.067,0,0,1060828,1603936,160320,4998040,12010.845,4750.080,0,304.325,0,11.012,4493,2545,2.130,1.160,0.700,1,0,180.193,0,0,10,5,0,11,0
20-05 18:26:04,27.481,17.738,53.713,0.250,0,1065292,1599348,160360,4998104,13184.909,4844.660,0,491.661,0,16.988,4595,4269,2.130,1.160,0.700,1,0,136.906,0,0,10,5,0,11,0
20-05 18:26:05,21.537,16.779,60.103,0.501,0,1053364,1611112,160424,4998596,25542.881,5459.379,0,653.122,0,21.036,5038,4904,2.130,1.160,0.700,1,0,151.260,0,0,10,4,1,11,1
20-05 18:26:06,22.222,14.232,61.172,0,0,1036732,1627632,160440,4998204,21402.627,4239.578,0,179.770,0,5.992,4829,5521,2.200,1.190,0.710,1,0,108.861,0,0,10,5,0,11,1
20-05 18:26:07,24.228,15.986,55.700,1.249,0,1033288,1629992,160496,4999116,9854.190,4815.694,795.289,675.396,22.979,14.987,5721,6153,2.200,1.190,0.710,1,0,148.867,0,0,10,4,0,11,2
20-05 18:26:08,16.768,13.264,68.072,1.251,0,1019824,1642684,160568,4999496,15247.130,5732.064,216.229,9213.747,15.016,25.026,2760,1471,2.200,1.190,0.710,1,0,34.036,0,0,10,4,0,11,2
20-05 18:26:09,7.250,0.500,91.244,0.250,0,1014024,1648240,160604,4999688,13115.101,5455.626,0,411.972,0,13.999,855,650,2.200,1.190,0.710,0,0,0,0,0,10,4,0,11,2
20-05 18:26:10,5.001,0.750,94.266,0,0,1010976,1651152,160640,4999772,10770.855,4794.826,0,360.062,0,12.002,694,636,2.200,1.190,0.710,0,0,0,0,0,10,4,0,11,2
20-05 18:26:11,12.497,1.000,85.232,0.250,0,1017752,1644300,160664,4999820,23708.921,4031.136,0,1807.613,0,50.989,1088,651,2.110,1.190,0.720,1,0,0,0,0,10,4,0,11,2
20-05 18:26:12,8.495,1.249,89.201,0.250,0,1013516,1648392,160712,4999880,15213.724,4837.368,0,16079.253,0,99.946,1111,861,2.110,1.190,0.720,1,0,0,0,0,10,4,0,11,2
20-05 18:26:13,4.252,0.750,93.295,0.500,0,1010272,1651348,160808,5000008,35181.059,6784.290,0,568.276,0,21.010,838,726,2.110,1.190,0.720,1,0,0,0,0,10,4,0,11,2
20-05 18:26:14,9.500,0.500,89.246,0.250,0,1008728,1652768,160844,5000060,16014.325,4908.793,0,1295.945,0,150.994,997,658,2.110,1.190,0.720,1,0,0,0,0,10,4,0,9,2
20-05 18:26:15,11.248,1.000,87.488,0,0,1013808,1647476,160884,5000220,9555.689,4775.345,0,275.962,0,9.999,958,632,2.110,1.190,0.720,0,0,0,0,0,10,4,0,9,2
20-05 18:26:16,6.501,0.500,92.018,0.250,0,1013680,1647368,160960,5000320,13380.659,5438.081,0,584.116,0,18.004,783,664,2.020,1.180,0.720,1,0,0,0,0,10,4,0,9,2
20-05 18:26:17,8.248,2.000,89.230,0.250,0,1013728,1647088,161016,5000444,12362.266,5646.751,0,21723.196,0,639.859,1208,924,2.020,1.180,0.720,0,0,1.000,0,0,10,4,0,9,2
20-05 18:26:18,8.504,1.251,88.795,0.250,0,1008232,1636268,161068,5016416,176414.903,133738.155,0,1180.602,0,17.009,1011,705,2.020,1.180,0.720,2,0,0,0,0,10,4,0,9,2
20-05 18:26:19,22.747,2.250,73.241,1.000,0,996084,1634876,161916,5027092,5167.343,1941.753,0,1455.815,0,65.992,1863,1302,2.020,1.180,0.720,1,0,1.000,0,0,10,4,0,9,2
20-05 18:26:20,23.756,2.001,73.519,0.250,0,1001280,1610936,162400,5043212,7256.833,1620.409,0,1260.318,0,30.008,1816,1238,2.020,1.180,0.720,1,0,0,0,0,10,4,0,9,2
20-05 18:26:21,23.243,3.749,71.729,1.000,0,1018264,1571692,162992,5063068,7518.770,1619.520,0,4154.768,0,92.972,2131,1544,1.940,1.180,0.720,1,0,5.998,0,0,10,4,0,9,2
20-05 18:26:22,21.503,2.500,73.760,1.500,0,1005968,1561036,164072,5082080,11827.611,1620.221,0,2732.372,0,114.016,2062,1647,1.940,1.180,0.720,1,0,0,0,0,10,4,0,9,2
20-05 18:26:23,22.496,2.500,73.237,0.750,0,1022352,1539040,165020,5084464,9999.165,1883.654,0,2135.608,0,74.986,1939,1443,1.940,1.180,0.720,1,0,0,0,0,10,2,0,9,2
20-05 18:26:24,21.998,3.750,73.994,0,0,1043196,1518408,165040,5084384,7094.398,1835.844,0,19.998,0,2.000,1854,991,1.940,1.180,0.720,1,0,18.998,0,0,10,2,0,9,0
20-05 18:26:25,15.250,2.250,81.502,0,0,1043664,1517932,165048,5084384,10280.267,2534.066,0,0,0,0,1426,835,1.940,1.180,0.720,0,0,16.000,0,0,10,3,0,9,0
20-05 18:26:26,10.249,1.750,87.241,0.250,0,1038712,1517708,165200,5088944,12894.603,2719.705,0,1611.825,0,8.999,986,640,1.780,1.160,0.720,1,0,0,0,0,10,2,0,9,1
20-05 18:26:27,21.503,3.500,74.009,0,0,1027140,1527896,165220,5090112,8330.982,1970.232,0,8.001,0,1.000,1912,1118,1.780,1.160,0.720,0,0,20.002,0,0,10,2,1,9,0
20-05 18:26:28,5.251,3.000,91.514,0.250,0,1021388,1533620,165224,5090120,15104.275,4253.641,0,33273.011,0,155.023,1119,890,1.780,1.160,0.720,0,0,0,0,0,10,3,0,9,0
20-05 18:26:29,19.497,2.500,76.489,0.250,0,1019260,1529224,165648,5095028,10425.558,1859.743,0,891.877,0,15.998,1540,872,1.780,1.160,0.720,1,0,3.000,0,0,10,2,0,9,0
20-05 18:26:30,23.003,6.501,69.259,0,0,1021552,1526108,165684,5095660,7740.958,1620.200,0,88.011,0,1.000,10427,19192,1.780,1.160,0.720,1,0,11.001,0,0,10,2,0,9,0
20-05 18:26:31,31.256,9.252,57.260,0,0,1028544,1518960,165728,5095752,8127.468,1620.293,0,0,0,0,7186,23681,1.720,1.160,0.720,1,0,49.009,0,0,10,2,0,10,0
20-05 18:26:32,20.267,5.505,73.812,0,0,1003092,1556956,165776,5084468,8546.149,1621.356,0,1621.356,0,13.011,1819,1028,1.720,1.160,0.720,1,0,8.007,0,0,10,2,0,10,0
20-05 18:26:33,7.743,0.999,90.168,0,0,977160,1582880,165776,5084492,6300.244,1456.669,0,239.781,0,2.997,950,730,1.720,1.160,0.720,1,0,3.996,0,0,10,2,0,10,0
20-05 18:26:34,0.250,0.250,98.982,0,0,974104,1585936,165776,5084492,6464.857,1619.714,0,0,0,0,422,556,1.720,1.160,0.720,0,0,0,0,0,10,2,0,9,0
20-05 18:26:35,0.250,0.250,99.023,0,0,971292,1588748,165776,5084492,8013.831,1620.370,0,4.001,0,1.000,470,595,1.720,1.160,0.720,0,0,0,0,0,10,2,0,9,0
20-05 18:26:36,0.750,0.250,98.710,0,0,965060,1594980,165776,5084492,12077.136,1619.348,0,0,0,0,475,563,1.580,1.140,0.710,0,0,0,0,0,10,2,0,9,0
20-05 18:26:37,0.250,0.250,98.514,0,0,961656,1598384,165776,5084492,6955.011,1620.236,0,708.103,0,2.000,512,633,1.580,1.140,0.710,0,0,1.000,0,0,10,2,0,9,0
20-05 18:26:38,0.250,0.750,98.974,0,0,955740,1604300,165776,5084492,6283.360,1619.577,0,43.989,0,1.000,464,574,1.580,1.140,0.710,0,0,0,0,0,10,2,0,9,0
20-05 18:26:39,0.250,0.250,98.514,0,0,948160,1611880,165776,5084492,5994.857,1620.232,0,4.001,0,1.000,449,554,1.580,1.140,0.710,0,0,0,0,0,10,2,0,9,0
20-05 18:26:40,0.250,0.500,98.747,0,0,940372,1619668,165776,5084492,7363.809,1619.958,0,0,0,0,462,547,1.580,1.140,0.710,0,0,0,0,0,10,2,0,9,0
20-05 18:26:41,0.250,0.250,98.972,0,0,930076,1629964,165776,5084492,5925.341,1457.592,0,3.999,0,1.000,467,589,1.450,1.120,0.710,0,0,0,0,0,10,2,0,9,0
20-05 18:26:42,0.500,0.250,98.525,0,0,925316,1634724,165776,5084492,5468.366,1620.405,0,240.060,0,41.010,473,593,1.450,1.120,0.710,0,0,0,0,0,10,2,0,8,0
20-05 18:26:43,0.250,0.500,98.778,0,0,917952,1642088,165776,5084492,7803.220,1662.473,0,0,0,0,468,560,1.450,1.120,0.710,1,0,0,0,0,10,2,0,8,0
20-05 18:26:44,0.750,0,98.983,0,0,913936,1646100,165776,5084496,7566.698,1619.721,0,39.993,0,1.000,485,549,1.450,1.120,0.710,0,0,0,0,0,10,2,0,8,0
20-05 18:26:45,0,0.250,98.772,0,0,907596,1652440,165776,5084496,8598.952,1620.368,0,8.002,0,1.000,496,584,1.450,1.120,0.710,0,0,0,0,0,10,2,0,8,0
20-05 18:26:46,0.750,0.500,98.983,0,0,894924,1665112,165776,5084496,8351.529,1619.715,0,0,0,0,446,543,1.340,1.100,0.710,0,0,0,0,0,10,2,0,8,0
20-05 18:26:47,0.500,0.750,98.248,0,0,892080,1667952,165776,5084500,7198.836,1619.963,0,55.999,0,4.000,538,654,1.340,1.100,0.710,0,0,1.000,0,0,10,2,0,4,0
20-05 18:26:48,0.250,0,99.005,0,0,892080,1667952,165776,5084500,5574.258,1620.075,0,92.004,0,15.001,456,561,1.340,1.100,0.710,0,0,0,0,0,10,2,0,4,0
20-05 18:26:49,5.761,1.503,91.930,0,0,901540,1658492,165776,5084500,138136.216,3128.142,0,5859.505,0,103.203,958,824,1.340,1.100,0.710,1,0,3.006,0,0,10,2,0,4,0
20-05 18:26:50,15.972,3.494,79.610,0,0,904020,1656012,165776,5084500,288763.910,10186.042,0,0,0,0,2134,1319,1.340,1.100,0.710,1,0,21.961,0,0,10,2,0,4,0
20-05 18:26:51,15.256,4.002,79.283,0.500,0,912488,1647388,165780,5084652,302240.452,12879.346,108.045,12.005,5.002,3.001,2423,1480,1.230,1.080,0.700,1,0,22.009,0,0,10,2,0,4,0
