Jan 16 20:16:30 ubuntu devstack@keystone.service[61768]: ERROR keystone.server.flask.application     first_packet = self.connection._read_packet()
Jan 16 20:16:30 ubuntu devstack@keystone.service[61768]: ERROR keystone.server.flask.application                    ^^^^^^^^^^^^^^^^^^^^^^^^^^^^^^
Jan 16 20:16:30 ubuntu devstack@keystone.service[61768]: ERROR keystone.server.flask.application   File "/opt/stack/data/venv/lib/python3.12/site-packages/pymysql/connections.py", line 782, in _read_packet
Jan 16 20:16:30 ubuntu devstack@keystone.service[61768]: ERROR keystone.server.flask.application     packet.raise_for_error()
Jan 16 20:16:30 ubuntu devstack@keystone.service[61768]: ERROR keystone.server.flask.application   File "/opt/stack/data/venv/lib/python3.12/site-packages/pymysql/protocol.py", line 219, in raise_for_error
Jan 16 20:16:30 ubuntu devstack@keystone.service[61768]: ERROR keystone.server.flask.application     err.raise_mysql_exception(self._data)
Jan 16 20:16:30 ubuntu devstack@keystone.service[61768]: ERROR keystone.server.flask.application   File "/opt/stack/data/venv/lib/python3.12/site-packages/pymysql/err.py", line 150, in raise_mysql_exception
Jan 16 20:16:30 ubuntu devstack@keystone.service[61768]: ERROR keystone.server.flask.application     raise errorclass(errno, errval)
Jan 16 20:16:30 ubuntu devstack@keystone.service[61768]: ERROR keystone.server.flask.application oslo_db.exception.DBDuplicateEntry: (pymysql.err.IntegrityError) (1062, "Duplicate entry 'service-<<null>>' for key 'role.ixu_role_name_domain_id'")
Jan 16 20:16:30 ubuntu devstack@keystone.service[61768]: ERROR keystone.server.flask.application [SQL: INSERT INTO `role` (id, name, description, extra) VALUES (%(id)s, %(name)s, %(description)s, %(extra)s)]
Jan 16 20:16:30 ubuntu devstack@keystone.service[61768]: ERROR keystone.server.flask.application [parameters: {'id': '94d790d5ee394426a597efc0238d1c90', 'name': 'service', 'description': None, 'extra': '{}'}]
Jan 16 20:16:30 ubuntu devstack@keystone.service[61768]: ERROR keystone.server.flask.application (Background on this error at: https://sqlalche.me/e/20/gkpj)
Jan 16 20:16:30 ubuntu devstack@keystone.service[61768]: ERROR keystone.server.flask.application 
Jan 16 20:16:30 ubuntu devstack@keystone.service[61768]: ERROR keystone.server.flask.application During handling of the above exception, another exception occurred:
Jan 16 20:16:30 ubuntu devstack@keystone.service[61768]: ERROR keystone.server.flask.application 
Jan 16 20:16:30 ubuntu devstack@keystone.service[61768]: ERROR keystone.server.flask.application Traceback (most recent call last):
Jan 16 20:16:30 ubuntu devstack@keystone.service[61768]: ERROR keystone.server.flask.application   File "/opt/stack/data/venv/lib/python3.12/site-packages/flask_restful/__init__.py", line 295, in error_router
Jan 16 20:16:30 ubuntu devstack@keystone.service[61768]: ERROR keystone.server.flask.application     return self.handle_error(e)
Jan 16 20:16:30 ubuntu devstack@keystone.service[61768]: ERROR keystone.server.flask.application            ^^^^^^^^^^^^^^^^^^^^
Jan 16 20:16:30 ubuntu devstack@keystone.service[61768]: ERROR keystone.server.flask.application   File "/opt/stack/data/venv/lib/python3.12/site-packages/flask_restful/__init__.py", line 310, in handle_error
Jan 16 20:16:30 ubuntu devstack@keystone.service[61768]: ERROR keystone.server.flask.application     _handle_flask_propagate_exceptions_config(current_app, e)
Jan 16 20:16:30 ubuntu devstack@keystone.service[61768]: ERROR keystone.server.flask.application   File "/opt/stack/data/venv/lib/python3.12/site-packages/flask/app.py", line 917, in full_dispatch_request
Jan 16 20:16:30 ubuntu devstack@keystone.service[61768]: ERROR keystone.server.flask.application     rv = self.dispatch_request()
Jan 16 20:16:30 ubuntu devstack@keystone.service[61768]: ERROR keystone.server.flask.application          ^^^^^^^^^^^^^^^^^^^^^^^
Jan 16 20:16:30 ubuntu devstack@keystone.service[61768]: ERROR keystone.server.flask.application   File "/opt/stack/data/venv/lib/python3.12/site-packages/flask/app.py", line 902, in dispatch_request
Jan 16 20:16:30 ubuntu devstack@keystone.service[61768]: ERROR keystone.server.flask.application     return self.ensure_sync(self.view_functions[rule.endpoint])(**view_args)  # type: ignore[no-any-return]
Jan 16 20:16:30 ubuntu devstack@keystone.service[61768]: ERROR keystone.server.flask.application            ^^^^^^^^^^^^^^^^^^^^^^^^^^^^^^^^^^^^^^^^^^^^^^^^^^^^^^^^^^^^^^^^^
Jan 16 20:16:30 ubuntu devstack@keystone.service[61768]: ERROR keystone.server.flask.application   File "/opt/stack/data/venv/lib/python3.12/site-packages/flask_restful/__init__.py", line 489, in wrapper
Jan 16 20:16:30 ubuntu devstack@keystone.service[61768]: ERROR keystone.server.flask.application     resp = resource(*args, **kwargs)
Jan 16 20:16:30 ubuntu devstack@keystone.service[61768]: ERROR keystone.server.flask.application            ^^^^^^^^^^^^^^^^^^^^^^^^^
Jan 16 20:16:30 ubuntu devstack@keystone.service[61768]: ERROR keystone.server.flask.application   File "/opt/stack/data/venv/lib/python3.12/site-packages/flask/views.py", line 110, in view
Jan 16 20:16:30 ubuntu devstack@keystone.service[61768]: ERROR keystone.server.flask.application     return current_app.ensure_sync(self.dispatch_request)(**kwargs)  # type: ignore[no-any-return]
Jan 16 20:16:30 ubuntu devstack@keystone.service[61768]: ERROR keystone.server.flask.application            ^^^^^^^^^^^^^^^^^^^^^^^^^^^^^^^^^^^^^^^^^^^^^^^^^^^^^^^^
Jan 16 20:16:30 ubuntu devstack@keystone.service[61768]: ERROR keystone.server.flask.application   File "/opt/stack/data/venv/lib/python3.12/site-packages/flask_restful/__init__.py", line 604, in dispatch_request
Jan 16 20:16:30 ubuntu devstack@keystone.service[61768]: ERROR keystone.server.flask.application     resp = meth(*args, **kwargs)
Jan 16 20:16:30 ubuntu devstack@keystone.service[61768]: ERROR keystone.server.flask.application            ^^^^^^^^^^^^^^^^^^^^^
Jan 16 20:16:30 ubuntu devstack@keystone.service[61768]: ERROR keystone.server.flask.application   File "/opt/stack/keystone/keystone/api/validation/__init__.py", line 86, in wrapper
Jan 16 20:16:30 ubuntu devstack@keystone.service[61768]: ERROR keystone.server.flask.application     return func(*args, **kwargs)
Jan 16 20:16:30 ubuntu devstack@keystone.service[61768]: ERROR keystone.server.flask.application            ^^^^^^^^^^^^^^^^^^^^^
Jan 16 20:16:30 ubuntu devstack@keystone.service[61768]: ERROR keystone.server.flask.application   File "/opt/stack/keystone/keystone/api/validation/__init__.py", line 145, in wrapper
Jan 16 20:16:30 ubuntu devstack@keystone.service[61768]: ERROR keystone.server.flask.application     response = func(*args, **kwargs)
Jan 16 20:16:30 ubuntu devstack@keystone.service[61768]: ERROR keystone.server.flask.application                ^^^^^^^^^^^^^^^^^^^^^
Jan 16 20:16:30 ubuntu devstack@keystone.service[61768]: ERROR keystone.server.flask.application   File "/opt/stack/keystone/keystone/api/roles.py", line 91, in post
Jan 16 20:16:30 ubuntu devstack@keystone.service[61768]: ERROR keystone.server.flask.application     ref = PROVIDERS.role_api.create_role(
Jan 16 20:16:30 ubuntu devstack@keystone.service[61768]: ERROR keystone.server.flask.application           ^^^^^^^^^^^^^^^^^^^^^^^^^^^^^^^
Jan 16 20:16:30 ubuntu devstack@keystone.service[61768]: ERROR keystone.server.flask.application   File "/opt/stack/keystone/keystone/common/manager.py", line 114, in wrapped
Jan 16 20:16:30 ubuntu devstack@keystone.service[61768]: ERROR keystone.server.flask.application     __ret_val = __f(*args, **kwargs)
Jan 16 20:16:30 ubuntu devstack@keystone.service[61768]: ERROR keystone.server.flask.application                 ^^^^^^^^^^^^^^^^^^^^
Jan 16 20:16:30 ubuntu devstack@keystone.service[61768]: ERROR keystone.server.flask.application   File "/opt/stack/keystone/keystone/assignment/core.py", line 1526, in create_role
Jan 16 20:16:30 ubuntu devstack@keystone.service[61768]: ERROR keystone.server.flask.application     ret = self.driver.create_role(role_id, role)
Jan 16 20:16:30 ubuntu devstack@keystone.service[61768]: ERROR keystone.server.flask.application           ^^^^^^^^^^^^^^^^^^^^^^^^^^^^^^^^^^^^^^
Jan 16 20:16:30 ubuntu devstack@keystone.service[61768]: ERROR keystone.server.flask.application   File "/opt/stack/keystone/keystone/common/sql/core.py", line 614, in wrapper
Jan 16 20:16:30 ubuntu devstack@keystone.service[61768]: ERROR keystone.server.flask.application     raise exception.Conflict(type=conflict_type, details=msg)
Jan 16 20:16:30 ubuntu devstack@keystone.service[61768]: ERROR keystone.server.flask.application keystone.exception.Conflict: Conflict occurred attempting to store role - Duplicate entry found with name service.
Jan 16 20:16:30 ubuntu devstack@keystone.service[61768]: ERROR keystone.server.flask.application 
Jan 16 20:16:30 ubuntu devstack@keystone.service[61768]: [pid: 61768|app: 0|req: 17/35] 10.120.125.138 () {62 vars in 1203 bytes} [Fri Jan 16 20:16:30 2026] POST /identity/v3/roles => generated 140 bytes in 81 msecs (HTTP/1.1 409) 5 headers in 183 bytes (1 switches on core 0)
Jan 16 20:16:30 ubuntu devstack@keystone.service[61768]: DEBUG keystone.server.flask.request_processing.req_logging [None req-e8e579d5-5e2f-4cb6-b43e-8eccf0ba1f73 None None] REQUEST_METHOD: `POST` {{(pid=61768) log_request_info /opt/stack/keystone/keystone/server/flask/request_processing/req_logging.py:26}}
Jan 16 20:16:30 ubuntu devstack@keystone.service[61768]: DEBUG keystone.server.flask.request_processing.req_logging [None req-e8e579d5-5e2f-4cb6-b43e-8eccf0ba1f73 None None] SCRIPT_NAME: `/identity` {{(pid=61768) log_request_info /opt/stack/keystone/keystone/server/flask/request_processing/req_logging.py:27}}
Jan 16 20:16:30 ubuntu devstack@keystone.service[61768]: DEBUG keystone.server.flask.request_processing.req_logging [None req-e8e579d5-5e2f-4cb6-b43e-8eccf0ba1f73 None None] PATH_INFO: `/v3/auth/tokens` {{(pid=61768) log_request_info /opt/stack/keystone/keystone/server/flask/request_processing/req_logging.py:28}}
Jan 16 20:16:30 ubuntu devstack@keystone.service[61767]: DEBUG keystone.server.flask.request_processing.middleware.auth_context [None req-f9b7c00c-7f44-4e26-822d-aa784fec9ddc None admin] RBAC: auth_context: {'token': <TokenModel (audit_id=Fhe3xIAHTx6lpi0MU7eInw, audit_chain_id=['Fhe3xIAHTx6lpi0MU7eInw']) at 0x701247123aa0>, 'domain_id': None, 'trust_id': None, 'trustor_id': None, 'trustee_id': None, 'domain_name': None, 'group_ids': [], 'user_id': '42d142594043492cad305766bea91ee9', 'user_domain_id': 'default', 'system_scope': 'all', 'project_id': None, 'project_domain_id': None, 'roles': ['admin', 'manager', 'member', 'reader'], 'is_admin_project': True, 'service_user_id': None, 'service_user_domain_id': None, 'service_project_id': None, 'service_project_domain_id': None, 'service_roles': []} {{(pid=61767) fill_context /opt/stack/keystone/keystone/server/flask/request_processing/middleware/auth_context.py:509}}
Jan 16 20:16:30 ubuntu devstack@keystone.service[61767]: DEBUG keystone.server.flask.request_processing.req_logging [None req-f9b7c00c-7f44-4e26-822d-aa784fec9ddc None admin] REQUEST_METHOD: `GET` {{(pid=61767) log_request_info /opt/stack/keystone/keystone/server/flask/request_processing/req_logging.py:26}}
Jan 16 20:16:30 ubuntu devstack@keystone.service[61767]: DEBUG keystone.server.flask.request_processing.req_logging [None req-f9b7c00c-7f44-4e26-822d-aa784fec9ddc None admin] SCRIPT_NAME: `/identity` {{(pid=61767) log_request_info /opt/stack/keystone/keystone/server/flask/request_processing/req_logging.py:27}}
Jan 16 20:16:30 ubuntu devstack@keystone.service[61767]: DEBUG keystone.server.flask.request_processing.req_logging [None req-f9b7c00c-7f44-4e26-822d-aa784fec9ddc None admin] PATH_INFO: `/v3/roles/admin` {{(pid=61767) log_request_info /opt/stack/keystone/keystone/server/flask/request_processing/req_logging.py:28}}
Jan 16 20:16:30 ubuntu devstack@keystone.service[61768]: WARNING keystone.common.password_hashing [None req-e8e579d5-5e2f-4cb6-b43e-8eccf0ba1f73 None None] Truncating password to algorithm specific maximum length 72 characters.
Jan 16 20:16:30 ubuntu devstack@keystone.service[61767]: DEBUG keystone.common.rbac_enforcer.enforcer [None req-f9b7c00c-7f44-4e26-822d-aa784fec9ddc None admin] Extracting inferred target data resulted in "NOT FOUND (404)". {{(pid=61767) enforce_call /opt/stack/keystone/keystone/common/rbac_enforcer/enforcer.py:445}}
Jan 16 20:16:30 ubuntu devstack@keystone.service[61767]: DEBUG keystone.server.flask.application [None req-f9b7c00c-7f44-4e26-822d-aa784fec9ddc None admin] Could not find role: admin. {{(pid=61767) _handle_keystone_exception /opt/stack/keystone/keystone/server/flask/application.py:146}}
Jan 16 20:16:30 ubuntu devstack@keystone.service[61767]: [pid: 61767|app: 0|req: 19/36] 10.120.125.138 () {58 vars in 1168 bytes} [Fri Jan 16 20:16:30 2026] GET /identity/v3/roles/admin => generated 83 bytes in 73 msecs (HTTP/1.1 404) 5 headers in 183 bytes (2 switches on core 0)
Jan 16 20:16:30 ubuntu devstack@keystone.service[61768]: DEBUG keystone.auth.core [None req-e8e579d5-5e2f-4cb6-b43e-8eccf0ba1f73 None None] MFA Rules not processed for user `42d142594043492cad305766bea91ee9`. Rule list: `[]` (Enabled: `True`). {{(pid=61768) check_auth_methods_against_rules /opt/stack/keystone/keystone/auth/core.py:476}}
Jan 16 20:16:30 ubuntu devstack@keystone.service[61768]: DEBUG keystone.common.fernet_utils [None req-e8e579d5-5e2f-4cb6-b43e-8eccf0ba1f73 None None] Loaded 2 Fernet keys from /etc/keystone/fernet-keys/, but `[fernet_tokens] max_active_keys = 3`; perhaps there have not been enough key rotations to reach `max_active_keys` yet? {{(pid=61768) load_keys /opt/stack/keystone/keystone/common/fernet_utils.py:297}}
Jan 16 20:16:30 ubuntu devstack@keystone.service[61767]: DEBUG keystone.server.flask.request_processing.middleware.auth_context [None req-f9b7c00c-7f44-4e26-822d-aa784fec9ddc None admin] Authenticating user token {{(pid=61767) process_request /opt/stack/data/venv/lib/python3.12/site-packages/keystonemiddleware/auth_token/__init__.py:407}}
Jan 16 20:16:31 ubuntu devstack@keystone.service[61768]: [pid: 61768|app: 0|req: 18/37] 10.120.125.138 () {60 vars in 1052 bytes} [Fri Jan 16 20:16:30 2026] POST /identity/v3/auth/tokens => generated 864 bytes in 58 msecs (HTTP/1.1 201) 6 headers in 363 bytes (2 switches on core 0)
Jan 16 20:16:31 ubuntu devstack@keystone.service[61768]: DEBUG keystone.server.flask.request_processing.middleware.auth_context [None req-e8e579d5-5e2f-4cb6-b43e-8eccf0ba1f73 None None] Authenticating user token {{(pid=61768) process_request /opt/stack/data/venv/lib/python3.12/site-packages/keystonemiddleware/auth_token/__init__.py:407}}
Jan 16 20:16:31 ubuntu devstack@keystone.service[61767]: DEBUG keystone.server.flask.request_processing.middleware.auth_context [None req-f9b7c00c-7f44-4e26-822d-aa784fec9ddc None admin] Validating token access rules against request {{(pid=61767) validate_allowed_request /opt/stack/data/venv/lib/python3.12/site-packages/keystonemiddleware/auth_token/__init__.py:545}}
Jan 16 20:16:31 ubuntu devstack@keystone.service[61768]: DEBUG keystone.server.flask.request_processing.middleware.auth_context [None req-e8e579d5-5e2f-4cb6-b43e-8eccf0ba1f73 None None] Validating token access rules against request {{(pid=61768) validate_allowed_request /opt/stack/data/venv/lib/python3.12/site-packages/keystonemiddleware/auth_token/__init__.py:545}}
Jan 16 20:16:31 ubuntu devstack@keystone.service[61767]: DEBUG keystone.server.flask.request_processing.middleware.auth_context [None req-5e58b200-bd4c-4f1f-a463-9c4ed39ca91e None admin] RBAC: auth_context: {'token': <TokenModel (audit_id=GlSEbxppSZSwQh8p75pJ0A, audit_chain_id=['GlSEbxppSZSwQh8p75pJ0A']) at 0x70124748f710>, 'domain_id': None, 'trust_id': None, 'trustor_id': None, 'trustee_id': None, 'domain_name': None, 'group_ids': [], 'user_id': '42d142594043492cad305766bea91ee9', 'user_domain_id': 'default', 'system_scope': 'all', 'project_id': None, 'project_domain_id': None, 'roles': ['admin', 'manager', 'member', 'reader'], 'is_admin_project': True, 'service_user_id': None, 'service_user_domain_id': None, 'service_project_id': None, 'service_project_domain_id': None, 'service_roles': []} {{(pid=61767) fill_context /opt/stack/keystone/keystone/server/flask/request_processing/middleware/auth_context.py:509}}
Jan 16 20:16:31 ubuntu devstack@keystone.service[61767]: DEBUG keystone.server.flask.request_processing.req_logging [None req-5e58b200-bd4c-4f1f-a463-9c4ed39ca91e None admin] REQUEST_METHOD: `GET` {{(pid=61767) log_request_info /opt/stack/keystone/keystone/server/flask/request_processing/req_logging.py:26}}
Jan 16 20:16:31 ubuntu devstack@keystone.service[61767]: DEBUG keystone.server.flask.request_processing.req_logging [None req-5e58b200-bd4c-4f1f-a463-9c4ed39ca91e None admin] SCRIPT_NAME: `/identity` {{(pid=61767) log_request_info /opt/stack/keystone/keystone/server/flask/request_processing/req_logging.py:27}}
Jan 16 20:16:31 ubuntu devstack@keystone.service[61767]: DEBUG keystone.server.flask.request_processing.req_logging [None req-5e58b200-bd4c-4f1f-a463-9c4ed39ca91e None admin] PATH_INFO: `/v3/roles/service` {{(pid=61767) log_request_info /opt/stack/keystone/keystone/server/flask/request_processing/req_logging.py:28}}
Jan 16 20:16:31 ubuntu devstack@keystone.service[61768]: DEBUG keystone.server.flask.request_processing.middleware.auth_context [None req-50c44769-c43a-4dca-89f0-43eaebdbc583 None admin] RBAC: auth_context: {'token': <TokenModel (audit_id=Fhe3xIAHTx6lpi0MU7eInw, audit_chain_id=['Fhe3xIAHTx6lpi0MU7eInw']) at 0x7012474bf680>, 'domain_id': None, 'trust_id': None, 'trustor_id': None, 'trustee_id': None, 'domain_name': None, 'group_ids': [], 'user_id': '42d142594043492cad305766bea91ee9', 'user_domain_id': 'default', 'system_scope': 'all', 'project_id': None, 'project_domain_id': None, 'roles': ['admin', 'manager', 'member', 'reader'], 'is_admin_project': True, 'service_user_id': None, 'service_user_domain_id': None, 'service_project_id': None, 'service_project_domain_id': None, 'service_roles': []} {{(pid=61768) fill_context /opt/stack/keystone/keystone/server/flask/request_processing/middleware/auth_context.py:509}}
Jan 16 20:16:31 ubuntu devstack@keystone.service[61768]: DEBUG keystone.server.flask.request_processing.req_logging [None req-50c44769-c43a-4dca-89f0-43eaebdbc583 None admin] REQUEST_METHOD: `GET` {{(pid=61768) log_request_info /opt/stack/keystone/keystone/server/flask/request_processing/req_logging.py:26}}
Jan 16 20:16:31 ubuntu devstack@keystone.service[61768]: DEBUG keystone.server.flask.request_processing.req_logging [None req-50c44769-c43a-4dca-89f0-43eaebdbc583 None admin] SCRIPT_NAME: `/identity` {{(pid=61768) log_request_info /opt/stack/keystone/keystone/server/flask/request_processing/req_logging.py:27}}
Jan 16 20:16:31 ubuntu devstack@keystone.service[61768]: DEBUG keystone.server.flask.request_processing.req_logging [None req-50c44769-c43a-4dca-89f0-43eaebdbc583 None admin] PATH_INFO: `/v3/roles` {{(pid=61768) log_request_info /opt/stack/keystone/keystone/server/flask/request_processing/req_logging.py:28}}
Jan 16 20:16:31 ubuntu devstack@keystone.service[61767]: DEBUG keystone.common.rbac_enforcer.enforcer [None req-5e58b200-bd4c-4f1f-a463-9c4ed39ca91e None admin] Extracting inferred target data resulted in "NOT FOUND (404)". {{(pid=61767) enforce_call /opt/stack/keystone/keystone/common/rbac_enforcer/enforcer.py:445}}
Jan 16 20:16:31 ubuntu devstack@keystone.service[61768]: DEBUG keystone.common.rbac_enforcer.enforcer [None req-50c44769-c43a-4dca-89f0-43eaebdbc583 None admin] RBAC: Adding query filter params (name=admin) {{(pid=61768) _extract_filter_values /opt/stack/keystone/keystone/common/rbac_enforcer/enforcer.py:176}}
Jan 16 20:16:31 ubuntu devstack@keystone.service[61768]: DEBUG keystone.common.rbac_enforcer.enforcer [None req-50c44769-c43a-4dca-89f0-43eaebdbc583 None admin] RBAC: Authorizing `identity:list_roles()` {{(pid=61768) enforce_call /opt/stack/keystone/keystone/common/rbac_enforcer/enforcer.py:494}}
Jan 16 20:16:31 ubuntu devstack@keystone.service[61768]: DEBUG keystone.common.rbac_enforcer.enforcer [None req-50c44769-c43a-4dca-89f0-43eaebdbc583 None admin] RBAC: Authorization granted {{(pid=61768) enforce_call /opt/stack/keystone/keystone/common/rbac_enforcer/enforcer.py:505}}
Jan 16 20:16:31 ubuntu devstack@keystone.service[61767]: DEBUG keystone.server.flask.application [None req-5e58b200-bd4c-4f1f-a463-9c4ed39ca91e None admin] Could not find role: service. {{(pid=61767) _handle_keystone_exception /opt/stack/keystone/keystone/server/flask/application.py:146}}
Jan 16 20:16:31 ubuntu devstack@keystone.service[61767]: [pid: 61767|app: 0|req: 20/38] 10.120.125.138 () {58 vars in 1174 bytes} [Fri Jan 16 20:16:30 2026] GET /identity/v3/roles/service => generated 85 bytes in 73 msecs (HTTP/1.1 404) 5 headers in 183 bytes (2 switches on core 0)
Jan 16 20:16:31 ubuntu devstack@keystone.service[61767]: DEBUG keystone.server.flask.request_processing.middleware.auth_context [None req-5e58b200-bd4c-4f1f-a463-9c4ed39ca91e None admin] Authenticating user token {{(pid=61767) process_request /opt/stack/data/venv/lib/python3.12/site-packages/keystonemiddleware/auth_token/__init__.py:407}}
Jan 16 20:16:31 ubuntu devstack@keystone.service[61768]: [pid: 61768|app: 0|req: 19/39] 10.120.125.138 () {58 vars in 1184 bytes} [Fri Jan 16 20:16:31 2026] GET /identity/v3/roles?name=admin => generated 343 bytes in 64 msecs (HTTP/1.1 200) 5 headers in 177 bytes (2 switches on core 0)
Jan 16 20:16:31 ubuntu devstack@keystone.service[61768]: DEBUG keystone.server.flask.request_processing.middleware.auth_context [None req-50c44769-c43a-4dca-89f0-43eaebdbc583 None admin] Authenticating user token {{(pid=61768) process_request /opt/stack/data/venv/lib/python3.12/site-packages/keystonemiddleware/auth_token/__init__.py:407}}
Jan 16 20:16:31 ubuntu devstack@keystone.service[61767]: DEBUG keystone.server.flask.request_processing.middleware.auth_context [None req-5e58b200-bd4c-4f1f-a463-9c4ed39ca91e None admin] Validating token access rules against request {{(pid=61767) validate_allowed_request /opt/stack/data/venv/lib/python3.12/site-packages/keystonemiddleware/auth_token/__init__.py:545}}
Jan 16 20:16:31 ubuntu devstack@keystone.service[61768]: DEBUG keystone.server.flask.request_processing.middleware.auth_context [None req-50c44769-c43a-4dca-89f0-43eaebdbc583 None admin] Validating token access rules against request {{(pid=61768) validate_allowed_request /opt/stack/data/venv/lib/python3.12/site-packages/keystonemiddleware/auth_token/__init__.py:545}}
Jan 16 20:16:31 ubuntu devstack@keystone.service[61767]: DEBUG keystone.server.flask.request_processing.middleware.auth_context [None req-8e655225-f2bf-489c-93f7-9f797e107d35 None admin] RBAC: auth_context: {'token': <TokenModel (audit_id=nqqQi9ATRPyfuCIVGbIf9Q, audit_chain_id=['nqqQi9ATRPyfuCIVGbIf9Q']) at 0x701247122150>, 'domain_id': None, 'trust_id': None, 'trustor_id': None, 'trustee_id': None, 'domain_name': None, 'group_ids': [], 'user_id': '42d142594043492cad305766bea91ee9', 'user_domain_id': 'default', 'system_scope': 'all', 'project_id': None, 'project_domain_id': None, 'roles': ['admin', 'manager', 'member', 'reader'], 'is_admin_project': True, 'service_user_id': None, 'service_user_domain_id': None, 'service_project_id': None, 'service_project_domain_id': None, 'service_roles': []} {{(pid=61767) fill_context /opt/stack/keystone/keystone/server/flask/request_processing/middleware/auth_context.py:509}}
Jan 16 20:16:31 ubuntu devstack@keystone.service[61767]: DEBUG keystone.server.flask.request_processing.req_logging [None req-8e655225-f2bf-489c-93f7-9f797e107d35 None admin] REQUEST_METHOD: `POST` {{(pid=61767) log_request_info /opt/stack/keystone/keystone/server/flask/request_processing/req_logging.py:26}}
Jan 16 20:16:31 ubuntu devstack@keystone.service[61767]: DEBUG keystone.server.flask.request_processing.req_logging [None req-8e655225-f2bf-489c-93f7-9f797e107d35 None admin] SCRIPT_NAME: `/identity` {{(pid=61767) log_request_info /opt/stack/keystone/keystone/server/flask/request_processing/req_logging.py:27}}
Jan 16 20:16:31 ubuntu devstack@keystone.service[61767]: DEBUG keystone.server.flask.request_processing.req_logging [None req-8e655225-f2bf-489c-93f7-9f797e107d35 None admin] PATH_INFO: `/v3/projects` {{(pid=61767) log_request_info /opt/stack/keystone/keystone/server/flask/request_processing/req_logging.py:28}}
Jan 16 20:16:31 ubuntu devstack@keystone.service[61767]: DEBUG keystone.common.rbac_enforcer.enforcer [None req-8e655225-f2bf-489c-93f7-9f797e107d35 None admin] RBAC: Authorizing `identity:create_project()` {{(pid=61767) enforce_call /opt/stack/keystone/keystone/common/rbac_enforcer/enforcer.py:494}}
Jan 16 20:16:31 ubuntu devstack@keystone.service[61767]: DEBUG keystone.common.rbac_enforcer.enforcer [None req-8e655225-f2bf-489c-93f7-9f797e107d35 None admin] RBAC: Authorization granted {{(pid=61767) enforce_call /opt/stack/keystone/keystone/common/rbac_enforcer/enforcer.py:505}}
Jan 16 20:16:31 ubuntu devstack@keystone.service[61768]: DEBUG keystone.server.flask.request_processing.middleware.auth_context [None req-3adc1df9-ea21-4e35-902b-965e872e4640 None admin] RBAC: auth_context: {'token': <TokenModel (audit_id=0DXwZud1SV6yKhdZjzrHzQ, audit_chain_id=['0DXwZud1SV6yKhdZjzrHzQ']) at 0x7012472cf860>, 'domain_id': None, 'trust_id': None, 'trustor_id': None, 'trustee_id': None, 'domain_name': None, 'group_ids': [], 'user_id': '42d142594043492cad305766bea91ee9', 'user_domain_id': 'default', 'system_scope': 'all', 'project_id': None, 'project_domain_id': None, 'roles': ['admin', 'manager', 'member', 'reader'], 'is_admin_project': True, 'service_user_id': None, 'service_user_domain_id': None, 'service_project_id': None, 'service_project_domain_id': None, 'service_roles': []} {{(pid=61768) fill_context /opt/stack/keystone/keystone/server/flask/request_processing/middleware/auth_context.py:509}}
Jan 16 20:16:31 ubuntu devstack@keystone.service[61768]: DEBUG keystone.server.flask.request_processing.req_logging [None req-3adc1df9-ea21-4e35-902b-965e872e4640 None admin] REQUEST_METHOD: `POST` {{(pid=61768) log_request_info /opt/stack/keystone/keystone/server/flask/request_processing/req_logging.py:26}}
Jan 16 20:16:31 ubuntu devstack@keystone.service[61768]: DEBUG keystone.server.flask.request_processing.req_logging [None req-3adc1df9-ea21-4e35-902b-965e872e4640 None admin] SCRIPT_NAME: `/identity` {{(pid=61768) log_request_info /opt/stack/keystone/keystone/server/flask/request_processing/req_logging.py:27}}
Jan 16 20:16:31 ubuntu devstack@keystone.service[61768]: DEBUG keystone.server.flask.request_processing.req_logging [None req-3adc1df9-ea21-4e35-902b-965e872e4640 None admin] PATH_INFO: `/v3/roles` {{(pid=61768) log_request_info /opt/stack/keystone/keystone/server/flask/request_processing/req_logging.py:28}}
Jan 16 20:16:31 ubuntu devstack@keystone.service[61768]: DEBUG keystone.common.rbac_enforcer.enforcer [None req-3adc1df9-ea21-4e35-902b-965e872e4640 None admin] RBAC: Authorizing `identity:create_role()` {{(pid=61768) enforce_call /opt/stack/keystone/keystone/common/rbac_enforcer/enforcer.py:494}}
Jan 16 20:16:31 ubuntu devstack@keystone.service[61768]: DEBUG keystone.common.rbac_enforcer.enforcer [None req-3adc1df9-ea21-4e35-902b-965e872e4640 None admin] RBAC: Authorization granted {{(pid=61768) enforce_call /opt/stack/keystone/keystone/common/rbac_enforcer/enforcer.py:505}}
Jan 16 20:16:31 ubuntu devstack@keystone.service[61768]: [pid: 61768|app: 0|req: 20/40] 10.120.125.138 () {62 vars in 1203 bytes} [Fri Jan 16 20:16:31 2026] POST /identity/v3/roles => generated 227 bytes in 73 msecs (HTTP/1.1 201) 5 headers in 182 bytes (1 switches on core 0)
Jan 16 20:16:31 ubuntu devstack@keystone.service[61768]: DEBUG keystone.server.flask.request_processing.middleware.auth_context [None req-3adc1df9-ea21-4e35-902b-965e872e4640 None admin] Authenticating user token {{(pid=61768) process_request /opt/stack/data/venv/lib/python3.12/site-packages/keystonemiddleware/auth_token/__init__.py:407}}
Jan 16 20:16:31 ubuntu devstack@keystone.service[61768]: DEBUG keystone.server.flask.request_processing.middleware.auth_context [None req-3adc1df9-ea21-4e35-902b-965e872e4640 None admin] Validating token access rules against request {{(pid=61768) validate_allowed_request /opt/stack/data/venv/lib/python3.12/site-packages/keystonemiddleware/auth_token/__init__.py:545}}
Jan 16 20:16:31 ubuntu devstack@keystone.service[61768]: DEBUG keystone.server.flask.request_processing.middleware.auth_context [None req-8a43f855-9faa-4946-bb70-ea1b0f59fcb0 None admin] RBAC: auth_context: {'token': <TokenModel (audit_id=GlSEbxppSZSwQh8p75pJ0A, audit_chain_id=['GlSEbxppSZSwQh8p75pJ0A']) at 0x7012470f0290>, 'domain_id': None, 'trust_id': None, 'trustor_id': None, 'trustee_id': None, 'domain_name': None, 'group_ids': [], 'user_id': '42d142594043492cad305766bea91ee9', 'user_domain_id': 'default', 'system_scope': 'all', 'project_id': None, 'project_domain_id': None, 'roles': ['admin', 'manager', 'member', 'reader'], 'is_admin_project': True, 'service_user_id': None, 'service_user_domain_id': None, 'service_project_id': None, 'service_project_domain_id': None, 'service_roles': []} {{(pid=61768) fill_context /opt/stack/keystone/keystone/server/flask/request_processing/middleware/auth_context.py:509}}
Jan 16 20:16:31 ubuntu devstack@keystone.service[61768]: DEBUG keystone.server.flask.request_processing.req_logging [None req-8a43f855-9faa-4946-bb70-ea1b0f59fcb0 None admin] REQUEST_METHOD: `GET` {{(pid=61768) log_request_info /opt/stack/keystone/keystone/server/flask/request_processing/req_logging.py:26}}
Jan 16 20:16:31 ubuntu devstack@keystone.service[61768]: DEBUG keystone.server.flask.request_processing.req_logging [None req-8a43f855-9faa-4946-bb70-ea1b0f59fcb0 None admin] SCRIPT_NAME: `/identity` {{(pid=61768) log_request_info /opt/stack/keystone/keystone/server/flask/request_processing/req_logging.py:27}}
Jan 16 20:16:31 ubuntu devstack@keystone.service[61768]: DEBUG keystone.server.flask.request_processing.req_logging [None req-8a43f855-9faa-4946-bb70-ea1b0f59fcb0 None admin] PATH_INFO: `/v3/roles` {{(pid=61768) log_request_info /opt/stack/keystone/keystone/server/flask/request_processing/req_logging.py:28}}
Jan 16 20:16:31 ubuntu devstack@keystone.service[61768]: DEBUG keystone.common.rbac_enforcer.enforcer [None req-8a43f855-9faa-4946-bb70-ea1b0f59fcb0 None admin] RBAC: Adding query filter params (name=service) {{(pid=61768) _extract_filter_values /opt/stack/keystone/keystone/common/rbac_enforcer/enforcer.py:176}}
Jan 16 20:16:31 ubuntu devstack@keystone.service[61768]: DEBUG keystone.common.rbac_enforcer.enforcer [None req-8a43f855-9faa-4946-bb70-ea1b0f59fcb0 None admin] RBAC: Authorizing `identity:list_roles()` {{(pid=61768) enforce_call /opt/stack/keystone/keystone/common/rbac_enforcer/enforcer.py:494}}
Jan 16 20:16:31 ubuntu devstack@keystone.service[61768]: DEBUG keystone.common.rbac_enforcer.enforcer [None req-8a43f855-9faa-4946-bb70-ea1b0f59fcb0 None admin] RBAC: Authorization granted {{(pid=61768) enforce_call /opt/stack/keystone/keystone/common/rbac_enforcer/enforcer.py:505}}
Jan 16 20:16:31 ubuntu devstack@keystone.service[61768]: [pid: 61768|app: 0|req: 21/41] 10.120.125.138 () {58 vars in 1188 bytes} [Fri Jan 16 20:16:31 2026] GET /identity/v3/roles?name=service => generated 347 bytes in 72 msecs (HTTP/1.1 200) 5 headers in 177 bytes (1 switches on core 0)
Jan 16 20:16:31 ubuntu devstack@keystone.service[61768]: DEBUG keystone.server.flask.request_processing.middleware.auth_context [None req-8a43f855-9faa-4946-bb70-ea1b0f59fcb0 None admin] Authenticating user token {{(pid=61768) process_request /opt/stack/data/venv/lib/python3.12/site-packages/keystonemiddleware/auth_token/__init__.py:407}}
Jan 16 20:16:31 ubuntu devstack@keystone.service[61767]: [pid: 61767|app: 0|req: 21/42] 10.120.125.138 () {62 vars in 1170 bytes} [Fri Jan 16 20:16:31 2026] POST /identity/v3/projects => generated 303 bytes in 156 msecs (HTTP/1.1 201) 5 headers in 182 bytes (1 switches on core 0)
Jan 16 20:16:31 ubuntu devstack@keystone.service[61768]: DEBUG keystone.server.flask.request_processing.middleware.auth_context [None req-8a43f855-9faa-4946-bb70-ea1b0f59fcb0 None admin] Validating token access rules against request {{(pid=61768) validate_allowed_request /opt/stack/data/venv/lib/python3.12/site-packages/keystonemiddleware/auth_token/__init__.py:545}}
Jan 16 20:16:31 ubuntu devstack@keystone.service[61768]: DEBUG keystone.server.flask.request_processing.middleware.auth_context [None req-3aa577ec-c63a-4d69-b85a-3e7336651499 None admin] RBAC: auth_context: {'token': <TokenModel (audit_id=Fhe3xIAHTx6lpi0MU7eInw, audit_chain_id=['Fhe3xIAHTx6lpi0MU7eInw']) at 0x70124734e7e0>, 'domain_id': None, 'trust_id': None, 'trustor_id': None, 'trustee_id': None, 'domain_name': None, 'group_ids': [], 'user_id': '42d142594043492cad305766bea91ee9', 'user_domain_id': 'default', 'system_scope': 'all', 'project_id': None, 'project_domain_id': None, 'roles': ['admin', 'manager', 'member', 'reader'], 'is_admin_project': True, 'service_user_id': None, 'service_user_domain_id': None, 'service_project_id': None, 'service_project_domain_id': None, 'service_roles': []} {{(pid=61768) fill_context /opt/stack/keystone/keystone/server/flask/request_processing/middleware/auth_context.py:509}}
Jan 16 20:16:31 ubuntu devstack@keystone.service[61768]: DEBUG keystone.server.flask.request_processing.req_logging [None req-3aa577ec-c63a-4d69-b85a-3e7336651499 None admin] REQUEST_METHOD: `GET` {{(pid=61768) log_request_info /opt/stack/keystone/keystone/server/flask/request_processing/req_logging.py:26}}
Jan 16 20:16:31 ubuntu devstack@keystone.service[61768]: DEBUG keystone.server.flask.request_processing.req_logging [None req-3aa577ec-c63a-4d69-b85a-3e7336651499 None admin] SCRIPT_NAME: `/identity` {{(pid=61768) log_request_info /opt/stack/keystone/keystone/server/flask/request_processing/req_logging.py:27}}
Jan 16 20:16:31 ubuntu devstack@keystone.service[61768]: DEBUG keystone.server.flask.request_processing.req_logging [None req-3aa577ec-c63a-4d69-b85a-3e7336651499 None admin] PATH_INFO: `/v3/users/42d142594043492cad305766bea91ee9` {{(pid=61768) log_request_info /opt/stack/keystone/keystone/server/flask/request_processing/req_logging.py:28}}
Jan 16 20:16:31 ubuntu devstack@keystone.service[61768]: DEBUG keystone.common.rbac_enforcer.enforcer [None req-3aa577ec-c63a-4d69-b85a-3e7336651499 None admin] RBAC: Authorizing `identity:get_user(user_id=42d142594043492cad305766bea91ee9)` {{(pid=61768) enforce_call /opt/stack/keystone/keystone/common/rbac_enforcer/enforcer.py:494}}
Jan 16 20:16:31 ubuntu devstack@keystone.service[61768]: DEBUG keystone.common.rbac_enforcer.enforcer [None req-3aa577ec-c63a-4d69-b85a-3e7336651499 None admin] RBAC: Authorization granted {{(pid=61768) enforce_call /opt/stack/keystone/keystone/common/rbac_enforcer/enforcer.py:505}}
Jan 16 20:16:31 ubuntu devstack@keystone.service[61768]: [pid: 61768|app: 0|req: 22/43] 10.120.125.138 () {58 vars in 1249 bytes} [Fri Jan 16 20:16:31 2026] GET /identity/v3/users/42d142594043492cad305766bea91ee9 => generated 249 bytes in 72 msecs (HTTP/1.1 200) 5 headers in 177 bytes (1 switches on core 0)
Jan 16 20:16:31 ubuntu devstack@keystone.service[61767]: DEBUG keystone.server.flask.request_processing.middleware.auth_context [None req-8e655225-f2bf-489c-93f7-9f797e107d35 None admin] Authenticating user token {{(pid=61767) process_request /opt/stack/data/venv/lib/python3.12/site-packages/keystonemiddleware/auth_token/__init__.py:407}}
Jan 16 20:16:31 ubuntu devstack@keystone.service[61768]: DEBUG keystone.server.flask.request_processing.middleware.auth_context [None req-3aa577ec-c63a-4d69-b85a-3e7336651499 None admin] Authenticating user token {{(pid=61768) process_request /opt/stack/data/venv/lib/python3.12/site-packages/keystonemiddleware/auth_token/__init__.py:407}}
Jan 16 20:16:31 ubuntu devstack@keystone.service[61767]: DEBUG keystone.server.flask.request_processing.middleware.auth_context [None req-8e655225-f2bf-489c-93f7-9f797e107d35 None admin] Validating token access rules against request {{(pid=61767) validate_allowed_request /opt/stack/data/venv/lib/python3.12/site-packages/keystonemiddleware/auth_token/__init__.py:545}}
Jan 16 20:16:31 ubuntu devstack@keystone.service[61767]: DEBUG keystone.server.flask.request_processing.middleware.auth_context [None req-d778d32a-bdb2-4340-8abc-02734ab0fb71 None admin] RBAC: auth_context: {'token': <TokenModel (audit_id=MU3H-67GS1aIDToD7OGC2A, audit_chain_id=['MU3H-67GS1aIDToD7OGC2A']) at 0x70124748f3e0>, 'domain_id': None, 'trust_id': None, 'trustor_id': None, 'trustee_id': None, 'domain_name': None, 'group_ids': [], 'user_id': '42d142594043492cad305766bea91ee9', 'user_domain_id': 'default', 'system_scope': 'all', 'project_id': None, 'project_domain_id': None, 'roles': ['admin', 'manager', 'member', 'reader'], 'is_admin_project': True, 'service_user_id': None, 'service_user_domain_id': None, 'service_project_id': None, 'service_project_domain_id': None, 'service_roles': []} {{(pid=61767) fill_context /opt/stack/keystone/keystone/server/flask/request_processing/middleware/auth_context.py:509}}
Jan 16 20:16:31 ubuntu devstack@keystone.service[61767]: DEBUG keystone.server.flask.request_processing.req_logging [None req-d778d32a-bdb2-4340-8abc-02734ab0fb71 None admin] REQUEST_METHOD: `POST` {{(pid=61767) log_request_info /opt/stack/keystone/keystone/server/flask/request_processing/req_logging.py:26}}
Jan 16 20:16:31 ubuntu devstack@keystone.service[61767]: DEBUG keystone.server.flask.request_processing.req_logging [None req-d778d32a-bdb2-4340-8abc-02734ab0fb71 None admin] SCRIPT_NAME: `/identity` {{(pid=61767) log_request_info /opt/stack/keystone/keystone/server/flask/request_processing/req_logging.py:27}}
Jan 16 20:16:31 ubuntu devstack@keystone.service[61767]: DEBUG keystone.server.flask.request_processing.req_logging [None req-d778d32a-bdb2-4340-8abc-02734ab0fb71 None admin] PATH_INFO: `/v3/roles` {{(pid=61767) log_request_info /opt/stack/keystone/keystone/server/flask/request_processing/req_logging.py:28}}
Jan 16 20:16:31 ubuntu devstack@keystone.service[61767]: DEBUG keystone.common.rbac_enforcer.enforcer [None req-d778d32a-bdb2-4340-8abc-02734ab0fb71 None admin] RBAC: Authorizing `identity:create_role()` {{(pid=61767) enforce_call /opt/stack/keystone/keystone/common/rbac_enforcer/enforcer.py:494}}
Jan 16 20:16:31 ubuntu devstack@keystone.service[61767]: DEBUG keystone.common.rbac_enforcer.enforcer [None req-d778d32a-bdb2-4340-8abc-02734ab0fb71 None admin] RBAC: Authorization granted {{(pid=61767) enforce_call /opt/stack/keystone/keystone/common/rbac_enforcer/enforcer.py:505}}
Jan 16 20:16:31 ubuntu devstack@keystone.service[61768]: DEBUG keystone.server.flask.request_processing.middleware.auth_context [None req-3aa577ec-c63a-4d69-b85a-3e7336651499 None admin] Validating token access rules against request {{(pid=61768) validate_allowed_request /opt/stack/data/venv/lib/python3.12/site-packages/keystonemiddleware/auth_token/__init__.py:545}}
Jan 16 20:16:31 ubuntu devstack@keystone.service[61767]: [pid: 61767|app: 0|req: 22/44] 10.120.125.138 () {62 vars in 1203 bytes} [Fri Jan 16 20:16:31 2026] POST /identity/v3/roles => generated 225 bytes in 97 msecs (HTTP/1.1 201) 5 headers in 182 bytes (1 switches on core 0)
Jan 16 20:16:31 ubuntu devstack@keystone.service[61767]: DEBUG keystone.server.flask.request_processing.middleware.auth_context [None req-d778d32a-bdb2-4340-8abc-02734ab0fb71 None admin] Authenticating user token {{(pid=61767) process_request /opt/stack/data/venv/lib/python3.12/site-packages/keystonemiddleware/auth_token/__init__.py:407}}
Jan 16 20:16:31 ubuntu devstack@keystone.service[61768]: DEBUG keystone.server.flask.request_processing.middleware.auth_context [None req-cd582533-ae14-41c6-bf1d-62072411a3d5 None admin] RBAC: auth_context: {'token': <TokenModel (audit_id=99ztZ9GAQoWcu14kw5nVsA, audit_chain_id=['99ztZ9GAQoWcu14kw5nVsA']) at 0x7012474bfa70>, 'domain_id': None, 'trust_id': None, 'trustor_id': None, 'trustee_id': None, 'domain_name': None, 'group_ids': [], 'user_id': '42d142594043492cad305766bea91ee9', 'user_domain_id': 'default', 'system_scope': 'all', 'project_id': None, 'project_domain_id': None, 'roles': ['admin', 'manager', 'member', 'reader'], 'is_admin_project': True, 'service_user_id': None, 'service_user_domain_id': None, 'service_project_id': None, 'service_project_domain_id': None, 'service_roles': []} {{(pid=61768) fill_context /opt/stack/keystone/keystone/server/flask/request_processing/middleware/auth_context.py:509}}
Jan 16 20:16:31 ubuntu devstack@keystone.service[61768]: DEBUG keystone.server.flask.request_processing.req_logging [None req-cd582533-ae14-41c6-bf1d-62072411a3d5 None admin] REQUEST_METHOD: `GET` {{(pid=61768) log_request_info /opt/stack/keystone/keystone/server/flask/request_processing/req_logging.py:26}}
Jan 16 20:16:31 ubuntu devstack@keystone.service[61768]: DEBUG keystone.server.flask.request_processing.req_logging [None req-cd582533-ae14-41c6-bf1d-62072411a3d5 None admin] SCRIPT_NAME: `/identity` {{(pid=61768) log_request_info /opt/stack/keystone/keystone/server/flask/request_processing/req_logging.py:27}}
Jan 16 20:16:31 ubuntu devstack@keystone.service[61768]: DEBUG keystone.server.flask.request_processing.req_logging [None req-cd582533-ae14-41c6-bf1d-62072411a3d5 None admin] PATH_INFO: `/v3/domains/default` {{(pid=61768) log_request_info /opt/stack/keystone/keystone/server/flask/request_processing/req_logging.py:28}}
Jan 16 20:16:31 ubuntu devstack@keystone.service[61768]: DEBUG keystone.common.rbac_enforcer.enforcer [None req-cd582533-ae14-41c6-bf1d-62072411a3d5 None admin] RBAC: Authorizing `identity:get_domain(domain_id=default)` {{(pid=61768) enforce_call /opt/stack/keystone/keystone/common/rbac_enforcer/enforcer.py:494}}
Jan 16 20:16:31 ubuntu devstack@keystone.service[61768]: DEBUG keystone.common.rbac_enforcer.enforcer [None req-cd582533-ae14-41c6-bf1d-62072411a3d5 None admin] RBAC: Authorization granted {{(pid=61768) enforce_call /opt/stack/keystone/keystone/common/rbac_enforcer/enforcer.py:505}}
Jan 16 20:16:31 ubuntu devstack@keystone.service[61768]: [pid: 61768|app: 0|req: 23/45] 10.120.125.138 () {58 vars in 1137 bytes} [Fri Jan 16 20:16:31 2026] GET /identity/v3/domains/default => generated 201 bytes in 101 msecs (HTTP/1.1 200) 5 headers in 177 bytes (1 switches on core 0)
Jan 16 20:16:31 ubuntu devstack@keystone.service[61767]: DEBUG keystone.server.flask.request_processing.middleware.auth_context [None req-d778d32a-bdb2-4340-8abc-02734ab0fb71 None admin] Validating token access rules against request {{(pid=61767) validate_allowed_request /opt/stack/data/venv/lib/python3.12/site-packages/keystonemiddleware/auth_token/__init__.py:545}}
Jan 16 20:16:31 ubuntu devstack@keystone.service[61767]: DEBUG keystone.server.flask.request_processing.middleware.auth_context [None req-4d6dfc90-a625-4dfe-ad14-b411ff3063ca None admin] RBAC: auth_context: {'token': <TokenModel (audit_id=Fhe3xIAHTx6lpi0MU7eInw, audit_chain_id=['Fhe3xIAHTx6lpi0MU7eInw']) at 0x701247ef4470>, 'domain_id': None, 'trust_id': None, 'trustor_id': None, 'trustee_id': None, 'domain_name': None, 'group_ids': [], 'user_id': '42d142594043492cad305766bea91ee9', 'user_domain_id': 'default', 'system_scope': 'all', 'project_id': None, 'project_domain_id': None, 'roles': ['admin', 'manager', 'member', 'reader'], 'is_admin_project': True, 'service_user_id': None, 'service_user_domain_id': None, 'service_project_id': None, 'service_project_domain_id': None, 'service_roles': []} {{(pid=61767) fill_context /opt/stack/keystone/keystone/server/flask/request_processing/middleware/auth_context.py:509}}
Jan 16 20:16:31 ubuntu devstack@keystone.service[61767]: DEBUG keystone.server.flask.request_processing.req_logging [None req-4d6dfc90-a625-4dfe-ad14-b411ff3063ca None admin] REQUEST_METHOD: `GET` {{(pid=61767) log_request_info /opt/stack/keystone/keystone/server/flask/request_processing/req_logging.py:26}}
Jan 16 20:16:31 ubuntu devstack@keystone.service[61767]: DEBUG keystone.server.flask.request_processing.req_logging [None req-4d6dfc90-a625-4dfe-ad14-b411ff3063ca None admin] SCRIPT_NAME: `/identity` {{(pid=61767) log_request_info /opt/stack/keystone/keystone/server/flask/request_processing/req_logging.py:27}}
Jan 16 20:16:31 ubuntu devstack@keystone.service[61767]: DEBUG keystone.server.flask.request_processing.req_logging [None req-4d6dfc90-a625-4dfe-ad14-b411ff3063ca None admin] PATH_INFO: `/v3/domains/default` {{(pid=61767) log_request_info /opt/stack/keystone/keystone/server/flask/request_processing/req_logging.py:28}}
Jan 16 20:16:31 ubuntu devstack@keystone.service[61767]: DEBUG keystone.common.rbac_enforcer.enforcer [None req-4d6dfc90-a625-4dfe-ad14-b411ff3063ca None admin] RBAC: Authorizing `identity:get_domain(domain_id=default)` {{(pid=61767) enforce_call /opt/stack/keystone/keystone/common/rbac_enforcer/enforcer.py:494}}
Jan 16 20:16:31 ubuntu devstack@keystone.service[61767]: DEBUG keystone.common.rbac_enforcer.enforcer [None req-4d6dfc90-a625-4dfe-ad14-b411ff3063ca None admin] RBAC: Authorization granted {{(pid=61767) enforce_call /opt/stack/keystone/keystone/common/rbac_enforcer/enforcer.py:505}}
Jan 16 20:16:31 ubuntu devstack@keystone.service[61767]: [pid: 61767|app: 0|req: 23/46] 10.120.125.138 () {58 vars in 1180 bytes} [Fri Jan 16 20:16:31 2026] GET /identity/v3/domains/default => generated 201 bytes in 66 msecs (HTTP/1.1 200) 5 headers in 177 bytes (1 switches on core 0)
Jan 16 20:16:31 ubuntu devstack@keystone.service[61768]: DEBUG keystone.server.flask.request_processing.middleware.auth_context [None req-cd582533-ae14-41c6-bf1d-62072411a3d5 None admin] Authenticating user token {{(pid=61768) process_request /opt/stack/data/venv/lib/python3.12/site-packages/keystonemiddleware/auth_token/__init__.py:407}}
Jan 16 20:16:31 ubuntu devstack@keystone.service[61768]: DEBUG keystone.server.flask.request_processing.middleware.auth_context [None req-cd582533-ae14-41c6-bf1d-62072411a3d5 None admin] Validating token access rules against request {{(pid=61768) validate_allowed_request /opt/stack/data/venv/lib/python3.12/site-packages/keystonemiddleware/auth_token/__init__.py:545}}
Jan 16 20:16:31 ubuntu devstack@keystone.service[61768]: DEBUG keystone.server.flask.request_processing.middleware.auth_context [None req-cbf28b0a-5e58-446e-a734-dfe9b98c666b None admin] RBAC: auth_context: {'token': <TokenModel (audit_id=Fhe3xIAHTx6lpi0MU7eInw, audit_chain_id=['Fhe3xIAHTx6lpi0MU7eInw']) at 0x70124734fcb0>, 'domain_id': None, 'trust_id': None, 'trustor_id': None, 'trustee_id': None, 'domain_name': None, 'group_ids': [], 'user_id': '42d142594043492cad305766bea91ee9', 'user_domain_id': 'default', 'system_scope': 'all', 'project_id': None, 'project_domain_id': None, 'roles': ['admin', 'manager', 'member', 'reader'], 'is_admin_project': True, 'service_user_id': None, 'service_user_domain_id': None, 'service_project_id': None, 'service_project_domain_id': None, 'service_roles': []} {{(pid=61768) fill_context /opt/stack/keystone/keystone/server/flask/request_processing/middleware/auth_context.py:509}}
Jan 16 20:16:31 ubuntu devstack@keystone.service[61768]: DEBUG keystone.server.flask.request_processing.req_logging [None req-cbf28b0a-5e58-446e-a734-dfe9b98c666b None admin] REQUEST_METHOD: `GET` {{(pid=61768) log_request_info /opt/stack/keystone/keystone/server/flask/request_processing/req_logging.py:26}}
Jan 16 20:16:31 ubuntu devstack@keystone.service[61768]: DEBUG keystone.server.flask.request_processing.req_logging [None req-cbf28b0a-5e58-446e-a734-dfe9b98c666b None admin] SCRIPT_NAME: `/identity` {{(pid=61768) log_request_info /opt/stack/keystone/keystone/server/flask/request_processing/req_logging.py:27}}
Jan 16 20:16:31 ubuntu devstack@keystone.service[61768]: DEBUG keystone.server.flask.request_processing.req_logging [None req-cbf28b0a-5e58-446e-a734-dfe9b98c666b None admin] PATH_INFO: `/v3/role_assignments` {{(pid=61768) log_request_info /opt/stack/keystone/keystone/server/flask/request_processing/req_logging.py:28}}
Jan 16 20:16:31 ubuntu devstack@keystone.service[61767]: DEBUG keystone.server.flask.request_processing.middleware.auth_context [None req-4d6dfc90-a625-4dfe-ad14-b411ff3063ca None admin] Authenticating user token {{(pid=61767) process_request /opt/stack/data/venv/lib/python3.12/site-packages/keystonemiddleware/auth_token/__init__.py:407}}
Jan 16 20:16:31 ubuntu devstack@keystone.service[61768]: DEBUG keystone.common.rbac_enforcer.enforcer [None req-cbf28b0a-5e58-446e-a734-dfe9b98c666b None admin] RBAC: Adding query filter params (role.id=442c0c180476443894b19371521e01f5, scope.domain.id=default, user.id=42d142594043492cad305766bea91ee9) {{(pid=61768) _extract_filter_values /opt/stack/keystone/keystone/common/rbac_enforcer/enforcer.py:176}}
Jan 16 20:16:31 ubuntu devstack@keystone.service[61768]: DEBUG keystone.common.rbac_enforcer.enforcer [None req-cbf28b0a-5e58-446e-a734-dfe9b98c666b None admin] RBAC: Authorizing `identity:list_role_assignments()` {{(pid=61768) enforce_call /opt/stack/keystone/keystone/common/rbac_enforcer/enforcer.py:494}}
Jan 16 20:16:31 ubuntu devstack@keystone.service[61768]: DEBUG keystone.common.rbac_enforcer.enforcer [None req-cbf28b0a-5e58-446e-a734-dfe9b98c666b None admin] RBAC: Authorization granted {{(pid=61768) enforce_call /opt/stack/keystone/keystone/common/rbac_enforcer/enforcer.py:505}}
