"pcp-dstat 6.2.0 CSV Output"
"Author:","PCP team <pcp@groups.io> and Dag Wieers <dag@wieers.com>",,,,"URL:","https://pcp.io/ and http://dag.wieers.com/home-made/dstat/"
"Host:","np0000093991",,,,"User:","ubuntu"
"Cmdline:","dstat -tcmndrylpg --tcp --output /tmp/devstack_logs/dstat-csv.log",,,,"Date:","16 Apr 2026 20:37:06 UTC"
"system","total usage",,,,,"memory usage",,,,"net/total",,"dsk/total",,"io/total",,"system",,"load avg",,,"procs",,,"paging",,"tcp sockets",,,,
"time","total usage:usr","total usage:sys","total usage:idl","total usage:wai","total usage:stl","used","free","buf","cach","net/total:recv","net/total:send","dsk/total:read","dsk/total:writ","read","writ","int","csw","1m","5m","15m","run","blk","new","in","out","lis","act","syn","tim","clo"
16-04 20:37:06,,990320,1687504,162636,4983768,,,,,,,1.240,0.960,0.650,3,0,,,,10,4,0,18,0
16-04 20:37:07,11.208,19.428,66.751,0,0.498,1004144,1673656,162636,4983792,9877.182,3096.458,0,123.539,0,9.963,4544,2886,1.240,0.960,0.650,2,0,222.172,0,0,10,4,0,16,0
16-04 20:37:08,21.524,20.523,55.313,0.250,0.501,1005032,1672424,162684,4984032,19224.779,3829.338,0,268.304,0,9.010,4831,2843,1.240,0.960,0.650,2,0,213.242,0,0,10,5,0,16,0
16-04 20:37:09,25.462,20.719,51.674,0.499,0.749,1001336,1675804,162804,4984188,31557.406,10420.614,0,1182.254,0,35.947,4867,2842,1.240,0.960,0.650,2,0,199.705,0,0,10,6,0,16,0
16-04 20:37:10,17.739,19.488,59.963,0.250,0.500,998888,1678036,162864,4984304,26367.901,7203.602,0,627.617,0,23.985,4532,2518,1.240,0.960,0.650,1,0,174.893,0,0,10,6,0,16,0
16-04 20:37:11,32.840,17.548,47.129,0.501,0.501,1003144,1673124,162992,4984680,31218.628,11939.749,0,1484.071,0,45.124,5068,4621,1.460,1.010,0.670,2,0,140.385,0,0,10,5,0,12,1
16-04 20:37:12,33.237,17.493,47.731,0.500,0,1022260,1653648,163112,4985288,24718.175,10087.990,0,1207.520,0,38.985,5297,4449,1.460,1.010,0.670,2,0,158.937,0,0,10,5,0,12,1
16-04 20:37:13,32.440,16.719,48.411,0.250,0,1023992,1651472,163216,4985104,40225.051,9349.812,0,1062.048,0,32.939,6011,6209,1.460,1.010,0.670,5,0,170.686,0,0,10,4,0,12,2
16-04 20:37:14,34.584,15.538,47.616,1.253,0.251,1037560,1636276,163344,4986440,22596.022,10264.996,1014.470,1519.701,38.093,36.088,5425,5608,1.460,1.010,0.670,2,0,104.254,0,0,10,4,0,12,2
16-04 20:37:15,17.491,9.995,71.212,0,0,1011368,1645592,163412,5002496,173713.109,8656.421,0,8759.366,0,23.987,2160,1062,1.460,1.010,0.670,2,0,11.994,0,0,10,4,0,12,2
16-04 20:37:16,23.254,2.250,73.512,1.000,0,1013156,1630060,164260,5013296,11421.911,1620.271,0,2120.355,0,180.030,1896,1311,1.420,1.010,0.670,1,0,1.000,0,0,10,4,0,12,2
16-04 20:37:17,23.254,1.750,73.762,0.500,0,1018436,1606196,164740,5029360,8664.363,1512.238,0,1280.201,0,31.005,1874,1257,1.420,1.010,0.670,1,0,0,0,0,10,4,0,12,2
16-04 20:37:18,20.929,3.488,73.251,0.997,0.249,1031896,1568708,165452,5050444,6324.486,1614.508,0,2419.769,0,101.654,2112,1739,1.420,1.010,0.670,1,0,0.997,0,0,10,4,0,12,2
16-04 20:37:19,22.321,3.010,73.482,1.505,0,1026368,1543788,166596,5076692,10939.582,1570.966,0,11829.395,0,140.444,2166,1689,1.420,1.010,0.670,1,0,0,0,0,10,4,0,12,2
16-04 20:37:20,21.750,1.750,74.999,0.500,0,1023328,1533040,167420,5087632,47994.520,2891.971,0,2223.978,0,71.999,1973,1435,1.420,1.010,0.670,0,0,0,0,0,10,5,0,12,2
16-04 20:37:21,20.503,2.500,77.011,0.250,0,999312,1574540,167420,5070548,12524.805,3075.443,0,164.024,0,9.001,1581,811,1.390,1.010,0.670,1,0,2.000,0,0,10,2,0,12,0
16-04 20:37:22,18.997,3.499,75.989,0,0,1009092,1564720,167448,5070560,12345.179,2891.574,0,7.999,0,1.000,1875,1011,1.390,1.010,0.670,0,0,32.995,0,0,10,3,0,12,0
16-04 20:37:23,21.750,2.000,75.750,0,0,995244,1572236,167556,5076120,7501.025,2524.008,0,1196.004,0,10.000,1654,938,1.390,1.010,0.670,1,0,3.000,0,0,10,2,0,11,0
16-04 20:37:24,17.002,3.750,78.007,0,0,987256,1573624,167884,5081476,52345.744,4303.390,0,16849.527,0,131.012,1905,1050,1.390,1.010,0.670,1,0,17.002,0,0,10,3,0,11,0
16-04 20:37:25,23.745,5.999,68.485,0.250,0,986904,1573400,168028,5081568,14115.000,153221.438,0,1359.711,0,12.997,11754,21208,1.390,1.010,0.670,1,0,12.997,0,0,10,2,0,11,0
16-04 20:37:26,22.755,5.751,69.767,0,0,978584,1581464,168092,5081720,5841.402,1512.363,0,84.020,0,1.000,11506,21156,1.360,1.010,0.670,2,0,10.002,0,0,10,2,0,11,0
16-04 20:37:27,19.225,5.742,73.653,0.250,0,943588,1629000,168140,5070544,11705.592,1617.870,0,1529.986,0,13.982,1941,1084,1.360,1.010,0.670,2,0,10.986,0,0,10,2,0,10,0
16-04 20:37:28,13.764,1.752,84.086,0.250,0.250,928044,1644532,168140,5070552,9956.138,1567.596,0,676.689,0,13.013,1557,1249,1.360,1.010,0.670,0,0,5.005,0,0,10,2,0,10,0
16-04 20:37:29,0.500,0,98.999,0,0,919756,1652820,168140,5070552,10953.928,1511.990,0,2467.984,0,20.000,530,552,1.360,1.010,0.670,0,0,0,0,0,10,2,0,10,0
16-04 20:37:30,0.747,0.249,98.632,0,0,914816,1657760,168140,5070552,8623.800,1613.974,0,0,0,0,470,522,1.360,1.010,0.670,0,0,0,0,0,10,2,0,10,0
16-04 20:37:31,0.251,0.251,98.842,0,0,910168,1662408,168140,5070552,6859.755,1625.630,0,0,0,0,483,534,1.250,0.990,0.670,0,0,0,0,0,10,2,0,10,0
16-04 20:37:32,10.254,6.002,82.533,0,0.250,904140,1668436,168140,5070552,10817.326,1620.648,0,0,0,0,2504,10691,1.250,0.990,0.670,0,0,36.014,0,0,10,2,0,11,0
16-04 20:37:33,0.250,0,98.986,0,0.250,902996,1669580,168140,5070552,10002.584,1619.771,0,23.997,0,3.000,484,539,1.250,0.990,0.670,0,0,0,0,0,10,2,0,11,0
16-04 20:37:34,0.500,0.500,98.755,0,0,902996,1669580,168140,5070552,12918.683,1566.083,0,116.006,0,2.000,522,550,1.250,0.990,0.670,1,0,0,0,0,10,2,0,11,0
16-04 20:37:35,0.250,2.000,96.492,0,0,902800,1669776,168140,5070552,10158.199,1511.881,0,43256.589,0,632.950,1127,947,1.250,0.990,0.670,0,0,0,0,0,10,2,0,11,0
16-04 20:37:36,0.500,0.250,98.755,0,0,902800,1669776,168140,5070552,11146.549,1620.080,0,0,0,0,492,524,1.150,0.980,0.660,0,0,0,0,0,10,2,0,10,0
16-04 20:37:37,0.500,0.500,98.986,0,0,902216,1670360,168140,5070552,10131.546,1619.768,0,0,0,0,508,537,1.150,0.980,0.660,0,0,0,0,0,10,2,0,10,0
16-04 20:37:38,0.250,0,98.498,0,0,900800,1671776,168140,5070552,6006.856,1619.961,0,0,0,0,497,579,1.150,0.980,0.660,0,0,1.000,0,0,10,2,0,10,0
16-04 20:37:39,0.500,0.250,98.773,0.250,0,898452,1674120,168140,5070556,6755.596,1566.370,0,592.140,0,3.001,473,561,1.150,0.980,0.660,0,0,0,0,0,10,2,0,10,0
16-04 20:37:40,0.500,0.250,98.738,0,0,893044,1679528,168140,5070556,10236.718,1619.797,0,219.972,0,1.000,488,531,1.150,0.980,0.660,0,0,0,0,0,10,2,0,10,0
16-04 20:37:41,0.750,0.750,98.506,0,0,889328,1683212,168140,5070588,8711.490,1512.085,0,4.000,0,1.000,577,549,1.060,0.960,0.660,0,0,0,0,0,10,2,0,10,0
16-04 20:37:42,0.250,0,98.778,0,0,886044,1686496,168140,5070588,11675.254,1620.452,0,0,0,0,551,547,1.060,0.960,0.660,0,0,0,0,0,10,2,0,10,0
16-04 20:37:43,0.500,0,98.727,0,0,883452,1689088,168140,5070588,12054.229,1619.628,0,0,0,0,517,542,1.060,0.960,0.660,0,0,0,0,0,10,2,0,10,0
16-04 20:37:44,0.250,0.500,98.732,0,0,881152,1691260,168140,5070716,10370.108,1565.714,0,51.991,0,2.000,501,541,1.060,0.960,0.660,0,0,0,0,0,10,2,0,10,0
16-04 20:37:45,0.250,0.500,98.769,0,0,879196,1693216,168140,5070716,11410.187,1512.290,0,48.009,0,2.000,519,544,1.060,0.960,0.660,0,0,0,0,0,10,2,0,10,0
16-04 20:37:46,0.750,0,98.981,0,0,877212,1695200,168140,5070716,6556.709,1619.681,0,0,0,0,445,538,0.970,0.940,0.660,0,0,0,0,0,10,2,0,10,0
16-04 20:37:47,0,0.250,98.712,0,0,875504,1696908,168140,5070716,6167.643,1619.381,0,3.998,0,1.000,500,575,0.970,0.940,0.660,0,0,0,0,0,10,2,0,10,0
16-04 20:37:48,0.500,0.750,98.559,0,0.250,874988,1697424,168140,5070716,11491.833,1620.964,0,0,0,0,550,588,0.970,0.940,0.660,0,0,1.001,0,0,10,2,0,10,0
16-04 20:37:49,0.750,0,98.729,0,0,874924,1697660,168144,5070712,9762.959,1457.695,0,39.992,0,2.999,505,557,0.970,0.940,0.660,0,0,0,0,0,10,2,0,10,0
16-04 20:37:50,0.250,4.251,94.012,0.250,0,872064,1700616,168144,5070716,44937.525,1188.146,0,80313.875,0,339.042,1519,1349,0.970,0.940,0.660,0,0,0,0,0,10,2,0,10,0
16-04 20:37:51,0.500,0.500,98.727,0,0,871456,1701224,168144,5070716,8041.159,1565.642,0,3.999,0,1.000,500,553,0.890,0.930,0.650,0,0,0,0,0,10,2,0,10,0
16-04 20:37:52,0.500,0.250,98.749,0,0,871456,1701224,168144,5070716,10305.892,1457.985,0,0,0,0,522,556,0.890,0.930,0.650,0,0,0,0,0,10,2,0,9,0
16-04 20:37:53,0.250,0.500,98.778,0,0,871456,1701224,168144,5070716,10073.858,1620.460,0,4.001,0,1.000,510,550,0.890,0.930,0.650,0,0,0,0,0,10,2,0,9,0
16-04 20:37:54,0.250,0,98.729,0,0,871532,1701144,168148,5070716,41628.095,1511.677,0,1251.732,0,2.999,544,562,0.890,0.930,0.650,0,0,0,0,0,10,2,0,9,0
16-04 20:37:55,0.750,0.250,98.937,0,0,871476,1701224,168148,5070720,4990.798,1241.204,0,223.856,0,41.973,473,567,0.890,0.930,0.650,3,0,0,0,0,10,2,0,9,0
16-04 20:37:56,7.005,2.002,90.069,0,0,880264,1692432,168148,5070724,142443.517,3370.591,0,4147.189,0,26.020,1177,848,0.980,0.940,0.660,0,0,4.003,0,0,10,2,0,4,0
16-04 20:37:57,15.757,4.502,77.533,1.000,0,889596,1683064,168152,5070756,294532.974,11430.889,108.046,8.003,5.002,1.000,2512,1406,0.980,0.940,0.660,0,0,26.011,0,0,10,2,0,4,0
16-04 20:37:58,14.267,3.254,81.595,0,0,903256,1669328,168152,5070832,303479.514,10524.294,0,4.005,0,1.001,2282,1371,0.980,0.940,0.660,1,0,18.021,0,0,10,2,0,4,0
