"pcp-dstat 6.2.0 CSV Output"
"Author:","PCP team <pcp@groups.io> and Dag Wieers <dag@wieers.com>",,,,"URL:","https://pcp.io/ and http://dag.wieers.com/home-made/dstat/"
"Host:","np0000093828",,,,"User:","ubuntu"
"Cmdline:","dstat -tcmndrylpg --tcp --output /tmp/devstack_logs/dstat-csv.log",,,,"Date:","02 Apr 2026 09:02:41 UTC"
"system","total usage",,,,,"memory usage",,,,"net/total",,"dsk/total",,"io/total",,"system",,"load avg",,,"procs",,,"paging",,"tcp sockets",,,,
"time","total usage:usr","total usage:sys","total usage:idl","total usage:wai","total usage:stl","used","free","buf","cach","net/total:recv","net/total:send","dsk/total:read","dsk/total:writ","read","writ","int","csw","1m","5m","15m","run","blk","new","in","out","lis","act","syn","tim","clo"
02-04 09:02:41,,1041584,1647736,162084,4974372,,,,,,,1.490,1.080,0.670,2,0,,,,10,5,1,11,1
02-04 09:02:42,24.498,21.748,52.745,0.500,0,1038156,1650660,162224,4974612,40573.880,11631.819,0,1347.863,0,41.996,5247,3367,1.490,1.080,0.670,2,0,227.977,0,0,10,4,1,11,2
02-04 09:02:43,26.070,21.057,51.138,0.501,0,1048748,1639792,162312,4974840,20087.236,8965.206,0,8867.944,0,504.362,5182,2803,1.490,1.080,0.670,2,0,211.571,0,0,10,4,1,11,2
02-04 09:02:44,24.251,21.751,51.503,0.500,0,1050288,1621212,162468,4991136,181265.802,11193.667,0,1692.101,0,45.003,4894,2750,1.490,1.080,0.670,3,0,188.011,0,0,10,4,1,11,2
02-04 09:02:45,30.967,22.476,44.452,0.499,0,1053676,1611180,162872,4996488,10202.985,1618.253,0,1630.240,0,63.931,5004,2852,1.490,1.080,0.670,2,0,179.806,0,0,10,4,1,11,2
02-04 09:02:46,39.782,19.266,40.283,0,0,1063940,1590412,163476,5004756,7931.403,1621.309,0,12.010,0,3.002,4740,3735,1.530,1.090,0.680,2,0,141.114,0,0,10,4,1,11,2
02-04 09:02:47,37.820,19.536,42.078,0.250,0,1059604,1577208,163868,5020244,5863.849,1697.140,0,1454.691,0,33.061,4764,4335,1.530,1.090,0.680,3,0,155.287,0,0,10,4,1,11,2
02-04 09:02:48,40.768,15.412,41.265,1.243,0,1054132,1556416,164800,5042688,5737.291,1610.817,0,3579.592,0,139.206,5051,5304,1.530,1.090,0.680,3,0,112.359,0,0,10,4,1,11,2
02-04 09:02:49,39.446,17.839,39.949,1.759,0.251,1068236,1512072,165804,5069024,10117.328,1573.829,799.979,2713.498,23.115,81.405,6104,6501,1.530,1.090,0.680,2,0,156.780,0,0,10,4,1,11,2
02-04 09:02:50,26.967,9.988,61.175,0.749,0,1048300,1521304,166428,5077332,15409.158,3514.702,215.736,11422.033,14.982,65.919,2820,1571,1.530,1.090,0.680,1,0,21.973,0,0,10,5,1,11,2
02-04 09:02:51,23.019,2.752,74.061,0,0,1018824,1568184,166432,5060316,11852.688,1963.605,0,872.713,0,115.094,1802,852,1.490,1.090,0.680,1,0,2.002,0,0,10,2,1,11,0
02-04 09:02:52,17.235,3.247,78.683,0,0,1020024,1566948,166460,5060324,13660.309,3445.052,0,3.997,0,0.999,1713,916,1.490,1.090,0.680,0,0,32.972,0,0,10,3,1,11,0
02-04 09:02:53,21.997,3.250,73.489,0.250,0,1015336,1565468,166540,5065924,12715.094,1805.729,0,1235.815,0,9.999,1688,965,1.490,1.090,0.680,1,0,2.000,0,0,10,2,1,11,0
02-04 09:02:54,18.011,3.002,78.299,0.250,0,1027568,1551888,166548,5067076,15937.880,4563.829,0,15361.523,0,89.055,1801,1472,1.490,1.090,0.680,1,0,17.011,0,0,10,3,1,11,0
02-04 09:02:55,21.498,5.999,69.992,0.250,0,1026124,1547288,166952,5071416,5799.334,1631.812,0,791.909,0,13.998,12202,21718,1.490,1.090,0.680,1,0,14.998,0,0,10,2,1,11,0
02-04 09:02:56,23.755,5.251,69.765,0,0,1038040,1535116,167016,5071568,9543.018,1694.358,0,84.018,0,1.000,7931,14827,1.450,1.090,0.680,2,0,10.002,0,0,10,2,1,11,0
02-04 09:02:57,19.505,5.751,74.017,0.250,0,974648,1610680,167060,5060488,7897.858,1620.381,0,716.169,0,12.003,1916,1067,1.450,1.090,0.680,1,0,11.003,0,0,10,2,1,11,0
02-04 09:02:58,11.492,1.499,86.440,0,0,945596,1640084,167060,5060316,10247.858,130890.783,0,7.994,0,1.999,1257,764,1.450,1.090,0.680,0,0,3.997,0,0,10,2,1,11,0
02-04 09:02:59,0.250,1.500,97.477,0,0,921760,1663916,167060,5060316,10098.625,1565.632,0,10721.478,0,142.966,769,746,1.450,1.090,0.680,0,0,0,0,0,10,2,1,11,0
02-04 09:03:00,0.500,0.500,98.528,0,0,918340,1667336,167060,5060316,8679.441,1620.456,0,28.008,0,3.001,510,565,1.450,1.090,0.680,0,0,0,0,0,10,2,1,11,0
02-04 09:03:01,0.250,0,98.748,0,0,914928,1670748,167060,5060316,10476.788,1619.967,0,0,0,0,536,568,1.330,1.070,0.680,0,0,0,0,0,10,2,1,9,0
02-04 09:03:02,0.750,0.250,99.255,0,0,910088,1675584,167060,5060320,8663.432,1620.081,0,0,0,0,513,570,1.330,1.070,0.680,0,0,0,0,0,10,2,1,9,0
02-04 09:03:03,0,0.500,98.483,0,0,908148,1677520,167064,5060320,41671.918,1619.725,0,979.833,0,2.000,524,561,1.330,1.070,0.680,1,0,0,0,0,10,2,1,9,0
02-04 09:03:04,0.750,0.750,98.240,0,0,905856,1679812,167064,5060320,10099.929,1619.828,0,11002.833,0,39.996,680,685,1.330,1.070,0.680,0,0,0,0,0,10,2,1,9,0
02-04 09:03:05,0.250,0.250,98.513,0,0,902156,1683512,167064,5060320,8079.067,1620.214,0,0,0,0,515,599,1.330,1.070,0.680,0,0,1.000,0,0,10,2,1,9,0
02-04 09:03:06,0.250,0.500,98.727,0,0,898916,1686752,167064,5060320,10031.650,1457.659,0,3.999,0,1.000,497,566,1.230,1.050,0.680,0,0,0,0,0,10,2,1,9,0
02-04 09:03:07,0.250,0.250,98.764,0,0,897380,1688288,167064,5060320,7788.113,1620.231,0,2260.323,0,14.002,497,566,1.230,1.050,0.680,0,0,0,0,0,10,2,1,9,0
02-04 09:03:08,0.500,0.500,98.502,0,0,894736,1690932,167064,5060320,9727.167,1620.028,0,264.005,0,2.000,502,556,1.230,1.050,0.680,0,0,0,0,0,10,2,1,9,0
02-04 09:03:09,0.250,1.249,97.959,0,0,893560,1692108,167064,5060320,6890.104,1457.388,0,18976.025,0,98.958,757,804,1.230,1.050,0.680,0,0,0,0,0,10,2,1,9,0
02-04 09:03:10,0.500,0.500,98.549,0,0,892024,1693644,167064,5060320,9057.494,1620.804,0,4.002,0,1.000,498,555,1.230,1.050,0.680,0,0,0,0,0,10,2,1,9,0
02-04 09:03:11,0.500,0.250,98.980,0,0,889776,1695892,167064,5060320,7309.548,1619.678,0,0,0,0,432,550,1.130,1.040,0.670,0,0,0,0,0,10,2,1,9,0
02-04 09:03:12,0,0.250,99.011,0,0,886940,1698728,167064,5060320,10348.201,1532.178,0,4.000,0,1.000,524,574,1.130,1.040,0.670,0,0,0,0,0,10,2,1,9,0
02-04 09:03:13,0.500,0.500,98.278,0,0,884584,1701080,167068,5060320,8214.306,1620.455,0,484.136,0,2.001,504,568,1.130,1.040,0.670,0,0,0,0,0,10,2,1,9,0
02-04 09:03:14,0.250,0.500,98.240,0.500,0,882804,1702860,167068,5060320,9979.983,1619.835,0,13302.645,0,440.955,676,640,1.130,1.040,0.670,0,0,0,0,0,10,2,1,9,0
02-04 09:03:15,0.750,0.750,98.746,0,0,880640,1705020,167068,5060324,9517.590,1619.930,0,0,0,0,574,606,1.130,1.040,0.670,0,0,1.000,0,0,10,2,1,9,0
02-04 09:03:16,0,0.250,98.990,0,0,878512,1707148,167068,5060324,11514.881,1457.858,0,4.000,0,1.000,486,571,1.040,1.020,0.670,0,0,0,0,0,10,2,1,9,0
02-04 09:03:17,0.750,0.500,98.765,0,0,876472,1709188,167068,5060324,9491.485,1620.253,0,0,0,0,500,566,1.040,1.020,0.670,0,0,0,0,0,10,2,1,9,0
02-04 09:03:18,0.250,0.250,98.745,0,0,875224,1710436,167068,5060324,6006.673,1619.912,0,8.000,0,1.000,430,540,1.040,1.020,0.670,0,0,0,0,0,10,2,1,9,0
02-04 09:03:19,0.250,3.750,94.739,0.250,0,875512,1710404,167068,5060324,5683.354,1619.816,0,73403.651,0,295.966,1226,1208,1.040,1.020,0.670,0,0,0,0,0,10,2,1,9,0
02-04 09:03:20,0.250,0.500,99.000,0,0,875392,1710532,167068,5060324,10389.032,1620.005,0,96.000,0,15.000,516,571,1.040,1.020,0.670,0,0,0,0,0,10,2,1,9,0
02-04 09:03:21,0.250,0.250,98.500,0,0,875328,1710596,167068,5060324,7399.978,809.998,0,0,0,0,486,560,0.950,1,0.660,0,0,0,0,0,10,2,1,9,0
02-04 09:03:22,0.250,0.250,99.178,0,0,875328,1710596,167068,5060324,9291.262,1295.061,0,3.997,0,0.999,515,554,0.950,1,0.660,0,0,0,0,0,10,2,1,9,0
02-04 09:03:23,0.500,0.250,98.825,0,0,875328,1710596,167068,5060324,11486.682,1621.225,0,0,0,0,507,540,0.950,1,0.660,0,0,0,0,0,10,2,1,9,0
02-04 09:03:24,0.250,0.750,98.252,0,0,875348,1710596,167068,5060324,9560.173,1620.029,0,1132.020,0,4.000,545,590,0.950,1,0.660,0,0,0,0,0,10,2,1,9,0
02-04 09:03:25,0.500,1.000,98.247,0,0,875348,1710596,167068,5060324,7801.742,1457.952,0,10943.639,0,71.998,747,766,0.950,1,0.660,0,0,1.000,0,0,10,2,1,8,0
02-04 09:03:26,0.750,0.250,98.512,0,0,875348,1710596,167068,5060324,6265.749,1620.194,0,0,0,0,453,541,0.880,0.980,0.660,0,0,0,0,0,10,2,1,8,0
02-04 09:03:27,0.250,0.250,98.720,0,0,875348,1710596,167068,5060324,7494.736,1619.511,0,0,0,0,490,573,0.880,0.980,0.660,0,0,0,0,0,10,2,1,8,0
02-04 09:03:28,11.249,4.750,83.992,0,0,871060,1714884,167068,5060324,10951.004,809.926,0,4.000,0,1.000,2022,10251,0.880,0.980,0.660,0,0,35.997,0,0,10,2,1,9,0
02-04 09:03:29,14.528,2.505,82.161,0,0,874100,1711888,167068,5060324,287186.922,7210.108,0,284.557,0,2.004,1847,1159,0.880,0.980,0.660,1,0,7.014,0,0,10,2,1,4,0
02-04 09:03:30,12.238,4.995,81.671,0.500,0,891796,1694072,167072,5060440,296576.335,13485.011,107.896,103.900,4.995,4.995,2603,1553,0.880,0.980,0.660,1,0,31.969,0,0,10,2,1,4,0
02-04 09:03:31,15.244,7.247,76.722,0,0,888440,1697312,167072,5060556,152830.345,5719.917,0,271.901,0,37.986,2529,1389,0.890,0.990,0.660,1,0,27.990,0,0,10,2,1,4,0
