"pcp-dstat 6.2.0 CSV Output"
"Author:","PCP team <pcp@groups.io> and Dag Wieers <dag@wieers.com>",,,,"URL:","https://pcp.io/ and http://dag.wieers.com/home-made/dstat/"
"Host:","np0000094214",,,,"User:","ubuntu"
"Cmdline:","dstat -tcmndrylpg --tcp --output /tmp/devstack_logs/dstat-csv.log",,,,"Date:","02 Jun 2026 15:58:23 UTC"
"system","total usage",,,,,"memory usage",,,,"net/total",,"dsk/total",,"io/total",,"system",,"load avg",,,"procs",,,"paging",,"tcp sockets",,,,
"time","total usage:usr","total usage:sys","total usage:idl","total usage:wai","total usage:stl","used","free","buf","cach","net/total:recv","net/total:send","dsk/total:read","dsk/total:writ","read","writ","int","csw","1m","5m","15m","run","blk","new","in","out","lis","act","syn","tim","clo"
02-06 15:58:23,,1045112,1612004,162860,5004384,,,,,,,1.640,1.120,0.660,1,0,,,,10,4,0,17,0
02-06 15:58:24,27.204,22.212,48.916,0,0,1007672,1647756,162896,5005920,235613.474,7358.429,0,1621.230,0,166.715,6070,4435,1.640,1.120,0.660,2,0,289.505,0,0,10,4,0,17,0
02-06 15:58:25,34.641,20.685,42.617,0,0,1024020,1631072,162896,5006244,13661.208,3096.301,0,3.988,0,0.997,5144,2961,1.750,1.150,0.670,3,0,229.282,0,0,10,5,0,13,0
02-06 15:58:26,27.542,21.533,50.077,0.250,0,1003572,1651500,162908,5006236,25735.484,5641.656,0,388.596,0,19.029,4856,2747,1.750,1.150,0.670,1,0,200.307,0,0,10,5,0,13,0
02-06 15:58:27,34.828,16.788,46.104,0.501,0,992860,1661824,163036,5006364,27828.621,11166.126,0,1266.851,0,37.083,4729,3813,1.750,1.150,0.670,2,0,143.323,0,0,10,6,0,13,0
02-06 15:58:28,26.267,21.514,49.281,1.001,1.001,1003312,1650792,163188,5007156,37839.076,13406.530,0,1548.986,0,49.031,5254,4104,1.750,1.150,0.670,2,0,194.124,0,0,10,6,0,13,0
02-06 15:58:29,39.668,12.225,46.155,0.249,0,1015088,1638476,163296,5007064,22783.176,9728.007,0,1021.900,0,30.936,5083,4863,1.750,1.150,0.670,2,0,115.762,0,0,10,5,0,13,1
02-06 15:58:30,33.071,17.287,47.101,2.004,0,1015208,1636964,163444,5008136,40764.606,12382.611,797.714,1595.429,23.050,45.097,5793,6393,1.770,1.170,0.680,2,0,145.312,0,0,10,5,0,11,1
02-06 15:58:31,29.926,12.719,55.115,0.499,0,1014436,1636740,163536,5008660,20974.457,8769.450,215.470,9305.133,14.963,35.912,3112,1439,1.770,1.170,0.680,1,0,27.931,0,0,10,4,0,11,2
02-06 15:58:32,13.002,1.500,84.516,0.500,0,1006856,1627580,163644,5024752,178226.909,8653.646,0,1040.198,0,27.005,1255,808,1.770,1.170,0.680,1,0,0,0,0,10,4,0,11,2
02-06 15:58:33,23.254,2.000,73.514,0.750,0,1009236,1611284,164492,5035688,9631.774,1620.298,0,1412.260,0,68.013,1840,1274,1.770,1.170,0.680,1,0,1.000,0,0,10,4,0,11,2
02-06 15:58:34,22.995,2.250,73.735,0.250,0,1011076,1590992,165000,5051592,7785.433,1457.707,0,1275.743,0,30.994,1780,1194,1.770,1.170,0.680,1,0,0,0,0,10,4,0,11,2
02-06 15:58:35,22.755,2.000,73.516,1.250,0,1019872,1558160,165692,5072748,5657.260,1620.361,0,2264.504,0,97.022,2000,1637,1.710,1.160,0.680,1,0,1.000,0,0,10,4,0,11,2
02-06 15:58:36,21.747,2.500,73.489,1.000,0,1023832,1523792,166824,5098908,9532.541,1619.752,0,2399.633,0,95.985,1966,1492,1.710,1.160,0.680,1,0,0,0,0,10,4,0,11,2
02-06 15:58:37,23.055,1.754,74.176,1.002,0,1034252,1516588,167628,5093168,9837.342,2104.995,0,2096.976,0,73.174,1924,1413,1.710,1.160,0.680,1,0,0,0,0,10,2,0,11,0
02-06 15:58:38,22.219,2.746,74.146,0,0,1032552,1518376,167656,5093112,8219.418,2110.027,0,19.972,0,1.997,1925,1015,1.710,1.160,0.680,1,0,34.951,0,0,10,3,0,11,0
02-06 15:58:39,18.734,2.748,78.185,0.250,0,1003488,1541592,167776,5098152,20005.441,4304.437,0,1438.809,0,17.985,1495,810,1.710,1.160,0.680,2,0,1.998,0,0,10,2,0,11,0
02-06 15:58:40,23.503,4.251,69.509,0,0,1028116,1514852,167808,5100020,7180.972,1620.219,0,1872.253,0,208.028,7393,14108,1.650,1.160,0.680,2,0,7.001,0,0,10,2,0,11,0
02-06 15:58:41,23.992,5.498,70.227,0,0,1037556,1504804,167820,5100416,13555.649,131309.852,0,91.970,0,1.999,3557,4706,1.650,1.160,0.680,4,0,11.996,0,0,10,2,0,11,0
02-06 15:58:42,20.051,6.266,71.934,0,0,1027100,1515112,167844,5100508,9953.392,1624.143,0,340.870,0,4.010,3891,6201,1.650,1.160,0.680,2,0,15.038,0,0,10,2,0,10,0
02-06 15:58:43,21.194,3.740,74.551,0,0,912912,1637496,167864,5093120,7156.937,1454.127,0,1559.845,0,12.965,1774,975,1.650,1.160,0.680,0,0,4.987,0,0,10,2,0,10,0
02-06 15:58:44,0.250,0,99.234,0,0,899876,1650400,167864,5093252,11599.095,1619.734,0,0,0,0,493,532,1.650,1.160,0.680,0,0,0,0,0,10,2,0,10,0
02-06 15:58:45,0.500,0.500,98.006,0.250,0,889944,1660396,167868,5093236,12945.848,1620.106,0,2800.184,0,26.002,826,1044,1.520,1.140,0.680,0,0,1.000,0,0,10,2,0,10,0
02-06 15:58:46,0.500,0.250,98.752,0,0,888256,1662084,167868,5093236,13390.331,1620.040,0,0,0,0,495,536,1.520,1.140,0.680,0,0,0,0,0,10,2,0,9,0
02-06 15:58:47,0.500,1.500,97.018,0.250,0,885132,1665208,167868,5093236,7498.407,1620.304,0,25960.871,0,598.112,783,825,1.520,1.140,0.680,0,0,0,0,0,10,2,0,9,0
02-06 15:58:48,0,0,99.011,0,0,881384,1668956,167868,5093236,10144.124,1620.180,0,0,0,0,481,530,1.520,1.140,0.680,0,0,0,0,0,10,2,0,9,0
02-06 15:58:49,0.250,0.500,98.743,0,0,878104,1672236,167868,5093236,9478.304,1619.881,0,4.000,0,1.000,473,552,1.520,1.140,0.680,1,0,0,0,0,10,2,0,9,0
02-06 15:58:50,0.750,0.250,98.733,0,0.250,875996,1674352,167868,5093236,5964.952,1619.715,0,575.899,0,3.999,463,562,1.400,1.120,0.680,0,0,0,0,0,10,2,0,9,0
02-06 15:58:51,0.250,0.500,99.002,0,0,874352,1675996,167868,5093236,6437.159,1458.036,0,0,0,0,431,539,1.400,1.120,0.680,0,0,0,0,0,10,2,0,9,0
02-06 15:58:52,0.750,3.250,94.743,0.250,0.250,872544,1677804,167868,5093236,9503.293,1619.879,0,28945.846,0,133.990,1067,944,1.400,1.120,0.680,0,0,6.000,0,0,10,2,0,9,0
02-06 15:58:53,0.750,0.500,98.749,0,0,871284,1679064,167868,5093236,7847.902,1619.980,0,4.000,0,1.000,529,573,1.400,1.120,0.680,1,0,0,0,0,10,2,0,9,0
02-06 15:58:54,0,0.250,99.002,0,0,870184,1680164,167868,5093236,21071.469,1620.036,0,0,0,0,483,528,1.400,1.120,0.680,0,0,0,0,0,10,2,0,9,0
02-06 15:58:55,0.500,0.250,98.418,0,0,870412,1679936,167868,5093236,7516.754,1618.655,0,727.396,0,24.979,560,638,1.290,1.100,0.670,0,0,0.999,0,0,10,2,0,9,0
02-06 15:58:56,0,0.500,98.805,0,0,870636,1679712,167868,5093236,9767.468,1620.907,0,0,0,0,466,538,1.290,1.100,0.670,0,0,0,0,0,10,2,0,9,0
02-06 15:58:57,0.750,0.500,98.506,0,0,870632,1679712,167868,5093240,7589.470,1620.100,0,5252.325,0,26.002,526,599,1.290,1.100,0.670,0,0,0,0,0,10,2,0,9,0
02-06 15:58:58,0.250,0,98.761,0,0,870632,1679712,167868,5093240,8105.876,1620.175,0,0,0,0,485,539,1.290,1.100,0.670,0,0,0,0,0,10,2,0,9,0
02-06 15:58:59,0.250,0.250,98.755,0,0,870632,1679712,167868,5093240,10845.567,1458.076,0,4.000,0,1.000,462,532,1.290,1.100,0.670,0,0,0,0,0,10,2,0,9,0
02-06 15:59:00,0.500,0.500,98.998,0,0,867792,1682552,167868,5093240,9615.767,1619.961,0,0,0,0,480,548,1.180,1.080,0.670,0,0,0,0,0,10,2,0,9,0
02-06 15:59:01,0.500,0.250,98.500,0,0,866812,1683736,167868,5093240,6810.997,1619.999,0,216.000,0,17.000,483,568,1.180,1.080,0.670,0,0,0,0,0,10,2,0,9,0
02-06 15:59:02,0.498,0.249,98.430,0,0,867028,1683520,167868,5093240,11618.261,1614.755,0,83.728,0,0.997,505,550,1.180,1.080,0.670,0,0,0,0,0,10,2,0,9,0
02-06 15:59:03,0,0.502,98.552,0,0,866780,1683768,167868,5093240,6661.400,1624.976,0,0,0,0,481,564,1.180,1.080,0.670,0,0,0,0,0,10,2,0,9,0
02-06 15:59:04,0.750,0.250,99.025,0,0,866776,1683772,167868,5093240,9342.346,1620.407,0,0,0,0,450,531,1.180,1.080,0.670,0,0,0,0,0,10,2,0,9,0
02-06 15:59:05,0,0,98.728,0,0.250,866776,1683772,167868,5093240,7220.412,1619.644,0,3.999,0,1.000,524,608,1.090,1.070,0.660,0,0,1.000,0,0,10,2,0,9,0
02-06 15:59:06,0.250,0.500,98.750,0.250,0,866648,1684020,167868,5093240,5561.999,1458.000,0,132.000,0,16.000,483,566,1.090,1.070,0.660,0,0,0,0,0,10,2,0,9,0
02-06 15:59:07,0.749,1.249,97.634,0,0,866644,1684024,167868,5093240,9524.657,1618.073,0,19952.239,0,85.898,714,756,1.090,1.070,0.660,1,0,0,0,0,10,2,0,9,0
02-06 15:59:08,0.501,3.757,95.171,0,0,866644,1684024,167868,5093240,8984.116,1622.911,0,64804.247,0,275.494,1161,1096,1.090,1.070,0.660,0,0,0,0,0,10,2,0,9,0
02-06 15:59:09,0.250,0,98.995,0,0,866644,1684024,167868,5093240,5721.683,1619.910,0,0,0,0,423,541,1.090,1.070,0.660,1,0,0,0,0,10,2,0,9,0
02-06 15:59:10,0.250,0.500,98.717,0,0,866644,1684024,167868,5093240,9358.826,1619.451,0,0,0,0,487,544,1,1.050,0.660,0,0,0,0,0,10,2,0,9,0
02-06 15:59:11,0.500,0.500,98.982,0,0,866644,1684024,167868,5093240,5478.029,1619.713,0,3.999,0,1.000,459,543,1,1.050,0.660,0,0,0,0,0,10,2,0,6,0
02-06 15:59:12,8.002,1.250,89.527,0,0.250,869160,1681504,167868,5093244,141475.427,3745.123,0,1472.442,0,16.005,1165,840,1,1.050,0.660,0,0,4.001,0,0,10,2,0,6,0
02-06 15:59:13,15.000,3.750,79.749,0.250,0,877668,1672896,167868,5093344,291759.487,10665.835,16.000,71.999,1.000,3.000,2345,1390,1,1.050,0.660,1,0,23.000,0,0,10,2,0,6,0
02-06 15:59:14,13.726,4.243,80.610,0.749,0,880396,1670152,167872,5093356,298823.523,11757.600,91.841,3.993,3.993,0.998,2366,1432,1,1.050,0.660,1,0,19.965,0,0,10,2,0,6,0
