"pcp-dstat 6.2.0 CSV Output"
"Author:","PCP team <pcp@groups.io> and Dag Wieers <dag@wieers.com>",,,,"URL:","https://pcp.io/ and http://dag.wieers.com/home-made/dstat/"
"Host:","np0000094210",,,,"User:","ubuntu"
"Cmdline:","dstat -tcmndrylpg --tcp --output /tmp/devstack_logs/dstat-csv.log",,,,"Date:","02 Jun 2026 13:39:59 UTC"
"system","total usage",,,,,"memory usage",,,,"net/total",,"dsk/total",,"io/total",,"system",,"load avg",,,"procs",,,"paging",,"tcp sockets",,,,
"time","total usage:usr","total usage:sys","total usage:idl","total usage:wai","total usage:stl","used","free","buf","cach","net/total:recv","net/total:send","dsk/total:read","dsk/total:writ","read","writ","int","csw","1m","5m","15m","run","blk","new","in","out","lis","act","syn","tim","clo"
02-06 13:39:59,,1017920,1636400,162208,5006276,,,,,,,1.530,1.190,0.770,1,0,,,,10,6,0,17,0
02-06 13:40:00,21.951,19.706,55.375,0.499,0,1015256,1638452,162348,5006676,33859.690,12482.867,0,1524.564,0,44.899,5178,3921,1.530,1.190,0.770,2,0,236.467,0,0,10,6,0,15,0
02-06 13:40:01,26.494,20.496,49.489,2.250,0,1038224,1615180,162428,5006844,15678.565,7498.357,0,7430.372,0,470.897,5111,3518,1.530,1.190,0.770,1,0,214.953,0,0,10,6,0,15,0
02-06 13:40:02,25.002,20.252,52.755,0.500,0,1033408,1619640,162568,5007064,42733.134,11611.123,0,1504.146,0,52.005,4908,2998,1.570,1.210,0.780,2,0,200.019,0,0,10,5,0,15,1
02-06 13:40:03,31.568,21.045,45.348,0.501,0,1039912,1612712,162664,5007624,16325.188,7905.039,0,1346.903,0,74.160,5571,4935,1.570,1.210,0.780,3,0,198.428,0,0,10,4,0,15,2
02-06 13:40:04,25.700,16.967,56.390,0.250,0,1021408,1623548,162776,5014524,82038.319,9943.646,0,1029.995,0,29.942,4103,2581,1.570,1.210,0.780,3,0,119.767,0,0,10,4,0,11,2
02-06 13:40:05,39.013,18.006,40.013,0.750,0,1009832,1621492,163028,5027512,110039.757,3631.213,0,1576.527,0,50.017,5518,5267,1.570,1.210,0.780,4,0,148.049,0,0,10,4,0,11,2
02-06 13:40:06,39.234,17.743,42.233,0.500,0,1014248,1598680,163928,5042120,6257.421,1511.377,0,1775.268,0,49.979,5238,4671,1.570,1.210,0.780,2,0,152.937,0,0,10,4,0,11,2
02-06 13:40:07,39.499,15.000,43.249,1.500,0,1014480,1582316,164340,5055788,9076.757,1619.957,1011.973,10091.730,37.999,125.997,5321,5055,1.610,1.220,0.790,3,0,88.998,0,0,10,4,0,11,2
02-06 13:40:08,28.501,8.000,61.753,1.500,0,1015872,1553452,165456,5079120,8162.373,1662.076,0,4968.227,0,139.006,2740,1900,1.610,1.220,0.790,1,0,12.001,0,0,10,4,0,11,2
02-06 13:40:09,22.247,2.000,73.242,1.000,0,1005252,1534372,166376,5105296,5900.317,1619.812,0,2767.679,0,191.978,1966,1399,1.610,1.220,0.790,1,0,0,0,0,10,4,0,11,2
02-06 13:40:10,22.250,3.000,74.251,0.500,0,1018160,1532456,166848,5093084,21950.346,2100.033,0,1260.020,0,45.001,1835,1210,1.610,1.220,0.790,1,0,2.000,0,0,10,2,0,11,0
02-06 13:40:11,21.541,3.256,74.140,0,0,1032792,1517788,166876,5093092,7512.175,2646.995,0,0,0,0,1867,958,1.610,1.220,0.790,0,0,33.062,0,0,10,3,0,11,0
02-06 13:40:12,18.758,3.251,76.783,0.250,0,1018192,1525528,166992,5099200,15760.872,3726.625,0,15174.617,0,69.030,1814,1155,1.480,1.200,0.780,1,0,4.002,0,0,10,2,0,11,0
02-06 13:40:13,23.475,5.744,67.928,0,0,1021032,1521672,167004,5099996,9200.263,1618.287,0,0,0,0,11491,20891,1.480,1.200,0.780,1,0,11.987,0,0,10,2,0,11,0
02-06 13:40:14,21.480,5.245,72.434,0,0,1028040,1513880,167064,5100492,5154.296,1510.621,0,87.920,0,0.999,4402,6310,1.480,1.200,0.780,4,0,11.989,0,0,10,2,0,11,0
02-06 13:40:15,20.502,7.001,71.008,0,0,1030380,1511368,167108,5100584,8902.050,1566.185,0,176.021,0,2.000,8449,14354,1.480,1.200,0.780,1,0,15.002,0,0,10,2,0,11,0
02-06 13:40:16,16.486,2.498,79.932,0,0,957612,1592412,167116,5093096,11397.353,131636.579,0,1282.914,0,12.989,1723,1010,1.480,1.200,0.780,0,0,4.996,0,0,10,2,0,11,0
02-06 13:40:17,0.750,1.500,97.275,0,0,957608,1592412,167116,5093100,5965.533,1512.389,0,12143.120,0,124.032,744,787,1.360,1.180,0.780,0,0,0,0,0,10,2,0,11,0
02-06 13:40:18,0.500,0.500,98.987,0,0,957608,1592412,167116,5093100,15857.859,1565.789,0,7.999,0,1.000,551,569,1.360,1.180,0.780,0,0,0,0,0,10,2,0,11,0
02-06 13:40:19,0.250,0.500,98.755,0,0,950064,1599956,167116,5093100,6594.309,1512.071,0,0,0,0,478,561,1.360,1.180,0.780,0,0,0,0,0,10,2,0,11,0
02-06 13:40:20,0.250,0,98.991,0,0,939880,1610136,167116,5093104,9779.083,1619.848,0,0,0,0,499,554,1.360,1.180,0.780,1,0,0,0,0,10,2,0,9,0
02-06 13:40:21,0.250,0.500,98.505,0,0,938052,1611984,167116,5093104,8999.452,1566.079,0,968.049,0,2.000,487,569,1.360,1.180,0.780,0,0,0,0,0,10,2,0,9,0
02-06 13:40:22,0.500,1.000,95.501,2.250,0,924888,1625144,167120,5093104,7368.109,1512.022,0,13176.195,0,48.001,704,726,1.250,1.160,0.780,0,0,1.000,0,0,10,2,0,9,0
02-06 13:40:23,0.250,0.250,98.996,0,0,915076,1634828,167120,5093232,9217.598,1565.932,0,91.996,0,14.999,514,570,1.250,1.160,0.780,0,0,0,0,0,10,2,0,9,0
02-06 13:40:24,0.500,0,98.752,0,0,905604,1644300,167120,5093232,8818.141,1620.026,0,4.000,0,1.000,510,583,1.250,1.160,0.780,0,0,0,0,0,10,2,0,9,0
02-06 13:40:25,0.250,0.250,98.993,0,0,897312,1652592,167120,5093232,9111.351,1511.892,0,2259.839,0,13.999,493,556,1.250,1.160,0.780,0,0,0,0,0,10,2,0,9,0
02-06 13:40:26,0.500,0.500,98.502,0,0,891144,1658760,167120,5093232,7344.136,1620.030,0,0,0,0,473,550,1.250,1.160,0.780,0,0,0,0,0,10,2,0,9,0
02-06 13:40:27,0.500,1.750,95.253,2.250,0,884768,1665136,167120,5093232,9956.323,1620.053,0,21288.690,0,121.004,879,871,1.150,1.140,0.770,0,0,0,0,0,10,2,0,9,0
02-06 13:40:28,0.250,0,98.749,0,0,879824,1670080,167120,5093232,22895.883,1619.992,0,4.000,0,1.000,784,563,1.150,1.140,0.770,0,0,0,0,0,10,2,0,9,0
02-06 13:40:29,0.500,0.500,98.753,0,0,875720,1674184,167120,5093232,6829.208,1620.049,0,0,0,0,467,550,1.150,1.140,0.770,0,0,0,0,0,10,2,0,9,0
02-06 13:40:30,0.500,0,98.736,0,0,872128,1677776,167120,5093232,7049.991,1565.776,0,3.999,0,1.000,464,545,1.150,1.140,0.770,0,0,0,0,0,10,2,0,9,0
02-06 13:40:31,0,0.750,99.012,0,0,868984,1680920,167120,5093232,13278.610,1512.183,0,0,0,0,505,555,1.150,1.140,0.770,0,0,0,0,0,10,2,0,9,0
02-06 13:40:32,0.250,0,98.493,0,0,866740,1683160,167124,5093232,9984.282,1565.887,0,439.968,0,2.000,577,613,1.060,1.120,0.770,0,0,1.000,0,0,10,2,0,9,0
02-06 13:40:33,0.750,0.750,97.762,0.500,0,866980,1682936,167124,5093232,9001.135,1512.191,0,13505.703,0,570.072,683,687,1.060,1.120,0.770,0,0,0,0,0,10,2,0,9,0
02-06 13:40:34,0.250,0,98.744,0,0,864596,1685316,167124,5093236,8994.443,1619.900,0,127.992,0,22.999,497,567,1.060,1.120,0.770,0,0,0,0,0,10,2,0,9,0
02-06 13:40:35,10.500,5.750,83.002,0,0,863040,1686872,167124,5093236,8858.172,1566.030,0,0,0,0,2086,11354,1.060,1.120,0.770,0,0,36.001,0,0,10,2,0,10,0
02-06 13:40:36,0.500,0,99.004,0,0,850628,1699284,167124,5093236,7541.330,1512.066,0,8.000,0,1.000,483,569,1.060,1.120,0.770,0,0,0,0,0,10,2,0,10,0
02-06 13:40:37,0.500,0.500,98.510,0,0,850768,1699284,167124,5093236,11003.165,1620.171,0,52.006,0,3.000,553,573,0.970,1.100,0.760,0,0,0,0,0,10,2,0,9,0
02-06 13:40:38,0.500,3.249,95.718,0.250,0,849708,1700344,167124,5093236,14737.015,1565.470,0,46336.327,0,200.932,1127,997,0.970,1.100,0.760,0,0,0,0,0,10,2,0,9,0
02-06 13:40:39,0.250,0.250,98.779,0,0,849708,1700344,167124,5093236,12140.574,1512.445,0,96.028,0,14.004,543,563,0.970,1.100,0.760,0,0,0,0,0,10,2,0,9,0
02-06 13:40:40,0.500,0.500,98.981,0,0,849708,1700344,167124,5093236,6589.747,1403.733,0,3.999,0,1.000,475,563,0.970,1.100,0.760,0,0,0,0,0,10,2,0,9,0
02-06 13:40:41,0.500,0.500,97.981,0,0,850684,1699336,167124,5093268,9417.220,1187.775,0,0,0,0,572,587,0.970,1.100,0.760,0,0,0,0,0,10,2,0,9,0
02-06 13:40:42,0.750,0.500,98.504,0.250,0,850952,1699088,167124,5093268,8847.345,1620.063,0,824.032,0,3.000,601,623,0.890,1.080,0.760,0,0,1.000,0,0,10,2,0,9,0
02-06 13:40:43,0.250,2.500,96.268,0,0,851204,1698836,167124,5093268,9424.716,1620.295,0,38434.996,0,156.028,931,930,0.890,1.080,0.760,0,0,0,0,0,10,2,0,9,0
02-06 13:40:44,0.500,0.250,98.919,0,0,851204,1698836,167124,5093268,8815.801,1618.678,0,0,0,0,494,577,0.890,1.080,0.760,0,0,0,0,0,10,2,0,9,0
02-06 13:40:45,0.250,0,98.581,0,0,851204,1698836,167124,5093268,5613.592,1621.326,0,100.082,0,15.012,421,560,0.890,1.080,0.760,0,0,0,0,0,10,2,0,6,0
02-06 13:40:46,0.500,0.250,99.260,0,0,851204,1698836,167124,5093268,10454.005,1338.129,0,4.000,0,1.000,492,552,0.890,1.080,0.760,0,0,0,0,0,10,2,0,6,0
02-06 13:40:47,8.750,1.750,88.248,0,0,867072,1682964,167128,5093268,285995.750,7129.819,0,715.982,0,2.000,1502,1083,0.820,1.060,0.750,1,0,7.000,0,0,10,2,0,6,0
02-06 13:40:48,16.004,3.751,78.517,0.750,0,881056,1668864,167132,5093380,150131.255,9832.178,108.024,8.002,5.001,2.000,2331,1346,0.820,1.060,0.750,0,0,27.006,0,0,10,2,0,6,0
02-06 13:40:49,15.995,3.749,79.726,0,0,882200,1667616,167132,5093484,298379.214,9213.197,0,99.970,0,3.999,2199,1289,0.820,1.060,0.750,2,0,17.995,0,0,10,2,0,4,0
