"pcp-dstat 6.2.0 CSV Output"
"Author:","PCP team <pcp@groups.io> and Dag Wieers <dag@wieers.com>",,,,"URL:","https://pcp.io/ and http://dag.wieers.com/home-made/dstat/"
"Host:","np0000094273",,,,"User:","ubuntu"
"Cmdline:","dstat -tcmndrylpg --tcp --output /tmp/devstack_logs/dstat-csv.log",,,,"Date:","08 Jun 2026 14:18:04 UTC"
"system","total usage",,,,,"memory usage",,,,"net/total",,"dsk/total",,"io/total",,"system",,"load avg",,,"procs",,,"paging",,"tcp sockets",,,,
"time","total usage:usr","total usage:sys","total usage:idl","total usage:wai","total usage:stl","used","free","buf","cach","net/total:recv","net/total:send","dsk/total:read","dsk/total:writ","read","writ","int","csw","1m","5m","15m","run","blk","new","in","out","lis","act","syn","tim","clo"
08-06 14:18:04,,992316,1654360,163116,5013820,,,,,,,1.400,1.090,0.700,4,0,,,,10,2,0,11,0
08-06 14:18:05,44.684,22.966,31.453,0,0,1010940,1632248,163292,5016580,24982.821,6373.515,0,1585.640,0,9.985,6242,5518,1.400,1.090,0.700,3,0,412.386,0,0,10,4,0,11,0
08-06 14:18:06,28.755,21.004,48.508,0.250,0,1044088,1597476,163320,5018108,235368.004,6530.110,0,176.030,0,8.001,4934,2740,1.400,1.090,0.700,2,0,198.034,0,0,10,4,0,11,0
08-06 14:18:07,36.772,21.263,41.274,0,0,1054528,1586748,163328,5018384,13656.046,2548.502,0,1188.700,0,153.090,5049,2745,1.450,1.100,0.700,2,0,215.127,0,0,10,4,0,11,0
08-06 14:18:08,37.971,16.238,45.216,0,0,1038596,1602600,163352,5018372,25909.254,5881.518,0,327.750,0,12.990,4748,3884,1.450,1.100,0.700,1,0,135.896,0,0,10,5,0,11,0
08-06 14:18:09,29.541,19.026,49.568,0.250,0,1042828,1598104,163436,5018928,23553.334,10280.112,0,1213.666,0,35.048,4803,3964,1.450,1.100,0.700,1,0,161.221,0,0,10,5,0,11,0
08-06 14:18:10,28.962,13.732,55.177,0.499,0,1009916,1630636,163544,5018668,40279.909,8602.661,0,914.794,0,30.959,4881,5537,1.450,1.100,0.700,2,0,99.868,0,0,10,6,0,11,0
08-06 14:18:11,33.715,16.233,47.201,1.498,0,1017780,1621336,163680,5019840,29016.037,11916.694,795.179,1510.440,22.976,39.959,5763,5837,1.450,1.100,0.700,3,0,157.837,0,0,10,5,0,11,1
08-06 14:18:12,30.317,13.279,54.370,1.002,0,1015044,1623204,163784,5020256,21617.904,9482.011,216.480,10415.079,15.033,37.082,3334,2055,1.490,1.120,0.710,0,0,32.071,0,0,10,5,0,11,1
08-06 14:18:13,16.243,0.500,81.466,0.500,0,1015296,1622516,163904,5020528,41658.457,9429.029,0,1019.571,0,35.985,1407,843,1.490,1.120,0.710,1,0,0,0,0,10,4,0,11,2
08-06 14:18:14,17.500,1.250,80.502,0.500,0,1015000,1622276,164048,5020808,26449.590,11867.265,0,1232.027,0,38.001,1447,828,1.490,1.120,0.710,0,0,0,0,0,10,4,0,11,2
08-06 14:18:15,21.501,1.750,75.502,0.250,0,1016660,1598376,164208,5041928,175241.084,4162.097,0,968.023,0,27.001,1646,900,1.490,1.120,0.710,1,0,1.000,0,0,10,4,0,11,2
08-06 14:18:16,22.509,2.251,73.778,0.750,0,1023688,1575428,165108,5054600,20312.693,1620.614,0,1144.433,0,55.021,1927,1302,1.490,1.120,0.710,1,0,0,0,0,10,4,0,11,2
08-06 14:18:17,23.247,2.000,73.491,0.250,0,1012468,1568508,165548,5070268,11565.559,1511.812,0,3019.624,0,259.968,2013,1266,1.450,1.120,0.710,1,0,0,0,0,10,4,0,11,2
08-06 14:18:18,21.502,3.000,73.756,1.750,0,1013080,1539956,166612,5094352,12177.912,1188.089,0,3008.225,0,132.010,2133,1773,1.450,1.120,0.710,1,0,0,0,0,10,4,0,11,2
08-06 14:18:19,22.474,2.747,72.665,0.749,0,1018056,1506360,167652,5119172,11635.316,1456.287,0,17303.649,0,131.845,2169,1531,1.450,1.120,0.710,1,0,0,0,0,10,4,0,11,2
08-06 14:18:20,22.521,3.003,73.820,1.001,0,1028628,1499512,168456,5112832,9200.683,1993.882,0,2089.972,0,72.068,1974,1421,1.450,1.120,0.710,1,0,0,0,0,10,2,0,10,0
08-06 14:18:21,22.255,3.751,72.767,0,0,1010408,1517856,168476,5112788,9041.093,1620.375,0,24.006,0,2.000,2031,1086,1.450,1.120,0.710,1,0,20.005,0,0,10,2,0,10,0
08-06 14:18:22,18.751,2.750,78.006,0,0,1018312,1504260,168588,5117724,22708.792,135573.696,0,1452.115,0,19.001,1948,973,1.340,1.100,0.710,1,0,18.001,0,0,10,2,0,10,0
08-06 14:18:23,23.060,4.762,70.934,0,0,1014424,1506548,168672,5119084,10189.386,1636.237,0,4.010,0,1.003,9943,17454,1.340,1.100,0.710,2,0,6.016,0,0,10,2,0,10,0
08-06 14:18:24,21.499,4.250,73.246,0,0,1031096,1488680,168696,5120088,12023.263,1565.904,0,251.985,0,3.000,3873,4965,1.340,1.100,0.710,1,0,8.999,0,0,10,2,0,9,0
08-06 14:18:25,23.194,6.734,68.085,0,0,1018964,1500532,168704,5120312,10076.651,1508.355,0,2342.340,0,14.964,9391,17238,1.340,1.100,0.710,2,0,18.954,0,0,10,2,0,9,0
08-06 14:18:26,21.261,3.502,74.040,0.250,0,948336,1579292,168704,5112900,11809.359,1620.873,0,1744.940,0,12.006,1783,922,1.340,1.100,0.710,1,0,1.001,0,0,10,2,0,9,0
08-06 14:18:27,3.995,1.249,94.143,0,0,921868,1605740,168704,5112924,10454.144,1510.287,0,3.995,0,0.999,893,664,1.230,1.080,0.700,0,0,3.995,0,0,10,2,0,9,0
08-06 14:18:28,0.500,0.250,98.787,0,0,916824,1610784,168704,5112924,11022.091,1620.602,0,8.003,0,2.001,520,543,1.230,1.080,0.700,1,0,0,0,0,10,2,0,9,0
08-06 14:18:29,0.250,2.249,96.712,0,0,911200,1616408,168704,5112924,12754.050,1565.392,0,24938.322,0,578.775,987,752,1.230,1.080,0.700,0,0,0,0,0,10,2,0,9,0
08-06 14:18:30,0.500,0.500,98.496,0,0,905984,1621624,168704,5112924,10792.584,1619.938,0,0,0,0,564,547,1.230,1.080,0.700,0,0,0,0,0,10,2,0,9,0
08-06 14:18:31,0.998,1.248,96.084,0,0,900572,1627052,168704,5112924,9787.126,1617.212,0,802.616,0,1.997,833,696,1.230,1.080,0.700,0,0,6.988,0,0,10,2,0,9,0
08-06 14:18:32,0.501,0.501,98.946,0,0,898904,1628720,168704,5112924,12271.311,1623.216,0,0,0,0,554,542,1.130,1.060,0.700,0,0,0,0,0,10,2,0,9,0
08-06 14:18:33,0.750,0.500,98.500,0,0,897444,1630180,168704,5112924,9822.024,1566.004,0,140.000,0,24.000,568,564,1.130,1.060,0.700,0,0,0,0,0,10,2,0,9,0
08-06 14:18:34,0.500,1.250,97.487,0,0,887632,1639988,168704,5112928,11930.370,1619.779,0,28964.043,0,133.982,939,897,1.130,1.060,0.700,0,0,0,0,0,10,2,0,9,0
08-06 14:18:35,0.250,0.250,99.012,0,0,885800,1641820,168704,5112928,10676.243,1566.182,0,8.001,0,1.000,560,548,1.130,1.060,0.700,0,0,0,0,0,10,2,0,9,0
08-06 14:18:36,0.500,0.250,98.492,0,0,885800,1641820,168704,5112928,16526.740,1565.881,0,0,0,0,591,549,1.130,1.060,0.700,0,0,0,0,0,10,2,0,9,0
08-06 14:18:37,0.500,0.250,98.761,0,0,885800,1641820,168704,5112928,12315.321,1566.168,0,524.056,0,2.000,589,579,1.040,1.040,0.700,0,0,0,0,0,10,2,0,9,0
08-06 14:18:38,0.500,0,98.485,0,0,885800,1641820,168704,5112928,10108.425,1511.764,0,95.985,0,13.998,555,554,1.040,1.040,0.700,0,0,0,0,0,10,2,0,9,0
08-06 14:18:39,0.500,0.750,98.746,0,0,885800,1641820,168704,5112928,9169.601,1619.930,0,5239.772,0,23.999,605,596,1.040,1.040,0.700,0,0,0,0,0,10,2,0,9,0
08-06 14:18:40,0.250,0,98.513,0,0,885800,1641820,168704,5112928,12664.640,1512.196,0,4.001,0,1.000,575,544,1.040,1.040,0.700,0,0,0,0,0,10,2,0,9,0
08-06 14:18:41,0.750,0.500,98.506,0,0,883440,1644180,168704,5112928,23663.361,1566.090,0,4.000,0,1.000,652,634,1.040,1.040,0.700,0,0,1.000,0,0,10,2,0,9,0
08-06 14:18:42,0,0.750,98.754,0,0,873620,1654220,168704,5112928,12067.502,1620.067,0,112.005,0,3.000,613,580,1.040,1.040,0.700,0,0,0,0,0,10,2,0,9,0
08-06 14:18:43,0.750,0,98.476,0,0,873620,1654220,168704,5112928,11001.371,1511.639,0,0,0,0,539,537,1.040,1.040,0.700,0,0,0,0,0,10,2,0,9,0
08-06 14:18:44,0,0.500,99.003,0,0,869816,1658024,168704,5112928,8450.298,1566.055,0,180.006,0,16.001,542,567,1.040,1.040,0.700,0,0,0,0,0,10,2,0,9,0
08-06 14:18:45,8.003,3.501,87.527,0,0,870040,1657800,168704,5115796,13981.373,1512.473,0,0,0,0,1603,5534,1.040,1.040,0.700,2,0,36.011,0,0,10,2,0,9,0
08-06 14:18:46,2.500,1.250,95.234,0,0,841404,1686436,168704,5112928,9867.362,1565.740,0,3.999,0,1.000,1078,3432,1.040,1.040,0.700,0,0,0,0,0,10,2,0,10,0
08-06 14:18:47,0.500,0.250,98.500,0.250,0,841508,1686436,168704,5112928,12281.034,1620.005,0,40.000,0,3.000,564,563,0.950,1.020,0.690,0,0,0,0,0,10,2,0,10,0
08-06 14:18:48,0.250,0.250,99.266,0,0,841508,1686436,168704,5112928,10131.584,1620.253,0,0,0,0,541,545,0.950,1.020,0.690,0,0,0,0,0,10,2,0,10,0
08-06 14:18:49,0.500,0.250,98.485,0,0,841508,1686436,168704,5112928,12624.057,1619.751,0,95.985,0,15.998,553,544,0.950,1.020,0.690,0,0,0,0,0,10,2,0,9,0
08-06 14:18:50,0,5.000,94.499,0,0,839888,1688056,168704,5112928,9939.937,1607.990,0,83287.472,0,358.998,1506,1332,0.950,1.020,0.690,0,0,0,0,0,10,2,0,9,0
08-06 14:18:51,0.750,0.250,98.510,0,0,840640,1687300,168704,5112932,9117.905,1662.165,0,0,0,0,572,598,0.950,1.020,0.690,0,0,1.000,0,0,10,2,0,9,0
08-06 14:18:52,0,0.250,98.987,0,0,840636,1687300,168704,5112936,8468.916,1565.800,0,7.999,0,2.000,572,567,0.880,1.010,0.690,0,0,0,0,0,10,2,0,9,0
08-06 14:18:53,7.265,0.752,91.186,0,0,856480,1671456,168704,5112936,143878.097,3260.642,0,1274.597,0,4.008,1093,820,0.880,1.010,0.690,1,0,3.006,0,0,10,2,0,6,0
08-06 14:18:54,14.970,3.493,80.338,0,0,872336,1655600,168704,5112936,294148.513,10117.586,0,0,0,0,2367,1359,0.880,1.010,0.690,1,0,21.956,0,0,10,2,0,6,0
08-06 14:18:55,12.251,4.500,81.508,1.000,0,884300,1643524,168708,5113044,305013.198,12821.227,108.010,9264.887,5.000,95.009,2579,1632,0.880,1.010,0.690,1,0,22.002,0,0,10,2,0,6,0
