"pcp-dstat 6.2.0 CSV Output"
"Author:","PCP team <pcp@groups.io> and Dag Wieers <dag@wieers.com>",,,,"URL:","https://pcp.io/ and http://dag.wieers.com/home-made/dstat/"
"Host:","np0000094085",,,,"User:","ubuntu"
"Cmdline:","dstat -tcmndrylpg --tcp --output /tmp/devstack_logs/dstat-csv.log",,,,"Date:","27 Apr 2026 11:12:21 UTC"
"system","total usage",,,,,"memory usage",,,,"net/total",,"dsk/total",,"io/total",,"system",,"load avg",,,"procs",,,"paging",,"tcp sockets",,,,
"time","total usage:usr","total usage:sys","total usage:idl","total usage:wai","total usage:stl","used","free","buf","cach","net/total:recv","net/total:send","dsk/total:read","dsk/total:writ","read","writ","int","csw","1m","5m","15m","run","blk","new","in","out","lis","act","syn","tim","clo"
27-04 11:12:21,,1020576,1643748,163648,4996188,,,,,,,1.800,1.120,0.670,2,0,,,,10,6,0,15,0
27-04 11:12:22,12.466,20.195,65.074,0,0,1028228,1635948,163696,4996284,17884.579,5034.370,0,422.855,0,11.968,4759,2973,1.800,1.120,0.670,2,0,222.398,0,0,10,5,0,15,1
27-04 11:12:23,10.766,20.280,67.601,0,0,1027560,1636480,163740,4996340,14170.196,3144.704,0,500.749,0,18.027,4680,3330,1.730,1.120,0.670,1,0,212.318,0,0,10,4,0,15,2
27-04 11:12:24,9.733,20.215,68.131,0.250,0,1022504,1641340,163748,4996464,11382.119,2420.772,0,227.602,0,9.983,4468,2567,1.730,1.120,0.670,1,0,193.662,0,0,10,4,0,15,2
27-04 11:12:25,10.764,19.776,67.590,0,0,1024892,1638908,163760,4996496,7544.058,2434.245,0,1610.147,0,65.087,4453,2535,1.730,1.120,0.670,1,0,179.239,0,0,10,4,0,11,2
27-04 11:12:26,18.505,16.755,64.269,0,0,1013072,1650692,163760,4996504,5453.573,1620.467,0,12.003,0,3.001,3935,4099,1.730,1.120,0.670,1,0,138.040,0,0,10,4,0,11,2
27-04 11:12:27,16.246,18.245,63.982,0,0,1019660,1644084,163760,4996944,11650.780,1619.552,0,7.998,0,1.999,4144,3224,1.730,1.120,0.670,1,0,152.958,0,0,10,4,0,11,2
27-04 11:12:28,20.755,15.754,62.264,0,0,992096,1671576,163760,4996520,9941.262,1620.369,0,20.005,0,2.000,5008,5213,1.670,1.120,0.670,1,0,109.025,0,0,10,4,0,11,2
27-04 11:12:29,18.228,13.484,61.427,4.495,0,1011648,1651156,163780,4997332,11634.146,2425.112,651.225,6376.407,18.977,457.455,5551,6079,1.670,1.120,0.670,2,0,120.856,0,0,10,4,0,11,2
27-04 11:12:30,11.011,11.512,71.073,5.005,0,1012720,1649404,163804,4997788,13145.552,2363.436,360.372,9465.758,19.020,138.142,2781,1631,1.670,1.120,0.670,2,0,48.050,0,0,10,4,0,11,2
27-04 11:12:31,11.000,4.500,83.998,0.250,0,1001784,1660216,163832,4997900,14606.650,4204.899,0,743.982,0,6.000,1475,874,1.670,1.120,0.670,1,0,12.000,0,0,10,4,0,11,2
27-04 11:12:32,3.751,0.500,95.266,0.250,0,999488,1662336,163868,4997992,13527.208,4563.745,0,400.065,0,14.002,699,682,1.670,1.120,0.670,0,0,0,0,0,10,4,0,11,2
27-04 11:12:33,14.500,1.000,83.501,0,0,1004460,1657208,163912,4998072,12632.149,5573.066,0,452.005,0,15.000,1174,752,1.620,1.110,0.680,0,0,1.000,0,0,10,4,0,11,2
27-04 11:12:34,6.499,1.000,91.483,0.250,0,1004368,1657208,163952,4998120,15551.040,4781.090,0,9878.120,0,48.991,946,742,1.620,1.110,0.680,0,0,0,0,0,10,4,0,11,2
27-04 11:12:35,3.500,0.250,95.493,0.250,0,1004220,1657208,163980,4998200,20437.409,4070.683,0,571.955,0,10.999,713,646,1.620,1.110,0.680,0,0,0,0,0,10,4,0,11,2
27-04 11:12:36,6.000,0.750,92.500,0.250,0,1004876,1656452,164028,4998252,22803.070,4247.013,0,376.001,0,15.000,764,656,1.620,1.110,0.680,0,0,0,0,0,10,4,0,11,2
27-04 11:12:37,7.501,0.500,91.508,0,0,1011680,1649396,164080,4998396,17031.560,5646.517,0,476.044,0,15.001,867,662,1.620,1.110,0.680,0,0,0,0,0,10,4,0,11,2
27-04 11:12:38,9.750,1.000,87.999,0.250,0,1027684,1633268,164116,4998448,11363.893,3969.963,0,311.997,0,10.000,933,631,1.490,1.100,0.670,1,0,0,0,0,10,4,0,11,2
27-04 11:12:39,4.495,0.250,94.655,0.250,0,1027572,1633268,164140,4998528,15891.054,4042.943,0,311.687,0,8.991,722,645,1.490,1.100,0.670,0,0,0,0,0,10,4,0,11,2
27-04 11:12:40,7.999,1.750,89.486,0.250,0,1027324,1633268,164200,4998668,16519.409,5660.112,0,15525.565,0,85.987,1142,925,1.490,1.100,0.670,0,0,0,0,0,10,4,0,11,2
27-04 11:12:41,22.782,2.003,74.104,0.751,0,1027684,1612420,164468,5017828,175927.407,134402.010,0,1630.293,0,55.077,1843,1132,1.490,1.100,0.670,1,0,1.001,0,0,10,4,0,10,2
27-04 11:12:42,22.753,2.500,73.758,0.500,0,1035380,1585132,165416,5033904,10202.124,1620.179,0,1856.205,0,54.006,1873,1375,1.490,1.100,0.670,1,0,0,0,0,10,4,0,10,2
27-04 11:12:43,23.499,2.000,73.247,0.500,0,1044164,1552020,165856,5055540,10530.624,1619.942,0,3203.886,0,43.998,1911,1320,1.450,1.090,0.670,2,0,1.000,0,0,10,4,0,10,2
27-04 11:12:44,21.239,3.248,73.711,1.749,0,1041048,1536852,166308,5070756,6764.440,1619.148,0,3386.218,0,139.926,2144,1903,1.450,1.090,0.670,1,0,0,0,0,10,4,0,10,2
27-04 11:12:45,22.007,3.251,73.022,1.000,0,1035584,1515056,167184,5094836,10363.177,1620.497,0,29036.901,0,196.060,2230,1602,1.450,1.090,0.670,1,0,0,0,0,10,4,0,9,2
27-04 11:12:46,18.999,1.500,78.244,0.500,0,1048456,1512908,167668,5082776,18324.680,4412.682,0,2235.839,0,140.990,1585,1050,1.450,1.090,0.670,2,0,0,0,0,10,2,0,9,0
27-04 11:12:47,22.553,3.508,73.672,0,0,1021296,1540040,167688,5082784,46884.366,1623.788,0,8.019,0,2.005,1926,953,1.450,1.090,0.670,1,0,19.044,0,0,10,2,0,9,0
27-04 11:12:48,19.212,2.495,77.347,0,0,1032720,1523020,167996,5087684,14061.242,3962.178,0,1377.281,0,8.982,1650,909,1.410,1.090,0.680,3,0,16.967,0,0,10,2,0,9,0
27-04 11:12:49,22.253,3.250,73.511,0,0,1024596,1530152,168016,5088516,7713.142,1620.240,0,0,0,0,1749,990,1.410,1.090,0.680,2,0,18.003,0,0,10,2,0,9,0
27-04 11:12:50,17.753,2.750,78.764,0.250,0,1021996,1526024,168444,5093600,18048.108,4639.799,0,7145.231,0,42.007,2622,2980,1.410,1.090,0.680,2,0,6.001,0,0,10,2,0,9,0
27-04 11:12:51,21.748,5.999,70.492,0,0,1012672,1534696,168512,5094060,10297.817,1619.814,0,83.990,0,1.000,11477,20639,1.410,1.090,0.680,1,0,8.999,0,0,10,2,0,9,0
27-04 11:12:52,22.301,6.014,69.660,0,0,1021108,1526156,168560,5094116,10523.106,1623.720,0,84.193,0,1.002,10442,18990,1.410,1.090,0.680,1,0,14.032,0,0,10,2,0,9,0
27-04 11:12:53,20.698,4.489,73.567,0.249,0,969796,1589880,168568,5083000,7737.704,1615.970,0,1472.328,0,12.968,1805,1100,1.380,1.090,0.680,1,0,6.983,0,0,10,2,0,9,0
27-04 11:12:54,5.747,0.750,92.955,0,0,937500,1622152,168568,5083024,10824.730,1619.212,0,3.998,0,1.000,773,652,1.380,1.090,0.680,0,0,3.998,0,0,10,2,0,9,0
27-04 11:12:55,0.250,0.500,99.032,0,0,937752,1621900,168568,5083024,9890.194,1620.523,0,0,0,0,467,529,1.380,1.090,0.680,0,0,0,0,0,10,2,0,9,0
27-04 11:12:56,0.500,0,99.000,0,0,936844,1622808,168568,5083024,6475.032,1620.008,0,4.000,0,1.000,407,554,1.380,1.090,0.680,0,0,0,0,0,10,2,0,9,0
27-04 11:12:57,9.750,4.500,83.998,0,0,940744,1618932,168568,5083028,6069.847,1619.959,0,0,0,0,2291,9005,1.380,1.090,0.680,0,0,35.999,0,0,10,2,0,9,0
27-04 11:12:58,0.250,0.500,98.763,0,0,940744,1618932,168568,5083028,10599.389,1458.191,0,0,0,0,470,559,1.270,1.070,0.670,0,0,0,0,0,10,2,0,9,0
27-04 11:12:59,0.500,0.500,98.985,0,0,937576,1622100,168568,5083028,14574.730,1619.748,0,595.907,0,3.000,528,574,1.270,1.070,0.670,1,0,0,0,0,10,2,0,9,0
27-04 11:13:00,0,0.250,98.013,0.750,0,937576,1622100,168568,5083028,14638.015,1620.223,0,13529.862,0,555.076,741,692,1.270,1.070,0.670,0,0,0,0,0,10,2,0,9,0
27-04 11:13:01,0.750,0.500,98.493,0,0,930340,1629336,168568,5083028,11691.177,1619.886,0,0,0,0,467,553,1.270,1.070,0.670,0,0,0,0,0,10,2,0,9,0
27-04 11:13:02,0.500,0.250,98.995,0,0,923984,1635692,168568,5083028,12614.315,1619.912,0,4.000,0,1.000,489,573,1.270,1.070,0.670,1,0,0,0,0,10,2,0,9,0
27-04 11:13:03,0.500,0.250,98.512,0,0,918228,1641448,168568,5083028,7782.967,1620.201,0,0,0,0,544,633,1.330,1.090,0.680,0,0,1.000,0,0,10,2,0,9,0
27-04 11:13:04,0.250,0,98.743,0,0,905036,1654796,168568,5083028,8112.446,1619.889,0,39.997,0,3.000,446,568,1.330,1.090,0.680,1,0,0,0,0,10,2,0,9,0
27-04 11:13:05,0.250,0.750,98.724,0,0,901796,1658036,168568,5083028,5999.398,1619.567,0,43.988,0,1.999,442,566,1.330,1.090,0.680,0,0,0,0,0,10,2,0,9,0
27-04 11:13:06,0.250,0.500,98.993,0,0,902048,1657784,168568,5083028,11439.139,1619.878,0,0,0,0,479,545,1.330,1.090,0.680,0,0,0,0,0,10,2,0,8,0
27-04 11:13:07,0.500,0.500,98.753,0,0,894264,1665568,168568,5083028,9666.263,1458.040,0,0,0,0,474,584,1.330,1.090,0.680,1,0,0,0,0,10,2,0,8,0
27-04 11:13:08,0,0.249,98.527,0,0,892160,1667672,168568,5083028,11412.118,1616.334,0,3.991,0,0.998,487,551,1.220,1.070,0.680,0,0,0,0,0,10,2,0,8,0
27-04 11:13:09,1.253,1.002,96.975,0,0,880632,1679400,168572,5083032,12129.176,1623.772,0,32.075,0,2.005,654,624,1.220,1.070,0.680,0,0,6.014,0,0,10,2,0,8,0
27-04 11:13:10,0.250,0.500,99.239,0,0,877592,1682440,168572,5083032,11523.713,1619.819,0,0,0,0,461,548,1.220,1.070,0.680,0,0,0,0,0,10,2,0,4,0
27-04 11:13:11,0.250,0.250,98.540,0,0,875948,1684084,168572,5083032,9165.762,648.266,0,4.002,0,1.000,468,556,1.220,1.070,0.680,0,0,0,0,0,10,2,0,4,0
27-04 11:13:12,15.493,2.499,81.212,0,0,869572,1690456,168572,5083036,285026.915,8260.114,0,0,0,0,1912,1182,1.220,1.070,0.680,0,0,7.996,0,0,10,2,0,4,0
27-04 11:13:13,15.513,5.004,79.067,0,0,872820,1686996,168576,5083244,298351.712,12440.579,108.092,0,5.004,0,2671,1588,1.200,1.070,0.680,2,0,32.027,0,0,10,2,0,4,0
27-04 11:13:14,13.493,8.745,76.960,0,0,875288,1684472,168576,5083300,155213.573,5761.015,0,11.994,0,2.998,2666,1482,1.200,1.070,0.680,1,0,32.983,0,0,10,2,0,1,0
