"pcp-dstat 6.2.0 CSV Output"
"Author:","PCP team <pcp@groups.io> and Dag Wieers <dag@wieers.com>",,,,"URL:","https://pcp.io/ and http://dag.wieers.com/home-made/dstat/"
"Host:","np0000093936",,,,"User:","ubuntu"
"Cmdline:","dstat -tcmndrylpg --tcp --output /tmp/devstack_logs/dstat-csv.log",,,,"Date:","13 Apr 2026 19:11:18 UTC"
"system","total usage",,,,,"memory usage",,,,"net/total",,"dsk/total",,"io/total",,"system",,"load avg",,,"procs",,,"paging",,"tcp sockets",,,,
"time","total usage:usr","total usage:sys","total usage:idl","total usage:wai","total usage:stl","used","free","buf","cach","net/total:recv","net/total:send","dsk/total:read","dsk/total:writ","read","writ","int","csw","1m","5m","15m","run","blk","new","in","out","lis","act","syn","tim","clo"
13-04 19:11:18,,1016452,1653556,162520,4990744,,,,,,,1.420,1.180,0.780,1,0,,,,10,6,0,17,0
13-04 19:11:19,22.714,21.216,54.164,0.499,0,1033744,1635628,162660,4991100,28501.794,11712.423,0,1301.935,0,38.938,5301,3902,1.420,1.180,0.780,3,0,234.628,0,0,10,5,0,17,1
13-04 19:11:20,27.223,20.730,50.201,0.500,0.250,1050528,1618784,162716,4991196,17707.650,5605.508,0,6853.285,0,357.650,5187,2826,1.380,1.170,0.780,3,0,220.784,0,0,10,4,0,17,2
13-04 19:11:21,22.523,20.521,55.056,0.501,0,1057944,1610936,162840,4991428,45076.748,11482.654,0,1405.426,0,48.049,4724,2753,1.380,1.170,0.780,2,0,184.187,0,0,10,4,0,11,2
13-04 19:11:22,27.772,20.766,49.789,0.250,0,1071356,1597112,162916,4992028,20394.074,7943.261,0,1929.521,0,121.095,4893,2770,1.380,1.170,0.780,4,0,173.136,0,0,10,4,0,11,2
13-04 19:11:23,32.735,17.492,47.728,0.500,0,1038672,1612964,163036,5007832,185016.445,9397.756,0,1307.410,0,34.984,4942,4532,1.380,1.170,0.780,3,0,148.933,0,0,10,4,0,11,2
13-04 19:11:24,37.788,19.019,42.042,0.751,0,1038936,1604896,163472,5014068,6654.610,1459.450,0,1741.730,0,75.075,5021,5192,1.380,1.170,0.780,2,0,141.140,0,0,10,4,0,11,2
13-04 19:11:25,40.603,18.931,38.361,0,0,1036192,1597888,164044,5021688,13589.638,1614.137,0,880.801,0,7.971,5789,6830,1.590,1.220,0.800,3,0,159.421,0,0,10,4,0,11,2
13-04 19:11:26,41.072,14.024,41.823,1.503,0,1047576,1569196,164404,5036860,8505.817,1622.827,797.389,641.117,23.040,26.045,5450,5063,1.590,1.220,0.800,2,0,111.194,0,0,10,4,0,11,2
13-04 19:11:27,31.515,12.506,53.525,1.751,0,1058796,1531872,165292,5059456,12603.896,1458.682,216.101,12966.065,15.007,133.062,3273,1984,1.590,1.220,0.800,1,0,19.009,0,0,10,4,0,11,2
13-04 19:11:28,21.999,2.750,73.496,1.000,0,1051940,1508900,166328,5085276,10621.454,1619.917,0,2299.882,0,84.996,1940,1455,1.590,1.220,0.800,2,0,0,0,0,10,4,0,11,2
13-04 19:11:29,18.742,1.249,78.715,0.750,0,1051124,1498404,167076,5094092,11532.833,3691.346,0,1767.208,0,62.972,1637,1281,1.590,1.220,0.800,1,0,0,0,0,10,5,0,11,2
13-04 19:11:30,22.007,4.001,72.773,0,0,1013036,1553948,167096,5077012,12547.890,2178.675,0,14440.476,0,70.022,2010,1111,1.630,1.230,0.800,1,0,19.006,0,0,10,2,0,11,0
13-04 19:11:31,18.253,2.500,78.263,0.500,0,1038552,1524472,167156,5080920,14462.329,3796.611,0,712.115,0,5.001,1551,802,1.630,1.230,0.800,1,0,16.003,0,0,10,3,0,11,0
13-04 19:11:32,21.501,3.000,74.253,0,0,1036676,1523776,167284,5082736,13126.495,2287.086,0,848.032,0,6.000,1970,1062,1.630,1.230,0.800,1,0,19.001,0,0,10,3,0,11,0
13-04 19:11:33,18.000,3.500,77.498,0.250,0,1027284,1526584,167568,5087820,15432.676,4307.910,0,2027.957,0,135.997,5104,8126,1.630,1.230,0.800,2,0,6.000,0,0,10,2,0,11,0
13-04 19:11:34,21.996,4.999,71.487,0,0,1011288,1541928,167636,5088280,12381.756,1619.706,0,83.985,0,1.000,8512,14344,1.630,1.230,0.800,1,0,8.998,0,0,10,2,0,11,0
13-04 19:11:35,21.258,8.753,68.525,0,0,1005188,1547764,167684,5088448,10597.894,1458.536,0,9723.573,0,39.014,12621,22069,1.580,1.230,0.810,2,0,20.007,0,0,10,2,0,11,0
13-04 19:11:36,19.245,3.499,75.729,0,0,940444,1625328,167696,5077020,12066.607,131257.096,0,1595.551,0,13.996,1835,1002,1.580,1.230,0.810,0,0,4.999,0,0,10,2,0,11,0
13-04 19:11:37,0.750,0.250,99.003,0.250,0,920832,1644940,167696,5077020,8042.218,1620.044,0,956.026,0,104.003,479,550,1.580,1.230,0.810,0,0,0,0,0,10,2,0,10,0
13-04 19:11:38,0,0.250,98.495,0,0,917768,1648004,167696,5077020,11801.389,1619.916,0,0,0,0,464,525,1.580,1.230,0.810,0,0,0,0,0,10,2,0,10,0
13-04 19:11:39,0.500,0,99.001,0,0,915080,1650688,167696,5077024,11696.134,1620.019,0,0,0,0,485,569,1.580,1.230,0.810,0,0,0,0,0,10,2,0,10,0
13-04 19:11:40,0.500,0.500,98.753,0,0,912732,1653036,167696,5077024,12927.339,1620.043,0,2260.059,0,14.000,524,569,1.450,1.210,0.800,0,0,0,0,0,10,2,0,10,0
13-04 19:11:41,0.500,0.750,98.241,0.250,0,911148,1654612,167700,5077024,10697.969,1457.859,0,11982.845,0,42.996,628,673,1.450,1.210,0.800,0,0,0,0,0,10,2,0,9,0
13-04 19:11:42,0,0.500,98.762,0,0,909352,1656408,167700,5077024,12272.502,1620.198,0,8.001,0,2.000,521,545,1.450,1.210,0.800,0,0,0,0,0,10,2,0,9,0
13-04 19:11:43,0.500,0,98.997,0,0,907116,1658644,167700,5077024,11449.685,1457.960,0,4.000,0,1.000,474,532,1.450,1.210,0.800,0,0,0,0,0,10,2,0,9,0
13-04 19:11:44,0.250,0.500,98.752,0,0,905188,1660572,167700,5077024,8584.194,1620.037,0,0,0,0,482,543,1.450,1.210,0.800,0,0,0,0,0,10,2,0,9,0
13-04 19:11:45,0.250,0,98.501,0,0,903984,1661776,167700,5077024,8634.066,1620.012,0,0,0,0,467,596,1.330,1.190,0.800,0,0,1.000,0,0,10,2,0,9,0
13-04 19:11:46,0.500,1.750,97.746,0,0,903616,1662144,167700,5077024,45451.335,1457.947,0,18803.311,0,95.996,798,788,1.330,1.190,0.800,0,0,0,0,0,10,2,0,9,0
13-04 19:11:47,0,0.250,98.486,0,0,902676,1663076,167708,5077024,12552.226,1619.771,0,455.936,0,2.000,526,577,1.330,1.190,0.800,0,0,0,0,0,10,2,0,9,0
13-04 19:11:48,0.750,0,98.748,0,0,898488,1667264,167708,5077024,10638.816,1619.972,0,4.000,0,1.000,522,559,1.330,1.190,0.800,0,0,0,0,0,10,2,0,9,0
13-04 19:11:49,0.250,0.500,98.993,0,0,895020,1670732,167708,5077024,10336.264,1619.885,0,4.000,0,1.000,524,559,1.330,1.190,0.800,0,0,0,0,0,10,2,0,9,0
13-04 19:11:50,0.500,0,98.783,0,0,892452,1673300,167708,5077024,11873.995,1458.491,0,0,0,0,522,570,1.230,1.170,0.790,0,0,0,0,0,10,2,0,9,0
13-04 19:11:51,0.250,0.500,97.991,0.250,0,890488,1675264,167708,5077024,9645.123,1619.853,0,13570.766,0,409.963,617,626,1.230,1.170,0.790,0,0,0,0,0,10,2,0,9,0
13-04 19:11:52,0.250,0.500,98.742,0,0,888288,1677780,167708,5077028,7976.366,1457.884,0,39.997,0,3.000,515,559,1.230,1.170,0.790,0,0,0,0,0,10,2,0,9,0
13-04 19:11:53,0.750,1.500,97.258,0,0,878892,1687180,167708,5077028,10378.835,1620.130,0,136.011,0,26.002,699,648,1.230,1.170,0.790,0,0,6.000,0,0,10,2,0,9,0
13-04 19:11:54,0.500,0.250,98.499,0,0,877468,1688604,167708,5077028,12723.890,1619.986,0,4.000,0,1.000,491,534,1.230,1.170,0.790,0,0,0,0,0,10,2,0,9,0
13-04 19:11:55,0.250,0.250,98.747,0,0,876916,1689156,167708,5077028,8568.743,1457.956,0,8.000,0,1.000,486,607,1.130,1.150,0.790,0,0,1.000,0,0,10,2,0,9,0
13-04 19:11:56,0.500,1.750,96.754,0,0,877012,1688932,167708,5077156,12581.460,1620.059,0,25008.915,0,120.004,857,867,1.130,1.150,0.790,0,0,0,0,0,10,2,0,9,0
13-04 19:11:57,0,0.500,99.229,0,0,877036,1688960,167712,5077156,10190.813,1619.652,0,515.889,0,2.000,461,560,1.130,1.150,0.790,0,0,0,0,0,10,2,0,9,0
13-04 19:11:58,11.251,4.000,83.509,0,0,861124,1704872,167712,5076944,9615.986,1458.149,0,92.009,0,14.001,1985,7906,1.130,1.150,0.790,0,0,36.004,0,0,10,2,0,10,0
13-04 19:11:59,0.500,0.250,99.188,0,0,861124,1704872,167712,5077156,12179.340,1618.982,0,0,0,0,486,567,1.130,1.150,0.790,0,0,0,0,0,10,2,0,10,0
13-04 19:12:00,0,0.750,99.045,0,0,861124,1704872,167712,5077156,8067.631,1620.729,0,4.002,0,1.000,469,584,1.040,1.130,0.780,0,0,0,0,0,10,2,0,10,0
13-04 19:12:01,0.500,2.750,95.237,0.250,0,861116,1704872,167712,5077156,10649.530,1457.799,0,59467.789,0,237.967,1072,1062,1.040,1.130,0.780,0,0,0,0,0,10,2,0,10,0
13-04 19:12:02,0.250,0.250,98.769,0,0,861116,1704872,167712,5077156,12847.476,1620.312,0,0,0,0,516,553,1.040,1.130,0.780,0,0,0,0,0,10,2,0,8,0
13-04 19:12:03,0.500,0.750,98.003,0,0,861116,1704872,167712,5077156,6626.185,1620.045,0,904.025,0,2.000,511,602,1.040,1.130,0.780,0,0,0,0,0,10,2,0,8,0
13-04 19:12:04,0.250,0,99.002,0,0,861084,1704872,167712,5077188,14009.268,1620.031,0,100.002,0,16.000,536,561,1.040,1.130,0.780,0,0,0,0,0,10,2,0,8,0
13-04 19:12:05,0.500,0.500,98.496,0,0,861084,1704872,167712,5077188,11744.501,1457.938,0,0,0,0,537,606,0.950,1.110,0.780,0,0,1.000,0,0,10,2,0,8,0
13-04 19:12:06,0.500,0,99.023,0,0,861084,1704872,167712,5077188,10233.371,1188.275,0,92.021,0,3.001,469,551,0.950,1.110,0.780,0,0,0,0,0,10,2,0,4,0
13-04 19:12:07,7.001,1.250,90.508,0,0,870908,1695044,167712,5077192,142925.913,3918.354,0,4.000,0,1.000,1187,856,0.950,1.110,0.780,0,0,4.000,0,0,10,2,0,4,0
13-04 19:12:08,16.250,4.000,78.751,0.250,0,881464,1684460,167724,5077208,291496.223,11032.122,16.000,104.001,1.000,2.000,2378,1434,0.950,1.110,0.780,0,1,24.000,0,0,10,2,0,4,0
13-04 19:12:09,14.250,3.500,80.999,0.250,0,890328,1675500,167724,5077304,306142.972,11213.852,91.999,4.000,4.000,1.000,2172,1345,0.950,1.110,0.780,1,0,19.000,0,0,10,2,0,4,0
