"pcp-dstat 6.2.0 CSV Output"
"Author:","PCP team <pcp@groups.io> and Dag Wieers <dag@wieers.com>",,,,"URL:","https://pcp.io/ and http://dag.wieers.com/home-made/dstat/"
"Host:","np0000094134",,,,"User:","ubuntu"
"Cmdline:","dstat -tcmndrylpg --tcp --output /tmp/devstack_logs/dstat-csv.log",,,,"Date:","19 May 2026 18:45:48 UTC"
"system","total usage",,,,,"memory usage",,,,"net/total",,"dsk/total",,"io/total",,"system",,"load avg",,,"procs",,,"paging",,"tcp sockets",,,,
"time","total usage:usr","total usage:sys","total usage:idl","total usage:wai","total usage:stl","used","free","buf","cach","net/total:recv","net/total:send","dsk/total:read","dsk/total:writ","read","writ","int","csw","1m","5m","15m","run","blk","new","in","out","lis","act","syn","tim","clo"
19-05 18:45:48,,1005360,1660476,159924,4997668,,,,,,,1.450,1.050,0.660,3,0,,,,10,6,0,17,0
19-05 18:45:49,26.676,20.443,50.858,0.499,0,1033768,1631808,159932,4997816,19400.817,7160.003,0,965.304,0,29.916,5112,3195,1.450,1.050,0.660,3,0,226.368,0,0,10,5,0,17,1
19-05 18:45:50,23.500,20.500,54.250,0.500,0,1046212,1618976,159932,4998132,40526.875,9925.969,0,1263.996,0,43.000,4923,2846,1.450,1.050,0.660,2,0,208.999,0,0,10,4,0,17,2
19-05 18:45:51,27.764,20.511,49.525,0.250,0,1047356,1617500,159952,4998384,15646.039,7203.701,0,2221.141,0,127.065,4869,2694,1.450,1.050,0.660,2,0,192.099,0,0,10,4,0,15,2
19-05 18:45:52,28.419,22.436,47.365,0.499,0,1044544,1600708,160160,5016840,175274.280,4619.829,0,1667.247,0,49.858,4912,2777,1.580,1.080,0.670,3,0,177.494,0,0,10,4,0,15,2
19-05 18:45:53,39.044,19.021,41.046,0.501,0,1061624,1569356,161032,5027980,5778.507,0,0,977.100,0,45.051,4643,4245,1.580,1.080,0.670,2,0,153.172,0,0,10,4,0,15,2
19-05 18:45:54,39.535,16.014,42.538,0.500,0,1058596,1554468,161432,5043560,3693.274,0,0,1389.232,0,32.028,4887,3922,1.580,1.080,0.670,3,0,134.119,0,0,10,4,0,15,2
19-05 18:45:55,38.851,18.799,40.606,1.003,0,1065300,1525824,162128,5062968,8175.245,0,0,2795.264,0,102.266,6496,7102,1.580,1.080,0.670,2,0,178.464,0,0,10,4,0,11,2
19-05 18:45:56,38.022,15.259,42.775,2.001,0,1072044,1487952,163232,5089876,5604.259,0,1012.589,9765.678,38.022,508.296,5559,5459,1.580,1.080,0.670,4,0,98.057,0,0,10,4,0,11,2
19-05 18:45:57,30.178,10.226,58.111,0.998,0,1059464,1492120,163716,5096776,4276.789,0,0,14022.519,0,76.817,2669,1442,1.530,1.080,0.670,1,0,11.971,0,0,10,4,0,11,2
19-05 18:45:58,22.495,2.749,73.984,0.500,0,978060,1585780,164044,5083600,8091.239,479.896,0,731.841,0,25.994,1789,1069,1.530,1.080,0.670,1,0,2.000,0,0,10,2,0,11,0
19-05 18:45:59,21.515,3.753,73.802,0,0,1023624,1540180,164072,5083608,7767.508,493.350,0,12.009,0,2.001,1894,978,1.530,1.080,0.670,1,0,33.023,0,0,10,3,0,11,0
19-05 18:46:00,19.494,2.499,77.474,0,0,1001364,1556444,164156,5089032,14136.306,1790.406,0,1711.432,0,9.997,1547,844,1.530,1.080,0.670,1,0,1.000,0,0,10,2,0,11,0
19-05 18:46:01,17.985,3.747,77.687,0.250,0,1018520,1538832,164168,5089328,15813.147,2938.611,0,779.367,0,17.985,1892,1359,1.530,1.080,0.670,1,0,17.985,0,0,10,3,0,11,0
19-05 18:46:02,23.799,5.010,69.394,0.251,0,991920,1558856,164500,5094400,4606.565,174.362,0,16269.782,0,84.175,7535,13657,1.570,1.100,0.680,2,0,7.015,0,0,10,2,0,11,0
19-05 18:46:03,21.229,5.994,72.178,0,0,1012204,1537908,164572,5094864,8610.442,0,0,883.122,0,116.884,3930,5424,1.570,1.100,0.680,2,0,12.987,0,0,10,2,0,11,0
19-05 18:46:04,20.994,6.498,71.230,0,0,1020768,1529088,164616,5095028,7621.861,0,0,175.951,0,1.999,5678,9790,1.570,1.100,0.680,1,0,14.996,0,0,10,2,0,11,0
19-05 18:46:05,17.497,2.999,78.236,0,0,967840,1594952,164640,5083596,8450.460,130772.164,0,671.878,0,11.998,1767,1003,1.570,1.100,0.680,0,0,4.999,0,0,10,2,0,11,0
19-05 18:46:06,7.751,1.500,90.756,0,0,978004,1584788,164640,5083596,141691.538,3810.256,0,0,0,0,1135,860,1.570,1.100,0.680,0,0,4.000,0,0,10,2,0,11,0
19-05 18:46:07,16.743,5.748,76.219,0.750,0,967408,1595132,164644,5083836,297303.915,12836.772,107.956,10823.592,4.998,134.945,2682,1717,1.520,1.090,0.680,1,0,28.988,0,0,10,2,0,10,0
19-05 18:46:08,15.508,3.502,79.540,0,0,966652,1595788,164644,5083936,301612.072,9396.675,0,16.008,0,3.001,2102,1305,1.520,1.090,0.680,1,0,19.009,0,0,10,2,0,10,0
