Jan 14 15:29:09 ubuntu devstack@keystone.service[61925]: DEBUG keystone.common.rbac_enforcer.enforcer [None req-f77b9c91-e1e3-4550-8a0b-99abeec05561 None admin] RBAC: Authorizing `identity:create_grant(domain_id=default, user_id=08bff051e778441a8363c5ae81df7845, role_id=b72ba6ee51694022adf4a309c1b64940)` {{(pid=61925) enforce_call /opt/stack/keystone/keystone/common/rbac_enforcer/enforcer.py:494}}
Jan 14 15:29:09 ubuntu devstack@keystone.service[61925]: DEBUG keystone.common.rbac_enforcer.enforcer [None req-f77b9c91-e1e3-4550-8a0b-99abeec05561 None admin] RBAC: Authorization granted {{(pid=61925) enforce_call /opt/stack/keystone/keystone/common/rbac_enforcer/enforcer.py:505}}
Jan 14 15:29:09 ubuntu devstack@keystone.service[61925]: [pid: 61925|app: 0|req: 11/21] 10.120.125.138 () {60 vars in 1432 bytes} [Wed Jan 14 15:29:09 2026] PUT /identity/v3/domains/default/users/08bff051e778441a8363c5ae81df7845/roles/b72ba6ee51694022adf4a309c1b64940 => generated 0 bytes in 140 msecs (HTTP/1.1 204) 3 headers in 132 bytes (1 switches on core 0)
Jan 14 15:29:11 ubuntu devstack@keystone.service[61926]: DEBUG keystone.server.flask.request_processing.req_logging [None req-6e22e075-ef04-41e2-94b2-f7bc11ae00e4 None None] REQUEST_METHOD: `GET` {{(pid=61926) log_request_info /opt/stack/keystone/keystone/server/flask/request_processing/req_logging.py:26}}
Jan 14 15:29:11 ubuntu devstack@keystone.service[61926]: DEBUG keystone.server.flask.request_processing.req_logging [None req-6e22e075-ef04-41e2-94b2-f7bc11ae00e4 None None] SCRIPT_NAME: `/identity` {{(pid=61926) log_request_info /opt/stack/keystone/keystone/server/flask/request_processing/req_logging.py:27}}
Jan 14 15:29:11 ubuntu devstack@keystone.service[61926]: DEBUG keystone.server.flask.request_processing.req_logging [None req-6e22e075-ef04-41e2-94b2-f7bc11ae00e4 None None] PATH_INFO: `/` {{(pid=61926) log_request_info /opt/stack/keystone/keystone/server/flask/request_processing/req_logging.py:28}}
Jan 14 15:29:11 ubuntu devstack@keystone.service[61926]: [pid: 61926|app: 0|req: 11/22] 10.120.125.138 () {56 vars in 955 bytes} [Wed Jan 14 15:29:11 2026] GET /identity => generated 272 bytes in 2 msecs (HTTP/1.1 300) 6 headers in 236 bytes (1 switches on core 0)
Jan 14 15:29:11 ubuntu devstack@keystone.service[61925]: DEBUG keystone.server.flask.request_processing.req_logging [None req-02bf6150-3494-4437-aeb4-ca87eba06732 None None] REQUEST_METHOD: `GET` {{(pid=61925) log_request_info /opt/stack/keystone/keystone/server/flask/request_processing/req_logging.py:26}}
Jan 14 15:29:11 ubuntu devstack@keystone.service[61925]: DEBUG keystone.server.flask.request_processing.req_logging [None req-02bf6150-3494-4437-aeb4-ca87eba06732 None None] SCRIPT_NAME: `/identity` {{(pid=61925) log_request_info /opt/stack/keystone/keystone/server/flask/request_processing/req_logging.py:27}}
Jan 14 15:29:11 ubuntu devstack@keystone.service[61925]: DEBUG keystone.server.flask.request_processing.req_logging [None req-02bf6150-3494-4437-aeb4-ca87eba06732 None None] PATH_INFO: `/` {{(pid=61925) log_request_info /opt/stack/keystone/keystone/server/flask/request_processing/req_logging.py:28}}
Jan 14 15:29:11 ubuntu devstack@keystone.service[61925]: [pid: 61925|app: 0|req: 12/23] 10.120.125.138 () {56 vars in 955 bytes} [Wed Jan 14 15:29:11 2026] GET /identity => generated 272 bytes in 2 msecs (HTTP/1.1 300) 6 headers in 236 bytes (1 switches on core 0)
Jan 14 15:29:11 ubuntu devstack@keystone.service[61926]: DEBUG keystone.server.flask.request_processing.req_logging [None req-0f3b7d29-0e7f-43bc-b5dc-f54813f1bce1 None None] REQUEST_METHOD: `POST` {{(pid=61926) log_request_info /opt/stack/keystone/keystone/server/flask/request_processing/req_logging.py:26}}
Jan 14 15:29:11 ubuntu devstack@keystone.service[61926]: DEBUG keystone.server.flask.request_processing.req_logging [None req-0f3b7d29-0e7f-43bc-b5dc-f54813f1bce1 None None] SCRIPT_NAME: `/identity` {{(pid=61926) log_request_info /opt/stack/keystone/keystone/server/flask/request_processing/req_logging.py:27}}
Jan 14 15:29:11 ubuntu devstack@keystone.service[61926]: DEBUG keystone.server.flask.request_processing.req_logging [None req-0f3b7d29-0e7f-43bc-b5dc-f54813f1bce1 None None] PATH_INFO: `/v3/auth/tokens` {{(pid=61926) log_request_info /opt/stack/keystone/keystone/server/flask/request_processing/req_logging.py:28}}
Jan 14 15:29:11 ubuntu devstack@keystone.service[61926]: WARNING keystone.common.password_hashing [None req-0f3b7d29-0e7f-43bc-b5dc-f54813f1bce1 None None] Truncating password to algorithm specific maximum length 72 characters.
Jan 14 15:29:11 ubuntu devstack@keystone.service[61926]: DEBUG keystone.auth.core [None req-0f3b7d29-0e7f-43bc-b5dc-f54813f1bce1 None None] MFA Rules not processed for user `08bff051e778441a8363c5ae81df7845`. Rule list: `[]` (Enabled: `True`). {{(pid=61926) check_auth_methods_against_rules /opt/stack/keystone/keystone/auth/core.py:476}}
Jan 14 15:29:11 ubuntu devstack@keystone.service[61926]: DEBUG keystone.common.fernet_utils [None req-0f3b7d29-0e7f-43bc-b5dc-f54813f1bce1 None None] Loaded 2 Fernet keys from /etc/keystone/fernet-keys/, but `[fernet_tokens] max_active_keys = 3`; perhaps there have not been enough key rotations to reach `max_active_keys` yet? {{(pid=61926) load_keys /opt/stack/keystone/keystone/common/fernet_utils.py:297}}
Jan 14 15:29:11 ubuntu devstack@keystone.service[61925]: DEBUG keystone.server.flask.request_processing.req_logging [None req-2646667c-7aa1-443e-a165-346cfb59a5dd None None] REQUEST_METHOD: `POST` {{(pid=61925) log_request_info /opt/stack/keystone/keystone/server/flask/request_processing/req_logging.py:26}}
Jan 14 15:29:11 ubuntu devstack@keystone.service[61925]: DEBUG keystone.server.flask.request_processing.req_logging [None req-2646667c-7aa1-443e-a165-346cfb59a5dd None None] SCRIPT_NAME: `/identity` {{(pid=61925) log_request_info /opt/stack/keystone/keystone/server/flask/request_processing/req_logging.py:27}}
Jan 14 15:29:11 ubuntu devstack@keystone.service[61925]: DEBUG keystone.server.flask.request_processing.req_logging [None req-2646667c-7aa1-443e-a165-346cfb59a5dd None None] PATH_INFO: `/v3/auth/tokens` {{(pid=61925) log_request_info /opt/stack/keystone/keystone/server/flask/request_processing/req_logging.py:28}}
Jan 14 15:29:11 ubuntu devstack@keystone.service[61925]: WARNING keystone.common.password_hashing [None req-2646667c-7aa1-443e-a165-346cfb59a5dd None None] Truncating password to algorithm specific maximum length 72 characters.
Jan 14 15:29:11 ubuntu devstack@keystone.service[61926]: [pid: 61926|app: 0|req: 12/24] 10.120.125.138 () {60 vars in 1052 bytes} [Wed Jan 14 15:29:11 2026] POST /identity/v3/auth/tokens => generated 864 bytes in 63 msecs (HTTP/1.1 201) 6 headers in 363 bytes (1 switches on core 0)
Jan 14 15:29:11 ubuntu devstack@keystone.service[61926]: DEBUG keystone.server.flask.request_processing.req_logging [None req-db134674-0b09-49f7-a044-13164ae68298 None None] REQUEST_METHOD: `GET` {{(pid=61926) log_request_info /opt/stack/keystone/keystone/server/flask/request_processing/req_logging.py:26}}
Jan 14 15:29:11 ubuntu devstack@keystone.service[61926]: DEBUG keystone.server.flask.request_processing.req_logging [None req-db134674-0b09-49f7-a044-13164ae68298 None None] SCRIPT_NAME: `/identity` {{(pid=61926) log_request_info /opt/stack/keystone/keystone/server/flask/request_processing/req_logging.py:27}}
Jan 14 15:29:11 ubuntu devstack@keystone.service[61926]: DEBUG keystone.server.flask.request_processing.req_logging [None req-db134674-0b09-49f7-a044-13164ae68298 None None] PATH_INFO: `/` {{(pid=61926) log_request_info /opt/stack/keystone/keystone/server/flask/request_processing/req_logging.py:28}}
Jan 14 15:29:11 ubuntu devstack@keystone.service[61925]: DEBUG keystone.auth.core [None req-2646667c-7aa1-443e-a165-346cfb59a5dd None None] MFA Rules not processed for user `08bff051e778441a8363c5ae81df7845`. Rule list: `[]` (Enabled: `True`). {{(pid=61925) check_auth_methods_against_rules /opt/stack/keystone/keystone/auth/core.py:476}}
Jan 14 15:29:11 ubuntu devstack@keystone.service[61926]: [pid: 61926|app: 0|req: 13/25] 10.120.125.138 () {56 vars in 955 bytes} [Wed Jan 14 15:29:11 2026] GET /identity => generated 272 bytes in 1 msecs (HTTP/1.1 300) 6 headers in 236 bytes (1 switches on core 0)
Jan 14 15:29:11 ubuntu devstack@keystone.service[61925]: DEBUG keystone.common.fernet_utils [None req-2646667c-7aa1-443e-a165-346cfb59a5dd None None] Loaded 2 Fernet keys from /etc/keystone/fernet-keys/, but `[fernet_tokens] max_active_keys = 3`; perhaps there have not been enough key rotations to reach `max_active_keys` yet? {{(pid=61925) load_keys /opt/stack/keystone/keystone/common/fernet_utils.py:297}}
Jan 14 15:29:11 ubuntu devstack@keystone.service[61925]: [pid: 61925|app: 0|req: 13/26] 10.120.125.138 () {60 vars in 1052 bytes} [Wed Jan 14 15:29:11 2026] POST /identity/v3/auth/tokens => generated 864 bytes in 52 msecs (HTTP/1.1 201) 6 headers in 363 bytes (1 switches on core 0)
Jan 14 15:29:11 ubuntu devstack@keystone.service[61926]: DEBUG keystone.server.flask.request_processing.req_logging [None req-27ed44c5-0280-4dcf-a0fd-be077bc4575b None None] REQUEST_METHOD: `POST` {{(pid=61926) log_request_info /opt/stack/keystone/keystone/server/flask/request_processing/req_logging.py:26}}
Jan 14 15:29:11 ubuntu devstack@keystone.service[61926]: DEBUG keystone.server.flask.request_processing.req_logging [None req-27ed44c5-0280-4dcf-a0fd-be077bc4575b None None] SCRIPT_NAME: `/identity` {{(pid=61926) log_request_info /opt/stack/keystone/keystone/server/flask/request_processing/req_logging.py:27}}
Jan 14 15:29:11 ubuntu devstack@keystone.service[61926]: DEBUG keystone.server.flask.request_processing.req_logging [None req-27ed44c5-0280-4dcf-a0fd-be077bc4575b None None] PATH_INFO: `/v3/auth/tokens` {{(pid=61926) log_request_info /opt/stack/keystone/keystone/server/flask/request_processing/req_logging.py:28}}
Jan 14 15:29:11 ubuntu devstack@keystone.service[61926]: WARNING keystone.common.password_hashing [None req-27ed44c5-0280-4dcf-a0fd-be077bc4575b None None] Truncating password to algorithm specific maximum length 72 characters.
Jan 14 15:29:11 ubuntu devstack@keystone.service[61926]: DEBUG keystone.auth.core [None req-27ed44c5-0280-4dcf-a0fd-be077bc4575b None None] MFA Rules not processed for user `08bff051e778441a8363c5ae81df7845`. Rule list: `[]` (Enabled: `True`). {{(pid=61926) check_auth_methods_against_rules /opt/stack/keystone/keystone/auth/core.py:476}}
Jan 14 15:29:11 ubuntu devstack@keystone.service[61926]: DEBUG keystone.common.fernet_utils [None req-27ed44c5-0280-4dcf-a0fd-be077bc4575b None None] Loaded 2 Fernet keys from /etc/keystone/fernet-keys/, but `[fernet_tokens] max_active_keys = 3`; perhaps there have not been enough key rotations to reach `max_active_keys` yet? {{(pid=61926) load_keys /opt/stack/keystone/keystone/common/fernet_utils.py:297}}
Jan 14 15:29:11 ubuntu devstack@keystone.service[61926]: [pid: 61926|app: 0|req: 14/27] 10.120.125.138 () {60 vars in 1052 bytes} [Wed Jan 14 15:29:11 2026] POST /identity/v3/auth/tokens => generated 864 bytes in 76 msecs (HTTP/1.1 201) 6 headers in 363 bytes (1 switches on core 0)
Jan 14 15:29:11 ubuntu devstack@keystone.service[61925]: DEBUG keystone.server.flask.request_processing.req_logging [None req-7319cb58-3f3c-43d2-8cff-05a1bcdc4658 None None] REQUEST_METHOD: `GET` {{(pid=61925) log_request_info /opt/stack/keystone/keystone/server/flask/request_processing/req_logging.py:26}}
Jan 14 15:29:11 ubuntu devstack@keystone.service[61925]: DEBUG keystone.server.flask.request_processing.req_logging [None req-7319cb58-3f3c-43d2-8cff-05a1bcdc4658 None None] SCRIPT_NAME: `/identity` {{(pid=61925) log_request_info /opt/stack/keystone/keystone/server/flask/request_processing/req_logging.py:27}}
Jan 14 15:29:11 ubuntu devstack@keystone.service[61925]: DEBUG keystone.server.flask.request_processing.req_logging [None req-7319cb58-3f3c-43d2-8cff-05a1bcdc4658 None None] PATH_INFO: `/` {{(pid=61925) log_request_info /opt/stack/keystone/keystone/server/flask/request_processing/req_logging.py:28}}
Jan 14 15:29:11 ubuntu devstack@keystone.service[61925]: [pid: 61925|app: 0|req: 14/28] 10.120.125.138 () {56 vars in 955 bytes} [Wed Jan 14 15:29:11 2026] GET /identity => generated 272 bytes in 1 msecs (HTTP/1.1 300) 6 headers in 236 bytes (1 switches on core 0)
Jan 14 15:29:11 ubuntu devstack@keystone.service[61926]: DEBUG keystone.server.flask.request_processing.req_logging [None req-387a6cf7-c014-4500-b044-4f49c4892129 None None] REQUEST_METHOD: `GET` {{(pid=61926) log_request_info /opt/stack/keystone/keystone/server/flask/request_processing/req_logging.py:26}}
Jan 14 15:29:11 ubuntu devstack@keystone.service[61926]: DEBUG keystone.server.flask.request_processing.req_logging [None req-387a6cf7-c014-4500-b044-4f49c4892129 None None] SCRIPT_NAME: `/identity` {{(pid=61926) log_request_info /opt/stack/keystone/keystone/server/flask/request_processing/req_logging.py:27}}
Jan 14 15:29:11 ubuntu devstack@keystone.service[61926]: DEBUG keystone.server.flask.request_processing.req_logging [None req-387a6cf7-c014-4500-b044-4f49c4892129 None None] PATH_INFO: `/` {{(pid=61926) log_request_info /opt/stack/keystone/keystone/server/flask/request_processing/req_logging.py:28}}
Jan 14 15:29:11 ubuntu devstack@keystone.service[61926]: [pid: 61926|app: 0|req: 15/29] 10.120.125.138 () {56 vars in 955 bytes} [Wed Jan 14 15:29:11 2026] GET /identity => generated 272 bytes in 1 msecs (HTTP/1.1 300) 6 headers in 236 bytes (1 switches on core 0)
Jan 14 15:29:11 ubuntu devstack@keystone.service[61925]: DEBUG keystone.server.flask.request_processing.req_logging [None req-8369bbe3-2cdf-493c-b641-9aaff9a83ab6 None None] REQUEST_METHOD: `POST` {{(pid=61925) log_request_info /opt/stack/keystone/keystone/server/flask/request_processing/req_logging.py:26}}
Jan 14 15:29:11 ubuntu devstack@keystone.service[61925]: DEBUG keystone.server.flask.request_processing.req_logging [None req-8369bbe3-2cdf-493c-b641-9aaff9a83ab6 None None] SCRIPT_NAME: `/identity` {{(pid=61925) log_request_info /opt/stack/keystone/keystone/server/flask/request_processing/req_logging.py:27}}
Jan 14 15:29:11 ubuntu devstack@keystone.service[61925]: DEBUG keystone.server.flask.request_processing.req_logging [None req-8369bbe3-2cdf-493c-b641-9aaff9a83ab6 None None] PATH_INFO: `/v3/auth/tokens` {{(pid=61925) log_request_info /opt/stack/keystone/keystone/server/flask/request_processing/req_logging.py:28}}
Jan 14 15:29:11 ubuntu devstack@keystone.service[61925]: WARNING keystone.common.password_hashing [None req-8369bbe3-2cdf-493c-b641-9aaff9a83ab6 None None] Truncating password to algorithm specific maximum length 72 characters.
Jan 14 15:29:11 ubuntu devstack@keystone.service[61925]: DEBUG keystone.auth.core [None req-8369bbe3-2cdf-493c-b641-9aaff9a83ab6 None None] MFA Rules not processed for user `08bff051e778441a8363c5ae81df7845`. Rule list: `[]` (Enabled: `True`). {{(pid=61925) check_auth_methods_against_rules /opt/stack/keystone/keystone/auth/core.py:476}}
Jan 14 15:29:11 ubuntu devstack@keystone.service[61925]: DEBUG keystone.common.fernet_utils [None req-8369bbe3-2cdf-493c-b641-9aaff9a83ab6 None None] Loaded 2 Fernet keys from /etc/keystone/fernet-keys/, but `[fernet_tokens] max_active_keys = 3`; perhaps there have not been enough key rotations to reach `max_active_keys` yet? {{(pid=61925) load_keys /opt/stack/keystone/keystone/common/fernet_utils.py:297}}
Jan 14 15:29:11 ubuntu devstack@keystone.service[61926]: DEBUG keystone.server.flask.request_processing.middleware.auth_context [None req-387a6cf7-c014-4500-b044-4f49c4892129 None None] Authenticating user token {{(pid=61926) process_request /opt/stack/data/venv/lib/python3.12/site-packages/keystonemiddleware/auth_token/__init__.py:407}}
Jan 14 15:29:11 ubuntu devstack@keystone.service[61925]: [pid: 61925|app: 0|req: 15/30] 10.120.125.138 () {60 vars in 1052 bytes} [Wed Jan 14 15:29:11 2026] POST /identity/v3/auth/tokens => generated 864 bytes in 62 msecs (HTTP/1.1 201) 6 headers in 363 bytes (1 switches on core 0)
Jan 14 15:29:11 ubuntu devstack@keystone.service[61925]: DEBUG keystone.server.flask.request_processing.middleware.auth_context [None req-8369bbe3-2cdf-493c-b641-9aaff9a83ab6 None None] Authenticating user token {{(pid=61925) process_request /opt/stack/data/venv/lib/python3.12/site-packages/keystonemiddleware/auth_token/__init__.py:407}}
Jan 14 15:29:12 ubuntu devstack@keystone.service[61926]: DEBUG keystone.server.flask.request_processing.middleware.auth_context [None req-387a6cf7-c014-4500-b044-4f49c4892129 None None] Validating token access rules against request {{(pid=61926) validate_allowed_request /opt/stack/data/venv/lib/python3.12/site-packages/keystonemiddleware/auth_token/__init__.py:545}}
Jan 14 15:29:12 ubuntu devstack@keystone.service[61925]: DEBUG keystone.server.flask.request_processing.middleware.auth_context [None req-8369bbe3-2cdf-493c-b641-9aaff9a83ab6 None None] Validating token access rules against request {{(pid=61925) validate_allowed_request /opt/stack/data/venv/lib/python3.12/site-packages/keystonemiddleware/auth_token/__init__.py:545}}
Jan 14 15:29:12 ubuntu devstack@keystone.service[61926]: DEBUG keystone.server.flask.request_processing.middleware.auth_context [None req-83ab886b-6156-4dcd-a2da-e1092737b501 None admin] RBAC: auth_context: {'token': <TokenModel (audit_id=iFUXYY6IQ-KL6m6p_rpLIQ, audit_chain_id=['iFUXYY6IQ-KL6m6p_rpLIQ']) at 0x721bc5f89e20>, 'domain_id': None, 'trust_id': None, 'trustor_id': None, 'trustee_id': None, 'domain_name': None, 'group_ids': [], 'user_id': '08bff051e778441a8363c5ae81df7845', 'user_domain_id': 'default', 'system_scope': 'all', 'project_id': None, 'project_domain_id': None, 'roles': ['admin', 'manager', 'member', 'reader'], 'is_admin_project': True, 'service_user_id': None, 'service_user_domain_id': None, 'service_project_id': None, 'service_project_domain_id': None, 'service_roles': []} {{(pid=61926) fill_context /opt/stack/keystone/keystone/server/flask/request_processing/middleware/auth_context.py:509}}
Jan 14 15:29:12 ubuntu devstack@keystone.service[61926]: DEBUG keystone.server.flask.request_processing.req_logging [None req-83ab886b-6156-4dcd-a2da-e1092737b501 None admin] REQUEST_METHOD: `GET` {{(pid=61926) log_request_info /opt/stack/keystone/keystone/server/flask/request_processing/req_logging.py:26}}
Jan 14 15:29:12 ubuntu devstack@keystone.service[61926]: DEBUG keystone.server.flask.request_processing.req_logging [None req-83ab886b-6156-4dcd-a2da-e1092737b501 None admin] SCRIPT_NAME: `/identity` {{(pid=61926) log_request_info /opt/stack/keystone/keystone/server/flask/request_processing/req_logging.py:27}}
Jan 14 15:29:12 ubuntu devstack@keystone.service[61926]: DEBUG keystone.server.flask.request_processing.req_logging [None req-83ab886b-6156-4dcd-a2da-e1092737b501 None admin] PATH_INFO: `/v3/roles/admin` {{(pid=61926) log_request_info /opt/stack/keystone/keystone/server/flask/request_processing/req_logging.py:28}}
Jan 14 15:29:12 ubuntu devstack@keystone.service[61926]: DEBUG keystone.common.rbac_enforcer.enforcer [None req-83ab886b-6156-4dcd-a2da-e1092737b501 None admin] Extracting inferred target data resulted in "NOT FOUND (404)". {{(pid=61926) enforce_call /opt/stack/keystone/keystone/common/rbac_enforcer/enforcer.py:445}}
Jan 14 15:29:12 ubuntu devstack@keystone.service[61926]: DEBUG keystone.server.flask.application [None req-83ab886b-6156-4dcd-a2da-e1092737b501 None admin] Could not find role: admin. {{(pid=61926) _handle_keystone_exception /opt/stack/keystone/keystone/server/flask/application.py:146}}
Jan 14 15:29:12 ubuntu devstack@keystone.service[61926]: [pid: 61926|app: 0|req: 16/31] 10.120.125.138 () {58 vars in 1168 bytes} [Wed Jan 14 15:29:11 2026] GET /identity/v3/roles/admin => generated 83 bytes in 77 msecs (HTTP/1.1 404) 5 headers in 183 bytes (1 switches on core 0)
Jan 14 15:29:12 ubuntu devstack@keystone.service[61926]: DEBUG keystone.server.flask.request_processing.req_logging [None req-ee2c5ce4-1f4c-4782-94e8-a28a45b61b07 None None] REQUEST_METHOD: `POST` {{(pid=61926) log_request_info /opt/stack/keystone/keystone/server/flask/request_processing/req_logging.py:26}}
Jan 14 15:29:12 ubuntu devstack@keystone.service[61926]: DEBUG keystone.server.flask.request_processing.req_logging [None req-ee2c5ce4-1f4c-4782-94e8-a28a45b61b07 None None] SCRIPT_NAME: `/identity` {{(pid=61926) log_request_info /opt/stack/keystone/keystone/server/flask/request_processing/req_logging.py:27}}
Jan 14 15:29:12 ubuntu devstack@keystone.service[61926]: DEBUG keystone.server.flask.request_processing.req_logging [None req-ee2c5ce4-1f4c-4782-94e8-a28a45b61b07 None None] PATH_INFO: `/v3/auth/tokens` {{(pid=61926) log_request_info /opt/stack/keystone/keystone/server/flask/request_processing/req_logging.py:28}}
Jan 14 15:29:12 ubuntu devstack@keystone.service[61926]: WARNING keystone.common.password_hashing [None req-ee2c5ce4-1f4c-4782-94e8-a28a45b61b07 None None] Truncating password to algorithm specific maximum length 72 characters.
Jan 14 15:29:12 ubuntu devstack@keystone.service[61925]: DEBUG keystone.server.flask.request_processing.middleware.auth_context [None req-beb4c61a-f442-4bd9-9b86-fe0cf10be870 None admin] RBAC: auth_context: {'token': <TokenModel (audit_id=GxY4NOBsTiyT1dZZs45jGw, audit_chain_id=['GxY4NOBsTiyT1dZZs45jGw']) at 0x721bc5fe7110>, 'domain_id': None, 'trust_id': None, 'trustor_id': None, 'trustee_id': None, 'domain_name': None, 'group_ids': [], 'user_id': '08bff051e778441a8363c5ae81df7845', 'user_domain_id': 'default', 'system_scope': 'all', 'project_id': None, 'project_domain_id': None, 'roles': ['admin', 'manager', 'member', 'reader'], 'is_admin_project': True, 'service_user_id': None, 'service_user_domain_id': None, 'service_project_id': None, 'service_project_domain_id': None, 'service_roles': []} {{(pid=61925) fill_context /opt/stack/keystone/keystone/server/flask/request_processing/middleware/auth_context.py:509}}
Jan 14 15:29:12 ubuntu devstack@keystone.service[61925]: DEBUG keystone.server.flask.request_processing.req_logging [None req-beb4c61a-f442-4bd9-9b86-fe0cf10be870 None admin] REQUEST_METHOD: `GET` {{(pid=61925) log_request_info /opt/stack/keystone/keystone/server/flask/request_processing/req_logging.py:26}}
Jan 14 15:29:12 ubuntu devstack@keystone.service[61925]: DEBUG keystone.server.flask.request_processing.req_logging [None req-beb4c61a-f442-4bd9-9b86-fe0cf10be870 None admin] SCRIPT_NAME: `/identity` {{(pid=61925) log_request_info /opt/stack/keystone/keystone/server/flask/request_processing/req_logging.py:27}}
Jan 14 15:29:12 ubuntu devstack@keystone.service[61925]: DEBUG keystone.server.flask.request_processing.req_logging [None req-beb4c61a-f442-4bd9-9b86-fe0cf10be870 None admin] PATH_INFO: `/v3/domains/Default` {{(pid=61925) log_request_info /opt/stack/keystone/keystone/server/flask/request_processing/req_logging.py:28}}
Jan 14 15:29:12 ubuntu devstack@keystone.service[61926]: DEBUG keystone.auth.core [None req-ee2c5ce4-1f4c-4782-94e8-a28a45b61b07 None None] MFA Rules not processed for user `08bff051e778441a8363c5ae81df7845`. Rule list: `[]` (Enabled: `True`). {{(pid=61926) check_auth_methods_against_rules /opt/stack/keystone/keystone/auth/core.py:476}}
Jan 14 15:29:12 ubuntu devstack@keystone.service[61926]: DEBUG keystone.common.fernet_utils [None req-ee2c5ce4-1f4c-4782-94e8-a28a45b61b07 None None] Loaded 2 Fernet keys from /etc/keystone/fernet-keys/, but `[fernet_tokens] max_active_keys = 3`; perhaps there have not been enough key rotations to reach `max_active_keys` yet? {{(pid=61926) load_keys /opt/stack/keystone/keystone/common/fernet_utils.py:297}}
Jan 14 15:29:12 ubuntu devstack@keystone.service[61925]: DEBUG keystone.common.rbac_enforcer.enforcer [None req-beb4c61a-f442-4bd9-9b86-fe0cf10be870 None admin] RBAC: Authorizing `identity:get_domain(domain_id=Default)` {{(pid=61925) enforce_call /opt/stack/keystone/keystone/common/rbac_enforcer/enforcer.py:494}}
Jan 14 15:29:12 ubuntu devstack@keystone.service[61925]: DEBUG keystone.common.rbac_enforcer.enforcer [None req-beb4c61a-f442-4bd9-9b86-fe0cf10be870 None admin] RBAC: Authorization granted {{(pid=61925) enforce_call /opt/stack/keystone/keystone/common/rbac_enforcer/enforcer.py:505}}
Jan 14 15:29:12 ubuntu devstack@keystone.service[61925]: DEBUG keystone.server.flask.application [None req-beb4c61a-f442-4bd9-9b86-fe0cf10be870 None admin] Could not find domain: Default. {{(pid=61925) _handle_keystone_exception /opt/stack/keystone/keystone/server/flask/application.py:146}}
Jan 14 15:29:12 ubuntu devstack@keystone.service[61925]: [pid: 61925|app: 0|req: 16/32] 10.120.125.138 () {58 vars in 1137 bytes} [Wed Jan 14 15:29:11 2026] GET /identity/v3/domains/Default => generated 87 bytes in 110 msecs (HTTP/1.1 404) 5 headers in 183 bytes (1 switches on core 0)
Jan 14 15:29:12 ubuntu devstack@keystone.service[61925]: DEBUG keystone.server.flask.request_processing.middleware.auth_context [None req-beb4c61a-f442-4bd9-9b86-fe0cf10be870 None admin] Authenticating user token {{(pid=61925) process_request /opt/stack/data/venv/lib/python3.12/site-packages/keystonemiddleware/auth_token/__init__.py:407}}
Jan 14 15:29:12 ubuntu devstack@keystone.service[61926]: [pid: 61926|app: 0|req: 17/33] 10.120.125.138 () {60 vars in 1052 bytes} [Wed Jan 14 15:29:12 2026] POST /identity/v3/auth/tokens => generated 864 bytes in 58 msecs (HTTP/1.1 201) 6 headers in 363 bytes (1 switches on core 0)
Jan 14 15:29:12 ubuntu devstack@keystone.service[61926]: DEBUG keystone.server.flask.request_processing.middleware.auth_context [None req-ee2c5ce4-1f4c-4782-94e8-a28a45b61b07 None None] Authenticating user token {{(pid=61926) process_request /opt/stack/data/venv/lib/python3.12/site-packages/keystonemiddleware/auth_token/__init__.py:407}}
Jan 14 15:29:12 ubuntu devstack@keystone.service[61925]: DEBUG keystone.server.flask.request_processing.middleware.auth_context [None req-beb4c61a-f442-4bd9-9b86-fe0cf10be870 None admin] Validating token access rules against request {{(pid=61925) validate_allowed_request /opt/stack/data/venv/lib/python3.12/site-packages/keystonemiddleware/auth_token/__init__.py:545}}
Jan 14 15:29:12 ubuntu devstack@keystone.service[61925]: DEBUG keystone.server.flask.request_processing.middleware.auth_context [None req-c9ea310d-e978-45ec-8fc0-b2384e60982a None admin] RBAC: auth_context: {'token': <TokenModel (audit_id=iFUXYY6IQ-KL6m6p_rpLIQ, audit_chain_id=['iFUXYY6IQ-KL6m6p_rpLIQ']) at 0x721bc5de5d00>, 'domain_id': None, 'trust_id': None, 'trustor_id': None, 'trustee_id': None, 'domain_name': None, 'group_ids': [], 'user_id': '08bff051e778441a8363c5ae81df7845', 'user_domain_id': 'default', 'system_scope': 'all', 'project_id': None, 'project_domain_id': None, 'roles': ['admin', 'manager', 'member', 'reader'], 'is_admin_project': True, 'service_user_id': None, 'service_user_domain_id': None, 'service_project_id': None, 'service_project_domain_id': None, 'service_roles': []} {{(pid=61925) fill_context /opt/stack/keystone/keystone/server/flask/request_processing/middleware/auth_context.py:509}}
Jan 14 15:29:12 ubuntu devstack@keystone.service[61925]: DEBUG keystone.server.flask.request_processing.req_logging [None req-c9ea310d-e978-45ec-8fc0-b2384e60982a None admin] REQUEST_METHOD: `GET` {{(pid=61925) log_request_info /opt/stack/keystone/keystone/server/flask/request_processing/req_logging.py:26}}
Jan 14 15:29:12 ubuntu devstack@keystone.service[61925]: DEBUG keystone.server.flask.request_processing.req_logging [None req-c9ea310d-e978-45ec-8fc0-b2384e60982a None admin] SCRIPT_NAME: `/identity` {{(pid=61925) log_request_info /opt/stack/keystone/keystone/server/flask/request_processing/req_logging.py:27}}
Jan 14 15:29:12 ubuntu devstack@keystone.service[61925]: DEBUG keystone.server.flask.request_processing.req_logging [None req-c9ea310d-e978-45ec-8fc0-b2384e60982a None admin] PATH_INFO: `/v3/roles` {{(pid=61925) log_request_info /opt/stack/keystone/keystone/server/flask/request_processing/req_logging.py:28}}
Jan 14 15:29:12 ubuntu devstack@keystone.service[61925]: DEBUG keystone.common.rbac_enforcer.enforcer [None req-c9ea310d-e978-45ec-8fc0-b2384e60982a None admin] RBAC: Adding query filter params (name=admin) {{(pid=61925) _extract_filter_values /opt/stack/keystone/keystone/common/rbac_enforcer/enforcer.py:176}}
Jan 14 15:29:12 ubuntu devstack@keystone.service[61925]: DEBUG keystone.common.rbac_enforcer.enforcer [None req-c9ea310d-e978-45ec-8fc0-b2384e60982a None admin] RBAC: Authorizing `identity:list_roles()` {{(pid=61925) enforce_call /opt/stack/keystone/keystone/common/rbac_enforcer/enforcer.py:494}}
Jan 14 15:29:12 ubuntu devstack@keystone.service[61925]: DEBUG keystone.common.rbac_enforcer.enforcer [None req-c9ea310d-e978-45ec-8fc0-b2384e60982a None admin] RBAC: Authorization granted {{(pid=61925) enforce_call /opt/stack/keystone/keystone/common/rbac_enforcer/enforcer.py:505}}
Jan 14 15:29:12 ubuntu devstack@keystone.service[61925]: [pid: 61925|app: 0|req: 17/34] 10.120.125.138 () {58 vars in 1184 bytes} [Wed Jan 14 15:29:12 2026] GET /identity/v3/roles?name=admin => generated 343 bytes in 74 msecs (HTTP/1.1 200) 5 headers in 177 bytes (1 switches on core 0)
Jan 14 15:29:12 ubuntu devstack@keystone.service[61926]: DEBUG keystone.server.flask.request_processing.middleware.auth_context [None req-ee2c5ce4-1f4c-4782-94e8-a28a45b61b07 None None] Validating token access rules against request {{(pid=61926) validate_allowed_request /opt/stack/data/venv/lib/python3.12/site-packages/keystonemiddleware/auth_token/__init__.py:545}}
Jan 14 15:29:12 ubuntu devstack@keystone.service[61925]: DEBUG keystone.server.flask.request_processing.req_logging [None req-c9b915d6-f08b-4bf3-b8d1-f28cfcec46f0 None None] REQUEST_METHOD: `GET` {{(pid=61925) log_request_info /opt/stack/keystone/keystone/server/flask/request_processing/req_logging.py:26}}
Jan 14 15:29:12 ubuntu devstack@keystone.service[61925]: DEBUG keystone.server.flask.request_processing.req_logging [None req-c9b915d6-f08b-4bf3-b8d1-f28cfcec46f0 None None] SCRIPT_NAME: `/identity` {{(pid=61925) log_request_info /opt/stack/keystone/keystone/server/flask/request_processing/req_logging.py:27}}
Jan 14 15:29:12 ubuntu devstack@keystone.service[61925]: DEBUG keystone.server.flask.request_processing.req_logging [None req-c9b915d6-f08b-4bf3-b8d1-f28cfcec46f0 None None] PATH_INFO: `/` {{(pid=61925) log_request_info /opt/stack/keystone/keystone/server/flask/request_processing/req_logging.py:28}}
Jan 14 15:29:12 ubuntu devstack@keystone.service[61925]: [pid: 61925|app: 0|req: 18/35] 10.120.125.138 () {56 vars in 955 bytes} [Wed Jan 14 15:29:12 2026] GET /identity => generated 272 bytes in 2 msecs (HTTP/1.1 300) 6 headers in 236 bytes (1 switches on core 0)
Jan 14 15:29:12 ubuntu devstack@keystone.service[61926]: DEBUG keystone.server.flask.request_processing.middleware.auth_context [None req-00f9b5f3-5109-4246-8886-102612104250 None admin] RBAC: auth_context: {'token': <TokenModel (audit_id=GxY4NOBsTiyT1dZZs45jGw, audit_chain_id=['GxY4NOBsTiyT1dZZs45jGw']) at 0x721bc5f36330>, 'domain_id': None, 'trust_id': None, 'trustor_id': None, 'trustee_id': None, 'domain_name': None, 'group_ids': [], 'user_id': '08bff051e778441a8363c5ae81df7845', 'user_domain_id': 'default', 'system_scope': 'all', 'project_id': None, 'project_domain_id': None, 'roles': ['admin', 'manager', 'member', 'reader'], 'is_admin_project': True, 'service_user_id': None, 'service_user_domain_id': None, 'service_project_id': None, 'service_project_domain_id': None, 'service_roles': []} {{(pid=61926) fill_context /opt/stack/keystone/keystone/server/flask/request_processing/middleware/auth_context.py:509}}
Jan 14 15:29:12 ubuntu devstack@keystone.service[61926]: DEBUG keystone.server.flask.request_processing.req_logging [None req-00f9b5f3-5109-4246-8886-102612104250 None admin] REQUEST_METHOD: `GET` {{(pid=61926) log_request_info /opt/stack/keystone/keystone/server/flask/request_processing/req_logging.py:26}}
Jan 14 15:29:12 ubuntu devstack@keystone.service[61926]: DEBUG keystone.server.flask.request_processing.req_logging [None req-00f9b5f3-5109-4246-8886-102612104250 None admin] SCRIPT_NAME: `/identity` {{(pid=61926) log_request_info /opt/stack/keystone/keystone/server/flask/request_processing/req_logging.py:27}}
Jan 14 15:29:12 ubuntu devstack@keystone.service[61926]: DEBUG keystone.server.flask.request_processing.req_logging [None req-00f9b5f3-5109-4246-8886-102612104250 None admin] PATH_INFO: `/v3/domains` {{(pid=61926) log_request_info /opt/stack/keystone/keystone/server/flask/request_processing/req_logging.py:28}}
Jan 14 15:29:12 ubuntu devstack@keystone.service[61926]: DEBUG keystone.common.rbac_enforcer.enforcer [None req-00f9b5f3-5109-4246-8886-102612104250 None admin] RBAC: Adding query filter params (name=Default) {{(pid=61926) _extract_filter_values /opt/stack/keystone/keystone/common/rbac_enforcer/enforcer.py:176}}
Jan 14 15:29:12 ubuntu devstack@keystone.service[61926]: DEBUG keystone.common.rbac_enforcer.enforcer [None req-00f9b5f3-5109-4246-8886-102612104250 None admin] RBAC: Authorizing `identity:list_domains()` {{(pid=61926) enforce_call /opt/stack/keystone/keystone/common/rbac_enforcer/enforcer.py:494}}
Jan 14 15:29:12 ubuntu devstack@keystone.service[61926]: DEBUG keystone.common.rbac_enforcer.enforcer [None req-00f9b5f3-5109-4246-8886-102612104250 None admin] RBAC: Authorization granted {{(pid=61926) enforce_call /opt/stack/keystone/keystone/common/rbac_enforcer/enforcer.py:505}}
Jan 14 15:29:12 ubuntu devstack@keystone.service[61926]: [pid: 61926|app: 0|req: 18/36] 10.120.125.138 () {58 vars in 1138 bytes} [Wed Jan 14 15:29:12 2026] GET /identity/v3/domains?name=Default => generated 312 bytes in 86 msecs (HTTP/1.1 200) 5 headers in 177 bytes (2 switches on core 0)
Jan 14 15:29:12 ubuntu devstack@keystone.service[61925]: DEBUG keystone.server.flask.request_processing.middleware.auth_context [None req-c9b915d6-f08b-4bf3-b8d1-f28cfcec46f0 None None] Authenticating user token {{(pid=61925) process_request /opt/stack/data/venv/lib/python3.12/site-packages/keystonemiddleware/auth_token/__init__.py:407}}
Jan 14 15:29:12 ubuntu devstack@keystone.service[61926]: DEBUG keystone.server.flask.request_processing.middleware.auth_context [None req-00f9b5f3-5109-4246-8886-102612104250 None admin] Authenticating user token {{(pid=61926) process_request /opt/stack/data/venv/lib/python3.12/site-packages/keystonemiddleware/auth_token/__init__.py:407}}
Jan 14 15:29:12 ubuntu devstack@keystone.service[61925]: DEBUG keystone.server.flask.request_processing.middleware.auth_context [None req-c9b915d6-f08b-4bf3-b8d1-f28cfcec46f0 None None] Validating token access rules against request {{(pid=61925) validate_allowed_request /opt/stack/data/venv/lib/python3.12/site-packages/keystonemiddleware/auth_token/__init__.py:545}}
Jan 14 15:29:12 ubuntu devstack@keystone.service[61926]: DEBUG keystone.server.flask.request_processing.middleware.auth_context [None req-00f9b5f3-5109-4246-8886-102612104250 None admin] Validating token access rules against request {{(pid=61926) validate_allowed_request /opt/stack/data/venv/lib/python3.12/site-packages/keystonemiddleware/auth_token/__init__.py:545}}
Jan 14 15:29:12 ubuntu devstack@keystone.service[61925]: DEBUG keystone.server.flask.request_processing.middleware.auth_context [None req-21518a70-5187-4665-9489-684381308ead None admin] RBAC: auth_context: {'token': <TokenModel (audit_id=iFUXYY6IQ-KL6m6p_rpLIQ, audit_chain_id=['iFUXYY6IQ-KL6m6p_rpLIQ']) at 0x721bc5de5490>, 'domain_id': None, 'trust_id': None, 'trustor_id': None, 'trustee_id': None, 'domain_name': None, 'group_ids': [], 'user_id': '08bff051e778441a8363c5ae81df7845', 'user_domain_id': 'default', 'system_scope': 'all', 'project_id': None, 'project_domain_id': None, 'roles': ['admin', 'manager', 'member', 'reader'], 'is_admin_project': True, 'service_user_id': None, 'service_user_domain_id': None, 'service_project_id': None, 'service_project_domain_id': None, 'service_roles': []} {{(pid=61925) fill_context /opt/stack/keystone/keystone/server/flask/request_processing/middleware/auth_context.py:509}}
Jan 14 15:29:12 ubuntu devstack@keystone.service[61925]: DEBUG keystone.server.flask.request_processing.req_logging [None req-21518a70-5187-4665-9489-684381308ead None admin] REQUEST_METHOD: `GET` {{(pid=61925) log_request_info /opt/stack/keystone/keystone/server/flask/request_processing/req_logging.py:26}}
Jan 14 15:29:12 ubuntu devstack@keystone.service[61925]: DEBUG keystone.server.flask.request_processing.req_logging [None req-21518a70-5187-4665-9489-684381308ead None admin] SCRIPT_NAME: `/identity` {{(pid=61925) log_request_info /opt/stack/keystone/keystone/server/flask/request_processing/req_logging.py:27}}
Jan 14 15:29:12 ubuntu devstack@keystone.service[61925]: DEBUG keystone.server.flask.request_processing.req_logging [None req-21518a70-5187-4665-9489-684381308ead None admin] PATH_INFO: `/v3/users/08bff051e778441a8363c5ae81df7845` {{(pid=61925) log_request_info /opt/stack/keystone/keystone/server/flask/request_processing/req_logging.py:28}}
Jan 14 15:29:12 ubuntu devstack@keystone.service[61925]: DEBUG keystone.common.rbac_enforcer.enforcer [None req-21518a70-5187-4665-9489-684381308ead None admin] RBAC: Authorizing `identity:get_user(user_id=08bff051e778441a8363c5ae81df7845)` {{(pid=61925) enforce_call /opt/stack/keystone/keystone/common/rbac_enforcer/enforcer.py:494}}
Jan 14 15:29:12 ubuntu devstack@keystone.service[61925]: DEBUG keystone.common.rbac_enforcer.enforcer [None req-21518a70-5187-4665-9489-684381308ead None admin] RBAC: Authorization granted {{(pid=61925) enforce_call /opt/stack/keystone/keystone/common/rbac_enforcer/enforcer.py:505}}
Jan 14 15:29:12 ubuntu devstack@keystone.service[61926]: DEBUG keystone.server.flask.request_processing.middleware.auth_context [None req-980adeeb-05c9-4dd7-87f2-106abc70ff99 None admin] RBAC: auth_context: {'token': <TokenModel (audit_id=Dv5sNlRRRL2FMIxOErIZ_g, audit_chain_id=['Dv5sNlRRRL2FMIxOErIZ_g']) at 0x721bc5f88c80>, 'domain_id': None, 'trust_id': None, 'trustor_id': None, 'trustee_id': None, 'domain_name': None, 'group_ids': [], 'user_id': '08bff051e778441a8363c5ae81df7845', 'user_domain_id': 'default', 'system_scope': 'all', 'project_id': None, 'project_domain_id': None, 'roles': ['admin', 'manager', 'member', 'reader'], 'is_admin_project': True, 'service_user_id': None, 'service_user_domain_id': None, 'service_project_id': None, 'service_project_domain_id': None, 'service_roles': []} {{(pid=61926) fill_context /opt/stack/keystone/keystone/server/flask/request_processing/middleware/auth_context.py:509}}
Jan 14 15:29:12 ubuntu devstack@keystone.service[61926]: DEBUG keystone.server.flask.request_processing.req_logging [None req-980adeeb-05c9-4dd7-87f2-106abc70ff99 None admin] REQUEST_METHOD: `POST` {{(pid=61926) log_request_info /opt/stack/keystone/keystone/server/flask/request_processing/req_logging.py:26}}
Jan 14 15:29:12 ubuntu devstack@keystone.service[61926]: DEBUG keystone.server.flask.request_processing.req_logging [None req-980adeeb-05c9-4dd7-87f2-106abc70ff99 None admin] SCRIPT_NAME: `/identity` {{(pid=61926) log_request_info /opt/stack/keystone/keystone/server/flask/request_processing/req_logging.py:27}}
Jan 14 15:29:12 ubuntu devstack@keystone.service[61926]: DEBUG keystone.server.flask.request_processing.req_logging [None req-980adeeb-05c9-4dd7-87f2-106abc70ff99 None admin] PATH_INFO: `/v3/roles` {{(pid=61926) log_request_info /opt/stack/keystone/keystone/server/flask/request_processing/req_logging.py:28}}
Jan 14 15:29:12 ubuntu devstack@keystone.service[61925]: [pid: 61925|app: 0|req: 19/37] 10.120.125.138 () {58 vars in 1248 bytes} [Wed Jan 14 15:29:12 2026] GET /identity/v3/users/08bff051e778441a8363c5ae81df7845 => generated 249 bytes in 61 msecs (HTTP/1.1 200) 5 headers in 177 bytes (1 switches on core 0)
Jan 14 15:29:12 ubuntu devstack@keystone.service[61926]: DEBUG keystone.common.rbac_enforcer.enforcer [None req-980adeeb-05c9-4dd7-87f2-106abc70ff99 None admin] RBAC: Authorizing `identity:create_role()` {{(pid=61926) enforce_call /opt/stack/keystone/keystone/common/rbac_enforcer/enforcer.py:494}}
Jan 14 15:29:12 ubuntu devstack@keystone.service[61926]: DEBUG keystone.common.rbac_enforcer.enforcer [None req-980adeeb-05c9-4dd7-87f2-106abc70ff99 None admin] RBAC: Authorization granted {{(pid=61926) enforce_call /opt/stack/keystone/keystone/common/rbac_enforcer/enforcer.py:505}}
Jan 14 15:29:12 ubuntu devstack@keystone.service[61926]: DEBUG keystone.common.sql.core [None req-980adeeb-05c9-4dd7-87f2-106abc70ff99 None admin] Conflict role: (pymysql.err.IntegrityError) (1062, "Duplicate entry 'service-<<null>>' for key 'role.ixu_role_name_domain_id'")
Jan 14 15:29:12 ubuntu devstack@keystone.service[61926]: [SQL: INSERT INTO `role` (id, name, description, extra) VALUES (%(id)s, %(name)s, %(description)s, %(extra)s)]
Jan 14 15:29:12 ubuntu devstack@keystone.service[61926]: [parameters: {'id': 'ca32b633c1f7413e9b2a6cb423bfb2b1', 'name': 'service', 'description': None, 'extra': '{}'}]
Jan 14 15:29:12 ubuntu devstack@keystone.service[61926]: (Background on this error at: https://sqlalche.me/e/20/gkpj) {{(pid=61926) wrapper /opt/stack/keystone/keystone/common/sql/core.py:580}}
Jan 14 15:29:12 ubuntu devstack@keystone.service[61926]: ERROR keystone.server.flask.application [None req-980adeeb-05c9-4dd7-87f2-106abc70ff99 None admin] Conflict occurred attempting to store role - Duplicate entry found with name service.: keystone.exception.Conflict: Conflict occurred attempting to store role - Duplicate entry found with name service.
Jan 14 15:29:12 ubuntu devstack@keystone.service[61926]: ERROR keystone.server.flask.application Traceback (most recent call last):
Jan 14 15:29:12 ubuntu devstack@keystone.service[61926]: ERROR keystone.server.flask.application   File "/opt/stack/data/venv/lib/python3.12/site-packages/sqlalchemy/engine/base.py", line 1967, in _exec_single_context
Jan 14 15:29:12 ubuntu devstack@keystone.service[61926]: ERROR keystone.server.flask.application     self.dialect.do_execute(
Jan 14 15:29:12 ubuntu devstack@keystone.service[61926]: ERROR keystone.server.flask.application   File "/opt/stack/data/venv/lib/python3.12/site-packages/sqlalchemy/engine/default.py", line 951, in do_execute
Jan 14 15:29:12 ubuntu devstack@keystone.service[61926]: ERROR keystone.server.flask.application     cursor.execute(statement, parameters)
Jan 14 15:29:12 ubuntu devstack@keystone.service[61926]: ERROR keystone.server.flask.application   File "/opt/stack/data/venv/lib/python3.12/site-packages/pymysql/cursors.py", line 153, in execute
Jan 14 15:29:12 ubuntu devstack@keystone.service[61926]: ERROR keystone.server.flask.application     result = self._query(query)
Jan 14 15:29:12 ubuntu devstack@keystone.service[61926]: ERROR keystone.server.flask.application              ^^^^^^^^^^^^^^^^^^
Jan 14 15:29:12 ubuntu devstack@keystone.service[61926]: ERROR keystone.server.flask.application   File "/opt/stack/data/venv/lib/python3.12/site-packages/pymysql/cursors.py", line 322, in _query
Jan 14 15:29:12 ubuntu devstack@keystone.service[61926]: ERROR keystone.server.flask.application     conn.query(q)
Jan 14 15:29:12 ubuntu devstack@keystone.service[61926]: ERROR keystone.server.flask.application   File "/opt/stack/data/venv/lib/python3.12/site-packages/pymysql/connections.py", line 575, in query
Jan 14 15:29:12 ubuntu devstack@keystone.service[61926]: ERROR keystone.server.flask.application     self._affected_rows = self._read_query_result(unbuffered=unbuffered)
Jan 14 15:29:12 ubuntu devstack@keystone.service[61926]: ERROR keystone.server.flask.application                           ^^^^^^^^^^^^^^^^^^^^^^^^^^^^^^^^^^^^^^^^^^^^^^
Jan 14 15:29:12 ubuntu devstack@keystone.service[61926]: ERROR keystone.server.flask.application   File "/opt/stack/data/venv/lib/python3.12/site-packages/pymysql/connections.py", line 826, in _read_query_result
Jan 14 15:29:12 ubuntu devstack@keystone.service[61926]: ERROR keystone.server.flask.application     result.read()
Jan 14 15:29:12 ubuntu devstack@keystone.service[61926]: ERROR keystone.server.flask.application   File "/opt/stack/data/venv/lib/python3.12/site-packages/pymysql/connections.py", line 1203, in read
Jan 14 15:29:12 ubuntu devstack@keystone.service[61926]: ERROR keystone.server.flask.application     first_packet = self.connection._read_packet()
Jan 14 15:29:12 ubuntu devstack@keystone.service[61926]: ERROR keystone.server.flask.application                    ^^^^^^^^^^^^^^^^^^^^^^^^^^^^^^
Jan 14 15:29:12 ubuntu devstack@keystone.service[61926]: ERROR keystone.server.flask.application   File "/opt/stack/data/venv/lib/python3.12/site-packages/pymysql/connections.py", line 782, in _read_packet
Jan 14 15:29:12 ubuntu devstack@keystone.service[61926]: ERROR keystone.server.flask.application     packet.raise_for_error()
Jan 14 15:29:12 ubuntu devstack@keystone.service[61926]: ERROR keystone.server.flask.application   File "/opt/stack/data/venv/lib/python3.12/site-packages/pymysql/protocol.py", line 219, in raise_for_error
Jan 14 15:29:12 ubuntu devstack@keystone.service[61926]: ERROR keystone.server.flask.application     err.raise_mysql_exception(self._data)
Jan 14 15:29:12 ubuntu devstack@keystone.service[61926]: ERROR keystone.server.flask.application   File "/opt/stack/data/venv/lib/python3.12/site-packages/pymysql/err.py", line 150, in raise_mysql_exception
Jan 14 15:29:12 ubuntu devstack@keystone.service[61926]: ERROR keystone.server.flask.application     raise errorclass(errno, errval)
Jan 14 15:29:12 ubuntu devstack@keystone.service[61926]: ERROR keystone.server.flask.application pymysql.err.IntegrityError: (1062, "Duplicate entry 'service-<<null>>' for key 'role.ixu_role_name_domain_id'")
Jan 14 15:29:12 ubuntu devstack@keystone.service[61926]: ERROR keystone.server.flask.application 
Jan 14 15:29:12 ubuntu devstack@keystone.service[61926]: ERROR keystone.server.flask.application The above exception was the direct cause of the following exception:
Jan 14 15:29:12 ubuntu devstack@keystone.service[61926]: ERROR keystone.server.flask.application 
Jan 14 15:29:12 ubuntu devstack@keystone.service[61926]: ERROR keystone.server.flask.application Traceback (most recent call last):
Jan 14 15:29:12 ubuntu devstack@keystone.service[61926]: ERROR keystone.server.flask.application   File "/opt/stack/keystone/keystone/common/sql/core.py", line 575, in wrapper
Jan 14 15:29:12 ubuntu devstack@keystone.service[61926]: ERROR keystone.server.flask.application     return method(*args, **kwargs)
Jan 14 15:29:12 ubuntu devstack@keystone.service[61926]: ERROR keystone.server.flask.application            ^^^^^^^^^^^^^^^^^^^^^^^
Jan 14 15:29:12 ubuntu devstack@keystone.service[61926]: ERROR keystone.server.flask.application   File "/opt/stack/keystone/keystone/assignment/role_backends/sql.py", line 25, in create_role
Jan 14 15:29:12 ubuntu devstack@keystone.service[61926]: ERROR keystone.server.flask.application     with sql.session_for_write() as session:
Jan 14 15:29:12 ubuntu devstack@keystone.service[61926]: ERROR keystone.server.flask.application   File "/usr/lib/python3.12/contextlib.py", line 144, in __exit__
Jan 14 15:29:12 ubuntu devstack@keystone.service[61926]: ERROR keystone.server.flask.application     next(self.gen)
Jan 14 15:29:12 ubuntu devstack@keystone.service[61926]: ERROR keystone.server.flask.application   File "/opt/stack/data/venv/lib/python3.12/site-packages/oslo_db/sqlalchemy/enginefacade.py", line 1199, in _transaction_scope
Jan 14 15:29:12 ubuntu devstack@keystone.service[61926]: ERROR keystone.server.flask.application     with current._produce_block(
Jan 14 15:29:12 ubuntu devstack@keystone.service[61926]: ERROR keystone.server.flask.application   File "/usr/lib/python3.12/contextlib.py", line 144, in __exit__
Jan 14 15:29:12 ubuntu devstack@keystone.service[61926]: ERROR keystone.server.flask.application     next(self.gen)
Jan 14 15:29:12 ubuntu devstack@keystone.service[61926]: ERROR keystone.server.flask.application   File "/opt/stack/data/venv/lib/python3.12/site-packages/oslo_db/sqlalchemy/enginefacade.py", line 850, in _session
Jan 14 15:29:12 ubuntu devstack@keystone.service[61926]: ERROR keystone.server.flask.application     with excutils.save_and_reraise_exception():
Jan 14 15:29:12 ubuntu devstack@keystone.service[61926]: ERROR keystone.server.flask.application   File "/opt/stack/data/venv/lib/python3.12/site-packages/oslo_utils/excutils.py", line 256, in __exit__
Jan 14 15:29:12 ubuntu devstack@keystone.service[61926]: ERROR keystone.server.flask.application     self.force_reraise()
Jan 14 15:29:12 ubuntu devstack@keystone.service[61926]: ERROR keystone.server.flask.application   File "/opt/stack/data/venv/lib/python3.12/site-packages/oslo_utils/excutils.py", line 222, in force_reraise
Jan 14 15:29:12 ubuntu devstack@keystone.service[61926]: ERROR keystone.server.flask.application     raise self.value
Jan 14 15:29:12 ubuntu devstack@keystone.service[61926]: ERROR keystone.server.flask.application   File "/opt/stack/data/venv/lib/python3.12/site-packages/oslo_db/sqlalchemy/enginefacade.py", line 848, in _session
Jan 14 15:29:12 ubuntu devstack@keystone.service[61926]: ERROR keystone.server.flask.application     self._end_session_transaction(self.session)
Jan 14 15:29:12 ubuntu devstack@keystone.service[61926]: ERROR keystone.server.flask.application   File "/opt/stack/data/venv/lib/python3.12/site-packages/oslo_db/sqlalchemy/enginefacade.py", line 761, in _end_session_transaction
Jan 14 15:29:12 ubuntu devstack@keystone.service[61926]: ERROR keystone.server.flask.application     session.commit()
Jan 14 15:29:12 ubuntu devstack@keystone.service[61926]: ERROR keystone.server.flask.application   File "/opt/stack/data/venv/lib/python3.12/site-packages/sqlalchemy/orm/session.py", line 2030, in commit
