"pcp-dstat 6.2.0 CSV Output"
"Author:","PCP team <pcp@groups.io> and Dag Wieers <dag@wieers.com>",,,,"URL:","https://pcp.io/ and http://dag.wieers.com/home-made/dstat/"
"Host:","np0000094385",,,,"User:","ubuntu"
"Cmdline:","dstat -tcmndrylpg --tcp --output /tmp/devstack_logs/dstat-csv.log",,,,"Date:","17 Jun 2026 15:53:53 UTC"
"system","total usage",,,,,"memory usage",,,,"net/total",,"dsk/total",,"io/total",,"system",,"load avg",,,"procs",,,"paging",,"tcp sockets",,,,
"time","total usage:usr","total usage:sys","total usage:idl","total usage:wai","total usage:stl","used","free","buf","cach","net/total:recv","net/total:send","dsk/total:read","dsk/total:writ","read","writ","int","csw","1m","5m","15m","run","blk","new","in","out","lis","act","syn","tim","clo"
17-06 15:53:53,,1076340,1616516,162148,4968684,,,,,,,1.400,1.070,0.680,1,0,,,,10,3,1,17,0
17-06 15:53:54,11.221,19.949,67.328,0,0,1086380,1606440,162148,4968720,12499.140,3852.181,0,159.593,0,8.977,4810,2879,1.400,1.070,0.680,2,0,228.418,0,0,10,4,1,17,0
17-06 15:53:55,17.255,20.256,61.269,0,0,1080064,1612736,162152,4968736,23593.269,2929.903,0,132.041,0,6.002,4818,2633,1.450,1.080,0.690,2,0,210.065,0,0,10,4,1,11,0
17-06 15:53:56,22.734,19.986,54.712,0.500,0,1088352,1603936,162232,4969056,19684.357,7625.715,0,799.446,0,20.985,4659,2606,1.450,1.080,0.690,4,0,184.872,0,0,10,5,1,11,0
17-06 15:53:57,23.678,19.940,54.834,0.498,0,1080644,1611360,162352,4969524,41524.575,9658.825,0,2500.447,0,179.458,4927,3156,1.450,1.080,0.690,4,0,174.473,0,0,10,6,1,11,0
17-06 15:53:58,30.320,17.540,49.865,0.251,0,1046400,1644980,162500,4969516,23348.796,11650.844,0,1379.178,0,38.088,4861,4166,1.450,1.080,0.690,3,0,154.356,0,0,10,6,1,11,0
17-06 15:53:59,32.837,16.544,49.130,0.251,0,1064704,1626324,162580,4969788,18388.613,8227.751,0,1030.725,0,30.080,4732,3853,1.450,1.080,0.690,1,0,134.355,0,0,10,5,1,11,1
17-06 15:54:00,32.410,16.953,49.114,0.748,0,1038060,1652576,162728,4969912,43239.477,11310.735,0,7802.432,0,354.021,5711,5510,1.580,1.120,0.700,1,0,138.617,0,0,10,4,1,11,2
17-06 15:54:01,32.541,12.265,48.061,5.257,0,1041440,1647768,162824,4971136,20100.314,7852.890,797.004,1193.503,23.029,27.034,5452,5993,1.580,1.120,0.700,2,0,114.144,0,0,10,4,1,11,2
17-06 15:54:02,27.748,13.999,56.746,0.750,0,1036880,1634400,162976,4988132,182446.123,10423.264,215.985,11031.221,14.999,43.997,3284,1573,1.580,1.120,0.700,1,0,35.997,0,0,10,4,1,11,2
17-06 15:54:03,23.002,2.000,73.255,0.500,0,1022544,1637760,163416,4997468,25277.871,1620.120,0,2096.155,0,169.013,1995,1267,1.580,1.120,0.700,1,1,1.000,0,0,10,4,1,11,2
17-06 15:54:04,23.003,2.500,73.761,0.500,0,1020008,1616188,164368,5017548,8726.272,1620.236,0,1576.230,0,41.006,1899,1299,1.580,1.120,0.700,1,0,0,0,0,10,4,1,11,2
17-06 15:54:05,23.502,3.000,72.755,0.500,0,1016404,1598540,164820,5036524,11877.880,1620.120,0,17229.277,0,114.008,2158,1523,1.530,1.110,0.710,1,0,0,0,0,10,4,1,11,2
17-06 15:54:06,21.996,3.749,71.736,1.000,0,1015500,1582120,165896,5050164,8694.307,1619.685,0,3083.400,0,113.978,2346,1790,1.530,1.110,0.710,1,0,5.999,0,0,10,4,1,11,2
17-06 15:54:07,22.999,2.000,73.497,0.500,0,1022920,1544644,166856,5076652,7576.702,1457.943,0,2187.914,0,72.997,1924,1450,1.530,1.110,0.710,1,0,1.000,0,0,10,4,1,11,2
17-06 15:54:08,22.259,2.751,73.780,0.500,0,1017180,1562368,167284,5063524,15733.409,2100.856,0,1100.448,0,38.015,1856,1112,1.530,1.110,0.710,1,0,2.001,0,0,10,2,1,11,0
17-06 15:54:09,20.491,3.498,74.967,0,0,1044184,1535324,167312,5063532,33216.464,2694.821,0,0,0,0,2151,1042,1.530,1.110,0.710,0,0,32.986,0,0,10,3,1,11,0
17-06 15:54:10,29.502,6.500,63.754,0.250,0,1035876,1536484,167472,5069844,17486.083,3725.231,0,1476.091,0,21.001,2964,12726,1.650,1.150,0.720,1,0,39.002,0,0,10,2,1,12,0
17-06 15:54:11,22.000,5.750,69.751,0,0,1035064,1535924,167528,5070812,7963.147,1458.027,0,8.000,0,2.000,11971,21759,1.650,1.150,0.720,1,0,13.000,0,0,10,2,1,9,0
17-06 15:54:12,23.998,5.500,67.745,0,0,1036080,1534836,167556,5070832,14563.872,131679.800,0,991.923,0,96.992,11013,19945,1.650,1.150,0.720,1,0,6.000,0,0,10,2,1,9,0
17-06 15:54:13,20.002,5.251,73.757,0.250,0,972724,1606128,167568,5063624,9063.885,1524.149,0,1816.177,0,13.001,1980,1085,1.650,1.150,0.720,2,0,15.001,0,0,10,2,1,9,0
17-06 15:54:14,13.242,1.999,84.947,0,0,917456,1661484,167568,5063544,8699.561,1618.988,0,3.998,0,0.999,1295,805,1.650,1.150,0.720,0,0,3.998,0,0,10,2,1,9,0
17-06 15:54:15,0.500,2.250,96.263,0,0,915276,1663628,167568,5063576,21375.964,1458.202,0,12321.708,0,59.008,770,748,1.520,1.130,0.720,1,0,0,0,0,10,2,1,9,0
17-06 15:54:16,0.500,0.250,98.948,0,0,911144,1667760,167568,5063576,12581.356,1619.145,0,0,0,0,505,545,1.520,1.130,0.720,0,0,0,0,0,10,2,1,9,0
17-06 15:54:17,0.499,0.249,97.999,0,0,906100,1672804,167568,5063576,10084.143,1615.857,0,15.959,0,2.992,554,603,1.520,1.130,0.720,0,0,0.997,0,0,10,2,1,9,0
17-06 15:54:18,0.251,0.502,99.065,0,0,901968,1676952,167568,5063576,12253.959,1462.650,0,858.730,0,2.006,534,564,1.520,1.130,0.720,0,0,0,0,0,10,2,1,9,0
17-06 15:54:19,0.750,0.500,98.463,0,0,897680,1681240,167568,5063576,9938.229,1619.386,0,0,0,0,491,549,1.520,1.130,0.720,0,0,0,0,0,10,2,1,9,0
17-06 15:54:20,1.001,1.001,97.327,0.250,0,894600,1684360,167568,5063564,10672.463,1621.286,0,13042.343,0,46.037,737,753,1.390,1.110,0.710,0,0,2.002,0,0,10,2,0,9,0
17-06 15:54:21,0,0.250,98.964,0,0,892096,1686860,167572,5063564,9277.592,1457.465,0,35.987,0,1.000,469,545,1.390,1.110,0.710,0,0,0,0,0,10,2,0,9,0
17-06 15:54:22,0.500,0.250,98.539,0,0,890220,1688736,167572,5063564,8120.230,1620.645,0,0,0,0,447,550,1.390,1.110,0.710,0,0,0,0,0,10,2,0,9,0
17-06 15:54:23,0.500,0.500,98.736,0,0,888980,1689976,167572,5063564,7646.893,1619.766,0,279.959,0,3.999,469,556,1.390,1.110,0.710,0,0,0,0,0,10,2,0,9,0
17-06 15:54:24,0.747,0,98.418,0,0,888920,1690036,167572,5063564,10456.777,1614.561,0,0,0,0,499,557,1.390,1.110,0.710,0,0,0,0,0,10,2,0,9,0
17-06 15:54:25,0.251,1.505,97.839,0,0,886164,1692796,167572,5063564,10121.036,1625.627,0,19278.738,0,95.330,760,791,1.280,1.090,0.710,0,0,0,0,0,10,2,0,9,0
17-06 15:54:26,0.250,0.250,98.465,0,0,882024,1696936,167572,5063564,22592.008,1457.484,0,0,0,0,491,543,1.280,1.090,0.710,0,0,0,0,0,10,2,0,9,0
17-06 15:54:27,0.500,0.500,98.765,0,0,879136,1699824,167572,5063564,9120.412,1620.251,0,0,0,0,519,589,1.280,1.090,0.710,0,0,1.000,0,0,10,2,0,9,0
17-06 15:54:28,0.500,0.250,98.744,0,0,876524,1702436,167572,5063564,11410.318,1619.903,0,131.992,0,24.999,522,564,1.280,1.090,0.710,0,0,0,0,0,10,2,0,9,0
17-06 15:54:29,0.250,0.250,98.734,0,0,873988,1704964,167576,5063568,8763.570,1619.736,0,443.928,0,3.999,485,569,1.280,1.090,0.710,0,0,0,0,0,10,2,0,9,0
17-06 15:54:30,0.750,0.750,98.018,0.250,0,871964,1706988,167576,5063568,7656.429,1458.272,0,13838.582,0,434.081,613,639,1.180,1.070,0.700,0,0,0,0,0,10,2,0,9,0
17-06 15:54:31,0,0.250,98.981,0,0,871336,1707616,167576,5063568,10327.996,1187.769,0,0,0,0,479,538,1.180,1.070,0.700,0,0,0,0,0,10,2,0,9,0
17-06 15:54:32,0.250,0.250,98.530,0,0,871164,1707788,167576,5063568,12915.953,1458.446,0,0,0,0,507,547,1.180,1.070,0.700,0,0,0,0,0,10,2,0,9,0
17-06 15:54:33,0.750,0.250,98.987,0,0,871084,1707868,167576,5063568,9216.787,1565.794,0,91.988,0,13.998,497,555,1.180,1.070,0.700,0,0,0,0,0,10,2,0,9,0
17-06 15:54:34,0,0.500,98.768,0.250,0,871232,1707868,167576,5063568,10984.010,1662.304,0,56.010,0,3.001,546,570,1.180,1.070,0.700,0,0,0,0,0,10,2,0,9,0
17-06 15:54:35,0.500,1.749,96.701,0,0,871232,1707868,167576,5063568,9661.135,1511.239,0,26850.480,0,120.939,823,828,1.080,1.050,0.700,1,0,0,0,0,10,2,0,9,0
17-06 15:54:36,0.250,1.250,97.492,0,0,870980,1708120,167576,5063568,10447.125,1619.864,0,21830.171,0,88.993,732,743,1.080,1.050,0.700,0,0,0,0,0,10,2,0,9,0
17-06 15:54:37,0.500,0.250,98.792,0,0,870980,1708120,167576,5063568,10843.599,1662.705,0,0,0,0,568,599,1.080,1.050,0.700,0,0,1.000,0,0,10,2,0,9,0
17-06 15:54:38,0.500,0,99.249,0,0,870980,1708120,167576,5063568,19043.744,1565.979,0,0,0,0,462,540,1.080,1.050,0.700,0,0,0,0,0,10,2,0,9,0
17-06 15:54:39,0,0.500,98.263,0,0,870980,1708120,167576,5063568,12060.548,1620.208,0,728.093,0,2.000,538,565,1.080,1.050,0.700,0,0,0,0,0,10,2,0,9,0
17-06 15:54:40,0.500,0.250,98.507,0,0,870980,1708120,167576,5063568,9935.718,1620.117,0,0,0,0,490,554,1,1.040,0.700,0,0,0,0,0,10,2,0,5,0
17-06 15:54:41,0.500,2.749,96.706,0,0.250,870976,1708120,167576,5063572,11761.699,1619.270,0,43668.318,0,188.915,1039,992,1,1.040,0.700,0,0,0,0,0,10,2,0,5,0
17-06 15:54:42,0.250,0.250,98.545,0,0,870976,1708120,167576,5063572,10226.674,1620.741,0,0,0,0,529,555,1,1.040,0.700,0,0,0,0,0,10,2,0,5,0
17-06 15:54:43,5.999,1.250,92.231,0,0,873244,1705852,167576,5063572,143243.016,3187.333,0,0,0,0,1002,777,1,1.040,0.700,1,0,2.999,0,0,10,2,0,5,0
17-06 15:54:44,16.005,3.001,80.275,0,0,876720,1702376,167576,5063576,294031.683,10141.162,0,0,0,0,2302,1359,1,1.040,0.700,1,0,22.007,0,0,10,2,0,4,0
17-06 15:54:45,10.996,3.249,80.972,3.249,0,879528,1699372,167584,5063764,156956.983,9376.713,107.962,863.697,4.998,2.999,2000,1237,1,1.030,0.700,0,0,18.993,0,0,10,2,0,4,0
