"pcp-dstat 6.2.0 CSV Output"
"Author:","PCP team <pcp@groups.io> and Dag Wieers <dag@wieers.com>",,,,"URL:","https://pcp.io/ and http://dag.wieers.com/home-made/dstat/"
"Host:","np0000094371",,,,"User:","ubuntu"
"Cmdline:","dstat -tcmndrylpg --tcp --output /tmp/devstack_logs/dstat-csv.log",,,,"Date:","16 Jun 2026 19:51:41 UTC"
"system","total usage",,,,,"memory usage",,,,"net/total",,"dsk/total",,"io/total",,"system",,"load avg",,,"procs",,,"paging",,"tcp sockets",,,,
"time","total usage:usr","total usage:sys","total usage:idl","total usage:wai","total usage:stl","used","free","buf","cach","net/total:recv","net/total:send","dsk/total:read","dsk/total:writ","read","writ","int","csw","1m","5m","15m","run","blk","new","in","out","lis","act","syn","tim","clo"
16-06 19:51:41,,1054048,1619736,162776,4986144,,,,,,,1.390,1.070,0.680,1,0,,,,10,4,0,17,0
16-06 19:51:42,8.471,19.185,69.765,0,0.249,1060000,1613760,162776,4986168,11681.664,1746.120,0,0,0,0,4645,2986,1.390,1.070,0.680,1,0,229.228,0,0,10,3,0,15,1
16-06 19:51:43,8.760,19.272,69.077,0,0,1049112,1624632,162776,4986184,11547.931,1621.816,0,0,0,0,4472,2664,1.390,1.070,0.680,1,0,211.237,0,0,10,3,0,15,1
16-06 19:51:44,10.002,19.505,68.017,0,0,1044464,1629224,162776,4986240,11314.787,1458.359,0,36.009,0,6.001,4540,2622,1.360,1.070,0.680,1,0,194.048,0,0,10,3,0,15,1
16-06 19:51:45,10.252,20.504,67.762,0,0,1026820,1646848,162776,4986256,7806.392,1620.289,0,420.075,0,56.010,4443,2507,1.360,1.070,0.680,1,0,176.031,0,0,10,3,0,15,1
16-06 19:51:46,17.753,16.503,63.260,0,0,967212,1706428,162776,4986264,11669.776,1620.247,0,8.001,0,2.000,4563,4663,1.360,1.070,0.680,1,0,139.021,0,0,10,3,0,11,1
16-06 19:51:47,16.243,17.742,63.973,0,0.250,962320,1711300,162776,4986708,9754.850,1457.380,0,11.995,0,2.999,4624,4360,1.360,1.070,0.680,1,0,148.937,0,0,10,3,0,11,1
16-06 19:51:48,20.499,15.999,62.496,0,0,956644,1716964,162776,4986280,22264.553,1619.895,0,0,0,0,5160,6030,1.360,1.070,0.680,2,0,110.993,0,0,10,3,0,11,1
16-06 19:51:49,17.499,16.249,63.746,0.750,0.250,977056,1695672,162784,4987120,11438.368,1457.919,795.956,0,22.999,0,5311,5234,1.890,1.180,0.720,3,0,147.992,0,0,10,3,0,11,1
16-06 19:51:50,12.250,12.500,72.499,1.500,0.250,968056,1704108,162804,4987380,9900.871,1619.979,215.997,8655.887,15.000,29.000,3065,2721,1.890,1.180,0.720,0,0,32.000,0,0,10,3,0,11,1
16-06 19:51:51,0.500,0.250,98.250,0,0,967396,1704768,162804,4987380,11619.956,1619.994,0,0,0,0,609,649,1.890,1.180,0.720,0,0,1.000,0,0,10,3,0,11,1
16-06 19:51:52,0.500,0.500,98.973,0,0,966016,1706148,162804,4987380,12388.632,1457.604,0,0,0,0,527,560,1.890,1.180,0.720,0,0,0,0,0,10,3,0,11,1
16-06 19:51:53,3.750,0,95.258,0,0,964808,1707356,162804,4987380,7736.683,2768.244,0,4.000,0,1.000,666,596,1.890,1.180,0.720,0,0,0,0,0,10,3,0,11,2
16-06 19:51:54,0.250,0.750,98.495,0,0,964192,1707972,162804,4987380,10865.467,1457.929,0,0,0,0,528,554,1.740,1.160,0.720,0,0,0,0,0,10,3,0,11,2
16-06 19:51:55,1.000,0.750,98.019,0,0,956260,1715904,162804,4987380,11874.271,1620.310,0,15462.957,0,70.013,721,719,1.740,1.160,0.720,1,0,0,0,0,10,3,0,11,2
16-06 19:51:56,0,0.250,98.500,0,0,956128,1716036,162804,4987380,12237.984,1619.998,0,1163.998,0,118.000,683,601,1.740,1.160,0.720,0,0,0,0,0,10,3,0,11,2
16-06 19:51:57,0.500,0.250,98.990,0,0,955432,1716732,162804,4987380,12750.698,1619.835,0,0,0,0,513,544,1.740,1.160,0.720,0,0,0,0,0,10,3,0,11,2
16-06 19:51:58,0.750,0.500,98.227,0,0,955432,1716732,162804,4987380,16845.972,2644.368,0,1439.656,0,56.986,584,602,1.740,1.160,0.720,0,0,0,0,0,10,3,0,10,1
16-06 19:51:59,15.277,1.002,83.146,0.250,0,955328,1716508,162844,4987632,32323.947,4636.168,0,276.487,0,10.018,1215,681,1.600,1.140,0.710,0,0,0,0,0,10,4,0,10,1
16-06 19:52:00,18.485,2.998,76.939,0.250,0,944244,1727480,162948,4987648,35628.545,140040.158,0,21167.095,0,531.575,1925,1073,1.600,1.140,0.710,0,0,0,0,0,10,5,0,10,1
16-06 19:52:01,16.476,1.248,81.881,0.749,0,944352,1726988,163096,4988008,33366.416,12372.984,0,1841.319,0,46.932,1472,980,1.600,1.140,0.710,1,0,0.999,0,0,10,5,0,10,1
16-06 19:52:02,18.723,1.248,77.639,0.499,0,964608,1706392,163192,4988168,22807.497,8801.457,0,3075.617,0,40.942,1490,756,1.600,1.140,0.710,1,0,0,0,0,10,5,0,9,1
16-06 19:52:03,15.750,0.750,82.500,0.750,0,964136,1706392,163348,4988408,46157.777,12719.938,0,1327.994,0,45.000,1388,900,1.600,1.140,0.710,2,0,0,0,0,10,5,0,9,1
16-06 19:52:04,21.050,2.506,75.931,0.251,0,979480,1690584,163448,4988692,23579.109,8970.346,0,858.042,0,27.064,1675,799,1.630,1.160,0.720,0,0,6.014,0,0,10,4,0,9,2
16-06 19:52:05,19.198,2.244,77.042,0.748,0,978184,1674484,163568,5005372,184351.675,8915.899,0,17492.715,0,83.774,1577,856,1.630,1.160,0.720,4,0,0,0,0,10,4,0,9,2
16-06 19:52:06,22.567,3.260,72.966,0.752,0,980292,1655484,164388,5019288,10482.075,1624.817,0,18049.509,0,161.479,2042,1455,1.630,1.160,0.720,2,0,1.003,0,0,10,4,0,9,2
16-06 19:52:07,23.499,1.750,73.247,0.500,0,985152,1632336,164900,5034944,9103.579,1619.925,0,1275.941,0,30.999,1843,1193,1.630,1.160,0.720,1,0,0,0,0,10,4,0,9,2
16-06 19:52:08,23.499,1.500,73.498,0.500,0,997488,1599204,165356,5053652,6648.801,1457.956,0,1251.963,0,47.999,1889,1339,1.630,1.160,0.720,1,0,0,0,0,10,4,0,9,2
16-06 19:52:09,21.999,2.250,73.745,1.250,0,997628,1582780,166400,5066260,7616.485,1619.890,0,2711.817,0,107.993,1994,1627,1.580,1.150,0.720,1,0,0,0,0,10,4,0,9,2
16-06 19:52:10,22.005,2.751,73.518,0.750,0,999268,1551936,167272,5092036,12153.900,1620.387,0,1820.434,0,66.016,1900,1345,1.580,1.150,0.720,1,0,0,0,0,10,4,0,9,2
16-06 19:52:11,22.488,2.499,73.710,0.500,0,1002160,1558864,167808,5080776,23415.363,1936.955,0,1499.191,0,55.970,2007,1335,1.580,1.150,0.720,2,0,2.998,0,0,10,2,0,9,0
16-06 19:52:12,22.260,3.502,73.532,0,0,1022664,1538332,167828,5080784,10535.645,324.143,0,0,0,0,1819,962,1.580,1.150,0.720,1,0,17.007,0,0,10,2,0,9,0
16-06 19:52:13,18.286,2.755,78.154,0.250,0,1023944,1530472,167952,5086564,15314.249,4648.181,0,1462.889,0,19.038,1709,971,1.580,1.150,0.720,1,0,18.036,0,0,10,2,0,9,0
16-06 19:52:14,22.449,4.240,71.836,0,0,1025716,1527900,167968,5087180,11528.681,1616.310,0,0,0,0,7709,13281,1.540,1.150,0.720,2,0,5.986,0,0,10,2,0,9,0
16-06 19:52:15,22.005,4.251,72.516,0,0,1018268,1534080,167988,5088184,9764.122,1620.352,0,88.019,0,1.000,6198,9863,1.540,1.150,0.720,1,0,9.002,0,0,10,2,0,9,0
16-06 19:52:16,22.000,7.000,69.749,0,0,1029992,1522180,168024,5088276,9431.908,1619.984,0,87.999,0,1.000,7131,14460,1.540,1.150,0.720,1,0,19.000,0,0,10,2,0,9,0
16-06 19:52:17,18.995,3.749,76.729,0.250,0,991420,1568848,168036,5080888,13763.198,1619.553,0,1667.539,0,13.996,1776,965,1.540,1.150,0.720,0,0,4.999,0,0,10,2,0,9,0
16-06 19:52:18,0.250,0,98.729,0,0,981224,1579044,168036,5080888,10747.724,1457.691,0,0,0,0,485,526,1.540,1.150,0.720,0,0,0,0,0,10,2,0,9,0
16-06 19:52:19,0.250,0.500,99.003,0,0,970292,1589976,168036,5080888,8224.220,1620.043,0,4.000,0,1.000,439,551,1.410,1.130,0.720,0,0,0,0,0,10,2,0,9,0
16-06 19:52:20,0.500,0,98.760,0,0,958272,1601996,168036,5080888,12111.201,1620.161,0,0,0,0,469,534,1.410,1.130,0.720,0,0,0,0,0,10,2,0,9,0
16-06 19:52:21,0.250,0.750,98.501,0,0,947752,1612516,168036,5080888,11192.109,1458.014,0,84.001,0,2.000,558,621,1.410,1.130,0.720,0,0,1.000,0,0,10,2,0,9,0
16-06 19:52:22,0.500,0.250,98.497,0,0,938552,1621712,168040,5080888,12690.664,1619.957,0,331.991,0,2.000,498,536,1.410,1.130,0.720,0,0,0,0,0,10,2,0,9,0
16-06 19:52:23,0.750,0.250,98.984,0,0,930496,1629768,168040,5080888,23858.047,1457.758,0,3.999,0,1.000,499,532,1.410,1.130,0.720,0,0,0,0,0,10,2,0,9,0
16-06 19:52:24,10.503,5.251,82.522,0,0,929988,1630272,168040,5080796,8754.289,1620.424,0,0,0,0,2013,8279,1.380,1.130,0.720,0,0,36.009,0,0,10,2,0,10,0
16-06 19:52:25,0.500,0,99.224,0,0,903632,1656628,168040,5080892,11368.058,1619.581,0,7.998,0,1.000,478,546,1.380,1.130,0.720,0,0,0,0,0,10,2,0,10,0
16-06 19:52:26,0.500,0.500,98.769,0,0,899836,1660424,168040,5080892,8987.765,1458.286,0,0,0,0,466,549,1.380,1.130,0.720,0,0,0,0,0,10,2,0,10,0
16-06 19:52:27,0,0.250,98.235,0,0,895832,1664428,168040,5080892,7643.811,1619.748,0,0,0,0,443,527,1.380,1.130,0.720,0,0,0,0,0,10,2,0,4,0
16-06 19:52:28,0.750,0,99.243,0,0,893308,1666952,168040,5080892,10420.261,1457.897,0,31.998,0,2.000,504,566,1.380,1.130,0.720,0,0,0,0,0,10,2,0,4,0
16-06 19:52:29,0,0.500,98.769,0.250,0,891336,1668924,168040,5080892,11862.271,1620.310,0,208.040,0,40.008,516,554,1.270,1.110,0.720,0,0,0,0,0,10,2,0,4,0
16-06 19:52:30,0.750,0.250,98.737,0,0,890736,1669520,168040,5080896,10747.536,1457.801,0,0,0,0,461,522,1.270,1.110,0.720,0,0,0,0,0,10,2,0,4,0
16-06 19:52:31,6.249,1.750,91.235,0,0,903552,1656704,168040,5080896,144382.408,3349.453,0,6434.949,0,147.976,1258,884,1.270,1.110,0.720,1,0,3.999,0,0,10,2,0,4,0
16-06 19:52:32,15.031,2.756,80.414,0,0,910588,1649668,168040,5080896,290584.246,10158.705,0,0,0,0,2269,1324,1.270,1.110,0.720,1,0,22.045,0,0,10,2,0,4,0
16-06 19:52:33,13.726,4.492,80.612,0.250,0,897016,1663156,168044,5081004,305346.806,12917.866,107.815,115.802,4.991,3.993,2440,1487,1.270,1.110,0.720,1,0,21.962,0,0,10,2,0,4,0
