"pcp-dstat 6.2.0 CSV Output"
"Author:","PCP team <pcp@groups.io> and Dag Wieers <dag@wieers.com>",,,,"URL:","https://pcp.io/ and http://dag.wieers.com/home-made/dstat/"
"Host:","np0000094204",,,,"User:","ubuntu"
"Cmdline:","dstat -tcmndrylpg --tcp --output /tmp/devstack_logs/dstat-csv.log",,,,"Date:","01 Jun 2026 22:19:17 UTC"
"system","total usage",,,,,"memory usage",,,,"net/total",,"dsk/total",,"io/total",,"system",,"load avg",,,"procs",,,"paging",,"tcp sockets",,,,
"time","total usage:usr","total usage:sys","total usage:idl","total usage:wai","total usage:stl","used","free","buf","cach","net/total:recv","net/total:send","dsk/total:read","dsk/total:writ","read","writ","int","csw","1m","5m","15m","run","blk","new","in","out","lis","act","syn","tim","clo"
01-06 22:19:17,,1071320,1574324,162944,5014468,,,,,,,1.130,1.030,0.660,2,0,,,,10,5,0,17,0
01-06 22:19:18,24.678,20.690,52.847,0.249,0,1081212,1564076,163032,5014604,20635.118,10302.104,0,1001.095,0,29.913,5711,4714,1.200,1.040,0.670,1,0,229.334,0,0,10,5,0,17,0
01-06 22:19:19,21.009,21.509,55.774,0.500,0,1088676,1556152,163164,5014888,42521.640,11984.254,0,1320.579,0,41.018,4986,2939,1.200,1.040,0.670,2,0,220.096,0,0,10,6,0,15,0
01-06 22:19:20,27.236,21.989,48.726,0.500,0,1094912,1549516,163260,5015136,18534.782,8691.677,0,2310.851,0,114.943,4868,2742,1.200,1.040,0.670,3,0,187.907,0,0,10,6,0,15,0
01-06 22:19:21,29.245,19.997,49.242,0.500,0,1080448,1563432,163400,5015816,46588.770,12465.066,0,1535.762,0,47.993,5296,4387,1.200,1.040,0.670,3,0,170.973,0,0,10,5,0,15,1
01-06 22:19:22,32.506,17.503,48.259,0.500,0,1057828,1585664,163500,5015608,20732.891,8922.674,0,1280.240,0,73.014,4589,2528,1.200,1.040,0.670,3,0,141.026,0,0,10,4,0,15,2
01-06 22:19:23,37.018,18.509,42.771,0.750,0,1044688,1581760,163640,5032300,192811.495,13947.908,0,1592.789,0,41.020,5836,6672,1.430,1.090,0.690,3,0,154.076,0,0,10,4,0,11,2
01-06 22:19:24,39.987,15.995,41.986,1.000,0,1050164,1562124,164508,5043028,11334.257,1661.451,239.921,1667.449,9.997,67.978,5750,5792,1.430,1.090,0.690,3,0,136.955,0,0,10,4,0,11,2
01-06 22:19:25,38.004,15.502,44.004,1.250,0,1056860,1535868,165000,5059920,9043.914,1620.164,772.078,1564.158,28.003,32.003,4834,4080,1.430,1.090,0.690,2,0,79.008,0,0,10,4,0,11,2
01-06 22:19:26,27.738,8.496,62.723,1.249,0,1052092,1516528,165708,5080988,7166.906,1619.301,0,10839.321,0,109.953,2660,1728,1.430,1.090,0.690,1,0,11.995,0,0,10,4,0,11,2
01-06 22:19:27,22.253,2.500,73.258,1.000,0,1058524,1479512,166840,5107348,5802.661,1512.172,0,2396.273,0,90.010,1930,1588,1.430,1.090,0.690,1,0,1.000,0,0,10,4,0,11,2
01-06 22:19:28,22.495,2.250,73.735,0.750,0,1065792,1475708,167652,5101324,5328.918,2099.574,0,2183.557,0,71.985,1844,1419,1.390,1.090,0.690,1,0,0,0,0,10,2,0,11,0
01-06 22:19:29,21.753,4.001,73.509,0,0,1084384,1457208,167672,5101284,9565.209,1566.198,0,128.016,0,5.001,1846,1023,1.390,1.090,0.690,1,0,19.002,0,0,10,2,0,11,0
01-06 22:19:30,18.755,3.251,76.772,0.500,0,1066472,1468876,168084,5106460,15750.459,4802.359,0,1660.470,0,20.006,1833,1057,1.390,1.090,0.690,2,0,24.007,0,0,10,2,0,11,0
01-06 22:19:31,33.053,9.515,56.590,0,0,1070932,1462384,168172,5108180,9262.713,1514.405,0,0,0,0,6260,21380,1.390,1.090,0.690,1,0,43.068,0,0,10,2,0,11,0
01-06 22:19:32,20.484,4.746,73.442,0,0,1044188,1488368,168240,5108684,6784.671,1564.771,0,95.925,0,1.998,2366,2121,1.390,1.090,0.690,2,0,11.991,0,0,10,2,0,11,0
01-06 22:19:33,22.151,6.471,68.942,0,0,1039444,1492924,168284,5108780,10410.526,1505.280,0,87.609,0,0.996,9454,17080,1.360,1.090,0.690,1,0,14.933,0,0,10,2,0,11,0
01-06 22:19:34,20.827,5.269,73.271,0,0,994164,1546452,168300,5101292,13455.773,144865.862,0,16424.755,0,90.334,2147,1189,1.360,1.090,0.690,0,0,5.019,0,0,10,2,0,11,0
01-06 22:19:35,0.250,0.750,98.969,0,0,991940,1548676,168300,5101292,7208.752,1631.491,0,3.999,0,1.000,469,573,1.360,1.090,0.690,0,0,0,0,0,10,2,0,10,0
01-06 22:19:36,0.500,0,98.495,0,0,991940,1548676,168300,5101292,5339.737,1511.926,0,8.000,0,1.000,475,590,1.360,1.090,0.690,0,0,0,0,0,10,2,0,10,0
01-06 22:19:37,0.500,0.250,98.999,0,0,989384,1551232,168300,5101292,9237.916,1619.985,0,0,0,0,504,636,1.360,1.090,0.690,1,0,1.000,0,0,10,2,0,10,0
01-06 22:19:38,0.500,0.250,98.723,0,0,986428,1554184,168300,5101296,8810.553,1565.565,0,0,0,0,461,574,1.250,1.070,0.690,0,0,0,0,0,10,2,0,10,0
01-06 22:19:39,0.500,2.249,95.974,0.250,0,982548,1558056,168308,5101296,9497.389,1619.555,0,26016.848,0,662.818,942,924,1.250,1.070,0.690,0,0,0,0,0,10,2,0,9,0
01-06 22:19:40,0.250,0.250,99.005,0,0,980744,1559732,168308,5101424,7470.365,1620.079,0,0,0,0,454,562,1.250,1.070,0.690,0,0,0,0,0,10,2,0,9,0
01-06 22:19:41,0,0,98.523,0,0,976832,1563644,168308,5101424,9693.305,1512.360,0,8.002,0,2.000,503,608,1.250,1.070,0.690,0,0,0,0,0,10,2,0,9,0
01-06 22:19:42,0.750,0.999,98.698,0,0,967972,1572504,168308,5101424,8325.588,1619.142,0,3.998,0,0.999,468,564,1.250,1.070,0.690,0,0,0,0,0,10,2,0,9,0
01-06 22:19:43,0.250,0,99.047,0,0,953420,1587056,168308,5101424,18245.708,1620.774,0,0,0,0,438,550,1.150,1.050,0.690,0,0,0,0,0,10,2,0,9,0
01-06 22:19:44,0.750,2.250,93.746,2.750,0,937300,1603144,168308,5101456,14973.320,1619.926,0,32746.514,0,146.993,998,940,1.150,1.050,0.690,0,0,0,0,0,10,2,0,9,0
01-06 22:19:45,0.250,0.750,98.770,0,0,924156,1616288,168308,5101456,10017.057,1566.322,0,2260.464,0,14.003,512,592,1.150,1.050,0.690,0,0,0,0,0,10,2,0,9,0
01-06 22:19:46,0.250,0,98.998,0,0,917592,1622852,168308,5101456,5242.887,1511.967,0,0,0,0,458,584,1.150,1.050,0.690,0,0,0,0,0,10,2,0,9,0
01-06 22:19:47,0.500,0.250,98.251,0,0,911428,1629016,168308,5101456,9607.094,1566.015,0,4.000,0,1.000,522,628,1.150,1.050,0.690,0,0,1.000,0,0,10,2,0,9,0
01-06 22:19:48,0.500,0,98.735,0,0,906356,1634088,168308,5101456,7159.904,1511.769,0,3.999,0,1.000,463,547,1.060,1.030,0.680,0,0,0,0,0,10,2,0,9,0
01-06 22:19:49,0.250,0.500,98.951,0,0,901740,1638704,168308,5101456,10975.536,1619.194,0,0,0,0,501,568,1.060,1.030,0.680,0,0,0,0,0,10,2,0,9,0
01-06 22:19:50,0.250,0.500,98.829,0,0,897964,1642476,168308,5101460,5178.143,1567.254,0,2694.156,0,5.004,469,576,1.060,1.030,0.680,0,0,0,0,0,10,2,0,9,0
01-06 22:19:51,0.500,0,98.488,0.250,0,894968,1645472,168308,5101460,5723.308,1511.817,0,983.881,0,103.987,497,620,1.060,1.030,0.680,0,0,0,0,0,10,2,0,9,0
01-06 22:19:52,0.250,0.500,99.001,0,0,894092,1646348,168308,5101460,8382.061,1620.012,0,0,0,0,459,533,1.060,1.030,0.680,0,0,0,0,0,10,2,0,9,0
01-06 22:19:53,0.250,0,98.492,0,0,893840,1646600,168308,5101460,10461.126,1607.866,0,4.000,0,1.000,491,578,0.970,1.020,0.680,0,0,0,0,0,10,2,0,9,0
01-06 22:19:54,1.000,0.250,99.013,0,0,893840,1646600,168308,5101460,6753.897,1512.201,0,8.001,0,1.000,455,562,0.970,1.020,0.680,0,0,0,0,0,10,2,0,9,0
01-06 22:19:55,0.250,1.750,97.231,0.250,0,893792,1646856,168308,5101460,9309.203,1619.687,0,18676.396,0,80.984,758,827,0.970,1.020,0.680,0,0,0,0,0,10,2,0,9,0
01-06 22:19:56,0,0.250,98.764,0,0,894016,1646632,168308,5101460,6951.007,1620.235,0,736.107,0,116.017,528,633,0.970,1.020,0.680,0,0,0,0,0,10,2,0,9,0
01-06 22:19:57,0.750,0,98.510,0,0,893984,1646664,168308,5101460,11311.155,1620.165,0,0,0,0,543,617,0.970,1.020,0.680,0,0,1.000,0,0,10,2,0,9,0
01-06 22:19:58,0.500,0.500,98.975,0,0,893984,1646664,168308,5101460,8985.695,1661.574,0,0,0,0,479,544,0.900,1,0.670,1,0,0,0,0,10,2,0,9,0
01-06 22:19:59,0.250,0.250,98.462,0,0,893984,1646664,168308,5101460,7804.983,1619.374,0,3.998,0,1.000,508,586,0.900,1,0.670,0,0,0,0,0,10,2,0,9,0
01-06 22:20:00,1.250,5.251,92.522,0.250,0,893976,1646668,168308,5101456,8800.138,1608.391,0,66616.182,0,265.064,1429,1283,0.900,1,0.670,0,0,2.000,0,0,10,2,0,9,0
01-06 22:20:01,0.250,0.500,98.758,0,0,893936,1646708,168308,5101464,9125.708,1512.117,0,0,0,0,528,602,0.900,1,0.670,0,0,0,0,0,10,2,0,9,0
01-06 22:20:02,0.500,0.250,98.749,0,0,893684,1646960,168308,5101464,8472.917,1619.984,0,0,0,0,462,552,0.900,1,0.670,0,0,0,0,0,10,2,0,9,0
01-06 22:20:03,0.250,0,99.007,0,0,893684,1646960,168308,5101464,9564.659,1566.108,0,0,0,0,480,565,0.820,0.980,0.670,0,0,0,0,0,10,2,0,9,0
01-06 22:20:04,0.500,0.500,98.742,0,0,893684,1646960,168308,5101464,14526.796,1511.875,0,0,0,0,511,561,0.820,0.980,0.670,0,0,0,0,0,10,2,0,8,0
01-06 22:20:05,5.504,1.501,91.820,0,0,909064,1631588,168308,5101468,139899.997,3058.317,0,1100.834,0,4.003,1017,831,0.820,0.980,0.670,1,0,3.002,0,0,10,2,0,8,0
01-06 22:20:06,15.750,3.750,80.249,0,0,901312,1639336,168308,5101472,288281.112,10071.829,0,103.998,0,4.000,2426,1419,0.820,0.980,0.670,1,0,22.000,0,0,10,2,0,8,0
01-06 22:20:07,12.743,4.248,81.707,0.750,0,893384,1647164,168312,5101580,300438.831,12615.317,107.943,3.998,4.997,0.999,2424,1494,0.820,0.980,0.670,1,0,22.988,0,0,10,2,0,8,0
