"pcp-dstat 6.2.0 CSV Output"
"Author:","PCP team <pcp@groups.io> and Dag Wieers <dag@wieers.com>",,,,"URL:","https://pcp.io/ and http://dag.wieers.com/home-made/dstat/"
"Host:","np0000094253",,,,"User:","ubuntu"
"Cmdline:","dstat -tcmndrylpg --tcp --output /tmp/devstack_logs/dstat-csv.log",,,,"Date:","05 Jun 2026 15:18:29 UTC"
"system","total usage",,,,,"memory usage",,,,"net/total",,"dsk/total",,"io/total",,"system",,"load avg",,,"procs",,,"paging",,"tcp sockets",,,,
"time","total usage:usr","total usage:sys","total usage:idl","total usage:wai","total usage:stl","used","free","buf","cach","net/total:recv","net/total:send","dsk/total:read","dsk/total:writ","read","writ","int","csw","1m","5m","15m","run","blk","new","in","out","lis","act","syn","tim","clo"
05-06 15:18:29,,1049496,1597172,161964,5015444,,,,,,,1.560,1.120,0.730,2,0,,,,10,3,0,17,0
05-06 15:18:30,36.320,20.289,42.832,0,0,1059204,1587244,161980,5015656,14112.133,3556.839,0,236.455,0,5.010,5586,3721,1.560,1.120,0.730,2,0,251.484,0,0,10,4,0,13,0
05-06 15:18:31,28.287,21.027,49.314,0,0,1045964,1600632,161988,5015500,25795.534,5204.766,0,320.417,0,15.020,5147,3052,1.560,1.120,0.730,3,0,248.323,0,0,10,4,0,13,0
05-06 15:18:32,24.440,21.696,52.620,0.249,0,1036392,1609768,162048,5015816,18981.158,6899.972,0,522.710,0,16.958,4657,2572,1.560,1.120,0.730,1,0,173.572,0,0,10,5,0,13,0
05-06 15:18:33,30.030,17.017,51.302,0.250,0,1051480,1594456,162132,5016244,24217.411,6732.787,0,860.868,0,26.026,5013,4261,1.600,1.140,0.730,2,0,143.144,0,0,10,6,0,13,0
05-06 15:18:34,23.230,20.482,53.953,0.500,0,1047632,1597808,162260,5016160,33889.275,10644.663,0,1270.885,0,39.965,4935,3018,1.600,1.140,0.730,3,0,155.863,0,0,10,6,0,11,0
05-06 15:18:35,39.776,16.261,43.028,0.250,0.250,1057580,1587456,162340,5016832,32276.902,8833.721,0,896.581,0,28.018,4976,4949,1.600,1.140,0.730,2,0,137.089,0,0,10,5,0,11,1
05-06 15:18:36,33.768,14.508,50.027,0.250,0,1058476,1586308,162416,5016528,18423.866,8132.355,0,920.493,0,24.013,5079,4618,1.600,1.140,0.730,2,0,126.068,0,0,10,4,0,11,2
05-06 15:18:37,32.554,15.275,48.331,2.003,0,1053864,1589300,162552,5017812,38987.982,10268.114,1013.690,2596.327,38.063,39.065,5260,5171,1.600,1.140,0.730,2,0,87.145,0,0,10,4,0,11,2
05-06 15:18:38,26.503,8.751,64.258,1.000,0,1050868,1591608,162648,5018048,20001.407,8016.965,0,8421.013,0,45.005,2592,1552,1.550,1.130,0.740,1,0,12.001,0,0,10,4,0,11,2
05-06 15:18:39,18.208,1.746,79.315,0.499,0,1041556,1584176,162760,5034144,180001.927,10050.601,0,1057.538,0,26.937,1605,956,1.550,1.130,0.740,2,0,0.998,0,0,10,4,0,11,2
05-06 15:18:40,22.260,1.751,73.533,0.750,0,1035540,1575932,163628,5045364,5581.539,1620.737,0,1404.639,0,67.030,1916,1362,1.550,1.130,0.740,1,0,1.000,0,0,10,4,0,11,2
05-06 15:18:41,23.241,2.249,73.970,0.500,0,1035480,1557700,164124,5061104,5003.968,1619.342,0,1259.489,0,29.988,1829,1242,1.550,1.130,0.740,1,0,0,0,0,10,4,0,11,2
05-06 15:18:42,32.002,6.250,59.504,0.500,0,1037944,1532904,164732,5080904,9374.619,1620.107,0,1968.130,0,80.005,3284,12428,1.550,1.130,0.740,1,0,36.002,0,0,10,4,0,12,2
05-06 15:18:43,21.511,3.252,73.539,1.501,0,1039448,1509428,165796,5099008,8867.698,1500.795,0,18141.611,0,188.100,2259,1854,1.660,1.160,0.750,1,0,0,0,0,10,4,0,12,2
05-06 15:18:44,23.247,3.250,71.490,1.000,0,1039272,1485668,166768,5119588,10198.612,1619.780,0,2079.717,0,72.990,2099,1464,1.660,1.160,0.750,0,1,5.999,0,0,10,4,0,12,2
05-06 15:18:45,21.751,4.000,73.754,0,0,1063480,1478732,166788,5102504,7744.420,2004.109,0,24.001,0,3.000,1852,999,1.660,1.160,0.750,1,0,19.001,0,0,10,2,0,12,0
05-06 15:18:46,18.249,2.500,78.747,0.250,0,1067904,1468512,166952,5107544,16368.479,4800.847,0,1447.954,0,18.999,1645,898,1.660,1.160,0.750,1,0,17.999,0,0,10,2,0,11,0
05-06 15:18:47,23.250,5.000,70.000,0,0,1065496,1469304,166996,5108900,7408.039,1620.009,0,0,0,0,12075,22152,1.660,1.160,0.750,1,0,7.000,0,0,10,2,0,11,0
05-06 15:18:48,22.750,4.750,71.500,0,0,1041652,1491988,167064,5109804,9616.972,147803.570,0,92.000,0,2.000,3121,3265,1.610,1.160,0.750,2,0,12.000,0,0,10,2,0,11,0
05-06 15:18:49,20.505,7.752,70.268,0,0,1048888,1484624,167068,5109896,9567.512,1620.426,0,15924.182,0,605.159,11195,19625,1.610,1.160,0.750,1,0,16.004,0,0,10,2,0,11,0
05-06 15:18:50,19.740,3.748,75.962,0,0,962820,1579016,167080,5102640,7382.298,1619.188,0,1587.204,0,12.993,1723,969,1.610,1.160,0.750,0,0,4.997,0,0,10,2,0,9,0
05-06 15:18:51,0.500,0.250,98.498,0,0,956852,1584984,167080,5102640,7321.888,1619.975,0,0,0,0,483,566,1.610,1.160,0.750,0,0,0,0,0,10,2,0,9,0
05-06 15:18:52,0.750,0.250,99.249,0,0,950868,1590968,167080,5102640,12803.823,1457.980,0,8.000,0,2.000,524,570,1.610,1.160,0.750,0,0,0,0,0,10,2,0,9,0
05-06 15:18:53,0.750,0.250,98.773,0,0,939216,1602620,167080,5102640,10012.327,1620.377,0,0,0,0,494,572,1.480,1.140,0.750,0,0,0,0,0,10,2,0,9,0
05-06 15:18:54,0.250,1.250,97.733,0,0,928796,1613040,167080,5102640,9209.405,1619.719,0,9934.279,0,39.993,691,747,1.480,1.140,0.750,0,0,0,0,0,10,2,0,9,0
05-06 15:18:55,0.750,0.250,98.263,0.250,0,919812,1622028,167088,5102640,7333.935,1620.207,0,3096.395,0,192.024,556,672,1.480,1.140,0.750,0,0,0,0,0,10,2,0,9,0
05-06 15:18:56,0.250,0.750,98.496,0,0,911944,1629896,167088,5102640,5506.774,1619.933,0,2259.907,0,13.999,467,551,1.480,1.140,0.750,0,0,0,0,0,10,2,0,9,0
05-06 15:18:57,0.750,0,99.013,0,0,907524,1634316,167088,5102640,8743.171,1620.217,0,0,0,0,463,541,1.480,1.140,0.750,0,0,0,0,0,10,2,0,9,0
05-06 15:18:58,1.000,0.750,98.221,0,0,902592,1639216,167088,5102672,8543.489,1457.572,0,3.999,0,1.000,574,581,1.360,1.120,0.740,0,0,0,0,0,10,2,0,9,0
05-06 15:18:59,1.000,2.499,95.961,0,0,899380,1642424,167088,5102676,7356.005,1619.341,0,32178.897,0,138.943,945,916,1.360,1.120,0.740,0,0,1.000,0,0,10,2,0,9,0
05-06 15:19:00,0.750,0.250,99.041,0,0,895456,1646348,167088,5102676,8458.533,1458.609,0,8.003,0,1.000,492,544,1.360,1.120,0.740,0,0,0,0,0,10,2,0,9,0
05-06 15:19:01,0.500,0.500,98.498,0.250,0,892020,1649780,167092,5102676,9970.819,1619.971,0,831.985,0,2.000,510,545,1.360,1.120,0.740,0,0,0,0,0,10,2,0,9,0
05-06 15:19:02,1.000,0.250,98.741,0,0,889400,1652400,167092,5102676,10266.091,1619.857,0,0,0,0,491,536,1.360,1.120,0.740,0,0,0,0,0,10,2,0,9,0
05-06 15:19:03,0.500,0.250,99.001,0,0,889032,1652768,167092,5102676,9037.061,1458.010,0,0,0,0,480,539,1.250,1.100,0.740,0,0,0,0,0,10,2,0,9,0
05-06 15:19:04,0.500,0.500,98.777,0,0,887920,1653880,167092,5102676,5282.424,1620.437,0,2008.542,0,4.001,463,550,1.250,1.100,0.740,0,0,0,0,0,10,2,0,9,0
05-06 15:19:05,0.750,0.250,98.730,0,0,885092,1656708,167092,5102676,10376.853,1457.698,0,0,0,0,461,549,1.250,1.100,0.740,0,0,0,0,0,10,2,0,9,0
05-06 15:19:06,0.500,0.500,98.772,0,0,882388,1659412,167092,5102676,6721.467,1620.354,0,44.010,0,3.001,495,589,1.250,1.100,0.740,0,0,0,0,0,10,2,0,9,0
05-06 15:19:07,0.750,0,98.986,0,0,880220,1661580,167092,5102676,8536.834,1457.801,0,0,0,0,468,561,1.250,1.100,0.740,0,0,0,0,0,10,2,0,9,0
05-06 15:19:08,0.500,0.750,98.752,0,0,872616,1669184,167092,5102676,7284.168,1620.037,0,0,0,0,465,565,1.150,1.090,0.730,0,0,0,0,0,10,2,0,9,0
05-06 15:19:09,0.500,0.500,98.499,0,0,870960,1670840,167092,5102676,9067.942,1619.990,0,83.999,0,1.000,501,589,1.150,1.090,0.730,0,0,1.000,0,0,10,2,0,9,0
05-06 15:19:10,1.000,0,99.014,0,0,869308,1672492,167092,5102676,10919.566,1620.232,0,4.001,0,1.000,480,555,1.150,1.090,0.730,0,0,0,0,0,10,2,0,9,0
05-06 15:19:11,0.250,0.250,98.753,0,0,869160,1672640,167092,5102676,5338.162,1620.049,0,32.001,0,2.000,484,569,1.150,1.090,0.730,0,0,0,0,0,10,2,0,9,0
05-06 15:19:12,0.500,0.750,98.745,0,0,869160,1672640,167092,5102676,9771.461,1619.911,0,4.000,0,1.000,468,549,1.150,1.090,0.730,1,0,0,0,0,10,2,0,9,0
05-06 15:19:13,0.750,0,98.987,0,0,869160,1672640,167092,5102676,12105.352,1619.779,0,0,0,0,508,530,1.060,1.070,0.730,0,0,0,0,0,10,2,0,9,0
05-06 15:19:14,0.750,4.499,93.973,0.250,0,856144,1685656,167092,5102676,9323.363,1457.588,0,82708.609,0,349.901,1472,1345,1.060,1.070,0.730,0,0,0,0,0,10,2,0,9,0
05-06 15:19:15,0.500,0.250,98.509,0,0,856084,1685712,167092,5102680,8882.781,1620.143,0,0,0,0,483,550,1.060,1.070,0.730,0,0,0,0,0,10,2,0,9,0
05-06 15:19:16,0.500,0.500,99.003,0,0,856052,1685744,167092,5102680,9195.266,1620.047,0,1476.043,0,32.001,513,564,1.060,1.070,0.730,1,0,0,0,0,10,2,0,9,0
05-06 15:19:17,0.500,0.250,98.502,0,0,856052,1685744,167092,5102680,10727.241,1620.036,0,0,0,0,501,544,1.060,1.070,0.730,0,0,0,0,0,10,2,0,9,0
05-06 15:19:18,1.000,0.250,99.262,0,0,856048,1685744,167092,5102684,8432.012,1134.136,0,8.001,0,1.000,516,555,0.970,1.050,0.720,0,0,0,0,0,10,2,0,9,0
05-06 15:19:19,9.747,2.499,87.477,0,0,852012,1689780,167092,5102684,295103.610,7062.148,0,0,0,0,1471,1122,0.970,1.050,0.720,1,0,7.998,0,0,10,2,0,4,0
05-06 15:19:20,12.736,3.996,81.161,0.499,0,870524,1671156,167096,5102792,149209.694,10132.910,107.882,4598.967,4.995,43.952,2207,1335,0.970,1.050,0.720,2,0,29.967,0,0,10,2,0,4,0
05-06 15:19:21,16.028,6.261,76.883,0,0,886268,1655292,167096,5102912,298327.927,8641.002,0,196.341,0,3.005,2425,1452,0.970,1.050,0.720,3,0,24.042,0,0,10,2,0,4,0
