"pcp-dstat 6.2.0 CSV Output"
"Author:","PCP team <pcp@groups.io> and Dag Wieers <dag@wieers.com>",,,,"URL:","https://pcp.io/ and http://dag.wieers.com/home-made/dstat/"
"Host:","np0000094232",,,,"User:","ubuntu"
"Cmdline:","dstat -tcmndrylpg --tcp --output /tmp/devstack_logs/dstat-csv.log",,,,"Date:","03 Jun 2026 16:06:42 UTC"
"system","total usage",,,,,"memory usage",,,,"net/total",,"dsk/total",,"io/total",,"system",,"load avg",,,"procs",,,"paging",,"tcp sockets",,,,
"time","total usage:usr","total usage:sys","total usage:idl","total usage:wai","total usage:stl","used","free","buf","cach","net/total:recv","net/total:send","dsk/total:read","dsk/total:writ","read","writ","int","csw","1m","5m","15m","run","blk","new","in","out","lis","act","syn","tim","clo"
03-06 16:06:42,,1017352,1629544,162296,5014592,,,,,,,1.220,1.110,0.710,4,0,,,,10,6,1,17,0
03-06 16:06:43,26.659,20.679,50.577,0.249,0,1015664,1630916,162392,5014736,20762.148,8930.524,0,940.789,0,26.908,5286,3298,1.220,1.110,0.710,2,0,234.201,0,0,10,5,1,15,1
03-06 16:06:44,26.034,20.527,52.319,0.501,0,1017332,1628708,162524,5015036,43062.875,10064.292,0,1137.502,0,40.053,5074,2872,1.220,1.110,0.710,2,0,212.280,0,0,10,4,1,15,2
03-06 16:06:45,25.776,21.272,51.052,0.501,0,1029480,1608820,162652,5022336,23837.396,11672.947,0,1373.406,0,40.041,4845,2744,1.220,1.110,0.710,1,0,191.196,0,0,10,4,1,15,2
03-06 16:06:46,31.644,20.930,44.850,0.747,0.249,1022828,1601740,162912,5035280,173232.575,5216.552,0,1626.560,0,52.823,5179,4006,1.290,1.130,0.720,4,0,183.387,0,0,10,4,1,15,2
03-06 16:06:47,38.010,18.755,42.761,0.500,0,1041664,1563652,163852,5050640,22856.072,1694.450,0,2004.532,0,58.015,4554,2987,1.290,1.130,0.720,3,0,137.036,0,0,10,4,1,11,2
03-06 16:06:48,39.795,16.769,41.547,0.501,0,1051284,1536848,164220,5065560,10380.718,1621.831,0,1025.157,0,32.036,4883,4563,1.290,1.130,0.720,3,0,129.146,0,0,10,4,1,11,2
03-06 16:06:49,39.485,18.493,39.235,1.250,0,1036656,1527244,165320,5086020,6221.569,1693.338,0,5086.013,0,219.914,6409,7416,1.290,1.130,0.720,6,0,184.928,0,0,10,4,1,11,2
03-06 16:06:50,39.396,15.307,41.905,3.011,0,1025956,1507456,166244,5112784,21633.925,1084.005,899.322,2368.751,30.111,68.252,5386,5226,1.290,1.130,0.720,1,1,86.319,0,0,10,4,1,11,2
03-06 16:06:51,30.959,12.234,54.677,0.999,0,960676,1583296,166716,5100768,8133.133,2031.286,115.845,11820.206,7.989,51.931,3031,1451,1.260,1.120,0.720,1,0,15.979,0,0,10,2,1,11,0
03-06 16:06:52,21.475,4.245,74.165,0,0,1005932,1538004,166736,5100784,8867.859,1564.211,0,3.995,0,0.999,1848,983,1.260,1.120,0.720,1,0,17.979,0,0,10,2,1,11,0
03-06 16:06:53,18.504,2.501,78.017,0.250,0,1030912,1507096,166980,5105820,25971.640,4822.047,0,1940.421,0,19.004,1754,927,1.260,1.120,0.720,2,0,17.004,0,0,10,2,1,11,0
03-06 16:06:54,22.998,5.000,70.745,0,0,1021684,1514636,167088,5107180,9058.372,1565.891,0,19.999,0,2.000,11061,20096,1.260,1.120,0.720,3,0,7.000,0,0,10,2,1,11,0
03-06 16:06:55,21.750,4.750,72.499,0,0,1033516,1501520,167172,5108180,7223.894,1565.977,0,15147.778,0,81.999,3056,3285,1.260,1.120,0.720,2,0,13.000,0,0,10,2,1,11,0
03-06 16:06:56,21.748,6.999,69.743,0,0,1030452,1504444,167212,5108276,13734.558,1597.832,0,1015.893,0,127.987,12721,22822,1.240,1.120,0.720,1,0,14.998,0,0,10,2,1,11,0
03-06 16:06:57,22.202,3.742,74.090,0,0,1018580,1524500,167224,5100888,5808.427,1616.501,0,1297.192,0,12.972,1782,943,1.240,1.120,0.720,1,0,4.989,0,0,10,2,1,11,0
03-06 16:06:58,2.004,0.501,96.933,0,0,993076,1550104,167224,5100788,13411.254,131637.875,0,0,0,0,799,641,1.240,1.120,0.720,0,0,0,0,0,10,2,1,11,0
03-06 16:06:59,0.750,0.250,97.990,0,0,981792,1561388,167224,5100788,15126.458,1619.835,0,39.996,0,2.000,669,639,1.240,1.120,0.720,0,0,1.000,0,0,10,2,1,10,0
03-06 16:07:00,0.500,1.500,97.483,0,0,972988,1570188,167224,5100788,9854.265,1619.715,0,9866.263,0,42.992,710,757,1.240,1.120,0.720,0,0,0,0,0,10,2,1,10,0
03-06 16:07:01,1.000,0.250,98.749,0,0,960060,1583116,167224,5100788,8379.902,1651.981,0,4.000,0,1.000,534,590,1.140,1.100,0.720,0,0,0,0,0,10,2,1,10,0
03-06 16:07:02,0.750,0.500,98.534,0.250,0,948592,1594592,167224,5100788,11993.078,1694.576,0,1076.366,0,3.001,561,602,1.140,1.100,0.720,0,0,0,0,0,10,2,1,10,0
03-06 16:07:03,0.750,0,99.007,0,0,938540,1604640,167224,5100792,12007.793,1620.107,0,0,0,0,529,558,1.140,1.100,0.720,0,0,0,0,0,10,2,1,9,0
03-06 16:07:04,1.000,0.500,98.723,0,0,929784,1613396,167224,5100792,22392.775,1619.550,0,0,0,0,512,564,1.140,1.100,0.720,0,0,0,0,0,10,2,1,9,0
03-06 16:07:05,0.500,1.000,94.254,3.250,0,922348,1620832,167224,5100792,15333.603,1512.059,0,28045.103,0,771.030,918,819,1.140,1.100,0.720,0,0,0,0,0,10,2,1,9,0
03-06 16:07:06,1.000,0.500,98.758,0,0,915368,1627684,167224,5100920,8807.725,1620.133,0,0,0,0,518,564,1.050,1.080,0.720,0,0,0,0,0,10,2,1,9,0
03-06 16:07:07,0.500,0,98.749,0,0,909732,1633316,167224,5100924,5870.928,1619.980,0,8.000,0,1.000,492,575,1.050,1.080,0.720,1,0,0,0,0,10,2,1,9,0
03-06 16:07:08,1.750,1.750,97.010,0,0,904848,1638208,167224,5100924,12593.330,1566.165,0,2544.269,0,16.002,786,677,1.050,1.080,0.720,0,0,6.001,0,0,10,2,1,9,0
03-06 16:07:09,0.250,0,98.250,0,0,901636,1641420,167224,5100924,7974.006,1512.001,0,0,0,0,591,643,1.050,1.080,0.720,0,0,1.000,0,0,10,2,1,9,0
03-06 16:07:10,0.750,0.750,98.494,0,0,898672,1644384,167224,5100924,8780.505,1565.912,0,3203.819,0,19.999,583,626,1.050,1.080,0.720,0,0,0,0,0,10,2,1,9,0
03-06 16:07:11,0.500,1.250,97.499,0,0,897348,1645704,167228,5100924,7304.954,1241.992,0,18103.885,0,94.999,764,786,0.970,1.060,0.710,0,0,0,0,0,10,2,1,9,0
03-06 16:07:12,0.500,0.250,99.016,0,0,896100,1646952,167228,5100924,6305.010,1404.225,0,0,0,0,474,571,0.970,1.060,0.710,0,0,0,0,0,10,2,1,9,0
03-06 16:07:13,1.250,0,98.740,0,0,891560,1651492,167228,5100924,10640.888,1565.836,0,531.944,0,3.000,543,592,0.970,1.060,0.710,0,0,0,0,0,10,2,1,9,0
03-06 16:07:14,0.500,0.500,98.752,0,0,890828,1652224,167228,5100924,9985.160,1512.024,0,0,0,0,530,592,0.970,1.060,0.710,0,0,0,0,0,10,2,1,9,0
03-06 16:07:15,0.500,0.250,98.742,0,0,890828,1652224,167228,5100924,5896.540,1565.878,0,0,0,0,467,562,0.970,1.060,0.710,0,0,0,0,0,10,2,1,9,0
03-06 16:07:16,0.750,0.250,98.453,0,0,890828,1652224,167228,5100924,9859.263,1565.248,0,0,0,0,520,586,0.890,1.050,0.710,0,0,0,0,0,10,2,1,9,0
03-06 16:07:17,0.500,0.250,98.787,0,0,890656,1652396,167228,5100924,9395.555,1566.593,0,4.002,0,1.000,532,541,0.890,1.050,0.710,0,0,0,0,0,10,2,1,9,0
03-06 16:07:18,1.000,0.500,98.771,0,0,890856,1652504,167228,5100924,10169.149,1640.347,0,28.006,0,3.001,554,605,0.890,1.050,0.710,0,0,0,0,0,10,2,1,9,0
03-06 16:07:19,0.750,0,98.998,0,0,891108,1652252,167228,5100924,7785.862,1619.971,0,4.000,0,1.000,586,627,0.890,1.050,0.710,0,0,1.000,0,0,10,2,1,9,0
03-06 16:07:20,0.250,0.500,98.739,0,0,890924,1652436,167228,5100924,6887.215,1607.817,0,0,0,0,458,550,0.890,1.050,0.710,0,0,0,0,0,10,2,1,9,0
03-06 16:07:21,0.750,4.500,93.493,0.750,0,891148,1652212,167228,5100924,9079.304,1619.876,0,82741.656,0,383.971,1424,1301,0.980,1.060,0.720,0,0,0,0,0,10,2,1,9,0
03-06 16:07:22,10.497,4.249,84.729,0,0,895268,1648092,167228,5104284,8567.847,1565.607,0,0,0,0,1725,9424,0.980,1.060,0.720,1,0,35.991,0,0,11,3,1,9,0
03-06 16:07:23,1.001,0.750,97.313,0,0,864624,1678740,167232,5100924,11531.430,1663.072,0,1396.900,0,4.003,742,1203,0.980,1.060,0.720,1,0,0,0,0,10,2,1,10,0
03-06 16:07:24,0.250,0.500,98.986,0,0,864872,1678488,167232,5100928,13556.037,1565.773,0,0,0,0,553,610,0.980,1.060,0.720,0,0,0,0,0,10,2,1,8,0
03-06 16:07:25,0.750,0,98.513,0,0,864872,1678488,167232,5100928,9751.293,1620.215,0,8.001,0,1.000,529,576,0.980,1.060,0.720,0,0,0,0,0,10,2,1,8,0
03-06 16:07:26,0.750,0.750,98.712,0,0,864872,1678488,167232,5100928,7216.245,1511.423,0,2147.180,0,8.997,565,608,0.900,1.040,0.710,0,0,0,0,0,10,2,1,8,0
03-06 16:07:27,0.750,0.500,99.003,0,0,864872,1678488,167232,5100928,6034.167,1350.037,0,0,0,0,461,572,0.900,1.040,0.710,0,0,0,0,0,10,2,1,8,0
03-06 16:07:28,3.251,0.750,94.518,0,0,880744,1662616,167232,5100928,137425.204,3164.603,0,120.023,0,2.000,867,790,0.900,1.040,0.710,1,0,3.001,0,0,10,2,1,4,0
03-06 16:07:29,15.500,4.000,79.498,0,0,897836,1645492,167232,5100960,291904.251,10107.766,0,4.000,0,1.000,2449,1450,0.900,1.040,0.710,1,0,22.999,0,0,10,2,1,4,0
03-06 16:07:30,14.498,3.250,81.241,0.750,0,899476,1643744,167236,5101064,156165.604,9180.977,107.988,39.996,4.999,2.000,2167,1261,0.900,1.040,0.710,0,0,18.998,0,0,10,2,1,4,0
03-06 16:07:31,13.758,11.256,73.791,0,0,914728,1628132,167236,5101424,153483.712,3808.102,0,96.053,0,4.002,3036,1685,0.910,1.040,0.710,1,0,41.023,0,0,10,2,1,4,0
