"pcp-dstat 6.2.0 CSV Output"
"Author:","PCP team <pcp@groups.io> and Dag Wieers <dag@wieers.com>",,,,"URL:","https://pcp.io/ and http://dag.wieers.com/home-made/dstat/"
"Host:","np0000094305",,,,"User:","ubuntu"
"Cmdline:","dstat -tcmndrylpg --tcp --output /tmp/devstack_logs/dstat-csv.log",,,,"Date:","11 Jun 2026 03:48:13 UTC"
"system","total usage",,,,,"memory usage",,,,"net/total",,"dsk/total",,"io/total",,"system",,"load avg",,,"procs",,,"paging",,"tcp sockets",,,,
"time","total usage:usr","total usage:sys","total usage:idl","total usage:wai","total usage:stl","used","free","buf","cach","net/total:recv","net/total:send","dsk/total:read","dsk/total:writ","read","writ","int","csw","1m","5m","15m","run","blk","new","in","out","lis","act","syn","tim","clo"
11-06 03:48:13,,1025580,1617548,162484,5016640,,,,,,,1.410,1.060,0.640,3,0,,,,10,5,0,17,1
11-06 03:48:14,25.197,19.210,53.139,0.499,0,1027368,1615324,162600,5016864,35633.717,10491.130,0,1113.678,0,31.933,5111,3057,1.410,1.060,0.640,1,0,228.524,0,0,10,5,0,17,1
11-06 03:48:15,28.003,19.502,49.754,0.250,0,1045652,1596632,162700,5017108,33212.978,8417.755,0,1032.093,0,33.003,5052,2895,1.410,1.060,0.640,3,0,216.019,0,0,10,4,0,17,2
11-06 03:48:16,25.197,21.704,51.142,0.748,0,1032968,1601504,162852,5024424,26274.618,12768.087,0,2630.456,0,136.712,4737,2761,1.610,1.110,0.660,1,0,182.615,0,0,10,4,0,17,2
11-06 03:48:17,35.100,22.314,41.368,0.501,0,1034564,1583852,163004,5039984,173805.764,3706.551,0,1600.556,0,45.128,5894,5229,1.610,1.110,0.660,11,1,192.548,0,0,10,4,0,11,2
11-06 03:48:18,36.475,17.488,43.720,0.749,0,1035252,1567288,163856,5052160,12852.082,1618.877,0,1922.666,0,57.960,4479,2620,1.610,1.110,0.660,2,0,122.915,0,0,10,4,0,11,2
11-06 03:48:19,41.468,17.237,39.970,0.250,0,1008292,1575548,164300,5068720,10010.369,1402.931,0,9388.843,0,487.628,5357,4333,1.610,1.110,0.660,4,0,148.887,0,0,10,4,0,11,2
11-06 03:48:20,37.829,19.040,41.336,1.253,0,1008008,1548712,165304,5091816,11954.920,1244.594,0,2817.874,0,120.251,5557,5057,1.610,1.110,0.660,2,0,154.322,0,0,10,4,0,11,2
11-06 03:48:21,38.668,15.467,41.911,2.495,0,1016760,1509200,166336,5118604,11005.725,1562.695,1009.864,3193.247,37.920,79.831,5450,5451,1.640,1.130,0.670,2,0,88.812,0,0,10,4,0,11,2
11-06 03:48:22,30.776,10.759,57.549,0.751,0,1026072,1505480,167076,5110636,13568.435,1993.680,0,11709.869,0,72.061,2749,1475,1.640,1.130,0.670,1,0,13.011,0,0,10,2,0,11,0
11-06 03:48:23,22.292,3.757,73.888,0,0,1076856,1454660,167096,5110652,12476.287,1623.029,0,12.022,0,2.004,1879,1017,1.640,1.130,0.670,1,0,18.034,0,0,10,2,0,11,0
11-06 03:48:24,16.435,2.490,79.436,0.249,0,1082720,1443040,167188,5115684,18539.795,4728.330,0,1788.936,0,20.917,1621,902,1.640,1.130,0.670,1,0,16.933,0,0,10,2,0,11,0
11-06 03:48:25,22.510,3.502,73.532,0,0,1081416,1442960,167208,5116896,8498.662,1512.652,0,0,0,0,1775,943,1.640,1.130,0.670,1,0,3.001,0,0,10,2,0,11,0
11-06 03:48:26,22.545,5.010,70.640,0,0,1099392,1423552,167232,5118052,13007.790,1623.218,0,100.199,0,3.006,12300,22273,1.590,1.120,0.670,1,0,12.024,0,0,10,2,0,11,0
11-06 03:48:27,22.976,5.744,69.429,0,0,1095104,1427764,167248,5118080,10995.748,1456.510,0,0,0,0,12323,21894,1.590,1.120,0.670,1,0,13.986,0,0,10,2,0,11,0
11-06 03:48:28,20.765,5.004,74.053,0,0,1046944,1483908,167292,5110732,12696.157,1621.169,0,992.716,0,12.009,1870,993,1.590,1.120,0.670,1,0,8.006,0,0,10,2,0,11,0
11-06 03:48:29,7.998,2.249,88.975,0,0,996340,1534528,167292,5110784,16461.286,143536.894,0,15015.700,0,80.977,1457,924,1.590,1.120,0.670,0,0,3.999,0,0,10,2,0,11,0
11-06 03:48:30,0.750,0.500,98.730,0,0,984764,1546104,167292,5110784,13309.290,1619.670,0,3.999,0,1.000,579,569,1.590,1.120,0.670,0,0,0,0,0,10,2,0,11,0
11-06 03:48:31,0.500,0.250,98.500,0,0,972472,1558396,167292,5110784,12354.009,1620.001,0,0,0,0,541,562,1.460,1.100,0.670,0,0,0,0,0,10,2,0,11,0
11-06 03:48:32,0.750,0,99.030,0,0,959960,1570908,167292,5110784,8870.655,1620.485,0,984.295,0,95.028,554,602,1.460,1.100,0.670,0,0,0,0,0,10,2,0,11,0
11-06 03:48:33,0.750,0.250,98.484,0,0,949524,1581344,167292,5110784,9216.527,1619.741,0,815.870,0,1.000,492,572,1.460,1.100,0.670,0,1,0,0,0,10,2,0,9,0
11-06 03:48:34,0.500,2.250,96.766,0,0,939792,1591064,167292,5110788,12826.145,1620.271,0,22975.842,0,83.014,898,833,1.460,1.100,0.670,0,0,0,0,0,10,2,0,9,0
11-06 03:48:35,0.500,0.500,98.754,0,0,931288,1599568,167292,5110788,12954.478,1620.060,0,0,0,0,531,580,1.460,1.100,0.670,0,0,0,0,0,10,2,0,9,0
11-06 03:48:36,0.500,0,98.744,0,0,923852,1607000,167292,5110792,12351.240,1457.910,0,8.000,0,2.000,504,543,1.350,1.090,0.660,0,0,0,0,0,10,2,0,9,0
11-06 03:48:37,1.500,0.250,98.252,0.250,0,918972,1611880,167292,5110792,10699.241,1620.036,0,996.022,0,142.003,659,697,1.350,1.090,0.660,0,0,1.000,0,0,10,2,0,9,0
11-06 03:48:38,0.250,0.500,98.754,0.250,0,914924,1615928,167292,5110792,12910.492,1620.062,0,828.032,0,2.000,528,562,1.350,1.090,0.660,0,1,0,0,0,10,2,0,9,0
11-06 03:48:39,0.750,1.250,97.000,0.500,0,911536,1619316,167292,5110792,13378.942,1619.993,0,21031.908,0,107.000,879,826,1.350,1.090,0.660,0,0,0,0,0,10,2,0,9,0
11-06 03:48:40,0.501,0.501,98.670,0,0,908824,1622028,167292,5110792,9481.367,1622.801,0,2263.908,0,14.024,510,575,1.350,1.090,0.660,0,0,0,0,0,10,2,0,9,0
11-06 03:48:41,0.499,0.250,98.829,0,0,906716,1624136,167292,5110792,12598.149,1617.195,0,0,0,0,510,550,1.240,1.070,0.660,0,0,0,0,0,10,2,0,9,0
11-06 03:48:42,0.500,0,98.499,0,0,906636,1624216,167292,5110792,12877.929,1619.991,0,4.000,0,1.000,566,588,1.240,1.070,0.660,0,0,0,0,0,10,2,0,9,0
11-06 03:48:43,1.000,0.250,98.988,0,0,906716,1624136,167292,5110792,8479.936,1457.817,0,0,0,0,467,563,1.240,1.070,0.660,0,0,0,0,0,10,2,0,9,0
11-06 03:48:44,0.500,0.250,98.739,0,0,904680,1626168,167292,5110792,12478.631,1403.846,0,811.911,0,4.999,529,585,1.240,1.070,0.660,0,0,0,0,0,10,2,0,9,0
11-06 03:48:45,1.000,0.500,98.525,0,0,898904,1631944,167292,5110792,10907.811,1350.348,0,0,0,0,523,569,1.240,1.070,0.660,0,0,0,0,0,10,2,0,9,0
11-06 03:48:46,0.750,0,98.998,0,0,894244,1636604,167292,5110792,12931.704,1457.967,0,0,0,0,501,531,1.140,1.050,0.650,0,0,0,0,0,10,2,0,9,0
11-06 03:48:47,0.500,0.500,98.487,0,0,893348,1637500,167292,5110792,11008.507,1661.775,0,107.985,0,18.997,616,647,1.140,1.050,0.650,0,0,1.000,0,0,10,2,0,9,0
11-06 03:48:48,1.250,1.500,96.979,0,0,881920,1648928,167292,5110792,23253.972,1457.685,0,3.999,0,1.000,742,626,1.140,1.050,0.650,0,0,5.999,0,0,10,2,0,9,0
11-06 03:48:49,0.749,0.998,97.570,0.250,0,879608,1651240,167292,5110792,12906.224,1617.021,0,12361.228,0,85.842,777,774,1.140,1.050,0.650,1,0,0,0,0,10,2,0,9,0
11-06 03:48:50,7.777,5.519,85.543,0,0,880612,1650236,167292,5113580,11492.359,1517.196,0,34690.809,0,558.914,2047,6906,1.140,1.050,0.650,4,0,36.124,0,0,10,2,0,9,0
11-06 03:48:51,2.746,1.248,95.122,0,0,861228,1669620,167292,5110792,13152.322,1563.898,0,0,0,0,1057,5580,1.130,1.050,0.660,0,0,0,0,0,10,2,0,10,0
11-06 03:48:52,0.750,0.500,98.733,0,0,860968,1669876,167292,5110796,8548.490,1619.714,0,0,0,0,542,571,1.130,1.050,0.660,0,0,0,0,0,10,2,0,10,0
11-06 03:48:53,0.500,0,98.999,0,0,861188,1669656,167292,5110796,10032.871,1511.981,0,0,0,0,514,546,1.130,1.050,0.660,0,0,0,0,0,10,2,0,10,0
11-06 03:48:54,0.500,0.500,98.268,0,0,861188,1669656,167292,5110796,13333.449,1566.288,0,684.126,0,2.000,572,563,1.130,1.050,0.660,0,1,0,0,0,10,2,0,9,0
11-06 03:48:55,1.000,1.750,96.490,0.250,0,861412,1669432,167292,5110796,10853.910,1619.837,0,31316.856,0,151.985,989,948,1.130,1.050,0.660,0,0,0,0,0,10,2,0,9,0
11-06 03:48:56,0.250,1.000,97.508,0,0,861176,1669668,167292,5110796,9262.761,1620.133,0,26018.138,0,92.008,755,747,1.130,1.050,0.660,0,0,0,0,0,10,2,0,9,0
11-06 03:48:57,1.000,0.500,98.260,0,0,861176,1669668,167292,5110796,12843.294,1620.163,0,0,0,0,654,613,1.200,1.060,0.660,0,0,1.000,0,0,10,2,0,9,0
11-06 03:48:58,0.500,0.500,99.230,0,0,861176,1669668,167292,5110796,10618.873,1619.676,0,0,0,0,536,546,1.200,1.060,0.660,0,0,0,0,0,10,2,0,8,0
11-06 03:48:59,0.750,0.250,98.504,0.250,0,861176,1669668,167292,5110796,10939.424,648.025,0,928.036,0,1.000,519,557,1.200,1.060,0.660,0,1,0,0,0,10,2,0,8,0
11-06 03:49:00,15.753,3.251,80.264,0.250,0,887384,1643460,167292,5110796,293390.740,9791.660,0,8.001,0,2.000,2118,1296,1.200,1.060,0.660,0,0,20.003,0,0,10,2,0,8,0
11-06 03:49:01,16.252,4.250,78.258,0,0,895324,1635412,167296,5110900,298585.757,11919.228,108.011,100.010,5.001,4.000,2259,1407,1.200,1.060,0.660,1,0,19.002,0,0,10,2,0,8,0
11-06 03:49:02,12.999,9.499,76.492,0,0,886440,1644116,167296,5111080,159961.929,4683.529,0,7.999,0,2.000,2770,1552,1.260,1.080,0.670,1,0,36.996,0,0,10,2,0,4,0
