"pcp-dstat 6.2.0 CSV Output"
"Author:","PCP team <pcp@groups.io> and Dag Wieers <dag@wieers.com>",,,,"URL:","https://pcp.io/ and http://dag.wieers.com/home-made/dstat/"
"Host:","np0000094233",,,,"User:","ubuntu"
"Cmdline:","dstat -tcmndrylpg --tcp --output /tmp/devstack_logs/dstat-csv.log",,,,"Date:","03 Jun 2026 18:11:09 UTC"
"system","total usage",,,,,"memory usage",,,,"net/total",,"dsk/total",,"io/total",,"system",,"load avg",,,"procs",,,"paging",,"tcp sockets",,,,
"time","total usage:usr","total usage:sys","total usage:idl","total usage:wai","total usage:stl","used","free","buf","cach","net/total:recv","net/total:send","dsk/total:read","dsk/total:writ","read","writ","int","csw","1m","5m","15m","run","blk","new","in","out","lis","act","syn","tim","clo"
03-06 18:11:09,,1075424,1571536,161848,5014616,,,,,,,1.960,1.240,0.720,2,0,,,,10,6,0,17,0
03-06 18:11:10,27.506,20.005,50.762,0.500,0.250,1101164,1545352,161928,5014888,22225.211,8698.040,0,888.208,0,27.006,5213,3018,1.960,1.240,0.720,2,0,237.056,0,0,10,6,0,17,0
03-06 18:11:11,23.895,20.161,54.012,0.498,0,1104484,1541504,162076,5015148,44873.522,12424.323,0,1413.778,0,47.790,4977,2948,1.960,1.240,0.720,3,0,214.058,0,0,10,5,0,17,1
03-06 18:11:12,29.514,20.510,48.023,0.500,0,1111820,1533740,162164,5015400,19284.343,8002.877,0,972.471,0,28.014,4803,2680,2.050,1.270,0.730,4,0,190.092,0,0,10,4,0,17,2
03-06 18:11:13,26.923,18.946,51.103,0.499,0,1087900,1542024,162316,5030688,141383.365,11476.075,0,1711.091,0,86.751,5062,3437,2.050,1.270,0.730,2,0,153.559,0,0,10,4,0,11,2
03-06 18:11:14,38.919,19.083,40.677,0.753,0.251,1066604,1548244,163180,5042344,50803.172,1958.526,0,1984.640,0,74.324,4974,3746,2.050,1.270,0.730,2,0,157.686,0,0,10,4,0,11,2
03-06 18:11:15,39.281,16.763,42.283,0.250,0,1054156,1542904,163684,5057680,5643.470,1621.284,0,1373.088,0,33.026,4931,3790,2.050,1.270,0.730,2,0,133.105,0,0,10,4,0,11,2
03-06 18:11:16,42.481,17.492,39.233,0.250,0,1060040,1520088,163952,5072992,6132.327,1839.198,0,871.620,0,24.989,5599,4736,2.050,1.270,0.730,2,0,160.930,0,0,10,4,1,11,2
03-06 18:11:17,36.710,16.732,40.206,4.245,0,1079612,1485560,164804,5085132,8872.341,1530.334,1010.899,4411.198,37.959,191.791,6333,6858,2.120,1.300,0.750,2,0,124.864,0,0,10,4,1,11,2
03-06 18:11:18,30.534,12.764,56.313,1.001,0,1088972,1447756,165752,5110120,7997.958,1695.899,0,28644.082,0,825.925,2961,1611,2.120,1.300,0.750,1,0,12.013,0,0,10,4,1,11,2
03-06 18:11:19,23.005,1.750,73.265,1.000,0,1065176,1478896,166284,5101104,9714.007,2174.449,0,2444.505,0,167.035,1972,1317,2.120,1.300,0.750,1,0,2.000,0,0,10,2,1,11,0
03-06 18:11:20,21.242,3.749,74.221,0,0,1070228,1473836,166284,5101112,7520.018,2186.133,0,0,0,0,1949,1040,2.120,1.300,0.750,1,0,32.987,0,0,10,3,1,11,0
03-06 18:11:21,19.254,2.000,77.767,0.250,0,1054724,1482272,166404,5107308,16067.449,4382.941,0,1872.402,0,19.004,1603,968,2.120,1.300,0.750,1,0,3.001,0,0,10,2,1,11,0
03-06 18:11:22,22.244,5.748,70.231,0,0,1061168,1474460,166424,5108392,7426.951,1619.553,0,439.879,0,66.982,12301,22612,2.030,1.300,0.750,1,0,12.996,0,0,10,2,1,11,0
03-06 18:11:23,23.019,5.505,70.558,0,0,1060112,1475332,166428,5108512,8483.953,1695.389,0,15080.359,0,117.096,11074,20559,2.030,1.300,0.750,1,0,5.004,0,0,10,2,1,11,0
03-06 18:11:24,20.721,4.993,73.147,0,0,1024176,1519000,166436,5101304,9907.018,1617.717,0,1573.779,0,11.983,2423,2109,2.030,1.300,0.750,1,0,14.979,0,0,10,2,1,11,0
03-06 18:11:25,14.257,2.501,82.792,0,0,1020508,1523028,166436,5101116,14407.259,131396.199,0,16.008,0,2.001,1557,957,2.030,1.300,0.750,0,0,6.003,0,0,10,2,1,11,0
03-06 18:11:26,0.500,0,99.022,0,0,1016852,1526684,166436,5101116,8211.828,1620.361,0,0,0,0,454,580,2.030,1.300,0.750,0,0,0,0,0,10,2,1,11,0
03-06 18:11:27,0.250,0.250,98.752,0,0,1013652,1529884,166436,5101116,9985.222,1208.027,0,4.000,0,1.000,482,576,1.870,1.270,0.740,0,0,0,0,0,10,2,1,11,0
03-06 18:11:28,10.250,6.000,82.497,0,0,1011152,1532372,166436,5101116,7196.717,647.975,0,9863.612,0,42.998,2212,10259,1.870,1.270,0.740,0,0,35.999,0,0,10,2,1,12,0
03-06 18:11:29,0.500,0.500,98.750,0,0,1005200,1538332,166440,5101116,9485.025,1458.004,0,1044.003,0,3.000,524,593,1.870,1.270,0.740,0,0,0,0,0,10,2,1,9,0
03-06 18:11:30,0.250,0,99.257,0,0,996560,1546840,166440,5101248,9388.630,1188.080,0,0,0,0,498,576,1.870,1.270,0.740,0,0,0,0,0,10,2,1,9,0
03-06 18:11:31,0,0.250,98.246,0,0,983224,1560176,166440,5101248,5537.803,1403.950,0,0,0,0,476,585,1.870,1.270,0.740,0,0,0,0,0,10,2,1,9,0
03-06 18:11:32,1.000,0.250,99.018,0,0,971620,1571780,166440,5101248,9412.691,1620.291,0,0,0,0,503,577,1.720,1.250,0.740,0,0,0,0,0,10,2,1,9,0
03-06 18:11:33,0.250,0,98.481,0,0,961176,1582224,166440,5101248,10776.964,1511.714,0,7.998,0,2.000,497,566,1.720,1.250,0.740,0,0,0,0,0,10,2,1,9,0
03-06 18:11:34,0,2.249,96.690,0.250,0,952264,1591132,166448,5101252,7723.198,1295.195,0,32883.553,0,154.904,974,963,1.720,1.250,0.740,0,0,0,0,0,10,2,1,9,0
03-06 18:11:35,0.500,0.751,98.566,0,0,944008,1599388,166448,5101252,8640.807,1478.994,0,0,0,0,557,638,1.720,1.250,0.740,0,0,1.001,0,0,10,2,1,9,0
03-06 18:11:36,0.250,0,98.749,0,0,938588,1604808,166448,5101252,7428.917,1457.984,0,2259.975,0,14.000,515,580,1.720,1.250,0.740,0,0,0,0,0,10,2,1,9,0
03-06 18:11:37,0.750,0.500,98.975,0,0,934744,1608652,166448,5101252,8906.790,1619.598,0,0,0,0,514,550,1.580,1.230,0.740,0,0,0,0,0,10,2,1,9,0
03-06 18:11:38,0,0,98.515,0,0,929336,1614060,166448,5101252,9505.484,1620.253,0,0,0,0,497,576,1.580,1.230,0.740,0,0,0,0,0,10,2,1,9,0
03-06 18:11:39,0.500,0.250,98.475,0,0,924456,1618940,166448,5101252,5650.554,1565.599,0,2151.450,0,8.998,514,590,1.580,1.230,0.740,0,0,0,0,0,10,2,1,9,0
03-06 18:11:40,1.250,1.500,97.031,0,0,919564,1623852,166452,5101252,9432.998,1566.498,0,92.029,0,3.001,745,676,1.580,1.230,0.740,0,0,6.002,0,0,10,2,1,9,0
03-06 18:11:41,0.250,0.250,98.752,0,0,914188,1629228,166452,5101252,7779.193,1620.040,0,0,0,0,521,590,1.580,1.230,0.740,0,0,0,0,0,10,2,1,9,0
03-06 18:11:42,0.500,0.750,98.997,0,0,907832,1635584,166452,5101252,6033.793,1565.946,0,0,0,0,481,551,1.450,1.210,0.730,0,0,0,0,0,10,2,1,9,0
03-06 18:11:43,0.500,0.250,98.495,0,0,903820,1639596,166452,5101252,12417.415,1349.936,0,0,0,0,525,554,1.450,1.210,0.730,0,0,0,0,0,10,2,1,9,0
03-06 18:11:44,0,0.500,98.220,0,0,901404,1642012,166452,5101252,12797.083,1295.603,0,4806.529,0,25.992,617,653,1.450,1.210,0.730,0,0,0,0,0,10,2,1,9,0
03-06 18:11:45,0.750,0.250,98.745,0,0,899708,1643708,166452,5101252,9329.525,1565.920,0,167.991,0,3.000,584,650,1.450,1.210,0.730,0,0,1.000,0,0,10,2,1,9,0
03-06 18:11:46,0.250,0.250,98.285,0,0,897748,1645668,166452,5101252,19241.915,1620.582,0,4.001,0,1.000,526,588,1.450,1.210,0.730,0,0,0,0,0,10,2,1,9,0
03-06 18:11:47,0.250,0.250,99.003,0,0,897748,1645668,166452,5101252,7289.245,1620.055,0,0,0,0,484,565,1.340,1.190,0.730,0,0,0,0,0,10,2,1,9,0
03-06 18:11:48,0.250,0.500,98.750,0,0,897748,1645668,166452,5101252,10956.024,1620.004,0,0,0,0,516,575,1.340,1.190,0.730,0,0,0,0,0,10,2,1,9,0
03-06 18:11:49,0.500,2.500,95.752,0.750,0,898252,1645164,166452,5101252,6866.113,1566.026,0,38652.637,0,160.003,881,889,1.340,1.190,0.730,1,0,0,0,0,10,2,1,9,0
03-06 18:11:50,0.250,2.249,96.219,0,0,897980,1645416,166456,5101252,9505.891,1565.488,0,45673.063,0,279.908,982,886,1.340,1.190,0.730,0,0,0,0,0,10,2,1,9,0
03-06 18:11:51,0.250,0.250,98.508,0,0,897976,1645416,166456,5101256,8563.730,1736.148,0,4.000,0,1.000,526,582,1.340,1.190,0.730,0,0,0,0,0,10,2,1,9,0
03-06 18:11:52,0.750,0.250,98.760,0,0,897976,1645416,166456,5101256,8811.882,1566.157,0,8.001,0,1.000,521,574,1.230,1.170,0.720,0,0,0,0,0,10,2,1,9,0
03-06 18:11:53,0,0.500,98.751,0,0,897976,1645416,166456,5101256,7347.068,1620.015,0,212.002,0,40.000,498,571,1.230,1.170,0.720,0,0,0,0,0,10,2,1,8,0
03-06 18:11:54,0.500,0,98.739,0,0,897976,1645416,166456,5101256,5694.378,1619.823,0,0,0,0,501,607,1.230,1.170,0.720,0,0,0,0,0,10,2,1,8,0
03-06 18:11:55,0.500,0.250,99.011,0,0,897976,1645416,166456,5101256,4792.530,1026.114,0,84.009,0,1.000,489,613,1.230,1.170,0.720,0,0,1.000,0,0,10,2,1,8,0
03-06 18:11:56,10.244,2.249,86.696,0.250,0,893352,1650040,166456,5101256,287065.531,7257.488,0,59.963,0,2.998,1457,1129,1.230,1.170,0.720,1,0,6.996,0,0,10,2,1,8,0
03-06 18:11:57,13.752,4.251,80.263,0.500,0,893640,1649640,166460,5101364,152425.664,10361.677,108.017,4.001,5.001,1.000,2203,1368,1.210,1.170,0.720,1,0,32.005,0,0,10,2,1,8,0
03-06 18:11:58,15.758,5.753,76.789,0,0,901340,1641816,166460,5101488,297395.671,8018.116,0,16.008,0,3.002,2420,1395,1.210,1.170,0.720,3,0,21.011,0,0,10,2,1,4,0
