"pcp-dstat 6.2.0 CSV Output"
"Author:","PCP team <pcp@groups.io> and Dag Wieers <dag@wieers.com>",,,,"URL:","https://pcp.io/ and http://dag.wieers.com/home-made/dstat/"
"Host:","np0000056244",,,,"User:","ubuntu"
"Cmdline:","dstat -tcmndrylpg --tcp --output /tmp/devstack_logs/dstat-csv.log",,,,"Date:","13 Feb 2026 17:47:20 UTC"
"system","total usage",,,,,"memory usage",,,,"net/total",,"dsk/total",,"io/total",,"system",,"load avg",,,"procs",,,"paging",,"tcp sockets",,,,
"time","total usage:usr","total usage:sys","total usage:idl","total usage:wai","total usage:stl","used","free","buf","cach","net/total:recv","net/total:send","dsk/total:read","dsk/total:writ","read","writ","int","csw","1m","5m","15m","run","blk","new","in","out","lis","act","syn","tim","clo"
13-02 17:47:20,,1039896,1646880,163516,4974880,,,,,,,1.750,1.190,0.720,2,0,,,,10,4,0,17,2
13-02 17:47:21,28.419,22.686,46.119,0.748,0.249,1052096,1617144,164420,4988444,10096.377,1615.420,0,2121.984,0,61.825,5420,3362,1.750,1.190,0.720,2,0,241.316,0,0,10,4,0,17,2
13-02 17:47:22,32.478,21.235,44.969,0.500,0,1070652,1580812,164832,5003860,8950.855,1618.889,0,1283.119,0,29.979,5280,3041,1.750,1.190,0.720,2,0,224.846,0,0,10,4,0,13,2
13-02 17:47:23,32.025,22.268,44.285,0.500,0,1089528,1541312,165260,5022456,10100.955,1621.277,0,2574.027,0,139.110,5179,2955,1.770,1.200,0.720,2,0,201.158,0,0,10,4,0,13,2
13-02 17:47:24,37.529,18.264,42.032,1.251,0,1071108,1542820,166212,5036324,8552.554,1621.242,0,2930.245,0,122.094,5337,4966,1.770,1.200,0.720,2,0,149.114,0,0,10,4,0,13,2
13-02 17:47:25,32.990,20.994,44.487,1.000,0,1075416,1509528,167152,5061344,9021.389,1619.531,0,2399.306,0,82.976,4983,3153,1.770,1.200,0.720,4,0,166.952,0,0,10,4,0,13,2
13-02 17:47:26,41.341,16.035,41.592,0.501,0,1080572,1516572,167564,5048512,13615.973,4352.582,0,1058.330,0,38.084,5102,5686,1.770,1.200,0.720,3,0,127.280,0,0,10,2,0,11,0
13-02 17:47:27,39.164,15.965,43.655,0.748,0,1049592,1546960,167592,5048644,5254.513,1454.820,534.831,23.948,17.961,1.996,5131,5152,1.770,1.200,0.720,2,0,153.664,0,0,10,2,0,11,0
13-02 17:47:28,35.039,16.518,47.052,0.501,0,1041300,1549532,167656,5053704,16155.854,3970.388,476.527,3559.934,20.022,13.014,4762,4087,1.870,1.230,0.740,2,0,98.108,0,0,10,2,0,11,0
13-02 17:47:29,26.036,7.260,65.339,0,0,1028276,1560840,167676,5055052,8823.043,1622.214,0,0,0,0,2282,1055,1.870,1.230,0.740,1,0,14.019,0,0,10,2,0,11,0
13-02 17:47:30,18.711,2.495,78.339,0.249,0,1024412,1560124,167844,5058868,17684.552,4609.500,0,8091.324,0,118.755,1632,854,1.870,1.230,0.740,1,0,16.965,0,0,10,3,0,11,0
13-02 17:47:31,22.756,6.502,69.268,0.500,0,1004040,1578040,168092,5060420,7044.879,1794.479,0,31320.353,0,639.170,12666,22814,1.870,1.230,0.740,1,0,13.003,0,0,10,2,0,11,0
13-02 17:47:32,23.285,4.256,71.357,0,0,1005292,1576544,168152,5060580,9133.665,1622.427,0,84.126,0,1.001,6949,11643,1.870,1.230,0.740,2,0,5.007,0,0,10,2,0,11,0
13-02 17:47:33,20.504,6.001,71.765,0,0,1010484,1571108,168196,5060744,42123.547,1620.329,0,1112.226,0,99.020,5493,8220,1.800,1.230,0.740,1,0,15.003,0,0,10,2,0,11,0
13-02 17:47:34,21.242,4.248,73.972,0,0,996896,1597876,168204,5049424,5604.844,1619.377,0,831.680,0,12.995,1646,887,1.800,1.230,0.740,1,0,1.000,0,0,10,2,0,11,0
13-02 17:47:35,6.988,1.747,90.342,0.250,0,960468,1634496,168212,5049332,11253.354,131141.057,0,738.710,0,12.977,1252,1206,1.800,1.230,0.740,0,0,4.991,0,0,10,2,0,11,0
13-02 17:47:36,0.500,0.999,98.191,0,0,957952,1637012,168212,5049332,8954.645,1457.129,0,5420.758,0,27.983,588,643,1.800,1.230,0.740,1,0,0,0,0,10,2,0,11,0
13-02 17:47:37,0.500,0.750,98.033,0,0,954948,1640016,168212,5049332,7815.612,1620.542,0,4729.581,0,23.008,558,632,1.800,1.230,0.740,0,0,0,0,0,10,2,0,11,0
13-02 17:47:38,0.250,0.250,98.753,0,0,953000,1641964,168212,5049332,8110.257,1620.051,0,0,0,0,452,539,1.660,1.210,0.730,0,0,0,0,0,10,2,0,11,0
13-02 17:47:39,0.250,0.250,98.996,0,0,951596,1643368,168212,5049332,6593.765,1619.942,0,8.000,0,1.000,446,546,1.660,1.210,0.730,0,0,0,0,0,10,2,0,10,0
13-02 17:47:40,0.750,0.500,99.010,0,0,950364,1644600,168212,5049332,8905.868,1620.158,0,544.053,0,2.000,488,570,1.660,1.210,0.730,0,0,0,0,0,10,2,0,10,0
13-02 17:47:41,0,0.250,98.741,0,0,949580,1645380,168212,5049336,8446.247,1619.856,0,19.998,0,2.000,458,532,1.660,1.210,0.730,0,0,0,0,0,10,2,0,10,0
13-02 17:47:42,0.750,1.750,97.500,0,0,947088,1647872,168212,5049336,5637.991,1619.997,0,20179.968,0,91.000,721,770,1.660,1.210,0.730,0,0,0,0,0,10,2,0,10,0
13-02 17:47:43,0,0.250,98.744,0,0,942552,1652408,168212,5049336,6496.635,1619.909,0,8.000,0,2.000,430,540,1.520,1.190,0.730,0,0,0,0,0,10,2,0,9,0
13-02 17:47:44,0.500,0.250,98.506,0,0,938324,1656636,168212,5049336,9013.526,1458.085,0,8.000,0,2.000,459,564,1.520,1.190,0.730,0,0,0,0,0,10,2,0,9,0
13-02 17:47:45,0.500,0.250,99.000,0,0,927636,1667324,168216,5049332,8438.977,1619.996,0,723.998,0,3.000,503,604,1.520,1.190,0.730,0,0,1.000,0,0,10,2,0,9,0
13-02 17:47:46,0.250,0,98.497,0,0,916364,1678592,168216,5049336,10738.726,1619.959,0,0,0,0,474,541,1.520,1.190,0.730,0,0,0,0,0,10,2,0,9,0
13-02 17:47:47,0.250,0.750,98.504,0.500,0,906412,1688540,168220,5049336,7396.266,1620.058,0,6112.220,0,24.001,517,584,1.520,1.190,0.730,0,0,0,0,0,10,2,0,9,0
13-02 17:47:48,0.500,0.500,98.999,0,0,898224,1696728,168220,5049336,8820.887,1619.979,0,0,0,0,424,531,1.400,1.170,0.730,0,0,0,0,0,10,2,0,9,0
13-02 17:47:49,0.250,0,98.751,0.250,0,891024,1703928,168220,5049336,6729.039,1620.009,0,140.001,0,25.000,437,533,1.400,1.170,0.730,0,0,0,0,0,10,2,0,9,0
13-02 17:47:50,0.750,0.500,98.753,0,0,884904,1710048,168220,5049336,5217.154,1620.048,0,868.026,0,122.004,488,587,1.400,1.170,0.730,0,0,0,0,0,10,2,0,9,0
13-02 17:47:51,0.250,0.250,98.493,0,0,881472,1713476,168224,5049336,8775.350,1619.880,0,91.993,0,3.000,458,546,1.400,1.170,0.730,0,0,0,0,0,10,2,0,9,0
13-02 17:47:52,0.750,1.750,97.497,0,0,878120,1716824,168224,5049340,9093.707,1619.948,0,21527.306,0,83.997,782,815,1.400,1.170,0.730,0,0,0,0,0,10,2,0,9,0
13-02 17:47:53,0,0.750,98.747,0,0,875876,1719068,168224,5049340,5153.828,1457.951,0,0,0,0,397,509,1.290,1.150,0.720,0,0,0,0,0,10,2,0,9,0
13-02 17:47:54,1.000,1.500,97.016,0,0,875948,1718996,168224,5049340,8713.441,1620.268,0,0,0,0,609,611,1.290,1.150,0.720,0,0,6.001,0,0,10,2,0,9,0
13-02 17:47:55,0.750,0.500,98.494,0,0,875836,1719108,168224,5049340,10093.355,1619.896,0,4.000,0,1.000,533,588,1.290,1.150,0.720,0,0,1.000,0,0,10,2,0,9,0
13-02 17:47:56,0.250,0,98.758,0.250,0,875804,1719140,168224,5049340,9345.761,1620.132,0,788.064,0,2.000,483,564,1.290,1.150,0.720,0,0,0,0,0,10,2,0,9,0
13-02 17:47:57,0.250,4.250,94.742,0,0,875272,1719656,168224,5049340,6994.427,1619.867,0,69994.264,0,301.975,1303,1213,1.290,1.150,0.720,0,0,0,0,0,10,2,0,9,0
13-02 17:47:58,1.000,0.250,98.778,0,0,875272,1719656,168224,5049340,5785.618,1620.453,0,0,0,0,417,528,1.180,1.130,0.720,0,0,0,0,0,10,2,0,9,0
13-02 17:47:59,0,0.500,98.718,0,0,875060,1719868,168224,5049340,10072.714,1619.472,0,119.961,0,18.994,482,552,1.180,1.130,0.720,0,0,0,0,0,10,2,0,9,0
13-02 17:48:00,0.500,0.250,99.252,0,0,875060,1719868,168224,5049340,7479.160,1620.035,0,0,0,0,465,554,1.180,1.130,0.720,0,0,0,0,0,10,2,0,9,0
13-02 17:48:01,0.250,0.250,98.506,0,0,875032,1719896,168224,5049340,5135.318,1458.090,0,4.000,0,1.000,429,542,1.180,1.130,0.720,0,0,0,0,0,10,2,0,9,0
13-02 17:48:02,0.500,0.250,98.499,0.250,0,875028,1719896,168228,5049340,9620.892,1619.982,0,1059.988,0,3.000,527,570,1.180,1.130,0.720,0,0,0,0,0,10,2,0,9,0
13-02 17:48:03,0.500,0.750,99.249,0,0,874836,1720088,168228,5049340,39981.607,1619.984,0,87.999,0,2.000,485,544,1.090,1.110,0.710,0,0,0,0,0,10,2,0,8,0
13-02 17:48:04,0.500,0,98.248,0,0.250,874996,1719928,168228,5049340,9118.852,1619.974,0,0,0,0,475,553,1.090,1.110,0.710,0,0,0,0,0,10,2,0,8,0
13-02 17:48:05,0.250,0.750,98.753,0,0,874996,1719928,168228,5049340,7541.202,486.013,0,96.003,0,15.000,493,592,1.090,1.110,0.710,0,0,1.000,0,0,10,2,0,8,0
13-02 17:48:06,15.251,3.500,80.755,0,0,872424,1722496,168232,5049340,284214.863,9592.637,0,0,0,0,2206,1289,1.090,1.110,0.710,0,0,20.001,0,0,10,2,0,8,0
13-02 17:48:07,16.251,5.000,77.505,0.250,0,887992,1706812,168236,5049452,296646.186,12796.785,108.007,116.007,5.000,4.000,2616,1486,1.090,1.110,0.710,0,0,24.001,0,0,10,2,0,4,0
13-02 17:48:08,13.246,10.997,73.980,0,0,890648,1703708,168236,5049896,151577.131,3858.960,0,3327.103,0,49.987,2857,1625,1.080,1.110,0.720,2,0,41.989,0,0,10,2,0,4,0
