"pcp-dstat 6.2.0 CSV Output"
"Author:","PCP team <pcp@groups.io> and Dag Wieers <dag@wieers.com>",,,,"URL:","https://pcp.io/ and http://dag.wieers.com/home-made/dstat/"
"Host:","np0000094337",,,,"User:","ubuntu"
"Cmdline:","dstat -tcmndrylpg --tcp --output /tmp/devstack_logs/dstat-csv.log",,,,"Date:","12 Jun 2026 23:40:03 UTC"
"system","total usage",,,,,"memory usage",,,,"net/total",,"dsk/total",,"io/total",,"system",,"load avg",,,"procs",,,"paging",,"tcp sockets",,,,
"time","total usage:usr","total usage:sys","total usage:idl","total usage:wai","total usage:stl","used","free","buf","cach","net/total:recv","net/total:send","dsk/total:read","dsk/total:writ","read","writ","int","csw","1m","5m","15m","run","blk","new","in","out","lis","act","syn","tim","clo"
12-06 23:40:03,,1012016,1642800,163968,5002648,,,,,,,1.580,1.200,0.730,1,0,,,,10,5,0,17,0
12-06 23:40:04,17.424,19.913,60.238,0.498,0,998544,1655996,164056,5002788,40618.351,8209.298,0,860.259,0,26.883,4916,3107,1.580,1.200,0.730,4,0,231.991,0,0,10,6,0,17,0
12-06 23:40:05,23.249,20.499,53.747,0.500,0,1000824,1653092,164200,5003172,26774.451,11930.310,0,1307.924,0,38.998,4871,2900,1.540,1.200,0.740,3,0,210.988,0,0,10,5,0,17,1
12-06 23:40:06,26.991,21.243,49.233,0.500,0,1011040,1642620,164276,5003308,19504.178,7880.244,0,1975.309,0,131.954,4800,2710,1.540,1.200,0.740,3,0,186.935,0,0,10,5,0,13,1
12-06 23:40:07,26.862,22.343,48.703,0.502,0.502,1019824,1633304,164440,5003884,51585.316,11528.118,0,1313.482,0,45.189,5518,4233,1.540,1.200,0.740,16,0,206.863,0,0,10,4,0,13,2
12-06 23:40:08,32.209,16.230,49.188,0.250,0,1025460,1627112,164548,5003892,27554.295,9553.967,0,1430.199,0,81.897,4413,2583,1.540,1.200,0.740,2,0,117.852,0,0,10,4,0,13,2
12-06 23:40:09,36.358,17.681,43.829,0.249,0,1023612,1607176,164748,5024864,181377.833,6820.333,0,1275.015,0,35.860,5064,4139,1.540,1.200,0.740,3,0,123.517,0,0,10,4,0,13,2
12-06 23:40:10,38.643,18.568,41.403,0.753,0,1012964,1603968,165524,5035636,13795.889,1720.346,0,1296.783,0,54.200,6620,7005,1.810,1.260,0.760,4,0,183.678,0,0,10,4,0,11,2
12-06 23:40:11,40.489,14.746,42.738,1.500,0,1041204,1556528,166012,5052280,8919.517,1619.549,1011.718,1531.574,37.989,31.991,5294,4861,1.810,1.260,0.760,3,0,87.976,0,0,10,4,0,11,2
12-06 23:40:12,30.452,11.232,56.910,0.499,0,1045740,1528972,166644,5072408,12738.898,1617.448,0,10495.438,0,92.853,2733,1633,1.810,1.260,0.760,1,1,12.980,0,0,10,4,0,11,2
12-06 23:40:13,22.249,2.500,73.248,1.000,0,1044640,1513216,167628,5086100,9982.728,1619.956,0,18715.489,0,629.983,2081,1532,1.810,1.260,0.760,3,0,0,0,0,10,4,0,11,2
12-06 23:40:14,22.500,2.750,73.750,0.750,0,1049856,1478716,168648,5111672,14372.028,1620.003,0,2276.004,0,78.000,1956,1478,1.810,1.260,0.760,2,0,0,0,0,10,4,0,11,2
12-06 23:40:15,22.755,2.501,73.765,0.250,0,1058860,1483608,168948,5097152,14201.930,2100.433,0,736.152,0,27.006,1781,1037,1.750,1.260,0.760,2,0,2.000,0,0,10,2,0,11,0
12-06 23:40:16,19.820,4.014,76.018,0,0,1063548,1478884,168976,5097160,18061.635,2805.886,0,1095.861,0,95.336,1887,951,1.750,1.260,0.760,2,0,33.117,0,0,10,3,0,11,0
12-06 23:40:17,19.259,2.251,76.538,0.250,0,1053736,1481712,169136,5103376,15760.738,3464.701,0,1468.721,0,18.009,1710,1001,1.750,1.260,0.760,3,0,3.001,0,0,10,2,0,11,0
12-06 23:40:18,23.154,6.722,67.720,0,0,1051468,1482720,169184,5104388,10001.628,1613.327,0,16137.249,0,211.127,9860,18120,1.750,1.260,0.760,2,0,9.959,0,0,10,2,0,11,0
12-06 23:40:19,21.551,4.511,72.422,0,0,1036276,1497496,169220,5104564,8777.815,1623.851,0,88.209,0,1.002,4394,6432,1.750,1.260,0.760,3,0,8.019,0,0,10,2,0,11,0
12-06 23:40:20,21.495,6.748,70.483,0,0,1043712,1489740,169236,5104784,12710.894,1457.644,0,175.957,0,2.000,7742,13097,1.690,1.250,0.760,3,0,14.996,0,0,10,2,0,11,0
12-06 23:40:21,21.932,3.489,73.522,0,0,970392,1571048,169252,5097396,13517.128,131167.682,0,1630.948,0,12.960,1891,1008,1.690,1.250,0.760,2,0,4.985,0,0,10,2,0,11,0
12-06 23:40:22,1.001,0.500,98.064,0,0,970492,1571048,169252,5097296,13275.678,1877.227,0,8.005,0,1.001,686,673,1.690,1.250,0.760,1,0,1.001,0,0,10,2,0,10,0
12-06 23:40:23,0.250,1.500,97.502,0,0,962416,1579112,169252,5097296,13807.278,1458.029,0,9824.197,0,44.001,729,749,1.690,1.250,0.760,1,0,0,0,0,10,2,0,10,0
12-06 23:40:24,0.250,0.500,98.744,0,0,959876,1581648,169252,5097300,13262.242,1619.907,0,2259.871,0,13.999,546,582,1.690,1.250,0.760,1,0,0,0,0,10,2,0,10,0
12-06 23:40:25,10.251,5.251,83.510,0,0,941624,1599900,169252,5097300,12267.409,1458.168,0,0,0,0,1997,7128,1.550,1.230,0.760,1,0,36.004,0,0,10,2,0,11,0
12-06 23:40:26,0.500,0.250,98.757,0.250,0,936476,1605060,169256,5097300,11612.847,1620.118,0,824.060,0,2.000,492,564,1.550,1.230,0.760,1,0,0,0,0,10,2,0,9,0
12-06 23:40:27,0.500,0.250,98.981,0,0,927756,1613780,169256,5097300,15227.030,1457.716,0,7.998,0,2.000,532,578,1.550,1.230,0.760,1,0,0,0,0,10,2,0,9,0
12-06 23:40:28,0.250,0.250,98.722,0,0,918244,1623292,169256,5097300,13167.284,1619.543,0,11.997,0,1.999,516,590,1.550,1.230,0.760,2,0,0,0,0,10,2,0,9,0
12-06 23:40:29,0.750,2.250,96.729,0,0,882288,1659236,169256,5097300,10309.725,1457.678,0,32228.888,0,157.965,950,971,1.550,1.230,0.760,1,0,0,0,0,10,2,0,9,0
12-06 23:40:30,0,0.250,98.783,0,0,880520,1661004,169256,5097300,12893.366,1620.549,0,0,0,0,539,577,1.430,1.210,0.750,1,0,0,0,0,10,2,0,9,0
12-06 23:40:31,0.750,0.250,98.751,0,0,877972,1663552,169256,5097300,10682.087,1620.013,0,0,0,0,476,545,1.430,1.210,0.750,1,0,0,0,0,10,2,0,9,0
12-06 23:40:32,0.500,0.500,98.500,0,0.250,876868,1664652,169260,5097300,12877.998,1620.000,0,740.000,0,28.000,609,695,1.430,1.210,0.750,1,0,1.000,0,0,10,2,0,9,0
12-06 23:40:33,0.500,0.500,98.233,0,0,875876,1665612,169260,5097332,12120.852,1619.713,0,3.999,0,1.000,559,599,1.430,1.210,0.750,1,0,0,0,0,10,2,0,9,0
12-06 23:40:34,0.500,0.250,99.016,0,0,875404,1666080,169264,5097332,9222.466,1620.258,0,2184.347,0,9.001,500,589,1.430,1.210,0.750,1,0,0,0,0,10,2,0,9,0
12-06 23:40:35,0.250,0,98.466,0,0,875404,1666080,169264,5097332,12350.767,1619.445,0,0,0,0,499,576,1.310,1.190,0.750,1,0,0,0,0,10,2,0,9,0
12-06 23:40:36,0.750,0.250,98.988,0,0,875400,1666080,169264,5097336,11208.629,1619.802,0,0,0,0,514,554,1.310,1.190,0.750,1,0,0,0,0,10,2,0,9,0
12-06 23:40:37,0.500,0.250,98.563,0,0,875400,1666080,169264,5097336,8735.576,1458.931,0,84.054,0,2.001,506,574,1.310,1.190,0.750,1,0,0,0,0,10,2,0,9,0
12-06 23:40:38,0.500,0.500,98.970,0,0,875400,1666080,169264,5097336,13100.015,1619.507,0,0,0,0,512,546,1.310,1.190,0.750,1,0,0,0,0,10,2,0,9,0
12-06 23:40:39,0.500,0.500,98.509,0,0,875400,1666080,169264,5097336,22596.099,1620.150,0,4.000,0,1.000,498,553,1.310,1.190,0.750,1,0,0,0,0,10,2,0,9,0
12-06 23:40:40,0.250,0,98.754,0,0,875400,1666080,169264,5097336,13411.581,1620.070,0,8.000,0,1.000,507,568,1.210,1.170,0.740,1,0,0,0,0,10,2,0,9,0
12-06 23:40:41,0.250,0.500,98.990,0,0,873012,1668468,169264,5097336,11415.798,1457.846,0,0,0,0,495,558,1.210,1.170,0.740,1,0,0,0,0,10,2,0,9,0
12-06 23:40:42,0.500,0,98.517,0,0,870680,1670800,169264,5097336,10844.883,1620.281,0,32.006,0,2.000,533,621,1.210,1.170,0.740,1,0,1.000,0,0,10,2,0,9,0
12-06 23:40:43,0.500,0.250,98.747,0,0,868640,1672840,169264,5097336,13689.633,1457.961,0,119.997,0,20.999,506,568,1.210,1.170,0.740,1,0,0,0,0,10,2,0,9,0
12-06 23:40:44,0.750,4.500,94.000,0.250,0,862316,1679148,169264,5097336,13062.995,1619.999,0,87707.967,0,407.000,1501,1344,1.210,1.170,0.740,1,0,0,0,0,10,2,0,9,0
12-06 23:40:45,0,0.500,98.747,0,0,862316,1679148,169264,5097336,14423.629,1619.958,0,4.000,0,1.000,562,596,1.110,1.150,0.740,1,0,0,0,0,10,2,0,9,0
12-06 23:40:46,0.250,0.500,98.781,0,0,862064,1679400,169264,5097336,14506.623,1500.478,0,4.001,0,1.000,516,551,1.110,1.150,0.740,1,0,0,0,0,10,2,0,8,0
12-06 23:40:47,0.500,0.750,98.739,0,0,862060,1679400,169268,5097336,13547.506,1619.821,0,1291.858,0,3.000,513,589,1.110,1.150,0.740,1,0,0,0,0,10,2,0,8,0
12-06 23:40:48,0.500,0.250,98.992,0,0,862060,1679400,169268,5097336,13083.976,1619.873,0,0,0,0,492,561,1.110,1.150,0.740,1,0,0,0,0,10,2,0,8,0
12-06 23:40:49,0.250,0,98.752,0,0,862060,1679400,169268,5097336,10305.182,1458.026,0,92.002,0,14.000,498,587,1.110,1.150,0.740,2,0,0,0,0,10,2,0,8,0
12-06 23:40:50,0.250,0.750,98.261,0.250,0,862284,1679176,169268,5097336,9813.119,1620.185,0,7900.901,0,65.007,630,734,1.020,1.130,0.740,1,0,0,0,0,10,2,0,8,0
12-06 23:40:51,0.750,0.250,98.506,0,0,862280,1679176,169268,5097340,13038.783,1620.097,0,8.000,0,2.000,510,590,1.020,1.130,0.740,1,0,0,0,0,10,2,0,4,0
12-06 23:40:52,6.743,1.748,91.654,0,0,878404,1663052,169268,5097340,142678.124,3184.677,0,227.762,0,2.997,1088,917,1.020,1.130,0.740,2,0,3.996,0,0,10,2,0,4,0
12-06 23:40:53,15.267,3.254,79.839,0,0,910388,1631060,169272,5097344,295904.122,10207.388,0,0,0,0,2279,1350,1.020,1.130,0.740,2,0,22.025,0,0,10,2,0,4,0
12-06 23:40:54,13.971,4.241,79.587,0.748,0,898980,1642356,169276,5097452,303792.936,12650.055,107.779,255.476,4.990,32.932,2506,1469,1.020,1.130,0.740,2,0,21.955,0,0,10,2,0,4,0
