"pcp-dstat 6.2.0 CSV Output"
"Author:","PCP team <pcp@groups.io> and Dag Wieers <dag@wieers.com>",,,,"URL:","https://pcp.io/ and http://dag.wieers.com/home-made/dstat/"
"Host:","np0000094025",,,,"User:","ubuntu"
"Cmdline:","dstat -tcmndrylpg --tcp --output /tmp/devstack_logs/dstat-csv.log",,,,"Date:","20 Apr 2026 15:22:46 UTC"
"system","total usage",,,,,"memory usage",,,,"net/total",,"dsk/total",,"io/total",,"system",,"load avg",,,"procs",,,"paging",,"tcp sockets",,,,
"time","total usage:usr","total usage:sys","total usage:idl","total usage:wai","total usage:stl","used","free","buf","cach","net/total:recv","net/total:send","dsk/total:read","dsk/total:writ","read","writ","int","csw","1m","5m","15m","run","blk","new","in","out","lis","act","syn","tim","clo"
20-04 15:22:46,,989392,1678892,161912,4993932,,,,,,,1.050,1.050,0.720,2,0,,,,10,5,0,17,1
20-04 15:22:47,20.455,20.206,57.125,0.499,0,993676,1674188,162000,4994172,53664.032,7778.047,0,862.121,0,24.946,5252,3683,1.050,1.050,0.720,3,0,218.524,0,0,10,4,0,17,2
20-04 15:22:48,26.774,21.019,50.796,0.250,0,997788,1669856,162076,4994280,55217.544,7323.571,0,668.600,0,21.019,5062,2755,1.050,1.050,0.720,2,0,209.188,0,0,10,4,0,17,2
20-04 15:22:49,22.470,20.723,54.928,0.499,0,1007376,1659856,162204,4994508,40355.809,10298.426,0,1338.236,0,45.939,4792,2813,1.050,1.050,0.720,3,0,195.742,0,0,10,4,0,11,2
20-04 15:22:50,27.544,20.533,50.330,0.250,0,1031120,1635668,162300,4994780,16270.001,8053.871,0,1955.124,0,128.205,4854,2709,1.130,1.070,0.720,2,0,186.298,0,0,10,4,0,11,2
20-04 15:22:51,33.241,17.745,47.238,0.250,0,1024692,1625208,162412,5010920,181291.175,9705.493,0,1135.707,0,29.992,4809,3984,1.130,1.070,0.720,2,0,140.964,0,0,10,4,0,11,2
20-04 15:22:52,38.053,18.276,41.808,0.751,0,1032392,1602928,163308,5022640,11310.809,1568.192,0,8395.734,0,502.703,5232,4147,1.130,1.070,0.720,1,0,156.218,0,0,10,4,0,11,2
20-04 15:22:53,41.359,18.188,39.117,0.249,0,1042828,1574192,163752,5038428,5840.088,1506.862,0,1311.528,0,29.898,5718,6338,1.130,1.070,0.720,3,0,147.497,0,0,10,4,0,11,2
20-04 15:22:54,38.574,15.530,41.078,3.006,0,1083264,1508288,164552,5060788,10609.238,1623.096,797.521,3129.971,23.044,117.224,5595,5830,1.130,1.070,0.720,2,0,122.233,0,0,10,4,0,11,2
20-04 15:22:55,32.494,12.748,53.490,1.500,0,1053160,1507828,165676,5086948,8114.551,1619.711,215.961,12993.680,14.997,94.983,3216,1749,1.280,1.100,0.740,1,0,18.997,0,0,10,4,0,11,2
20-04 15:22:56,20.498,2.250,75.491,0.750,0,1051208,1496640,166448,5097312,17957.906,2795.674,0,1839.785,0,65.992,1833,1323,1.280,1.100,0.740,0,0,0,0,0,10,5,0,11,2
20-04 15:22:57,20.747,3.000,75.737,0,0,1032600,1532748,166448,5080228,14775.554,3074.491,0,7966.681,0,51.991,1723,954,1.280,1.100,0.740,1,0,2.000,0,0,10,2,0,11,0
20-04 15:22:58,19.502,4.000,76.257,0,0,1025168,1540136,166476,5080240,10418.994,2958.282,0,0,0,0,1752,905,1.280,1.100,0.740,0,0,33.003,0,0,10,3,0,11,0
20-04 15:22:59,21.004,2.250,74.765,0.250,0,1010944,1548188,166552,5085800,13739.751,2632.527,0,1704.341,0,11.002,1772,988,1.280,1.100,0.740,1,0,3.001,0,0,10,2,0,11,0
20-04 15:23:00,17.996,2.249,79.481,0.250,0,1005640,1546572,166936,5090992,19147.450,4733.875,0,1263.700,0,17.996,1652,889,1.260,1.100,0.740,1,0,16.996,0,0,10,2,0,11,0
20-04 15:23:01,22.992,7.498,68.228,0,0,997440,1554060,166996,5091508,5759.116,1619.470,0,83.973,0,1.000,12373,21957,1.260,1.100,0.740,1,0,18.994,0,0,10,2,0,11,0
20-04 15:23:02,23.509,7.253,67.777,0,0,1018268,1533124,167020,5091584,11954.805,1620.651,0,17058.857,0,108.043,7403,13308,1.260,1.100,0.740,1,0,14.006,0,0,10,2,0,11,0
20-04 15:23:03,19.492,6.248,73.722,0.250,0,1004644,1550104,167068,5088128,9870.195,1457.438,0,1067.588,0,11.995,1766,853,1.260,1.100,0.740,2,0,6.997,0,0,10,2,0,11,0
20-04 15:23:04,13.255,2.501,82.779,0,0,931428,1632732,167068,5080228,14805.151,131645.802,0,16.006,0,2.001,1545,910,1.260,1.100,0.740,0,0,5.002,0,0,10,2,0,11,0
20-04 15:23:05,0.250,0,99.251,0,0,924004,1640156,167068,5080228,8630.092,1620.017,0,928.010,0,104.001,487,561,1.150,1.080,0.730,0,0,0,0,0,10,2,0,11,0
20-04 15:23:06,0.500,0.500,98.745,0,0,924256,1639904,167068,5080228,5574.715,1457.925,0,0,0,0,435,555,1.150,1.080,0.730,0,0,0,0,0,10,2,0,9,0
20-04 15:23:07,0.500,0.999,97.935,0.250,0,923524,1640628,167068,5080232,13718.961,1618.933,0,13527.087,0,66.956,701,703,1.150,1.080,0.730,0,0,0,0,0,10,2,0,9,0
20-04 15:23:08,0.500,0,98.813,0,0,921948,1642204,167068,5080232,10407.584,1621.026,0,4.003,0,1.001,477,552,1.150,1.080,0.730,0,0,0,0,0,10,2,0,9,0
20-04 15:23:09,0,0.500,98.733,0,0,919796,1644352,167072,5080232,10660.168,1457.750,0,931.840,0,3.999,508,567,1.150,1.080,0.730,0,0,0,0,0,10,2,0,9,0
20-04 15:23:10,0.250,0.250,98.992,0,0,913148,1651000,167072,5080232,8474.308,1619.868,0,0,0,0,477,544,1.060,1.060,0.730,0,0,0,0,0,10,2,0,9,0
20-04 15:23:11,0.250,0.500,98.795,0,0,907812,1656336,167072,5080232,11335.182,1620.741,0,4.002,0,1.000,493,548,1.060,1.060,0.730,0,0,0,0,0,10,2,0,9,0
20-04 15:23:12,0.500,1.500,97.231,0,0,893756,1670384,167072,5080232,10516.940,1457.714,0,18764.324,0,94.981,825,837,1.060,1.060,0.730,0,0,1.000,0,0,10,2,0,9,0
20-04 15:23:13,0.250,0.250,99.000,0,0,890296,1673844,167072,5080232,6099.016,1620.004,0,4.000,0,1.000,425,524,1.060,1.060,0.730,0,0,0,0,0,10,2,0,9,0
20-04 15:23:14,0.500,0.250,98.712,0.250,0,887244,1676896,167072,5080232,6404.540,1619.378,0,491.811,0,1.999,490,593,1.060,1.060,0.730,0,0,0,0,0,10,2,0,9,0
20-04 15:23:15,0.500,0,98.744,0,0,884600,1679536,167072,5080236,11027.377,1619.909,0,4.000,0,1.000,488,531,0.980,1.040,0.730,0,0,0,0,0,10,2,0,9,0
20-04 15:23:16,0.250,0.500,98.776,0,0,882264,1681872,167072,5080236,8400.187,1458.380,0,804.209,0,120.031,515,606,0.980,1.040,0.730,0,0,0,0,0,10,2,0,9,0
20-04 15:23:17,0.250,0.500,98.749,0,0,879836,1684300,167072,5080236,46517.737,1619.991,0,227.999,0,2.000,562,562,0.980,1.040,0.730,0,0,0,0,0,10,2,0,9,0
20-04 15:23:18,0.250,0.250,98.510,0,0,879836,1684300,167072,5080236,44442.437,1620.162,0,0,0,0,536,545,0.980,1.040,0.730,0,0,0,0,0,10,2,0,9,0
20-04 15:23:19,0.500,0,98.990,0,0,877844,1686292,167072,5080236,11687.763,1619.829,0,51.994,0,2.000,495,568,0.980,1.040,0.730,0,0,0,0,0,10,2,0,9,0
20-04 15:23:20,0,0.500,99.069,0,0,876564,1687572,167072,5080236,9878.892,1621.131,0,0,0,0,465,535,0.900,1.020,0.720,0,0,0,0,0,10,2,0,9,0
20-04 15:23:21,0.250,0.250,98.680,0,0,876564,1687572,167072,5080236,6277.541,1618.850,0,143.898,0,26.981,453,559,0.900,1.020,0.720,0,0,0,0,0,10,2,0,9,0
20-04 15:23:22,0.750,1.250,97.737,0,0,875608,1688528,167072,5080236,5966.200,1457.804,0,11998.391,0,173.977,685,776,0.900,1.020,0.720,1,0,1.000,0,0,10,2,0,9,0
20-04 15:23:23,0.250,0.500,97.268,1.000,0,875428,1688580,167072,5080364,10446.913,1620.297,0,12838.351,0,323.059,656,664,0.900,1.020,0.720,0,0,0,0,0,10,2,0,9,0
20-04 15:23:24,0.500,0.250,98.746,0.250,0,875428,1688580,167072,5080364,9879.644,1619.942,0,371.987,0,2.000,467,550,0.900,1.020,0.720,0,0,0,0,0,10,2,0,9,0
20-04 15:23:25,0,0.500,98.752,0,0,875396,1688612,167072,5080364,10178.198,1662.032,0,0,0,0,460,520,0.830,1.010,0.720,0,0,0,0,0,10,2,0,9,0
20-04 15:23:26,0.750,0.500,98.761,0,0,875396,1688612,167072,5080364,7744.844,1620.177,0,0,0,0,452,554,0.830,1.010,0.720,0,0,0,0,0,10,2,0,9,0
20-04 15:23:27,0.250,0.250,98.770,0,0,875396,1688612,167072,5080364,10582.179,1620.334,0,4.001,0,1.000,494,573,0.830,1.010,0.720,0,0,0,0,0,10,2,0,9,0
20-04 15:23:28,0.250,3.750,94.753,0.250,0,874952,1689056,167072,5080364,8155.215,1458.039,0,72473.915,0,284.008,1282,1177,0.830,1.010,0.720,1,0,0,0,0,10,2,0,9,0
20-04 15:23:29,0.500,0.250,98.976,0,0,874952,1689056,167072,5080364,7160.260,1619.606,0,3.999,0,1.000,449,546,0.830,1.010,0.720,0,0,0,0,0,10,2,0,9,0
20-04 15:23:30,0,0.750,98.755,0,0,875204,1688804,167072,5080364,10888.600,1620.089,0,1176.065,0,3.000,491,558,0.760,0.990,0.710,1,0,0,0,0,10,2,0,8,0
20-04 15:23:31,0.500,0.250,98.729,0,0,875204,1688804,167072,5080364,7732.344,1619.653,0,0,0,0,446,536,0.760,0.990,0.710,0,0,0,0,0,10,2,0,8,0
20-04 15:23:32,0.250,0,98.502,0.250,0,875452,1688556,167072,5080364,6488.100,1620.025,0,116.002,0,20.000,519,634,0.760,0.990,0.710,0,0,1.000,0,0,10,2,0,8,0
20-04 15:23:33,0.250,0.250,99.015,0,0,875448,1688556,167072,5080368,10106.547,1620.248,0,4.001,0,1.000,474,541,0.760,0.990,0.710,0,0,0,0,0,10,2,0,8,0
20-04 15:23:34,0.500,0,99.023,0,0,875696,1688304,167072,5080372,7458.713,972.223,0,0,0,0,457,553,0.760,0.990,0.710,0,0,0,0,0,10,2,0,4,0
20-04 15:23:35,15.190,5.727,78.687,0,0,894756,1669496,167080,5083164,285855.754,7036.033,0,35.857,0,3.984,2310,6549,0.780,0.990,0.720,2,0,40.838,0,0,10,2,0,4,0
20-04 15:23:36,17.321,5.021,76.064,0.753,0,874884,1689348,167084,5080388,153730.878,9928.940,108.447,0,5.021,0,2785,7389,0.780,0.990,0.720,2,0,29.120,0,0,10,2,0,5,0
20-04 15:23:37,15.249,3.750,80.244,0,0,891652,1672488,167084,5080480,295593.535,9141.336,0,4.000,0,1.000,2202,1318,0.780,0.990,0.720,1,0,17.999,0,0,10,2,0,5,0
