"pcp-dstat 6.2.0 CSV Output"
"Author:","PCP team <pcp@groups.io> and Dag Wieers <dag@wieers.com>",,,,"URL:","https://pcp.io/ and http://dag.wieers.com/home-made/dstat/"
"Host:","np0000094363",,,,"User:","ubuntu"
"Cmdline:","dstat -tcmndrylpg --tcp --output /tmp/devstack_logs/dstat-csv.log",,,,"Date:","16 Jun 2026 11:11:33 UTC"
"system","total usage",,,,,"memory usage",,,,"net/total",,"dsk/total",,"io/total",,"system",,"load avg",,,"procs",,,"paging",,"tcp sockets",,,,
"time","total usage:usr","total usage:sys","total usage:idl","total usage:wai","total usage:stl","used","free","buf","cach","net/total:recv","net/total:send","dsk/total:read","dsk/total:writ","read","writ","int","csw","1m","5m","15m","run","blk","new","in","out","lis","act","syn","tim","clo"
16-06 11:11:33,,1070924,1602264,162148,4986244,,,,,,,1.550,1.150,0.720,4,0,,,,10,4,0,17,2
16-06 11:11:34,26.935,20.201,51.127,0.499,0,1065904,1606836,162244,4986492,21865.429,8805.828,0,997.601,0,29.928,5079,2966,1.550,1.150,0.720,3,0,222.465,0,0,10,4,0,17,2
16-06 11:11:35,27.424,21.440,49.113,0.748,0,1045828,1605968,162424,5006304,177586.996,7696.590,0,1384.150,0,39.889,4914,2841,1.550,1.150,0.720,2,0,207.423,0,0,10,4,0,11,2
16-06 11:11:36,31.563,22.044,44.087,0.751,0,1019408,1617792,163208,5018068,10404.646,1623.221,0,1454.887,0,59.117,4946,2868,1.550,1.150,0.720,3,0,195.388,0,0,10,4,0,11,2
16-06 11:11:37,34.258,21.755,41.760,0.500,0,1018696,1602412,163656,5032340,11502.632,1620.371,0,1456.333,0,34.008,5518,4821,1.550,1.150,0.720,13,0,208.048,0,0,10,4,0,11,2
16-06 11:11:38,37.908,17.707,44.393,0.249,0,1022996,1586976,163884,5041860,9961.947,1616.098,0,818.025,0,26.935,4326,2639,1.660,1.180,0.730,2,0,120.709,0,0,10,4,0,11,2
16-06 11:11:39,40.294,17.519,39.543,1.001,0,1041420,1544968,164888,5062092,14857.071,1459.579,0,2502.707,0,110.119,5384,6004,1.660,1.180,0.730,6,0,136.147,0,0,10,4,0,11,2
16-06 11:11:40,37.833,19.042,40.839,1.002,0.251,1039712,1517408,165908,5087356,12440.143,1623.542,0,12787.901,0,764.668,5864,5812,1.660,1.180,0.730,2,0,167.365,0,0,10,4,0,11,2
16-06 11:11:41,31.956,6.741,42.193,17.976,0,1054436,1508716,166644,5079232,11363.518,2097.143,651.113,2049.208,18.974,64.912,4176,4720,1.660,1.180,0.730,3,0,25.965,0,0,10,2,0,11,0
16-06 11:11:42,32.548,15.272,50.825,0.751,0,1046548,1515980,166672,5079656,14722.587,2962.343,360.529,0,19.028,0,3714,1817,1.660,1.180,0.730,2,0,98.144,0,0,10,3,0,11,0
16-06 11:11:43,25.998,8.749,63.994,0.250,0,1022400,1532556,167072,5085944,10754.010,3462.681,0,10942.993,0,26.998,2401,1226,1.610,1.180,0.730,1,0,14.999,0,0,10,2,0,11,0
16-06 11:11:44,22.254,6.001,69.764,0,0,1059540,1494136,167128,5086976,9236.841,1620.323,0,0,0,0,6515,13183,1.610,1.180,0.730,1,0,13.003,0,0,10,2,0,11,0
16-06 11:11:45,22.999,5.500,69.248,0,0,1047068,1506376,167180,5087096,24589.366,1619.958,0,16491.575,0,219.994,11895,20851,1.610,1.180,0.730,1,0,7.000,0,0,10,2,0,11,0
16-06 11:11:46,20.254,5.251,74.014,0,0,1045368,1516036,167232,5079772,13258.577,1458.283,0,1320.257,0,14.003,1959,1089,1.610,1.180,0.730,1,0,14.003,0,0,10,2,0,11,0
16-06 11:11:47,14.709,2.493,82.019,0,0,999424,1562068,167232,5079700,17346.068,131056.301,0,15.955,0,1.994,1577,901,1.610,1.180,0.730,0,0,4.986,0,0,10,2,0,11,0
16-06 11:11:48,0.251,0.251,98.736,0,0,994232,1567260,167232,5079700,13057.179,1623.878,0,0,0,0,500,560,1.480,1.160,0.720,0,0,0,0,0,10,2,0,11,0
16-06 11:11:49,0.750,0.750,98.501,0,0,980920,1580540,167232,5079732,11391.119,1620.017,0,0,0,0,588,587,1.480,1.160,0.720,0,0,0,0,0,10,2,0,11,0
16-06 11:11:50,0.250,1.500,97.742,0,0,980916,1580540,167232,5079732,11460.111,1619.874,0,9827.237,0,49.996,686,724,1.480,1.160,0.720,0,0,0,0,0,10,2,0,11,0
16-06 11:11:51,0.250,0,98.496,0.250,0,971340,1590108,167240,5079732,9483.591,1689.927,0,1083.953,0,5.000,488,592,1.480,1.160,0.720,0,0,0,0,0,10,2,0,9,0
16-06 11:11:52,0.750,0.500,98.968,0,0,964020,1597428,167240,5079732,13803.494,1619.471,0,3.999,0,1.000,531,567,1.480,1.160,0.720,0,0,0,0,0,10,2,0,9,0
16-06 11:11:53,0.250,0,98.295,0,0,964020,1597428,167240,5079732,9662.396,1458.664,0,0,0,0,485,533,1.360,1.140,0.720,0,0,0,0,0,10,2,0,9,0
16-06 11:11:54,0.500,0.500,98.261,0,0,955576,1605892,167264,5079716,9044.971,1620.174,0,240.026,0,12.001,556,1312,1.360,1.140,0.720,0,0,0,0,0,10,2,0,9,0
16-06 11:11:55,0.500,1.250,96.745,0.500,0,953128,1608332,167264,5079720,12263.333,1619.912,0,22322.786,0,100.995,863,892,1.360,1.140,0.720,0,1,1.000,0,0,10,2,0,9,0
16-06 11:11:56,0.250,1.500,98.258,0.250,0,952908,1608552,167264,5079720,9627.751,1620.126,0,9920.774,0,66.005,624,696,1.360,1.140,0.720,0,0,0,0,0,10,2,0,9,0
16-06 11:11:57,0,0,98.685,0,0,942188,1619268,167264,5079724,13023.409,1618.932,0,7.995,0,1.999,528,585,1.360,1.140,0.720,0,0,0,0,0,10,2,0,9,0
16-06 11:11:58,0.750,0.250,98.769,0,0,942360,1619096,167264,5079724,23589.457,1458.276,0,8.002,0,1.000,509,568,1.250,1.120,0.720,0,0,0,0,0,10,2,0,9,0
16-06 11:11:59,0.500,0.500,98.544,0,0,927216,1634236,167268,5079724,10003.445,1620.720,0,4321.920,0,78.035,550,651,1.250,1.120,0.720,0,0,0,0,0,10,2,0,9,0
16-06 11:12:00,0.250,0.250,98.473,0,0,922336,1639116,167268,5079724,11253.937,1619.559,0,19.995,0,1.999,511,574,1.250,1.120,0.720,0,0,0,0,0,10,2,0,9,0
16-06 11:12:01,0.250,0.250,98.757,0,0,919612,1641840,167268,5079724,11426.811,1620.115,0,376.027,0,8.001,510,568,1.250,1.120,0.720,0,0,0,0,0,10,2,0,9,0
16-06 11:12:02,0.499,0.250,98.566,0,0,908068,1653384,167268,5079724,7453.110,1616.987,0,0,0,0,471,562,1.250,1.120,0.720,0,0,0,0,0,10,2,0,9,0
16-06 11:12:03,0.501,0,98.942,0,0,903664,1657788,167268,5079724,12412.051,1623.145,0,4.008,0,1.002,513,580,1.150,1.100,0.710,0,0,0,0,0,10,2,0,9,0
16-06 11:12:04,0.250,0.500,98.987,0.250,0,899180,1662272,167268,5079724,11180.500,1619.783,0,75.990,0,3.000,491,585,1.150,1.100,0.710,0,0,0,0,0,10,2,0,9,0
16-06 11:12:05,0.250,0.250,98.250,0,0,896656,1664796,167268,5079724,10948.042,1458.006,0,0,0,0,522,629,1.150,1.100,0.710,0,0,1.000,0,0,10,2,0,9,0
16-06 11:12:06,0.250,0.500,98.745,0,0,895116,1666336,167268,5079724,9459.564,1619.925,0,3967.817,0,33.998,548,623,1.150,1.100,0.710,0,0,0,0,0,10,2,0,9,0
16-06 11:12:07,0.500,0,98.767,0,0,894660,1666792,167268,5079724,9945.734,1620.283,0,0,0,0,467,578,1.150,1.100,0.710,0,0,0,0,0,10,2,0,9,0
16-06 11:12:08,0.500,0.500,98.984,0,0,894648,1666804,167268,5079724,11922.100,1619.742,0,0,0,0,518,570,1.060,1.080,0.710,0,0,0,0,0,10,2,0,9,0
16-06 11:12:09,0.250,0.250,98.770,0,0,894536,1666916,167268,5079724,10998.181,1620.321,0,4.001,0,1.000,500,578,1.060,1.080,0.710,0,0,0,0,0,10,2,0,9,0
16-06 11:12:10,0.500,0.250,98.502,0,0,894532,1666916,167272,5079724,22929.385,1620.027,0,112.002,0,3.000,494,599,1.060,1.080,0.710,0,0,0,0,0,10,2,0,9,0
16-06 11:12:11,0.750,4.999,92.980,0.750,0,898564,1662884,167272,5079724,10995.621,1619.650,0,97290.954,0,805.826,1705,1535,1.060,1.080,0.710,0,0,0,0,0,10,2,0,9,0
16-06 11:12:12,0.500,0.500,98.706,0,0,898460,1662976,167272,5079724,11614.798,1619.275,0,0,0,0,524,565,1.060,1.080,0.710,0,0,0,0,0,10,2,0,9,0
16-06 11:12:13,0.250,0.250,98.325,0,0,898156,1663280,167272,5079724,11286.588,1459.110,0,0,0,0,502,580,0.970,1.060,0.710,0,0,0,0,0,10,2,0,9,0
16-06 11:12:14,0.750,0,98.731,0,0,896072,1665364,167272,5079724,7768.475,1619.682,0,0,0,0,444,583,0.970,1.060,0.710,0,0,0,0,0,10,2,0,9,0
16-06 11:12:15,0.500,2.000,96.771,0,0,894440,1666992,167276,5079724,7599.688,1620.360,0,1616.359,0,28.006,736,758,0.970,1.060,0.710,0,0,7.002,0,0,10,2,0,9,0
16-06 11:12:16,0.750,0.250,98.517,0,0,894448,1666992,167276,5079728,11597.975,1620.276,0,1372.234,0,9.002,548,602,0.970,1.060,0.710,0,0,0,0,0,10,2,0,8,0
16-06 11:12:17,0.250,0.500,98.727,0,0,894448,1666992,167276,5079728,9573.811,1133.741,0,0,0,0,480,565,0.970,1.060,0.710,0,0,0,0,0,10,2,0,8,0
16-06 11:12:18,7.250,1.750,90.256,0,0,909316,1652124,167276,5079728,143689.324,3810.247,0,0,0,0,1222,875,0.900,1.050,0.700,0,0,4.000,0,0,10,2,0,8,0
16-06 11:12:19,16.252,4.500,77.758,0.750,0,907924,1653404,167292,5079832,296504.493,12595.338,108.011,0,5.001,0,2500,1527,0.900,1.050,0.700,1,0,26.003,0,0,10,2,0,8,0
16-06 11:12:20,15.251,4.000,80.008,0,0,906696,1654628,167296,5079836,301726.468,9838.961,0,208.020,0,3.000,2273,1359,0.900,1.050,0.700,1,0,22.002,0,0,10,2,0,4,0
