"pcp-dstat 6.2.0 CSV Output"
"Author:","PCP team <pcp@groups.io> and Dag Wieers <dag@wieers.com>",,,,"URL:","https://pcp.io/ and http://dag.wieers.com/home-made/dstat/"
"Host:","np0000094406",,,,"User:","ubuntu"
"Cmdline:","dstat -tcmndrylpg --tcp --output /tmp/devstack_logs/dstat-csv.log",,,,"Date:","18 Jun 2026 22:31:41 UTC"
"system","total usage",,,,,"memory usage",,,,"net/total",,"dsk/total",,"io/total",,"system",,"load avg",,,"procs",,,"paging",,"tcp sockets",,,,
"time","total usage:usr","total usage:sys","total usage:idl","total usage:wai","total usage:stl","used","free","buf","cach","net/total:recv","net/total:send","dsk/total:read","dsk/total:writ","read","writ","int","csw","1m","5m","15m","run","blk","new","in","out","lis","act","syn","tim","clo"
18-06 22:31:41,,987248,1702480,162456,4970468,,,,,,,1.630,1.190,0.720,3,0,,,,10,5,0,17,1
18-06 22:31:42,26.945,20.208,50.895,0.249,0,1015452,1674012,162524,4970616,39681.336,7346.880,0,714.530,0,20.957,5389,3226,1.630,1.190,0.720,2,0,235.515,0,0,10,4,0,17,2
18-06 22:31:43,18.749,20.749,58.997,0.250,0,1024496,1664704,162596,4970728,16447.056,7191.587,0,631.964,0,17.999,4729,2702,1.630,1.190,0.720,1,0,208.988,0,0,10,4,0,17,2
18-06 22:31:44,20.503,21.503,55.758,0.750,0,1029632,1659164,162736,4970920,43861.213,9183.301,0,2348.333,0,139.020,4872,2815,1.660,1.200,0.720,3,0,191.027,0,0,10,4,0,17,2
18-06 22:31:45,26.936,20.202,51.129,0.249,0,1045044,1643292,162824,4971216,24424.235,8893.965,0,949.754,0,28.932,4695,2567,1.660,1.200,0.720,2,0,172.592,0,0,10,4,0,11,2
18-06 22:31:46,31.557,17.782,49.089,0.501,0,1038400,1633732,162944,4986708,194556.956,9352.968,0,1466.661,0,38.069,5066,4447,1.660,1.200,0.720,3,0,128.233,0,0,10,4,0,11,2
18-06 22:31:47,37.016,20.259,41.268,0.250,0,1048580,1615112,163124,4994652,9620.230,1620.713,0,648.285,0,28.012,5233,3898,1.660,1.200,0.720,2,0,161.071,0,0,10,4,0,11,2
18-06 22:31:48,44.466,12.990,40.719,0.500,0.250,1055452,1595056,163968,5004616,18585.861,1618.769,0,979.255,0,41.968,4958,4622,1.660,1.200,0.720,3,0,76.941,0,0,10,4,0,11,2
18-06 22:31:49,39.242,17.996,39.992,1.750,0,1061976,1569740,164368,5020924,8625.188,1619.660,763.840,9681.966,21.995,375.921,6001,5687,1.690,1.210,0.730,2,0,160.966,0,0,10,4,0,11,2
18-06 22:31:50,35.034,15.765,45.795,3.003,0,1066188,1540992,165160,5042364,6691.516,1513.474,248.242,12552.224,16.016,120.117,4026,3203,1.690,1.210,0.730,2,0,43.042,0,0,10,4,0,11,2
18-06 22:31:51,24.770,4.254,70.058,0.751,0,1059404,1532856,165976,5054204,9687.986,1567.292,0,1837.515,0,60.049,2173,1465,1.690,1.210,0.730,2,0,8.007,0,0,10,4,0,11,2
18-06 22:31:52,22.724,1.998,73.665,0.749,0,1061216,1501284,167108,5080136,10974.366,1510.261,0,2177.493,0,77.910,1878,1419,1.690,1.210,0.730,2,0,0,0,0,10,4,0,11,2
18-06 22:31:53,21.512,3.752,73.540,0.250,0,1035332,1542404,167300,5064572,24323.075,2101.129,0,600.323,0,21.011,1965,1108,1.690,1.210,0.730,1,0,19.010,0,0,10,2,0,11,0
18-06 22:31:54,16.244,2.749,79.970,0,0,1049212,1528500,167308,5064584,18745.858,4505.283,0,16249.809,0,81.969,1695,982,1.640,1.210,0.730,0,0,15.994,0,0,10,3,0,11,0
18-06 22:31:55,22.265,3.252,73.550,0,0,1039088,1531464,167476,5070764,12106.260,1753.196,0,1136.776,0,15.010,1745,959,1.640,1.210,0.730,1,0,3.002,0,0,10,2,0,11,0
18-06 22:31:56,22.983,5.246,70.198,0,0,1059260,1509952,167528,5071856,10164.498,1564.845,0,0,0,0,11793,21175,1.640,1.210,0.730,1,0,12.990,0,0,10,2,0,11,0
18-06 22:31:57,22.744,4.999,70.981,0,0,1055912,1513120,167532,5071976,10072.307,1511.596,0,87.976,0,1.000,9144,15799,1.640,1.210,0.730,1,0,5.998,0,0,10,2,0,11,0
18-06 22:31:58,21.002,5.001,72.507,0,0,1041784,1527184,167536,5071992,7103.713,1566.157,0,176.018,0,2.000,4951,7024,1.640,1.210,0.730,1,0,15.002,0,0,10,2,0,11,0
18-06 22:31:59,19.499,4.000,75.497,0.250,0,922796,1654348,167540,5064580,13046.431,131544.262,0,12115.472,0,145.994,2040,1193,1.580,1.210,0.730,0,0,5.000,0,0,10,2,0,11,0
18-06 22:32:00,0.750,0.750,98.749,0,0,909196,1667948,167540,5064580,11055.924,1511.990,0,4.000,0,1.000,517,573,1.580,1.210,0.730,0,0,0,0,0,10,2,0,11,0
18-06 22:32:01,0.250,0,99.014,0,0,907024,1670120,167540,5064580,8684.258,1566.227,0,0,0,0,506,570,1.580,1.210,0.730,0,0,0,0,0,10,2,0,9,0
18-06 22:32:02,0.250,0.500,98.010,0,0,901188,1675952,167540,5064584,10635.133,1620.173,0,2260.241,0,14.001,531,570,1.580,1.210,0.730,0,0,0,0,0,10,2,0,9,0
18-06 22:32:03,0.750,0.250,98.718,0,0,896532,1680576,167540,5064616,9966.812,1619.482,0,0,0,0,585,587,1.580,1.210,0.730,0,0,0,0,0,10,2,0,9,0
18-06 22:32:04,0.500,0.500,98.735,0,0,892076,1685040,167540,5064616,22550.670,1619.761,0,827.878,0,2.000,531,568,1.460,1.190,0.730,1,0,0,0,0,10,2,0,9,0
18-06 22:32:05,0.250,2.251,96.541,0.250,0,888408,1688696,167544,5064616,9668.073,1512.637,0,32409.655,0,148.062,898,861,1.460,1.190,0.730,0,0,0,0,0,10,2,0,9,0
18-06 22:32:06,0.250,0.250,99.262,0,0,885240,1691864,167544,5064616,7954.925,1620.188,0,12.001,0,2.000,476,566,1.460,1.190,0.730,0,0,0,0,0,10,2,0,9,0
18-06 22:32:07,0.500,0.500,97.229,0.250,0,871728,1705460,167544,5064600,11520.481,1565.658,0,855.813,0,11.997,771,1264,1.460,1.190,0.730,0,0,1.000,0,0,10,2,0,9,0
18-06 22:32:08,0.500,0,98.996,0,0,870428,1706760,167544,5064600,10426.612,1511.944,0,35.999,0,1.000,530,557,1.460,1.190,0.730,0,0,0,0,0,10,2,0,9,0
18-06 22:32:09,0.250,0.500,98.993,0,0,869288,1707900,167544,5064600,5853.599,755.948,0,0,0,0,479,551,1.340,1.170,0.730,0,0,0,0,0,10,2,0,9,0
18-06 22:32:10,0.500,0.250,98.501,0,0,869144,1708044,167544,5064600,10194.108,1458.015,0,272.003,0,7.000,492,531,1.340,1.170,0.730,0,0,0,0,0,10,2,0,9,0
18-06 22:32:11,0.250,0.500,98.784,0,0,869140,1708044,167544,5064604,10014.438,1512.519,0,4.001,0,1.000,537,548,1.340,1.170,0.730,0,0,0,0,0,10,2,0,9,0
18-06 22:32:12,0.500,0.250,98.716,0,0,865924,1711256,167548,5064604,11161.177,1619.445,0,139.952,0,5.998,535,570,1.340,1.170,0.730,0,0,0,0,0,10,2,0,9,0
18-06 22:32:13,0.500,0.500,98.784,0,0,862836,1714344,167548,5064604,11519.022,1566.547,0,0,0,0,543,558,1.340,1.170,0.730,1,0,0,0,0,10,2,0,9,0
18-06 22:32:14,0.500,0,98.722,0,0,860444,1716736,167548,5064604,7618.812,1511.566,0,871.750,0,129.963,503,584,1.230,1.150,0.720,0,0,0,0,0,10,2,0,9,0
18-06 22:32:15,0.750,1.500,96.999,0,0,859260,1717920,167548,5064604,12544.934,1565.992,0,0,0,0,715,621,1.230,1.150,0.720,0,0,6.000,0,0,10,2,0,9,0
18-06 22:32:16,0,0.500,98.976,0,0,857592,1719608,167548,5064604,20269.094,1511.634,0,0,0,0,499,559,1.230,1.150,0.720,0,0,0,0,0,10,2,0,9,0
18-06 22:32:17,0.750,0.250,98.530,0,0,855892,1721308,167548,5064604,11009.312,1620.487,0,4.001,0,1.000,591,604,1.230,1.150,0.720,0,0,1.000,0,0,10,2,0,9,0
18-06 22:32:18,0.250,0.250,98.967,0,0,855652,1721548,167548,5064604,9916.680,1565.476,0,39.987,0,2.999,507,562,1.230,1.150,0.720,0,0,0,0,0,10,2,0,9,0
18-06 22:32:19,0.500,0,98.283,0,0,855468,1721732,167548,5064604,11074.694,1620.541,0,0,0,0,513,540,1.130,1.130,0.720,0,0,0,0,0,10,2,0,9,0
18-06 22:32:20,0.250,2.750,95.736,0.500,0,847804,1729392,167548,5064604,10771.472,1619.770,0,56743.949,0,583.917,1188,1143,1.130,1.130,0.720,0,0,0,0,0,10,2,0,9,0
18-06 22:32:21,0.750,0.250,98.767,0,0,847632,1729564,167548,5064604,8587.500,1512.264,0,0,0,0,507,572,1.130,1.130,0.720,0,0,0,0,0,10,2,0,9,0
18-06 22:32:22,0.250,0,98.752,0,0,847776,1729420,167548,5064604,6873.168,1620.040,0,0,0,0,478,553,1.130,1.130,0.720,0,0,0,0,0,10,2,0,9,0
18-06 22:32:23,0.500,1.000,98.763,0,0,847744,1729452,167548,5064604,11168.525,1662.227,0,676.092,0,3.000,549,586,1.130,1.130,0.720,0,0,0,0,0,10,2,0,9,0
18-06 22:32:24,0.250,0,99.005,0,0,847744,1729452,167548,5064604,9828.456,1620.075,0,4.000,0,1.000,478,555,1.040,1.110,0.710,0,0,0,0,0,10,2,0,9,0
18-06 22:32:25,0.250,3.250,95.494,0,0,842612,1734584,167548,5064604,10381.322,1565.898,0,47376.907,0,201.987,1084,1022,1.040,1.110,0.710,1,0,0,0,0,10,2,0,8,0
18-06 22:32:26,0.250,0.250,98.996,0,0,842960,1734236,167548,5064604,8374.660,1619.934,0,0,0,0,487,563,1.040,1.110,0.710,0,0,0,0,0,10,2,0,8,0
18-06 22:32:27,0.500,0.500,98.504,0,0,843456,1733736,167548,5064608,11166.506,1512.068,0,0,0,0,522,609,1.040,1.110,0.710,0,0,1.000,0,0,10,2,0,8,0
18-06 22:32:28,0,0.750,98.750,0.250,0,843456,1733736,167548,5064608,23204.081,1620.006,0,844.003,0,2.000,518,574,1.040,1.110,0.710,0,0,0,0,0,10,2,0,8,0
18-06 22:32:29,0.500,0.250,99.000,0,0,843456,1733736,167548,5064608,7756.985,1565.997,0,4.000,0,1.000,457,541,0.960,1.090,0.710,0,0,0,0,0,10,2,0,8,0
18-06 22:32:30,6.501,0.750,91.758,0,0,859580,1717608,167548,5064612,137667.895,3122.270,0,288.025,0,40.003,877,827,0.960,1.090,0.710,1,0,3.000,0,0,10,2,0,4,0
18-06 22:32:31,15.500,3.750,80.500,0,0,869496,1707692,167548,5064612,295872.648,10005.988,0,0,0,0,2271,1383,0.960,1.090,0.710,1,0,22.000,0,0,10,2,0,4,0
18-06 22:32:32,13.500,3.750,81.248,0.500,0,857288,1719784,167556,5064720,303807.200,12885.627,107.997,4.000,5.000,1.000,2353,1454,0.960,1.090,0.710,2,0,21.999,0,0,10,2,0,4,0
