"pcp-dstat 6.2.0 CSV Output"
"Author:","PCP team <pcp@groups.io> and Dag Wieers <dag@wieers.com>",,,,"URL:","https://pcp.io/ and http://dag.wieers.com/home-made/dstat/"
"Host:","np0000094172",,,,"User:","ubuntu"
"Cmdline:","dstat -tcmndrylpg --tcp --output /tmp/devstack_logs/dstat-csv.log",,,,"Date:","29 May 2026 14:49:39 UTC"
"system","total usage",,,,,"memory usage",,,,"net/total",,"dsk/total",,"io/total",,"system",,"load avg",,,"procs",,,"paging",,"tcp sockets",,,,
"time","total usage:usr","total usage:sys","total usage:idl","total usage:wai","total usage:stl","used","free","buf","cach","net/total:recv","net/total:send","dsk/total:read","dsk/total:writ","read","writ","int","csw","1m","5m","15m","run","blk","new","in","out","lis","act","syn","tim","clo"
29-05 14:49:39,,982788,1672864,162668,5005824,,,,,,,1.260,1.100,0.690,3,0,,,,10,5,0,17,1
29-05 14:49:40,27.201,20.713,49.911,0.499,0,1012592,1642624,162712,5006116,18202.432,8859.149,0,966.271,0,26.952,5012,2906,1.260,1.100,0.690,2,0,219.607,0,0,10,4,0,17,2
29-05 14:49:41,27.434,20.950,49.631,0.249,0,1032020,1606360,162740,5022372,178825.526,8721.007,0,1233.032,0,29.928,4968,2828,1.260,1.100,0.690,3,0,207.500,0,0,10,4,0,15,2
29-05 14:49:42,31.076,22.304,44.107,1.002,0,1037660,1586540,163468,5033524,5717.923,1623.954,0,2923.118,0,159.388,5058,3014,1.260,1.100,0.690,3,0,192.469,0,0,10,4,0,15,2
29-05 14:49:43,36.821,21.792,40.829,0.250,0,1035608,1578248,163808,5042936,8768.943,1623.136,0,1434.772,0,34.066,5554,4329,1.320,1.110,0.690,3,0,209.405,0,0,10,4,0,15,2
29-05 14:49:44,36.683,16.719,45.167,0.250,0,1035560,1560336,164140,5058280,7270.669,1509.233,0,886.375,0,29.945,4333,2406,1.320,1.110,0.690,2,0,118.782,0,0,10,4,0,15,2
29-05 14:49:45,39.973,17.988,39.723,1.249,0,1042956,1534768,164896,5074184,12791.237,1618.891,0,2626.201,0,108.925,6029,5703,1.320,1.110,0.690,8,0,160.890,0,0,10,4,0,11,2
29-05 14:49:46,38.254,16.502,43.505,1.500,0,1034988,1515596,165848,5097508,8854.933,1566.165,184.019,2224.234,7.001,66.007,5331,4945,1.320,1.110,0.690,2,0,140.015,0,0,10,4,0,11,2
29-05 14:49:47,38.519,17.759,41.770,1.501,0,1070876,1482484,166644,5092144,12601.098,2046.991,828.401,8219.978,31.015,73.035,5530,5368,1.320,1.110,0.690,2,0,88.043,0,0,10,2,0,11,0
29-05 14:49:48,25.501,7.500,66.002,0,0,1016384,1536880,166660,5092108,10784.320,1566.046,0,60.002,0,3.000,2429,1126,1.290,1.110,0.700,2,0,31.001,0,0,10,2,0,11,0
29-05 14:49:49,17.245,2.749,78.979,0,0,1031860,1515236,166792,5097664,11997.844,4559.800,0,4538.806,0,14.996,1511,811,1.290,1.110,0.700,1,1,16.996,0,0,10,3,0,11,0
29-05 14:49:50,22.256,3.751,72.519,0,0,1024128,1521608,166904,5098504,5392.431,1836.487,0,1112.295,0,12.003,4613,6768,1.290,1.110,0.700,2,0,7.002,0,0,10,2,0,11,0
29-05 14:49:51,22.232,5.246,71.192,0,0,1030916,1513572,166924,5099508,9961.827,1618.672,0,87.928,0,0.999,9425,16062,1.290,1.110,0.700,1,0,8.993,0,0,10,2,0,11,0
29-05 14:49:52,21.768,7.006,70.057,0,0,1022964,1521412,166932,5099572,8563.933,1567.269,0,88.071,0,1.001,12286,22409,1.290,1.110,0.700,1,0,16.013,0,0,10,2,0,11,0
29-05 14:49:53,21.007,3.751,73.773,0.250,0,996804,1555692,166936,5092188,8634.677,1512.469,0,776.241,0,12.004,1761,966,1.270,1.110,0.700,1,0,4.001,0,0,10,2,0,11,0
29-05 14:49:54,4.747,1.999,92.699,0,0,950712,1601948,166936,5092112,11402.782,131696.189,0,15011.814,0,66.963,1172,830,1.270,1.110,0.700,1,0,3.998,0,0,10,2,0,11,0
29-05 14:49:55,0.500,0.250,98.508,0,0,949200,1603460,166936,5092112,9244.723,1566.123,0,0,0,0,488,531,1.270,1.110,0.700,0,0,0,0,0,10,2,0,11,0
29-05 14:49:56,0.250,0.500,98.748,0,0,942324,1610336,166936,5092112,7197.887,1565.975,0,4.000,0,1.000,535,588,1.270,1.110,0.700,0,0,1.000,0,0,10,2,0,11,0
29-05 14:49:57,0.500,0.250,98.989,0,0,935448,1617212,166936,5092112,18020.912,1565.819,0,983.886,0,83.990,482,576,1.270,1.110,0.700,0,0,0,0,0,10,2,0,10,0
29-05 14:49:58,0.750,0,98.504,0,0,929436,1623228,166936,5092112,11764.468,1566.062,0,800.032,0,2.000,537,548,1.170,1.090,0.690,0,0,0,0,0,10,2,0,10,0
29-05 14:49:59,0.250,0.250,98.749,0,0,924168,1628492,166936,5092116,8090.921,1565.985,0,827.992,0,118.999,528,577,1.170,1.090,0.690,0,0,0,0,0,10,2,0,10,0
29-05 14:50:00,0.250,2.250,96.511,0,0,919812,1632844,166936,5092120,7578.863,1566.178,0,39472.497,0,814.093,1091,856,1.170,1.090,0.690,0,0,0,0,0,10,2,0,10,0
29-05 14:50:01,0.250,0,98.739,0,0,915656,1636872,166936,5092248,8676.073,1511.839,0,0,0,0,496,557,1.170,1.090,0.690,0,0,0,0,0,10,2,0,10,0
29-05 14:50:02,0.500,0.500,98.788,0,0,912648,1639880,166936,5092248,7674.980,1620.629,0,8.003,0,2.001,492,523,1.170,1.090,0.690,0,0,0,0,0,10,2,0,9,0
29-05 14:50:03,0.250,0.500,98.987,0,0,910512,1642016,166936,5092248,9188.750,1619.780,0,0,0,0,503,546,1.070,1.070,0.690,0,0,0,0,0,10,2,0,9,0
29-05 14:50:04,1.000,0.500,97.231,0,0,910504,1642016,166940,5092252,9042.204,1565.689,0,723.856,0,4.999,736,731,1.070,1.070,0.690,0,0,2.000,0,0,10,2,0,9,0
29-05 14:50:05,0.250,1.500,97.749,0,0,910504,1642016,166940,5092252,5371.918,1619.975,0,19635.701,0,117.998,790,811,1.070,1.070,0.690,1,0,0,0,0,10,2,0,9,0
29-05 14:50:06,0.500,0.500,98.768,0,0,908880,1643640,166940,5092252,9092.649,1620.294,0,0,0,0,556,585,1.070,1.070,0.690,1,0,1.000,0,0,10,2,0,9,0
29-05 14:50:07,0.250,0.250,98.466,0,0,905932,1646588,166940,5092252,8901.958,1565.465,0,0,0,0,469,548,1.070,1.070,0.690,0,0,0,0,0,10,2,0,9,0
29-05 14:50:08,0.750,0,99.031,0,0,901112,1651408,166940,5092252,8770.705,1458.450,0,4.001,0,1.000,478,549,0.990,1.060,0.690,0,0,0,0,0,10,2,0,9,0
29-05 14:50:09,0.250,0,98.745,0,0,894916,1657604,166940,5092252,8943.528,1187.937,0,535.972,0,2.000,519,580,0.990,1.060,0.690,0,0,0,0,0,10,2,0,9,0
29-05 14:50:10,0.500,0.750,98.508,0,0,892192,1660328,166940,5092252,6214.519,972.081,0,0,0,0,461,537,0.990,1.060,0.690,0,0,0,0,0,10,2,0,9,0
29-05 14:50:11,0.250,0.250,99.256,0,0,889100,1663420,166940,5092252,9461.591,1188.074,0,4.000,0,1.000,496,559,0.990,1.060,0.690,0,0,0,0,0,10,2,0,9,0
29-05 14:50:12,0.500,0.500,98.749,0,0,889100,1663420,166940,5092252,9296.940,1565.990,0,0,0,0,473,541,0.990,1.060,0.690,0,0,0,0,0,10,2,0,9,0
29-05 14:50:13,0.250,0,98.750,0,0,889100,1663420,166940,5092252,5671.003,1512.001,0,132.000,0,20.000,471,569,0.910,1.040,0.680,0,0,0,0,0,10,2,0,9,0
29-05 14:50:14,0.500,0.500,98.752,0,0,889440,1663420,166940,5092256,9004.147,1566.026,0,32.001,0,4.000,536,575,0.910,1.040,0.680,0,0,0,0,0,10,2,0,9,0
29-05 14:50:15,0.250,1.499,96.953,0,0,889692,1663168,166940,5092256,6828.664,1511.262,0,24424.069,0,123.939,814,819,0.910,1.040,0.680,1,0,0,0,0,10,2,0,9,0
29-05 14:50:16,0.500,2.501,96.796,0,0,889692,1663168,166940,5092256,9052.275,1620.765,0,27657.063,0,130.061,860,823,0.910,1.040,0.680,0,0,1.000,0,0,10,2,0,9,0
29-05 14:50:17,0.500,0,98.999,0,0,889692,1663168,166940,5092256,6687.925,1565.983,0,8.000,0,1.000,467,549,0.910,1.040,0.680,0,0,0,0,0,10,2,0,9,0
29-05 14:50:18,0,0.250,98.754,0,0,889692,1663168,166940,5092256,9120.340,1512.056,0,292.011,0,50.002,502,543,0.830,1.020,0.680,0,0,0,0,0,10,2,0,9,0
29-05 14:50:19,1.748,1.748,95.657,0,0,893312,1659548,166940,5092772,9039.213,1618.427,0,0,0,0,804,678,0.830,1.020,0.680,1,0,13.986,0,0,10,2,0,9,0
29-05 14:50:20,9.509,3.503,86.579,0,0,866332,1686528,166940,5092256,5978.430,1621.473,0,980.891,0,3.003,1672,7323,0.830,1.020,0.680,0,0,22.020,0,0,10,2,0,10,0
29-05 14:50:21,0.500,2.500,96.497,0,0,866332,1686528,166940,5092256,5987.802,1619.946,0,32842.913,0,118.996,822,828,0.830,1.020,0.680,0,0,0,0,0,10,2,0,10,0
29-05 14:50:22,0.250,0.500,98.255,0,0,866332,1686528,166940,5092256,9842.499,1566.079,0,0,0,0,493,530,0.830,1.020,0.680,0,0,0,0,0,10,2,0,8,0
29-05 14:50:23,0.500,0,99.251,0,0,866332,1686528,166940,5092256,9480.089,1608.015,0,4.000,0,1.000,488,538,0.770,1,0.670,1,0,0,0,0,10,2,0,8,0
29-05 14:50:24,1.250,0.750,97.506,0,0,867340,1685520,166940,5092256,143055.279,3056.198,0,0,0,0,712,702,0.770,1,0.670,1,0,3.000,0,0,10,2,0,8,0
29-05 14:50:25,15.248,3.249,79.487,0.250,0,887488,1665372,166940,5092256,293374.471,10202.347,0,595.903,0,2.000,2178,1350,0.770,1,0.670,1,0,21.996,0,0,10,2,0,8,0
29-05 14:50:26,16.002,4.251,79.510,0.750,0,881328,1671436,166944,5092364,156188.837,9285.120,108.013,104.013,5.001,5.001,2167,1328,0.770,1,0.670,0,0,20.002,0,0,10,2,0,4,0
29-05 14:50:27,13.250,10.750,74.248,0,0,883256,1669060,166944,5092812,151372.243,3805.880,0,0,0,0,2783,1602,0.770,1,0.670,1,0,38.999,0,0,10,2,0,4,0
