"pcp-dstat 6.2.0 CSV Output"
"Author:","PCP team <pcp@groups.io> and Dag Wieers <dag@wieers.com>",,,,"URL:","https://pcp.io/ and http://dag.wieers.com/home-made/dstat/"
"Host:","np0000094347",,,,"User:","ubuntu"
"Cmdline:","dstat -tcmndrylpg --tcp --output /tmp/devstack_logs/dstat-csv.log",,,,"Date:","15 Jun 2026 06:46:23 UTC"
"system","total usage",,,,,"memory usage",,,,"net/total",,"dsk/total",,"io/total",,"system",,"load avg",,,"procs",,,"paging",,"tcp sockets",,,,
"time","total usage:usr","total usage:sys","total usage:idl","total usage:wai","total usage:stl","used","free","buf","cach","net/total:recv","net/total:send","dsk/total:read","dsk/total:writ","read","writ","int","csw","1m","5m","15m","run","blk","new","in","out","lis","act","syn","tim","clo"
15-06 06:46:23,,991272,1698544,162260,4970100,,,,,,,1.290,0.980,0.650,1,0,,,,10,5,1,15,1
15-06 06:46:24,20.961,20.462,56.145,0.499,0,995808,1693384,162408,4970496,41754.088,12529.620,0,1481.236,0,44.916,5095,3125,1.290,0.980,0.650,3,0,232.566,0,0,10,5,1,15,1
15-06 06:46:25,26.277,20.521,51.303,0.250,0,1005832,1683088,162480,4970640,24088.869,7213.447,0,696.719,0,21.022,5025,2841,1.350,1,0.660,2,0,212.219,0,0,10,5,1,15,1
15-06 06:46:26,22.472,20.973,53.932,0.499,0,1008228,1680300,162624,4970880,43189.247,11648.233,0,7830.073,0,445.435,4969,2963,1.350,1,0.660,2,0,200.746,0,0,10,4,1,11,2
15-06 06:46:27,31.197,21.463,45.422,0.250,0,1018952,1669244,162692,4971488,33769.222,6439.981,0,702.798,0,21.962,5247,3616,1.350,1,0.660,3,0,198.660,0,0,10,4,1,11,2
15-06 06:46:28,28.012,16.007,54.022,0.500,0,1010860,1676844,162808,4971352,27363.371,11092.610,0,1248.519,0,39.016,4066,2400,1.350,1,0.660,1,0,116.048,0,0,10,4,1,11,2
15-06 06:46:29,31.077,18.045,49.624,0.251,0,999660,1670828,162880,4988280,181861.371,8167.361,0,894.229,0,20.050,5102,4203,1.350,1,0.660,3,0,124.310,0,0,10,4,1,11,2
15-06 06:46:30,40.411,18.709,38.415,1.497,0,1013832,1639024,163752,5002412,12656.993,1616.423,367.188,1720.194,12.971,65.854,5615,5500,1.480,1.030,0.670,3,0,189.581,0,0,10,4,1,11,2
15-06 06:46:31,39.107,15.041,43.620,1.003,0,1034064,1599596,164264,5018816,12866.271,1462.008,645.770,5105.998,25.069,40.110,5073,4827,1.480,1.030,0.670,2,0,89.245,0,0,10,4,1,11,2
15-06 06:46:32,24.454,4.991,68.870,0.749,0,1033540,1578620,164756,5038048,14216.178,1616.949,0,8607.759,0,132.750,2325,1478,1.480,1.030,0.670,1,0,9.981,0,0,10,4,1,11,2
15-06 06:46:33,22.499,2.250,73.497,1.250,0,1035076,1559064,165840,5052232,10926.505,1619.927,0,2963.866,0,113.995,1967,1653,1.480,1.030,0.670,3,0,0,0,0,10,4,1,11,2
15-06 06:46:34,23.002,2.250,73.755,0.750,0,1032484,1532932,166748,5077568,8903.648,1662.121,0,2044.149,0,67.005,1848,1378,1.480,1.030,0.670,1,0,0,0,0,10,4,1,11,2
15-06 06:46:35,22.504,3.501,73.513,0.250,0,1036204,1541140,167192,5064460,14632.578,2100.370,0,1116.197,0,39.007,1959,1237,1.440,1.030,0.670,1,0,18.003,0,0,10,2,1,11,0
15-06 06:46:36,16.746,2.999,79.483,0,0,1061532,1515772,167208,5064480,17194.240,2957.353,0,15492.612,0,71.984,1771,1005,1.440,1.030,0.670,0,0,16.996,0,0,10,3,1,11,0
15-06 06:46:37,19.752,3.000,76.757,0.250,0,1045548,1525260,167320,5070196,14070.252,3463.308,0,2276.203,0,18.002,1600,889,1.440,1.030,0.670,1,0,2.000,0,0,10,2,1,11,0
15-06 06:46:38,23.249,5.000,68.747,0.250,0,1034328,1534888,167372,5071524,12700.466,1551.935,0,619.974,0,11.999,11793,21594,1.440,1.030,0.670,1,0,8.000,0,0,10,2,1,11,0
15-06 06:46:39,22.239,5.247,71.714,0,0,1028732,1539896,167408,5071864,24566.612,1079.456,0,87.956,0,0.999,7580,12558,1.440,1.030,0.670,1,0,11.994,0,0,10,2,1,11,0
15-06 06:46:40,19.766,6.505,71.809,0,0,1023932,1544612,167428,5071880,12149.923,1188.971,0,180.147,0,3.002,6807,10803,1.410,1.030,0.670,1,0,15.012,0,0,10,2,1,11,0
15-06 06:46:41,15.245,3.499,80.223,0,0,958308,1618472,167436,5064468,13573.412,131373.594,0,11368.157,0,64.978,1913,1192,1.410,1.030,0.670,0,0,4.998,0,0,10,2,1,11,0
15-06 06:46:42,11.500,5.250,82.750,0,0,953756,1623024,167436,5064468,8275.017,1620.003,0,4.000,0,1.000,2459,9663,1.410,1.030,0.670,0,0,36.000,0,0,10,2,1,9,0
15-06 06:46:43,0.500,0,98.716,0,0,936932,1639844,167436,5064472,12699.661,1619.447,0,19.993,0,1.999,544,583,1.410,1.030,0.670,0,0,0,0,0,10,2,1,9,0
15-06 06:46:44,0.500,0.500,98.263,0,0,933164,1643608,167436,5064476,16549.156,1620.211,0,0,0,0,580,569,1.410,1.030,0.670,0,0,0,0,0,10,2,1,9,0
15-06 06:46:45,0.250,0.250,98.506,0,0,929424,1647348,167436,5064476,15143.969,1458.093,0,0,0,0,546,565,1.300,1.010,0.670,0,0,0,0,0,10,2,1,9,0
15-06 06:46:46,0.500,0.750,98.255,0,0,924360,1652420,167436,5064476,11701.646,1620.089,0,14120.779,0,53.003,733,721,1.300,1.010,0.670,0,0,0,0,0,10,2,1,9,0
15-06 06:46:47,0.500,1.000,97.989,0,0,919952,1656856,167436,5064464,12052.642,1619.817,0,139.984,0,26.997,630,646,1.300,1.010,0.670,0,0,2.000,0,0,10,2,0,9,0
15-06 06:46:48,0.500,0,98.497,0,0,916348,1660460,167436,5064464,11739.633,1619.949,0,8.000,0,1.000,574,630,1.300,1.010,0.670,0,0,1.000,0,0,10,2,0,9,0
15-06 06:46:49,0.500,0,99.261,0,0,913492,1663316,167436,5064464,8808.973,1620.179,0,2260.250,0,14.002,500,566,1.300,1.010,0.670,0,0,0,0,0,10,2,0,9,0
15-06 06:46:50,0.250,0.250,98.503,0,0,902676,1674132,167436,5064464,20579.636,1458.045,0,0,0,0,473,574,1.190,1,0.660,0,0,0,0,0,10,2,0,9,0
15-06 06:46:51,0.500,0.500,98.485,0.250,0,897132,1679672,167440,5064464,12205.143,1619.754,0,315.952,0,2.000,543,562,1.190,1,0.660,0,0,0,0,0,10,2,0,9,0
15-06 06:46:52,0,1.500,97.260,0,0,892532,1684272,167440,5064464,15439.597,1458.151,0,20994.172,0,134.014,936,913,1.190,1,0.660,0,0,0,0,0,10,2,0,9,0
15-06 06:46:53,0.500,0.500,98.768,0,0,888792,1688012,167440,5064464,13262.406,1620.294,0,912.165,0,130.024,572,567,1.190,1,0.660,0,0,0,0,0,10,2,0,9,0
15-06 06:46:54,0.500,0.250,98.731,0,0,882900,1693904,167440,5064464,33664.654,1619.695,0,3.999,0,1.000,701,559,1.190,1,0.660,1,0,0,0,0,10,2,0,9,0
15-06 06:46:55,0.499,0.249,98.478,0,0,880696,1695980,167440,5064592,25035.802,1615.535,0,0,0,0,650,530,1.100,0.980,0.660,0,0,0,0,0,10,2,0,9,0
15-06 06:46:56,0,0.251,98.781,0,0,876644,1700032,167440,5064592,12843.527,1462.158,0,493.403,0,1.003,552,556,1.100,0.980,0.660,0,1,0,0,0,10,2,0,9,0
15-06 06:46:57,0.500,0.750,97.737,0.250,0,876204,1700472,167440,5064592,81272.462,1619.790,0,13974.188,0,494.936,1028,646,1.100,0.980,0.660,0,0,0,0,0,10,2,0,9,0
15-06 06:46:58,0.750,0.500,97.961,0,0,875828,1700848,167440,5064592,20964.736,1705.328,0,3.998,0,1.000,768,649,1.100,0.980,0.660,0,0,1.000,0,0,10,2,0,9,0
15-06 06:46:59,0.500,0.250,98.763,0,0,875712,1700928,167440,5064628,13006.738,1620.217,0,36.005,0,1.000,533,557,1.100,0.980,0.660,0,0,0,0,0,10,2,0,9,0
15-06 06:47:00,0.499,0.250,98.806,0,0,875712,1700928,167440,5064628,13475.492,1455.138,0,7.984,0,0.998,529,558,1.010,0.960,0.660,0,0,0,0,0,10,2,0,9,0
15-06 06:47:01,0.251,0.251,98.706,0,0,875712,1700928,167440,5064628,19484.640,1623.386,0,0,0,0,595,553,1.010,0.960,0.660,0,0,0,0,0,10,2,0,9,0
15-06 06:47:02,0.500,2.001,95.026,1.500,0,875960,1700676,167444,5064628,30195.198,1620.440,0,32012.692,0,174.047,1056,986,1.010,0.960,0.660,0,0,0,0,0,10,2,0,9,0
15-06 06:47:03,0.250,0.750,98.756,0,0,875960,1700676,167444,5064628,13708.805,1706.100,0,0,0,0,544,546,1.010,0.960,0.660,0,0,0,0,0,10,2,0,9,0
15-06 06:47:04,0.500,0.250,98.743,0,0,875960,1700676,167444,5064628,17186.859,1619.892,0,4.000,0,1.000,543,550,1.010,0.960,0.660,0,0,0,0,0,10,2,0,9,0
15-06 06:47:05,0.250,0.250,99.010,0,0,875960,1700676,167444,5064628,30320.924,1458.141,0,0,0,0,667,529,0.930,0.950,0.650,0,0,0,0,0,10,2,0,9,0
15-06 06:47:06,0.500,0,98.496,0,0,875960,1700676,167444,5064628,13289.444,1619.932,0,4.000,0,1.000,545,548,0.930,0.950,0.650,0,0,0,0,0,10,2,0,9,0
15-06 06:47:07,0.250,1.998,95.678,0.999,0,875960,1700676,167448,5064624,16081.889,1618.781,0,31748.090,0,150.886,998,876,0.930,0.950,0.650,0,0,0,0,0,10,2,0,8,0
15-06 06:47:08,0.750,1.751,97.313,0,0,876432,1700200,167448,5064628,18473.955,1458.944,0,29338.986,0,94.061,922,805,0.930,0.950,0.650,0,0,1.001,0,0,10,2,0,8,0
15-06 06:47:09,0,0.250,98.742,0,0,876420,1700212,167448,5064628,12550.935,1661.859,0,0,0,0,511,531,0.930,0.950,0.650,0,0,0,0,0,10,2,0,8,0
15-06 06:47:10,0.500,0.250,98.781,0,0,876392,1700240,167448,5064628,13195.098,1620.503,0,4.001,0,1.000,550,548,0.850,0.930,0.650,0,0,0,0,0,10,2,0,8,0
15-06 06:47:11,0.500,0.250,98.740,0,0,876388,1700240,167448,5064632,19653.958,1219.873,0,0,0,0,596,541,0.850,0.930,0.650,0,0,0,0,0,10,2,0,4,0
15-06 06:47:12,10.256,2.251,86.797,0.250,0,887024,1689752,167448,5064632,288036.090,7265.912,0,1056.569,0,4.002,1652,1084,0.850,0.930,0.650,1,0,7.004,0,0,10,2,0,4,0
15-06 06:47:13,13.493,4.248,80.709,0.500,0,894572,1682200,167452,5064632,164241.110,9824.982,107.945,87.955,4.997,1.999,2325,1311,0.850,0.930,0.650,0,0,26.986,0,0,10,2,0,4,0
15-06 06:47:14,17.250,4.500,77.751,0,0.250,898072,1678472,167452,5064860,313475.095,9072.119,0,312.004,0,42.001,2607,1405,0.850,0.930,0.650,1,0,23.000,0,0,10,2,0,4,0
