"pcp-dstat 6.2.0 CSV Output"
"Author:","PCP team <pcp@groups.io> and Dag Wieers <dag@wieers.com>",,,,"URL:","https://pcp.io/ and http://dag.wieers.com/home-made/dstat/"
"Host:","np0000093961",,,,"User:","ubuntu"
"Cmdline:","dstat -tcmndrylpg --tcp --output /tmp/devstack_logs/dstat-csv.log",,,,"Date:","15 Apr 2026 02:28:59 UTC"
"system","total usage",,,,,"memory usage",,,,"net/total",,"dsk/total",,"io/total",,"system",,"load avg",,,"procs",,,"paging",,"tcp sockets",,,,
"time","total usage:usr","total usage:sys","total usage:idl","total usage:wai","total usage:stl","used","free","buf","cach","net/total:recv","net/total:send","dsk/total:read","dsk/total:writ","read","writ","int","csw","1m","5m","15m","run","blk","new","in","out","lis","act","syn","tim","clo"
15-04 02:28:59,,992040,1674956,162964,4992128,,,,,,,1.690,1.170,0.700,2,0,,,,10,6,0,17,0
15-04 02:29:00,21.940,20.693,55.098,0.499,0,1014092,1652572,162980,4992364,43660.820,11707.773,0,1280.475,0,35.901,5168,3637,1.720,1.190,0.700,2,0,230.366,0,0,10,5,0,17,1
15-04 02:29:01,26.473,21.478,50.448,0.499,0,1038020,1628384,162988,4992564,14758.898,6858.981,0,871.109,0,26.972,4938,2821,1.720,1.190,0.700,3,0,207.787,0,0,10,5,0,13,1
15-04 02:29:02,25.288,20.281,53.080,0.501,0,1052712,1607496,163108,4998524,19946.235,10933.574,0,1438.180,0,42.064,4688,2711,1.720,1.190,0.700,3,0,184.279,0,0,10,5,0,13,1
15-04 02:29:03,28.792,21.782,46.818,0.751,0,1049856,1595456,163276,5012568,172665.487,3993.817,0,1734.526,0,58.085,5079,3142,1.720,1.190,0.700,3,0,173.252,0,0,10,5,0,13,1
15-04 02:29:04,40.515,17.507,41.766,0.500,0.250,1063008,1562932,164168,5028120,10567.017,1566.596,0,2128.809,0,98.037,4978,3529,1.720,1.190,0.700,1,1,144.055,0,0,10,5,0,13,1
15-04 02:29:05,39.231,17.742,41.980,0.250,0,1075132,1526812,164584,5049560,10496.028,1751.170,0,799.621,0,27.987,5026,4006,1.980,1.250,0.730,2,0,143.932,0,0,10,4,0,11,2
15-04 02:29:06,41.658,16.713,38.664,1.247,0,1061024,1524152,165604,5062896,9232.544,1508.657,0,3228.846,0,133.704,5828,6132,1.980,1.250,0.730,5,0,136.697,0,0,10,4,0,11,2
15-04 02:29:07,39.072,17.031,40.825,2.004,0,1063468,1494260,166396,5087212,11247.605,1568.874,797.461,1999.663,23.042,62.114,5662,5856,1.980,1.250,0.730,2,0,130.239,0,0,10,4,0,11,2
15-04 02:29:08,29.976,13.489,53.956,0.999,0,1058312,1489084,167012,5095144,13022.435,2847.690,215.825,14108.554,14.988,175.857,3204,1708,1.980,1.250,0.730,0,0,23.981,0,0,10,5,0,11,2
15-04 02:29:09,21.000,2.250,75.998,0.250,0,1034852,1530048,167016,5078064,40005.108,3020.933,0,939.979,0,119.997,1691,837,1.980,1.250,0.730,1,0,2.000,0,0,10,2,0,11,0
15-04 02:29:10,17.741,3.748,78.212,0,0,1055204,1509656,167044,5078076,19065.709,3728.183,0,431.790,0,2.999,1828,967,1.900,1.240,0.730,1,0,32.984,0,0,10,3,0,11,0
15-04 02:29:11,22.272,4.004,72.823,0.250,0,1045040,1513296,167180,5083796,10858.844,1861.859,0,11055.040,0,55.055,1953,1120,1.900,1.240,0.730,1,0,4.004,0,0,10,2,0,11,0
15-04 02:29:12,18.000,2.250,79.249,0,0,1048568,1509712,167188,5083808,12616.885,4452.960,0,459.996,0,8.000,1522,799,1.900,1.240,0.730,1,0,16.000,0,0,10,3,0,11,0
15-04 02:29:13,22.007,5.752,70.021,0.250,0,1034592,1516704,167528,5089180,10676.157,1794.531,0,788.233,0,15.004,11945,22016,1.900,1.240,0.730,1,0,14.004,0,0,10,2,0,11,0
15-04 02:29:14,23.248,5.250,69.995,0,0,1036480,1514544,167584,5089340,9566.380,1619.895,0,83.995,0,1.000,9871,18236,1.900,1.240,0.730,2,0,5.000,0,0,10,2,0,11,0
15-04 02:29:15,19.484,6.495,73.438,0,0,990680,1572812,167648,5078228,47050.273,1456.770,0,715.396,0,10.991,3295,3564,1.830,1.240,0.730,2,0,14.987,0,0,10,2,0,11,0
15-04 02:29:16,16.500,4.000,78.251,0,0,968868,1594884,167648,5078076,14320.150,135079.415,0,29732.311,0,604.006,2030,1055,1.830,1.240,0.730,0,0,5.000,0,0,10,2,0,11,0
15-04 02:29:17,0.250,0.250,99.243,0,0,969092,1594660,167648,5078076,7410.484,1511.895,0,4.000,0,1.000,479,553,1.830,1.240,0.730,0,0,0,0,0,10,2,0,10,0
15-04 02:29:18,0.500,0,98.499,0,0,966592,1597160,167648,5078076,11009.857,1565.980,0,4.000,0,1.000,535,546,1.830,1.240,0.730,0,0,0,0,0,10,2,0,10,0
15-04 02:29:19,0.250,0.250,98.757,0,0,962056,1601696,167648,5078076,8340.607,1566.114,0,0,0,0,492,532,1.830,1.240,0.730,0,0,0,0,0,10,2,0,10,0
15-04 02:29:20,0.750,0,99.240,0,0,957988,1605760,167648,5078080,9747.997,1565.839,0,0,0,0,501,544,1.680,1.220,0.730,0,0,0,0,0,10,2,0,10,0
15-04 02:29:21,0,2.250,96.506,0.250,0.250,953716,1610044,167648,5078080,9097.561,1566.097,0,27293.684,0,125.008,926,910,1.680,1.220,0.730,0,0,1.000,0,0,10,2,0,9,0
15-04 02:29:22,0.500,0,99.248,0,0,948716,1615044,167648,5078080,10038.846,1511.977,0,0,0,0,526,545,1.680,1.220,0.730,0,0,0,0,0,10,2,0,9,0
15-04 02:29:23,0.750,0.250,98.492,0,0,944120,1619640,167648,5078080,8787.279,1565.872,0,7.999,0,2.000,512,540,1.680,1.220,0.730,1,0,0,0,0,10,2,0,9,0
15-04 02:29:24,3.994,2.246,93.102,0,0,940572,1623188,167648,5079240,7026.853,1563.520,0,3.994,0,0.998,1010,3541,1.680,1.220,0.730,2,0,33.946,0,0,10,2,0,9,0
15-04 02:29:25,6.761,2.254,89.897,0,0,911736,1652024,167648,5078080,6775.059,1568.560,0,2263.695,0,16.026,1447,4589,1.550,1.200,0.720,0,0,2.003,0,0,10,2,0,10,0
15-04 02:29:26,0.500,0.500,98.251,0.250,0,909100,1654656,167648,5078084,10567.113,1620.017,0,4548.049,0,33.000,640,612,1.550,1.200,0.720,0,0,0,0,0,10,2,0,9,0
15-04 02:29:27,0.500,0,99.248,0,0,904732,1659024,167648,5078084,8376.862,1619.973,0,0,0,0,514,546,1.550,1.200,0.720,0,0,0,0,0,10,2,0,9,0
15-04 02:29:28,0.250,0.250,98.744,0,0,900788,1662968,167648,5078084,10173.344,1619.896,0,0,0,0,519,532,1.550,1.200,0.720,0,0,0,0,0,10,2,0,9,0
15-04 02:29:29,0.500,0,98.751,0,0,897468,1666288,167648,5078084,8076.100,1566.019,0,164.002,0,34.000,547,571,1.550,1.200,0.720,0,0,0,0,0,10,2,0,9,0
15-04 02:29:30,0.500,0.750,98.502,0,0,894840,1668916,167648,5078084,10994.197,1620.029,0,8.000,0,1.000,569,559,1.420,1.180,0.720,0,0,0,0,0,10,2,0,9,0
15-04 02:29:31,0.750,0.500,98.252,0,0,889844,1673880,167648,5078116,9862.200,1620.033,0,196.004,0,4.000,651,647,1.420,1.180,0.720,0,0,1.000,0,0,10,2,0,9,0
15-04 02:29:32,0.250,0,98.505,0,0,886012,1677712,167648,5078116,7041.326,1566.073,0,0,0,0,462,537,1.420,1.180,0.720,0,0,0,0,0,10,2,0,9,0
15-04 02:29:33,0.500,0,98.995,0,0,886012,1677712,167648,5078116,7958.606,1565.923,0,0,0,0,506,551,1.420,1.180,0.720,0,0,0,0,0,10,2,0,9,0
15-04 02:29:34,0.500,0,98.754,0,0,886012,1677712,167648,5078116,13111.475,1620.059,0,88.003,0,14.001,591,560,1.420,1.180,0.720,0,0,0,0,0,10,2,0,9,0
15-04 02:29:35,0.250,0.500,98.503,0,0,886012,1677712,167648,5078116,10089.317,1566.049,0,4.000,0,1.000,525,548,1.310,1.160,0.710,0,0,0,0,0,10,2,0,9,0
15-04 02:29:36,0.500,3.000,96.247,0,0,886012,1677712,167648,5078116,10152.730,1619.957,0,52610.600,0,252.993,1208,1120,1.310,1.160,0.710,0,0,0,0,0,10,2,0,9,0
15-04 02:29:37,0.500,0.250,98.502,0,0,885880,1677744,167648,5078244,8699.219,1566.039,0,0,0,0,514,564,1.310,1.160,0.710,0,0,0,0,0,10,2,0,9,0
15-04 02:29:38,0.500,0.250,98.496,0,0,885880,1677744,167648,5078244,11067.586,1565.941,0,0,0,0,554,545,1.310,1.160,0.710,0,0,0,0,0,10,2,0,9,0
15-04 02:29:39,0.500,0.250,98.994,0,0,885880,1677744,167648,5078244,44954.366,1619.905,0,0,0,0,580,546,1.310,1.160,0.710,0,0,0,0,0,10,2,0,9,0
15-04 02:29:40,0.500,0.250,98.755,0,0,885688,1677936,167648,5078244,8502.466,1620.089,0,96.005,0,15.001,496,554,1.200,1.140,0.710,0,0,0,0,0,10,2,0,9,0
15-04 02:29:41,0.500,1.000,97.709,0,0,886264,1677552,167648,5078244,12219.855,1565.341,0,18548.190,0,59.975,803,767,1.200,1.140,0.710,1,0,1.000,0,0,10,2,0,9,0
15-04 02:29:42,0.250,0.750,97.788,0,0,886260,1677552,167648,5078248,9990.860,1620.626,0,14373.553,0,52.020,668,653,1.200,1.140,0.710,0,0,0,0,0,10,2,0,8,0
15-04 02:29:43,0.500,0,99.004,0,0,886260,1677552,167648,5078248,6270.240,1620.062,0,0,0,0,469,529,1.200,1.140,0.710,0,0,0,0,0,10,2,0,8,0
15-04 02:29:44,0.250,0.250,98.767,0,0,886260,1677552,167648,5078248,12660.198,1566.272,0,0,0,0,540,550,1.200,1.140,0.710,0,0,0,0,0,10,2,0,8,0
15-04 02:29:45,0.500,0.250,98.729,0,0,886260,1677552,167648,5078248,46691.921,1565.662,0,95.979,0,14.997,601,554,1.110,1.120,0.710,0,0,0,0,0,10,2,0,8,0
15-04 02:29:46,0.500,0.250,99.000,0,0,886260,1677552,167648,5078248,10572.996,1296.000,0,0,0,0,524,535,1.110,1.120,0.710,0,0,0,0,0,10,2,0,4,0
15-04 02:29:47,8.494,1.749,88.682,0,0,890292,1673520,167648,5078248,288105.216,6992.666,0,599.543,0,5.995,1430,1053,1.110,1.120,0.710,1,0,6.995,0,0,10,2,0,4,0
15-04 02:29:48,15.517,5.256,77.834,0.751,0,898100,1665708,167652,5078268,149349.272,9774.489,108.116,4.004,5.005,1.001,2272,1360,1.110,1.120,0.710,0,0,33.035,0,0,10,2,0,4,0
15-04 02:29:49,15.001,3.750,80.256,0,0,921176,1642536,167652,5078364,301683.353,8490.601,0,4.000,0,1.000,2119,1258,1.110,1.120,0.710,3,0,19.001,0,0,10,2,0,4,0
