{0} setUpClass (tempest.api.compute.admin.test_live_migration.LiveAutoBlockMigrationV225Test) ... SKIPPED: Less than 2 compute nodes, skipping migration test.
{0} setUpClass (tempest.api.compute.admin.test_live_migration.LiveMigrationTest) ... SKIPPED: Less than 2 compute nodes, skipping migration test.
{0} setUpClass (tempest.api.compute.admin.test_live_migration.LiveMigrationWithoutHostTest) ... SKIPPED: Less than 2 compute nodes, skipping migration test.
{0} setUpClass (tempest.api.compute.servers.test_server_rescue.ServerBootFromVolumeStableRescueTest) ... SKIPPED: Stable rescue not available.
{0} setUpClass (tempest.api.compute.servers.test_server_rescue.ServerStableDeviceRescueTest) ... SKIPPED: Stable rescue not available.
{0} tempest.api.compute.volumes.test_volume_snapshots.VolumesSnapshotsTestJSON.test_volume_snapshot_create_get_list_delete [5.762125s] ... ok
{0} tempest.api.compute.volumes.test_volumes_get.VolumesGetTestJSON.test_volume_create_get_delete [2.025413s] ... ok
{0} tempest.api.compute.volumes.test_volumes_list.VolumesTestJSON.test_volume_list [0.156245s] ... ok
{0} tempest.api.compute.volumes.test_volumes_list.VolumesTestJSON.test_volume_list_param_limit [0.117105s] ... ok
{0} tempest.api.compute.volumes.test_volumes_list.VolumesTestJSON.test_volume_list_param_offset_and_limit [0.197689s] ... ok
{0} tempest.api.compute.volumes.test_volumes_list.VolumesTestJSON.test_volume_list_with_detail_param_limit [0.083049s] ... ok
{0} tempest.api.compute.volumes.test_volumes_list.VolumesTestJSON.test_volume_list_with_detail_param_offset_and_limit [0.140754s] ... ok
{0} tempest.api.compute.volumes.test_volumes_list.VolumesTestJSON.test_volume_list_with_details [0.089646s] ... ok
{0} tempest.api.compute.volumes.test_volumes_negative.VolumesNegativeTest.test_create_volume_with_invalid_size [0.232571s] ... ok
{0} tempest.api.compute.volumes.test_volumes_negative.VolumesNegativeTest.test_create_volume_with_size_zero [0.019249s] ... ok
{0} tempest.api.compute.volumes.test_volumes_negative.VolumesNegativeTest.test_create_volume_without_passing_size [0.017724s] ... ok
{0} tempest.api.compute.volumes.test_volumes_negative.VolumesNegativeTest.test_delete_invalid_volume_id [0.050612s] ... ok
{0} tempest.api.compute.volumes.test_volumes_negative.VolumesNegativeTest.test_delete_volume_without_passing_volume_id [0.015375s] ... ok
{0} tempest.api.compute.volumes.test_volumes_negative.VolumesNegativeTest.test_get_volume_without_passing_volume_id [0.012467s] ... ok
{0} tempest.api.compute.volumes.test_volumes_negative.VolumesNegativeTest.test_volume_delete_nonexistent_volume_id [0.052786s] ... ok
{0} tempest.api.compute.volumes.test_volumes_negative.VolumesNegativeTest.test_volume_get_nonexistent_volume_id [0.052993s] ... ok
{0} tempest.api.volume.admin.test_backends_capabilities.BackendsCapabilitiesAdminTestsJSON.test_compare_volume_stats_values [1.636792s] ... ok
{0} tempest.api.volume.admin.test_backends_capabilities.BackendsCapabilitiesAdminTestsJSON.test_get_capabilities_backend [0.537083s] ... ok
{0} setUpClass (tempest.api.volume.admin.test_encrypted_volumes_extend.EncryptedVolumesExtendAttachedTest) ... SKIPPED: Attached encrypted volume extend is disabled.
{0} tempest.api.volume.admin.test_group_snapshots.GroupSnapshotsTest.test_create_group_from_group_snapshot [11.807873s] ... ok
{0} tempest.api.volume.admin.test_group_snapshots.GroupSnapshotsTest.test_delete_group_snapshots_following_updated_volumes [14.054520s] ... ok
{0} tempest.api.volume.admin.test_group_snapshots.GroupSnapshotsTest.test_group_snapshot_create_show_list_delete [7.198370s] ... ok
{0} tempest.api.volume.admin.test_group_snapshots.GroupSnapshotsV319Test.test_reset_group_snapshot_status [7.795252s] ... ok
{0} tempest.api.volume.admin.test_group_type_specs.GroupTypeSpecsTest.test_group_type_specs_create_show_update_list_delete [0.582196s] ... ok
{0} tempest.api.volume.admin.test_group_types.GroupTypesTest.test_group_type_create_list_update_show_delete [0.394756s] ... ok
{0} tempest.api.volume.admin.test_group_types.GroupTypesTest.test_group_type_list_by_optional_params [0.351650s] ... ok
{0} tempest.api.volume.admin.test_groups.GroupsTest.test_group_create_show_list_delete [7.680320s] ... ok
{0} tempest.api.volume.admin.test_groups.GroupsTest.test_group_update [8.724120s] ... ok
{0} tempest.api.volume.admin.test_groups.GroupsV314Test.test_create_group_from_group [9.654438s] ... ok
{0} tempest.api.volume.admin.test_groups.GroupsV320Test.test_reset_group_status [3.287219s] ... ok
{0} tempest.api.volume.admin.test_multi_backend.VolumeMultiBackendTest.test_backend_name_distinction [0.148460s] ... ok
{0} tempest.api.volume.admin.test_multi_backend.VolumeMultiBackendTest.test_backend_name_distinction_with_prefix [0.148755s] ... ok
{0} tempest.api.volume.admin.test_multi_backend.VolumeMultiBackendTest.test_backend_name_reporting [0.139503s] ... ok
{0} tempest.api.volume.admin.test_multi_backend.VolumeMultiBackendTest.test_backend_name_reporting_with_prefix [0.141549s] ... ok
{0} tempest.api.volume.admin.test_qos.QosSpecsTestJSON.test_associate_disassociate_qos [0.915651s] ... ok
{0} tempest.api.volume.admin.test_qos.QosSpecsTestJSON.test_create_delete_qos_with_back_end_consumer [0.205495s] ... ok
{0} tempest.api.volume.admin.test_qos.QosSpecsTestJSON.test_create_delete_qos_with_both_consumer [0.201875s] ... ok
{0} tempest.api.volume.admin.test_qos.QosSpecsTestJSON.test_create_delete_qos_with_front_end_consumer [0.189651s] ... ok
{0} tempest.api.volume.admin.test_qos.QosSpecsTestJSON.test_get_qos [0.034043s] ... ok
{0} tempest.api.volume.admin.test_qos.QosSpecsTestJSON.test_list_qos [0.029728s] ... ok
{0} tempest.api.volume.admin.test_qos.QosSpecsTestJSON.test_set_unset_qos_key [0.202037s] ... ok
{0} tempest.api.volume.admin.test_snapshots_actions.SnapshotsActionsTest.test_reset_snapshot_status [0.304924s] ... ok
{0} tempest.api.volume.admin.test_snapshots_actions.SnapshotsActionsTest.test_snapshot_force_delete_when_snapshot_is_creating [2.793688s] ... ok
{0} tempest.api.volume.admin.test_snapshots_actions.SnapshotsActionsTest.test_snapshot_force_delete_when_snapshot_is_deleting [2.794731s] ... ok
{0} tempest.api.volume.admin.test_snapshots_actions.SnapshotsActionsTest.test_snapshot_force_delete_when_snapshot_is_error [2.747521s] ... ok
{0} tempest.api.volume.admin.test_snapshots_actions.SnapshotsActionsTest.test_snapshot_force_delete_when_snapshot_is_error_deleting [2.696672s] ... ok
{0} tempest.api.volume.admin.test_snapshots_actions.SnapshotsActionsTest.test_update_snapshot_status [0.349134s] ... ok
{0} tempest.api.volume.admin.test_user_messages.UserMessagesTest.test_delete_message [2.267741s] ... ok
{0} tempest.api.volume.admin.test_user_messages.UserMessagesTest.test_list_show_messages [2.003402s] ... ok
{0} tempest.api.volume.admin.test_volume_hosts.VolumeHostsAdminTestsJSON.test_list_hosts [0.184470s] ... ok
{0} tempest.api.volume.admin.test_volume_hosts.VolumeHostsAdminTestsJSON.test_show_host [0.275215s] ... ok
{0} setUpClass (tempest.api.volume.admin.test_volume_manage.VolumeManageAdminTest) ... SKIPPED: Manage volume tests are disabled
{0} tempest.api.volume.admin.test_volume_pools.VolumePoolsAdminTestsJSON.test_get_pools_with_details [0.661280s] ... ok
{0} tempest.api.volume.admin.test_volume_pools.VolumePoolsAdminTestsJSON.test_get_pools_without_details [0.523746s] ... ok
{0} tempest.api.volume.admin.test_volume_quota_classes.VolumeQuotaClassesTest.test_show_default_quota [0.157442s] ... ok
{0} tempest.api.volume.admin.test_volume_quota_classes.VolumeQuotaClassesTest.test_update_default_quota [1.045733s] ... ok
{0} tempest.api.volume.admin.test_volume_quotas.VolumeQuotasAdminTestJSON.test_delete_quota [0.433231s] ... ok
{0} tempest.api.volume.admin.test_volume_quotas.VolumeQuotasAdminTestJSON.test_list_default_quotas [0.050465s] ... ok
{0} tempest.api.volume.admin.test_volume_quotas.VolumeQuotasAdminTestJSON.test_list_quotas [0.060841s] ... ok
{0} tempest.api.volume.admin.test_volume_quotas.VolumeQuotasAdminTestJSON.test_quota_usage [3.157878s] ... ok
{0} tempest.api.volume.admin.test_volume_quotas.VolumeQuotasAdminTestJSON.test_quota_usage_after_volume_transfer [4.411398s] ... ok
{0} tempest.api.volume.admin.test_volume_quotas.VolumeQuotasAdminTestJSON.test_show_quota_usage [0.073950s] ... ok
{0} tempest.api.volume.admin.test_volume_quotas.VolumeQuotasAdminTestJSON.test_update_all_quota_resources_for_tenant [0.417170s] ... ok
{0} tempest.api.volume.admin.test_volume_quotas_negative.VolumeQuotasNegativeTestJSON.test_quota_volume_gigabytes [0.328035s] ... ok
{0} tempest.api.volume.admin.test_volume_quotas_negative.VolumeQuotasNegativeTestJSON.test_quota_volumes [0.329317s] ... ok
{0} tempest.api.volume.admin.test_volume_quotas_negative.VolumeQuotasNegativeTestJSON.test_volume_extend_gigabytes_quota_deviation [0.255133s] ... ok
{0} tempest.api.volume.admin.test_volume_retype.VolumeRetypeMultiattachTest.test_volume_retype_multiattach [6.042975s] ... ok
{0} tempest.api.volume.admin.test_volume_retype.VolumeRetypeWithoutMigrationTest.test_available_volume_retype [4.415347s] ... ok
{0} tempest.api.volume.admin.test_volume_services.VolumesServicesTestJSON.test_get_service_by_host_name [0.039671s] ... ok
{0} tempest.api.volume.admin.test_volume_services.VolumesServicesTestJSON.test_get_service_by_service_and_host_name [0.033593s] ... ok
{0} tempest.api.volume.admin.test_volume_services.VolumesServicesTestJSON.test_get_service_by_service_binary_name [0.028998s] ... ok
{0} tempest.api.volume.admin.test_volume_services.VolumesServicesTestJSON.test_get_service_by_volume_host_name [3.097086s] ... ok
{0} tempest.api.volume.admin.test_volume_services.VolumesServicesTestJSON.test_list_services [0.033270s] ... ok
{0} tempest.api.volume.admin.test_volume_services_negative.VolumeServicesNegativeTest.test_disable_log_reason_with_no_reason [0.020254s] ... ok
{0} tempest.api.volume.admin.test_volume_services_negative.VolumeServicesNegativeTest.test_disable_service_with_invalid_binary [0.027665s] ... ok
{0} tempest.api.volume.admin.test_volume_services_negative.VolumeServicesNegativeTest.test_enable_service_with_invalid_host [0.026130s] ... ok
{0} tempest.api.volume.admin.test_volume_services_negative.VolumeServicesNegativeTest.test_freeze_host_with_invalid_host [0.022702s] ... ok
{0} tempest.api.volume.admin.test_volume_services_negative.VolumeServicesNegativeTest.test_thaw_host_with_invalid_host [0.031759s] ... ok
{0} tempest.api.volume.admin.test_volume_snapshot_quotas_negative.VolumeSnapshotQuotasNegativeTestJSON.test_quota_volume_gigabytes_snapshots [0.389541s] ... ok
{0} tempest.api.volume.admin.test_volume_snapshot_quotas_negative.VolumeSnapshotQuotasNegativeTestJSON.test_quota_volume_snapshots [0.091251s] ... ok
{0} tempest.api.volume.admin.test_volume_type_access.VolumeTypesAccessTest.test_volume_type_access_add [5.393767s] ... ok
{0} tempest.api.volume.admin.test_volume_type_access.VolumeTypesAccessTest.test_volume_type_access_list [0.369292s] ... ok
{0} tempest.api.volume.admin.test_volume_types.VolumeTypesTest.test_volume_crud_with_volume_type_and_extra_specs [2.316561s] ... FAILED

Captured traceback:
~~~~~~~~~~~~~~~~~~~
    Traceback (most recent call last):

      File "/opt/stack/tempest/tempest/api/volume/admin/test_volume_types.py", line 56, in test_volume_crud_with_volume_type_and_extra_specs
    volume = self.create_volume(**params)
             ^^^^^^^^^^^^^^^^^^^^^^^^^^^^

      File "/opt/stack/tempest/tempest/api/volume/base.py", line 144, in create_volume
    waiters.wait_for_volume_resource_status(self.volumes_client,

      File "/opt/stack/tempest/tempest/common/waiters.py", line 379, in wait_for_volume_resource_status
    raise exceptions.VolumeResourceBuildErrorException(

    tempest.exceptions.VolumeResourceBuildErrorException: volume 1b0f9446-f594-4a6d-91ed-df5f56b951e7 failed to build and is in ERROR status


Captured pythonlogging:
~~~~~~~~~~~~~~~~~~~~~~~
    2026-02-16 12:55:57,202 122247 INFO     [tempest.lib.common.rest_client] Request (VolumeTypesTest:test_volume_crud_with_volume_type_and_extra_specs): 200 POST http://10.132.44.205/volume/v3/types 0.190s
2026-02-16 12:55:57,203 122247 DEBUG    [tempest.lib.common.rest_client] Request - Headers: {'Content-Type': 'application/json', 'Accept': 'application/json', 'X-Auth-Token': '<omitted>'}
        Body: {"volume_type": {"name": "tempest-VolumeTypesTest-volume-type-1080383281", "extra_specs": {"storage_protocol": "NVMeTCP", "vendor_name": "Hewlett Packard Enterprise"}}}
    Response - Headers: {'date': 'Mon, 16 Feb 2026 12:55:57 GMT', 'server': 'Apache/2.4.58 (Ubuntu)', 'content-type': 'application/json', 'x-compute-request-id': 'req-ca6f33e7-22fe-482d-ac72-757a632e5ac8', 'content-length': '295', 'openstack-api-version': 'volume 3.0', 'vary': 'OpenStack-API-Version', 'x-openstack-request-id': 'req-ca6f33e7-22fe-482d-ac72-757a632e5ac8', 'connection': 'close', 'status': '200', 'content-location': 'http://10.132.44.205/volume/v3/types'}
        Body: b'{"volume_type": {"id": "36a755ea-86b6-40cb-879a-cf5b9cb6ba7b", "name": "tempest-VolumeTypesTest-volume-type-1080383281", "is_public": true, "extra_specs": {"storage_protocol": "NVMeTCP", "vendor_name": "Hewlett Packard Enterprise"}, "description": null, "os-volume-type-access:is_public": true}}'
2026-02-16 12:55:57,256 122247 INFO     [tempest.lib.common.rest_client] Request (VolumeTypesTest:test_volume_crud_with_volume_type_and_extra_specs): 200 POST http://10.132.44.205/volume/v3/types 0.049s
2026-02-16 12:55:57,256 122247 DEBUG    [tempest.lib.common.rest_client] Request - Headers: {'Content-Type': 'application/json', 'Accept': 'application/json', 'X-Auth-Token': '<omitted>'}
        Body: {"volume_type": {"name": "tempest-VolumeTypesTest-volume-type-2080729441", "extra_specs": {"storage_protocol": "NVMeTCP", "vendor_name": "Hewlett Packard Enterprise"}}}
    Response - Headers: {'date': 'Mon, 16 Feb 2026 12:55:57 GMT', 'server': 'Apache/2.4.58 (Ubuntu)', 'content-type': 'application/json', 'x-compute-request-id': 'req-6594f882-313c-430e-a877-36aaa5de5a24', 'content-length': '295', 'openstack-api-version': 'volume 3.0', 'vary': 'OpenStack-API-Version', 'x-openstack-request-id': 'req-6594f882-313c-430e-a877-36aaa5de5a24', 'connection': 'close', 'status': '200', 'content-location': 'http://10.132.44.205/volume/v3/types'}
        Body: b'{"volume_type": {"id": "762a0884-503c-488a-8d49-0fb8f2d4027c", "name": "tempest-VolumeTypesTest-volume-type-2080729441", "is_public": true, "extra_specs": {"storage_protocol": "NVMeTCP", "vendor_name": "Hewlett Packard Enterprise"}, "description": null, "os-volume-type-access:is_public": true}}'
2026-02-16 12:55:57,698 122247 INFO     [tempest.lib.common.rest_client] Request (VolumeTypesTest:test_volume_crud_with_volume_type_and_extra_specs): 202 POST http://10.132.44.205/volume/v3/volumes 0.437s
2026-02-16 12:55:57,698 122247 DEBUG    [tempest.lib.common.rest_client] Request - Headers: {'Content-Type': 'application/json', 'Accept': 'application/json', 'X-Auth-Token': '<omitted>'}
        Body: {"volume": {"name": "tempest-VolumeTypesTest-volume-1227719647", "volume_type": "36a755ea-86b6-40cb-879a-cf5b9cb6ba7b", "size": 1}}
    Response - Headers: {'date': 'Mon, 16 Feb 2026 12:55:57 GMT', 'server': 'Apache/2.4.58 (Ubuntu)', 'content-type': 'application/json', 'x-compute-request-id': 'req-3306c597-45ab-4415-9c58-d6d4b71b0577', 'content-length': '788', 'openstack-api-version': 'volume 3.0', 'vary': 'OpenStack-API-Version', 'x-openstack-request-id': 'req-3306c597-45ab-4415-9c58-d6d4b71b0577', 'connection': 'close', 'status': '202', 'content-location': 'http://10.132.44.205/volume/v3/volumes'}
        Body: b'{"volume": {"id": "1b0f9446-f594-4a6d-91ed-df5f56b951e7", "status": "creating", "size": 1, "availability_zone": "nova", "created_at": "2026-02-16T12:55:57.614765", "updated_at": null, "name": "tempest-VolumeTypesTest-volume-1227719647", "description": null, "volume_type": "tempest-VolumeTypesTest-volume-type-1080383281", "snapshot_id": null, "s
    ource_volid": null, "metadata": {}, "links": [{"rel": "self", "href": "http://10.132.44.205/volume/v3/volumes/1b0f9446-f594-4a6d-91ed-df5f56b951e7"}, {"rel": "bookmark", "href": "http://10.132.44.205/volume/volumes/1b0f9446-f594-4a6d-91ed-df5f56b951e7"}], "user_id": "9eb17b8fb4724a018a5a0e1819d31944", "bootable": "false", "encrypted": false, "replication_status": null, "consistencygroup_id": null, "multiattach": false, "attachments": []}}'
2026-02-16 12:55:57,763 122247 INFO     [tempest.lib.common.rest_client] Request (VolumeTypesTest:test_volume_crud_with_volume_type_and_extra_specs): 200 GET http://10.132.44.205/volume/v3/volumes/1b0f9446-f594-4a6d-91ed-df5f56b951e7 0.058s
2026-02-16 12:55:57,764 122247 DEBUG    [tempest.lib.common.rest_client] Request - Headers: {'Content-Type': 'application/json', 'Accept': 'application/json', 'X-Auth-Token': '<omitted>'}
        Body: None
    Response - Headers: {'date': 'Mon, 16 Feb 2026 12:55:57 GMT', 'server': 'Apache/2.4.58 (Ubuntu)', 'content-type': 'application/json', 'x-compute-request-id': 'req-6ab4efa8-e934-43eb-a3c7-de106f89062f', 'content-length': '856', 'openstack-api-version': 'volume 3.0', 'vary': 'OpenStack-API-Version', 'x-openstack-request-id': 'req-6ab4efa8-e934-43eb-a3c7-de106f89062f', 'connection': 'close', 'status': '200', 'content-location': 'http://10.132.44.205/volume/v3/volumes/1b0f9446-f594-4a6d-91ed-df5f56b951e7'}
        Body: b'{"volume": {"id": "1b0f9446-f594-4a6d-91ed-df5f56b951e7", "status": "creating", "size": 1, "availability_zone": "nova", "created_at": "2026-02-16T12:55:58.000000", "updated_at": null, "name": "tempest-VolumeTypesTest-volume-1227719647", "description": null, "volume_type": "tempest-VolumeTypesTest-volume-type-1080383281", "snapshot_id": null, "source_volid": null, "metadata": {}, "links": [{"rel": "self", "href": "http://10.132.44.205/volume/v3/volumes/1b0f9446-f594-4a6d-91ed-df5f56b951e7"}, {"rel": "bookmark", "href": "http://10.132.44.205/volume/volumes/1b0f9446-f594-4a6d-91ed-df5f56b951e7"}], "user_id": "9eb17b8fb4724a018a5a0e1819d31944", "bootable": "false", "encrypted": false, "replication_status": null, "consistencygroup_id": null, "multiattach": false, "attachments": [], "os-vol-tenant-attr:tenant_id": "09aae1a306184268bd7d19801410cf52"}}'
2026-02-16 12:55:58,837 122247 INFO     [tempest.lib.common.rest_client] Request (VolumeTypesTest:test_volume_crud_with_volume_type_and_extra_specs): 200 GET http://10.132.44.205/volume/v3/volumes/1b0f9446-f594-4a6d-91ed-df5f56b951e7 0.059s
2026-02-16 12:55:58,838 122247 DEBUG    [tempest.lib.common.rest_client] Request - Headers: {'Content-Type': 'application/json', 'Accept': 'application/json', 'X-Auth-Token': '<omitted>'}
        Body: None
    Response - Headers: {'date': 'Mon, 16 Feb 2026 12:55:58 GMT', 'server': 'Apache/2.4.58 (Ubuntu)', 'content-type': 'application/json', 'x-compute-request-id': 'req-58fb1d3e-da27-4bd0-985a-e7bf46f9473d', 'content-length': '877', 'openstack-api-version': 'volume 3.0', 'vary': 'OpenStack-API-Version', 'x-openstack-request-id': 'req-58fb1d3e-da27-4bd0-985a-e7bf46f9473d', 'connection': 'close', 'status': '200', 'content-location': 'http://10.132.44.205/volume/v3/volumes/1b0f9446-f594-4a6d-91ed-df5f56b951e7'}
        Body: b'{"volume": {"id": "1b0f9446-f594-4a6d-91ed-df5f56b951e7", "status": "error", "size": 1, "availability_zone": "nova", "created_at": "2026-02-16T12:55:58.000000", "updated_at": "2026-02-16T12:55:58.000000", "name": "tempest-VolumeTypesTest-volume-1227719647", "description": null, "volume_type": "tempest-VolumeTypesTest-volume-type-1080383281", "snapshot_id": null, "source_volid": null, "metadata": {}, "links": [{"rel": "self", "href": "http://10.132.44.205/volume/v3/volumes/1b0f9446-f594-4a6d-91ed-df5f56b951e7"}, {"rel": "bookmark", "href": "http://10.132.44.205/volume/volumes/1b0f9446-f594-4a6d-91ed-df5f56b951e7"}], "user_id": "9eb17b8fb4724a018a5a0e1819d31944", "bootable": "false", "encrypted": false, "replication_status": null, "consistencygroup_id": null, "multiattach": false, "attachments": [], "os-vol-tenant-attr:tenant_id": "
    09aae1a306184268bd7d19801410cf52"}}'
2026-02-16 12:55:58,914 122247 INFO     [tempest.lib.common.rest_client] Request (VolumeTypesTest:_run_cleanups): 200 GET http://10.132.44.205/volume/v3/volumes/1b0f9446-f594-4a6d-91ed-df5f56b951e7 0.056s
2026-02-16 12:55:58,915 122247 DEBUG    [tempest.lib.common.rest_client] Request - Headers: {'Content-Type': 'application/json', 'Accept': 'application/json', 'X-Auth-Token': '<omitted>'}
        Body: None
    Response - Headers: {'date': 'Mon, 16 Feb 2026 12:55:58 GMT', 'server': 'Apache/2.4.58 (Ubuntu)', 'content-type': 'application/json', 'x-compute-request-id': 'req-c11608c2-5ccb-41cc-a741-caf79812946e', 'content-length': '877', 'openstack-api-version': 'volume 3.0', 'vary': 'OpenStack-API-Version', 'x-openstack-request-id': 'req-c11608c2-5ccb-41cc-a741-caf79812946e', 'connection': 'close', 'status': '200', 'content-location': 'http://10.132.44.205/volume/v3/volumes/1b0f9446-f594-4a6d-91ed-df5f56b951e7'}
        Body: b'{"volume": {"id": "1b0f9446-f594-4a6d-91ed-df5f56b951e7", "status": "error", "size": 1, "availability_zone": "nova", "created_at": "2026-02-16T12:55:58.000000", "updated_at": "2026-02-16T12:55:58.000000", "name": "tempest-VolumeTypesTest-volume-1227719647", "description": null, "volume_type": "tempest-VolumeTypesTest-volume-type-1080383281", "snapshot_id": null, "source_volid": null, "metadata": {}, "links": [{"rel": "self", "href": "http://10.132.44.205/volume/v3/volumes/1b0f9446-f594-4a6d-91ed-df5f56b951e7"}, {"rel": "bookmark", "href": "http://10.132.44.205/volume/volumes/1b0f9446-f594-4a6d-91ed-df5f56b951e7"}], "user_id": "9eb17b8fb4724a018a5a0e1819d31944", "bootable": "false", "encrypted": false, "replication_status": null, "consistencygroup_id": null, "multiattach": false, "attachments": [], "os-vol-tenant-attr:tenant_id": "09aae1a306184268bd7d19801410cf52"}}'
2026-02-16 12:55:59,091 122247 INFO     [tempest.lib.common.rest_client] Request (VolumeTypesTest:_run_cleanups): 202 DELETE http://10.132.44.205/volume/v3/volumes/1b0f9446-f594-4a6d-91ed-df5f56b951e7 0.159s
2026-02-16 12:55:59,092 122247 DEBUG    [tempest.lib.common.rest_client] Request - Headers: {'Content-Type': 'application/json', 'Accept': 'application/json', 'X-Auth-Token': '<omitted>'}
        Body: None
    Response - Headers: {'date': 'Mon, 16 Feb 2026 12:55:58 GMT', 'server': 'Apache/2.4.58 (Ubuntu)', 'content-length': '0', 'content-type': 'text/html; charset=UTF-8', 'openstack-api-version': 'volume 3.0', 'vary': 'OpenStack-API-Version', 'x-openstack-request-id': 'req-dd5cb556-21b5-49fd-9959-4e89dad42e3f', 'connection': 'close', 'status': '202', 'content-location': 'http://10.132.44.205/volume/v3/volumes/1b0f9446-f594-4a6d-91ed-df5f56b951e7'}
        Body: b''
2026-02-16 12:55:59,121 122247 INFO     [tempest.lib.common.rest_client] Request (VolumeTypesTest:_run_cleanups): 404 GET http://10.132.44.205/volume/v3/volumes/1b0f9446-f594-4a6d-91ed-df5f56b951e7 0.028s
2026-02-16 12:55:59,121 122247 DEBUG    [tempest.lib.common.rest_client] Request - Headers: {'Content-Type': 'application/json', 'Accept': 'application/json', 'X-Auth-Token': '<omitted>'}
        Body: None
    Response - Headers: {'date': 'Mon, 16 Feb 2026 12:55:59 GMT', 'server': 'Apache/2.4.58 (Ubuntu)', 'openstack-api-version': 'volume 3.0', 'vary': 'OpenStack-API-Version', 'content-length': '109', 'content-type': 'application/json', 'x-compute-request-id': 'req-f13c437b-a129-4b8e-aa2d-1032d024a78c', 'x-openstack-request-id': 'req-f13c437b-a129-4b8e-aa2d-1032d024a78c', 'connection': 'close', 'status': '404', 'content-location': 'http://10.132.44.205/volume/v3/volumes/1b0f9446-f594-4a6d-91ed-df5f56b951e7'}
        Body: b'{"itemNotFound": {"code": 404, "message": "Volume 1b0f9446-f594-4a6d-91ed-df5f56b951e7 could not be found."}}'
2026-02-16 12:55:59,201 122247 INFO     [tempest.lib.common.rest_client] Request (VolumeTypesTest:_run_cleanups): 202 DELETE http://10.132.44.205/volume/v3/types/762a0884-503c-488a-8d49-0fb8f2d4027c 0.079s
2026-02-16 12:55:59,202 122247 DEBUG    [tempest.lib.common.rest_client] Request - Headers: {'Conten
    t-Type': 'application/json', 'Accept': 'application/json', 'X-Auth-Token': '<omitted>'}
        Body: None
    Response - Headers: {'date': 'Mon, 16 Feb 2026 12:55:59 GMT', 'server': 'Apache/2.4.58 (Ubuntu)', 'content-length': '0', 'content-type': 'text/html; charset=UTF-8', 'openstack-api-version': 'volume 3.0', 'vary': 'OpenStack-API-Version', 'x-openstack-request-id': 'req-343ba457-1533-4841-96d7-b0e50c21cb64', 'connection': 'close', 'status': '202', 'content-location': 'http://10.132.44.205/volume/v3/types/762a0884-503c-488a-8d49-0fb8f2d4027c'}
        Body: b''
2026-02-16 12:55:59,224 122247 INFO     [tempest.lib.common.rest_client] Request (VolumeTypesTest:_run_cleanups): 404 GET http://10.132.44.205/volume/v3/types/762a0884-503c-488a-8d49-0fb8f2d4027c 0.022s
2026-02-16 12:55:59,225 122247 DEBUG    [tempest.lib.common.rest_client] Request - Headers: {'Content-Type': 'application/json', 'Accept': 'application/json', 'X-Auth-Token': '<omitted>'}
        Body: None
    Response - Headers: {'date': 'Mon, 16 Feb 2026 12:55:59 GMT', 'server': 'Apache/2.4.58 (Ubuntu)', 'openstack-api-version': 'volume 3.0', 'vary': 'OpenStack-API-Version', 'content-length': '114', 'content-type': 'application/json', 'x-compute-request-id': 'req-5d549d83-8e70-4635-a0a8-df65a56861ab', 'x-openstack-request-id': 'req-5d549d83-8e70-4635-a0a8-df65a56861ab', 'connection': 'close', 'status': '404', 'content-location': 'http://10.132.44.205/volume/v3/types/762a0884-503c-488a-8d49-0fb8f2d4027c'}
        Body: b'{"itemNotFound": {"code": 404, "message": "Volume type 762a0884-503c-488a-8d49-0fb8f2d4027c could not be found."}}'
2026-02-16 12:55:59,303 122247 INFO     [tempest.lib.common.rest_client] Request (VolumeTypesTest:_run_cleanups): 202 DELETE http://10.132.44.205/volume/v3/types/36a755ea-86b6-40cb-879a-cf5b9cb6ba7b 0.077s
2026-02-16 12:55:59,304 122247 DEBUG    [tempest.lib.common.rest_client] Request - Headers: {'Content-Type': 'application/json', 'Accept': 'application/json', 'X-Auth-Token': '<omitted>'}
        Body: None
    Response - Headers: {'date': 'Mon, 16 Feb 2026 12:55:59 GMT', 'server': 'Apache/2.4.58 (Ubuntu)', 'content-length': '0', 'content-type': 'text/html; charset=UTF-8', 'openstack-api-version': 'volume 3.0', 'vary': 'OpenStack-API-Version', 'x-openstack-request-id': 'req-38191d9d-2b15-4979-8543-d7d764b1eca2', 'connection': 'close', 'status': '202', 'content-location': 'http://10.132.44.205/volume/v3/types/36a755ea-86b6-40cb-879a-cf5b9cb6ba7b'}
        Body: b''
2026-02-16 12:55:59,326 122247 INFO     [tempest.lib.common.rest_client] Request (VolumeTypesTest:_run_cleanups): 404 GET http://10.132.44.205/volume/v3/types/36a755ea-86b6-40cb-879a-cf5b9cb6ba7b 0.021s
2026-02-16 12:55:59,326 122247 DEBUG    [tempest.lib.common.rest_client] Request - Headers: {'Content-Type': 'application/json', 'Accept': 'application/json', 'X-Auth-Token': '<omitted>'}
        Body: None
    Response - Headers: {'date': 'Mon, 16 Feb 2026 12:55:59 GMT', 'server': 'Apache/2.4.58 (Ubuntu)', 'openstack-api-version': 'volume 3.0', 'vary': 'OpenStack-API-Version', 'content-length': '114', 'content-type': 'application/json', 'x-compute-request-id': 'req-b02bf80d-e403-4369-a5da-48661b535de3', 'x-openstack-request-id': 'req-b02bf80d-e403-4369-a5da-48661b535de3', 'connection': 'close', 'status': '404', 'content-location': 'http://10.132.44.205/volume/v3/types/36a755ea-86b6-40cb-879a-cf5b9cb6ba7b'}
        Body: b'{"itemNotFound": {"code": 404, "message": "Volume type 36a755ea-86b6-40cb-879a-cf5b9cb6ba7b could not be found."}}'

{0} tempest.api.volume.admin.test_volume_types.VolumeTypesTest.test_volume_type_create_get_delete [0.190122s] ... ok
{0} tempest.api.volume.admin.test_volume_types.VolumeTypesTest.test_volume_type_encryption_create_get_update_delete [0.519163s] ... ok
{0} tempest.api.volume.admin.test_volume_types.VolumeTypesTest.test_volume_type_list [0.053460s] ... ok
{0} tempest.api.volume.admin.test_volume_types.VolumeTypesTest.test_volume_type_update [0.405925s] ... ok
{0} tempest.api.volume.admin.test_volume_types_extra_specs.VolumeTypesExtraSpecsTest.test_volume_type_extra_spec_create_get_delete [0.361507s] ... ok
{0} tempest.api.volume.admin.test_volume_types_extra_specs.VolumeTypesExtraSpecsTest.test_volume_type_extra_specs_list [0.075553s] ... ok
{0} tempest.api.volume.admin.test_volume_types_extra_specs.VolumeTypesExtraSpecsTest.test_volume_type_extra_specs_update [0.357878s] ... ok
{0} tempest.api.volume.admin.test_volume_types_extra_specs_negative.ExtraSpecsNegativeTest.test_create_invalid_body [0.022493s] ... ok
{0} tempest.api.volume.admin.test_volume_types_extra_specs_negative.ExtraSpecsNegativeTest.test_create_none_body [0.020078s] ... ok
{0} tempest.api.volume.admin.test_volume_types_extra_specs_negative.ExtraSpecsNegativeTest.test_create_nonexistent_type_id [0.043885s] ... ok
{0} tempest.api.volume.admin.test_volume_types_extra_specs_negative.ExtraSpecsNegativeTest.test_delete_nonexistent_volume_type_id [0.027621s] ... ok
{0} tempest.api.volume.admin.test_volume_types_extra_specs_negative.ExtraSpecsNegativeTest.test_get_nonexistent_extra_spec_name [0.032263s] ... ok
{0} tempest.api.volume.admin.test_volume_types_extra_specs_negative.ExtraSpecsNegativeTest.test_get_nonexistent_volume_type_id [0.024825s] ... ok
{0} tempest.api.volume.admin.test_volume_types_extra_specs_negative.ExtraSpecsNegativeTest.test_list_nonexistent_volume_type_id [0.023733s] ... ok
{0} tempest.api.volume.admin.test_volume_types_extra_specs_negative.ExtraSpecsNegativeTest.test_update_multiple_extra_spec [0.019089s] ... ok
{0} tempest.api.volume.admin.test_volume_types_extra_specs_negative.ExtraSpecsNegativeTest.test_update_no_body [0.019152s] ... ok
{0} tempest.api.volume.admin.test_volume_types_extra_specs_negative.ExtraSpecsNegativeTest.test_update_none_extra_spec_id [0.045767s] ... ok
{0} tempest.api.volume.admin.test_volume_types_extra_specs_negative.ExtraSpecsNegativeTest.test_update_nonexistent_extra_spec_id [0.044896s] ... ok
{0} tempest.api.volume.admin.test_volume_types_extra_specs_negative.ExtraSpecsNegativeTest.test_update_nonexistent_type_id [0.043373s] ... ok
{0} tempest.api.volume.admin.test_volume_types_negative.VolumeTypesNegativeTest.test_create_volume_type_encryption_nonexistent_type_id [0.180494s] ... ok
{0} tempest.api.volume.admin.test_volume_types_negative.VolumeTypesNegativeTest.test_create_volume_with_private_volume_type [0.314566s] ... ok
{0} tempest.api.volume.admin.test_volume_types_negative.VolumeTypesNegativeTest.test_create_with_empty_name [0.019206s] ... ok
{0} tempest.api.volume.admin.test_volume_types_negative.VolumeTypesNegativeTest.test_create_with_repeated_name [0.182666s] ... ok
{0} tempest.api.volume.admin.test_volume_types_negative.VolumeTypesNegativeTest.test_delete_nonexistent_type_id [0.024582s] ... ok
{0} tempest.api.volume.admin.test_volume_types_negative.VolumeTypesNegativeTest.test_get_nonexistent_type_id [0.023251s] ... ok
{0} tempest.api.volume.admin.test_volumes_list.VolumesListAdminTestJSON.test_volume_list_param_tenant [1.821064s] ... ok
{0} tempest.api.volume.test_availability_zone.AvailabilityZoneTestJSON.test_get_availability_zone_list [0.147657s] ... ok
{0} tempest.api.volume.test_extensions.ExtensionsTestJSON.test_list_extensions [0.157512s] ... ok
{0} tempest.api.volume.test_snapshot_metadata.SnapshotMetadataTestJSON.test_crud_snapshot_metadata [0.415151s] ... ok
{0} tempest.api.volume.test_snapshot_metadata.SnapshotMetadataTestJSON.test_update_show_snapshot_metadata_item [0.364586s] ... ok
{0} tempest.api.volume.test_versions.VersionsTest.test_list_versions [0.014307s] ... ok
{0} tempest.api.volume.test_versions.VersionsTest.test_show_version [0.166296s] ... ok
{0} tempest.api.volume.test_volume_absolute_limits.AbsoluteLimitsTests.test_get_volume_absolute_limits [0.076169s] ... ok
{0} tempest.api.volume.test_volume_delete_cascade.VolumesDeleteCascade.test_volume_delete_cascade [6.640626s] ... ok
{0} tempest.api.volume.test_volume_delete_cascade.VolumesDeleteCascade.test_volume_from_snapshot_cascade_delete [10.215631s] ... ok
{0} tempest.api.volume.test_volume_metadata.VolumesMetadataTest.test_crud_volume_metadata [0.458736s] ... ok
{0} tempest.api.volume.test_volume_metadata.VolumesMetadataTest.test_update_show_volume_metadata_item [0.302121s] ... ok
{0} tempest.api.volume.test_volume_transfers.VolumesTransfersTest.test_create_get_list_accept_volume_transfer [4.602969s] ... ok
{0} tempest.api.volume.test_volume_transfers.VolumesTransfersTest.test_create_list_delete_volume_transfer [3.049376s] ... ok
{0} tempest.api.volume.test_volume_transfers.VolumesTransfersV355Test.test_create_get_list_accept_volume_transfer [4.608592s] ... ok
{0} tempest.api.volume.test_volume_transfers.VolumesTransfersV355Test.test_create_list_delete_volume_transfer [3.112671s] ... ok
{0} tempest.api.volume.test_volume_transfers.VolumesTransfersV357Test.test_create_get_list_accept_volume_transfer [4.680157s] ... ok
{0} tempest.api.volume.test_volume_transfers.VolumesTransfersV357Test.test_create_list_delete_volume_transfer [3.049585s] ... ok
{0} tempest.api.volume.test_volumes_clone.VolumesCloneTest.test_create_from_volume [5.659866s] ... ok
{0} tempest.api.volume.test_volumes_clone_negative.VolumesCloneNegativeTest.test_create_from_volume_decreasing_size [3.148117s] ... ok
{0} tempest.api.volume.test_volumes_get.VolumesGetTest.test_volume_create_get_update_delete [6.107949s] ... ok
{0} tempest.api.volume.test_volumes_get.VolumesGetTest.test_volume_create_get_update_delete_as_clone [9.737790s] ... ok
{0} tempest.api.volume.test_volumes_get.VolumesSummaryTest.test_show_volume_summary [0.175969s] ... ok
{0} tempest.api.volume.test_volumes_list.VolumesListTestJSON.test_volume_list [0.047750s] ... ok
{0} tempest.api.volume.test_volumes_list.VolumesListTestJSON.test_volume_list_by_name [0.092011s] ... ok
{0} tempest.api.volume.test_volumes_list.VolumesListTestJSON.test_volume_list_details_by_name [0.108599s] ... ok
{0} tempest.api.volume.test_volumes_list.VolumesListTestJSON.test_volume_list_details_pagination [0.389069s] ... ok
{0} tempest.api.volume.test_volumes_list.VolumesListTestJSON.test_volume_list_details_with_multiple_params [0.239238s] ... ok
{0} tempest.api.volume.test_volumes_list.VolumesListTestJSON.test_volume_list_pagination [0.210406s] ... ok
{0} tempest.api.volume.test_volumes_list.VolumesListTestJSON.test_volume_list_param_display_name_and_status [0.087948s] ... ok
{0} tempest.api.volume.test_volumes_list.VolumesListTestJSON.test_volume_list_with_detail_param_display_name_and_status [0.102349s] ... ok
{0} tempest.api.volume.test_volumes_list.VolumesListTestJSON.test_volume_list_with_detail_param_marker [0.121523s] ... ok
{0} tempest.api.volume.test_volumes_list.VolumesListTestJSON.test_volume_list_with_detail_param_metadata [0.100602s] ... ok
{0} tempest.api.volume.test_volumes_list.VolumesListTestJSON.test_volume_list_with_details [0.070211s] ... ok
{0} tempest.api.volume.test_volumes_list.VolumesListTestJSON.test_volume_list_with_param_metadata [0.045464s] ... ok
{0} tempest.api.volume.test_volumes_list.VolumesListTestJSON.test_volumes_list_by_availability_zone [0.192900s] ... ok
{0} tempest.api.volume.test_volumes_list.VolumesListTestJSON.test_volumes_list_by_bootable [0.191883s] ... ok
{0} tempest.api.volume.test_volumes_list.VolumesListTestJSON.test_volumes_list_by_status [0.198464s] ... ok
{0} tempest.api.volume.test_volumes_list.VolumesListTestJSON.test_volumes_list_details_by_availability_zone [0.082697s] ... ok
{0} tempest.api.volume.test_volumes_list.VolumesListTestJSON.test_volumes_list_details_by_bootable [0.069674s] ... ok
{0} tempest.api.volume.test_volumes_list.VolumesListTestJSON.test_volumes_list_details_by_status [0.077871s] ... ok
{0} tempest.api.volume.test_volumes_negative.VolumesNegativeTest.test_create_volume_from_deactivated_image [2.884897s] ... ok
{0} tempest.api.volume.test_volumes_negative.VolumesNegativeTest.test_create_volume_from_image_with_decreasing_size [2.468971s] ... ok
{0} tempest.api.volume.test_volumes_negative.VolumesNegativeTest.test_create_volume_with_invalid_size [0.021033s] ... ok
{0} tempest.api.volume.test_volumes_negative.VolumesNegativeTest.test_create_volume_with_nonexistent_snapshot_id [0.033261s] ... ok
{0} tempest.api.volume.test_volumes_negative.VolumesNegativeTest.test_create_volume_with_nonexistent_source_volid [0.037677s] ... ok
{0} tempest.api.volume.test_volumes_negative.VolumesNegativeTest.test_create_volume_with_nonexistent_volume_type [0.036580s] ... ok
{0} tempest.api.volume.test_volumes_negative.VolumesNegativeTest.test_create_volume_with_size_negative [0.020780s] ... ok
{0} tempest.api.volume.test_volumes_negative.VolumesNegativeTest.test_create_volume_with_size_zero [0.018809s] ... ok
{0} tempest.api.volume.test_volumes_negative.VolumesNegativeTest.test_create_volume_without_passing_size [0.021682s] ... ok
{0} tempest.api.volume.test_volumes_negative.VolumesNegativeTest.test_delete_invalid_volume_id [0.041850s] ... ok
{0} tempest.api.volume.test_volumes_negative.VolumesNegativeTest.test_delete_volume_without_passing_volume_id [0.016606s] ... ok
{0} tempest.api.volume.test_volumes_negative.VolumesNegativeTest.test_detach_volumes_with_invalid_volume_id [0.041921s] ... ok
{0} tempest.api.volume.test_volumes_negative.VolumesNegativeTest.test_get_invalid_volume_id [0.035009s] ... ok
{0} tempest.api.volume.test_volumes_negative.VolumesNegativeTest.test_get_volume_without_passing_volume_id [0.015784s] ... ok
{0} tempest.api.volume.test_volumes_negative.VolumesNegativeTest.test_list_volumes_detail_with_invalid_status [0.070302s] ... ok
{0} tempest.api.volume.test_volumes_negative.VolumesNegativeTest.test_list_volumes_detail_with_nonexistent_name [0.071562s] ... ok
{0} tempest.api.volume.test_volumes_negative.VolumesNegativeTest.test_list_volumes_with_invalid_status [0.040941s] ... ok
{0} tempest.api.volume.test_volumes_negative.VolumesNegativeTest.test_list_volumes_with_nonexistent_name [0.041266s] ... ok
{0} tempest.api.volume.test_volumes_negative.VolumesNegativeTest.test_reserve_volume_with_negative_volume_status [0.214975s] ... ok
{0} tempest.api.volume.test_volumes_negative.VolumesNegativeTest.test_reserve_volume_with_nonexistent_volume_id [0.042421s] ... ok
{0} tempest.api.volume.test_volumes_negative.VolumesNegativeTest.test_unreserve_volume_with_nonexistent_volume_id [0.044977s] ... ok
{0} tempest.api.volume.test_volumes_negative.VolumesNegativeTest.test_update_volume_with_empty_volume_id [0.013547s] ... ok
{0} tempest.api.volume.test_volumes_negative.VolumesNegativeTest.test_update_volume_with_invalid_volume_id [0.035118s] ... ok
{0} tempest.api.volume.test_volumes_negative.VolumesNegativeTest.test_update_volume_with_nonexistent_volume_id [0.036478s] ... ok
{0} tempest.api.volume.test_volumes_negative.VolumesNegativeTest.test_volume_delete_nonexistent_volume_id [0.032287s] ... ok
{0} tempest.api.volume.test_volumes_negative.VolumesNegativeTest.test_volume_extend_with_None_size [0.021121s] ... ok
{0} tempest.api.volume.test_volumes_negative.VolumesNegativeTest.test_volume_extend_with_non_number_size [0.019517s] ... ok
{0} tempest.api.volume.test_volumes_negative.VolumesNegativeTest.test_volume_extend_with_nonexistent_volume_id [0.047020s] ... ok
{0} tempest.api.volume.test_volumes_negative.VolumesNegativeTest.test_volume_extend_with_size_smaller_than_original_size [0.019791s] ... ok
{0} tempest.api.volume.test_volumes_negative.VolumesNegativeTest.test_volume_extend_without_passing_volume_id [0.043594s] ... ok
{0} tempest.api.volume.test_volumes_negative.VolumesNegativeTest.test_volume_get_nonexistent_volume_id [0.032117s] ... ok
{0} tempest.api.volume.test_volumes_snapshots_list.VolumesSnapshotListTestJSON.test_snapshot_list_param_limit [0.036783s] ... ok
{0} tempest.api.volume.test_volumes_snapshots_list.VolumesSnapshotListTestJSON.test_snapshot_list_param_limit_equals_infinite [0.073801s] ... ok
{0} tempest.api.volume.test_volumes_snapshots_list.VolumesSnapshotListTestJSON.test_snapshot_list_param_limit_equals_zero [0.033073s] ... ok
{0} tempest.api.volume.test_volumes_snapshots_list.VolumesSnapshotListTestJSON.test_snapshot_list_param_marker [0.099823s] ... ok
{0} tempest.api.volume.test_volumes_snapshots_list.VolumesSnapshotListTestJSON.test_snapshot_list_param_offset [0.058146s] ... ok
{0} tempest.api.volume.test_volumes_snapshots_list.VolumesSnapshotListTestJSON.test_snapshot_list_param_sort_created_at_asc [0.049342s] ... ok
{0} tempest.api.volume.test_volumes_snapshots_list.VolumesSnapshotListTestJSON.test_snapshot_list_param_sort_created_at_desc [0.049241s] ... ok
{0} tempest.api.volume.test_volumes_snapshots_list.VolumesSnapshotListTestJSON.test_snapshot_list_param_sort_id_asc [0.051755s] ... ok
{0} tempest.api.volume.test_volumes_snapshots_list.VolumesSnapshotListTestJSON.test_snapshot_list_param_sort_id_desc [0.037846s] ... ok
{0} tempest.api.volume.test_volumes_snapshots_list.VolumesSnapshotListTestJSON.test_snapshot_list_param_sort_name_asc [0.070731s] ... ok
{0} tempest.api.volume.test_volumes_snapshots_list.VolumesSnapshotListTestJSON.test_snapshot_list_param_sort_name_desc [0.060761s] ... ok
{0} tempest.api.volume.test_volumes_snapshots_list.VolumesSnapshotListTestJSON.test_snapshots_list_details_with_params [0.201761s] ... ok
{0} tempest.api.volume.test_volumes_snapshots_list.VolumesSnapshotListTestJSON.test_snapshots_list_with_params [0.171628s] ... ok
{0} tempest.api.volume.test_volumes_snapshots_negative.VolumesSnapshotNegativeTestJSON.test_create_snapshot_with_nonexistent_volume_id [0.126134s] ... ok
{0} tempest.api.volume.test_volumes_snapshots_negative.VolumesSnapshotNegativeTestJSON.test_create_snapshot_without_passing_volume_id [0.059238s] ... ok
{0} tempest.api.volume.test_volumes_snapshots_negative.VolumesSnapshotNegativeTestJSON.test_list_snapshot_invalid_param_limit [0.014926s] ... ok
{0} tempest.api.volume.test_volumes_snapshots_negative.VolumesSnapshotNegativeTestJSON.test_list_snapshots_invalid_param_marker [0.206694s] ... ok
{0} tempest.api.volume.test_volumes_snapshots_negative.VolumesSnapshotNegativeTestJSON.test_list_snapshots_invalid_param_sort [0.019141s] ... ok
{0} tempest.api.volume.test_volumes_snapshots_negative.VolumesSnapshotNegativeTestJSON.test_volume_from_snapshot_decreasing_size [5.385609s] ... ok

==============================
Failed 1 tests - output below:
==============================

tempest.api.volume.admin.test_volume_types.VolumeTypesTest.test_volume_crud_with_volume_type_and_extra_specs[id-c03cc62c-f4e9-4623-91ec-64ce2f9c1260]
-----------------------------------------------------------------------------------------------------------------------------------------------------

Captured traceback:
~~~~~~~~~~~~~~~~~~~
    Traceback (most recent call last):

      File "/opt/stack/tempest/tempest/api/volume/admin/test_volume_types.py", line 56, in test_volume_crud_with_volume_type_and_extra_specs
    volume = self.create_volume(**params)
             ^^^^^^^^^^^^^^^^^^^^^^^^^^^^

      File "/opt/stack/tempest/tempest/api/volume/base.py", line 144, in create_volume
    waiters.wait_for_volume_resource_status(self.volumes_client,

      File "/opt/stack/tempest/tempest/common/waiters.py", line 379, in wait_for_volume_resource_status
    raise exceptions.VolumeResourceBuildErrorException(

    tempest.exceptions.VolumeResourceBuildErrorException: volume 1b0f9446-f594-4a6d-91ed-df5f56b951e7 failed to build and is in ERROR status


Captured pythonlogging:
~~~~~~~~~~~~~~~~~~~~~~~
    2026-02-16 12:55:57,202 122247 INFO     [tempest.lib.common.rest_client] Request (VolumeTypesTest:test_volume_crud_with_volume_type_and_extra_specs): 200 POST http://10.132.44.205/volume/v3/types 0.190s
2026-02-16 12:55:57,203 122247 DEBUG    [tempest.lib.common.rest_client] Request - Headers: {'Content-Type': 'application/json', 'Accept': 'application/json', 'X-Auth-Token': '<omitted>'}
        Body: {"volume_type": {"name": "tempest-VolumeTypesTest-volume-type-1080383281", "extra_specs": {"storage_protocol": "NVMeTCP", "vendor_name": "Hewlett Packard Enterprise"}}}
    Response - Headers: {'date': 'Mon, 16 Feb 2026 12:55:57 GMT', 'server': 'Apache/2.4.58 (Ubuntu)', 'content-type': 'application/json', 'x-compute-request-id': 'req-ca6f33e7-22fe-482d-ac72-757a632e5ac8', 'content-length': '295', 'openstack-api-version': 'volume 3.0', 'vary': 'OpenStack-API-Version', 'x-openstack-request-id': 'req-ca6f33e7-22fe-482d-ac72-757a632e5ac8', 'connection': 'close', 'status': '200', 'content-location': 'http://10.132.44.205/volume/v3/types'}
        Body: b'{"volume_type": {"id": "36a755ea-86b6-40cb-879a-cf5b9cb6ba7b", "name": "tempest-VolumeTypesTest-volume-type-1080383281", "is_public": true, "extra_specs": {"storage_protocol": "NVMeTCP", "vendor_name": "Hewlett Packard Enterprise"}, "description": null, "os-volume-type-access:is_public": true}}'
2026-02-16 12:55:57,256 122247 INFO     [tempest.lib.common.rest_client] Request (VolumeTypesTest:test_volume_crud_with_volume_type_and_extra_specs): 200 POST http://10.132.44.205/volume/v3/types 0.049s
2026-02-16 12:55:57,256 122247 DEBUG    [tempest.lib.common.rest_client] Request - Headers: {'Content-Type': 'application/json', 'Accept': 'application/json', 'X-Auth-Token': '<omitted>'}
        Body: {"volume_type": {"name": "tempest-VolumeTypesTest-volume-type-2080729441", "extra_specs": {"storage_protocol": "NVMeTCP", "vendor_name": "Hewlett Packard Enterprise"}}}
    Response - Headers: {'date': 'Mon, 16 Feb 2026 12:55:57 GMT', 'server': 'Apache/2.4.58 (Ubuntu)', 'content-type': 'application/json', 'x-compute-request-id': 'req-6594f882-313c-430e-a877-36aaa5de5a24', 'content-length': '295', 'openstack-api-version': 'volume 3.0', 'vary': 'OpenStack-API-Version', 'x-openstack-request-id': 'req-6594f882-313c-430e-a877-36aaa5de5a24', 'connection': 'close', 'status': '200', 'content-location': 'http://10.132.44.205/volume/v3/types'}
        Body: b'{"volume_type": {"id": "762a0884-503c-488a-8d49-0fb8f2d4027c", "name": "tempest-VolumeTypesTest-volume-type-2080729441", "is_public": true, "extra_specs": {"storage_protocol": "NVMeTCP", "vendor_name": "Hewlett Packard Enterprise"}, "description": null, "os-volume-type-access:is_public": true}}'
2026-02-16 12:55:57,698 122247 INFO     [tempest.lib.common.rest_client] Request (VolumeTypesTest:test_volume_crud_with_volume_type_and_extra_specs): 202 POST http://10.132.44.205/volume/v3/volumes 0.437s
2026-02-16 12:55:57,698 122247 DEBUG    [tempest.lib.common.rest_client] Request - Headers: {'Content-Type': 'application/json', 'Accept': 'application/json', 'X-Auth-Token': '<omitted>'}
        Body: {"volume": {"name": "tempest-VolumeTypesTest-volume-1227719647", "volume_type": "36a755ea-86b6-40cb-879a-cf5b9cb6ba7b", "size": 1}}
    Response - Headers: {'date': 'Mon, 16 Feb 2026 12:55:57 GMT', 'server': 'Apache/2.4.58 (Ubuntu)', 'content-type': 'application/json', 'x-compute-request-id': 'req-3306c597-45ab-4415-9c58-d6d4b71b0577', 'content-length': '788', 'openstack-api-version': 'volume 3.0', 'vary': 'OpenStack-API-Version', 'x-openstack-request-id': 'req-3306c597-45ab-4415-9c58-d6d4b71b0577', 'connection': 'close', 'status': '202', 'content-location': 'http://10.132.44.205/volume/v3/volumes'}
        Body: b'{"volume": {"id": "1b0f9446-f594-4a6d-91ed-df5f56b951e7", "status": "creating", "size": 1, "availability_zone": "nova", "created_at": "2026-02-16T12:55:57.614765", "updated_at": null, "name": "tempest-VolumeTypesTest-volume-1227719647", "description": null, "volume_type": "tempest-VolumeTypesTest-volume-type-1080383281", "snapshot_id": null, "s
    ource_volid": null, "metadata": {}, "links": [{"rel": "self", "href": "http://10.132.44.205/volume/v3/volumes/1b0f9446-f594-4a6d-91ed-df5f56b951e7"}, {"rel": "bookmark", "href": "http://10.132.44.205/volume/volumes/1b0f9446-f594-4a6d-91ed-df5f56b951e7"}], "user_id": "9eb17b8fb4724a018a5a0e1819d31944", "bootable": "false", "encrypted": false, "replication_status": null, "consistencygroup_id": null, "multiattach": false, "attachments": []}}'
2026-02-16 12:55:57,763 122247 INFO     [tempest.lib.common.rest_client] Request (VolumeTypesTest:test_volume_crud_with_volume_type_and_extra_specs): 200 GET http://10.132.44.205/volume/v3/volumes/1b0f9446-f594-4a6d-91ed-df5f56b951e7 0.058s
2026-02-16 12:55:57,764 122247 DEBUG    [tempest.lib.common.rest_client] Request - Headers: {'Content-Type': 'application/json', 'Accept': 'application/json', 'X-Auth-Token': '<omitted>'}
        Body: None
    Response - Headers: {'date': 'Mon, 16 Feb 2026 12:55:57 GMT', 'server': 'Apache/2.4.58 (Ubuntu)', 'content-type': 'application/json', 'x-compute-request-id': 'req-6ab4efa8-e934-43eb-a3c7-de106f89062f', 'content-length': '856', 'openstack-api-version': 'volume 3.0', 'vary': 'OpenStack-API-Version', 'x-openstack-request-id': 'req-6ab4efa8-e934-43eb-a3c7-de106f89062f', 'connection': 'close', 'status': '200', 'content-location': 'http://10.132.44.205/volume/v3/volumes/1b0f9446-f594-4a6d-91ed-df5f56b951e7'}
        Body: b'{"volume": {"id": "1b0f9446-f594-4a6d-91ed-df5f56b951e7", "status": "creating", "size": 1, "availability_zone": "nova", "created_at": "2026-02-16T12:55:58.000000", "updated_at": null, "name": "tempest-VolumeTypesTest-volume-1227719647", "description": null, "volume_type": "tempest-VolumeTypesTest-volume-type-1080383281", "snapshot_id": null, "source_volid": null, "metadata": {}, "links": [{"rel": "self", "href": "http://10.132.44.205/volume/v3/volumes/1b0f9446-f594-4a6d-91ed-df5f56b951e7"}, {"rel": "bookmark", "href": "http://10.132.44.205/volume/volumes/1b0f9446-f594-4a6d-91ed-df5f56b951e7"}], "user_id": "9eb17b8fb4724a018a5a0e1819d31944", "bootable": "false", "encrypted": false, "replication_status": null, "consistencygroup_id": null, "multiattach": false, "attachments": [], "os-vol-tenant-attr:tenant_id": "09aae1a306184268bd7d19801410cf52"}}'
2026-02-16 12:55:58,837 122247 INFO     [tempest.lib.common.rest_client] Request (VolumeTypesTest:test_volume_crud_with_volume_type_and_extra_specs): 200 GET http://10.132.44.205/volume/v3/volumes/1b0f9446-f594-4a6d-91ed-df5f56b951e7 0.059s
2026-02-16 12:55:58,838 122247 DEBUG    [tempest.lib.common.rest_client] Request - Headers: {'Content-Type': 'application/json', 'Accept': 'application/json', 'X-Auth-Token': '<omitted>'}
        Body: None
    Response - Headers: {'date': 'Mon, 16 Feb 2026 12:55:58 GMT', 'server': 'Apache/2.4.58 (Ubuntu)', 'content-type': 'application/json', 'x-compute-request-id': 'req-58fb1d3e-da27-4bd0-985a-e7bf46f9473d', 'content-length': '877', 'openstack-api-version': 'volume 3.0', 'vary': 'OpenStack-API-Version', 'x-openstack-request-id': 'req-58fb1d3e-da27-4bd0-985a-e7bf46f9473d', 'connection': 'close', 'status': '200', 'content-location': 'http://10.132.44.205/volume/v3/volumes/1b0f9446-f594-4a6d-91ed-df5f56b951e7'}
        Body: b'{"volume": {"id": "1b0f9446-f594-4a6d-91ed-df5f56b951e7", "status": "error", "size": 1, "availability_zone": "nova", "created_at": "2026-02-16T12:55:58.000000", "updated_at": "2026-02-16T12:55:58.000000", "name": "tempest-VolumeTypesTest-volume-1227719647", "description": null, "volume_type": "tempest-VolumeTypesTest-volume-type-1080383281", "snapshot_id": null, "source_volid": null, "metadata": {}, "links": [{"rel": "self", "href": "http://10.132.44.205/volume/v3/volumes/1b0f9446-f594-4a6d-91ed-df5f56b951e7"}, {"rel": "bookmark", "href": "http://10.132.44.205/volume/volumes/1b0f9446-f594-4a6d-91ed-df5f56b951e7"}], "user_id": "9eb17b8fb4724a018a5a0e1819d31944", "bootable": "false", "encrypted": false, "replication_status": null, "consistencygroup_id": null, "multiattach": false, "attachments": [], "os-vol-tenant-attr:tenant_id": "
    09aae1a306184268bd7d19801410cf52"}}'
2026-02-16 12:55:58,914 122247 INFO     [tempest.lib.common.rest_client] Request (VolumeTypesTest:_run_cleanups): 200 GET http://10.132.44.205/volume/v3/volumes/1b0f9446-f594-4a6d-91ed-df5f56b951e7 0.056s
2026-02-16 12:55:58,915 122247 DEBUG    [tempest.lib.common.rest_client] Request - Headers: {'Content-Type': 'application/json', 'Accept': 'application/json', 'X-Auth-Token': '<omitted>'}
        Body: None
    Response - Headers: {'date': 'Mon, 16 Feb 2026 12:55:58 GMT', 'server': 'Apache/2.4.58 (Ubuntu)', 'content-type': 'application/json', 'x-compute-request-id': 'req-c11608c2-5ccb-41cc-a741-caf79812946e', 'content-length': '877', 'openstack-api-version': 'volume 3.0', 'vary': 'OpenStack-API-Version', 'x-openstack-request-id': 'req-c11608c2-5ccb-41cc-a741-caf79812946e', 'connection': 'close', 'status': '200', 'content-location': 'http://10.132.44.205/volume/v3/volumes/1b0f9446-f594-4a6d-91ed-df5f56b951e7'}
        Body: b'{"volume": {"id": "1b0f9446-f594-4a6d-91ed-df5f56b951e7", "status": "error", "size": 1, "availability_zone": "nova", "created_at": "2026-02-16T12:55:58.000000", "updated_at": "2026-02-16T12:55:58.000000", "name": "tempest-VolumeTypesTest-volume-1227719647", "description": null, "volume_type": "tempest-VolumeTypesTest-volume-type-1080383281", "snapshot_id": null, "source_volid": null, "metadata": {}, "links": [{"rel": "self", "href": "http://10.132.44.205/volume/v3/volumes/1b0f9446-f594-4a6d-91ed-df5f56b951e7"}, {"rel": "bookmark", "href": "http://10.132.44.205/volume/volumes/1b0f9446-f594-4a6d-91ed-df5f56b951e7"}], "user_id": "9eb17b8fb4724a018a5a0e1819d31944", "bootable": "false", "encrypted": false, "replication_status": null, "consistencygroup_id": null, "multiattach": false, "attachments": [], "os-vol-tenant-attr:tenant_id": "09aae1a306184268bd7d19801410cf52"}}'
2026-02-16 12:55:59,091 122247 INFO     [tempest.lib.common.rest_client] Request (VolumeTypesTest:_run_cleanups): 202 DELETE http://10.132.44.205/volume/v3/volumes/1b0f9446-f594-4a6d-91ed-df5f56b951e7 0.159s
2026-02-16 12:55:59,092 122247 DEBUG    [tempest.lib.common.rest_client] Request - Headers: {'Content-Type': 'application/json', 'Accept': 'application/json', 'X-Auth-Token': '<omitted>'}
        Body: None
    Response - Headers: {'date': 'Mon, 16 Feb 2026 12:55:58 GMT', 'server': 'Apache/2.4.58 (Ubuntu)', 'content-length': '0', 'content-type': 'text/html; charset=UTF-8', 'openstack-api-version': 'volume 3.0', 'vary': 'OpenStack-API-Version', 'x-openstack-request-id': 'req-dd5cb556-21b5-49fd-9959-4e89dad42e3f', 'connection': 'close', 'status': '202', 'content-location': 'http://10.132.44.205/volume/v3/volumes/1b0f9446-f594-4a6d-91ed-df5f56b951e7'}
        Body: b''
2026-02-16 12:55:59,121 122247 INFO     [tempest.lib.common.rest_client] Request (VolumeTypesTest:_run_cleanups): 404 GET http://10.132.44.205/volume/v3/volumes/1b0f9446-f594-4a6d-91ed-df5f56b951e7 0.028s
2026-02-16 12:55:59,121 122247 DEBUG    [tempest.lib.common.rest_client] Request - Headers: {'Content-Type': 'application/json', 'Accept': 'application/json', 'X-Auth-Token': '<omitted>'}
        Body: None
    Response - Headers: {'date': 'Mon, 16 Feb 2026 12:55:59 GMT', 'server': 'Apache/2.4.58 (Ubuntu)', 'openstack-api-version': 'volume 3.0', 'vary': 'OpenStack-API-Version', 'content-length': '109', 'content-type': 'application/json', 'x-compute-request-id': 'req-f13c437b-a129-4b8e-aa2d-1032d024a78c', 'x-openstack-request-id': 'req-f13c437b-a129-4b8e-aa2d-1032d024a78c', 'connection': 'close', 'status': '404', 'content-location': 'http://10.132.44.205/volume/v3/volumes/1b0f9446-f594-4a6d-91ed-df5f56b951e7'}
        Body: b'{"itemNotFound": {"code": 404, "message": "Volume 1b0f9446-f594-4a6d-91ed-df5f56b951e7 could not be found."}}'
2026-02-16 12:55:59,201 122247 INFO     [tempest.lib.common.rest_client] Request (VolumeTypesTest:_run_cleanups): 202 DELETE http://10.132.44.205/volume/v3/types/762a0884-503c-488a-8d49-0fb8f2d4027c 0.079s
2026-02-16 12:55:59,202 122247 DEBUG    [tempest.lib.common.rest_client] Request - Headers: {'Conten
    t-Type': 'application/json', 'Accept': 'application/json', 'X-Auth-Token': '<omitted>'}
        Body: None
    Response - Headers: {'date': 'Mon, 16 Feb 2026 12:55:59 GMT', 'server': 'Apache/2.4.58 (Ubuntu)', 'content-length': '0', 'content-type': 'text/html; charset=UTF-8', 'openstack-api-version': 'volume 3.0', 'vary': 'OpenStack-API-Version', 'x-openstack-request-id': 'req-343ba457-1533-4841-96d7-b0e50c21cb64', 'connection': 'close', 'status': '202', 'content-location': 'http://10.132.44.205/volume/v3/types/762a0884-503c-488a-8d49-0fb8f2d4027c'}
        Body: b''
2026-02-16 12:55:59,224 122247 INFO     [tempest.lib.common.rest_client] Request (VolumeTypesTest:_run_cleanups): 404 GET http://10.132.44.205/volume/v3/types/762a0884-503c-488a-8d49-0fb8f2d4027c 0.022s
2026-02-16 12:55:59,225 122247 DEBUG    [tempest.lib.common.rest_client] Request - Headers: {'Content-Type': 'application/json', 'Accept': 'application/json', 'X-Auth-Token': '<omitted>'}
        Body: None
    Response - Headers: {'date': 'Mon, 16 Feb 2026 12:55:59 GMT', 'server': 'Apache/2.4.58 (Ubuntu)', 'openstack-api-version': 'volume 3.0', 'vary': 'OpenStack-API-Version', 'content-length': '114', 'content-type': 'application/json', 'x-compute-request-id': 'req-5d549d83-8e70-4635-a0a8-df65a56861ab', 'x-openstack-request-id': 'req-5d549d83-8e70-4635-a0a8-df65a56861ab', 'connection': 'close', 'status': '404', 'content-location': 'http://10.132.44.205/volume/v3/types/762a0884-503c-488a-8d49-0fb8f2d4027c'}
        Body: b'{"itemNotFound": {"code": 404, "message": "Volume type 762a0884-503c-488a-8d49-0fb8f2d4027c could not be found."}}'
2026-02-16 12:55:59,303 122247 INFO     [tempest.lib.common.rest_client] Request (VolumeTypesTest:_run_cleanups): 202 DELETE http://10.132.44.205/volume/v3/types/36a755ea-86b6-40cb-879a-cf5b9cb6ba7b 0.077s
2026-02-16 12:55:59,304 122247 DEBUG    [tempest.lib.common.rest_client] Request - Headers: {'Content-Type': 'application/json', 'Accept': 'application/json', 'X-Auth-Token': '<omitted>'}
        Body: None
    Response - Headers: {'date': 'Mon, 16 Feb 2026 12:55:59 GMT', 'server': 'Apache/2.4.58 (Ubuntu)', 'content-length': '0', 'content-type': 'text/html; charset=UTF-8', 'openstack-api-version': 'volume 3.0', 'vary': 'OpenStack-API-Version', 'x-openstack-request-id': 'req-38191d9d-2b15-4979-8543-d7d764b1eca2', 'connection': 'close', 'status': '202', 'content-location': 'http://10.132.44.205/volume/v3/types/36a755ea-86b6-40cb-879a-cf5b9cb6ba7b'}
        Body: b''
2026-02-16 12:55:59,326 122247 INFO     [tempest.lib.common.rest_client] Request (VolumeTypesTest:_run_cleanups): 404 GET http://10.132.44.205/volume/v3/types/36a755ea-86b6-40cb-879a-cf5b9cb6ba7b 0.021s
2026-02-16 12:55:59,326 122247 DEBUG    [tempest.lib.common.rest_client] Request - Headers: {'Content-Type': 'application/json', 'Accept': 'application/json', 'X-Auth-Token': '<omitted>'}
        Body: None
    Response - Headers: {'date': 'Mon, 16 Feb 2026 12:55:59 GMT', 'server': 'Apache/2.4.58 (Ubuntu)', 'openstack-api-version': 'volume 3.0', 'vary': 'OpenStack-API-Version', 'content-length': '114', 'content-type': 'application/json', 'x-compute-request-id': 'req-b02bf80d-e403-4369-a5da-48661b535de3', 'x-openstack-request-id': 'req-b02bf80d-e403-4369-a5da-48661b535de3', 'connection': 'close', 'status': '404', 'content-location': 'http://10.132.44.205/volume/v3/types/36a755ea-86b6-40cb-879a-cf5b9cb6ba7b'}
        Body: b'{"itemNotFound": {"code": 404, "message": "Volume type 36a755ea-86b6-40cb-879a-cf5b9cb6ba7b could not be found."}}'



======
Totals
======
Ran: 204 tests in 507.0686 sec.
 - Passed: 196
 - Skipped: 7
 - Expected Fail: 0
 - Unexpected Success: 0
 - Failed: 1
Sum of execute time for each test: 223.3355 sec.

==============
Worker Balance
==============
 - Worker 0 (204 tests) => 0:08:27.068615
