"pcp-dstat 6.2.0 CSV Output"
"Author:","PCP team <pcp@groups.io> and Dag Wieers <dag@wieers.com>",,,,"URL:","https://pcp.io/ and http://dag.wieers.com/home-made/dstat/"
"Host:","np0000094001",,,,"User:","ubuntu"
"Cmdline:","dstat -tcmndrylpg --tcp --output /tmp/devstack_logs/dstat-csv.log",,,,"Date:","17 Apr 2026 02:41:28 UTC"
"system","total usage",,,,,"memory usage",,,,"net/total",,"dsk/total",,"io/total",,"system",,"load avg",,,"procs",,,"paging",,"tcp sockets",,,,
"time","total usage:usr","total usage:sys","total usage:idl","total usage:wai","total usage:stl","used","free","buf","cach","net/total:recv","net/total:send","dsk/total:read","dsk/total:writ","read","writ","int","csw","1m","5m","15m","run","blk","new","in","out","lis","act","syn","tim","clo"
17-04 02:41:28,,996824,1681816,161328,4984004,,,,,,,1.490,1.040,0.650,4,0,,,,10,4,1,17,0
17-04 02:41:29,23.687,20.945,53.109,0.249,0.499,1002764,1675420,161388,4984316,17624.364,7706.607,0,734.058,0,22.939,5178,3603,1.490,1.040,0.650,2,0,234.380,0,0,10,5,1,17,0
17-04 02:41:30,21.498,19.499,56.996,0.250,0.750,1010464,1667528,161460,4984404,65997.297,7246.484,0,563.960,0,17.999,4800,2802,1.490,1.040,0.650,1,0,210.985,0,0,10,6,1,17,0
17-04 02:41:31,18.255,19.756,58.268,0.500,0.500,1010552,1666840,161592,4984748,29948.996,11135.345,0,1256.377,0,40.012,4604,2748,1.370,1.020,0.650,2,0,185.056,0,0,10,6,1,11,0
17-04 02:41:32,24.330,21.599,51.143,0.497,0.497,1021412,1655668,161684,4985268,18888.227,8030.972,0,1040.739,0,33.764,5105,3671,1.370,1.020,0.650,6,0,195.635,0,0,10,5,1,11,1
17-04 02:41:33,33.961,17.358,48.552,0.252,0.503,1011856,1664936,161764,4985048,20585.875,7949.380,0,776.825,0,24.150,4536,3119,1.370,1.020,0.650,1,0,137.856,0,0,10,4,1,11,2
17-04 02:41:34,28.754,16.002,52.757,0.250,0.500,1006504,1669928,161892,4985204,41322.766,8511.188,0,1060.148,0,37.005,4919,4583,1.370,1.020,0.650,3,0,128.018,0,0,10,4,1,11,2
17-04 02:41:35,35.559,17.529,44.825,0.501,0,1012420,1663544,161992,4985488,23632.389,9574.959,0,1009.683,0,27.045,5908,5714,1.370,1.020,0.650,1,0,172.287,0,0,10,4,1,11,2
17-04 02:41:36,28.218,14.483,53.189,1.748,0.250,1017976,1641304,162088,5001412,140415.466,10883.480,962.892,1086.750,34.960,23.972,5389,5236,1.340,1.020,0.650,0,1,96.889,0,0,10,4,1,11,2
17-04 02:41:37,29.514,12.506,57.028,0.750,0.750,1012744,1638868,162460,5007604,48134.576,2611.279,48.024,9500.653,3.001,63.031,2757,1343,1.340,1.020,0.650,1,0,16.008,0,0,10,4,1,11,2
17-04 02:41:38,22.250,3.000,73.500,0.500,0,1018164,1609604,163396,5027632,12288.070,1694.010,0,1584.009,0,42.000,1910,1265,1.340,1.020,0.650,1,0,1.000,0,0,10,4,1,11,2
17-04 02:41:39,23.250,1.750,73.500,0.500,0,1018544,1587892,163856,5046640,12963.064,1458.007,0,1344.007,0,49.000,1943,1380,1.340,1.020,0.650,1,0,0,0,0,10,4,1,11,2
17-04 02:41:40,21.746,2.500,73.737,1.500,0,1028300,1561416,164804,5059848,9876.282,1619.718,0,3971.309,0,246.957,2138,1692,1.340,1.020,0.650,1,0,0,0,0,10,4,1,11,2
17-04 02:41:41,22.254,2.000,73.764,1.000,0,1028092,1532364,165844,5085456,12082.281,1620.306,0,2504.473,0,85.016,1995,1482,1.310,1.020,0.650,1,0,0,0,0,10,4,1,11,2
17-04 02:41:42,18.250,1.500,79.251,0.250,0,1045332,1529144,166116,5070904,19684.319,4413.072,0,768.012,0,25.000,1537,864,1.310,1.020,0.650,1,0,1.000,0,0,10,2,1,11,0
17-04 02:41:43,21.999,3.750,73.496,0,0,1066044,1508396,166136,5070920,17950.058,1457.923,0,8.000,0,2.000,1962,977,1.310,1.020,0.650,2,0,17.999,0,0,10,2,1,11,0
17-04 02:41:44,17.773,3.254,78.602,0.250,0,1069692,1499608,166348,5075340,15711.361,3975.152,0,1533.988,0,9.012,1607,846,1.310,1.020,0.650,1,0,17.022,0,0,10,2,1,11,0
17-04 02:41:45,19.474,3.995,76.150,0,0,1055632,1512128,166428,5076644,12069.122,2726.413,0,23948.493,0,158.791,1987,1479,1.310,1.020,0.650,0,0,17.976,0,0,10,3,1,11,0
17-04 02:41:46,21.039,3.506,73.135,0,0,1056800,1504124,166956,5081728,17387.159,3469.417,0,3678.804,0,61.113,9979,17806,1.210,1,0.650,2,0,6.011,0,0,10,2,1,11,0
17-04 02:41:47,23.962,5.242,70.140,0,0,1036552,1523800,167028,5082120,13755.473,131765.786,0,83.869,0,0.998,6351,9980,1.210,1,0.650,3,0,12.980,0,0,10,2,1,10,0
17-04 02:41:48,20.999,7.000,70.746,0,0,1029024,1531164,167072,5082208,11998.297,1457.915,0,167.990,0,2.000,9728,16528,1.210,1,0.650,2,0,15.999,0,0,10,2,1,10,0
17-04 02:41:49,16.489,2.249,80.198,0.250,0,938412,1634444,167088,5070960,12403.950,1618.949,0,1427.074,0,12.992,1561,920,1.210,1,0.650,0,0,4.997,0,0,10,2,1,10,0
17-04 02:41:50,0.500,0.500,99.009,0,0,932112,1640744,167088,5070960,10360.891,1620.139,0,64.006,0,1.000,497,543,1.210,1,0.650,0,0,0,0,0,10,2,1,10,0
17-04 02:41:51,0.750,0.250,99.002,0,0,921708,1651148,167088,5070960,10130.163,1620.026,0,2360.038,0,30.000,535,560,1.110,0.990,0.640,0,0,0,0,0,10,2,1,9,0
17-04 02:41:52,0.250,0.250,98.507,0,0,912792,1660064,167088,5070960,6236.426,1620.111,0,0,0,0,427,552,1.110,0.990,0.640,0,0,0,0,0,10,2,1,9,0
17-04 02:41:53,0.250,0.250,98.728,0,0,904800,1668052,167088,5070964,10339.747,1457.682,0,0,0,0,520,568,1.110,0.990,0.640,0,0,0,0,0,10,2,1,9,0
17-04 02:41:54,0.500,0.500,98.757,0,0,895968,1676892,167088,5070964,9857.672,1620.110,0,664.045,0,2.000,508,579,1.110,0.990,0.640,0,0,0,0,0,10,2,1,9,0
17-04 02:41:55,0,1.750,96.751,0.250,0,890836,1682024,167088,5070964,7729.057,1620.012,0,41236.305,0,686.005,950,995,1.110,0.990,0.640,0,0,0,0,0,10,2,1,9,0
17-04 02:41:56,0.500,0,98.433,0,0,887096,1685764,167088,5070964,45882.576,1618.891,0,0,0,0,546,556,1.020,0.970,0.640,0,0,0,0,0,10,2,1,9,0
17-04 02:41:57,0.500,0.250,99.083,0,0,881824,1691036,167088,5070964,9726.135,1621.356,0,100.084,0,16.013,466,548,1.020,0.970,0.640,0,0,0,0,0,10,2,1,9,0
17-04 02:41:58,0.500,0,98.508,0,0,879556,1693304,167088,5070964,10522.859,1620.132,0,0,0,0,547,597,1.020,0.970,0.640,0,0,1.000,0,0,10,2,1,9,0
17-04 02:41:59,0,0.750,98.742,0.250,0,879216,1693644,167088,5070964,9491.239,1457.883,0,599.952,0,2.000,487,542,1.020,0.970,0.640,0,0,0,0,0,10,2,1,9,0
17-04 02:42:00,0.500,0.250,98.531,0.250,0,879144,1693716,167088,5070964,43072.628,1620.513,0,3857.220,0,28.009,578,609,1.020,0.970,0.640,0,0,0,0,0,10,2,1,9,0
17-04 02:42:01,0.250,0.500,98.990,0,0,879096,1693764,167088,5070964,9862.987,1619.834,0,4.000,0,1.000,492,542,0.940,0.950,0.640,0,0,0,0,0,10,2,1,9,0
17-04 02:42:02,0.500,0,98.730,0,0,879096,1693764,167088,5070964,8422.280,1693.654,0,95.980,0,13.997,480,552,0.940,0.950,0.640,0,0,0,0,0,10,2,1,9,0
17-04 02:42:03,0.250,0.250,98.738,0,0.250,879096,1693764,167088,5070964,5721.294,1531.811,0,4.000,0,1.000,453,549,0.940,0.950,0.640,0,0,0,0,0,10,2,1,9,0
17-04 02:42:04,0.499,0.250,98.892,0,0,878904,1693956,167088,5070964,11043.930,1692.151,0,0,0,0,494,546,0.940,0.950,0.640,0,0,0,0,0,10,2,1,9,0
17-04 02:42:05,0.250,0.250,98.864,0,0,879028,1694020,167088,5070964,7936.136,1695.952,0,128.148,0,3.003,460,564,0.940,0.950,0.640,2,0,0,0,0,10,2,1,9,0
17-04 02:42:06,0.500,0,98.757,0,0,877732,1695188,167088,5071092,10645.707,1694.113,0,0,0,0,497,549,0.860,0.940,0.630,0,0,0,0,0,10,2,1,9,0
17-04 02:42:07,0.500,0,98.739,0,0.250,877008,1695912,167088,5071092,10304.898,1693.819,0,7.999,0,2.000,488,550,0.860,0.940,0.630,0,0,0,0,0,10,2,1,9,0
17-04 02:42:08,0.250,0.500,98.742,0,0,876756,1696164,167088,5071092,6542.481,1457.884,0,95.992,0,14.999,518,617,0.860,0.940,0.630,0,0,1.000,0,0,10,2,1,9,0
17-04 02:42:09,0.250,0,98.705,0,0,876756,1696164,167088,5071092,10589.216,1693.235,0,3.998,0,1.000,505,566,0.860,0.940,0.630,0,0,0,0,0,10,2,1,9,0
17-04 02:42:10,0.750,4.003,95.313,0,0,868756,1704316,167088,5071096,8436.565,1621.069,0,55964.917,0,261.172,1247,1179,0.860,0.940,0.630,0,0,0,0,0,10,2,1,9,0
17-04 02:42:11,0.250,0.250,99.005,0,0,868756,1704316,167088,5071096,10270.490,1620.077,0,0,0,0,509,557,0.790,0.920,0.630,0,0,0,0,0,10,2,1,9,0
17-04 02:42:12,0.250,0,98.741,0,0,868756,1704316,167088,5071096,8144.297,1457.874,0,0,0,0,458,542,0.790,0.920,0.630,0,0,0,0,0,10,2,1,8,0
17-04 02:42:13,0.250,0.750,98.985,0,0,868756,1704316,167088,5071096,10027.433,1693.735,0,99.984,0,15.997,498,570,0.790,0.920,0.630,0,0,0,0,0,10,2,1,8,0
17-04 02:42:14,0.750,0,98.772,0,0,868756,1704316,167088,5071096,6192.406,1620.368,0,0,0,0,437,547,0.790,0.920,0.630,0,0,0,0,0,10,2,1,8,0
17-04 02:42:15,0,0.500,98.733,0,0,868756,1704316,167088,5071096,6382.912,1619.724,0,1007.828,0,2.999,480,560,0.790,0.920,0.630,0,0,0,0,0,10,2,1,8,0
17-04 02:42:16,0.500,1.250,97.508,0,0,869004,1704064,167088,5071100,6169.527,1620.138,0,28586.440,0,91.008,712,756,0.810,0.920,0.630,0,0,0,0,0,10,2,1,4,0
17-04 02:42:17,0.500,0,98.750,0,0,868908,1704160,167088,5071100,9821.982,1295.998,0,0,0,0,502,556,0.810,0.920,0.630,0,0,0,0,0,10,2,1,4,0
17-04 02:42:18,7.500,2.000,90.250,0,0,863768,1709300,167088,5071100,141813.081,3744.002,0,36.000,0,1.000,1171,907,0.810,0.920,0.630,0,0,5.000,0,0,10,2,1,4,0
17-04 02:42:19,16.253,4.001,78.015,0.500,0,870628,1702412,167100,5071132,293954.910,11660.218,108.021,180.034,5.001,27.005,2566,1435,0.810,0.920,0.630,0,0,26.005,0,0,10,2,1,4,0
17-04 02:42:20,14.521,4.006,80.619,0,0.501,883400,1689560,167108,5071204,303350.637,10735.842,0,536.792,0,3.004,2314,1340,0.810,0.920,0.630,1,0,17.025,0,0,10,2,1,4,0
