Jan 16 19:45:12 ubuntu devstack@keystone.service[61665]: DEBUG keystone.common.rbac_enforcer.enforcer [None req-7c965c0b-f991-4e5f-add4-92ce3a51b933 None admin] RBAC: Authorizing `identity:list_domains()` {{(pid=61665) enforce_call /opt/stack/keystone/keystone/common/rbac_enforcer/enforcer.py:494}}
Jan 16 19:45:12 ubuntu devstack@keystone.service[61665]: DEBUG keystone.common.rbac_enforcer.enforcer [None req-7c965c0b-f991-4e5f-add4-92ce3a51b933 None admin] RBAC: Authorization granted {{(pid=61665) enforce_call /opt/stack/keystone/keystone/common/rbac_enforcer/enforcer.py:505}}
Jan 16 19:45:12 ubuntu devstack@keystone.service[61665]: [pid: 61665|app: 0|req: 10/20] 10.120.125.138 () {58 vars in 1194 bytes} [Fri Jan 16 19:45:12 2026] GET /identity/v3/domains?name=Default => generated 312 bytes in 77 msecs (HTTP/1.1 200) 5 headers in 177 bytes (1 switches on core 0)
Jan 16 19:45:12 ubuntu devstack@keystone.service[61664]: [pid: 61664|app: 0|req: 11/21] 10.120.125.138 () {60 vars in 1433 bytes} [Fri Jan 16 19:45:12 2026] PUT /identity/v3/domains/default/users/e91b014265d744268c9ba979d75a6076/roles/b7b233d0a01245e8974bc0904f71c2d7 => generated 0 bytes in 166 msecs (HTTP/1.1 204) 3 headers in 132 bytes (0 switches on core 0)
Jan 16 19:45:14 ubuntu devstack@keystone.service[61665]: DEBUG keystone.server.flask.request_processing.req_logging [None req-b808ea67-7f3c-471a-ba81-74b439db379e None None] REQUEST_METHOD: `GET` {{(pid=61665) log_request_info /opt/stack/keystone/keystone/server/flask/request_processing/req_logging.py:26}}
Jan 16 19:45:14 ubuntu devstack@keystone.service[61665]: DEBUG keystone.server.flask.request_processing.req_logging [None req-b808ea67-7f3c-471a-ba81-74b439db379e None None] SCRIPT_NAME: `/identity` {{(pid=61665) log_request_info /opt/stack/keystone/keystone/server/flask/request_processing/req_logging.py:27}}
Jan 16 19:45:14 ubuntu devstack@keystone.service[61665]: DEBUG keystone.server.flask.request_processing.req_logging [None req-b808ea67-7f3c-471a-ba81-74b439db379e None None] PATH_INFO: `/` {{(pid=61665) log_request_info /opt/stack/keystone/keystone/server/flask/request_processing/req_logging.py:28}}
Jan 16 19:45:14 ubuntu devstack@keystone.service[61665]: [pid: 61665|app: 0|req: 11/22] 10.120.125.138 () {56 vars in 955 bytes} [Fri Jan 16 19:45:14 2026] GET /identity => generated 272 bytes in 1 msecs (HTTP/1.1 300) 6 headers in 236 bytes (1 switches on core 0)
Jan 16 19:45:14 ubuntu devstack@keystone.service[61664]: DEBUG keystone.server.flask.request_processing.req_logging [None req-16cd99d9-ab0f-4432-845e-7d2b5a4550bc None None] REQUEST_METHOD: `POST` {{(pid=61664) log_request_info /opt/stack/keystone/keystone/server/flask/request_processing/req_logging.py:26}}
Jan 16 19:45:14 ubuntu devstack@keystone.service[61664]: DEBUG keystone.server.flask.request_processing.req_logging [None req-16cd99d9-ab0f-4432-845e-7d2b5a4550bc None None] SCRIPT_NAME: `/identity` {{(pid=61664) log_request_info /opt/stack/keystone/keystone/server/flask/request_processing/req_logging.py:27}}
Jan 16 19:45:14 ubuntu devstack@keystone.service[61664]: DEBUG keystone.server.flask.request_processing.req_logging [None req-16cd99d9-ab0f-4432-845e-7d2b5a4550bc None None] PATH_INFO: `/v3/auth/tokens` {{(pid=61664) log_request_info /opt/stack/keystone/keystone/server/flask/request_processing/req_logging.py:28}}
Jan 16 19:45:14 ubuntu devstack@keystone.service[61664]: WARNING keystone.common.password_hashing [None req-16cd99d9-ab0f-4432-845e-7d2b5a4550bc None None] Truncating password to algorithm specific maximum length 72 characters.
Jan 16 19:45:14 ubuntu devstack@keystone.service[61664]: DEBUG keystone.auth.core [None req-16cd99d9-ab0f-4432-845e-7d2b5a4550bc None None] MFA Rules not processed for user `e91b014265d744268c9ba979d75a6076`. Rule list: `[]` (Enabled: `True`). {{(pid=61664) check_auth_methods_against_rules /opt/stack/keystone/keystone/auth/core.py:476}}
Jan 16 19:45:14 ubuntu devstack@keystone.service[61664]: DEBUG keystone.common.fernet_utils [None req-16cd99d9-ab0f-4432-845e-7d2b5a4550bc None None] Loaded 2 Fernet keys from /etc/keystone/fernet-keys/, but `[fernet_tokens] max_active_keys = 3`; perhaps there have not been enough key rotations to reach `max_active_keys` yet? {{(pid=61664) load_keys /opt/stack/keystone/keystone/common/fernet_utils.py:297}}
Jan 16 19:45:14 ubuntu devstack@keystone.service[61664]: [pid: 61664|app: 0|req: 12/23] 10.120.125.138 () {60 vars in 1052 bytes} [Fri Jan 16 19:45:14 2026] POST /identity/v3/auth/tokens => generated 864 bytes in 74 msecs (HTTP/1.1 201) 6 headers in 363 bytes (1 switches on core 0)
Jan 16 19:45:14 ubuntu devstack@keystone.service[61665]: DEBUG keystone.server.flask.request_processing.req_logging [None req-bf4cb8f5-0e7c-4eee-a81c-d04c5054063f None None] REQUEST_METHOD: `GET` {{(pid=61665) log_request_info /opt/stack/keystone/keystone/server/flask/request_processing/req_logging.py:26}}
Jan 16 19:45:14 ubuntu devstack@keystone.service[61665]: DEBUG keystone.server.flask.request_processing.req_logging [None req-bf4cb8f5-0e7c-4eee-a81c-d04c5054063f None None] SCRIPT_NAME: `/identity` {{(pid=61665) log_request_info /opt/stack/keystone/keystone/server/flask/request_processing/req_logging.py:27}}
Jan 16 19:45:14 ubuntu devstack@keystone.service[61665]: DEBUG keystone.server.flask.request_processing.req_logging [None req-bf4cb8f5-0e7c-4eee-a81c-d04c5054063f None None] PATH_INFO: `/` {{(pid=61665) log_request_info /opt/stack/keystone/keystone/server/flask/request_processing/req_logging.py:28}}
Jan 16 19:45:14 ubuntu devstack@keystone.service[61665]: [pid: 61665|app: 0|req: 12/24] 10.120.125.138 () {56 vars in 955 bytes} [Fri Jan 16 19:45:14 2026] GET /identity => generated 272 bytes in 1 msecs (HTTP/1.1 300) 6 headers in 236 bytes (1 switches on core 0)
Jan 16 19:45:14 ubuntu devstack@keystone.service[61664]: DEBUG keystone.server.flask.request_processing.req_logging [None req-cb8e0ed4-366d-49e8-a125-2b9b1eaa3791 None None] REQUEST_METHOD: `GET` {{(pid=61664) log_request_info /opt/stack/keystone/keystone/server/flask/request_processing/req_logging.py:26}}
Jan 16 19:45:14 ubuntu devstack@keystone.service[61664]: DEBUG keystone.server.flask.request_processing.req_logging [None req-cb8e0ed4-366d-49e8-a125-2b9b1eaa3791 None None] SCRIPT_NAME: `/identity` {{(pid=61664) log_request_info /opt/stack/keystone/keystone/server/flask/request_processing/req_logging.py:27}}
Jan 16 19:45:14 ubuntu devstack@keystone.service[61664]: DEBUG keystone.server.flask.request_processing.req_logging [None req-cb8e0ed4-366d-49e8-a125-2b9b1eaa3791 None None] PATH_INFO: `/` {{(pid=61664) log_request_info /opt/stack/keystone/keystone/server/flask/request_processing/req_logging.py:28}}
Jan 16 19:45:14 ubuntu devstack@keystone.service[61664]: [pid: 61664|app: 0|req: 13/25] 10.120.125.138 () {56 vars in 955 bytes} [Fri Jan 16 19:45:14 2026] GET /identity => generated 272 bytes in 2 msecs (HTTP/1.1 300) 6 headers in 236 bytes (1 switches on core 0)
Jan 16 19:45:14 ubuntu devstack@keystone.service[61665]: DEBUG keystone.server.flask.request_processing.req_logging [None req-c986c842-b944-4f09-8ded-9671c93154ea None None] REQUEST_METHOD: `GET` {{(pid=61665) log_request_info /opt/stack/keystone/keystone/server/flask/request_processing/req_logging.py:26}}
Jan 16 19:45:14 ubuntu devstack@keystone.service[61665]: DEBUG keystone.server.flask.request_processing.req_logging [None req-c986c842-b944-4f09-8ded-9671c93154ea None None] SCRIPT_NAME: `/identity` {{(pid=61665) log_request_info /opt/stack/keystone/keystone/server/flask/request_processing/req_logging.py:27}}
Jan 16 19:45:14 ubuntu devstack@keystone.service[61665]: DEBUG keystone.server.flask.request_processing.req_logging [None req-c986c842-b944-4f09-8ded-9671c93154ea None None] PATH_INFO: `/` {{(pid=61665) log_request_info /opt/stack/keystone/keystone/server/flask/request_processing/req_logging.py:28}}
Jan 16 19:45:14 ubuntu devstack@keystone.service[61665]: [pid: 61665|app: 0|req: 13/26] 10.120.125.138 () {56 vars in 955 bytes} [Fri Jan 16 19:45:14 2026] GET /identity => generated 272 bytes in 3 msecs (HTTP/1.1 300) 6 headers in 236 bytes (2 switches on core 0)
Jan 16 19:45:14 ubuntu devstack@keystone.service[61664]: DEBUG keystone.server.flask.request_processing.req_logging [None req-8ee76f06-196f-4f6d-9fe0-16dfd760643b None None] REQUEST_METHOD: `POST` {{(pid=61664) log_request_info /opt/stack/keystone/keystone/server/flask/request_processing/req_logging.py:26}}
Jan 16 19:45:14 ubuntu devstack@keystone.service[61664]: DEBUG keystone.server.flask.request_processing.req_logging [None req-8ee76f06-196f-4f6d-9fe0-16dfd760643b None None] SCRIPT_NAME: `/identity` {{(pid=61664) log_request_info /opt/stack/keystone/keystone/server/flask/request_processing/req_logging.py:27}}
Jan 16 19:45:14 ubuntu devstack@keystone.service[61664]: DEBUG keystone.server.flask.request_processing.req_logging [None req-8ee76f06-196f-4f6d-9fe0-16dfd760643b None None] PATH_INFO: `/v3/auth/tokens` {{(pid=61664) log_request_info /opt/stack/keystone/keystone/server/flask/request_processing/req_logging.py:28}}
Jan 16 19:45:14 ubuntu devstack@keystone.service[61664]: WARNING keystone.common.password_hashing [None req-8ee76f06-196f-4f6d-9fe0-16dfd760643b None None] Truncating password to algorithm specific maximum length 72 characters.
Jan 16 19:45:14 ubuntu devstack@keystone.service[61664]: DEBUG keystone.auth.core [None req-8ee76f06-196f-4f6d-9fe0-16dfd760643b None None] MFA Rules not processed for user `e91b014265d744268c9ba979d75a6076`. Rule list: `[]` (Enabled: `True`). {{(pid=61664) check_auth_methods_against_rules /opt/stack/keystone/keystone/auth/core.py:476}}
Jan 16 19:45:14 ubuntu devstack@keystone.service[61664]: DEBUG keystone.common.fernet_utils [None req-8ee76f06-196f-4f6d-9fe0-16dfd760643b None None] Loaded 2 Fernet keys from /etc/keystone/fernet-keys/, but `[fernet_tokens] max_active_keys = 3`; perhaps there have not been enough key rotations to reach `max_active_keys` yet? {{(pid=61664) load_keys /opt/stack/keystone/keystone/common/fernet_utils.py:297}}
Jan 16 19:45:14 ubuntu devstack@keystone.service[61665]: DEBUG keystone.server.flask.request_processing.req_logging [None req-20da1397-b4a9-4bac-a8a4-24dcea0ad190 None None] REQUEST_METHOD: `POST` {{(pid=61665) log_request_info /opt/stack/keystone/keystone/server/flask/request_processing/req_logging.py:26}}
Jan 16 19:45:14 ubuntu devstack@keystone.service[61665]: DEBUG keystone.server.flask.request_processing.req_logging [None req-20da1397-b4a9-4bac-a8a4-24dcea0ad190 None None] SCRIPT_NAME: `/identity` {{(pid=61665) log_request_info /opt/stack/keystone/keystone/server/flask/request_processing/req_logging.py:27}}
Jan 16 19:45:14 ubuntu devstack@keystone.service[61665]: DEBUG keystone.server.flask.request_processing.req_logging [None req-20da1397-b4a9-4bac-a8a4-24dcea0ad190 None None] PATH_INFO: `/v3/auth/tokens` {{(pid=61665) log_request_info /opt/stack/keystone/keystone/server/flask/request_processing/req_logging.py:28}}
Jan 16 19:45:14 ubuntu devstack@keystone.service[61664]: [pid: 61664|app: 0|req: 14/27] 10.120.125.138 () {60 vars in 1052 bytes} [Fri Jan 16 19:45:14 2026] POST /identity/v3/auth/tokens => generated 864 bytes in 68 msecs (HTTP/1.1 201) 6 headers in 363 bytes (1 switches on core 0)
Jan 16 19:45:14 ubuntu devstack@keystone.service[61665]: WARNING keystone.common.password_hashing [None req-20da1397-b4a9-4bac-a8a4-24dcea0ad190 None None] Truncating password to algorithm specific maximum length 72 characters.
Jan 16 19:45:14 ubuntu devstack@keystone.service[61665]: DEBUG keystone.auth.core [None req-20da1397-b4a9-4bac-a8a4-24dcea0ad190 None None] MFA Rules not processed for user `e91b014265d744268c9ba979d75a6076`. Rule list: `[]` (Enabled: `True`). {{(pid=61665) check_auth_methods_against_rules /opt/stack/keystone/keystone/auth/core.py:476}}
Jan 16 19:45:14 ubuntu devstack@keystone.service[61665]: DEBUG keystone.common.fernet_utils [None req-20da1397-b4a9-4bac-a8a4-24dcea0ad190 None None] Loaded 2 Fernet keys from /etc/keystone/fernet-keys/, but `[fernet_tokens] max_active_keys = 3`; perhaps there have not been enough key rotations to reach `max_active_keys` yet? {{(pid=61665) load_keys /opt/stack/keystone/keystone/common/fernet_utils.py:297}}
Jan 16 19:45:14 ubuntu devstack@keystone.service[61665]: [pid: 61665|app: 0|req: 14/28] 10.120.125.138 () {60 vars in 1052 bytes} [Fri Jan 16 19:45:14 2026] POST /identity/v3/auth/tokens => generated 864 bytes in 60 msecs (HTTP/1.1 201) 6 headers in 363 bytes (1 switches on core 0)
Jan 16 19:45:14 ubuntu devstack@keystone.service[61664]: DEBUG keystone.server.flask.request_processing.req_logging [None req-2075382e-dc51-45f2-9167-df70a2fde4e9 None None] REQUEST_METHOD: `POST` {{(pid=61664) log_request_info /opt/stack/keystone/keystone/server/flask/request_processing/req_logging.py:26}}
Jan 16 19:45:14 ubuntu devstack@keystone.service[61664]: DEBUG keystone.server.flask.request_processing.req_logging [None req-2075382e-dc51-45f2-9167-df70a2fde4e9 None None] SCRIPT_NAME: `/identity` {{(pid=61664) log_request_info /opt/stack/keystone/keystone/server/flask/request_processing/req_logging.py:27}}
Jan 16 19:45:14 ubuntu devstack@keystone.service[61664]: DEBUG keystone.server.flask.request_processing.req_logging [None req-2075382e-dc51-45f2-9167-df70a2fde4e9 None None] PATH_INFO: `/v3/auth/tokens` {{(pid=61664) log_request_info /opt/stack/keystone/keystone/server/flask/request_processing/req_logging.py:28}}
Jan 16 19:45:14 ubuntu devstack@keystone.service[61665]: DEBUG keystone.server.flask.request_processing.middleware.auth_context [None req-20da1397-b4a9-4bac-a8a4-24dcea0ad190 None None] Authenticating user token {{(pid=61665) process_request /opt/stack/data/venv/lib/python3.12/site-packages/keystonemiddleware/auth_token/__init__.py:407}}
Jan 16 19:45:14 ubuntu devstack@keystone.service[61664]: WARNING keystone.common.password_hashing [None req-2075382e-dc51-45f2-9167-df70a2fde4e9 None None] Truncating password to algorithm specific maximum length 72 characters.
Jan 16 19:45:14 ubuntu devstack@keystone.service[61664]: DEBUG keystone.auth.core [None req-2075382e-dc51-45f2-9167-df70a2fde4e9 None None] MFA Rules not processed for user `e91b014265d744268c9ba979d75a6076`. Rule list: `[]` (Enabled: `True`). {{(pid=61664) check_auth_methods_against_rules /opt/stack/keystone/keystone/auth/core.py:476}}
Jan 16 19:45:14 ubuntu devstack@keystone.service[61664]: DEBUG keystone.common.fernet_utils [None req-2075382e-dc51-45f2-9167-df70a2fde4e9 None None] Loaded 2 Fernet keys from /etc/keystone/fernet-keys/, but `[fernet_tokens] max_active_keys = 3`; perhaps there have not been enough key rotations to reach `max_active_keys` yet? {{(pid=61664) load_keys /opt/stack/keystone/keystone/common/fernet_utils.py:297}}
Jan 16 19:45:14 ubuntu devstack@keystone.service[61665]: DEBUG keystone.server.flask.request_processing.middleware.auth_context [None req-20da1397-b4a9-4bac-a8a4-24dcea0ad190 None None] Validating token access rules against request {{(pid=61665) validate_allowed_request /opt/stack/data/venv/lib/python3.12/site-packages/keystonemiddleware/auth_token/__init__.py:545}}
Jan 16 19:45:14 ubuntu devstack@keystone.service[61664]: [pid: 61664|app: 0|req: 15/29] 10.120.125.138 () {60 vars in 1052 bytes} [Fri Jan 16 19:45:14 2026] POST /identity/v3/auth/tokens => generated 864 bytes in 105 msecs (HTTP/1.1 201) 6 headers in 363 bytes (1 switches on core 0)
Jan 16 19:45:14 ubuntu devstack@keystone.service[61664]: DEBUG keystone.server.flask.request_processing.req_logging [None req-64d02254-3a85-4573-b168-d3e15e62128c None None] REQUEST_METHOD: `GET` {{(pid=61664) log_request_info /opt/stack/keystone/keystone/server/flask/request_processing/req_logging.py:26}}
Jan 16 19:45:14 ubuntu devstack@keystone.service[61664]: DEBUG keystone.server.flask.request_processing.req_logging [None req-64d02254-3a85-4573-b168-d3e15e62128c None None] SCRIPT_NAME: `/identity` {{(pid=61664) log_request_info /opt/stack/keystone/keystone/server/flask/request_processing/req_logging.py:27}}
Jan 16 19:45:14 ubuntu devstack@keystone.service[61664]: DEBUG keystone.server.flask.request_processing.req_logging [None req-64d02254-3a85-4573-b168-d3e15e62128c None None] PATH_INFO: `/` {{(pid=61664) log_request_info /opt/stack/keystone/keystone/server/flask/request_processing/req_logging.py:28}}
Jan 16 19:45:14 ubuntu devstack@keystone.service[61664]: [pid: 61664|app: 0|req: 16/30] 10.120.125.138 () {56 vars in 955 bytes} [Fri Jan 16 19:45:14 2026] GET /identity => generated 272 bytes in 4 msecs (HTTP/1.1 300) 6 headers in 236 bytes (1 switches on core 0)
Jan 16 19:45:14 ubuntu devstack@keystone.service[61665]: DEBUG keystone.server.flask.request_processing.middleware.auth_context [None req-9420af77-9331-421b-b757-f64c8569d2af None admin] RBAC: auth_context: {'token': <TokenModel (audit_id=espl_8QbSg25F4yjfpBzLw, audit_chain_id=['espl_8QbSg25F4yjfpBzLw']) at 0x72c20d189ee0>, 'domain_id': None, 'trust_id': None, 'trustor_id': None, 'trustee_id': None, 'domain_name': None, 'group_ids': [], 'user_id': 'e91b014265d744268c9ba979d75a6076', 'user_domain_id': 'default', 'system_scope': 'all', 'project_id': None, 'project_domain_id': None, 'roles': ['admin', 'manager', 'member', 'reader'], 'is_admin_project': True, 'service_user_id': None, 'service_user_domain_id': None, 'service_project_id': None, 'service_project_domain_id': None, 'service_roles': []} {{(pid=61665) fill_context /opt/stack/keystone/keystone/server/flask/request_processing/middleware/auth_context.py:509}}
Jan 16 19:45:14 ubuntu devstack@keystone.service[61665]: DEBUG keystone.server.flask.request_processing.req_logging [None req-9420af77-9331-421b-b757-f64c8569d2af None admin] REQUEST_METHOD: `GET` {{(pid=61665) log_request_info /opt/stack/keystone/keystone/server/flask/request_processing/req_logging.py:26}}
Jan 16 19:45:14 ubuntu devstack@keystone.service[61665]: DEBUG keystone.server.flask.request_processing.req_logging [None req-9420af77-9331-421b-b757-f64c8569d2af None admin] SCRIPT_NAME: `/identity` {{(pid=61665) log_request_info /opt/stack/keystone/keystone/server/flask/request_processing/req_logging.py:27}}
Jan 16 19:45:14 ubuntu devstack@keystone.service[61665]: DEBUG keystone.server.flask.request_processing.req_logging [None req-9420af77-9331-421b-b757-f64c8569d2af None admin] PATH_INFO: `/v3/roles/admin` {{(pid=61665) log_request_info /opt/stack/keystone/keystone/server/flask/request_processing/req_logging.py:28}}
Jan 16 19:45:14 ubuntu devstack@keystone.service[61665]: DEBUG keystone.common.rbac_enforcer.enforcer [None req-9420af77-9331-421b-b757-f64c8569d2af None admin] Extracting inferred target data resulted in "NOT FOUND (404)". {{(pid=61665) enforce_call /opt/stack/keystone/keystone/common/rbac_enforcer/enforcer.py:445}}
Jan 16 19:45:14 ubuntu devstack@keystone.service[61665]: DEBUG keystone.server.flask.application [None req-9420af77-9331-421b-b757-f64c8569d2af None admin] Could not find role: admin. {{(pid=61665) _handle_keystone_exception /opt/stack/keystone/keystone/server/flask/application.py:146}}
Jan 16 19:45:14 ubuntu devstack@keystone.service[61665]: [pid: 61665|app: 0|req: 15/31] 10.120.125.138 () {58 vars in 1168 bytes} [Fri Jan 16 19:45:14 2026] GET /identity/v3/roles/admin => generated 83 bytes in 117 msecs (HTTP/1.1 404) 5 headers in 183 bytes (2 switches on core 0)
Jan 16 19:45:14 ubuntu devstack@keystone.service[61664]: DEBUG keystone.server.flask.request_processing.middleware.auth_context [None req-64d02254-3a85-4573-b168-d3e15e62128c None None] Authenticating user token {{(pid=61664) process_request /opt/stack/data/venv/lib/python3.12/site-packages/keystonemiddleware/auth_token/__init__.py:407}}
Jan 16 19:45:14 ubuntu devstack@keystone.service[61664]: DEBUG keystone.server.flask.request_processing.middleware.auth_context [None req-64d02254-3a85-4573-b168-d3e15e62128c None None] Validating token access rules against request {{(pid=61664) validate_allowed_request /opt/stack/data/venv/lib/python3.12/site-packages/keystonemiddleware/auth_token/__init__.py:545}}
Jan 16 19:45:14 ubuntu devstack@keystone.service[61664]: DEBUG keystone.server.flask.request_processing.middleware.auth_context [None req-578b8497-6e98-405e-bfeb-d30314d7b722 None admin] RBAC: auth_context: {'token': <TokenModel (audit_id=espl_8QbSg25F4yjfpBzLw, audit_chain_id=['espl_8QbSg25F4yjfpBzLw']) at 0x72c20d3bd7f0>, 'domain_id': None, 'trust_id': None, 'trustor_id': None, 'trustee_id': None, 'domain_name': None, 'group_ids': [], 'user_id': 'e91b014265d744268c9ba979d75a6076', 'user_domain_id': 'default', 'system_scope': 'all', 'project_id': None, 'project_domain_id': None, 'roles': ['admin', 'manager', 'member', 'reader'], 'is_admin_project': True, 'service_user_id': None, 'service_user_domain_id': None, 'service_project_id': None, 'service_project_domain_id': None, 'service_roles': []} {{(pid=61664) fill_context /opt/stack/keystone/keystone/server/flask/request_processing/middleware/auth_context.py:509}}
Jan 16 19:45:14 ubuntu devstack@keystone.service[61664]: DEBUG keystone.server.flask.request_processing.req_logging [None req-578b8497-6e98-405e-bfeb-d30314d7b722 None admin] REQUEST_METHOD: `GET` {{(pid=61664) log_request_info /opt/stack/keystone/keystone/server/flask/request_processing/req_logging.py:26}}
Jan 16 19:45:14 ubuntu devstack@keystone.service[61664]: DEBUG keystone.server.flask.request_processing.req_logging [None req-578b8497-6e98-405e-bfeb-d30314d7b722 None admin] SCRIPT_NAME: `/identity` {{(pid=61664) log_request_info /opt/stack/keystone/keystone/server/flask/request_processing/req_logging.py:27}}
Jan 16 19:45:14 ubuntu devstack@keystone.service[61664]: DEBUG keystone.server.flask.request_processing.req_logging [None req-578b8497-6e98-405e-bfeb-d30314d7b722 None admin] PATH_INFO: `/v3/roles` {{(pid=61664) log_request_info /opt/stack/keystone/keystone/server/flask/request_processing/req_logging.py:28}}
Jan 16 19:45:14 ubuntu devstack@keystone.service[61665]: DEBUG keystone.server.flask.request_processing.req_logging [None req-53beb544-ed81-4044-8a29-1003cae32299 None None] REQUEST_METHOD: `POST` {{(pid=61665) log_request_info /opt/stack/keystone/keystone/server/flask/request_processing/req_logging.py:26}}
Jan 16 19:45:14 ubuntu devstack@keystone.service[61665]: DEBUG keystone.server.flask.request_processing.req_logging [None req-53beb544-ed81-4044-8a29-1003cae32299 None None] SCRIPT_NAME: `/identity` {{(pid=61665) log_request_info /opt/stack/keystone/keystone/server/flask/request_processing/req_logging.py:27}}
Jan 16 19:45:14 ubuntu devstack@keystone.service[61665]: DEBUG keystone.server.flask.request_processing.req_logging [None req-53beb544-ed81-4044-8a29-1003cae32299 None None] PATH_INFO: `/v3/auth/tokens` {{(pid=61665) log_request_info /opt/stack/keystone/keystone/server/flask/request_processing/req_logging.py:28}}
Jan 16 19:45:14 ubuntu devstack@keystone.service[61664]: DEBUG keystone.common.rbac_enforcer.enforcer [None req-578b8497-6e98-405e-bfeb-d30314d7b722 None admin] RBAC: Adding query filter params (name=admin) {{(pid=61664) _extract_filter_values /opt/stack/keystone/keystone/common/rbac_enforcer/enforcer.py:176}}
Jan 16 19:45:14 ubuntu devstack@keystone.service[61664]: DEBUG keystone.common.rbac_enforcer.enforcer [None req-578b8497-6e98-405e-bfeb-d30314d7b722 None admin] RBAC: Authorizing `identity:list_roles()` {{(pid=61664) enforce_call /opt/stack/keystone/keystone/common/rbac_enforcer/enforcer.py:494}}
Jan 16 19:45:14 ubuntu devstack@keystone.service[61664]: DEBUG keystone.common.rbac_enforcer.enforcer [None req-578b8497-6e98-405e-bfeb-d30314d7b722 None admin] RBAC: Authorization granted {{(pid=61664) enforce_call /opt/stack/keystone/keystone/common/rbac_enforcer/enforcer.py:505}}
Jan 16 19:45:14 ubuntu devstack@keystone.service[61665]: WARNING keystone.common.password_hashing [None req-53beb544-ed81-4044-8a29-1003cae32299 None None] Truncating password to algorithm specific maximum length 72 characters.
Jan 16 19:45:14 ubuntu devstack@keystone.service[61664]: [pid: 61664|app: 0|req: 17/32] 10.120.125.138 () {58 vars in 1184 bytes} [Fri Jan 16 19:45:14 2026] GET /identity/v3/roles?name=admin => generated 343 bytes in 96 msecs (HTTP/1.1 200) 5 headers in 177 bytes (2 switches on core 0)
Jan 16 19:45:14 ubuntu devstack@keystone.service[61665]: DEBUG keystone.auth.core [None req-53beb544-ed81-4044-8a29-1003cae32299 None None] MFA Rules not processed for user `e91b014265d744268c9ba979d75a6076`. Rule list: `[]` (Enabled: `True`). {{(pid=61665) check_auth_methods_against_rules /opt/stack/keystone/keystone/auth/core.py:476}}
Jan 16 19:45:14 ubuntu devstack@keystone.service[61665]: DEBUG keystone.common.fernet_utils [None req-53beb544-ed81-4044-8a29-1003cae32299 None None] Loaded 2 Fernet keys from /etc/keystone/fernet-keys/, but `[fernet_tokens] max_active_keys = 3`; perhaps there have not been enough key rotations to reach `max_active_keys` yet? {{(pid=61665) load_keys /opt/stack/keystone/keystone/common/fernet_utils.py:297}}
Jan 16 19:45:15 ubuntu devstack@keystone.service[61665]: [pid: 61665|app: 0|req: 16/33] 10.120.125.138 () {60 vars in 1052 bytes} [Fri Jan 16 19:45:14 2026] POST /identity/v3/auth/tokens => generated 864 bytes in 60 msecs (HTTP/1.1 201) 6 headers in 363 bytes (1 switches on core 0)
Jan 16 19:45:15 ubuntu devstack@keystone.service[61664]: DEBUG keystone.server.flask.request_processing.middleware.auth_context [None req-578b8497-6e98-405e-bfeb-d30314d7b722 None admin] Authenticating user token {{(pid=61664) process_request /opt/stack/data/venv/lib/python3.12/site-packages/keystonemiddleware/auth_token/__init__.py:407}}
Jan 16 19:45:15 ubuntu devstack@keystone.service[61665]: DEBUG keystone.server.flask.request_processing.middleware.auth_context [None req-53beb544-ed81-4044-8a29-1003cae32299 None None] Authenticating user token {{(pid=61665) process_request /opt/stack/data/venv/lib/python3.12/site-packages/keystonemiddleware/auth_token/__init__.py:407}}
Jan 16 19:45:15 ubuntu devstack@keystone.service[61665]: DEBUG keystone.server.flask.request_processing.middleware.auth_context [None req-53beb544-ed81-4044-8a29-1003cae32299 None None] Validating token access rules against request {{(pid=61665) validate_allowed_request /opt/stack/data/venv/lib/python3.12/site-packages/keystonemiddleware/auth_token/__init__.py:545}}
Jan 16 19:45:15 ubuntu devstack@keystone.service[61664]: DEBUG keystone.server.flask.request_processing.middleware.auth_context [None req-578b8497-6e98-405e-bfeb-d30314d7b722 None admin] Validating token access rules against request {{(pid=61664) validate_allowed_request /opt/stack/data/venv/lib/python3.12/site-packages/keystonemiddleware/auth_token/__init__.py:545}}
Jan 16 19:45:15 ubuntu devstack@keystone.service[61665]: DEBUG keystone.server.flask.request_processing.middleware.auth_context [None req-0e852e54-82d1-45fc-ab77-4edd655d188f None admin] RBAC: auth_context: {'token': <TokenModel (audit_id=XMSxRXDUSNWQ-t0C6srdNw, audit_chain_id=['XMSxRXDUSNWQ-t0C6srdNw']) at 0x72c20d18b860>, 'domain_id': None, 'trust_id': None, 'trustor_id': None, 'trustee_id': None, 'domain_name': None, 'group_ids': [], 'user_id': 'e91b014265d744268c9ba979d75a6076', 'user_domain_id': 'default', 'system_scope': 'all', 'project_id': None, 'project_domain_id': None, 'roles': ['admin', 'manager', 'member', 'reader'], 'is_admin_project': True, 'service_user_id': None, 'service_user_domain_id': None, 'service_project_id': None, 'service_project_domain_id': None, 'service_roles': []} {{(pid=61665) fill_context /opt/stack/keystone/keystone/server/flask/request_processing/middleware/auth_context.py:509}}
Jan 16 19:45:15 ubuntu devstack@keystone.service[61665]: DEBUG keystone.server.flask.request_processing.req_logging [None req-0e852e54-82d1-45fc-ab77-4edd655d188f None admin] REQUEST_METHOD: `GET` {{(pid=61665) log_request_info /opt/stack/keystone/keystone/server/flask/request_processing/req_logging.py:26}}
Jan 16 19:45:15 ubuntu devstack@keystone.service[61665]: DEBUG keystone.server.flask.request_processing.req_logging [None req-0e852e54-82d1-45fc-ab77-4edd655d188f None admin] SCRIPT_NAME: `/identity` {{(pid=61665) log_request_info /opt/stack/keystone/keystone/server/flask/request_processing/req_logging.py:27}}
Jan 16 19:45:15 ubuntu devstack@keystone.service[61665]: DEBUG keystone.server.flask.request_processing.req_logging [None req-0e852e54-82d1-45fc-ab77-4edd655d188f None admin] PATH_INFO: `/v3/domains/Default` {{(pid=61665) log_request_info /opt/stack/keystone/keystone/server/flask/request_processing/req_logging.py:28}}
Jan 16 19:45:15 ubuntu devstack@keystone.service[61665]: DEBUG keystone.common.rbac_enforcer.enforcer [None req-0e852e54-82d1-45fc-ab77-4edd655d188f None admin] RBAC: Authorizing `identity:get_domain(domain_id=Default)` {{(pid=61665) enforce_call /opt/stack/keystone/keystone/common/rbac_enforcer/enforcer.py:494}}
Jan 16 19:45:15 ubuntu devstack@keystone.service[61665]: DEBUG keystone.common.rbac_enforcer.enforcer [None req-0e852e54-82d1-45fc-ab77-4edd655d188f None admin] RBAC: Authorization granted {{(pid=61665) enforce_call /opt/stack/keystone/keystone/common/rbac_enforcer/enforcer.py:505}}
Jan 16 19:45:15 ubuntu devstack@keystone.service[61664]: DEBUG keystone.server.flask.request_processing.middleware.auth_context [None req-5f190327-6e6a-448d-9ab8-bd7e64e666f9 None admin] RBAC: auth_context: {'token': <TokenModel (audit_id=espl_8QbSg25F4yjfpBzLw, audit_chain_id=['espl_8QbSg25F4yjfpBzLw']) at 0x72c20d1577d0>, 'domain_id': None, 'trust_id': None, 'trustor_id': None, 'trustee_id': None, 'domain_name': None, 'group_ids': [], 'user_id': 'e91b014265d744268c9ba979d75a6076', 'user_domain_id': 'default', 'system_scope': 'all', 'project_id': None, 'project_domain_id': None, 'roles': ['admin', 'manager', 'member', 'reader'], 'is_admin_project': True, 'service_user_id': None, 'service_user_domain_id': None, 'service_project_id': None, 'service_project_domain_id': None, 'service_roles': []} {{(pid=61664) fill_context /opt/stack/keystone/keystone/server/flask/request_processing/middleware/auth_context.py:509}}
Jan 16 19:45:15 ubuntu devstack@keystone.service[61664]: DEBUG keystone.server.flask.request_processing.req_logging [None req-5f190327-6e6a-448d-9ab8-bd7e64e666f9 None admin] REQUEST_METHOD: `GET` {{(pid=61664) log_request_info /opt/stack/keystone/keystone/server/flask/request_processing/req_logging.py:26}}
Jan 16 19:45:15 ubuntu devstack@keystone.service[61664]: DEBUG keystone.server.flask.request_processing.req_logging [None req-5f190327-6e6a-448d-9ab8-bd7e64e666f9 None admin] SCRIPT_NAME: `/identity` {{(pid=61664) log_request_info /opt/stack/keystone/keystone/server/flask/request_processing/req_logging.py:27}}
Jan 16 19:45:15 ubuntu devstack@keystone.service[61664]: DEBUG keystone.server.flask.request_processing.req_logging [None req-5f190327-6e6a-448d-9ab8-bd7e64e666f9 None admin] PATH_INFO: `/v3/users/e91b014265d744268c9ba979d75a6076` {{(pid=61664) log_request_info /opt/stack/keystone/keystone/server/flask/request_processing/req_logging.py:28}}
Jan 16 19:45:15 ubuntu devstack@keystone.service[61664]: DEBUG keystone.common.rbac_enforcer.enforcer [None req-5f190327-6e6a-448d-9ab8-bd7e64e666f9 None admin] RBAC: Authorizing `identity:get_user(user_id=e91b014265d744268c9ba979d75a6076)` {{(pid=61664) enforce_call /opt/stack/keystone/keystone/common/rbac_enforcer/enforcer.py:494}}
Jan 16 19:45:15 ubuntu devstack@keystone.service[61664]: DEBUG keystone.common.rbac_enforcer.enforcer [None req-5f190327-6e6a-448d-9ab8-bd7e64e666f9 None admin] RBAC: Authorization granted {{(pid=61664) enforce_call /opt/stack/keystone/keystone/common/rbac_enforcer/enforcer.py:505}}
Jan 16 19:45:15 ubuntu devstack@keystone.service[61664]: [pid: 61664|app: 0|req: 18/34] 10.120.125.138 () {58 vars in 1249 bytes} [Fri Jan 16 19:45:15 2026] GET /identity/v3/users/e91b014265d744268c9ba979d75a6076 => generated 249 bytes in 86 msecs (HTTP/1.1 200) 5 headers in 177 bytes (1 switches on core 0)
Jan 16 19:45:15 ubuntu devstack@keystone.service[61664]: DEBUG keystone.server.flask.request_processing.middleware.auth_context [None req-5f190327-6e6a-448d-9ab8-bd7e64e666f9 None admin] Authenticating user token {{(pid=61664) process_request /opt/stack/data/venv/lib/python3.12/site-packages/keystonemiddleware/auth_token/__init__.py:407}}
Jan 16 19:45:15 ubuntu devstack@keystone.service[61665]: DEBUG keystone.server.flask.application [None req-0e852e54-82d1-45fc-ab77-4edd655d188f None admin] Could not find domain: Default. {{(pid=61665) _handle_keystone_exception /opt/stack/keystone/keystone/server/flask/application.py:146}}
Jan 16 19:45:15 ubuntu devstack@keystone.service[61665]: [pid: 61665|app: 0|req: 17/35] 10.120.125.138 () {58 vars in 1137 bytes} [Fri Jan 16 19:45:15 2026] GET /identity/v3/domains/Default => generated 87 bytes in 83 msecs (HTTP/1.1 404) 5 headers in 183 bytes (1 switches on core 0)
Jan 16 19:45:15 ubuntu devstack@keystone.service[61665]: DEBUG keystone.server.flask.request_processing.req_logging [None req-470e39bd-f14a-4936-ba05-58e95d6400f6 None None] REQUEST_METHOD: `GET` {{(pid=61665) log_request_info /opt/stack/keystone/keystone/server/flask/request_processing/req_logging.py:26}}
Jan 16 19:45:15 ubuntu devstack@keystone.service[61665]: DEBUG keystone.server.flask.request_processing.req_logging [None req-470e39bd-f14a-4936-ba05-58e95d6400f6 None None] SCRIPT_NAME: `/identity` {{(pid=61665) log_request_info /opt/stack/keystone/keystone/server/flask/request_processing/req_logging.py:27}}
Jan 16 19:45:15 ubuntu devstack@keystone.service[61665]: DEBUG keystone.server.flask.request_processing.req_logging [None req-470e39bd-f14a-4936-ba05-58e95d6400f6 None None] PATH_INFO: `/` {{(pid=61665) log_request_info /opt/stack/keystone/keystone/server/flask/request_processing/req_logging.py:28}}
Jan 16 19:45:15 ubuntu devstack@keystone.service[61665]: [pid: 61665|app: 0|req: 18/36] 10.120.125.138 () {56 vars in 955 bytes} [Fri Jan 16 19:45:15 2026] GET /identity => generated 272 bytes in 1 msecs (HTTP/1.1 300) 6 headers in 236 bytes (1 switches on core 0)
Jan 16 19:45:15 ubuntu devstack@keystone.service[61664]: DEBUG keystone.server.flask.request_processing.middleware.auth_context [None req-5f190327-6e6a-448d-9ab8-bd7e64e666f9 None admin] Validating token access rules against request {{(pid=61664) validate_allowed_request /opt/stack/data/venv/lib/python3.12/site-packages/keystonemiddleware/auth_token/__init__.py:545}}
Jan 16 19:45:15 ubuntu devstack@keystone.service[61665]: DEBUG keystone.server.flask.request_processing.middleware.auth_context [None req-470e39bd-f14a-4936-ba05-58e95d6400f6 None None] Authenticating user token {{(pid=61665) process_request /opt/stack/data/venv/lib/python3.12/site-packages/keystonemiddleware/auth_token/__init__.py:407}}
Jan 16 19:45:15 ubuntu devstack@keystone.service[61664]: DEBUG keystone.server.flask.request_processing.middleware.auth_context [None req-6a16ec5e-20b5-4adb-a688-fca8c39112a1 None admin] RBAC: auth_context: {'token': <TokenModel (audit_id=TR4uKot9TsSFuEH2V4yB_w, audit_chain_id=['TR4uKot9TsSFuEH2V4yB_w']) at 0x72c20d53ea80>, 'domain_id': None, 'trust_id': None, 'trustor_id': None, 'trustee_id': None, 'domain_name': None, 'group_ids': [], 'user_id': 'e91b014265d744268c9ba979d75a6076', 'user_domain_id': 'default', 'system_scope': 'all', 'project_id': None, 'project_domain_id': None, 'roles': ['admin', 'manager', 'member', 'reader'], 'is_admin_project': True, 'service_user_id': None, 'service_user_domain_id': None, 'service_project_id': None, 'service_project_domain_id': None, 'service_roles': []} {{(pid=61664) fill_context /opt/stack/keystone/keystone/server/flask/request_processing/middleware/auth_context.py:509}}
Jan 16 19:45:15 ubuntu devstack@keystone.service[61664]: DEBUG keystone.server.flask.request_processing.req_logging [None req-6a16ec5e-20b5-4adb-a688-fca8c39112a1 None admin] REQUEST_METHOD: `POST` {{(pid=61664) log_request_info /opt/stack/keystone/keystone/server/flask/request_processing/req_logging.py:26}}
Jan 16 19:45:15 ubuntu devstack@keystone.service[61664]: DEBUG keystone.server.flask.request_processing.req_logging [None req-6a16ec5e-20b5-4adb-a688-fca8c39112a1 None admin] SCRIPT_NAME: `/identity` {{(pid=61664) log_request_info /opt/stack/keystone/keystone/server/flask/request_processing/req_logging.py:27}}
Jan 16 19:45:15 ubuntu devstack@keystone.service[61664]: DEBUG keystone.server.flask.request_processing.req_logging [None req-6a16ec5e-20b5-4adb-a688-fca8c39112a1 None admin] PATH_INFO: `/v3/roles` {{(pid=61664) log_request_info /opt/stack/keystone/keystone/server/flask/request_processing/req_logging.py:28}}
Jan 16 19:45:15 ubuntu devstack@keystone.service[61664]: DEBUG keystone.common.rbac_enforcer.enforcer [None req-6a16ec5e-20b5-4adb-a688-fca8c39112a1 None admin] RBAC: Authorizing `identity:create_role()` {{(pid=61664) enforce_call /opt/stack/keystone/keystone/common/rbac_enforcer/enforcer.py:494}}
Jan 16 19:45:15 ubuntu devstack@keystone.service[61664]: DEBUG keystone.common.rbac_enforcer.enforcer [None req-6a16ec5e-20b5-4adb-a688-fca8c39112a1 None admin] RBAC: Authorization granted {{(pid=61664) enforce_call /opt/stack/keystone/keystone/common/rbac_enforcer/enforcer.py:505}}
Jan 16 19:45:15 ubuntu devstack@keystone.service[61664]: DEBUG keystone.common.sql.core [None req-6a16ec5e-20b5-4adb-a688-fca8c39112a1 None admin] Conflict role: (pymysql.err.IntegrityError) (1062, "Duplicate entry 'service-<<null>>' for key 'role.ixu_role_name_domain_id'")
Jan 16 19:45:15 ubuntu devstack@keystone.service[61664]: [SQL: INSERT INTO `role` (id, name, description, extra) VALUES (%(id)s, %(name)s, %(description)s, %(extra)s)]
Jan 16 19:45:15 ubuntu devstack@keystone.service[61664]: [parameters: {'id': '5ed988d5bc944f399274e943e232db71', 'name': 'service', 'description': None, 'extra': '{}'}]
Jan 16 19:45:15 ubuntu devstack@keystone.service[61664]: (Background on this error at: https://sqlalche.me/e/20/gkpj) {{(pid=61664) wrapper /opt/stack/keystone/keystone/common/sql/core.py:580}}
Jan 16 19:45:15 ubuntu devstack@keystone.service[61665]: DEBUG keystone.server.flask.request_processing.middleware.auth_context [None req-470e39bd-f14a-4936-ba05-58e95d6400f6 None None] Validating token access rules against request {{(pid=61665) validate_allowed_request /opt/stack/data/venv/lib/python3.12/site-packages/keystonemiddleware/auth_token/__init__.py:545}}
Jan 16 19:45:15 ubuntu devstack@keystone.service[61664]: ERROR keystone.server.flask.application [None req-6a16ec5e-20b5-4adb-a688-fca8c39112a1 None admin] Conflict occurred attempting to store role - Duplicate entry found with name service.: keystone.exception.Conflict: Conflict occurred attempting to store role - Duplicate entry found with name service.
Jan 16 19:45:15 ubuntu devstack@keystone.service[61664]: ERROR keystone.server.flask.application Traceback (most recent call last):
Jan 16 19:45:15 ubuntu devstack@keystone.service[61664]: ERROR keystone.server.flask.application   File "/opt/stack/data/venv/lib/python3.12/site-packages/sqlalchemy/engine/base.py", line 1967, in _exec_single_context
Jan 16 19:45:15 ubuntu devstack@keystone.service[61664]: ERROR keystone.server.flask.application     self.dialect.do_execute(
Jan 16 19:45:15 ubuntu devstack@keystone.service[61664]: ERROR keystone.server.flask.application   File "/opt/stack/data/venv/lib/python3.12/site-packages/sqlalchemy/engine/default.py", line 951, in do_execute
Jan 16 19:45:15 ubuntu devstack@keystone.service[61664]: ERROR keystone.server.flask.application     cursor.execute(statement, parameters)
Jan 16 19:45:15 ubuntu devstack@keystone.service[61664]: ERROR keystone.server.flask.application   File "/opt/stack/data/venv/lib/python3.12/site-packages/pymysql/cursors.py", line 153, in execute
Jan 16 19:45:15 ubuntu devstack@keystone.service[61664]: ERROR keystone.server.flask.application     result = self._query(query)
Jan 16 19:45:15 ubuntu devstack@keystone.service[61664]: ERROR keystone.server.flask.application              ^^^^^^^^^^^^^^^^^^
Jan 16 19:45:15 ubuntu devstack@keystone.service[61664]: ERROR keystone.server.flask.application   File "/opt/stack/data/venv/lib/python3.12/site-packages/pymysql/cursors.py", line 322, in _query
Jan 16 19:45:15 ubuntu devstack@keystone.service[61664]: ERROR keystone.server.flask.application     conn.query(q)
Jan 16 19:45:15 ubuntu devstack@keystone.service[61664]: ERROR keystone.server.flask.application   File "/opt/stack/data/venv/lib/python3.12/site-packages/pymysql/connections.py", line 575, in query
Jan 16 19:45:15 ubuntu devstack@keystone.service[61664]: ERROR keystone.server.flask.application     self._affected_rows = self._read_query_result(unbuffered=unbuffered)
Jan 16 19:45:15 ubuntu devstack@keystone.service[61664]: ERROR keystone.server.flask.application                           ^^^^^^^^^^^^^^^^^^^^^^^^^^^^^^^^^^^^^^^^^^^^^^
Jan 16 19:45:15 ubuntu devstack@keystone.service[61664]: ERROR keystone.server.flask.application   File "/opt/stack/data/venv/lib/python3.12/site-packages/pymysql/connections.py", line 826, in _read_query_result
Jan 16 19:45:15 ubuntu devstack@keystone.service[61664]: ERROR keystone.server.flask.application     result.read()
Jan 16 19:45:15 ubuntu devstack@keystone.service[61664]: ERROR keystone.server.flask.application   File "/opt/stack/data/venv/lib/python3.12/site-packages/pymysql/connections.py", line 1203, in read
Jan 16 19:45:15 ubuntu devstack@keystone.service[61664]: ERROR keystone.server.flask.application     first_packet = self.connection._read_packet()
Jan 16 19:45:15 ubuntu devstack@keystone.service[61664]: ERROR keystone.server.flask.application                    ^^^^^^^^^^^^^^^^^^^^^^^^^^^^^^
Jan 16 19:45:15 ubuntu devstack@keystone.service[61664]: ERROR keystone.server.flask.application   File "/opt/stack/data/venv/lib/python3.12/site-packages/pymysql/connections.py", line 782, in _read_packet
Jan 16 19:45:15 ubuntu devstack@keystone.service[61664]: ERROR keystone.server.flask.application     packet.raise_for_error()
Jan 16 19:45:15 ubuntu devstack@keystone.service[61664]: ERROR keystone.server.flask.application   File "/opt/stack/data/venv/lib/python3.12/site-packages/pymysql/protocol.py", line 219, in raise_for_error
Jan 16 19:45:15 ubuntu devstack@keystone.service[61664]: ERROR keystone.server.flask.application     err.raise_mysql_exception(self._data)
Jan 16 19:45:15 ubuntu devstack@keystone.service[61664]: ERROR keystone.server.flask.application   File "/opt/stack/data/venv/lib/python3.12/site-packages/pymysql/err.py", line 150, in raise_mysql_exception
Jan 16 19:45:15 ubuntu devstack@keystone.service[61664]: ERROR keystone.server.flask.application     raise errorclass(errno, errval)
Jan 16 19:45:15 ubuntu devstack@keystone.service[61664]: ERROR keystone.server.flask.application pymysql.err.IntegrityError: (1062, "Duplicate entry 'service-<<null>>' for key 'role.ixu_role_name_domain_id'")
Jan 16 19:45:15 ubuntu devstack@keystone.service[61664]: ERROR keystone.server.flask.application 
Jan 16 19:45:15 ubuntu devstack@keystone.service[61664]: ERROR keystone.server.flask.application The above exception was the direct cause of the following exception:
Jan 16 19:45:15 ubuntu devstack@keystone.service[61664]: ERROR keystone.server.flask.application 
Jan 16 19:45:15 ubuntu devstack@keystone.service[61664]: ERROR keystone.server.flask.application Traceback (most recent call last):
Jan 16 19:45:15 ubuntu devstack@keystone.service[61664]: ERROR keystone.server.flask.application   File "/opt/stack/keystone/keystone/common/sql/core.py", line 575, in wrapper
Jan 16 19:45:15 ubuntu devstack@keystone.service[61664]: ERROR keystone.server.flask.application     return method(*args, **kwargs)
Jan 16 19:45:15 ubuntu devstack@keystone.service[61664]: ERROR keystone.server.flask.application            ^^^^^^^^^^^^^^^^^^^^^^^
Jan 16 19:45:15 ubuntu devstack@keystone.service[61664]: ERROR keystone.server.flask.application   File "/opt/stack/keystone/keystone/assignment/role_backends/sql.py", line 25, in create_role
Jan 16 19:45:15 ubuntu devstack@keystone.service[61664]: ERROR keystone.server.flask.application     with sql.session_for_write() as session:
Jan 16 19:45:15 ubuntu devstack@keystone.service[61664]: ERROR keystone.server.flask.application   File "/usr/lib/python3.12/contextlib.py", line 144, in __exit__
Jan 16 19:45:15 ubuntu devstack@keystone.service[61664]: ERROR keystone.server.flask.application     next(self.gen)
Jan 16 19:45:15 ubuntu devstack@keystone.service[61664]: ERROR keystone.server.flask.application   File "/opt/stack/data/venv/lib/python3.12/site-packages/oslo_db/sqlalchemy/enginefacade.py", line 1199, in _transaction_scope
Jan 16 19:45:15 ubuntu devstack@keystone.service[61664]: ERROR keystone.server.flask.application     with current._produce_block(
Jan 16 19:45:15 ubuntu devstack@keystone.service[61664]: ERROR keystone.server.flask.application   File "/usr/lib/python3.12/contextlib.py", line 144, in __exit__
Jan 16 19:45:15 ubuntu devstack@keystone.service[61664]: ERROR keystone.server.flask.application     next(self.gen)
Jan 16 19:45:15 ubuntu devstack@keystone.service[61664]: ERROR keystone.server.flask.application   File "/opt/stack/data/venv/lib/python3.12/site-packages/oslo_db/sqlalchemy/enginefacade.py", line 850, in _session
Jan 16 19:45:15 ubuntu devstack@keystone.service[61664]: ERROR keystone.server.flask.application     with excutils.save_and_reraise_exception():
Jan 16 19:45:15 ubuntu devstack@keystone.service[61664]: ERROR keystone.server.flask.application   File "/opt/stack/data/venv/lib/python3.12/site-packages/oslo_utils/excutils.py", line 256, in __exit__
Jan 16 19:45:15 ubuntu devstack@keystone.service[61664]: ERROR keystone.server.flask.application     self.force_reraise()
Jan 16 19:45:15 ubuntu devstack@keystone.service[61664]: ERROR keystone.server.flask.application   File "/opt/stack/data/venv/lib/python3.12/site-packages/oslo_utils/excutils.py", line 222, in force_reraise
Jan 16 19:45:15 ubuntu devstack@keystone.service[61664]: ERROR keystone.server.flask.application     raise self.value
Jan 16 19:45:15 ubuntu devstack@keystone.service[61664]: ERROR keystone.server.flask.application   File "/opt/stack/data/venv/lib/python3.12/site-packages/oslo_db/sqlalchemy/enginefacade.py", line 848, in _session
Jan 16 19:45:15 ubuntu devstack@keystone.service[61664]: ERROR keystone.server.flask.application     self._end_session_transaction(self.session)
Jan 16 19:45:15 ubuntu devstack@keystone.service[61664]: ERROR keystone.server.flask.application   File "/opt/stack/data/venv/lib/python3.12/site-packages/oslo_db/sqlalchemy/enginefacade.py", line 761, in _end_session_transaction
Jan 16 19:45:15 ubuntu devstack@keystone.service[61664]: ERROR keystone.server.flask.application     session.commit()
Jan 16 19:45:15 ubuntu devstack@keystone.service[61664]: ERROR keystone.server.flask.application   File "/opt/stack/data/venv/lib/python3.12/site-packages/sqlalchemy/orm/session.py", line 2030, in commit
Jan 16 19:45:15 ubuntu devstack@keystone.service[61664]: ERROR keystone.server.flask.application     trans.commit(_to_root=True)
Jan 16 19:45:15 ubuntu devstack@keystone.service[61664]: ERROR keystone.server.flask.application   File "<string>", line 2, in commit
Jan 16 19:45:15 ubuntu devstack@keystone.service[61664]: ERROR keystone.server.flask.application   File "/opt/stack/data/venv/lib/python3.12/site-packages/sqlalchemy/orm/state_changes.py", line 137, in _go
Jan 16 19:45:15 ubuntu devstack@keystone.service[61664]: ERROR keystone.server.flask.application     ret_value = fn(self, *arg, **kw)
Jan 16 19:45:15 ubuntu devstack@keystone.service[61664]: ERROR keystone.server.flask.application                 ^^^^^^^^^^^^^^^^^^^^
Jan 16 19:45:15 ubuntu devstack@keystone.service[61664]: ERROR keystone.server.flask.application   File "/opt/stack/data/venv/lib/python3.12/site-packages/sqlalchemy/orm/session.py", line 1311, in commit
Jan 16 19:45:15 ubuntu devstack@keystone.service[61664]: ERROR keystone.server.flask.application     self._prepare_impl()
Jan 16 19:45:15 ubuntu devstack@keystone.service[61664]: ERROR keystone.server.flask.application   File "<string>", line 2, in _prepare_impl
Jan 16 19:45:15 ubuntu devstack@keystone.service[61664]: ERROR keystone.server.flask.application   File "/opt/stack/data/venv/lib/python3.12/site-packages/sqlalchemy/orm/state_changes.py", line 137, in _go
Jan 16 19:45:15 ubuntu devstack@keystone.service[61664]: ERROR keystone.server.flask.application     ret_value = fn(self, *arg, **kw)
Jan 16 19:45:15 ubuntu devstack@keystone.service[61664]: ERROR keystone.server.flask.application                 ^^^^^^^^^^^^^^^^^^^^
Jan 16 19:45:15 ubuntu devstack@keystone.service[61664]: ERROR keystone.server.flask.application   File "/opt/stack/data/venv/lib/python3.12/site-packages/sqlalchemy/orm/session.py", line 1286, in _prepare_impl
Jan 16 19:45:15 ubuntu devstack@keystone.service[61664]: ERROR keystone.server.flask.application     self.session.flush()
Jan 16 19:45:15 ubuntu devstack@keystone.service[61664]: ERROR keystone.server.flask.application   File "/opt/stack/data/venv/lib/python3.12/site-packages/sqlalchemy/orm/session.py", line 4331, in flush
Jan 16 19:45:15 ubuntu devstack@keystone.service[61664]: ERROR keystone.server.flask.application     self._flush(objects)
Jan 16 19:45:15 ubuntu devstack@keystone.service[61664]: ERROR keystone.server.flask.application   File "/opt/stack/data/venv/lib/python3.12/site-packages/sqlalchemy/orm/session.py", line 4466, in _flush
Jan 16 19:45:15 ubuntu devstack@keystone.service[61664]: ERROR keystone.server.flask.application     with util.safe_reraise():
Jan 16 19:45:15 ubuntu devstack@keystone.service[61664]: ERROR keystone.server.flask.application   File "/opt/stack/data/venv/lib/python3.12/site-packages/sqlalchemy/util/langhelpers.py", line 224, in __exit__
