Jan 12 20:39:21 ubuntu devstack@c-api.service[105737]: WARNING castellan.key_manager [None req-7e5ab5c7-c6f9-4233-8083-1a3c368c76a0 None None] Deprecation Warning : cinder.keymgr.conf_key_mgr.ConfKeyManager is not a stevedore based driver, trying to load it as a class: stevedore.exception.NoMatches: No 'castellan.drivers' driver found, looking for 'cinder.keymgr.conf_key_mgr.ConfKeyManager'
Jan 12 20:39:21 ubuntu devstack@c-api.service[105737]: DEBUG cinder.api.contrib.snapshot_actions [None req-7e5ab5c7-c6f9-4233-8083-1a3c368c76a0 None None] SnapshotActionsController initialized {{(pid=105737) __init__ /opt/stack/cinder/cinder/api/contrib/snapshot_actions.py:33}}
Jan 12 20:39:21 ubuntu devstack@c-api.service[105735]: DEBUG cinder.api.v3.router [None req-be9906a9-8f6e-4f88-affb-57e7c25d0cca None None] Extended resource: os-snapshot-manage {{(pid=105735) _setup_ext_routes /opt/stack/cinder/cinder/api/v3/router.py:122}}
Jan 12 20:39:21 ubuntu devstack@c-api.service[105737]: WARNING stevedore.named [None req-7e5ab5c7-c6f9-4233-8083-1a3c368c76a0 None None] Could not load cinder.keymgr.conf_key_mgr.ConfKeyManager
Jan 12 20:39:21 ubuntu devstack@c-api.service[105737]: WARNING castellan.key_manager [None req-7e5ab5c7-c6f9-4233-8083-1a3c368c76a0 None None] Deprecation Warning : cinder.keymgr.conf_key_mgr.ConfKeyManager is not a stevedore based driver, trying to load it as a class: stevedore.exception.NoMatches: No 'castellan.drivers' driver found, looking for 'cinder.keymgr.conf_key_mgr.ConfKeyManager'
Jan 12 20:39:21 ubuntu devstack@c-api.service[105737]: WARNING stevedore.named [None req-7e5ab5c7-c6f9-4233-8083-1a3c368c76a0 None None] Could not load cinder.keymgr.conf_key_mgr.ConfKeyManager
Jan 12 20:39:21 ubuntu devstack@c-api.service[105737]: WARNING castellan.key_manager [None req-7e5ab5c7-c6f9-4233-8083-1a3c368c76a0 None None] Deprecation Warning : cinder.keymgr.conf_key_mgr.ConfKeyManager is not a stevedore based driver, trying to load it as a class: stevedore.exception.NoMatches: No 'castellan.drivers' driver found, looking for 'cinder.keymgr.conf_key_mgr.ConfKeyManager'
Jan 12 20:39:21 ubuntu devstack@c-api.service[105735]: DEBUG cinder.api.v3.router [None req-be9906a9-8f6e-4f88-affb-57e7c25d0cca None None] Extended resource: os-hosts {{(pid=105735) _setup_ext_routes /opt/stack/cinder/cinder/api/v3/router.py:122}}
Jan 12 20:39:21 ubuntu devstack@c-api.service[105737]: WARNING stevedore.named [None req-7e5ab5c7-c6f9-4233-8083-1a3c368c76a0 None None] Could not load cinder.keymgr.conf_key_mgr.ConfKeyManager
Jan 12 20:39:21 ubuntu devstack@c-api.service[105737]: WARNING castellan.key_manager [None req-7e5ab5c7-c6f9-4233-8083-1a3c368c76a0 None None] Deprecation Warning : cinder.keymgr.conf_key_mgr.ConfKeyManager is not a stevedore based driver, trying to load it as a class: stevedore.exception.NoMatches: No 'castellan.drivers' driver found, looking for 'cinder.keymgr.conf_key_mgr.ConfKeyManager'
Jan 12 20:39:21 ubuntu devstack@c-api.service[105737]: WARNING stevedore.named [None req-7e5ab5c7-c6f9-4233-8083-1a3c368c76a0 None None] Could not load cinder.keymgr.conf_key_mgr.ConfKeyManager
Jan 12 20:39:21 ubuntu devstack@c-api.service[105737]: WARNING castellan.key_manager [None req-7e5ab5c7-c6f9-4233-8083-1a3c368c76a0 None None] Deprecation Warning : cinder.keymgr.conf_key_mgr.ConfKeyManager is not a stevedore based driver, trying to load it as a class: stevedore.exception.NoMatches: No 'castellan.drivers' driver found, looking for 'cinder.keymgr.conf_key_mgr.ConfKeyManager'
Jan 12 20:39:21 ubuntu devstack@c-api.service[105735]: WARNING stevedore.named [None req-be9906a9-8f6e-4f88-affb-57e7c25d0cca None None] Could not load cinder.keymgr.conf_key_mgr.ConfKeyManager
Jan 12 20:39:21 ubuntu devstack@c-api.service[105735]: WARNING castellan.key_manager [None req-be9906a9-8f6e-4f88-affb-57e7c25d0cca None None] Deprecation Warning : cinder.keymgr.conf_key_mgr.ConfKeyManager is not a stevedore based driver, trying to load it as a class: stevedore.exception.NoMatches: No 'castellan.drivers' driver found, looking for 'cinder.keymgr.conf_key_mgr.ConfKeyManager'
Jan 12 20:39:21 ubuntu devstack@c-api.service[105737]: WARNING stevedore.named [None req-7e5ab5c7-c6f9-4233-8083-1a3c368c76a0 None None] Could not load cinder.keymgr.conf_key_mgr.ConfKeyManager
Jan 12 20:39:21 ubuntu devstack@c-api.service[105737]: WARNING castellan.key_manager [None req-7e5ab5c7-c6f9-4233-8083-1a3c368c76a0 None None] Deprecation Warning : cinder.keymgr.conf_key_mgr.ConfKeyManager is not a stevedore based driver, trying to load it as a class: stevedore.exception.NoMatches: No 'castellan.drivers' driver found, looking for 'cinder.keymgr.conf_key_mgr.ConfKeyManager'
Jan 12 20:39:21 ubuntu devstack@c-api.service[105735]: DEBUG cinder.api.contrib.snapshot_actions [None req-be9906a9-8f6e-4f88-affb-57e7c25d0cca None None] SnapshotActionsController initialized {{(pid=105735) __init__ /opt/stack/cinder/cinder/api/contrib/snapshot_actions.py:33}}
Jan 12 20:39:21 ubuntu devstack@c-api.service[105735]: WARNING stevedore.named [None req-be9906a9-8f6e-4f88-affb-57e7c25d0cca None None] Could not load cinder.keymgr.conf_key_mgr.ConfKeyManager
Jan 12 20:39:21 ubuntu devstack@c-api.service[105735]: WARNING castellan.key_manager [None req-be9906a9-8f6e-4f88-affb-57e7c25d0cca None None] Deprecation Warning : cinder.keymgr.conf_key_mgr.ConfKeyManager is not a stevedore based driver, trying to load it as a class: stevedore.exception.NoMatches: No 'castellan.drivers' driver found, looking for 'cinder.keymgr.conf_key_mgr.ConfKeyManager'
Jan 12 20:39:21 ubuntu devstack@c-api.service[105737]: WARNING stevedore.named [None req-7e5ab5c7-c6f9-4233-8083-1a3c368c76a0 None None] Could not load cinder.keymgr.conf_key_mgr.ConfKeyManager
Jan 12 20:39:21 ubuntu devstack@c-api.service[105737]: WARNING castellan.key_manager [None req-7e5ab5c7-c6f9-4233-8083-1a3c368c76a0 None None] Deprecation Warning : cinder.keymgr.conf_key_mgr.ConfKeyManager is not a stevedore based driver, trying to load it as a class: stevedore.exception.NoMatches: No 'castellan.drivers' driver found, looking for 'cinder.keymgr.conf_key_mgr.ConfKeyManager'
Jan 12 20:39:21 ubuntu devstack@c-api.service[105735]: WARNING stevedore.named [None req-be9906a9-8f6e-4f88-affb-57e7c25d0cca None None] Could not load cinder.keymgr.conf_key_mgr.ConfKeyManager
Jan 12 20:39:21 ubuntu devstack@c-api.service[105735]: WARNING castellan.key_manager [None req-be9906a9-8f6e-4f88-affb-57e7c25d0cca None None] Deprecation Warning : cinder.keymgr.conf_key_mgr.ConfKeyManager is not a stevedore based driver, trying to load it as a class: stevedore.exception.NoMatches: No 'castellan.drivers' driver found, looking for 'cinder.keymgr.conf_key_mgr.ConfKeyManager'
Jan 12 20:39:21 ubuntu devstack@c-api.service[105737]: DEBUG cinder.api.v3.router [None req-7e5ab5c7-c6f9-4233-8083-1a3c368c76a0 None None] Extension VolumeImageMetadata extending resource: volumes {{(pid=105737) _setup_extensions /opt/stack/cinder/cinder/api/v3/router.py:155}}
Jan 12 20:39:21 ubuntu devstack@c-api.service[105737]: DEBUG cinder.api.v3.router [None req-7e5ab5c7-c6f9-4233-8083-1a3c368c76a0 None None] Extension SnapshotActions extending resource: snapshots {{(pid=105737) _setup_extensions /opt/stack/cinder/cinder/api/v3/router.py:155}}
Jan 12 20:39:21 ubuntu devstack@c-api.service[105737]: DEBUG cinder.api.v3.router [None req-7e5ab5c7-c6f9-4233-8083-1a3c368c76a0 None None] Extension VolumeUnmanage extending resource: volumes {{(pid=105737) _setup_extensions /opt/stack/cinder/cinder/api/v3/router.py:155}}
Jan 12 20:39:21 ubuntu devstack@c-api.service[105737]: DEBUG cinder.api.v3.router [None req-7e5ab5c7-c6f9-4233-8083-1a3c368c76a0 None None] Extension ExtendedSnapshotAttributes extending resource: snapshots {{(pid=105737) _setup_extensions /opt/stack/cinder/cinder/api/v3/router.py:155}}
Jan 12 20:39:21 ubuntu devstack@c-api.service[105735]: WARNING stevedore.named [None req-be9906a9-8f6e-4f88-affb-57e7c25d0cca None None] Could not load cinder.keymgr.conf_key_mgr.ConfKeyManager
Jan 12 20:39:21 ubuntu devstack@c-api.service[105737]: DEBUG cinder.api.v3.router [None req-7e5ab5c7-c6f9-4233-8083-1a3c368c76a0 None None] Extension VolumeActions extending resource: volumes {{(pid=105737) _setup_extensions /opt/stack/cinder/cinder/api/v3/router.py:155}}
Jan 12 20:39:21 ubuntu devstack@c-api.service[105735]: WARNING castellan.key_manager [None req-be9906a9-8f6e-4f88-affb-57e7c25d0cca None None] Deprecation Warning : cinder.keymgr.conf_key_mgr.ConfKeyManager is not a stevedore based driver, trying to load it as a class: stevedore.exception.NoMatches: No 'castellan.drivers' driver found, looking for 'cinder.keymgr.conf_key_mgr.ConfKeyManager'
Jan 12 20:39:21 ubuntu devstack@c-api.service[105737]: DEBUG cinder.api.v3.router [None req-7e5ab5c7-c6f9-4233-8083-1a3c368c76a0 None None] Extension VolumeTypeAccess extending resource: types {{(pid=105737) _setup_extensions /opt/stack/cinder/cinder/api/v3/router.py:155}}
Jan 12 20:39:21 ubuntu devstack@c-api.service[105737]: DEBUG cinder.api.v3.router [None req-7e5ab5c7-c6f9-4233-8083-1a3c368c76a0 None None] Extension SnapshotUnmanage extending resource: snapshots {{(pid=105737) _setup_extensions /opt/stack/cinder/cinder/api/v3/router.py:155}}
Jan 12 20:39:21 ubuntu devstack@c-api.service[105737]: DEBUG cinder.api.v3.router [None req-7e5ab5c7-c6f9-4233-8083-1a3c368c76a0 None None] Extension VolumeHostAttribute extending resource: volumes {{(pid=105737) _setup_extensions /opt/stack/cinder/cinder/api/v3/router.py:155}}
Jan 12 20:39:21 ubuntu devstack@c-api.service[105737]: DEBUG cinder.api.v3.router [None req-7e5ab5c7-c6f9-4233-8083-1a3c368c76a0 None None] Extension VolumeTenantAttribute extending resource: volumes {{(pid=105737) _setup_extensions /opt/stack/cinder/cinder/api/v3/router.py:155}}
Jan 12 20:39:21 ubuntu devstack@c-api.service[105737]: DEBUG cinder.api.v3.router [None req-7e5ab5c7-c6f9-4233-8083-1a3c368c76a0 None None] Extension VolumeMigStatusAttribute extending resource: volumes {{(pid=105737) _setup_extensions /opt/stack/cinder/cinder/api/v3/router.py:155}}
Jan 12 20:39:21 ubuntu devstack@c-api.service[105737]: DEBUG cinder.api.v3.router [None req-7e5ab5c7-c6f9-4233-8083-1a3c368c76a0 None None] Extension VolumeTypeEncryption extending resource: types {{(pid=105737) _setup_extensions /opt/stack/cinder/cinder/api/v3/router.py:155}}
Jan 12 20:39:21 ubuntu devstack@c-api.service[105737]: DEBUG cinder.api.v3.router [None req-7e5ab5c7-c6f9-4233-8083-1a3c368c76a0 None None] Extension AdminActions extending resource: volumes {{(pid=105737) _setup_extensions /opt/stack/cinder/cinder/api/v3/router.py:155}}
Jan 12 20:39:21 ubuntu devstack@c-api.service[105735]: WARNING stevedore.named [None req-be9906a9-8f6e-4f88-affb-57e7c25d0cca None None] Could not load cinder.keymgr.conf_key_mgr.ConfKeyManager
Jan 12 20:39:21 ubuntu devstack@c-api.service[105737]: DEBUG cinder.api.v3.router [None req-7e5ab5c7-c6f9-4233-8083-1a3c368c76a0 None None] Extension AdminActions extending resource: snapshots {{(pid=105737) _setup_extensions /opt/stack/cinder/cinder/api/v3/router.py:155}}
Jan 12 20:39:21 ubuntu devstack@c-api.service[105735]: WARNING castellan.key_manager [None req-be9906a9-8f6e-4f88-affb-57e7c25d0cca None None] Deprecation Warning : cinder.keymgr.conf_key_mgr.ConfKeyManager is not a stevedore based driver, trying to load it as a class: stevedore.exception.NoMatches: No 'castellan.drivers' driver found, looking for 'cinder.keymgr.conf_key_mgr.ConfKeyManager'
Jan 12 20:39:21 ubuntu devstack@c-api.service[105737]: DEBUG cinder.api.v3.router [None req-7e5ab5c7-c6f9-4233-8083-1a3c368c76a0 None None] Extension AdminActions extending resource: backups {{(pid=105737) _setup_extensions /opt/stack/cinder/cinder/api/v3/router.py:155}}
Jan 12 20:39:21 ubuntu devstack@c-api.service[105737]: DEBUG cinder.api.v3.router [None req-7e5ab5c7-c6f9-4233-8083-1a3c368c76a0 None None] Extension TypesManage extending resource: types {{(pid=105737) _setup_extensions /opt/stack/cinder/cinder/api/v3/router.py:155}}
Jan 12 20:39:21 ubuntu devstack@c-api.service[105737]: DEBUG cinder.api.v3.router [None req-7e5ab5c7-c6f9-4233-8083-1a3c368c76a0 None None] Extension UsedLimits extending resource: limits {{(pid=105737) _setup_extensions /opt/stack/cinder/cinder/api/v3/router.py:155}}
Jan 12 20:39:21 ubuntu devstack@c-api.service[105735]: WARNING stevedore.named [None req-be9906a9-8f6e-4f88-affb-57e7c25d0cca None None] Could not load cinder.keymgr.conf_key_mgr.ConfKeyManager
Jan 12 20:39:21 ubuntu devstack@c-api.service[105735]: WARNING castellan.key_manager [None req-be9906a9-8f6e-4f88-affb-57e7c25d0cca None None] Deprecation Warning : cinder.keymgr.conf_key_mgr.ConfKeyManager is not a stevedore based driver, trying to load it as a class: stevedore.exception.NoMatches: No 'castellan.drivers' driver found, looking for 'cinder.keymgr.conf_key_mgr.ConfKeyManager'
Jan 12 20:39:21 ubuntu devstack@c-api.service[105735]: WARNING stevedore.named [None req-be9906a9-8f6e-4f88-affb-57e7c25d0cca None None] Could not load cinder.keymgr.conf_key_mgr.ConfKeyManager
Jan 12 20:39:21 ubuntu devstack@c-api.service[105735]: WARNING castellan.key_manager [None req-be9906a9-8f6e-4f88-affb-57e7c25d0cca None None] Deprecation Warning : cinder.keymgr.conf_key_mgr.ConfKeyManager is not a stevedore based driver, trying to load it as a class: stevedore.exception.NoMatches: No 'castellan.drivers' driver found, looking for 'cinder.keymgr.conf_key_mgr.ConfKeyManager'
Jan 12 20:39:21 ubuntu devstack@c-api.service[105735]: DEBUG cinder.api.v3.router [None req-be9906a9-8f6e-4f88-affb-57e7c25d0cca None None] Extension VolumeImageMetadata extending resource: volumes {{(pid=105735) _setup_extensions /opt/stack/cinder/cinder/api/v3/router.py:155}}
Jan 12 20:39:21 ubuntu devstack@c-api.service[105737]: WARNING keystonemiddleware.auth_token [None req-7e5ab5c7-c6f9-4233-8083-1a3c368c76a0 None None] AuthToken middleware is set with keystone_authtoken.service_token_roles_required set to False. This is backwards compatible but deprecated behaviour. Please set this to True.
Jan 12 20:39:21 ubuntu devstack@c-api.service[105735]: DEBUG cinder.api.v3.router [None req-be9906a9-8f6e-4f88-affb-57e7c25d0cca None None] Extension SnapshotActions extending resource: snapshots {{(pid=105735) _setup_extensions /opt/stack/cinder/cinder/api/v3/router.py:155}}
Jan 12 20:39:21 ubuntu devstack@c-api.service[105735]: DEBUG cinder.api.v3.router [None req-be9906a9-8f6e-4f88-affb-57e7c25d0cca None None] Extension VolumeUnmanage extending resource: volumes {{(pid=105735) _setup_extensions /opt/stack/cinder/cinder/api/v3/router.py:155}}
Jan 12 20:39:21 ubuntu devstack@c-api.service[105735]: DEBUG cinder.api.v3.router [None req-be9906a9-8f6e-4f88-affb-57e7c25d0cca None None] Extension ExtendedSnapshotAttributes extending resource: snapshots {{(pid=105735) _setup_extensions /opt/stack/cinder/cinder/api/v3/router.py:155}}
Jan 12 20:39:21 ubuntu devstack@c-api.service[105735]: DEBUG cinder.api.v3.router [None req-be9906a9-8f6e-4f88-affb-57e7c25d0cca None None] Extension VolumeActions extending resource: volumes {{(pid=105735) _setup_extensions /opt/stack/cinder/cinder/api/v3/router.py:155}}
Jan 12 20:39:21 ubuntu devstack@c-api.service[105735]: DEBUG cinder.api.v3.router [None req-be9906a9-8f6e-4f88-affb-57e7c25d0cca None None] Extension VolumeTypeAccess extending resource: types {{(pid=105735) _setup_extensions /opt/stack/cinder/cinder/api/v3/router.py:155}}
Jan 12 20:39:21 ubuntu devstack@c-api.service[105735]: DEBUG cinder.api.v3.router [None req-be9906a9-8f6e-4f88-affb-57e7c25d0cca None None] Extension SnapshotUnmanage extending resource: snapshots {{(pid=105735) _setup_extensions /opt/stack/cinder/cinder/api/v3/router.py:155}}
Jan 12 20:39:21 ubuntu devstack@c-api.service[105735]: DEBUG cinder.api.v3.router [None req-be9906a9-8f6e-4f88-affb-57e7c25d0cca None None] Extension VolumeHostAttribute extending resource: volumes {{(pid=105735) _setup_extensions /opt/stack/cinder/cinder/api/v3/router.py:155}}
Jan 12 20:39:21 ubuntu devstack@c-api.service[105735]: DEBUG cinder.api.v3.router [None req-be9906a9-8f6e-4f88-affb-57e7c25d0cca None None] Extension VolumeTenantAttribute extending resource: volumes {{(pid=105735) _setup_extensions /opt/stack/cinder/cinder/api/v3/router.py:155}}
Jan 12 20:39:21 ubuntu devstack@c-api.service[105735]: DEBUG cinder.api.v3.router [None req-be9906a9-8f6e-4f88-affb-57e7c25d0cca None None] Extension VolumeMigStatusAttribute extending resource: volumes {{(pid=105735) _setup_extensions /opt/stack/cinder/cinder/api/v3/router.py:155}}
Jan 12 20:39:21 ubuntu devstack@c-api.service[105735]: DEBUG cinder.api.v3.router [None req-be9906a9-8f6e-4f88-affb-57e7c25d0cca None None] Extension VolumeTypeEncryption extending resource: types {{(pid=105735) _setup_extensions /opt/stack/cinder/cinder/api/v3/router.py:155}}
Jan 12 20:39:21 ubuntu devstack@c-api.service[105735]: DEBUG cinder.api.v3.router [None req-be9906a9-8f6e-4f88-affb-57e7c25d0cca None None] Extension AdminActions extending resource: volumes {{(pid=105735) _setup_extensions /opt/stack/cinder/cinder/api/v3/router.py:155}}
Jan 12 20:39:21 ubuntu devstack@c-api.service[105735]: DEBUG cinder.api.v3.router [None req-be9906a9-8f6e-4f88-affb-57e7c25d0cca None None] Extension AdminActions extending resource: snapshots {{(pid=105735) _setup_extensions /opt/stack/cinder/cinder/api/v3/router.py:155}}
Jan 12 20:39:21 ubuntu devstack@c-api.service[105735]: DEBUG cinder.api.v3.router [None req-be9906a9-8f6e-4f88-affb-57e7c25d0cca None None] Extension AdminActions extending resource: backups {{(pid=105735) _setup_extensions /opt/stack/cinder/cinder/api/v3/router.py:155}}
Jan 12 20:39:21 ubuntu devstack@c-api.service[105735]: DEBUG cinder.api.v3.router [None req-be9906a9-8f6e-4f88-affb-57e7c25d0cca None None] Extension TypesManage extending resource: types {{(pid=105735) _setup_extensions /opt/stack/cinder/cinder/api/v3/router.py:155}}
Jan 12 20:39:21 ubuntu devstack@c-api.service[105735]: DEBUG cinder.api.v3.router [None req-be9906a9-8f6e-4f88-affb-57e7c25d0cca None None] Extension UsedLimits extending resource: limits {{(pid=105735) _setup_extensions /opt/stack/cinder/cinder/api/v3/router.py:155}}
Jan 12 20:39:21 ubuntu devstack@c-api.service[105735]: WARNING keystonemiddleware.auth_token [None req-be9906a9-8f6e-4f88-affb-57e7c25d0cca None None] AuthToken middleware is set with keystone_authtoken.service_token_roles_required set to False. This is backwards compatible but deprecated behaviour. Please set this to True.
Jan 12 20:39:21 ubuntu devstack@c-api.service[105737]: WARNING keystonemiddleware.auth_token [None req-7e5ab5c7-c6f9-4233-8083-1a3c368c76a0 None None] Configuring www_authenticate_uri to point to the public identity endpoint is required; clients may not be able to authenticate against an admin endpoint
Jan 12 20:39:21 ubuntu devstack@c-api.service[105737]: WSGI app 0 (mountpoint='') ready in 3 seconds on interpreter 0x7614036a3668 pid: 105737 (default app)
Jan 12 20:39:21 ubuntu devstack@c-api.service[105735]: WARNING keystonemiddleware.auth_token [None req-be9906a9-8f6e-4f88-affb-57e7c25d0cca None None] Configuring www_authenticate_uri to point to the public identity endpoint is required; clients may not be able to authenticate against an admin endpoint
Jan 12 20:39:21 ubuntu devstack@c-api.service[105735]: WSGI app 0 (mountpoint='') ready in 3 seconds on interpreter 0x7614036a3668 pid: 105735 (default app)
Jan 12 20:39:21 ubuntu devstack@c-api.service[105737]: /opt/stack/data/venv/lib/python3.12/site-packages/oslo_policy/policy.py:813: UserWarning: Policy "volume:attachment_create":"" was deprecated in X in favor of "volume:attachment_create":"rule:xena_system_admin_or_project_member". Reason: Default policies now support the three Keystone default roles, namely 'admin', 'member', and 'reader' to implement three Cinder "personas".  See "Policy Personas and Permissions" in the "Cinder Service Configuration" documentation (Xena release) for details.. Either ensure your deployment is ready for the new default or copy/paste the deprecated policy into your policy file and maintain it manually.
Jan 12 20:39:21 ubuntu devstack@c-api.service[105737]:   warnings.warn(deprecated_msg)
Jan 12 20:39:21 ubuntu devstack@c-api.service[105737]: /opt/stack/data/venv/lib/python3.12/site-packages/oslo_policy/policy.py:813: UserWarning: Policy "volume:attachment_update":"rule:admin_or_owner" was deprecated in X in favor of "volume:attachment_update":"rule:xena_system_admin_or_project_member". Reason: Default policies now support the three Keystone default roles, namely 'admin', 'member', and 'reader' to implement three Cinder "personas".  See "Policy Personas and Permissions" in the "Cinder Service Configuration" documentation (Xena release) for details.. Either ensure your deployment is ready for the new default or copy/paste the deprecated policy into your policy file and maintain it manually.
Jan 12 20:39:21 ubuntu devstack@c-api.service[105737]:   warnings.warn(deprecated_msg)
Jan 12 20:39:21 ubuntu devstack@c-api.service[105737]: /opt/stack/data/venv/lib/python3.12/site-packages/oslo_policy/policy.py:813: UserWarning: Policy "volume:attachment_delete":"rule:admin_or_owner" was deprecated in X in favor of "volume:attachment_delete":"rule:xena_system_admin_or_project_member". Reason: Default policies now support the three Keystone default roles, namely 'admin', 'member', and 'reader' to implement three Cinder "personas".  See "Policy Personas and Permissions" in the "Cinder Service Configuration" documentation (Xena release) for details.. Either ensure your deployment is ready for the new default or copy/paste the deprecated policy into your policy file and maintain it manually.
Jan 12 20:39:21 ubuntu devstack@c-api.service[105737]:   warnings.warn(deprecated_msg)
Jan 12 20:39:21 ubuntu devstack@c-api.service[105737]: /opt/stack/data/venv/lib/python3.12/site-packages/oslo_policy/policy.py:813: UserWarning: Policy "volume:attachment_complete":"rule:admin_or_owner" was deprecated in X in favor of "volume:attachment_complete":"rule:xena_system_admin_or_project_member". Reason: Default policies now support the three Keystone default roles, namely 'admin', 'member', and 'reader' to implement three Cinder "personas".  See "Policy Personas and Permissions" in the "Cinder Service Configuration" documentation (Xena release) for details.. Either ensure your deployment is ready for the new default or copy/paste the deprecated policy into your policy file and maintain it manually.
Jan 12 20:39:21 ubuntu devstack@c-api.service[105737]:   warnings.warn(deprecated_msg)
Jan 12 20:39:21 ubuntu devstack@c-api.service[105737]: /opt/stack/data/venv/lib/python3.12/site-packages/oslo_policy/policy.py:813: UserWarning: Policy "volume:multiattach_bootable_volume":"rule:admin_or_owner" was deprecated in X in favor of "volume:multiattach_bootable_volume":"rule:xena_system_admin_or_project_member". Reason: Default policies now support the three Keystone default roles, namely 'admin', 'member', and 'reader' to implement three Cinder "personas".  See "Policy Personas and Permissions" in the "Cinder Service Configuration" documentation (Xena release) for details.. Either ensure your deployment is ready for the new default or copy/paste the deprecated policy into your policy file and maintain it manually.
Jan 12 20:39:21 ubuntu devstack@c-api.service[105737]:   warnings.warn(deprecated_msg)
Jan 12 20:39:21 ubuntu devstack@c-api.service[105737]: /opt/stack/data/venv/lib/python3.12/site-packages/oslo_policy/policy.py:813: UserWarning: Policy "message:get_all":"rule:admin_or_owner" was deprecated in X in favor of "message:get_all":"rule:xena_system_admin_or_project_reader". Reason: Default policies now support the three Keystone default roles, namely 'admin', 'member', and 'reader' to implement three Cinder "personas".  See "Policy Personas and Permissions" in the "Cinder Service Configuration" documentation (Xena release) for details.. Either ensure your deployment is ready for the new default or copy/paste the deprecated policy into your policy file and maintain it manually.
Jan 12 20:39:21 ubuntu devstack@c-api.service[105737]:   warnings.warn(deprecated_msg)
Jan 12 20:39:21 ubuntu devstack@c-api.service[105737]: /opt/stack/data/venv/lib/python3.12/site-packages/oslo_policy/policy.py:813: UserWarning: Policy "message:get":"rule:admin_or_owner" was deprecated in X in favor of "message:get":"rule:xena_system_admin_or_project_reader". Reason: Default policies now support the three Keystone default roles, namely 'admin', 'member', and 'reader' to implement three Cinder "personas".  See "Policy Personas and Permissions" in the "Cinder Service Configuration" documentation (Xena release) for details.. Either ensure your deployment is ready for the new default or copy/paste the deprecated policy into your policy file and maintain it manually.
Jan 12 20:39:21 ubuntu devstack@c-api.service[105737]:   warnings.warn(deprecated_msg)
Jan 12 20:39:21 ubuntu devstack@c-api.service[105737]: /opt/stack/data/venv/lib/python3.12/site-packages/oslo_policy/policy.py:813: UserWarning: Policy "message:delete":"rule:admin_or_owner" was deprecated in X in favor of "message:delete":"rule:xena_system_admin_or_project_member". Reason: Default policies now support the three Keystone default roles, namely 'admin', 'member', and 'reader' to implement three Cinder "personas".  See "Policy Personas and Permissions" in the "Cinder Service Configuration" documentation (Xena release) for details.. Either ensure your deployment is ready for the new default or copy/paste the deprecated policy into your policy file and maintain it manually.
Jan 12 20:39:21 ubuntu devstack@c-api.service[105737]:   warnings.warn(deprecated_msg)
Jan 12 20:39:21 ubuntu devstack@c-api.service[105737]: /opt/stack/data/venv/lib/python3.12/site-packages/oslo_policy/policy.py:813: UserWarning: Policy "volume:get_snapshot_metadata":"rule:admin_or_owner" was deprecated in X in favor of "volume:get_snapshot_metadata":"rule:xena_system_admin_or_project_reader". Reason: Default policies now support the three Keystone default roles, namely 'admin', 'member', and 'reader' to implement three Cinder "personas".  See "Policy Personas and Permissions" in the "Cinder Service Configuration" documentation (Xena release) for details.. Either ensure your deployment is ready for the new default or copy/paste the deprecated policy into your policy file and maintain it manually.
Jan 12 20:39:21 ubuntu devstack@c-api.service[105737]:   warnings.warn(deprecated_msg)
Jan 12 20:39:21 ubuntu devstack@c-api.service[105737]: /opt/stack/data/venv/lib/python3.12/site-packages/oslo_policy/policy.py:813: UserWarning: Policy "volume:update_snapshot_metadata":"rule:admin_or_owner" was deprecated in X in favor of "volume:update_snapshot_metadata":"rule:xena_system_admin_or_project_member". Reason: Default policies now support the three Keystone default roles, namely 'admin', 'member', and 'reader' to implement three Cinder "personas".  See "Policy Personas and Permissions" in the "Cinder Service Configuration" documentation (Xena release) for details.. Either ensure your deployment is ready for the new default or copy/paste the deprecated policy into your policy file and maintain it manually.
Jan 12 20:39:21 ubuntu devstack@c-api.service[105737]:   warnings.warn(deprecated_msg)
Jan 12 20:39:21 ubuntu devstack@c-api.service[105737]: /opt/stack/data/venv/lib/python3.12/site-packages/oslo_policy/policy.py:813: UserWarning: Policy "volume:delete_snapshot_metadata":"rule:admin_or_owner" was deprecated in X in favor of "volume:delete_snapshot_metadata":"rule:xena_system_admin_or_project_member". Reason: Default policies now support the three Keystone default roles, namely 'admin', 'member', and 'reader' to implement three Cinder "personas".  See "Policy Personas and Permissions" in the "Cinder Service Configuration" documentation (Xena release) for details.. Either ensure your deployment is ready for the new default or copy/paste the deprecated policy into your policy file and maintain it manually.
Jan 12 20:39:21 ubuntu devstack@c-api.service[105737]:   warnings.warn(deprecated_msg)
Jan 12 20:39:21 ubuntu devstack@c-api.service[105737]: /opt/stack/data/venv/lib/python3.12/site-packages/oslo_policy/policy.py:813: UserWarning: Policy "volume:get_all_snapshots":"rule:admin_or_owner" was deprecated in X in favor of "volume:get_all_snapshots":"rule:xena_system_admin_or_project_reader". Reason: Default policies now support the three Keystone default roles, namely 'admin', 'member', and 'reader' to implement three Cinder "personas".  See "Policy Personas and Permissions" in the "Cinder Service Configuration" documentation (Xena release) for details.. Either ensure your deployment is ready for the new default or copy/paste the deprecated policy into your policy file and maintain it manually.
Jan 12 20:39:21 ubuntu devstack@c-api.service[105737]:   warnings.warn(deprecated_msg)
Jan 12 20:39:21 ubuntu devstack@c-api.service[105737]: /opt/stack/data/venv/lib/python3.12/site-packages/oslo_policy/policy.py:813: UserWarning: Policy "volume_extension:extended_snapshot_attributes":"rule:admin_or_owner" was deprecated in X in favor of "volume_extension:extended_snapshot_attributes":"rule:xena_system_admin_or_project_reader". Reason: Default policies now support the three Keystone default roles, namely 'admin', 'member', and 'reader' to implement three Cinder "personas".  See "Policy Personas and Permissions" in the "Cinder Service Configuration" documentation (Xena release) for details.. Either ensure your deployment is ready for the new default or copy/paste the deprecated policy into your policy file and maintain it manually.
Jan 12 20:39:21 ubuntu devstack@c-api.service[105737]:   warnings.warn(deprecated_msg)
Jan 12 20:39:21 ubuntu devstack@c-api.service[105737]: /opt/stack/data/venv/lib/python3.12/site-packages/oslo_policy/policy.py:813: UserWarning: Policy "volume:create_snapshot":"rule:admin_or_owner" was deprecated in X in favor of "volume:create_snapshot":"rule:xena_system_admin_or_project_member". Reason: Default policies now support the three Keystone default roles, namely 'admin', 'member', and 'reader' to implement three Cinder "personas".  See "Policy Personas and Permissions" in the "Cinder Service Configuration" documentation (Xena release) for details.. Either ensure your deployment is ready for the new default or copy/paste the deprecated policy into your policy file and maintain it manually.
Jan 12 20:39:21 ubuntu devstack@c-api.service[105737]:   warnings.warn(deprecated_msg)
Jan 12 20:39:21 ubuntu devstack@c-api.service[105737]: /opt/stack/data/venv/lib/python3.12/site-packages/oslo_policy/policy.py:813: UserWarning: Policy "volume:get_snapshot":"rule:admin_or_owner" was deprecated in X in favor of "volume:get_snapshot":"rule:xena_system_admin_or_project_reader". Reason: Default policies now support the three Keystone default roles, namely 'admin', 'member', and 'reader' to implement three Cinder "personas".  See "Policy Personas and Permissions" in the "Cinder Service Configuration" documentation (Xena release) for details.. Either ensure your deployment is ready for the new default or copy/paste the deprecated policy into your policy file and maintain it manually.
Jan 12 20:39:21 ubuntu devstack@c-api.service[105737]:   warnings.warn(deprecated_msg)
Jan 12 20:39:21 ubuntu devstack@c-api.service[105737]: /opt/stack/data/venv/lib/python3.12/site-packages/oslo_policy/policy.py:813: UserWarning: Policy "volume:update_snapshot":"rule:admin_or_owner" was deprecated in X in favor of "volume:update_snapshot":"rule:xena_system_admin_or_project_member". Reason: Default policies now support the three Keystone default roles, namely 'admin', 'member', and 'reader' to implement three Cinder "personas".  See "Policy Personas and Permissions" in the "Cinder Service Configuration" documentation (Xena release) for details.. Either ensure your deployment is ready for the new default or copy/paste the deprecated policy into your policy file and maintain it manually.
Jan 12 20:39:21 ubuntu devstack@c-api.service[105737]:   warnings.warn(deprecated_msg)
Jan 12 20:39:21 ubuntu devstack@c-api.service[105737]: /opt/stack/data/venv/lib/python3.12/site-packages/oslo_policy/policy.py:813: UserWarning: Policy "volume:delete_snapshot":"rule:admin_or_owner" was deprecated in X in favor of "volume:delete_snapshot":"rule:xena_system_admin_or_project_member". Reason: Default policies now support the three Keystone default roles, namely 'admin', 'member', and 'reader' to implement three Cinder "personas".  See "Policy Personas and Permissions" in the "Cinder Service Configuration" documentation (Xena release) for details.. Either ensure your deployment is ready for the new default or copy/paste the deprecated policy into your policy file and maintain it manually.
Jan 12 20:39:21 ubuntu devstack@c-api.service[105737]:   warnings.warn(deprecated_msg)
Jan 12 20:39:21 ubuntu devstack@c-api.service[105737]: /opt/stack/data/venv/lib/python3.12/site-packages/oslo_policy/policy.py:813: UserWarning: Policy "snapshot_extension:snapshot_actions:update_snapshot_status":"" was deprecated in X in favor of "snapshot_extension:snapshot_actions:update_snapshot_status":"rule:xena_system_admin_or_project_member". Reason: Default policies now support the three Keystone default roles, namely 'admin', 'member', and 'reader' to implement three Cinder "personas".  See "Policy Personas and Permissions" in the "Cinder Service Configuration" documentation (Xena release) for details.. Either ensure your deployment is ready for the new default or copy/paste the deprecated policy into your policy file and maintain it manually.
Jan 12 20:39:21 ubuntu devstack@c-api.service[105737]:   warnings.warn(deprecated_msg)
Jan 12 20:39:21 ubuntu devstack@c-api.service[105737]: /opt/stack/data/venv/lib/python3.12/site-packages/oslo_policy/policy.py:813: UserWarning: Policy "backup:get_all":"rule:admin_or_owner" was deprecated in X in favor of "backup:get_all":"rule:xena_system_admin_or_project_reader". Reason: Default policies now support the three Keystone default roles, namely 'admin', 'member', and 'reader' to implement three Cinder "personas".  See "Policy Personas and Permissions" in the "Cinder Service Configuration" documentation (Xena release) for details.. Either ensure your deployment is ready for the new default or copy/paste the deprecated policy into your policy file and maintain it manually.
Jan 12 20:39:21 ubuntu devstack@c-api.service[105737]:   warnings.warn(deprecated_msg)
Jan 12 20:39:21 ubuntu devstack@c-api.service[105737]: /opt/stack/data/venv/lib/python3.12/site-packages/oslo_policy/policy.py:813: UserWarning: Policy "backup:create":"" was deprecated in X in favor of "backup:create":"rule:xena_system_admin_or_project_member". Reason: Default policies now support the three Keystone default roles, namely 'admin', 'member', and 'reader' to implement three Cinder "personas".  See "Policy Personas and Permissions" in the "Cinder Service Configuration" documentation (Xena release) for details.. Either ensure your deployment is ready for the new default or copy/paste the deprecated policy into your policy file and maintain it manually.
Jan 12 20:39:21 ubuntu devstack@c-api.service[105737]:   warnings.warn(deprecated_msg)
Jan 12 20:39:21 ubuntu devstack@c-api.service[105737]: /opt/stack/data/venv/lib/python3.12/site-packages/oslo_policy/policy.py:813: UserWarning: Policy "backup:get":"rule:admin_or_owner" was deprecated in X in favor of "backup:get":"rule:xena_system_admin_or_project_reader". Reason: Default policies now support the three Keystone default roles, namely 'admin', 'member', and 'reader' to implement three Cinder "personas".  See "Policy Personas and Permissions" in the "Cinder Service Configuration" documentation (Xena release) for details.. Either ensure your deployment is ready for the new default or copy/paste the deprecated policy into your policy file and maintain it manually.
Jan 12 20:39:21 ubuntu devstack@c-api.service[105737]:   warnings.warn(deprecated_msg)
Jan 12 20:39:21 ubuntu devstack@c-api.service[105737]: /opt/stack/data/venv/lib/python3.12/site-packages/oslo_policy/policy.py:813: UserWarning: Policy "backup:update":"rule:admin_or_owner" was deprecated in X in favor of "backup:update":"rule:xena_system_admin_or_project_member". Reason: Default policies now support the three Keystone default roles, namely 'admin', 'member', and 'reader' to implement three Cinder "personas".  See "Policy Personas and Permissions" in the "Cinder Service Configuration" documentation (Xena release) for details.. Either ensure your deployment is ready for the new default or copy/paste the deprecated policy into your policy file and maintain it manually.
Jan 12 20:39:21 ubuntu devstack@c-api.service[105737]:   warnings.warn(deprecated_msg)
Jan 12 20:39:21 ubuntu devstack@c-api.service[105737]: /opt/stack/data/venv/lib/python3.12/site-packages/oslo_policy/policy.py:813: UserWarning: Policy "backup:delete":"rule:admin_or_owner" was deprecated in X in favor of "backup:delete":"rule:xena_system_admin_or_project_member". Reason: Default policies now support the three Keystone default roles, namely 'admin', 'member', and 'reader' to implement three Cinder "personas".  See "Policy Personas and Permissions" in the "Cinder Service Configuration" documentation (Xena release) for details.. Either ensure your deployment is ready for the new default or copy/paste the deprecated policy into your policy file and maintain it manually.
Jan 12 20:39:21 ubuntu devstack@c-api.service[105737]:   warnings.warn(deprecated_msg)
Jan 12 20:39:21 ubuntu devstack@c-api.service[105737]: /opt/stack/data/venv/lib/python3.12/site-packages/oslo_policy/policy.py:813: UserWarning: Policy "backup:restore":"rule:admin_or_owner" was deprecated in X in favor of "backup:restore":"rule:xena_system_admin_or_project_member". Reason: Default policies now support the three Keystone default roles, namely 'admin', 'member', and 'reader' to implement three Cinder "personas".  See "Policy Personas and Permissions" in the "Cinder Service Configuration" documentation (Xena release) for details.. Either ensure your deployment is ready for the new default or copy/paste the deprecated policy into your policy file and maintain it manually.
Jan 12 20:39:21 ubuntu devstack@c-api.service[105737]:   warnings.warn(deprecated_msg)
Jan 12 20:39:21 ubuntu devstack@c-api.service[105737]: /opt/stack/data/venv/lib/python3.12/site-packages/oslo_policy/policy.py:813: UserWarning: Policy "group:get_all":"rule:admin_or_owner" was deprecated in X in favor of "group:get_all":"rule:xena_system_admin_or_project_reader". Reason: Default policies now support the three Keystone default roles, namely 'admin', 'member', and 'reader' to implement three Cinder "personas".  See "Policy Personas and Permissions" in the "Cinder Service Configuration" documentation (Xena release) for details.. Either ensure your deployment is ready for the new default or copy/paste the deprecated policy into your policy file and maintain it manually.
Jan 12 20:39:21 ubuntu devstack@c-api.service[105737]:   warnings.warn(deprecated_msg)
Jan 12 20:39:21 ubuntu devstack@c-api.service[105737]: /opt/stack/data/venv/lib/python3.12/site-packages/oslo_policy/policy.py:813: UserWarning: Policy "group:create":"" was deprecated in X in favor of "group:create":"rule:xena_system_admin_or_project_member". Reason: Default policies now support the three Keystone default roles, namely 'admin', 'member', and 'reader' to implement three Cinder "personas".  See "Policy Personas and Permissions" in the "Cinder Service Configuration" documentation (Xena release) for details.. Either ensure your deployment is ready for the new default or copy/paste the deprecated policy into your policy file and maintain it manually.
Jan 12 20:39:21 ubuntu devstack@c-api.service[105737]:   warnings.warn(deprecated_msg)
Jan 12 20:39:21 ubuntu devstack@c-api.service[105737]: /opt/stack/data/venv/lib/python3.12/site-packages/oslo_policy/policy.py:813: UserWarning: Policy "group:get":"rule:admin_or_owner" was deprecated in X in favor of "group:get":"rule:xena_system_admin_or_project_reader". Reason: Default policies now support the three Keystone default roles, namely 'admin', 'member', and 'reader' to implement three Cinder "personas".  See "Policy Personas and Permissions" in the "Cinder Service Configuration" documentation (Xena release) for details.. Either ensure your deployment is ready for the new default or copy/paste the deprecated policy into your policy file and maintain it manually.
Jan 12 20:39:21 ubuntu devstack@c-api.service[105737]:   warnings.warn(deprecated_msg)
Jan 12 20:39:21 ubuntu devstack@c-api.service[105737]: /opt/stack/data/venv/lib/python3.12/site-packages/oslo_policy/policy.py:813: UserWarning: Policy "group:update":"rule:admin_or_owner" was deprecated in X in favor of "group:update":"rule:xena_system_admin_or_project_member". Reason: Default policies now support the three Keystone default roles, namely 'admin', 'member', and 'reader' to implement three Cinder "personas".  See "Policy Personas and Permissions" in the "Cinder Service Configuration" documentation (Xena release) for details.. Either ensure your deployment is ready for the new default or copy/paste the deprecated policy into your policy file and maintain it manually.
Jan 12 20:39:21 ubuntu devstack@c-api.service[105737]:   warnings.warn(deprecated_msg)
Jan 12 20:39:21 ubuntu devstack@c-api.service[105737]: /opt/stack/data/venv/lib/python3.12/site-packages/oslo_policy/policy.py:813: UserWarning: Policy "group:get_all_group_snapshots":"rule:admin_or_owner" was deprecated in X in favor of "group:get_all_group_snapshots":"rule:xena_system_admin_or_project_reader". Reason: Default policies now support the three Keystone default roles, namely 'admin', 'member', and 'reader' to implement three Cinder "personas".  See "Policy Personas and Permissions" in the "Cinder Service Configuration" documentation (Xena release) for details.. Either ensure your deployment is ready for the new default or copy/paste the deprecated policy into your policy file and maintain it manually.
Jan 12 20:39:21 ubuntu devstack@c-api.service[105737]:   warnings.warn(deprecated_msg)
Jan 12 20:39:21 ubuntu devstack@c-api.service[105737]: /opt/stack/data/venv/lib/python3.12/site-packages/oslo_policy/policy.py:813: UserWarning: Policy "group:create_group_snapshot":"" was deprecated in X in favor of "group:create_group_snapshot":"rule:xena_system_admin_or_project_member". Reason: Default policies now support the three Keystone default roles, namely 'admin', 'member', and 'reader' to implement three Cinder "personas".  See "Policy Personas and Permissions" in the "Cinder Service Configuration" documentation (Xena release) for details.. Either ensure your deployment is ready for the new default or copy/paste the deprecated policy into your policy file and maintain it manually.
Jan 12 20:39:21 ubuntu devstack@c-api.service[105737]:   warnings.warn(deprecated_msg)
Jan 12 20:39:21 ubuntu devstack@c-api.service[105737]: /opt/stack/data/venv/lib/python3.12/site-packages/oslo_policy/policy.py:813: UserWarning: Policy "group:get_group_snapshot":"rule:admin_or_owner" was deprecated in X in favor of "group:get_group_snapshot":"rule:xena_system_admin_or_project_reader". Reason: Default policies now support the three Keystone default roles, namely 'admin', 'member', and 'reader' to implement three Cinder "personas".  See "Policy Personas and Permissions" in the "Cinder Service Configuration" documentation (Xena release) for details.. Either ensure your deployment is ready for the new default or copy/paste the deprecated policy into your policy file and maintain it manually.
Jan 12 20:39:21 ubuntu devstack@c-api.service[105737]:   warnings.warn(deprecated_msg)
Jan 12 20:39:21 ubuntu devstack@c-api.service[105737]: /opt/stack/data/venv/lib/python3.12/site-packages/oslo_policy/policy.py:813: UserWarning: Policy "group:delete_group_snapshot":"rule:admin_or_owner" was deprecated in X in favor of "group:delete_group_snapshot":"rule:xena_system_admin_or_project_member". Reason: Default policies now support the three Keystone default roles, namely 'admin', 'member', and 'reader' to implement three Cinder "personas".  See "Policy Personas and Permissions" in the "Cinder Service Configuration" documentation (Xena release) for details.. Either ensure your deployment is ready for the new default or copy/paste the deprecated policy into your policy file and maintain it manually.
Jan 12 20:39:21 ubuntu devstack@c-api.service[105737]:   warnings.warn(deprecated_msg)
Jan 12 20:39:21 ubuntu devstack@c-api.service[105737]: /opt/stack/data/venv/lib/python3.12/site-packages/oslo_policy/policy.py:813: UserWarning: Policy "group:update_group_snapshot":"rule:admin_or_owner" was deprecated in X in favor of "group:update_group_snapshot":"rule:xena_system_admin_or_project_member". Reason: Default policies now support the three Keystone default roles, namely 'admin', 'member', and 'reader' to implement three Cinder "personas".  See "Policy Personas and Permissions" in the "Cinder Service Configuration" documentation (Xena release) for details.. Either ensure your deployment is ready for the new default or copy/paste the deprecated policy into your policy file and maintain it manually.
Jan 12 20:39:21 ubuntu devstack@c-api.service[105737]:   warnings.warn(deprecated_msg)
Jan 12 20:39:21 ubuntu devstack@c-api.service[105737]: /opt/stack/data/venv/lib/python3.12/site-packages/oslo_policy/policy.py:813: UserWarning: Policy "group:delete":"rule:admin_or_owner" was deprecated in X in favor of "group:delete":"rule:xena_system_admin_or_project_member". Reason: Default policies now support the three Keystone default roles, namely 'admin', 'member', and 'reader' to implement three Cinder "personas".  See "Policy Personas and Permissions" in the "Cinder Service Configuration" documentation (Xena release) for details.. Either ensure your deployment is ready for the new default or copy/paste the deprecated policy into your policy file and maintain it manually.
Jan 12 20:39:21 ubuntu devstack@c-api.service[105737]:   warnings.warn(deprecated_msg)
Jan 12 20:39:21 ubuntu devstack@c-api.service[105737]: /opt/stack/data/venv/lib/python3.12/site-packages/oslo_policy/policy.py:813: UserWarning: Policy "group:enable_replication":"rule:admin_or_owner" was deprecated in X in favor of "group:enable_replication":"rule:xena_system_admin_or_project_member". Reason: Default policies now support the three Keystone default roles, namely 'admin', 'member', and 'reader' to implement three Cinder "personas".  See "Policy Personas and Permissions" in the "Cinder Service Configuration" documentation (Xena release) for details.. Either ensure your deployment is ready for the new default or copy/paste the deprecated policy into your policy file and maintain it manually.
Jan 12 20:39:21 ubuntu devstack@c-api.service[105737]:   warnings.warn(deprecated_msg)
Jan 12 20:39:21 ubuntu devstack@c-api.service[105737]: /opt/stack/data/venv/lib/python3.12/site-packages/oslo_policy/policy.py:813: UserWarning: Policy "group:disable_replication":"rule:admin_or_owner" was deprecated in X in favor of "group:disable_replication":"rule:xena_system_admin_or_project_member". Reason: Default policies now support the three Keystone default roles, namely 'admin', 'member', and 'reader' to implement three Cinder "personas".  See "Policy Personas and Permissions" in the "Cinder Service Configuration" documentation (Xena release) for details.. Either ensure your deployment is ready for the new default or copy/paste the deprecated policy into your policy file and maintain it manually.
Jan 12 20:39:21 ubuntu devstack@c-api.service[105737]:   warnings.warn(deprecated_msg)
Jan 12 20:39:21 ubuntu devstack@c-api.service[105737]: /opt/stack/data/venv/lib/python3.12/site-packages/oslo_policy/policy.py:813: UserWarning: Policy "group:failover_replication":"rule:admin_or_owner" was deprecated in X in favor of "group:failover_replication":"rule:xena_system_admin_or_project_member". Reason: Default policies now support the three Keystone default roles, namely 'admin', 'member', and 'reader' to implement three Cinder "personas".  See "Policy Personas and Permissions" in the "Cinder Service Configuration" documentation (Xena release) for details.. Either ensure your deployment is ready for the new default or copy/paste the deprecated policy into your policy file and maintain it manually.
Jan 12 20:39:21 ubuntu devstack@c-api.service[105737]:   warnings.warn(deprecated_msg)
Jan 12 20:39:21 ubuntu devstack@c-api.service[105737]: /opt/stack/data/venv/lib/python3.12/site-packages/oslo_policy/policy.py:813: UserWarning: Policy "group:list_replication_targets":"rule:admin_or_owner" was deprecated in X in favor of "group:list_replication_targets":"rule:xena_system_admin_or_project_member". Reason: Default policies now support the three Keystone default roles, namely 'admin', 'member', and 'reader' to implement three Cinder "personas".  See "Policy Personas and Permissions" in the "Cinder Service Configuration" documentation (Xena release) for details.. Either ensure your deployment is ready for the new default or copy/paste the deprecated policy into your policy file and maintain it manually.
Jan 12 20:39:21 ubuntu devstack@c-api.service[105737]:   warnings.warn(deprecated_msg)
