"pcp-dstat 6.2.0 CSV Output"
"Author:","PCP team <pcp@groups.io> and Dag Wieers <dag@wieers.com>",,,,"URL:","https://pcp.io/ and http://dag.wieers.com/home-made/dstat/"
"Host:","np0000056249",,,,"User:","ubuntu"
"Cmdline:","dstat -tcmndrylpg --tcp --output /tmp/devstack_logs/dstat-csv.log",,,,"Date:","13 Feb 2026 19:52:50 UTC"
"system","total usage",,,,,"memory usage",,,,"net/total",,"dsk/total",,"io/total",,"system",,"load avg",,,"procs",,,"paging",,"tcp sockets",,,,
"time","total usage:usr","total usage:sys","total usage:idl","total usage:wai","total usage:stl","used","free","buf","cach","net/total:recv","net/total:send","dsk/total:read","dsk/total:writ","read","writ","int","csw","1m","5m","15m","run","blk","new","in","out","lis","act","syn","tim","clo"
13-02 19:52:50,,1029468,1673872,164480,4957892,,,,,,,1.260,0.940,0.590,3,0,,,,10,4,0,17,2
13-02 19:52:51,27.944,21.706,49.151,0.499,0,1022104,1662576,164508,4975804,177911.323,9256.339,0,1293.392,0,35.928,5286,3548,1.260,0.940,0.590,3,0,234.527,0,0,10,4,0,17,2
13-02 19:52:52,30.049,22.036,45.575,0.501,0,1052956,1613956,165392,4989516,9202.076,1622.658,0,2544.168,0,134.220,5258,3002,1.260,0.940,0.590,2,0,216.354,0,0,10,4,0,13,2
13-02 19:52:53,31.868,21.909,44.565,0.498,0,1043128,1604840,165816,5005876,4983.325,1613.307,0,1796.546,0,39.835,4938,2820,1.260,0.940,0.590,3,0,195.190,0,0,10,4,0,13,2
13-02 19:52:54,33.599,23.318,40.619,1.003,0,1066620,1556508,166564,5028272,4902.397,1462.294,0,2515.387,0,106.312,5789,4711,1.320,0.960,0.600,2,0,197.580,0,0,10,4,0,13,2
13-02 19:52:55,35.718,16.485,44.959,1.249,0,1063204,1529700,167656,5054000,8955.859,1618.529,0,2705.541,0,98.910,4445,2660,1.320,0.960,0.600,2,0,114.896,0,0,10,4,0,13,2
13-02 19:52:56,41.586,18.037,39.081,0.752,0,1045024,1533612,168488,5065560,7710.993,2117.392,0,2344.863,0,76.158,5999,6963,1.320,0.960,0.600,15,0,175.364,0,0,10,5,0,11,2
13-02 19:52:57,36.439,15.724,45.425,0.998,0,1073160,1522764,168496,5048300,14895.262,3843.617,650.919,183.695,18.968,7.987,5392,5493,1.320,0.960,0.600,2,0,152.746,0,0,10,2,0,11,0
13-02 19:52:58,34.277,18.014,46.287,0.751,0,1080144,1515064,168524,5048784,11054.851,2960.370,360.288,48.038,19.015,2.002,4362,3554,1.320,0.960,0.600,1,0,101.081,0,0,10,3,0,11,0
13-02 19:52:59,22.474,7.491,69.420,0.250,0,1074132,1515576,168592,5053736,11002.257,2624.960,0,10371.987,0,18.978,2171,1107,1.290,0.960,0.600,1,0,11.986,0,0,10,2,0,11,0
13-02 19:53:00,20.754,2.501,76.016,0,0,1081900,1506828,168604,5054532,11217.396,2892.618,0,0,0,0,1782,1004,1.290,0.960,0.600,0,0,18.004,0,0,10,3,0,11,0
13-02 19:53:01,19.515,4.503,74.556,0.500,0,1076444,1505600,168980,5059600,7845.853,3457.579,0,15327.434,0,78.058,5508,9130,1.290,0.960,0.600,1,0,6.004,0,0,10,2,0,11,0
13-02 19:53:02,22.732,4.497,71.694,0,0,1052980,1528428,169048,5060060,9558.566,1456.867,0,83.935,0,0.999,8417,15153,1.290,0.960,0.600,1,0,8.993,0,0,10,2,0,11,0
13-02 19:53:03,21.500,6.750,70.001,0,0,1043372,1537768,169096,5060224,9706.196,1620.033,0,92.002,0,3.000,12139,22425,1.290,0.960,0.600,1,0,19.000,0,0,10,2,0,11,0
13-02 19:53:04,21.252,4.000,74.008,0,0,1005464,1588348,169108,5048924,4747.524,1620.179,0,844.093,0,11.001,1618,867,1.270,0.960,0.600,1,0,3.000,0,0,10,2,0,11,0
13-02 19:53:05,5.498,1.000,92.965,0,0,971472,1622460,169108,5048824,47908.142,131321.049,0,3.999,0,1.000,1008,681,1.270,0.960,0.600,0,0,1.999,0,0,10,2,0,11,0
13-02 19:53:06,0.250,1.500,97.762,0,0,960552,1633376,169108,5048824,6656.843,1620.205,0,9781.239,0,45.006,654,719,1.270,0.960,0.600,0,0,0,0,0,10,2,0,11,0
13-02 19:53:07,0.500,0.500,98.756,0,0,951336,1642588,169108,5048828,10553.687,1620.105,0,4.000,0,1.000,498,566,1.270,0.960,0.600,0,0,0,0,0,10,2,0,11,0
13-02 19:53:08,0.250,0.500,98.996,0,0,942164,1651760,169108,5048828,8275.705,1619.942,0,1055.962,0,92.997,472,534,1.270,0.960,0.600,0,0,0,0,0,10,2,0,9,0
13-02 19:53:09,0.250,0.250,98.006,0,0,934356,1659564,169112,5048828,4560.286,1620.101,0,1004.063,0,3.000,512,653,1.250,0.960,0.600,0,0,1.000,0,0,10,2,0,9,0
13-02 19:53:10,0.250,0.250,99.232,0,0,927320,1666600,169112,5048828,8706.385,1619.699,0,0,0,0,469,542,1.250,0.960,0.600,0,0,0,0,0,10,2,0,9,0
13-02 19:53:11,0.250,2.001,96.535,0.250,0,921516,1672400,169112,5048832,8169.001,1458.536,0,38182.028,0,737.271,994,867,1.250,0.960,0.600,0,0,0,0,0,10,2,0,9,0
13-02 19:53:12,8.251,3.751,86.765,0,0,917148,1676772,169112,5052016,5596.943,1620.273,0,0,0,0,1491,4079,1.250,0.960,0.600,3,0,36.006,0,0,10,2,0,8,0
13-02 19:53:13,2.500,1.250,96.488,0,0,907916,1686004,169112,5048832,8418.916,1619.791,0,7.999,0,2.000,816,4124,1.250,0.960,0.600,1,0,0,0,0,10,2,0,9,0
13-02 19:53:14,0,0.500,98.727,0,0,900804,1693116,169112,5048832,6698.444,1619.624,0,0,0,0,438,574,1.310,0.980,0.610,0,0,0,0,0,10,2,0,9,0
13-02 19:53:15,0.250,0.500,98.978,0.250,0,895128,1698788,169116,5048832,10463.699,1619.644,0,699.846,0,2.999,506,568,1.310,0.980,0.610,0,0,0,0,0,10,2,0,9,0
13-02 19:53:16,0.500,0.250,97.999,0.250,0,890592,1703324,169116,5048832,6627.917,1619.980,0,3843.952,0,9.000,444,553,1.310,0.980,0.610,0,0,0,0,0,10,2,0,9,0
13-02 19:53:17,0.250,0,98.751,0,0,886624,1707292,169116,5048832,6000.061,1620.016,0,0,0,0,458,564,1.310,0.980,0.610,0,0,0,0,0,10,2,0,9,0
13-02 19:53:18,0.750,0.250,98.520,0,0,881204,1712680,169116,5048864,9405.870,1620.322,0,0,0,0,508,565,1.310,0.980,0.610,0,0,0,0,0,10,2,0,9,0
13-02 19:53:19,0.500,0.500,98.477,0,0,880332,1713552,169116,5048864,6796.410,1619.621,0,439.897,0,64.985,579,643,1.280,0.980,0.620,0,1,1.000,0,0,10,2,0,9,0
13-02 19:53:20,0.500,0.500,98.762,0,0,877644,1716240,169116,5048864,8034.948,1458.172,0,508.060,0,67.008,495,570,1.280,0.980,0.620,0,0,0,0,0,10,2,0,9,0
13-02 19:53:21,0.251,0.501,98.962,0,0,875292,1718592,169116,5048864,6565.049,1623.474,0,4.009,0,1.002,452,544,1.280,0.980,0.620,0,0,0,0,0,10,2,0,9,0
13-02 19:53:22,0.499,0,98.564,0,0,873236,1720648,169116,5048864,9039.909,1616.943,0,1533.102,0,5.989,540,581,1.280,0.980,0.620,0,0,0,0,0,10,2,0,9,0
13-02 19:53:23,0.250,0.500,99.226,0,0,872060,1721824,169116,5048864,7168.234,1619.601,0,0,0,0,452,539,1.280,0.980,0.620,0,0,0,0,0,10,2,0,9,0
13-02 19:53:24,0.250,0,99.006,0,0,872056,1721824,169116,5048868,5455.349,1620.104,0,136.009,0,26.002,456,569,1.260,0.980,0.620,0,0,0,0,0,10,2,0,9,0
13-02 19:53:25,0.500,0.250,98.498,0,0,871808,1722076,169116,5048868,5460.908,1619.973,0,67.999,0,4.000,454,572,1.260,0.980,0.620,0,0,0,0,0,10,2,0,9,0
13-02 19:53:26,0,0.500,98.999,0,0,871808,1722076,169116,5048868,9117.947,1619.991,0,0,0,0,474,548,1.260,0.980,0.620,0,0,0,0,0,10,2,0,9,0
13-02 19:53:27,0.500,5.000,92.257,1.000,0,864792,1729092,169116,5048868,10393.834,1620.130,0,88259.082,0,392.031,1570,1463,1.260,0.980,0.620,0,0,0,0,0,10,2,0,9,0
13-02 19:53:28,0.250,0.250,98.990,0,0,864792,1729092,169116,5048868,8751.094,1457.849,0,0,0,0,453,530,1.260,0.980,0.620,0,0,0,0,0,10,2,0,9,0
13-02 19:53:29,1.000,1.250,96.998,0,0,865524,1728364,169116,5048868,6355.845,1619.960,0,0,0,0,675,688,1.240,0.980,0.620,0,0,7.000,0,0,10,2,0,9,0
13-02 19:53:30,0.750,0.250,98.501,0,0,865520,1728364,169120,5048868,8425.055,1620.011,0,1760.012,0,18.000,509,581,1.240,0.980,0.620,0,0,0,0,0,10,2,0,9,0
13-02 19:53:31,0.250,0.500,98.983,0,0,865520,1728364,169120,5048868,10468.207,1619.723,0,3.999,0,1.000,465,543,1.240,0.980,0.620,0,0,0,0,0,10,2,0,9,0
13-02 19:53:32,0.500,0.750,98.524,0,0,865520,1728364,169120,5048868,5100.227,1620.390,0,84.020,0,1.000,478,555,1.240,0.980,0.620,0,0,0,0,0,10,2,0,9,0
13-02 19:53:33,0.250,0,99.006,0,0,865520,1728364,169120,5048868,5215.290,1620.090,0,4.000,0,1.000,427,534,1.240,0.980,0.620,0,0,0,0,0,10,2,0,8,0
13-02 19:53:34,0.250,0.250,98.988,0,0,865520,1728364,169120,5048868,8972.899,1619.801,0,0,0,0,477,555,1.220,0.980,0.620,1,0,0,0,0,10,2,0,8,0
13-02 19:53:35,1.501,0.750,97.054,0.250,0,869496,1724584,169124,5048868,176558.754,3477.945,0,124.069,0,16.009,858,754,1.220,0.980,0.620,1,0,3.002,0,0,10,2,0,8,0
13-02 19:53:36,15.492,3.748,79.711,0,0,877348,1716732,169124,5048868,292773.166,10256.961,0,0,0,0,2296,1317,1.220,0.980,0.620,1,0,21.989,0,0,10,2,0,8,0
13-02 19:53:37,16.253,3.501,79.516,0.500,0,872484,1721480,169128,5048980,155462.331,9417.837,108.021,100.020,5.001,5.001,2218,1249,1.220,0.980,0.620,0,0,19.004,0,0,10,2,0,4,0
