"pcp-dstat 6.2.0 CSV Output"
"Author:","PCP team <pcp@groups.io> and Dag Wieers <dag@wieers.com>",,,,"URL:","https://pcp.io/ and http://dag.wieers.com/home-made/dstat/"
"Host:","np0000094398",,,,"User:","ubuntu"
"Cmdline:","dstat -tcmndrylpg --tcp --output /tmp/devstack_logs/dstat-csv.log",,,,"Date:","18 Jun 2026 17:00:08 UTC"
"system","total usage",,,,,"memory usage",,,,"net/total",,"dsk/total",,"io/total",,"system",,"load avg",,,"procs",,,"paging",,"tcp sockets",,,,
"time","total usage:usr","total usage:sys","total usage:idl","total usage:wai","total usage:stl","used","free","buf","cach","net/total:recv","net/total:send","dsk/total:read","dsk/total:writ","read","writ","int","csw","1m","5m","15m","run","blk","new","in","out","lis","act","syn","tim","clo"
18-06 17:00:08,,982368,1709440,161448,4969972,,,,,,,1.310,1.040,0.710,2,0,,,,10,4,0,11,0
18-06 17:00:09,21.390,20.146,55.961,0,0,991840,1699632,161468,4970240,21787.662,3857.113,0,214.892,0,5.969,5028,3073,1.310,1.040,0.710,1,0,224.841,0,0,10,5,0,11,0
18-06 17:00:10,22.813,21.059,54.652,0.752,0,998716,1692484,161552,4970360,21570.002,8745.327,0,966.689,0,27.075,4926,2805,1.310,1.040,0.710,2,0,209.583,0,0,10,5,0,11,0
18-06 17:00:11,22.004,20.503,55.509,0.250,0,1007640,1683056,161676,4970628,42786.954,11972.946,0,1236.201,0,39.006,4849,2692,1.310,1.040,0.710,2,0,190.031,0,0,10,6,0,11,0
18-06 17:00:12,26.219,21.225,50.690,0.499,0,1023796,1666432,161808,4970896,26578.768,10302.893,0,1366.394,0,40.952,4717,2713,1.360,1.060,0.720,2,0,179.789,0,0,10,6,0,11,0
18-06 17:00:13,36.773,16.510,44.528,0.250,0,1018220,1671696,161888,4971020,18683.851,8199.201,0,780.495,0,22.014,5222,4415,1.360,1.060,0.720,3,0,134.085,0,0,10,5,0,11,1
18-06 17:00:14,31.028,17.766,49.544,0.751,0,1003304,1686044,162028,4971756,41580.073,10733.570,0,1473.314,0,48.043,4957,4138,1.360,1.060,0.720,2,0,153.137,0,0,10,4,0,11,2
18-06 17:00:15,36.205,15.980,45.443,0.250,0,997344,1691548,162140,4971576,19776.372,8816.021,0,1062.677,0,29.963,5024,5396,1.360,1.060,0.720,2,0,108.864,0,0,10,4,0,11,2
18-06 17:00:16,36.779,17.013,43.534,1.501,0,1008192,1659856,162320,4991400,179911.511,7694.095,796.631,1597.265,23.018,40.032,5819,6147,1.360,1.060,0.720,3,0,143.113,0,0,10,4,0,11,2
18-06 17:00:17,33.006,14.503,51.259,0.750,0,1000652,1651472,163124,5004224,31996.915,1620.300,216.040,10093.866,15.003,63.012,3725,2035,1.410,1.070,0.720,1,0,37.007,0,0,10,4,0,11,2
18-06 17:00:18,23.501,1.500,73.502,0.500,0,1002324,1631716,163616,5019856,61795.761,1662.047,0,1316.038,0,31.001,2358,1276,1.410,1.070,0.720,1,0,0,0,0,10,4,0,11,2
18-06 17:00:19,22.250,2.750,73.001,1.000,0,1011356,1601096,164188,5038796,57022.685,1620.019,0,2208.027,0,84.001,2293,2232,1.410,1.070,0.720,1,1,1.000,0,0,10,4,0,11,2
18-06 17:00:20,21.745,2.749,73.735,1.250,0,1008052,1586748,165232,5052780,63382.742,1619.661,0,2491.479,0,98.979,2876,1616,1.410,1.070,0.720,1,0,0,0,0,10,4,0,11,2
18-06 17:00:21,22.007,3.501,73.023,0.750,0,1005176,1561716,166108,5077440,31513.084,1500.480,0,17681.658,0,138.044,2339,1580,1.410,1.070,0.720,1,0,0,0,0,10,4,0,11,2
18-06 17:00:22,22.495,2.499,73.482,0.750,0,995676,1582820,166592,5064660,30861.602,2099.497,0,1239.703,0,43.989,2143,1248,1.460,1.090,0.730,1,0,2.000,0,0,10,2,0,11,0
18-06 17:00:23,28.691,7.734,62.870,0,0,1025192,1553256,166624,5064672,70850.649,3595.573,0,363.250,0,2.994,4135,13595,1.460,1.090,0.730,1,0,68.858,0,0,10,3,0,12,0
18-06 17:00:24,22.297,2.505,74.407,0,0,1005868,1565372,166796,5070912,51591.946,2703.709,0,1154.438,0,17.036,2031,1057,1.460,1.090,0.730,2,0,4.008,0,0,10,2,0,12,0
18-06 17:00:25,22.199,5.986,70.090,0,0,1030440,1539520,166840,5071948,11049.752,1616.307,0,3.991,0,0.998,12421,22575,1.460,1.090,0.730,1,0,11.973,0,0,10,2,0,10,0
18-06 17:00:26,23.553,5.512,68.906,0.501,0,1030268,1539520,166844,5072068,9848.307,1461.310,0,16320.968,0,611.385,12356,21760,1.460,1.090,0.730,2,0,10.023,0,0,10,2,0,10,0
18-06 17:00:27,21.504,5.251,72.512,0,0,943316,1634896,166848,5064648,14421.388,133416.090,0,1768.293,0,14.002,2096,1085,1.420,1.090,0.730,1,0,11.002,0,0,10,2,0,10,0
18-06 17:00:28,9.497,1.500,88.473,0,0,934848,1643360,166848,5064672,15580.253,1685.486,0,1511.539,0,44.986,1195,797,1.420,1.090,0.730,1,0,3.999,0,0,10,2,0,10,0
18-06 17:00:29,0.250,0.250,98.523,0,0.250,930276,1647928,166848,5064676,14491.319,1188.272,0,0,0,0,532,618,1.420,1.090,0.730,0,0,1.000,0,0,10,2,0,9,0
18-06 17:00:30,0.500,0,98.983,0,0,926276,1651928,166848,5064676,13888.566,1403.754,0,2259.604,0,13.998,517,579,1.420,1.090,0.730,0,0,0,0,0,10,2,0,9,0
18-06 17:00:31,0.500,1.750,97.233,0,0,922776,1655428,166848,5064676,22380.064,1457.744,0,9938.252,0,40.993,681,725,1.420,1.090,0.730,0,0,0,0,0,10,2,0,9,0
18-06 17:00:32,0,0.250,98.497,0,0,919716,1658488,166848,5064676,11506.657,1619.952,0,8.000,0,2.000,543,604,1.310,1.070,0.730,0,0,0,0,0,10,2,0,9,0
18-06 17:00:33,0.750,0.500,98.754,0,0,917048,1661168,166852,5064676,9026.343,1512.057,0,868.033,0,2.000,521,603,1.310,1.070,0.730,0,0,0,0,0,10,2,0,9,0
18-06 17:00:34,0.250,0,98.995,0,0,908988,1669232,166852,5064676,7071.609,1565.913,0,943.948,0,123.993,491,604,1.310,1.070,0.730,0,0,0,0,0,10,2,0,9,0
18-06 17:00:35,0.500,0.250,98.510,0,0,908984,1669232,166852,5064680,10454.113,1620.173,0,0,0,0,518,594,1.310,1.070,0.730,0,0,0,0,0,10,2,0,9,0
18-06 17:00:36,0.750,2.000,97.260,0,0,908984,1669232,166852,5064680,8312.872,1620.170,0,30819.232,0,140.015,878,889,1.310,1.070,0.730,0,0,0,0,0,10,2,0,9,0
18-06 17:00:37,0.250,0.500,98.749,0,0,907084,1671132,166852,5064680,10244.866,1619.979,0,8.000,0,1.000,498,537,1.290,1.070,0.730,0,0,0,0,0,10,2,0,9,0
18-06 17:00:38,0.250,0.500,98.755,0,0,902624,1675592,166852,5064680,8831.481,1620.088,0,584.032,0,3.000,538,603,1.290,1.070,0.730,0,0,0,0,0,10,2,0,9,0
18-06 17:00:39,0.500,0,98.491,0,0,898204,1680012,166852,5064680,6385.441,1511.868,0,0,0,0,499,606,1.290,1.070,0.730,0,0,1.000,0,0,10,2,0,9,0
18-06 17:00:40,0.250,0.500,98.760,0,0,893764,1684452,166852,5064680,10899.077,1620.160,0,0,0,0,518,591,1.290,1.070,0.730,0,0,0,0,0,10,2,0,9,0
18-06 17:00:41,0.250,0.500,98.751,0,0,888364,1689852,166852,5064680,7103.073,1636.017,0,1660.017,0,8.000,503,565,1.290,1.070,0.730,0,0,0,0,0,10,2,0,9,0
18-06 17:00:42,0.500,0.250,98.999,0,0,884140,1694076,166852,5064680,7315.897,1619.977,0,0,0,0,446,584,1.180,1.050,0.730,0,0,0,0,0,10,2,0,9,0
18-06 17:00:43,0.750,0.500,97.978,0,0,878964,1699220,166852,5064712,22985.870,1619.639,0,3.999,0,1.000,631,624,1.180,1.050,0.730,0,0,0,0,0,10,2,0,9,0
18-06 17:00:44,0.500,0.250,98.492,0.250,0,876892,1701292,166852,5064712,12743.947,1619.866,0,79.993,0,3.000,537,600,1.180,1.050,0.730,0,0,0,0,0,10,2,0,9,0
18-06 17:00:45,0.250,0.250,99.009,0,0,875712,1702468,166856,5064712,11865.049,1512.134,0,36.003,0,1.000,538,595,1.180,1.050,0.730,0,0,0,0,0,10,2,0,9,0
18-06 17:00:46,0.250,0.500,98.504,0,0,875712,1702468,166856,5064712,9212.353,1566.060,0,44.002,0,1.000,518,586,1.180,1.050,0.730,0,0,0,0,0,10,2,0,9,0
18-06 17:00:47,0.500,0.250,99.008,0,0,875712,1702468,166856,5064712,7708.603,1512.118,0,0,0,0,460,540,1.090,1.030,0.720,0,0,0,0,0,10,2,0,9,0
18-06 17:00:48,0.500,0.250,98.742,0,0,872860,1705320,166856,5064712,12972.885,1565.865,0,0,0,0,536,602,1.090,1.030,0.720,0,0,0,0,0,10,2,0,9,0
18-06 17:00:49,0.750,0.250,98.252,0,0,873112,1705068,166856,5064712,13094.224,1620.028,0,216.004,0,33.001,590,662,1.090,1.030,0.720,0,0,1.000,0,0,10,2,0,9,0
18-06 17:00:50,0.750,0.250,98.987,0,0,873112,1705068,166856,5064712,12534.353,1511.801,0,3.999,0,1.000,539,577,1.090,1.030,0.720,0,0,0,0,0,10,2,0,9,0
18-06 17:00:51,0,1.746,96.769,0.249,0,873336,1704844,166856,5064712,9157.128,1562.269,0,25690.638,0,122.707,815,830,1.090,1.030,0.720,1,0,0,0,0,10,2,0,9,0
18-06 17:00:52,0.752,3.760,95.264,0,0,873332,1704844,166856,5064716,13737.026,1516.197,0,63612.086,0,260.722,1220,1113,1,1.020,0.720,0,0,0,0,0,10,2,0,9,0
18-06 17:00:53,0.250,0.250,98.989,0,0,873332,1704844,166856,5064716,11617.674,1619.815,0,0,0,0,509,563,1,1.020,0.720,0,0,0,0,0,10,2,0,9,0
18-06 17:00:54,0.500,0.250,98.475,0,0,873332,1704844,166856,5064716,20139.917,1565.605,0,1475.628,0,16.996,505,608,1,1.020,0.720,0,0,0,0,0,10,2,0,9,0
18-06 17:00:55,1.000,1.500,96.505,0,0,865884,1712292,166856,5064716,6854.389,1554.088,0,8.000,0,1.000,723,653,1,1.020,0.720,0,0,6.000,0,0,10,2,0,9,0
18-06 17:00:56,0.500,0.250,99.018,0,0,865880,1712292,166856,5064720,12030.168,1566.282,0,8.001,0,2.000,546,604,1,1.020,0.720,0,0,0,0,0,10,2,0,9,0
18-06 17:00:57,0.250,0.250,98.504,0,0,865880,1712292,166856,5064720,10399.469,1512.068,0,3132.141,0,18.001,527,617,0.920,1,0.710,1,0,0,0,0,10,2,0,9,0
18-06 17:00:58,6.763,1.753,91.425,0,0,879992,1698180,166856,5064720,142534.180,3302.306,0,0,0,0,1069,854,0.920,1,0.710,1,0,3.006,0,0,10,2,0,4,0
18-06 17:00:59,14.978,3.745,80.383,0,0,887700,1690468,166860,5064720,293706.713,10181.188,0,175.744,0,1.997,2293,1401,0.920,1,0.710,1,0,22.967,0,0,10,2,0,4,0
18-06 17:01:00,13.993,4.248,80.209,0.500,0,881420,1696636,166864,5064828,304763.954,12801.445,107.945,239.877,4.997,30.984,2541,1481,0.920,1,0.710,1,0,21.989,0,0,10,2,0,4,0
