"pcp-dstat 6.2.0 CSV Output"
"Author:","PCP team <pcp@groups.io> and Dag Wieers <dag@wieers.com>",,,,"URL:","https://pcp.io/ and http://dag.wieers.com/home-made/dstat/"
"Host:","np0000094235",,,,"User:","ubuntu"
"Cmdline:","dstat -tcmndrylpg --tcp --output /tmp/devstack_logs/dstat-csv.log",,,,"Date:","04 Jun 2026 04:12:55 UTC"
"system","total usage",,,,,"memory usage",,,,"net/total",,"dsk/total",,"io/total",,"system",,"load avg",,,"procs",,,"paging",,"tcp sockets",,,,
"time","total usage:usr","total usage:sys","total usage:idl","total usage:wai","total usage:stl","used","free","buf","cach","net/total:recv","net/total:send","dsk/total:read","dsk/total:writ","read","writ","int","csw","1m","5m","15m","run","blk","new","in","out","lis","act","syn","tim","clo"
04-06 04:12:55,,1065816,1574736,164244,5015848,,,,,,,1.450,1.130,0.690,3,0,,,,10,5,0,18,0
04-06 04:12:56,23.706,20.711,53.151,0.250,0,1075764,1564448,164352,5015996,29665.604,10482.426,0,1093.957,0,32.938,4983,3001,1.490,1.140,0.700,2,0,214.599,0,0,10,6,0,15,0
04-06 04:12:57,21.731,19.483,56.950,0.500,0,1070736,1569000,164416,5016380,36497.943,13352.272,0,1486.694,0,44.961,4879,2921,1.490,1.140,0.700,3,0,214.811,0,0,10,6,0,15,0
04-06 04:12:58,28.841,21.317,48.402,0.752,0,1075552,1563952,164456,5016536,19752.040,7318.989,0,2239.033,0,181.570,4951,2777,1.490,1.140,0.700,3,0,193.608,0,0,10,5,0,15,1
04-06 04:12:59,28.178,20.697,48.626,0.499,0,1081284,1557792,164512,5017112,41247.175,11382.074,0,1460.289,0,45.883,5314,4222,1.490,1.140,0.700,2,0,198.496,0,0,10,5,0,15,1
04-06 04:13:00,33.248,15.749,49.497,0.500,0,1069672,1569080,164592,5017032,19950.898,8692.520,0,7667.576,0,503.972,4438,2631,1.490,1.140,0.700,2,0,119.993,0,0,10,4,0,11,2
04-06 04:13:01,31.006,17.253,50.509,0.250,0,1050988,1580092,164672,5024608,27329.937,10041.814,0,960.173,0,28.005,5397,4997,1.530,1.160,0.710,5,0,148.027,0,0,10,4,0,11,2
04-06 04:13:02,38.639,18.316,40.144,0.753,0,1033616,1581072,165108,5038912,171761.894,3071.048,0,2292.246,0,78.282,6170,7030,1.530,1.160,0.710,3,0,163.588,0,0,10,4,0,11,2
04-06 04:13:03,39.973,13.491,43.471,1.999,0,1045108,1544884,166036,5059684,8990.019,1618.923,1011.327,1534.979,37.975,32.978,5044,4569,1.530,1.160,0.710,2,0,79.947,0,0,10,4,0,11,2
04-06 04:13:04,30.932,8.731,59.120,0.499,0,1028392,1539760,166504,5078968,11797.149,1562.576,0,9527.123,0,55.878,2733,1447,1.530,1.160,0.710,1,0,11.974,0,0,10,4,0,11,2
04-06 04:13:05,22.002,2.250,73.256,1.250,0,1032916,1518672,167444,5092148,9458.783,1512.125,0,3732.309,0,232.019,2030,1726,1.530,1.160,0.710,1,0,0,0,0,10,4,0,11,2
04-06 04:13:06,21.995,2.499,73.732,1.000,0,1029904,1491280,168640,5118532,13824.612,1619.603,0,2547.376,0,87.978,2016,1501,1.570,1.170,0.710,2,0,0,0,0,10,4,0,11,2
04-06 04:13:07,22.758,3.001,73.527,0.250,0,1045544,1491140,168780,5102832,10410.833,2046.754,0,404.149,0,14.005,1880,1070,1.570,1.170,0.710,1,0,19.007,0,0,10,2,0,11,0
04-06 04:13:08,17.498,2.250,78.989,0.250,0,1062976,1469036,168820,5107296,16391.709,4518.368,0,679.905,0,7.999,1543,788,1.570,1.170,0.710,1,0,16.998,0,0,10,3,0,11,0
04-06 04:13:09,23.002,4.750,71.256,0.250,0,1053240,1476088,168920,5109228,7800.659,1794.152,0,1180.100,0,12.001,8048,13646,1.570,1.170,0.710,3,0,7.001,0,0,10,2,0,11,0
04-06 04:13:10,21.749,5.500,71.497,0,0,1053608,1474436,169000,5110232,6901.757,1619.943,0,14903.475,0,78.997,5799,8642,1.570,1.170,0.710,2,0,10.000,0,0,10,2,0,11,0
04-06 04:13:11,21.253,7.001,69.758,0,0,1054564,1473300,169048,5110324,10182.200,1662.196,0,284.033,0,3.000,11891,21402,1.530,1.170,0.720,2,0,19.002,0,0,10,2,0,11,0
04-06 04:13:12,21.771,3.754,74.071,0,0,1006452,1529524,169056,5102932,11103.646,25274.232,0,1801.727,0,14.013,1811,981,1.530,1.170,0.720,3,0,5.005,0,0,10,2,0,11,0
04-06 04:13:13,0.749,0.749,97.636,0,0,980816,1555284,169056,5102836,13872.821,108593.358,0,982.854,0,93.891,688,589,1.530,1.170,0.720,2,0,0,0,0,10,2,0,11,0
04-06 04:13:14,1.250,1.250,96.973,0,0,978336,1557764,169056,5102836,7408.942,1457.595,0,3.999,0,1.000,681,652,1.530,1.170,0.720,1,0,5.998,0,0,10,2,0,11,0
04-06 04:13:15,0,0.750,98.514,0,0,968092,1568008,169056,5102836,9032.302,1620.234,0,2284.329,0,11.002,555,609,1.530,1.170,0.720,1,0,0,0,0,10,2,0,11,0
04-06 04:13:16,0.500,1.249,97.956,0,0,957948,1578016,169056,5102968,7219.733,1457.341,0,7700.516,0,30.986,586,646,1.400,1.150,0.710,0,0,0,0,0,10,2,0,9,0
04-06 04:13:17,0.500,0.250,98.790,0.250,0,949396,1586568,169056,5102968,8848.587,1620.657,0,1044.423,0,3.001,468,562,1.400,1.150,0.710,0,0,0,0,0,10,2,0,9,0
04-06 04:13:18,0.500,0.250,98.739,0,0,941664,1594300,169056,5102968,5746.376,1619.824,0,7.999,0,2.000,418,544,1.400,1.150,0.710,1,0,0,0,0,10,2,0,9,0
04-06 04:13:19,0.500,0.250,98.267,0.250,0,926848,1609132,169056,5102952,9057.543,1458.248,0,216.037,0,12.002,716,986,1.400,1.150,0.710,0,0,0,0,0,10,2,0,9,0
04-06 04:13:20,0.500,0,98.481,0,0,922052,1613924,169056,5102956,9084.279,1619.693,0,7.998,0,1.000,518,606,1.400,1.150,0.710,0,0,1.000,0,0,10,2,0,9,0
04-06 04:13:21,0.250,2.001,96.775,0.250,0,915912,1620056,169056,5102956,9198.346,1458.372,0,30815.861,0,141.036,872,858,1.290,1.130,0.710,0,0,0,0,0,10,2,0,9,0
04-06 04:13:22,0.500,0.500,98.967,0,0,915912,1620056,169056,5102956,9632.800,1619.462,0,2259.249,0,13.995,469,539,1.290,1.130,0.710,0,0,0,0,0,10,2,0,9,0
04-06 04:13:23,0,0.250,99.006,0,0,913448,1622520,169056,5102956,9440.608,1458.094,0,0,0,0,465,535,1.290,1.130,0.710,0,0,0,0,0,10,2,0,9,0
04-06 04:13:24,0.750,0.250,99.001,0,0,911292,1624676,169056,5102956,10735.158,1620.024,0,120.002,0,21.000,471,542,1.290,1.130,0.710,0,0,0,0,0,10,2,0,9,0
04-06 04:13:25,0,0.250,98.752,0.250,0,906604,1629360,169060,5102956,6167.123,1620.032,0,712.014,0,4.000,452,552,1.290,1.130,0.710,0,0,0,0,0,10,2,0,9,0
04-06 04:13:26,0.500,0.250,98.497,0,0,903820,1632144,169060,5102956,8206.791,1619.959,0,3431.912,0,12.000,491,580,1.190,1.110,0.700,0,0,0,0,0,10,2,0,9,0
04-06 04:13:27,0.250,0.500,98.506,0,0,901108,1634856,169060,5102956,14500.907,1620.101,0,0,0,0,492,526,1.190,1.110,0.700,0,0,0,0,0,10,2,0,9,0
04-06 04:13:28,0.500,0.500,99.256,0,0,897072,1638892,169060,5102956,10065.610,1620.098,0,0,0,0,465,533,1.190,1.110,0.700,0,0,0,0,0,10,2,0,9,0
04-06 04:13:29,0,0.250,98.718,0,0,893508,1642456,169060,5102956,9936.818,1457.533,0,0,0,0,479,550,1.190,1.110,0.700,1,0,0,0,0,10,2,0,9,0
04-06 04:13:30,0.500,0,98.506,0,0,891468,1644496,169060,5102956,8602.488,1620.092,0,100.006,0,3.000,518,620,1.190,1.110,0.700,0,0,1.000,0,0,10,2,0,9,0
04-06 04:13:31,0,0.750,97.992,0,0,891620,1644340,169064,5102956,10057.194,1619.870,0,13258.937,0,482.961,595,593,1.090,1.090,0.700,0,0,0,0,0,10,2,0,9,0
04-06 04:13:32,0.750,0.500,99.017,0,0,891368,1644592,169064,5102956,8680.456,1620.272,0,4.001,0,1.000,466,536,1.090,1.090,0.700,0,0,0,0,0,10,2,0,9,0
04-06 04:13:33,0,0.250,98.729,0,0,891332,1644628,169064,5102956,7275.482,1457.696,0,0,0,0,452,542,1.090,1.090,0.700,0,0,0,0,0,10,2,0,9,0
04-06 04:13:34,1.250,0.250,98.785,0,0,891332,1644628,169064,5102956,8885.128,1620.571,0,120.042,0,19.007,472,564,1.090,1.090,0.700,0,0,0,0,0,10,2,0,9,0
04-06 04:13:35,0.250,0.250,98.975,0,0,891076,1644884,169068,5102956,9113.707,1619.592,0,43.989,0,1.999,460,557,1.090,1.090,0.700,0,0,0,0,0,10,2,0,9,0
04-06 04:13:36,0.500,1.000,98.034,0,0,890904,1645056,169068,5102956,5189.820,1458.512,0,8887.117,0,46.016,582,681,1,1.070,0.700,1,0,0,0,0,10,2,0,9,0
04-06 04:13:37,0.250,4.249,94.223,0,0,891460,1644496,169068,5102960,9292.379,1619.543,0,75842.607,0,317.910,1376,1271,1,1.070,0.700,0,0,0,0,0,10,2,0,9,0
04-06 04:13:38,0.500,0.250,98.995,0,0,891220,1644736,169068,5102960,22330.798,1457.922,0,8.000,0,1.000,474,556,1,1.070,0.700,0,0,0,0,0,10,2,0,9,0
04-06 04:13:39,0.500,0.250,98.996,0,0,891220,1644736,169068,5102960,9805.592,1619.933,0,0,0,0,498,552,1,1.070,0.700,0,0,0,0,0,10,2,0,9,0
04-06 04:13:40,0.250,0.250,98.498,0,0,891192,1644764,169068,5102960,7329.862,1499.972,0,95.998,0,16.000,500,601,1,1.070,0.700,0,0,1.000,0,0,10,2,0,9,0
04-06 04:13:41,0.500,0.250,98.500,0,0,891008,1644956,169072,5102960,3342.983,161.999,0,1475.993,0,3.000,445,570,0.920,1.060,0.690,0,0,0,0,0,10,2,0,8,0
04-06 04:13:42,0.250,0.250,99.009,0,0,891172,1644792,169072,5102960,8940.776,1620.141,0,76.007,0,4.000,467,552,0.920,1.060,0.690,1,0,0,0,0,10,2,0,8,0
04-06 04:13:43,5.251,1.750,92.510,0,0,893184,1642776,169072,5102964,140754.266,3350.363,0,0,0,0,972,786,0.920,1.060,0.690,1,0,3.000,0,0,10,2,0,8,0
04-06 04:13:44,16.001,3.500,79.756,0,0,895252,1640708,169072,5102964,288467.989,10130.737,0,4.000,0,1.000,2281,1352,0.920,1.060,0.690,1,0,22.002,0,0,10,2,0,8,0
04-06 04:13:45,13.000,4.250,80.249,1.000,0,897944,1637908,169076,5103068,305111.682,12609.904,107.999,255.998,5.000,36.000,2475,1483,0.920,1.060,0.690,1,0,22.000,0,0,10,2,0,4,0
