"pcp-dstat 6.2.0 CSV Output"
"Author:","PCP team <pcp@groups.io> and Dag Wieers <dag@wieers.com>",,,,"URL:","https://pcp.io/ and http://dag.wieers.com/home-made/dstat/"
"Host:","np0000094436",,,,"User:","ubuntu"
"Cmdline:","dstat -tcmndrylpg --tcp --output /tmp/devstack_logs/dstat-csv.log",,,,"Date:","23 Jun 2026 08:31:02 UTC"
"system","total usage",,,,,"memory usage",,,,"net/total",,"dsk/total",,"io/total",,"system",,"load avg",,,"procs",,,"paging",,"tcp sockets",,,,
"time","total usage:usr","total usage:sys","total usage:idl","total usage:wai","total usage:stl","used","free","buf","cach","net/total:recv","net/total:send","dsk/total:read","dsk/total:writ","read","writ","int","csw","1m","5m","15m","run","blk","new","in","out","lis","act","syn","tim","clo"
23-06 08:31:02,,1093388,1574716,163592,4989912,,,,,,,1.820,1.210,0.700,2,0,,,,10,4,0,18,2
23-06 08:31:03,24.197,20.455,53.134,0.249,0,1088188,1569364,163644,5000128,145258.370,11876.031,0,1456.814,0,38.915,5081,3195,1.820,1.210,0.700,2,0,221.516,0,0,10,4,0,18,2
23-06 08:31:04,30.483,22.238,45.974,0.500,0,1079588,1562396,163896,5014288,52490.725,2428.645,0,1167.349,0,41.977,5098,2815,1.820,1.210,0.700,4,0,206.885,0,0,10,4,0,13,2
23-06 08:31:05,31.282,22.023,44.796,0.751,0,1059948,1562780,164852,5030024,9013.296,1567.617,0,1925.986,0,63.065,5046,2967,1.820,1.210,0.700,2,0,191.197,0,0,10,4,0,13,2
23-06 08:31:06,34.548,21.127,42.253,0.249,0,1042668,1566092,165192,5042392,7798.416,1610.586,0,1117.468,0,76.553,5360,3595,1.820,1.210,0.700,1,0,195.855,0,0,10,4,0,13,2
23-06 08:31:07,36.738,18.117,43.531,1.258,0,1030116,1551664,166204,5065168,11602.013,1521.840,0,2612.894,0,117.761,4617,3030,1.840,1.220,0.700,3,0,144.937,0,0,10,4,0,13,2
23-06 08:31:08,39.194,17.725,40.692,0.749,0,1028364,1523744,167236,5091000,9476.566,1617.707,0,2604.308,0,79.887,5277,4628,1.840,1.220,0.700,2,0,123.824,0,0,10,4,0,11,2
23-06 08:31:09,39.775,19.012,40.276,0.750,0,1035824,1522900,167964,5082248,18430.680,2101.332,0,1821.154,0,61.039,5967,6482,1.840,1.220,0.700,4,0,182.115,0,0,10,2,0,11,0
23-06 08:31:10,36.785,15.515,41.290,4.755,0,1075756,1482064,167972,5083148,12163.734,1621.564,812.784,11659.248,24.023,615.594,5471,5359,1.840,1.220,0.700,2,1,104.100,0,0,10,2,0,11,0
23-06 08:31:11,27.005,9.252,53.759,9.252,0,1073764,1482652,167988,5084376,29721.025,4561.771,200.034,8381.417,14.002,19.003,2413,1017,1.840,1.220,0.700,2,0,22.004,0,0,10,3,0,11,0
23-06 08:31:12,23.736,6.496,68.710,0.250,0,1055944,1494328,167992,5089620,23984.905,1792.946,0,3905.705,0,136.920,2397,1179,1.770,1.220,0.710,1,0,11.993,0,0,10,2,0,11,0
23-06 08:31:13,23.481,4.996,69.693,0,0,1079680,1470064,167992,5090112,6630.550,1456.803,0,3.997,0,0.999,11684,21440,1.770,1.220,0.710,1,0,5.995,0,0,10,2,0,11,0
23-06 08:31:14,22.540,3.757,72.379,0,0,1074332,1474584,167992,5090772,15073.763,1622.881,0,88.157,0,1.002,5840,8859,1.770,1.220,0.710,1,0,12.021,0,0,10,2,0,11,0
23-06 08:31:15,20.220,7.988,70.396,0,0,1070076,1478736,167992,5090864,18897.174,1617.618,0,15613.010,0,82.878,8881,14663,1.770,1.220,0.710,1,0,14.978,0,0,10,2,0,11,0
23-06 08:31:16,18.244,3.249,78.722,0.250,0,1018848,1538276,168020,5083376,11583.942,131284.015,0,1147.598,0,11.996,1715,946,1.770,1.220,0.710,1,0,4.998,0,0,10,2,0,11,0
23-06 08:31:17,0.250,0,98.484,0,0,1010164,1546960,168020,5083376,13560.848,1619.743,0,0,0,0,538,552,1.630,1.200,0.700,0,0,0,0,0,10,2,0,11,0
23-06 08:31:18,0.500,0.500,98.502,0,0,998964,1558160,168020,5083376,19301.368,1706.033,0,0,0,0,694,642,1.630,1.200,0.700,0,0,1.000,0,0,10,2,0,11,0
23-06 08:31:19,0.250,0,98.995,0,0,987640,1569484,168020,5083376,11655.457,1457.932,0,4.000,0,1.000,503,531,1.630,1.200,0.700,0,0,0,0,0,10,2,0,11,0
23-06 08:31:20,0.750,0.750,98.224,0,0,981792,1575332,168020,5083376,11436.992,1619.574,0,1051.723,0,67.982,568,617,1.630,1.200,0.700,2,0,0,0,0,10,2,0,10,0
23-06 08:31:21,0.500,2.000,97.020,0.250,0,947452,1609672,168024,5083376,15776.315,1620.341,0,23504.940,0,82.017,886,825,1.630,1.200,0.700,0,0,0,0,0,10,2,0,10,0
23-06 08:31:22,0.500,0.250,98.764,0,0,939388,1617736,168024,5083376,23708.332,1620.228,0,0,0,0,528,561,1.500,1.180,0.700,0,0,0,0,0,10,2,0,10,0
23-06 08:31:23,0.250,0.250,99.250,0,0,936808,1620312,168024,5083380,11449.026,1620.004,0,0,0,0,518,558,1.500,1.180,0.700,0,0,0,0,0,10,2,0,10,0
23-06 08:31:24,0.250,0,98.492,0,0,930004,1627116,168024,5083380,8845.315,1543.880,0,0,0,0,460,522,1.500,1.180,0.700,0,0,0,0,0,10,2,0,9,0
23-06 08:31:25,0.250,0.250,98.750,0,0,921912,1635208,168024,5083380,10901.973,1619.996,0,8.000,0,2.000,507,565,1.500,1.180,0.700,0,0,0,0,0,10,2,0,9,0
23-06 08:31:26,0.250,1.750,97.521,0.250,0,917180,1639936,168024,5083384,9469.045,1620.350,0,19444.199,0,107.023,780,804,1.500,1.180,0.700,0,0,0,0,0,10,2,0,9,0
23-06 08:31:27,0.500,0.500,98.228,0.250,0,915328,1641804,168024,5083368,17624.087,1619.640,0,659.854,0,12.997,695,1255,1.380,1.160,0.700,0,0,0,0,0,10,2,0,9,0
23-06 08:31:28,0.500,0.250,98.247,0,0,912244,1644888,168024,5083368,9851.729,1619.955,0,2259.938,0,14.000,559,629,1.380,1.160,0.700,0,0,1.000,0,0,10,2,0,9,0
23-06 08:31:29,0.250,0.500,99.248,0,0,909564,1647568,168024,5083368,10623.835,1457.977,0,0,0,0,460,543,1.380,1.160,0.700,0,0,0,0,0,10,2,0,9,0
23-06 08:31:30,0.250,0.250,98.504,0,0,908400,1648732,168024,5083368,15059.618,1620.066,0,0,0,0,544,560,1.380,1.160,0.700,0,0,0,0,0,10,2,0,9,0
23-06 08:31:31,0.500,0,99.001,0,0,907996,1649132,168028,5083368,10855.141,1458.019,0,408.005,0,26.000,493,543,1.380,1.160,0.700,0,0,0,0,0,10,2,0,9,0
23-06 08:31:32,0.250,0.500,98.745,0,0,904832,1652296,168028,5083368,11469.465,1619.924,0,0,0,0,495,550,1.270,1.140,0.690,1,0,0,0,0,10,2,0,9,0
23-06 08:31:33,0.250,0.250,98.756,0,0,901516,1655612,168028,5083368,24132.413,1620.095,0,120.007,0,5.000,509,582,1.270,1.140,0.690,0,0,0,0,0,10,2,0,9,0
23-06 08:31:34,0.500,0.500,98.753,0,0,899484,1657644,168028,5083368,13381.456,1458.050,0,0,0,0,474,535,1.270,1.140,0.690,0,0,0,0,0,10,2,0,9,0
23-06 08:31:35,1.000,1.250,96.998,0,0,890044,1667088,168028,5083368,11162.813,1619.973,0,0,0,0,672,635,1.270,1.140,0.690,0,0,6.000,0,0,10,2,0,9,0
23-06 08:31:36,0.250,1.750,96.497,0,0,882356,1674776,168028,5083368,7464.741,1457.949,0,34250.812,0,165.994,853,915,1.270,1.140,0.690,0,0,0,0,0,10,2,0,9,0
23-06 08:31:37,0.250,0.500,99.001,0,0,882580,1674552,168028,5083368,7494.077,1620.017,0,4.000,0,1.000,445,569,1.160,1.120,0.690,0,0,0,0,0,10,2,0,9,0
23-06 08:31:38,0.250,0.250,98.760,0,0,882308,1674824,168028,5083368,10425.022,1458.143,0,620.061,0,2.000,579,636,1.160,1.120,0.690,0,0,1.000,0,0,10,2,0,9,0
23-06 08:31:39,0.500,0.500,98.736,0,0,882260,1674872,168028,5083368,13704.113,1619.777,0,3.999,0,1.000,513,533,1.160,1.120,0.690,0,0,0,0,0,10,2,0,9,0
23-06 08:31:40,0.250,0,98.754,0,0,882228,1674904,168028,5083368,12992.518,1620.065,0,0,0,0,516,577,1.160,1.120,0.690,1,0,0,0,0,10,2,0,9,0
23-06 08:31:41,0.500,0.500,98.510,0,0,882228,1674904,168028,5083368,9130.940,1620.167,0,8956.923,0,26.003,520,600,1.160,1.120,0.690,0,0,0,0,0,10,2,0,9,0
23-06 08:31:42,0.250,2.750,95.238,0.500,0,877436,1679696,168028,5083368,13572.340,1619.802,0,58864.798,0,593.927,1184,1094,1.070,1.100,0.680,0,0,0,0,0,10,2,0,9,0
23-06 08:31:43,0.250,0.500,99.014,0,0,877240,1679888,168032,5083368,11347.630,1620.233,0,896.129,0,3.000,536,576,1.070,1.100,0.680,0,0,0,0,0,10,2,0,9,0
23-06 08:31:44,0.500,0.500,98.473,0,0,877532,1679760,168032,5083372,8304.722,1499.589,0,0,0,0,456,544,1.070,1.100,0.680,0,0,0,0,0,10,2,0,9,0
23-06 08:31:45,0.250,0.250,99.017,0,0,877532,1679760,168032,5083372,6972.192,1620.277,0,8.001,0,1.000,469,594,1.070,1.100,0.680,0,0,0,0,0,10,2,0,8,0
23-06 08:31:46,0.250,0.250,98.504,0,0,877532,1679760,168032,5083372,23621.064,1458.066,0,0,0,0,493,565,1.070,1.100,0.680,0,0,0,0,0,10,2,0,8,0
23-06 08:31:47,7.750,1.000,90.246,0,0,872548,1684744,168040,5083364,142746.188,3809.818,0,135.994,0,3.000,1107,884,1.070,1.100,0.690,0,0,4.000,0,0,10,2,0,8,0
23-06 08:31:48,15.503,4.001,79.017,0.500,0,887056,1670092,168064,5083484,293702.351,10602.287,16.003,0,1.000,0,2196,1403,1.070,1.100,0.690,1,0,24.005,0,0,10,2,0,8,0
23-06 08:31:49,12.756,4.002,82.787,0.500,0,870300,1686852,168068,5083480,306233.383,11267.018,92.041,132.059,4.002,4.002,2178,1399,1.070,1.100,0.690,1,0,20.009,0,0,10,2,0,4,0
