"pcp-dstat 6.2.0 CSV Output"
"Author:","PCP team <pcp@groups.io> and Dag Wieers <dag@wieers.com>",,,,"URL:","https://pcp.io/ and http://dag.wieers.com/home-made/dstat/"
"Host:","np0000093869",,,,"User:","ubuntu"
"Cmdline:","dstat -tcmndrylpg --tcp --output /tmp/devstack_logs/dstat-csv.log",,,,"Date:","08 Apr 2026 13:43:01 UTC"
"system","total usage",,,,,"memory usage",,,,"net/total",,"dsk/total",,"io/total",,"system",,"load avg",,,"procs",,,"paging",,"tcp sockets",,,,
"time","total usage:usr","total usage:sys","total usage:idl","total usage:wai","total usage:stl","used","free","buf","cach","net/total:recv","net/total:send","dsk/total:read","dsk/total:writ","read","writ","int","csw","1m","5m","15m","run","blk","new","in","out","lis","act","syn","tim","clo"
08-04 13:43:01,,1044664,1433920,165344,5170996,,,,,,,1.540,1.130,0.690,1,0,,,,10,6,1,15,0
08-04 13:43:02,22.962,20.466,54.910,0.499,0.250,1054292,1423908,165412,5171220,39284.561,10775.325,0,1329.819,0,41.931,5039,3076,1.570,1.140,0.700,4,0,239.607,0,0,10,5,1,15,1
08-04 13:43:03,26.481,20.235,50.963,0.500,0,1062248,1415584,165488,5171452,17920.930,8051.128,0,871.365,0,26.980,4952,2847,1.570,1.140,0.700,4,0,220.839,0,0,10,4,1,15,2
08-04 13:43:04,24.508,21.257,51.767,0.500,0,1059824,1402240,165616,5186452,186129.579,11706.810,0,2896.943,0,131.043,5018,2848,1.570,1.140,0.700,2,0,206.067,0,0,10,4,1,15,2
08-04 13:43:05,37.998,18.999,41.997,0.750,0,1054464,1398244,166064,5194644,8313.470,1631.896,0,1655.894,0,108.993,5120,3692,1.570,1.140,0.700,2,0,169.989,0,0,10,4,1,11,2
08-04 13:43:06,34.406,19.198,44.129,0.499,0,1054424,1375980,166896,5212956,11868.581,1549.767,0,1392.197,0,35.902,4672,2734,1.570,1.140,0.700,2,0,156.572,0,0,10,4,1,11,2
08-04 13:43:07,43.628,17.050,38.613,0.752,0,1044540,1364752,167372,5232248,6945.344,649.904,0,1496.383,0,52.153,5187,5882,2.090,1.260,0.740,2,1,137.402,0,0,10,4,1,11,2
08-04 13:43:08,40.247,14.499,42.246,2.000,0,1036652,1355092,168300,5245780,13617.819,1565.864,651.943,2715.764,18.998,116.990,5916,5948,2.090,1.260,0.740,3,0,133.988,0,0,10,4,1,11,2
08-04 13:43:09,36.247,15.999,43.247,2.500,0,1028672,1332680,169440,5272052,11496.179,1511.892,359.974,11495.179,18.999,93.993,4762,4259,2.090,1.260,0.740,3,1,78.994,0,0,10,4,1,11,2
08-04 13:43:10,22.755,7.251,70.014,0.250,0,1012420,1363692,169624,5257032,11920.434,4367.892,0,2820.576,0,133.027,2297,1190,2.090,1.260,0.740,1,0,14.003,0,0,10,2,1,11,0
08-04 13:43:11,21.992,4.498,71.474,1.000,0,1032036,1344040,169644,5257048,12003.636,1585.424,0,23111.598,0,645.765,2199,1023,2.090,1.260,0.740,2,0,16.994,0,0,10,2,1,11,0
08-04 13:43:12,18.255,2.751,78.022,0.250,0,1029036,1342048,169668,5261804,13399.768,3979.119,0,1752.493,0,13.004,1639,971,2,1.250,0.740,1,0,17.005,0,0,10,2,1,11,0
08-04 13:43:13,22.748,3.000,73.743,0,0,1032672,1337280,169692,5262772,8396.215,1693.842,0,0,0,0,1713,948,2,1.250,0.740,1,0,2.000,0,0,10,2,1,11,0
08-04 13:43:14,17.756,2.501,78.527,0.250,0,1027776,1335536,170092,5267800,21606.472,4970.719,0,1296.448,0,20.007,2085,1551,2,1.250,0.740,1,0,22.008,0,0,10,2,1,11,0
08-04 13:43:15,22.996,4.999,70.739,0,0,1021712,1340892,170164,5268316,10498.375,1639.746,0,83.987,0,1.000,11625,21802,2,1.250,0.740,1,0,8.999,0,0,10,2,1,11,0
08-04 13:43:16,20.985,7.495,69.449,0,0,1019252,1343064,170212,5268480,11524.586,1618.818,0,7194.747,0,37.972,12578,22410,2,1.250,0.740,2,0,19.985,0,0,10,2,1,11,0
08-04 13:43:17,21.762,3.752,74.293,0,0,989476,1385668,170232,5257128,9674.554,1694.973,0,772.443,0,11.006,1696,831,1.920,1.250,0.740,1,0,1.001,0,0,10,2,1,11,0
08-04 13:43:18,9.499,1.500,87.740,0,0,976968,1398260,170232,5257052,12559.556,131384.894,0,7.999,0,2.000,1250,753,1.920,1.250,0.740,0,0,4.000,0,0,10,2,1,10,0
08-04 13:43:19,0.500,0.250,98.752,0,0,968968,1406260,170232,5257052,12868.198,1620.025,0,980.015,0,92.001,552,552,1.920,1.250,0.740,0,0,0,0,0,10,2,1,10,0
08-04 13:43:20,0.250,0,98.755,0,0,961296,1413932,170232,5257052,43498.222,1512.077,0,4.000,0,1.000,542,523,1.920,1.250,0.740,0,0,0,0,0,10,2,1,10,0
08-04 13:43:21,0.750,2.000,97.490,0,0,955080,1420148,170232,5257052,13320.621,1565.838,0,10562.906,0,171.982,795,737,1.920,1.250,0.740,0,0,0,0,0,10,2,1,10,0
08-04 13:43:22,0.250,0,98.976,0.250,0,941636,1433596,170232,5257056,9441.709,1585.615,0,1171.716,0,2.999,524,564,1.770,1.230,0.740,0,0,0,0,0,10,2,1,9,0
08-04 13:43:23,0.750,0.250,98.781,0,0,938452,1436780,170232,5257056,12351.843,1566.487,0,0,0,0,523,541,1.770,1.230,0.740,0,0,0,0,0,10,2,1,9,0
08-04 13:43:24,0,0.250,98.502,0,0,935972,1439256,170232,5257060,9895.195,1512.030,0,8.000,0,2.000,496,529,1.770,1.230,0.740,0,0,0,0,0,10,2,1,9,0
08-04 13:43:25,0.750,0.750,98.266,0,0,933852,1441344,170232,5257092,6042.970,1620.260,0,0,0,0,510,561,1.770,1.230,0.740,0,0,0,0,0,10,2,1,9,0
08-04 13:43:26,0.500,1.499,97.697,0,0,931800,1443396,170232,5257092,9811.705,1565.155,0,21000.667,0,95.948,823,838,1.770,1.230,0.740,1,0,0.999,0,0,10,2,1,9,0
08-04 13:43:27,1.001,0.751,98.085,0,0,928852,1446344,170232,5257092,10034.665,1513.307,0,11121.603,0,70.060,630,639,1.630,1.210,0.730,0,0,0,0,0,10,2,1,9,0
08-04 13:43:28,0,0,98.434,0,0,924732,1450464,170232,5257092,11119.564,1564.953,0,687.540,0,1.999,545,556,1.630,1.210,0.730,0,0,0,0,0,10,2,1,9,0
08-04 13:43:29,10.250,5.000,84.250,0,0,902780,1472424,170232,5257092,13185.023,1512.003,0,0,0,0,2046,5719,1.630,1.210,0.730,0,0,36.000,0,0,10,2,1,10,0
08-04 13:43:30,0.250,0,99.007,0,0,902780,1472424,170232,5257092,7829.541,1694.117,0,132.009,0,23.002,506,543,1.630,1.210,0.730,0,0,0,0,0,10,2,1,9,0
08-04 13:43:31,0.250,0.500,98.770,0,0,901964,1473240,170232,5257092,12383.557,1566.323,0,36.007,0,1.000,527,545,1.630,1.210,0.730,0,0,0,0,0,10,2,1,9,0
08-04 13:43:32,0.250,0,99.016,0,0,899316,1475888,170232,5257092,7562.236,1620.265,0,228.037,0,3.000,469,533,1.500,1.190,0.730,0,0,0,0,0,10,2,1,9,0
08-04 13:43:33,0.500,0.250,98.494,0,0,897104,1478100,170232,5257092,10305.407,1619.907,0,59.997,0,2.000,493,554,1.500,1.190,0.730,0,0,0,0,0,10,2,1,9,0
08-04 13:43:34,0.750,0.250,99.003,0,0,895136,1480068,170232,5257092,7689.196,1512.039,0,0,0,0,460,521,1.500,1.190,0.730,0,0,0,0,0,10,2,1,9,0
08-04 13:43:35,0.250,0.500,98.755,0,0,893000,1482204,170232,5257092,10209.514,1620.082,0,0,0,0,494,527,1.500,1.190,0.730,0,0,0,0,0,10,2,1,9,0
08-04 13:43:36,0.250,0.250,98.995,0,0,891564,1483640,170232,5257092,11408.379,1565.915,0,111.994,0,17.999,562,611,1.500,1.190,0.730,0,0,1.000,0,0,10,2,1,9,0
08-04 13:43:37,0.250,2.000,96.751,0,0,885964,1489240,170232,5257092,11590.162,1404.020,0,26452.369,0,102.001,811,796,1.370,1.170,0.720,0,0,0,0,0,10,2,1,9,0
08-04 13:43:38,0.500,0,98.746,0.250,0,885964,1489240,170232,5257092,10561.553,1187.950,0,539.977,0,3.000,515,558,1.370,1.170,0.720,0,0,0,0,0,10,2,1,9,0
08-04 13:43:39,0.500,0.250,98.999,0,0,885964,1489240,170232,5257092,12727.894,1565.987,0,0,0,0,508,529,1.370,1.170,0.720,0,0,0,0,0,10,2,1,9,0
08-04 13:43:40,0.250,0.250,98.506,0,0,885964,1489240,170232,5257092,11509.678,1566.092,0,0,0,0,500,541,1.370,1.170,0.720,0,0,0,0,0,10,2,1,9,0
08-04 13:43:41,0.250,0.500,99.479,0,0,885964,1489240,170232,5257092,8298.285,1565.676,0,103.979,0,14.997,485,557,1.370,1.170,0.720,0,0,0,0,0,10,2,1,9,0
08-04 13:43:42,0.500,3.000,95.516,0,0,886180,1489020,170232,5257096,10177.655,1512.246,0,58057.443,0,223.036,1141,1027,1.260,1.150,0.720,0,0,0,0,0,10,2,1,9,0
08-04 13:43:43,0.250,0.500,98.497,0,0,886180,1489020,170232,5257096,8801.700,1565.947,0,0,0,0,503,544,1.260,1.150,0.720,0,0,0,0,0,10,2,1,9,0
08-04 13:43:44,0.250,0.250,98.752,0.250,0,886148,1489052,170232,5257096,8208.178,1608.035,0,888.019,0,3.000,485,536,1.260,1.150,0.720,0,0,0,0,0,10,2,1,9,0
08-04 13:43:45,0.250,0,99.002,0,0,886148,1489052,170232,5257096,9994.192,1566.030,0,0,0,0,499,538,1.260,1.150,0.720,0,0,0,0,0,10,2,1,9,0
08-04 13:43:46,0.750,0.250,98.732,0,0,886648,1488552,170232,5257096,11097.980,1693.692,0,0,0,0,563,585,1.260,1.150,0.720,0,0,1.000,0,0,10,2,1,7,0
08-04 13:43:47,0,0.500,98.509,0,0.250,886648,1488552,170232,5257096,10286.991,1566.151,0,3436.331,0,77.007,546,545,1.160,1.130,0.720,0,0,0,0,0,10,2,1,7,0
08-04 13:43:48,0.500,0.250,98.995,0,0,886648,1488552,170232,5257096,11225.465,755.964,0,4.000,0,1.000,508,544,1.160,1.130,0.720,0,0,0,0,0,10,2,1,7,0
08-04 13:43:49,13.752,2.500,82.760,0,0,896132,1479092,170236,5257096,286825.747,7328.913,0,32.004,0,2.000,1764,1103,1.160,1.130,0.720,1,0,7.001,0,0,10,2,1,7,0
08-04 13:43:50,14.499,4.750,79.993,0.500,0,899236,1475872,170240,5257208,333019.360,13430.805,107.990,7.999,5.000,2.000,2622,1492,1.160,1.130,0.720,1,0,31.997,0,0,10,2,1,7,0
08-04 13:43:51,13.502,8.001,77.259,0,0,893680,1481292,170240,5257364,155800.516,5776.687,0,4.000,0,1.000,2522,1396,1.160,1.130,0.720,3,0,31.004,0,0,10,2,1,4,0
