"pcp-dstat 6.2.0 CSV Output"
"Author:","PCP team <pcp@groups.io> and Dag Wieers <dag@wieers.com>",,,,"URL:","https://pcp.io/ and http://dag.wieers.com/home-made/dstat/"
"Host:","np0000093934",,,,"User:","ubuntu"
"Cmdline:","dstat -tcmndrylpg --tcp --output /tmp/devstack_logs/dstat-csv.log",,,,"Date:","13 Apr 2026 17:55:59 UTC"
"system","total usage",,,,,"memory usage",,,,"net/total",,"dsk/total",,"io/total",,"system",,"load avg",,,"procs",,,"paging",,"tcp sockets",,,,
"time","total usage:usr","total usage:sys","total usage:idl","total usage:wai","total usage:stl","used","free","buf","cach","net/total:recv","net/total:send","dsk/total:read","dsk/total:writ","read","writ","int","csw","1m","5m","15m","run","blk","new","in","out","lis","act","syn","tim","clo"
13-04 17:55:59,,976856,1694208,161644,4990468,,,,,,,2.190,1.320,0.760,1,0,,,,10,6,0,18,0
13-04 17:56:00,24.431,19.695,53.848,0.249,0,990696,1679736,161812,4990864,24833.047,11765.856,0,1439.944,0,41.882,5042,3031,2.190,1.320,0.760,2,0,222.374,0,0,10,6,0,18,0
13-04 17:56:01,27.516,19.512,49.530,0.250,0,1009904,1660268,161880,4990992,19619.753,8073.837,0,776.465,0,22.013,4994,2831,2.190,1.320,0.760,1,0,216.129,0,0,10,5,0,18,1
13-04 17:56:02,24.232,21.734,51.461,0.500,0.250,1021728,1647948,162012,4991240,43885.044,10932.790,0,1566.823,0,48.963,4863,2795,2.190,1.320,0.760,2,0,189.857,0,0,10,4,0,18,2
13-04 17:56:03,30.480,21.736,45.720,0.500,0,1034056,1635148,162108,4991884,21784.785,8812.250,0,1079.296,0,30.980,5480,4916,2.190,1.320,0.760,2,0,193.873,0,0,10,4,0,18,2
13-04 17:56:04,32.013,17.007,49.270,0.500,0.250,1029416,1622344,162256,5008248,177602.801,8117.236,0,1208.482,0,32.013,4134,2401,2.170,1.330,0.760,3,0,115.046,0,0,10,4,0,14,2
13-04 17:56:05,38.520,17.509,41.771,0.500,0,1029376,1609376,163068,5018388,10829.566,1566.805,0,1344.691,0,57.029,4830,4833,2.170,1.330,0.760,3,0,125.064,0,0,10,4,0,14,2
13-04 17:56:06,39.707,18.230,40.705,0.499,0,1033720,1588848,163532,5032316,8229.987,1618.228,0,1366.504,0,29.967,5894,6361,2.170,1.330,0.760,5,0,180.802,0,0,10,4,0,14,2
13-04 17:56:07,40.600,14.285,41.101,3.258,0,1049948,1551764,163864,5051148,6265.406,1515.727,1014.495,1371.372,38.094,38.094,5325,5273,2.170,1.330,0.760,2,0,88.217,0,0,10,4,0,14,2
13-04 17:56:08,30.227,10.492,57.207,1.499,0,1046004,1537932,164924,5065092,8770.388,1618.780,0,12858.306,0,174.868,2950,1867,2.170,1.330,0.760,1,0,12.990,0,0,10,4,0,12,2
13-04 17:56:09,22.988,2.249,73.713,0.750,0,1045676,1510396,165844,5089660,7956.962,1619.178,0,2566.697,0,118.940,1867,1422,2.080,1.330,0.770,2,0,0,0,0,10,4,0,12,3
13-04 17:56:10,28.266,5.503,64.535,0.500,0,1063048,1504584,166280,5076976,15550.554,4349.392,0,1236.680,0,57.031,2802,11065,2.080,1.330,0.770,1,0,36.020,0,0,10,2,0,13,0
13-04 17:56:11,21.994,3.999,73.979,0,0,1061972,1505788,166300,5076924,9993.222,809.775,0,1391.613,0,65.982,1938,1043,2.080,1.330,0.770,1,0,18.995,0,0,10,2,0,13,0
13-04 17:56:12,18.254,2.751,77.767,0.500,0,1042884,1519868,166416,5081480,14313.082,3580.771,0,17259.717,0,542.117,1767,906,2.080,1.330,0.770,1,0,16.003,0,0,10,2,0,12,0
13-04 17:56:13,20.500,2.750,75.750,0,0,1033872,1527560,166476,5082648,16789.003,2892.000,0,0,0,0,1904,1068,2.080,1.330,0.770,0,0,19.000,0,0,10,3,0,12,0
13-04 17:56:14,19.039,3.507,76.657,0.251,0,1023776,1531088,166772,5087732,15747.352,3416.018,0,1194.454,0,19.039,2970,3608,1.990,1.320,0.770,2,0,6.012,0,0,10,2,0,12,0
13-04 17:56:15,23.191,4.738,71.068,0,0,1023896,1530320,166844,5088188,8536.197,1615.873,0,83.786,0,0.997,5210,10345,1.990,1.320,0.770,1,0,8.977,0,0,10,2,0,12,0
13-04 17:56:16,20.764,6.754,69.546,0,0,1023156,1530840,166888,5088356,50682.554,1513.002,0,84.056,0,1.001,12044,21700,1.990,1.320,0.770,2,0,19.013,0,0,10,2,0,12,0
13-04 17:56:17,21.495,5.749,71.985,0,0,969676,1597080,166896,5077028,14064.047,67425.843,0,24918.768,0,126.973,2327,1373,1.990,1.320,0.770,1,0,5.999,0,0,10,2,0,12,0
13-04 17:56:18,1.750,0.750,97.243,0,0,941312,1625640,166896,5076928,9062.315,65535.045,0,0,0,0,640,599,1.990,1.320,0.770,0,0,0,0,0,10,2,0,12,0
13-04 17:56:19,0.250,0,98.998,0,0,936124,1630824,166896,5076932,10261.772,1565.965,0,0,0,0,467,535,1.830,1.300,0.760,0,0,0,0,0,10,2,0,12,0
13-04 17:56:20,0.500,0.500,98.529,0,0,931308,1635636,166896,5076936,8219.423,1620.478,0,8.002,0,1.000,485,541,1.830,1.300,0.760,0,0,0,0,0,10,2,0,11,0
13-04 17:56:21,0.250,0,99.244,0,0,927916,1639028,166896,5076936,11081.384,1511.916,0,107.994,0,20.999,510,571,1.830,1.300,0.760,0,0,0,0,0,10,2,0,11,0
13-04 17:56:22,0.500,0.750,98.008,0.250,0,925708,1641236,166896,5076936,10181.867,1620.138,0,12377.054,0,44.004,635,654,1.830,1.300,0.760,0,0,0,0,0,10,2,0,11,0
13-04 17:56:23,0.249,0.498,98.299,0,0,923976,1642968,166896,5076936,9095.299,1558.853,0,7.963,0,1.991,475,552,1.830,1.300,0.760,0,0,0,0,0,10,2,0,11,0
13-04 17:56:24,0.753,0,98.695,0,0,922460,1644484,166896,5076936,14117.648,1518.848,0,871.931,0,126.571,563,542,1.690,1.280,0.760,0,0,0,0,0,10,2,0,11,0
13-04 17:56:25,0.500,0.750,99.004,0,0,921136,1645808,166896,5076936,10851.412,1620.061,0,0,0,0,501,543,1.690,1.280,0.760,0,0,0,0,0,10,2,0,10,0
13-04 17:56:26,0,0.250,98.741,0,0,919976,1646968,166896,5076936,10042.061,1619.849,0,2263.788,0,14.999,506,563,1.690,1.280,0.760,0,0,0,0,0,10,2,0,10,0
13-04 17:56:27,0.500,1.500,97.239,0,0,918032,1648912,166896,5076936,11709.713,1619.822,0,19221.888,0,127.986,846,866,1.690,1.280,0.760,0,0,1.000,0,0,10,2,0,10,0
13-04 17:56:28,0.250,0,98.753,0,0,914560,1652384,166896,5076936,10229.277,1620.044,0,0,0,0,504,550,1.690,1.280,0.760,0,0,0,0,0,10,2,0,10,0
13-04 17:56:29,0.749,0.250,98.176,0,0,911764,1655148,166896,5076968,10194.355,1618.786,0,3.997,0,0.999,595,590,1.550,1.260,0.750,0,0,0,0,0,10,2,0,10,0
13-04 17:56:30,0.250,0.500,98.810,0,0,906100,1660812,166896,5076968,9323.698,1566.958,0,0,0,0,485,531,1.550,1.260,0.750,0,0,0,0,0,10,2,0,10,0
13-04 17:56:31,0.750,0.250,98.712,0,0,901332,1665580,166896,5076968,6567.475,1619.377,0,0,0,0,473,549,1.550,1.260,0.750,0,0,0,0,0,10,2,0,10,0
13-04 17:56:32,0.750,0.250,98.489,0,0,897196,1669716,166896,5076968,12225.604,1511.827,0,791.910,0,19.998,536,570,1.550,1.260,0.750,0,0,0,0,0,10,2,0,10,0
13-04 17:56:33,0.250,0.250,98.513,0,0,894972,1671940,166896,5076968,10506.363,1620.210,0,0,0,0,520,552,1.550,1.260,0.750,0,0,0,0,0,10,2,0,10,0
13-04 17:56:34,0.750,0,98.795,0,0,891680,1675232,166896,5076968,14035.381,1620.737,0,36.016,0,1.000,547,549,1.430,1.240,0.750,0,0,0,0,0,10,2,0,10,0
13-04 17:56:35,0.250,0.750,98.760,0,0,889896,1677016,166896,5076968,12976.325,1620.165,0,4.000,0,1.000,531,550,1.430,1.240,0.750,0,0,0,0,0,10,2,0,10,0
13-04 17:56:36,0.500,0.250,98.980,0,0,889444,1677468,166896,5076968,11058.711,1619.665,0,0,0,0,511,546,1.430,1.240,0.750,0,0,0,0,0,10,2,0,10,0
13-04 17:56:37,0.500,1.999,95.962,0.500,0,889536,1677244,166896,5077100,11734.343,1619.357,0,39492.328,0,157.937,995,1004,1.430,1.240,0.750,0,0,1.000,0,0,10,2,0,10,0
13-04 17:56:38,0.250,0.500,99.003,0,0,889344,1677436,166896,5077100,7648.242,1566.049,0,8.000,0,1.000,486,556,1.430,1.240,0.750,0,0,0,0,0,10,2,0,10,0
13-04 17:56:39,0.500,0,98.745,0,0,889280,1677500,166896,5077100,8090.616,1511.928,0,0,0,0,465,530,1.310,1.220,0.740,0,0,0,0,0,10,2,0,10,0
13-04 17:56:40,0.750,0.250,98.294,0,0,889280,1677500,166896,5077100,12649.704,1620.731,0,0,0,0,508,514,1.310,1.220,0.740,0,0,0,0,0,10,2,0,10,0
13-04 17:56:41,0.250,0.500,98.758,0,0,889280,1677500,166896,5077100,10358.821,1620.128,0,4.000,0,1.000,506,546,1.310,1.220,0.740,0,0,0,0,0,10,2,0,10,0
13-04 17:56:42,0.500,1.998,96.913,0,0,881620,1685160,166900,5077096,11998.233,1456.693,0,33857.617,0,158.857,913,879,1.310,1.220,0.740,1,0,0,0,0,10,2,0,10,0
13-04 17:56:43,0.501,0.751,98.113,0,0,881712,1685072,166900,5077100,10158.660,1621.862,0,14232.335,0,81.093,636,616,1.310,1.220,0.740,0,0,0,0,0,10,2,0,10,0
13-04 17:56:44,0.250,0.250,99.001,0,0,881712,1685072,166900,5077100,12959.112,1620.014,0,4.000,0,1.000,493,522,1.210,1.200,0.740,0,0,0,0,0,10,2,0,10,0
13-04 17:56:45,1.249,1.499,96.671,0,0,863556,1703228,166900,5077100,12494.782,1618.676,0,0,0,0,735,639,1.210,1.200,0.740,0,0,5.995,0,0,10,2,0,9,0
13-04 17:56:46,0.250,0.500,98.802,0,0,863168,1703616,166900,5077100,42449.147,1566.817,0,0,0,0,522,548,1.210,1.200,0.740,0,0,0,0,0,10,2,0,9,0
13-04 17:56:47,0.250,0.250,98.530,0,0,863164,1703616,166904,5077100,13484.136,1512.464,0,808.248,0,3.001,573,599,1.210,1.200,0.740,0,0,1.000,0,0,10,2,0,9,0
13-04 17:56:48,4.249,1.250,94.231,0,0,878532,1688244,166904,5077104,143587.581,3349.314,0,95.980,0,2.999,944,780,1.210,1.200,0.740,1,0,2.999,0,0,10,2,0,9,0
13-04 17:56:49,15.250,3.750,80.248,0,0,879192,1687584,166904,5077104,290920.171,10203.760,0,0,0,0,2285,1346,1.190,1.190,0.740,1,0,21.999,0,0,10,2,0,5,0
13-04 17:56:50,13.999,4.000,79.993,0.250,0,883584,1683080,166908,5077212,306310.016,12752.835,107.990,11.999,5.000,3.000,2453,1421,1.190,1.190,0.740,1,0,21.998,0,0,10,2,0,5,0
