"pcp-dstat 6.2.0 CSV Output"
"Author:","PCP team <pcp@groups.io> and Dag Wieers <dag@wieers.com>",,,,"URL:","https://pcp.io/ and http://dag.wieers.com/home-made/dstat/"
"Host:","np0000094167",,,,"User:","ubuntu"
"Cmdline:","dstat -tcmndrylpg --tcp --output /tmp/devstack_logs/dstat-csv.log",,,,"Date:","28 May 2026 15:07:45 UTC"
"system","total usage",,,,,"memory usage",,,,"net/total",,"dsk/total",,"io/total",,"system",,"load avg",,,"procs",,,"paging",,"tcp sockets",,,,
"time","total usage:usr","total usage:sys","total usage:idl","total usage:wai","total usage:stl","used","free","buf","cach","net/total:recv","net/total:send","dsk/total:read","dsk/total:writ","read","writ","int","csw","1m","5m","15m","run","blk","new","in","out","lis","act","syn","tim","clo"
28-05 15:07:45,,1061612,1586164,163620,5011264,,,,,,,1.380,1.110,0.710,4,0,,,,10,6,0,15,0
28-05 15:07:46,26.195,20.457,50.643,0.499,0,1078216,1569180,163716,5011452,19212.432,8227.627,0,882.137,0,26.943,5053,3106,1.380,1.110,0.710,2,0,233.507,0,0,10,5,0,15,1
28-05 15:07:47,23.237,20.489,53.970,0.500,0,1065644,1581320,163872,5011676,41692.947,11242.784,0,1359.248,0,44.975,4926,2945,1.380,1.110,0.710,2,0,214.881,0,0,10,4,0,15,2
28-05 15:07:48,27.202,21.712,48.914,0.499,0,1065736,1580760,163952,5011948,20024.840,8751.634,0,1034.184,0,30.946,4857,2762,1.380,1.110,0.710,2,0,194.658,0,0,10,4,0,15,2
28-05 15:07:49,29.847,22.882,45.268,0.249,0,1062956,1566480,164072,5028620,176853.668,7843.714,0,1452.540,0,79.591,5468,4670,1.380,1.110,0.710,11,0,200.968,0,0,10,4,0,11,2
28-05 15:07:50,36.496,17.870,44.550,0.755,0,1054196,1559440,165032,5040684,5911.811,1630.983,0,1550.441,0,72.488,4381,2920,1.430,1.130,0.720,2,0,132.895,0,0,10,4,0,11,2
28-05 15:07:51,41.851,19.046,37.591,0.251,0,1034728,1560948,165456,5056628,8776.154,1461.523,0,1331.209,0,31.075,5541,6539,1.430,1.130,0.720,2,0,170.411,0,0,10,4,0,11,2
28-05 15:07:52,38.240,15.996,42.489,1.999,0,1037864,1533448,166204,5077696,11682.920,1619.573,107.972,4002.945,5.998,190.950,5676,5863,1.430,1.130,0.720,2,0,133.965,0,0,10,4,0,11,2
28-05 15:07:53,37.198,14.979,43.939,3.245,0,1020780,1535580,166808,5090196,7056.128,1617.737,902.737,4409.831,31.955,77.891,4772,4378,1.430,1.130,0.720,2,0,78.890,0,0,10,4,0,11,2
28-05 15:07:54,27.250,8.500,61.999,1.000,0,1027272,1501380,168028,5113632,9603.876,1565.980,0,9963.871,0,94.999,2604,1621,1.430,1.130,0.720,1,0,12.000,0,0,10,4,0,11,2
28-05 15:07:55,21.982,3.997,73.439,0,0,1011352,1533164,168152,5097692,7999.402,2192.192,0,1974.372,0,19.984,1917,1138,1.390,1.130,0.720,1,0,18.984,0,0,10,2,0,11,0
28-05 15:07:56,18.261,2.251,78.798,0,0,1027144,1516324,168164,5098732,16827.190,4455.698,0,6852.150,0,32.019,1620,849,1.390,1.130,0.720,2,0,17.010,0,0,10,3,0,11,0
28-05 15:07:57,22.264,3.502,73.548,0.250,0,1033744,1503476,168340,5103924,9075.903,1795.168,0,1008.656,0,12.008,1793,1106,1.390,1.130,0.720,1,0,4.003,0,0,10,2,0,11,0
28-05 15:07:58,22.488,5.747,69.212,0,0,1040824,1495148,168372,5104972,5294.081,1619.107,0,435.760,0,67.963,10597,19452,1.390,1.130,0.720,1,0,11.993,0,0,10,2,0,11,0
28-05 15:07:59,22.768,4.253,70.304,0,0,1032848,1502960,168376,5105092,20941.163,1621.251,0,88.068,0,1.001,9830,18509,1.390,1.130,0.720,1,0,10.008,0,0,10,2,0,11,0
28-05 15:08:00,20.245,5.499,74.231,0,0,1002380,1541460,168392,5097776,10096.371,1619.578,0,1075.720,0,11.997,1934,1111,1.360,1.120,0.720,2,0,10.997,0,0,10,2,0,11,0
28-05 15:08:01,12.997,3.499,82.732,0,0,979588,1564364,168392,5097700,12355.366,154313.107,0,16988.379,0,71.985,1716,1057,1.360,1.120,0.720,0,0,3.999,0,0,10,2,0,11,0
28-05 15:08:02,0.500,0.250,98.945,0,0,979308,1564644,168392,5097700,9661.654,1511.164,0,3.998,0,0.999,513,594,1.360,1.120,0.720,0,0,0,0,0,10,2,0,10,0
28-05 15:08:03,0.500,0.500,98.741,0,0,972244,1571708,168392,5097700,7296.329,1619.851,0,0,0,0,486,569,1.360,1.120,0.720,0,0,0,0,0,10,2,0,10,0
28-05 15:08:04,0.250,0,98.754,0,0,962404,1581548,168392,5097700,10896.459,1458.061,0,104.004,0,18.001,525,612,1.360,1.120,0.720,0,0,0,0,0,10,2,0,10,0
28-05 15:08:05,0.500,0.750,98.749,0.250,0,953608,1590344,168392,5097700,8273.896,1619.980,0,743.991,0,124.998,537,610,1.250,1.100,0.720,0,0,0,0,0,10,2,0,10,0
28-05 15:08:06,0.250,1.000,97.994,0,0,945836,1598124,168396,5097704,5546.678,1457.915,0,13995.189,0,52.997,621,725,1.250,1.100,0.720,0,0,0,0,0,10,2,0,9,0
28-05 15:08:07,0.250,0.250,98.503,0,0,939736,1604224,168396,5097704,10361.271,1620.042,0,0,0,0,545,620,1.250,1.100,0.720,0,0,1.000,0,0,10,2,0,9,0
28-05 15:08:08,0.750,0,98.750,0,0,933848,1610112,168396,5097704,9385.990,1619.998,0,8.000,0,2.000,472,559,1.250,1.100,0.720,0,0,0,0,0,10,2,0,9,0
28-05 15:08:09,0.250,0.250,98.760,0,0,928964,1614868,168396,5097832,4970.525,1620.171,0,92.010,0,15.002,436,593,1.250,1.100,0.720,0,0,0,0,0,10,2,0,9,0
28-05 15:08:10,10.244,4.747,83.951,0,0,929692,1614140,168396,5097832,11274.463,1619.061,0,3.998,0,0.999,1943,11355,1.150,1.090,0.710,0,0,35.979,0,0,10,2,0,9,0
28-05 15:08:11,0.250,2.001,97.048,0,0,925268,1618556,168404,5097832,7255.571,1620.798,0,35117.282,0,606.298,937,875,1.150,1.090,0.710,0,0,0,0,0,10,2,0,9,0
28-05 15:08:12,0.500,0.500,98.754,0,0,915964,1627860,168404,5097832,8974.339,1458.055,0,0,0,0,457,567,1.150,1.090,0.710,0,0,0,0,0,10,2,0,9,0
28-05 15:08:13,0,0,98.741,0,0,912220,1631604,168404,5097832,8929.142,1619.844,0,0,0,0,465,579,1.150,1.090,0.710,1,0,0,0,0,10,2,0,9,0
28-05 15:08:14,0.500,0.250,98.999,0,0,905368,1638456,168404,5097832,5752.966,1619.990,0,4.000,0,1.000,450,584,1.150,1.090,0.710,0,0,0,0,0,10,2,0,9,0
28-05 15:08:15,0.250,0.250,98.508,0,0,899688,1644136,168404,5097832,9290.738,1620.129,0,96.008,0,15.001,483,570,1.060,1.070,0.710,0,0,0,0,0,10,2,0,9,0
28-05 15:08:16,0.500,0.500,98.492,0,0,894464,1649352,168412,5097832,10245.205,1619.874,0,715.944,0,4.000,502,602,1.060,1.070,0.710,0,0,0,0,0,10,2,0,9,0
28-05 15:08:17,0.500,0.500,98.257,0,0,890028,1653752,168412,5097868,10761.769,1620.116,0,0,0,0,574,646,1.060,1.070,0.710,1,0,1.000,0,0,10,2,0,9,0
28-05 15:08:18,0.500,0.250,98.749,0,0,885868,1657912,168412,5097868,7671.924,1619.984,0,0,0,0,453,572,1.060,1.070,0.710,0,0,0,0,0,10,2,0,9,0
28-05 15:08:19,0.250,0.250,99.004,0,0,883520,1660260,168412,5097868,8195.369,1458.066,0,0,0,0,478,565,1.060,1.070,0.710,0,0,0,0,0,10,2,0,9,0
28-05 15:08:20,0.250,0.500,98.727,0,0,882840,1660940,168412,5097868,6900.413,1619.628,0,3.999,0,1.000,436,543,0.970,1.050,0.700,0,0,0,0,0,10,2,0,9,0
28-05 15:08:21,0.250,1.750,96.990,0,0,882848,1660940,168416,5097868,5500.405,1457.842,0,25929.194,0,145.984,819,887,0.970,1.050,0.700,0,0,0,0,0,10,2,0,9,0
28-05 15:08:22,0.499,0.499,98.857,0,0,882716,1661072,168416,5097868,6836.094,1659.595,0,7.988,0,0.999,451,568,0.970,1.050,0.700,0,0,0,0,0,10,2,0,9,0
28-05 15:08:23,0.250,0.250,98.675,0,0,882712,1661072,168420,5097868,9436.726,1460.589,0,36.064,0,1.002,499,572,0.970,1.050,0.700,0,0,0,0,0,10,2,0,9,0
28-05 15:08:24,0.500,0.250,98.754,0,0,882712,1661072,168420,5097868,8396.301,648.023,0,0,0,0,496,546,0.970,1.050,0.700,0,0,0,0,0,10,2,0,9,0
28-05 15:08:25,0.250,0.250,98.738,0,0,882540,1661244,168420,5097868,8452.993,1619.807,0,0,0,0,496,549,0.900,1.030,0.700,0,0,0,0,0,10,2,0,9,0
28-05 15:08:26,0.500,3.996,94.666,0.250,0,882872,1661072,168420,5097868,7831.083,1456.713,0,59559.395,0,261.769,1181,1087,0.900,1.030,0.700,0,0,0,0,0,10,2,0,9,0
28-05 15:08:27,0.500,0.500,98.844,0,0,882844,1661100,168420,5097868,8753.357,1621.548,0,0,0,0,548,636,0.900,1.030,0.700,0,0,1.001,0,0,10,2,0,9,0
28-05 15:08:28,0.500,0.250,98.757,0,0,882844,1661100,168420,5097868,9080.677,1566.117,0,4.000,0,1.000,523,567,0.900,1.030,0.700,0,0,0,0,0,10,2,0,9,0
28-05 15:08:29,0,0.250,98.738,0,0,882844,1661100,168420,5097868,5319.370,1511.821,0,0,0,0,453,576,0.900,1.030,0.700,0,0,0,0,0,10,2,0,9,0
28-05 15:08:30,0.500,0.250,98.507,0,0,882844,1661100,168420,5097868,5415.397,1620.119,0,0,0,0,448,579,0.820,1.010,0.700,0,0,0,0,0,10,2,0,4,0
28-05 15:08:31,0.500,1.500,96.751,0,0,882720,1661224,168420,5097868,9873.071,972.007,0,888.006,0,2.000,699,660,0.820,1.010,0.700,0,0,6.000,0,0,10,2,0,4,0
28-05 15:08:32,12.763,2.753,84.338,0,0,891616,1652328,168420,5097868,285908.688,7203.475,0,200.208,0,18.019,1599,1154,0.820,1.010,0.700,1,0,7.007,0,0,10,2,0,4,0
28-05 15:08:33,13.239,5.246,79.684,0.500,0.500,881372,1662456,168424,5097980,296370.884,13354.910,107.910,0,4.996,0,2400,1517,0.820,1.010,0.700,1,0,31.973,0,0,10,2,0,4,0
28-05 15:08:34,15.493,5.997,76.966,0,0,895860,1647852,168428,5098092,154203.612,5401.639,0,15.993,0,2.999,2221,1284,0.820,1.010,0.700,1,0,22.990,0,0,10,2,0,4,0
