"pcp-dstat 6.2.0 CSV Output"
"Author:","PCP team <pcp@groups.io> and Dag Wieers <dag@wieers.com>",,,,"URL:","https://pcp.io/ and http://dag.wieers.com/home-made/dstat/"
"Host:","np0000094310",,,,"User:","ubuntu"
"Cmdline:","dstat -tcmndrylpg --tcp --output /tmp/devstack_logs/dstat-csv.log",,,,"Date:","11 Jun 2026 07:02:45 UTC"
"system","total usage",,,,,"memory usage",,,,"net/total",,"dsk/total",,"io/total",,"system",,"load avg",,,"procs",,,"paging",,"tcp sockets",,,,
"time","total usage:usr","total usage:sys","total usage:idl","total usage:wai","total usage:stl","used","free","buf","cach","net/total:recv","net/total:send","dsk/total:read","dsk/total:writ","read","writ","int","csw","1m","5m","15m","run","blk","new","in","out","lis","act","syn","tim","clo"
11-06 07:02:45,,1032160,1613260,161528,5015672,,,,,,,1.760,1.190,0.780,2,0,,,,10,3,0,17,0
11-06 07:02:46,30.669,21.443,46.377,0,0,1052908,1592392,161540,5015672,236123.622,6864.760,0,1432.195,0,141.624,6062,4310,1.760,1.190,0.780,2,0,259.311,0,0,10,4,0,11,0
11-06 07:02:47,39.356,21.809,38.103,0.251,0,1075676,1569292,161544,5015976,23792.256,3170.563,0,164.444,0,7.019,5339,3005,1.760,1.190,0.780,3,0,254.688,0,0,10,5,0,11,0
11-06 07:02:48,32.403,21.436,45.364,0,0,1045072,1599688,161616,5016024,25746.811,9614.177,0,869.394,0,26.919,5012,2989,1.780,1.200,0.790,2,0,214.357,0,0,10,5,0,11,0
11-06 07:02:49,32.035,16.017,50.305,0.501,0,1028484,1615876,161740,5016200,45435.565,12123.225,0,3912.268,0,247.270,4733,4606,1.780,1.200,0.790,2,1,132.144,0,0,10,6,0,11,0
11-06 07:02:50,25.257,20.005,52.514,0.750,0,1030380,1613508,161880,5016920,26741.075,11736.105,0,4833.279,0,236.062,5423,4133,1.780,1.200,0.790,6,0,178.047,0,0,10,6,0,11,0
11-06 07:02:51,39.758,14.003,45.259,0.250,0,1039396,1604288,161936,5016752,20285.963,6513.272,0,628.123,0,19.004,4164,3647,1.780,1.200,0.790,1,0,97.019,0,0,10,5,0,11,1
11-06 07:02:52,28.638,15.688,47.563,6.475,0,1025600,1617192,162084,5017248,46580.142,11635.324,262.968,3052.019,11.953,245.038,5964,6451,1.780,1.200,0.790,1,1,139.453,0,0,10,4,0,11,2
11-06 07:02:53,33.153,13.562,50.985,1.758,0,1027292,1614296,162180,5018244,24823.352,9502.776,751.462,1370.313,26.120,30.139,4416,3021,1.800,1.210,0.800,2,0,73.338,0,0,10,4,0,11,2
11-06 07:02:54,25.701,9.482,64.128,0.250,0,996844,1626860,162292,5035128,182683.392,7659.468,0,10356.351,0,33.936,2420,1024,1.800,1.210,0.800,2,0,11.977,0,0,10,4,0,11,2
11-06 07:02:55,22.009,2.251,73.530,1.000,0,1001908,1604872,163124,5049084,9135.673,1512.608,0,1648.663,0,70.028,1897,1330,1.800,1.210,0.800,1,0,1.000,0,0,10,4,0,11,2
11-06 07:02:56,23.253,2.000,73.759,0.250,0,1005328,1582932,163656,5065040,8768.116,1566.199,0,1300.166,0,30.004,1904,1294,1.800,1.210,0.800,1,0,1.000,0,0,10,4,0,11,2
11-06 07:02:57,22.993,2.249,73.728,0.750,0,1010984,1555476,164180,5084360,12666.301,1619.527,0,1679.510,0,62.982,2021,1405,1.800,1.210,0.800,1,0,0,0,0,10,4,0,11,2
11-06 07:02:58,21.500,2.250,73.249,1.250,0,1005912,1542356,165272,5098784,11812.881,1511.985,0,2795.972,0,108.999,2188,1674,1.730,1.210,0.800,1,0,0,0,0,10,4,0,11,2
11-06 07:02:59,23.006,2.501,73.518,1.000,0,1012056,1507968,166188,5123592,12707.133,1566.386,0,2108.520,0,68.017,2071,1435,1.730,1.210,0.800,1,0,0,0,0,10,4,0,11,2
11-06 07:03:00,21.993,2.999,73.726,0.250,0,935668,1596396,166600,5110516,14341.256,1991.341,0,16286.613,0,155.948,2106,1508,1.730,1.210,0.800,1,0,1.999,0,0,10,2,0,11,0
11-06 07:03:01,22.008,4.002,73.278,0,0,971012,1561024,166628,5110516,14464.444,1566.590,0,0,0,0,2000,1052,1.730,1.210,0.800,1,0,33.012,0,0,10,2,0,11,0
11-06 07:03:02,17.742,2.249,78.965,0.500,0,970772,1555496,166836,5115456,20314.096,4690.944,0,1671.267,0,17.992,1610,866,1.730,1.210,0.800,1,0,1.999,0,0,10,2,0,11,0
11-06 07:03:03,23.267,5.254,70.551,0,0,971976,1552536,166924,5116920,10295.509,1621.182,0,8.006,0,2.001,12086,22066,1.670,1.200,0.800,1,0,7.005,0,0,10,2,0,11,0
11-06 07:03:04,21.742,4.748,72.475,0,0,964656,1558652,167008,5117824,16474.263,132117.993,0,87.969,0,1.000,2922,2728,1.670,1.200,0.800,2,0,11.996,0,0,10,2,0,11,0
11-06 07:03:05,20.749,7.000,70.498,0,0,962788,1560352,167052,5117916,13505.658,1619.959,0,303.992,0,4.000,11904,21019,1.670,1.200,0.800,1,0,15.000,0,0,10,2,0,11,0
11-06 07:03:06,17.995,2.999,77.730,0,0,900228,1631028,167068,5110532,12344.748,1511.602,0,1723.546,0,11.997,1836,1028,1.670,1.200,0.800,0,0,5.998,0,0,10,2,0,9,0
11-06 07:03:07,0.500,0.250,98.746,0.250,0,895836,1635420,167068,5110532,13432.455,1619.934,0,979.960,0,155.994,582,572,1.670,1.200,0.800,0,0,0,0,0,10,2,0,9,0
11-06 07:03:08,0.500,0.250,98.714,0,0,891680,1639576,167068,5110532,13368.123,1619.409,0,0,0,0,553,544,1.540,1.180,0.790,0,0,0,0,0,10,2,0,9,0
11-06 07:03:09,0.250,0.500,99.029,0,0,887848,1643408,167068,5110532,14120.107,1620.471,0,12.003,0,3.001,577,554,1.540,1.180,0.790,0,0,0,0,0,10,2,0,9,0
11-06 07:03:10,0.750,1.500,97.497,0,0,886956,1644292,167068,5110536,12081.683,1565.959,0,9935.739,0,45.999,745,710,1.540,1.180,0.790,0,0,0,0,0,10,2,0,9,0
11-06 07:03:11,0,0.250,98.509,0,0,883784,1647476,167068,5110536,8894.835,1512.142,0,964.090,0,2.000,522,582,1.540,1.180,0.790,0,0,0,0,0,10,2,0,9,0
11-06 07:03:12,0.500,0.250,99.009,0,0,883288,1647972,167068,5110536,12842.206,1620.152,0,2296.216,0,15.001,563,556,1.540,1.180,0.790,0,0,0,0,0,10,2,0,9,0
11-06 07:03:13,0.500,1.250,97.497,0,0,881544,1649716,167068,5110536,11998.586,1403.952,0,0,0,0,628,551,1.420,1.160,0.790,3,0,3.000,0,0,10,2,0,9,0
11-06 07:03:14,0.750,0.750,98.235,0,0,881544,1649716,167068,5110536,10261.409,1187.816,0,0,0,0,608,584,1.420,1.160,0.790,0,0,3.000,0,0,10,2,0,9,0
11-06 07:03:15,0.250,2.000,96.755,0,0,880016,1651244,167068,5110536,13104.658,1620.081,0,32213.617,0,164.008,1061,984,1.420,1.160,0.790,0,0,0,0,0,10,2,0,9,0
11-06 07:03:16,0.250,0.500,98.470,0,0,880016,1651244,167068,5110536,12484.199,1619.507,0,0,0,0,579,590,1.420,1.160,0.790,0,0,1.000,0,0,10,2,0,9,0
11-06 07:03:17,0.250,0.750,98.525,0,0,878680,1652580,167068,5110536,12828.221,1566.393,0,796.200,0,2.001,569,538,1.420,1.160,0.790,2,0,0,0,0,10,2,0,9,0
11-06 07:03:18,1.000,0,99.014,0,0,878680,1652580,167068,5110536,12696.810,1620.231,0,0,0,0,563,547,1.300,1.150,0.790,0,0,0,0,0,10,2,0,9,0
11-06 07:03:19,0.250,0.250,98.977,0,0,877512,1653748,167068,5110536,9543.782,1511.649,0,0,0,0,539,569,1.300,1.150,0.790,0,0,0,0,0,10,2,0,9,0
11-06 07:03:20,0.250,0.250,98.739,0,0,877512,1653748,167068,5110536,13295.574,1619.826,0,0,0,0,565,546,1.300,1.150,0.790,0,0,0,0,0,10,2,0,9,0
11-06 07:03:21,0.250,0.500,97.270,0.500,0,877148,1654112,167068,5110536,12438.534,1566.319,0,15723.203,0,530.108,734,691,1.300,1.150,0.790,0,0,0,0,0,10,2,0,9,0
11-06 07:03:22,0.750,0.250,98.991,0.250,0,877400,1654112,167072,5110536,10786.054,1565.863,0,51.995,0,3.000,537,565,1.300,1.150,0.790,0,0,0,0,0,10,2,0,9,0
11-06 07:03:23,0.250,0.250,98.494,0,0,877400,1654112,167072,5110536,12387.215,1565.901,0,127.992,0,22.999,566,566,1.200,1.130,0.780,0,0,0,0,0,10,2,0,9,0
11-06 07:03:24,0.750,0.250,99.007,0,0,877400,1654112,167072,5110536,10433.733,1620.114,0,0,0,0,538,561,1.200,1.130,0.780,0,0,0,0,0,10,2,0,9,0
11-06 07:03:25,0,0.250,98.524,0,0,877400,1654112,167072,5110536,13868.441,1662.412,0,0,0,0,550,559,1.200,1.130,0.780,0,0,0,0,0,10,2,0,9,0
11-06 07:03:26,0.500,1.250,97.236,0,0,877624,1653888,167072,5110536,24840.402,1619.765,0,16893.553,0,100.985,895,821,1.200,1.130,0.780,0,0,1.000,0,0,10,2,0,9,0
11-06 07:03:27,0.750,0.250,98.996,0,0,877620,1653888,167072,5110540,9384.649,1619.939,0,12.000,0,2.000,531,558,1.200,1.130,0.780,0,0,0,0,0,10,2,0,9,0
11-06 07:03:28,0.250,0.500,98.469,0,0.250,877624,1653888,167072,5110540,13215.885,1565.513,0,403.874,0,1.999,580,566,1.100,1.110,0.780,0,0,0,0,0,10,2,0,9,0
11-06 07:03:29,11.006,5.503,83.043,0,0,882560,1648952,167072,5110540,13723.071,1620.835,0,96.049,0,15.008,2106,8506,1.100,1.110,0.780,0,0,36.019,0,0,10,2,0,10,0
11-06 07:03:30,0.500,0,98.749,0,0,878524,1652988,167072,5110540,12462.873,1511.985,0,0,0,0,551,540,1.100,1.110,0.780,0,0,0,0,0,10,2,0,10,0
11-06 07:03:31,0.250,4.000,93.989,0.750,0,876612,1654900,167072,5110540,9559.857,1565.813,0,75490.970,0,307.963,1408,1218,1.100,1.110,0.780,2,0,0,0,0,10,2,0,9,0
11-06 07:03:32,0.750,0.500,98.756,0,0,874092,1657420,167072,5110540,12015.722,1512.091,0,0,0,0,559,540,1.100,1.110,0.780,0,0,0,0,0,10,2,0,9,0
11-06 07:03:33,0.250,0.250,98.748,0.250,0,872132,1659376,167072,5110544,12140.743,1619.966,0,1223.974,0,6.000,557,569,1.010,1.090,0.770,0,0,0,0,0,10,2,0,9,0
11-06 07:03:34,0.500,0.500,98.756,0,0,870176,1661332,167072,5110544,8407.531,1026.065,0,0,0,0,483,537,1.010,1.090,0.770,0,0,0,0,0,10,2,0,9,0
11-06 07:03:35,11.750,2.250,85.001,0,0,890824,1640684,167072,5110544,286632.676,7130.091,0,96.001,0,14.000,1704,1089,1.010,1.090,0.770,2,0,7.000,0,0,10,2,0,4,0
11-06 07:03:36,13.250,5.250,80.253,0.500,0,895420,1635976,167076,5110652,300176.940,13300.485,108.004,0,5.000,0,2688,1552,1.010,1.090,0.770,2,0,33.001,0,0,10,2,0,4,0
11-06 07:03:37,16.757,5.502,76.781,0,0,888964,1642300,167076,5110784,159110.369,5592.262,0,92.037,0,4.002,2434,1306,1.010,1.090,0.770,1,0,25.010,0,0,10,2,0,4,0
