"pcp-dstat 6.2.0 CSV Output"
"Author:","PCP team <pcp@groups.io> and Dag Wieers <dag@wieers.com>",,,,"URL:","https://pcp.io/ and http://dag.wieers.com/home-made/dstat/"
"Host:","np0000094257",,,,"User:","ubuntu"
"Cmdline:","dstat -tcmndrylpg --tcp --output /tmp/devstack_logs/dstat-csv.log",,,,"Date:","05 Jun 2026 17:32:46 UTC"
"system","total usage",,,,,"memory usage",,,,"net/total",,"dsk/total",,"io/total",,"system",,"load avg",,,"procs",,,"paging",,"tcp sockets",,,,
"time","total usage:usr","total usage:sys","total usage:idl","total usage:wai","total usage:stl","used","free","buf","cach","net/total:recv","net/total:send","dsk/total:read","dsk/total:writ","read","writ","int","csw","1m","5m","15m","run","blk","new","in","out","lis","act","syn","tim","clo"
05-06 17:32:46,,1032196,1621544,162808,5007708,,,,,,,1.260,0.990,0.660,4,0,,,,10,4,1,17,0
05-06 17:32:47,36.929,20.960,41.420,0,0,1056072,1597380,162816,5007988,21420.767,3480.301,0,1429.249,0,144.721,5561,3455,1.260,0.990,0.660,3,0,296.429,0,0,10,5,1,17,0
05-06 17:32:48,26.261,21.259,51.022,0.250,0,1058032,1595260,162884,5008060,24190.219,8423.558,0,868.367,0,27.011,5070,3112,1.260,0.990,0.660,2,0,244.103,0,0,10,5,1,13,0
05-06 17:32:49,21.483,20.484,55.456,0.250,0,1060020,1592984,162976,5008184,38797.934,9572.335,0,1035.171,0,34.972,4677,2726,1.260,0.990,0.660,2,0,185.851,0,0,10,6,1,13,0
05-06 17:32:50,31.793,16.272,50.068,0.501,0,1042364,1610136,163088,5008528,23319.795,11131.177,0,1177.606,0,35.048,4762,4158,1.260,0.990,0.660,5,0,131.179,0,0,10,6,1,13,0
05-06 17:32:51,27.667,20.190,51.097,0.249,0,1034944,1617252,163172,5008868,18534.618,7888.429,0,913.271,0,31.905,4823,2652,1.320,1.010,0.660,2,0,173.482,0,0,10,5,1,13,1
05-06 17:32:52,37.506,16.002,44.757,0.250,0,1018532,1633160,163304,5009340,39728.915,10795.607,0,2276.339,0,170.025,4988,5918,1.320,1.010,0.660,1,0,119.018,0,0,10,4,1,11,2
05-06 17:32:53,34.352,15.045,47.641,1.254,0,1034068,1616588,163396,5009768,20219.891,8019.754,653.937,1039.078,19.056,26.077,5593,5412,1.320,1.010,0.660,1,0,133.395,0,0,10,4,1,11,2
05-06 17:32:54,29.405,16.447,51.833,0.997,0,1035956,1606272,163516,5017536,142862.286,10852.004,358.843,9449.526,18.939,40.868,4661,3913,1.320,1.010,0.660,3,0,79.743,0,0,10,4,1,11,2
05-06 17:32:55,26.549,6.763,65.622,0.751,0,1033116,1595304,163764,5030216,50162.508,3228.017,0,2091.900,0,44.082,2388,1326,1.320,1.010,0.660,1,0,13.024,0,0,10,4,1,11,2
05-06 17:32:56,21.750,3.500,73.250,0.500,0,1040808,1569052,164712,5045724,11603.070,1500.009,0,16600.101,0,634.004,2113,1391,1.290,1.010,0.660,1,0,0,0,0,10,4,1,11,2
05-06 17:32:57,23.235,1.999,73.451,0.250,0,1040476,1554872,165064,5058072,8874.091,1618.922,0,763.492,0,25.983,1885,1276,1.290,1.010,0.660,0,1,0.999,0,0,10,4,1,11,2
05-06 17:32:58,21.263,2.752,73.545,1.501,0,1030456,1537924,166164,5081080,9971.058,1620.985,0,3137.907,0,139.085,2070,1761,1.290,1.010,0.660,1,0,0,0,0,10,4,1,11,2
05-06 17:32:59,22.748,1.750,73.493,0.750,0,1034660,1504276,167064,5106972,6876.355,1619.848,0,1883.823,0,66.994,1859,1340,1.290,1.010,0.660,1,0,0,0,0,10,4,1,11,2
05-06 17:33:00,22.449,2.993,73.582,0.499,0,1022064,1527956,167528,5094764,7274.358,2095.207,0,1205.243,0,43.900,1858,1185,1.290,1.010,0.660,1,0,1.995,0,0,10,2,1,11,0
05-06 17:33:01,18.793,3.257,77.427,0,0,1034576,1515404,167556,5094772,13990.913,2898.612,0,0,0,0,1735,912,1.270,1.010,0.670,1,0,33.075,0,0,10,3,1,11,0
05-06 17:33:02,21.046,3.508,74.163,0.501,0,1005500,1538060,167804,5100280,11957.219,3470.610,0,16776.788,0,97.213,1846,1062,1.270,1.010,0.670,1,0,2.004,0,0,10,2,1,11,0
05-06 17:33:03,22.490,3.998,71.968,0,0,1025680,1516728,167864,5101168,17578.250,1457.357,0,2263.002,0,15.993,4093,6061,1.270,1.010,0.670,2,0,5.997,0,0,10,2,1,11,0
05-06 17:33:04,22.714,5.491,71.139,0,0,1054568,1486572,167912,5102172,11344.252,1617.469,0,127.800,0,2.995,8149,14024,1.270,1.010,0.670,1,0,7.988,0,0,10,2,1,10,0
05-06 17:33:05,24.261,6.503,67.532,0,0,1049564,1491624,167952,5102100,17901.438,131487.980,0,0,0,0,8208,15002,1.270,1.010,0.670,1,0,13.006,0,0,10,2,1,10,0
05-06 17:33:06,20.232,5.495,72.934,0.250,0,975688,1573516,168012,5094736,10512.513,1618.539,0,2070.132,0,24.977,1931,1506,1.250,1.010,0.670,1,0,7.993,0,0,10,2,1,10,0
05-06 17:33:07,10.497,2.999,86.974,0,0,953072,1595956,168012,5094892,14086.747,1619.511,0,9861.023,0,44.986,1404,959,1.250,1.010,0.670,0,0,4.998,0,0,10,2,1,10,0
05-06 17:33:08,0.250,0.500,98.504,0,0,950724,1598304,168012,5094892,5030.229,1458.066,0,1264.058,0,197.009,534,568,1.250,1.010,0.670,0,0,0,0,0,10,2,1,9,0
05-06 17:33:09,0.250,0,98.769,0,0,943132,1605896,168012,5094892,9636.875,1620.315,0,8.002,0,2.000,486,548,1.250,1.010,0.670,0,0,0,0,0,10,2,1,9,0
05-06 17:33:10,10.005,4.502,83.794,0,0.250,940032,1608996,168012,5094892,8978.677,1620.844,0,4.002,0,1.001,1899,9133,1.250,1.010,0.670,0,0,36.019,0,0,10,2,1,10,0
05-06 17:33:11,0.500,0.250,99.221,0,0,937320,1611708,168012,5094892,3907.858,775.773,0,19.994,0,2.999,424,560,1.150,0.990,0.660,0,0,0,0,0,10,2,1,10,0
05-06 17:33:12,0.500,0.750,97.994,0,0,934940,1614084,168016,5094892,8975.416,1477.904,0,14039.087,0,42.997,618,651,1.150,0.990,0.660,0,0,0,0,0,10,2,1,9,0
05-06 17:33:13,0.250,0.500,98.991,0,0,932864,1616160,168016,5094892,15310.572,1639.847,0,0,0,0,548,555,1.150,0.990,0.660,0,0,0,0,0,10,2,1,9,0
05-06 17:33:14,0,0,98.956,0,0,931048,1617976,168016,5094892,9300.865,1585.295,0,0,0,0,477,538,1.150,0.990,0.660,0,0,0,0,0,10,2,1,9,0
05-06 17:33:15,1.000,0.500,98.750,0,0,929452,1619568,168016,5094896,9647.012,1694.002,0,4.000,0,1.000,482,532,1.150,0.990,0.660,0,0,0,0,0,10,2,1,9,0
05-06 17:33:16,0.500,0,98.778,0,0,925184,1623836,168016,5094896,5405.534,1640.466,0,12.003,0,2.001,476,559,1.050,0.970,0.660,1,0,0,0,0,10,2,1,9,0
05-06 17:33:17,0.250,1.750,97.253,0.500,0,919836,1629180,168016,5094896,9863.352,1512.054,0,21460.766,0,110.004,910,902,1.050,0.970,0.660,0,0,1.000,0,0,10,2,1,9,0
05-06 17:33:18,0.750,1.500,97.014,0,0,904560,1644456,168016,5094896,9166.291,1694.239,0,0,0,0,705,622,1.050,0.970,0.660,0,0,6.001,0,0,10,2,1,9,0
05-06 17:33:19,0.250,0.250,98.492,0,0,899508,1649508,168016,5094896,9505.266,1619.875,0,0,0,0,477,549,1.050,0.970,0.660,0,0,0,0,0,10,2,1,9,0
05-06 17:33:20,0.500,0,98.988,0,0,891844,1657172,168016,5094896,7579.067,1457.821,0,0,0,0,463,540,1.050,0.970,0.660,0,0,0,0,0,10,2,1,9,0
05-06 17:33:21,0.250,0.250,99.263,0,0,887500,1661516,168016,5094896,10669.426,1620.217,0,4.001,0,1.000,477,550,0.970,0.950,0.660,0,0,0,0,0,10,2,1,9,0
05-06 17:33:22,0.500,0.500,98.505,0,0,884144,1664872,168016,5094896,7318.370,1694.086,0,760.038,0,4.000,478,573,0.970,0.950,0.660,0,0,0,0,0,10,2,1,9,0
05-06 17:33:23,0,0,98.772,0,0,882104,1666912,168016,5094896,6001.334,1620.360,0,0,0,0,440,544,0.970,0.950,0.660,0,0,0,0,0,10,2,1,9,0
05-06 17:33:24,0.500,0.250,98.961,0,0,880316,1668700,168016,5094896,5450.829,1619.355,0,143.943,0,24.990,460,556,0.970,0.950,0.660,0,0,0,0,0,10,2,1,9,0
05-06 17:33:25,0.500,0.250,99.248,0,0,879492,1669524,168016,5094896,10887.835,1619.975,0,0,0,0,465,533,0.970,0.950,0.660,0,0,0,0,0,10,2,1,9,0
05-06 17:33:26,0.500,0,98.517,0,0,879240,1669776,168016,5094896,6621.124,1620.275,0,0,0,0,429,541,0.890,0.940,0.650,0,0,0,0,0,10,2,1,9,0
05-06 17:33:27,0,2.250,96.498,0,0,879240,1669776,168016,5094896,8827.845,1619.972,0,32987.420,0,202.996,991,943,0.890,0.940,0.650,0,0,1.000,0,0,10,2,1,9,0
05-06 17:33:28,0.500,0.500,99.251,0,0,879236,1669776,168016,5094896,6922.071,1458.015,0,4.000,0,1.000,472,544,0.890,0.940,0.650,0,0,0,0,0,10,2,1,9,0
05-06 17:33:29,0.250,0.250,98.739,0,0,879236,1669776,168016,5094896,9135.978,1619.819,0,95.989,0,15.998,488,552,0.890,0.940,0.650,0,0,0,0,0,10,2,1,9,0
05-06 17:33:30,0.500,0,98.508,0,0,879236,1669776,168016,5094896,7409.567,1694.130,0,0,0,0,451,533,0.890,0.940,0.650,0,0,0,0,0,10,2,1,9,0
05-06 17:33:31,0.250,0.250,99.252,0,0,879236,1669776,168016,5094896,5779.128,1458.032,0,0,0,0,416,534,0.820,0.920,0.650,0,0,0,0,0,10,2,1,9,0
05-06 17:33:32,0.250,3.250,95.247,0.250,0,879172,1669836,168016,5094900,7932.738,1619.947,0,56934.122,0,223.993,1082,1065,0.820,0.920,0.650,0,0,0,0,0,10,2,1,9,0
05-06 17:33:33,0.750,0.750,98.476,0,0,879092,1669884,168016,5094932,14011.655,1661.603,0,3.999,0,1.000,600,589,0.820,0.920,0.650,0,0,0,0,0,10,2,1,8,0
05-06 17:33:34,0.750,0.250,98.512,0,0,879092,1669884,168016,5094932,8849.100,1458.181,0,8.001,0,1.000,490,547,0.820,0.920,0.650,0,0,0,0,0,10,2,1,8,0
05-06 17:33:35,0.250,0.250,98.836,0,0,879088,1669884,168016,5094936,10037.323,850.587,0,95.841,0,15.973,502,550,0.820,0.920,0.650,0,0,0,0,0,10,2,1,8,0
05-06 17:33:36,13.530,2.004,83.687,0,0,877736,1671232,168020,5094936,286837.379,7278.274,0,0,0,0,1750,1069,0.750,0.910,0.650,1,0,7.016,0,0,10,2,1,8,0
05-06 17:33:37,11.737,4.745,80.160,1.498,0,874780,1674080,168024,5095040,297449.887,13351.048,107.879,994.886,4.994,3.996,2647,1565,0.750,0.910,0.650,1,0,32.963,0,0,10,2,1,4,0
05-06 17:33:38,16.014,6.005,77.316,0,0,897152,1651584,168024,5095164,154861.118,5726.923,0,4.003,0,1.001,2323,1287,0.750,0.910,0.650,1,0,23.020,0,0,10,2,1,4,0
