"pcp-dstat 6.2.0 CSV Output"
"Author:","PCP team <pcp@groups.io> and Dag Wieers <dag@wieers.com>",,,,"URL:","https://pcp.io/ and http://dag.wieers.com/home-made/dstat/"
"Host:","np0000093849",,,,"User:","ubuntu"
"Cmdline:","dstat -tcmndrylpg --tcp --output /tmp/devstack_logs/dstat-csv.log",,,,"Date:","06 Apr 2026 11:49:51 UTC"
"system","total usage",,,,,"memory usage",,,,"net/total",,"dsk/total",,"io/total",,"system",,"load avg",,,"procs",,,"paging",,"tcp sockets",,,,
"time","total usage:usr","total usage:sys","total usage:idl","total usage:wai","total usage:stl","used","free","buf","cach","net/total:recv","net/total:send","dsk/total:read","dsk/total:writ","read","writ","int","csw","1m","5m","15m","run","blk","new","in","out","lis","act","syn","tim","clo"
06-04 11:49:51,,1060456,1626544,161148,4977304,,,,,,,1.430,1.100,0.670,2,0,,,,10,5,1,15,1
06-04 11:49:52,21.190,20.692,56.591,0.499,0.249,1058068,1628512,161280,4977516,39649.633,10974.176,0,1112.874,0,35.899,5101,3133,1.400,1.100,0.670,1,0,249.300,0,0,10,4,1,15,2
06-04 11:49:53,24.988,20.490,52.974,0.250,0,1077484,1608700,161368,4977764,21542.599,8230.026,0,1911.077,0,113.945,4890,2753,1.400,1.100,0.670,2,0,206.900,0,0,10,4,1,15,2
06-04 11:49:54,23.760,20.759,53.023,0.250,0,1071492,1605000,161492,4987020,140995.135,12201.377,0,1372.605,0,38.017,4976,2814,1.400,1.100,0.670,2,0,187.082,0,0,10,4,1,15,2
06-04 11:49:55,38.072,16.782,43.582,0.501,0,1059876,1604176,161800,4998252,49895.326,3975.516,0,8147.403,0,524.992,4891,4223,1.400,1.100,0.670,2,0,133.252,0,0,10,4,1,11,2
06-04 11:49:56,32.653,22.184,43.372,0.499,0,1039636,1606772,162648,5013192,9926.635,1615.222,0,1694.986,0,46.861,5063,3104,1.400,1.100,0.670,7,0,175.481,0,0,10,4,1,11,2
06-04 11:49:57,45.799,15.266,38.541,0.250,0,1032896,1600136,162956,5024556,7663.210,1695.817,0,708.759,0,18.019,5079,5321,1.440,1.110,0.680,2,0,120.129,0,0,10,4,1,11,2
06-04 11:49:58,38.548,16.771,40.550,2.253,0,1049000,1559912,163740,5045288,5929.338,1622.007,652.808,2867.549,19.024,116.144,6173,6904,1.440,1.110,0.680,2,0,155.192,0,0,10,4,1,11,2
06-04 11:49:59,35.206,16.729,46.193,1.498,0,1055292,1526044,164704,5069240,9393.308,1510.120,359.552,10982.330,18.976,79.901,4111,3112,1.440,1.110,0.680,2,0,61.923,0,0,10,4,1,11,2
06-04 11:50:00,22.497,3.749,71.989,0.750,0,1047672,1519416,165536,5080440,8853.687,2112.687,0,2291.660,0,73.989,2118,1487,1.440,1.110,0.680,1,0,8.999,0,0,10,5,1,11,2
06-04 11:50:01,19.503,2.500,77.512,0.250,0,1045992,1538568,165552,5063364,16665.686,3832.618,0,140.023,0,8.001,1665,881,1.440,1.110,0.680,1,0,4.001,0,0,10,2,1,11,0
06-04 11:50:02,21.748,3.500,73.743,0,0,1062308,1522208,165580,5063380,8804.154,1483.857,0,4.000,0,1.000,1914,988,1.410,1.110,0.680,0,0,32.997,0,0,10,2,2,11,0
06-04 11:50:03,17.249,2.500,79.493,0,0,1054216,1525016,165804,5067876,19655.316,3727.681,0,2507.785,0,95.992,1469,743,1.410,1.110,0.680,1,0,1.000,0,0,10,2,1,11,0
06-04 11:50:04,22.256,3.251,73.270,0,0,1047204,1530592,165864,5069104,37643.331,1620.445,0,28.008,0,3.001,1946,1066,1.410,1.110,0.680,1,0,18.005,0,0,10,2,1,11,0
06-04 11:50:05,15.744,2.749,80.718,0.500,0,1052528,1518616,166372,5074032,16703.360,4583.178,0,15901.679,0,103.959,1502,925,1.410,1.110,0.680,1,0,1.000,0,0,10,2,1,11,1
06-04 11:50:06,22.750,5.750,69.251,0,0,1044280,1526208,166412,5074520,12616.191,1728.026,0,0,0,0,11836,21155,1.410,1.110,0.680,1,0,13.000,0,0,10,2,1,11,0
06-04 11:50:07,24.004,5.001,69.511,0,0,1039688,1530544,166468,5074680,9341.541,1620.267,0,92.015,0,3.000,7259,13107,1.380,1.110,0.680,2,0,6.001,0,0,10,2,1,10,0
06-04 11:50:08,21.255,5.501,72.768,0,0,1036668,1533296,166532,5074840,9998.498,1620.405,0,960.240,0,13.003,3716,4727,1.380,1.110,0.680,1,0,15.004,0,0,10,2,1,10,0
06-04 11:50:09,18.000,4.000,77.499,0,0,964880,1617952,166532,5063420,11829.820,131492.001,0,16.000,0,2.000,1703,916,1.380,1.110,0.680,0,0,5.000,0,0,10,2,1,10,0
06-04 11:50:10,0.750,1.500,97.237,0,0,946676,1636148,166532,5063420,6538.115,1693.771,0,9586.702,0,43.994,693,743,1.380,1.110,0.680,0,0,0,0,0,10,2,1,10,0
06-04 11:50:11,1.000,0.250,98.475,0,0,942668,1640156,166532,5063420,5871.500,1565.600,0,0,0,0,475,552,1.380,1.110,0.680,0,0,0,0,0,10,2,1,9,0
06-04 11:50:12,0.250,0.250,99.008,0,0,937384,1645436,166532,5063424,9972.787,1620.128,0,2260.178,0,14.001,530,558,1.270,1.090,0.680,0,0,0,0,0,10,2,1,9,0
06-04 11:50:13,0.500,0,98.754,0,0,932372,1650448,166532,5063424,11124.412,1620.060,0,0,0,0,494,526,1.270,1.090,0.680,1,0,0,0,0,10,2,1,9,0
06-04 11:50:14,0.250,0.500,98.739,0.250,0,932624,1650196,166532,5063424,9557.907,1511.827,0,1119.872,0,4.999,538,554,1.270,1.090,0.680,1,0,0,0,0,10,2,1,9,0
06-04 11:50:15,0.500,1.999,95.219,1.500,0,929104,1653720,166532,5063424,7568.518,1619.469,0,29806.227,0,148.951,869,872,1.270,1.090,0.680,0,0,0,0,0,10,2,1,9,0
06-04 11:50:16,0.250,0,98.497,0,0,924744,1658080,166532,5063424,10082.675,1619.948,0,207.993,0,3.000,535,576,1.270,1.090,0.680,0,0,0,0,0,10,2,1,9,0
06-04 11:50:17,0.750,0.750,97.998,0,0,917312,1665528,166532,5063408,9729.767,1565.963,0,883.979,0,12.000,825,1022,1.160,1.070,0.680,0,0,1.000,0,0,10,2,1,9,0
06-04 11:50:18,0.250,0.250,99.038,0,0,915176,1667664,166532,5063408,6477.498,1620.625,0,0,0,0,473,544,1.160,1.070,0.680,0,0,0,0,0,10,2,1,9,0
06-04 11:50:19,0.500,0.250,98.989,0,0,910300,1672540,166532,5063408,5350.417,1511.835,0,135.985,0,23.997,477,561,1.160,1.070,0.680,0,0,0,0,0,10,2,1,9,0
06-04 11:50:20,0,0,98.268,0.250,0,903812,1679028,166532,5063408,12235.215,1620.293,0,864.156,0,122.022,621,584,1.160,1.070,0.680,0,0,0,0,0,10,2,1,9,0
06-04 11:50:21,0.500,0.500,98.744,0,0,897656,1685184,166532,5063408,8413.485,1619.901,0,227.986,0,3.000,511,562,1.160,1.070,0.680,0,0,0,0,0,10,2,1,9,0
06-04 11:50:22,0.500,0.500,98.760,0,0,894468,1688372,166532,5063408,10585.022,1620.156,0,104.010,0,4.000,521,581,1.070,1.050,0.670,0,0,0,0,0,10,2,1,9,0
06-04 11:50:23,0.750,0,98.713,0,0,883124,1699716,166532,5063408,7266.277,1565.413,0,0,0,0,497,557,1.070,1.050,0.670,0,0,0,0,0,10,2,1,9,0
06-04 11:50:24,0.250,0.250,98.807,0,0,882168,1700672,166532,5063408,10149.828,1512.869,0,0,0,0,520,552,1.070,1.050,0.670,0,0,0,0,0,10,2,1,9,0
06-04 11:50:25,0,0,98.753,0,0,879896,1702944,166532,5063408,7742.200,1620.042,0,92.002,0,14.000,500,547,1.070,1.050,0.670,0,0,0,0,0,10,2,1,9,0
06-04 11:50:26,0.500,1.750,97.238,0,0,876252,1706584,166532,5063412,6203.256,1693.797,0,25320.964,0,526.937,761,757,1.070,1.050,0.670,0,0,0,0,0,10,2,1,9,0
06-04 11:50:27,0.500,0.250,98.477,0.250,0,875440,1707396,166532,5063412,9367.765,1619.614,0,375.910,0,2.000,579,637,0.980,1.040,0.670,0,0,1.000,0,0,10,2,1,9,0
06-04 11:50:28,0.500,0.250,99.031,0,0,875628,1707208,166532,5063412,10566.289,1620.504,0,8.002,0,1.000,524,546,0.980,1.040,0.670,0,0,0,0,0,10,2,1,9,0
06-04 11:50:29,0.750,1.500,96.754,0,0,875380,1707456,166532,5063412,5950.265,1620.072,0,0,0,0,654,624,0.980,1.040,0.670,0,0,6.000,0,0,10,2,1,9,0
06-04 11:50:30,0.500,0,98.753,0,0,875348,1707488,166532,5063412,11726.366,1458.046,0,0,0,0,495,540,0.980,1.040,0.670,0,0,0,0,0,10,2,1,9,0
06-04 11:50:31,0.500,4.000,94.246,0.750,0,867324,1715512,166532,5063412,6024.771,1619.938,0,71901.266,0,282.989,1234,1161,0.980,1.040,0.670,0,0,0,0,0,10,2,1,9,0
06-04 11:50:32,0.250,0,98.647,0.250,0,867224,1715612,166532,5063412,10369.213,1660.273,0,1154.799,0,3.996,533,575,0.910,1.020,0.660,0,0,0,0,0,10,2,1,9,0
06-04 11:50:33,0.500,0.250,98.834,0,0,867224,1715612,166532,5063412,26294.277,1459.236,0,0,0,0,501,527,0.910,1.020,0.660,0,0,0,0,0,10,2,1,9,0
06-04 11:50:34,0.500,0.750,98.747,0,0,867224,1715612,166532,5063412,24761.231,1619.950,0,4.000,0,1.000,475,551,0.910,1.020,0.660,0,0,0,0,0,10,2,1,9,0
06-04 11:50:35,0.500,0,98.996,0,0,867224,1715612,166532,5063412,9644.656,1619.942,0,107.996,0,17.999,505,554,0.910,1.020,0.660,0,0,0,0,0,10,2,1,9,0
06-04 11:50:36,0.250,0.250,98.758,0,0,867224,1715612,166532,5063412,10432.877,1620.136,0,0,0,0,510,555,0.910,1.020,0.660,0,0,0,0,0,10,2,1,4,0
06-04 11:50:37,0.500,0,98.508,0,0,867224,1715612,166532,5063412,6038.497,1620.133,0,0,0,0,490,593,0.830,1,0.660,0,0,1.000,0,0,10,2,1,4,0
06-04 11:50:38,0.500,0.500,98.987,0,0,867452,1715612,166532,5063412,10639.583,1457.806,0,31.996,0,3.999,512,550,0.830,1,0.660,0,0,0,0,0,10,2,1,4,0
06-04 11:50:39,0.250,0.250,98.757,0,0,867452,1715612,166532,5063412,7417.524,1458.103,0,0,0,0,460,544,0.830,1,0.660,0,0,0,0,0,10,2,1,4,0
06-04 11:50:40,7.751,1.250,90.264,0,0,879544,1703516,166532,5063416,143040.025,3810.587,0,4.001,0,1.000,1110,857,0.830,1,0.660,0,0,4.001,0,0,10,2,1,4,0
06-04 11:50:41,15.999,4.500,78.246,0.500,0,891024,1691924,166536,5063524,293341.168,11235.394,19.999,0,2.000,0,2319,1411,0.830,1,0.660,0,1,25.999,0,0,10,2,1,4,0
06-04 11:50:42,13.997,3.499,81.233,0,0,905488,1677356,166536,5063628,299225.011,11271.665,87.982,91.981,2.999,2.999,2201,1356,0.850,1,0.660,1,0,16.996,0,0,10,2,1,4,0
