"pcp-dstat 6.2.0 CSV Output"
"Author:","PCP team <pcp@groups.io> and Dag Wieers <dag@wieers.com>",,,,"URL:","https://pcp.io/ and http://dag.wieers.com/home-made/dstat/"
"Host:","np0000094108",,,,"User:","ubuntu"
"Cmdline:","dstat -tcmndrylpg --tcp --output /tmp/devstack_logs/dstat-csv.log",,,,"Date:","28 Apr 2026 23:31:52 UTC"
"system","total usage",,,,,"memory usage",,,,"net/total",,"dsk/total",,"io/total",,"system",,"load avg",,,"procs",,,"paging",,"tcp sockets",,,,
"time","total usage:usr","total usage:sys","total usage:idl","total usage:wai","total usage:stl","used","free","buf","cach","net/total:recv","net/total:send","dsk/total:read","dsk/total:writ","read","writ","int","csw","1m","5m","15m","run","blk","new","in","out","lis","act","syn","tim","clo"
28-04 23:31:52,,1020404,1651828,162436,4989660,,,,,,,1.890,1.280,0.780,1,0,,,,10,5,0,17,1
28-04 23:31:53,22.922,20.431,54.316,0.498,0,1029040,1642756,162564,4989884,40493.011,10560.274,0,1231.833,0,38.869,5021,2965,1.890,1.280,0.780,3,0,224.241,0,0,10,5,0,17,1
28-04 23:31:54,26.800,20.789,51.095,0.501,0,1063456,1607968,162648,4990096,17377.276,8209.247,0,949.764,0,27.050,5002,2859,1.900,1.290,0.780,2,0,210.391,0,0,10,4,0,17,2
28-04 23:31:55,23.489,21.490,52.726,0.500,0.250,1050900,1603712,162800,5006180,186695.218,14594.372,0,2802.727,0,132.940,5048,2897,1.900,1.290,0.780,3,0,194.911,0,0,10,4,0,15,2
28-04 23:31:56,38.724,19.237,39.973,0.749,0,1052864,1595200,163188,5011792,9954.213,1618.896,0,1331.092,0,56.961,5077,3922,1.900,1.290,0.780,2,0,160.890,0,0,10,4,0,15,2
28-04 23:31:57,32.350,21.817,44.889,0.251,0,1054276,1576520,163972,5025796,10619.778,1667.146,0,8883.419,0,502.551,5313,3162,1.900,1.290,0.780,2,0,176.545,0,0,10,4,0,15,2
28-04 23:31:58,45.495,15.498,37.996,0.500,0,1066068,1540748,164396,5047468,8696.066,1661.822,0,979.895,0,28.997,5506,5619,1.900,1.290,0.780,2,0,117.987,0,0,10,4,0,15,2
28-04 23:31:59,37.256,16.753,42.257,2.250,0,1080700,1508168,165480,5061572,6027.937,1458.227,652.101,3524.548,19.003,132.021,6067,6100,1.990,1.320,0.790,2,0,147.023,0,0,10,4,0,11,2
28-04 23:32:00,37.492,15.747,44.240,1.750,0,1084060,1475848,166344,5086916,12993.189,1619.650,359.922,10433.743,18.996,66.986,4701,4195,1.990,1.320,0.790,2,0,66.986,0,0,10,4,0,11,2
28-04 23:32:01,19.441,4.736,73.775,0.748,0,1073656,1495812,166884,5075884,14943.393,4333.773,0,3648.864,0,171.477,2103,1268,1.990,1.320,0.790,1,0,10.967,0,0,10,2,0,11,0
28-04 23:32:02,23.525,3.003,73.829,0,0,1038304,1531236,166896,5075820,12600.516,1621.740,0,124.133,0,4.004,1845,909,1.990,1.320,0.790,2,0,18.019,0,0,10,2,0,11,0
28-04 23:32:03,18.749,2.500,77.496,0,0,1039672,1528968,166912,5076704,13584.215,3729.785,0,475.973,0,4.000,1635,907,1.990,1.320,0.790,1,0,16.999,0,0,10,3,0,11,0
28-04 23:32:04,22.291,3.006,73.885,0,0,1053984,1509192,167248,5081400,11359.797,1797.290,0,913.673,0,6.011,1800,992,1.990,1.330,0.800,1,0,3.006,0,0,10,2,0,11,0
28-04 23:32:05,17.716,2.495,79.346,0.250,0,1054712,1501424,167760,5086592,16680.717,4791.726,0,1233.613,0,17.965,1637,915,1.990,1.330,0.800,1,0,17.965,0,0,10,2,0,11,0
28-04 23:32:06,21.755,5.751,70.015,0,0,1044844,1510556,167812,5087108,5729.221,1620.345,0,92.020,0,2.000,12073,21643,1.990,1.330,0.800,1,0,12.003,0,0,10,2,0,11,0
28-04 23:32:07,22.494,7.498,68.481,0,0,1032680,1522568,167856,5087200,5696.395,1619.544,0,23861.278,0,128.964,12832,22858,1.990,1.330,0.800,1,0,13.996,0,0,10,2,0,11,0
28-04 23:32:08,19.746,5.249,73.485,0.250,0,962496,1605272,167900,5075920,10355.862,1457.699,0,1535.683,0,12.997,1874,1051,1.990,1.330,0.800,1,0,7.998,0,0,10,2,0,11,0
28-04 23:32:09,10.002,1.500,88.269,0,0,930860,1637048,167900,5075844,12254.580,131329.649,0,8.002,0,2.000,1248,744,1.830,1.310,0.800,0,0,4.001,0,0,10,2,0,11,0
28-04 23:32:10,0.250,0.250,98.500,0.250,0,927380,1640528,167900,5075844,9698.049,1620.008,0,960.005,0,89.000,512,570,1.830,1.310,0.800,0,0,0,0,0,10,2,0,11,0
28-04 23:32:11,0.500,0.250,99.011,0,0,921972,1645936,167900,5075844,11708.293,1620.179,0,0,0,0,475,536,1.830,1.310,0.800,0,0,0,0,0,10,2,0,10,0
28-04 23:32:12,0.250,0.250,98.741,0,0,917240,1650668,167900,5075844,10250.114,1619.860,0,1499.870,0,12.999,493,559,1.830,1.310,0.800,0,0,0,0,0,10,2,0,10,0
28-04 23:32:13,0.500,0,99.011,0,0,912056,1655852,167904,5075848,9240.052,1620.185,0,604.069,0,2.000,497,577,1.830,1.310,0.800,0,0,0,0,0,10,2,0,10,0
28-04 23:32:14,0.500,0.500,98.733,0,0,907036,1660872,167904,5075848,6308.883,1619.713,0,0,0,0,434,537,1.690,1.290,0.790,0,0,0,0,0,10,2,0,10,0
28-04 23:32:15,0.250,0,98.767,0,0,902640,1665268,167904,5075848,12202.134,1620.283,0,8.001,0,2.000,483,534,1.690,1.290,0.790,0,0,0,0,0,10,2,0,9,0
28-04 23:32:16,0.250,0.250,98.928,0,0,899272,1668636,167904,5075848,7857.270,1456.938,0,0,0,0,451,532,1.690,1.290,0.790,0,0,0,0,0,10,2,0,9,0
28-04 23:32:17,0.250,0.751,98.580,0,0,898016,1669888,167904,5075852,6329.136,1621.316,0,0,0,0,472,582,1.690,1.290,0.790,0,0,1.001,0,0,10,2,0,9,0
28-04 23:32:18,0.500,1.500,96.477,0,0,896700,1671204,167904,5075852,12488.982,1619.609,0,30940.522,0,147.964,974,953,1.690,1.290,0.790,1,0,0,0,0,10,2,0,9,0
28-04 23:32:19,0.250,0.750,98.996,0,0,895420,1672356,167904,5075980,9799.611,1619.936,0,2259.910,0,13.999,474,539,1.550,1.260,0.790,1,0,0,0,0,10,2,0,9,0
28-04 23:32:20,10.000,4.750,84.498,0,0,897512,1670264,167904,5075820,11087.773,1619.967,0,0,0,0,1949,8871,1.550,1.260,0.790,0,0,35.999,0,0,10,2,0,10,0
28-04 23:32:21,0,0.250,98.755,0,0,878976,1688800,167904,5075980,8419.422,1620.081,0,4.000,0,1.000,469,545,1.550,1.260,0.790,1,0,0,0,0,10,2,0,10,0
28-04 23:32:22,0.250,0.500,98.993,0,0,878976,1688800,167904,5075980,5520.597,1619.882,0,0,0,0,430,530,1.550,1.260,0.790,0,0,0,0,0,10,2,0,10,0
28-04 23:32:23,0.500,0.250,98.511,0,0,876156,1691616,167908,5075980,10692.244,1620.189,0,412.048,0,7.001,526,569,1.550,1.260,0.790,0,0,0,0,0,10,2,0,9,0
28-04 23:32:24,0.500,0.250,98.990,0,0,873956,1693816,167908,5075980,9757.014,1457.853,0,4.000,0,1.000,500,524,1.430,1.240,0.780,0,0,0,0,0,10,2,0,9,0
28-04 23:32:25,0.250,0.500,98.759,0,0,872020,1695752,167908,5075980,8855.802,1620.147,0,0,0,0,452,553,1.430,1.240,0.780,0,0,0,0,0,10,2,0,9,0
28-04 23:32:26,0.500,0,98.987,0,0,869832,1697940,167908,5075980,10384.660,1619.791,0,127.983,0,24.997,517,547,1.430,1.240,0.780,0,0,0,0,0,10,2,0,9,0
28-04 23:32:27,0.500,0.500,99.003,0,0,868028,1699744,167908,5075980,8076.226,1620.045,0,4.000,0,1.000,516,592,1.430,1.240,0.780,0,0,1.000,0,0,10,2,0,9,0
28-04 23:32:28,0.250,2.500,94.993,0.750,0,854316,1713452,167912,5075980,11239.146,1619.877,0,52596.003,0,616.953,1108,992,1.430,1.240,0.780,0,0,0,0,0,10,2,0,9,0
28-04 23:32:29,0.250,0.500,99.009,0,0,854368,1713400,167912,5075980,10306.923,1620.145,0,0,0,0,512,539,1.310,1.220,0.780,0,0,0,0,0,10,2,0,9,0
28-04 23:32:30,0.500,0,99.003,0,0,854288,1713480,167912,5075980,5417.188,1620.056,0,4.000,0,1.000,453,538,1.310,1.220,0.780,0,0,0,0,0,10,2,0,9,0
28-04 23:32:31,0.500,0.250,98.752,0,0,854540,1713228,167912,5075980,9988.197,1620.032,0,84.002,0,13.000,467,536,1.310,1.220,0.780,0,0,0,0,0,10,2,0,9,0
28-04 23:32:32,0,0.250,98.494,0,0,854540,1713228,167912,5075980,10060.421,1457.916,0,0,0,0,468,533,1.310,1.220,0.780,0,0,0,0,0,10,2,0,9,0
28-04 23:32:33,0.500,0.250,99.024,0,0,854820,1713228,167916,5075980,6654.611,1620.392,0,32.008,0,4.001,514,592,1.310,1.220,0.780,0,0,0,0,0,10,2,0,9,0
28-04 23:32:34,0.500,2.500,96.502,0,0,855544,1712500,167916,5075984,10331.263,1620.041,0,44873.143,0,183.005,1022,928,1.210,1.200,0.770,0,0,0,0,0,10,2,0,9,0
28-04 23:32:35,0,0.250,98.733,0,0,855180,1712896,167916,5075984,9376.376,1619.719,0,7.999,0,1.000,471,554,1.210,1.200,0.770,0,0,0,0,0,10,2,0,8,0
28-04 23:32:36,0.750,0.250,99.247,0,0,855180,1712896,167916,5075984,11297.603,1619.943,0,0,0,0,496,531,1.210,1.200,0.770,0,0,0,0,0,10,2,0,8,0
28-04 23:32:37,0,0.500,98.267,0,0,855180,1712896,167916,5075984,8629.507,1620.283,0,88.015,0,15.003,512,600,1.210,1.200,0.770,0,0,1.000,0,0,10,2,0,8,0
28-04 23:32:38,0.250,0.250,98.558,0,0,855148,1712928,167916,5075984,5818.692,1616.858,0,858.332,0,1.996,507,587,1.210,1.200,0.770,0,0,0,0,0,10,2,0,8,0
28-04 23:32:39,1.250,0.500,99.003,0,0,855148,1712928,167916,5075984,8663.240,648.018,0,100.003,0,4.000,449,539,1.110,1.180,0.770,0,0,0,0,0,10,2,0,8,0
28-04 23:32:40,14.019,2.503,82.113,0,0,866352,1701624,167916,5076084,287396.545,7205.943,0,0,0,0,1908,1141,1.110,1.180,0.770,1,0,7.010,0,0,10,2,0,4,0
28-04 23:32:41,13.753,4.501,80.020,0.500,0,882512,1685448,167920,5076096,298902.481,13625.350,108.027,0,5.001,0,2700,1571,1.110,1.180,0.770,2,0,32.008,0,0,10,2,0,4,0
28-04 23:32:42,15.503,7.251,76.513,0.250,0,892716,1675076,167920,5076264,153568.571,5722.990,0,264.046,0,40.007,2540,1403,1.110,1.180,0.770,1,0,27.005,0,0,10,2,0,4,0
