"pcp-dstat 6.2.0 CSV Output"
"Author:","PCP team <pcp@groups.io> and Dag Wieers <dag@wieers.com>",,,,"URL:","https://pcp.io/ and http://dag.wieers.com/home-made/dstat/"
"Host:","np0000094237",,,,"User:","ubuntu"
"Cmdline:","dstat -tcmndrylpg --tcp --output /tmp/devstack_logs/dstat-csv.log",,,,"Date:","04 Jun 2026 05:02:45 UTC"
"system","total usage",,,,,"memory usage",,,,"net/total",,"dsk/total",,"io/total",,"system",,"load avg",,,"procs",,,"paging",,"tcp sockets",,,,
"time","total usage:usr","total usage:sys","total usage:idl","total usage:wai","total usage:stl","used","free","buf","cach","net/total:recv","net/total:send","dsk/total:read","dsk/total:writ","read","writ","int","csw","1m","5m","15m","run","blk","new","in","out","lis","act","syn","tim","clo"
04-06 05:02:45,,1016132,1635568,162744,5007668,,,,,,,1.810,1.170,0.700,3,0,,,,10,6,0,17,0
04-06 05:02:46,24.462,20.468,52.169,0.998,0,1029232,1622136,162828,5007928,47223.454,11920.435,0,7883.722,0,520.190,5400,3272,1.810,1.170,0.700,2,0,243.621,0,0,10,6,0,17,0
04-06 05:02:47,27.249,20.749,49.998,0.250,0,1037456,1613504,162876,5008200,17428.366,9611.650,0,923.966,0,26.999,4959,2805,1.810,1.170,0.700,1,0,210.992,0,0,10,5,0,11,1
04-06 05:02:48,28.460,21.220,49.430,0.499,0,1027116,1606840,162928,5024492,185167.413,10607.073,0,1645.684,0,46.934,5070,2883,1.810,1.170,0.700,3,0,189.733,0,0,10,4,0,11,2
04-06 05:02:49,34.856,21.816,41.125,1.003,0,1018816,1600224,163816,5036572,7657.245,1624.933,0,1777.396,0,70.213,5476,4758,1.810,1.170,0.700,6,0,173.527,0,0,10,4,0,11,2
04-06 05:02:50,37.360,18.182,42.591,0.249,0,1020308,1580764,164260,5051904,9665.871,1452.571,0,1386.816,0,31.881,4558,2844,1.980,1.220,0.720,3,0,156.415,0,0,10,4,0,11,2
04-06 05:02:51,39.551,17.022,41.304,1.252,0,1017752,1558564,164996,5073524,9649.520,1622.105,0,2867.721,0,115.149,5127,4239,1.980,1.220,0.720,3,0,128.166,0,0,10,4,0,11,2
04-06 05:02:52,38.835,17.426,41.076,0.996,0,1024720,1521896,166072,5099292,9415.035,1613.152,0,2696.554,0,87.628,5498,5781,1.980,1.220,0.720,5,0,153.349,0,0,10,4,0,11,2
04-06 05:02:53,38.642,16.310,40.900,2.760,0,1048076,1501352,166876,5093896,7454.417,1945.154,1015.736,2360.682,38.140,71.262,6006,6422,1.980,1.220,0.720,3,0,114.421,0,0,10,2,0,11,0
04-06 05:02:54,30.717,12.986,55.190,0,0,1046212,1502892,166896,5094004,5688.845,1618.249,0,1362.526,0,70.923,2767,1289,1.980,1.220,0.720,3,0,33.963,0,0,10,2,0,11,0
04-06 05:02:55,17.791,3.257,78.430,0,0,1044916,1502648,166928,5095488,15888.562,4637.672,0,10319.747,0,134.309,1672,825,1.830,1.200,0.710,2,0,17.039,0,0,10,3,0,11,0
04-06 05:02:56,21.510,4.252,73.783,0.250,0,1010472,1531280,167036,5100400,7669.388,1794.793,0,1324.585,0,14.006,2092,1602,1.830,1.200,0.710,2,0,7.003,0,0,10,2,0,11,0
04-06 05:02:57,22.742,5.248,70.474,0,0,1010988,1529552,167056,5101396,6075.764,1619.404,0,91.966,0,1.999,11739,22233,1.830,1.200,0.710,1,0,7.997,0,0,10,2,0,11,0
04-06 05:02:58,22.002,6.501,68.756,0,0,1032268,1508180,167076,5101432,9320.783,1620.136,0,24.002,0,3.000,11188,19967,1.830,1.200,0.710,1,0,14.001,0,0,10,2,0,11,0
04-06 05:02:59,21.251,4.500,73.753,0,0,999724,1548704,167132,5094084,9479.323,1714.058,0,952.032,0,12.000,1885,1039,1.830,1.200,0.710,1,0,8.000,0,0,10,2,0,11,0
04-06 05:03:00,6.748,1.500,91.726,0,0,978012,1570524,167132,5094008,13000.608,131193.773,0,3.999,0,1.000,1073,723,1.680,1.180,0.710,0,0,3.999,0,0,10,2,0,11,0
04-06 05:03:01,0.500,2.000,96.489,0,0.250,952376,1596148,167132,5094012,7320.159,1511.826,0,24837.146,0,140.984,880,908,1.680,1.180,0.710,0,0,0,0,0,10,2,0,11,0
04-06 05:03:02,0.250,0.750,98.993,0,0,948588,1599936,167132,5094012,5569.579,1511.886,0,0,0,0,465,547,1.680,1.180,0.710,0,0,0,0,0,10,2,0,11,0
04-06 05:03:03,0.500,0.250,98.503,0,0,939436,1609088,167132,5094012,10792.375,1566.054,0,4.000,0,1.000,533,571,1.680,1.180,0.710,0,0,0,0,0,10,2,0,10,0
04-06 05:03:04,0.250,0.250,98.750,0,0,936536,1611988,167132,5094012,8669.992,1619.998,0,8.000,0,1.000,485,563,1.680,1.180,0.710,0,0,0,0,0,10,2,0,10,0
04-06 05:03:05,0.750,0.250,98.532,0.250,0,930136,1618384,167144,5094012,10140.302,1512.492,0,1528.498,0,24.008,517,569,1.540,1.160,0.710,0,0,0,0,0,10,2,0,10,0
04-06 05:03:06,0.250,0.750,98.250,0,0,926988,1621524,167148,5094016,15924.057,1566.006,0,13136.047,0,52.000,652,655,1.540,1.160,0.710,0,0,0,0,0,10,2,0,10,0
04-06 05:03:07,0.250,0.500,98.751,0,0,924240,1624272,167148,5094016,9983.091,1080.010,0,0,0,0,472,534,1.540,1.160,0.710,0,0,0,0,0,10,2,0,9,0
04-06 05:03:08,0.500,0.500,98.506,0,0,923500,1624884,167148,5094144,9464.584,1026.063,0,0,0,0,547,609,1.540,1.160,0.710,0,0,1.000,0,0,10,2,0,9,0
04-06 05:03:09,0.500,0,98.750,0,0,910872,1637512,167148,5094144,5944.990,1619.997,0,8.000,0,2.000,432,536,1.540,1.160,0.710,0,0,0,0,0,10,2,0,9,0
04-06 05:03:10,0.500,0.250,98.748,0,0,903252,1645128,167152,5094144,8359.869,1619.975,0,311.995,0,3.000,489,577,1.420,1.140,0.700,0,0,0,0,0,10,2,0,9,0
04-06 05:03:11,7.245,3.997,87.695,0,0,912072,1636308,167152,5096752,8894.427,1457.087,0,0,0,0,1374,5190,1.420,1.140,0.700,4,0,33.979,0,0,10,2,0,9,0
04-06 05:03:12,4.003,3.002,92.566,0.250,0,888100,1660276,167152,5094144,8866.285,1621.149,0,23304.520,0,128.091,1313,6186,1.420,1.140,0.700,1,0,2.001,0,0,10,2,0,9,0
04-06 05:03:13,0.250,0,98.975,0,0,888100,1660276,167152,5094144,8811.781,1619.592,0,0,0,0,451,548,1.420,1.140,0.700,0,0,0,0,0,10,2,0,9,0
04-06 05:03:14,0,0.250,98.496,0,0,885440,1662936,167152,5094144,6733.727,1619.934,0,0,0,0,430,545,1.420,1.140,0.700,0,0,0,0,0,10,2,0,9,0
04-06 05:03:15,0.750,0.500,99.002,0,0,884260,1664116,167152,5094144,8742.187,1620.035,0,4.000,0,1.000,467,535,1.310,1.120,0.700,0,0,0,0,0,10,2,0,9,0
04-06 05:03:16,0.250,0,98.493,0,0,882304,1666068,167156,5094144,7692.490,1619.893,0,663.956,0,22.998,465,556,1.310,1.120,0.700,0,0,0,0,0,10,2,0,9,0
04-06 05:03:17,0.500,1.000,97.982,0.250,0,881652,1666716,167156,5094148,7314.628,1457.727,0,13485.471,0,508.905,557,638,1.310,1.120,0.700,0,0,0,0,0,10,2,0,9,0
04-06 05:03:18,0.750,0.250,98.014,0,0,881776,1666560,167156,5094180,5103.736,1620.234,0,0,0,0,541,639,1.310,1.120,0.700,0,0,1.000,0,0,10,2,0,9,0
04-06 05:03:19,0.250,0.750,98.992,0,0,881524,1666812,167156,5094180,9825.175,1619.864,0,0,0,0,463,530,1.310,1.120,0.700,0,0,0,0,0,10,2,0,9,0
04-06 05:03:20,0.250,0,98.758,0,0,881524,1666812,167156,5094180,6886.558,1620.131,0,0,0,0,464,562,1.200,1.100,0.690,0,0,0,0,0,10,2,0,9,0
04-06 05:03:21,0.750,0.250,98.756,0,0,881524,1666812,167156,5094180,9667.595,1662.102,0,144.009,0,17.001,508,562,1.200,1.100,0.690,0,0,0,0,0,10,2,0,9,0
04-06 05:03:22,0.500,4.000,94.750,0,0,876684,1671652,167156,5094180,19256.016,1620.001,0,55608.046,0,247.000,1167,1044,1.200,1.100,0.690,0,0,0,0,0,10,2,0,9,0
04-06 05:03:23,0,0.500,98.488,0,0,876684,1671652,167156,5094180,9340.835,1619.798,0,0,0,0,496,552,1.200,1.100,0.690,0,0,0,0,0,10,2,0,9,0
04-06 05:03:24,0.500,0,98.997,0,0,876684,1671652,167156,5094180,8557.767,1457.960,0,0,0,0,483,560,1.200,1.100,0.690,0,0,0,0,0,10,2,0,9,0
04-06 05:03:25,0.499,0.249,98.495,0,0,876684,1671652,167156,5094180,6003.432,1615.810,0,0,0,0,448,543,1.100,1.080,0.690,0,0,0,0,0,10,2,0,9,0
04-06 05:03:26,0.500,0.250,98.577,0.250,0,869196,1679268,167156,5094180,17116.387,1621.268,0,1076.842,0,3.002,556,563,1.100,1.080,0.690,0,0,0,0,0,10,2,0,9,0
04-06 05:03:27,0.250,2.254,97.173,0,0,869448,1679016,167156,5094180,8199.624,1622.894,0,29300.257,0,103.184,738,726,1.100,1.080,0.690,0,0,0,0,0,10,2,0,9,0
04-06 05:03:28,0.500,0.250,98.749,0,0,869120,1679344,167156,5094180,7107.957,1619.990,0,4.000,0,1.000,556,642,1.100,1.080,0.690,0,0,1.000,0,0,10,2,0,8,0
04-06 05:03:29,0.500,0,98.749,0,0,869120,1679344,167156,5094180,10477.888,1457.984,0,0,0,0,505,556,1.100,1.080,0.690,0,0,0,0,0,10,2,0,8,0
04-06 05:03:30,0.250,0.500,98.751,0,0,869120,1679344,167156,5094180,6820.097,648.009,0,0,0,0,466,559,1.020,1.070,0.690,1,0,0,0,0,10,2,0,8,0
04-06 05:03:31,16.220,3.244,79.853,0,0,868340,1680140,167156,5094180,287518.945,9706.073,0,483.108,0,1.996,2268,1313,1.020,1.070,0.690,0,0,19.963,0,0,10,2,0,8,0
04-06 05:03:32,16.049,4.263,77.988,0.752,0,889364,1658904,167160,5094388,294590.330,10672.618,108.331,188.576,5.015,24.074,2261,1379,1.020,1.070,0.690,2,1,19.058,0,0,10,2,0,4,0
04-06 05:03:33,13.490,8.493,76.441,0,0,881360,1666836,167160,5094464,152066.806,5627.663,0,171.868,0,13.989,2808,1549,1.020,1.070,0.690,2,0,36.972,0,0,10,2,0,4,0
