"pcp-dstat 6.2.0 CSV Output"
"Author:","PCP team <pcp@groups.io> and Dag Wieers <dag@wieers.com>",,,,"URL:","https://pcp.io/ and http://dag.wieers.com/home-made/dstat/"
"Host:","np0000094118",,,,"User:","ubuntu"
"Cmdline:","dstat -tcmndrylpg --tcp --output /tmp/devstack_logs/dstat-csv.log",,,,"Date:","18 May 2026 18:39:48 UTC"
"system","total usage",,,,,"memory usage",,,,"net/total",,"dsk/total",,"io/total",,"system",,"load avg",,,"procs",,,"paging",,"tcp sockets",,,,
"time","total usage:usr","total usage:sys","total usage:idl","total usage:wai","total usage:stl","used","free","buf","cach","net/total:recv","net/total:send","dsk/total:read","dsk/total:writ","read","writ","int","csw","1m","5m","15m","run","blk","new","in","out","lis","act","syn","tim","clo"
18-05 18:39:48,,1014504,1644596,161700,5003616,,,,,,,2,1.360,0.790,3,0,,,,10,6,0,18,0
18-05 18:39:49,26.935,20.700,50.877,0.499,0,1025232,1633512,161812,5003812,18272.761,9596.766,0,997.585,0,28.930,5095,2981,2,1.360,0.790,3,0,228.447,0,0,10,5,0,18,1
18-05 18:39:50,24.521,20.268,53.296,0.751,0,1035188,1622948,161984,5004144,44447.689,12320.724,0,1545.345,0,48.042,5138,3014,2,1.360,0.790,2,0,219.191,0,0,10,4,0,18,2
18-05 18:39:51,27.437,21.201,48.887,0.249,0,1037176,1620496,162076,5004416,20924.698,9675.665,0,1093.476,0,34.919,4850,2760,2,1.360,0.790,1,1,194.551,0,0,10,4,0,18,2
18-05 18:39:52,31.752,20.501,46.753,0.250,0,1024024,1615504,162236,5022112,176369.256,5615.358,0,1356.087,0,36.002,5451,4191,2.080,1.390,0.810,3,0,183.012,0,0,10,4,0,18,2
18-05 18:39:53,36.351,17.549,44.624,0.251,0,1035028,1590532,163068,5032580,9457.325,1624.522,0,1299.618,0,56.156,4306,2607,2.080,1.390,0.810,2,0,141.394,0,0,10,4,0,18,2
18-05 18:39:54,42.315,16.525,39.811,0.501,0,1036816,1572024,163476,5047464,6768.415,1622.497,0,1390.139,0,34.052,5391,6514,2.080,1.390,0.810,14,0,176.271,0,0,10,4,0,12,2
18-05 18:39:55,39.580,15.932,42.318,0.249,0,1055924,1531684,164000,5066032,9522.148,1613.079,0,1875.952,0,59.744,5628,5779,2.080,1.390,0.810,5,0,135.419,0,0,10,4,0,12,2
18-05 18:39:56,37.583,13.029,44.598,4.259,0,1034116,1532776,164888,5083212,8302.255,1623.570,1014.230,3126.875,38.084,112.247,5054,4562,2.080,1.390,0.810,2,0,81.178,0,0,10,4,0,12,2
18-05 18:39:57,29.246,9.249,59.742,1.000,0.250,1037440,1503248,166016,5105396,7735.968,1619.784,0,13182.241,0,181.976,2739,1703,2.070,1.400,0.810,1,0,11.998,0,0,10,4,0,12,2
18-05 18:39:58,22.505,3.251,73.516,0.250,0,1041804,1514656,166148,5089576,10857.361,2100.457,0,412.090,0,15.003,1930,1102,2.070,1.400,0.810,1,0,19.004,0,0,10,2,0,12,0
18-05 18:39:59,18.996,2.249,78.482,0,0,1058956,1492512,166212,5093996,12644.156,3807.144,0,3891.125,0,209.953,1763,894,2.070,1.400,0.810,1,0,16.996,0,0,10,2,0,12,0
18-05 18:40:00,20.999,2.750,75.997,0,0,1049632,1500344,166236,5095300,14356.512,2891.902,0,4.000,0,1.000,1900,1104,2.070,1.400,0.810,0,0,18.999,0,0,10,3,0,12,0
18-05 18:40:01,20.258,4.002,73.780,0.500,0,1046608,1496592,166692,5100384,11160.530,3464.406,0,1320.536,0,23.009,9045,16000,2.070,1.400,0.810,2,0,6.002,0,0,10,2,0,12,0
18-05 18:40:02,22.500,4.500,72.250,0,0,1041040,1501496,166768,5100848,6244.041,1620.011,0,88.001,0,1.000,4579,6651,2.060,1.410,0.820,1,0,13.000,0,0,10,2,0,12,0
18-05 18:40:03,20.999,6.750,70.748,0,0,1035656,1506540,166812,5101100,10195.747,1713.957,0,175.996,0,2.000,11218,20068,2.060,1.410,0.820,1,0,15.000,0,0,10,2,0,12,0
18-05 18:40:04,18.493,4.998,75.971,0.250,0,968128,1587124,166824,5089584,11745.576,131170.595,0,32895.610,0,764.712,2281,1266,2.060,1.410,0.820,0,0,6.997,0,0,10,2,0,12,0
18-05 18:40:05,0.250,0.250,98.755,0,0,968128,1587124,166824,5089584,6107.326,1620.086,0,0,0,0,437,569,2.060,1.410,0.820,0,0,0,0,0,10,2,0,12,0
18-05 18:40:06,0.500,0.500,98.994,0,0,964960,1590292,166824,5089584,22485.666,1619.904,0,4.000,0,1.000,505,574,2.060,1.410,0.820,0,0,0,0,0,10,2,0,11,0
18-05 18:40:07,0.250,0.250,98.739,0,0,962188,1593064,166824,5089584,9306.935,1619.815,0,4.000,0,1.000,477,550,1.900,1.390,0.810,0,0,0,0,0,10,2,0,11,0
18-05 18:40:08,0.500,0.250,98.794,0,0,959760,1595488,166824,5089588,9093.027,1458.646,0,0,0,0,473,551,1.900,1.390,0.810,0,0,0,0,0,10,2,0,11,0
18-05 18:40:09,0.500,1.250,97.235,0,0,957636,1597608,166828,5089592,7749.817,1619.753,0,13349.963,0,62.990,725,762,1.900,1.390,0.810,0,0,0,0,0,10,2,0,11,0
18-05 18:40:10,0.750,0.750,98.757,0,0,957636,1597608,166828,5089592,7404.539,1620.118,0,0,0,0,519,610,1.900,1.390,0.810,0,0,1.000,0,0,10,2,0,11,0
18-05 18:40:11,0.500,0.250,98.951,0,0,955780,1599464,166828,5089592,11138.539,1619.206,0,0,0,0,474,545,1.900,1.390,0.810,0,0,0,0,0,10,2,0,10,0
18-05 18:40:12,0.750,0,98.797,0,0,955780,1599464,166828,5089592,7577.610,1620.772,0,8.004,0,2.001,456,556,1.750,1.370,0.810,0,0,0,0,0,10,2,0,10,0
18-05 18:40:13,0.250,0.250,98.555,0,0,949244,1605872,166828,5089720,10464.260,1616.795,0,7.984,0,0.998,446,558,1.750,1.370,0.810,0,0,0,0,0,10,2,0,10,0
18-05 18:40:14,0.751,2.004,95.431,1.753,0,939060,1616052,166832,5089720,8306.778,1623.083,0,30550.027,0,138.263,913,939,1.750,1.370,0.810,1,0,0,0,0,10,2,0,10,0
18-05 18:40:15,0,0.250,98.505,0,0,932764,1622348,166832,5089720,10083.549,1620.088,0,348.019,0,62.003,520,616,1.750,1.370,0.810,0,0,0,0,0,10,2,0,10,0
18-05 18:40:16,0.500,0.750,98.997,0,0,927900,1627212,166832,5089720,8781.770,1457.962,0,0,0,0,481,567,1.750,1.370,0.810,0,0,0,0,0,10,2,0,10,0
18-05 18:40:17,0.500,0.250,98.753,0,0,924756,1630356,166832,5089720,6790.224,1620.053,0,0,0,0,458,575,1.610,1.340,0.810,0,0,0,0,0,10,2,0,10,0
18-05 18:40:18,0.750,0,98.964,0,0,919676,1635436,166832,5089720,5581.995,1619.418,0,3.999,0,1.000,417,557,1.610,1.340,0.810,0,0,0,0,0,10,2,0,10,0
18-05 18:40:19,0,0.500,98.531,0.250,0,914168,1640940,166836,5089720,9709.029,1620.506,0,680.212,0,3.001,508,565,1.610,1.340,0.810,0,0,0,0,0,10,2,0,10,0
18-05 18:40:20,1.000,0.500,98.769,0,0,909028,1646080,166836,5089720,8643.631,1620.306,0,232.044,0,1.000,529,617,1.610,1.340,0.810,0,0,1.000,0,0,10,2,0,10,0
18-05 18:40:21,0.250,0,98.982,0,0,904552,1650556,166836,5089720,9074.352,1619.706,0,99.982,0,15.997,478,534,1.610,1.340,0.810,0,0,0,0,0,10,2,0,10,0
18-05 18:40:22,0,0.750,98.479,0,0,901208,1653900,166836,5089720,10363.744,1619.647,0,0,0,0,506,572,1.480,1.320,0.800,0,0,0,0,0,10,2,0,10,0
18-05 18:40:23,9.501,4.000,86.256,0,0,901964,1653144,166836,5092760,9944.742,1620.121,0,0,0,0,1537,6035,1.480,1.320,0.800,2,0,36.003,0,0,10,2,0,10,0
18-05 18:40:24,2.249,0.750,95.977,0,0,877772,1677336,166836,5089720,9087.800,1457.647,0,47.988,0,3.999,925,1490,1.480,1.320,0.800,0,0,0,0,0,10,2,0,11,0
18-05 18:40:25,0.250,2.500,96.503,0,0,870848,1684268,166836,5089720,6469.227,1620.057,0,30261.064,0,158.006,944,935,1.480,1.320,0.800,0,0,0,0,0,10,2,0,11,0
18-05 18:40:26,0.500,0.500,99.007,0,0,870844,1684268,166836,5089724,6548.485,1620.120,0,96.007,0,14.001,503,588,1.480,1.320,0.800,0,0,0,0,0,10,2,0,11,0
18-05 18:40:27,0.250,0.500,98.513,0,0,870844,1684268,166836,5089724,9711.271,1620.212,0,0,0,0,505,583,1.360,1.300,0.800,0,0,0,0,0,10,2,0,10,0
18-05 18:40:28,0.500,0.750,98.738,0,0,870844,1684268,166836,5089724,10273.759,1619.804,0,0,0,0,502,541,1.360,1.300,0.800,0,0,0,0,0,10,2,0,10,0
18-05 18:40:29,0.750,0.250,98.750,0,0,870844,1684268,166836,5089724,11879.001,1620.000,0,664.000,0,2.000,502,561,1.360,1.300,0.800,0,0,0,0,0,10,2,0,10,0
18-05 18:40:30,0.501,3.006,96.207,0.251,0.251,870744,1684368,166836,5089724,7870.960,1623.498,0,54144.667,0,197.425,1118,1081,1.360,1.300,0.800,0,0,1.002,0,0,10,2,0,10,0
18-05 18:40:31,0.499,0.249,98.545,0,0,870744,1684368,166836,5089724,9972.299,1616.644,0,7.983,0,0.998,504,574,1.360,1.300,0.800,0,0,0,0,0,10,2,0,10,0
18-05 18:40:32,0.250,0,99.023,0,0,870744,1684368,166836,5089724,7762.797,1458.338,0,100.023,0,16.004,494,567,1.250,1.280,0.790,0,0,0,0,0,10,2,0,10,0
18-05 18:40:33,0.250,1.000,98.743,0,0,870744,1684368,166836,5089724,5699.572,1619.878,0,0,0,0,445,544,1.250,1.280,0.790,0,0,0,0,0,10,2,0,10,0
18-05 18:40:34,0.750,0,98.981,0,0,870744,1684368,166836,5089724,10963.865,1457.716,0,0,0,0,483,559,1.250,1.280,0.790,0,0,0,0,0,10,2,0,10,0
18-05 18:40:35,7.249,1.750,89.984,0.250,0,885356,1669756,166836,5089724,147150.225,4057.289,0,983.828,0,4.999,1222,883,1.250,1.280,0.790,2,0,4.999,0,0,10,2,0,4,0
18-05 18:40:36,15.750,4.500,78.498,0.250,0,908992,1646008,166840,5089832,285488.318,11903.721,107.997,4.000,5.000,1.000,2564,1475,1.250,1.280,0.790,2,0,28.999,0,0,10,2,0,4,0
18-05 18:40:37,15.504,4.751,78.268,0,0,906924,1647972,166840,5089936,299803.348,9284.148,0,12.003,0,3.001,2352,1381,1.230,1.270,0.790,1,0,22.005,0,0,10,2,0,4,0
