"pcp-dstat 6.2.0 CSV Output"
"Author:","PCP team <pcp@groups.io> and Dag Wieers <dag@wieers.com>",,,,"URL:","https://pcp.io/ and http://dag.wieers.com/home-made/dstat/"
"Host:","np0000093949",,,,"User:","ubuntu"
"Cmdline:","dstat -tcmndrylpg --tcp --output /tmp/devstack_logs/dstat-csv.log",,,,"Date:","14 Apr 2026 15:29:49 UTC"
"system","total usage",,,,,"memory usage",,,,"net/total",,"dsk/total",,"io/total",,"system",,"load avg",,,"procs",,,"paging",,"tcp sockets",,,,
"time","total usage:usr","total usage:sys","total usage:idl","total usage:wai","total usage:stl","used","free","buf","cach","net/total:recv","net/total:send","dsk/total:read","dsk/total:writ","read","writ","int","csw","1m","5m","15m","run","blk","new","in","out","lis","act","syn","tim","clo"
14-04 15:29:49,,995304,1685944,160024,4982688,,,,,,,1.350,1.110,0.730,1,0,,,,10,6,0,17,0
14-04 15:29:50,12.975,20.460,64.625,0.250,0,1003132,1677892,160088,4982812,22387.750,5786.821,0,646.751,0,18.963,5087,3579,1.350,1.110,0.730,1,0,239.537,0,0,10,5,0,17,1
14-04 15:29:51,17.026,20.281,61.343,0.501,0,1011596,1669000,160164,4983092,21856.188,8098.297,0,2287.473,0,186.283,4861,2836,1.350,1.110,0.730,2,0,218.332,0,0,10,4,0,17,2
14-04 15:29:52,28.739,20.992,48.232,0.250,0,1037572,1642704,160236,4983272,18078.379,7941.092,0,843.691,0,28.989,4827,2771,1.350,1.110,0.730,1,0,198.927,0,0,10,4,0,17,2
14-04 15:29:53,24.182,20.692,53.600,0.249,0,1040160,1639724,160356,4983872,38333.900,10223.437,0,1256.490,0,37.894,4941,3585,1.350,1.110,0.730,2,0,191.465,0,0,10,4,0,17,2
14-04 15:29:54,32.051,17.027,49.078,0.501,0,1052196,1627300,160440,4983688,19569.233,8655.815,0,1013.618,0,32.051,4380,2577,1.320,1.110,0.730,3,0,137.219,0,0,10,4,0,11,2
14-04 15:29:55,35.570,19.038,44.839,0.501,0,1041756,1627128,160572,4994272,143907.017,11183.149,0,1494.961,0,41.081,5587,5376,1.320,1.110,0.730,2,0,157.312,0,0,10,4,0,11,2
14-04 15:29:56,37.682,14.224,44.670,1.747,0,1031768,1617608,161388,5010328,51623.120,2491.517,535.037,1736.875,17.968,65.881,5240,4673,1.320,1.110,0.730,3,0,129.767,0,0,10,4,0,11,2
14-04 15:29:57,39.057,16.274,43.063,0.501,0,1031252,1599056,161892,5026672,10976.065,1622.375,476.698,1578.310,20.029,32.047,5220,5184,1.320,1.110,0.730,2,0,87.128,0,0,10,4,0,11,2
14-04 15:29:58,27.208,8.487,62.653,0.749,0,1056836,1552148,162368,5045520,10260.115,1617.496,0,16274.802,0,512.207,2869,1480,1.320,1.110,0.730,1,0,11.981,0,0,10,4,0,11,2
14-04 15:29:59,21.748,2.250,73.245,1.500,0,1038032,1552492,163276,5060648,43352.004,1457.899,0,3455.761,0,239.983,2212,1766,1.290,1.110,0.730,1,0,0,0,0,10,4,0,11,2
14-04 15:30:00,22.000,3.000,73.749,1.250,0,1038840,1523340,164448,5085008,6195.945,1619.986,0,2355.979,0,83.999,1912,1514,1.290,1.110,0.730,1,0,0,0,0,10,4,0,11,2
14-04 15:30:01,18.753,1.500,78.264,0,0,1030056,1547952,164568,5069104,14069.589,4347.800,0,520.096,0,21.004,1530,926,1.290,1.110,0.730,1,0,2.000,0,0,10,2,0,11,0
14-04 15:30:02,20.742,3.499,75.220,0,0,1041108,1536864,164596,5069112,10722.751,2694.932,0,1095.566,0,90.964,1929,1011,1.290,1.110,0.730,0,0,32.987,0,0,10,3,0,11,0
14-04 15:30:03,19.761,3.252,76.042,0.500,0,1033704,1537960,164672,5074812,14610.069,2895.599,0,16284.994,0,95.052,1685,1010,1.290,1.110,0.730,1,0,2.001,0,0,10,2,0,11,0
14-04 15:30:04,17.744,2.499,79.471,0,0,1028368,1543148,164680,5074848,16938.924,4625.341,0,491.824,0,5.998,1627,920,1.270,1.100,0.740,1,0,16.994,0,0,10,3,0,11,0
14-04 15:30:05,23.498,5.000,69.495,0.250,0,1016708,1548340,164900,5079924,47794.765,1631.890,0,787.947,0,11.999,10621,19180,1.270,1.100,0.740,1,0,6.000,0,0,10,2,0,11,0
14-04 15:30:06,22.036,4.758,71.616,0.250,0,1003248,1561160,164956,5080368,11431.448,1622.619,0,1250.017,0,13.021,5906,9682,1.270,1.100,0.740,1,0,13.021,0,0,10,2,0,11,0
14-04 15:30:07,21.708,6.238,71.611,0,0,990796,1573492,164984,5080456,10537.588,1616.868,0,171.667,0,2.994,8606,14571,1.270,1.100,0.740,1,0,15.969,0,0,10,2,0,11,0
14-04 15:30:08,13.001,4.000,82.509,0.250,0,961160,1615832,165004,5069108,9867.064,131748.211,0,9985.077,0,61.007,1713,1273,1.270,1.100,0.740,0,0,7.001,0,0,10,2,0,11,0
14-04 15:30:09,0,0,98.740,0,0,956552,1620440,165004,5069108,8186.159,1619.834,0,0,0,0,452,574,1.170,1.090,0.730,1,0,0,0,0,10,2,0,11,0
14-04 15:30:10,0.250,0.250,98.758,0,0,951372,1625616,165004,5069112,11231.854,1620.123,0,2260.172,0,14.001,502,585,1.170,1.090,0.730,0,0,0,0,0,10,2,0,9,0
14-04 15:30:11,0.250,0.250,98.999,0,0,944816,1632172,165004,5069112,9100.947,1619.990,0,0,0,0,456,578,1.170,1.090,0.730,0,0,0,0,0,10,2,0,9,0
14-04 15:30:12,0.500,0.250,98.757,0,0,941984,1635004,165004,5069112,9406.672,1458.104,0,20.001,0,2.000,484,563,1.170,1.090,0.730,0,0,0,0,0,10,2,0,9,0
14-04 15:30:13,0,1.750,97.000,0,0,912876,1664104,165012,5069112,8487.992,1619.998,0,28155.974,0,146.000,861,936,1.170,1.090,0.730,0,0,0,0,0,10,2,0,9,0
14-04 15:30:14,0.500,0.250,99.035,0,0,908164,1668816,165012,5069112,10227.661,1458.522,0,0,0,0,468,562,1.070,1.070,0.730,0,0,0,0,0,10,2,0,9,0
14-04 15:30:15,0.500,0.250,98.968,0,0,906072,1670908,165012,5069112,10553.636,1619.484,0,0,0,0,501,574,1.070,1.070,0.730,0,0,0,0,0,10,2,0,9,0
14-04 15:30:16,0.500,0.500,98.988,0,0,900988,1675992,165012,5069112,6175.277,1619.810,0,0,0,0,458,555,1.070,1.070,0.730,0,0,0,0,0,10,2,0,9,0
14-04 15:30:17,0.250,0,98.254,0,0,899164,1677816,165012,5069112,10498.382,1620.059,0,0,0,0,533,603,1.070,1.070,0.730,0,0,1.000,0,0,10,2,0,9,0
14-04 15:30:18,0.250,0.500,98.258,0,0,897800,1679176,165016,5069112,8123.623,1620.124,0,4020.308,0,58.004,583,657,1.070,1.070,0.730,0,0,0,0,0,10,2,0,9,0
14-04 15:30:19,0.750,0.750,98.987,0,0,894408,1682568,165016,5069112,6358.140,1619.781,0,7.999,0,2.000,455,560,0.990,1.050,0.720,1,0,0,0,0,10,2,0,9,0
14-04 15:30:20,0.500,1.500,97.009,0,0,890804,1686168,165016,5069116,9737.952,1458.143,0,0,0,0,697,652,0.990,1.050,0.720,0,0,6.001,0,0,10,2,0,9,0
14-04 15:30:21,0.250,0.250,98.992,0,0,886932,1690040,165016,5069116,10266.134,1619.863,0,0,0,0,499,578,0.990,1.050,0.720,0,0,0,0,0,10,2,0,9,0
14-04 15:30:22,0.500,0.250,98.501,0,0,883676,1693296,165016,5069116,10433.102,1620.016,0,0,0,0,506,589,0.990,1.050,0.720,0,0,0,0,0,10,2,0,9,0
14-04 15:30:23,0.500,0.500,99.010,0.250,0,880820,1696152,165016,5069116,12372.221,1134.112,0,132.013,0,2.000,509,582,0.990,1.050,0.720,0,0,0,0,0,10,2,0,9,0
14-04 15:30:24,0.250,0,98.739,0,0,878628,1698344,165016,5069116,4366.533,485.948,0,0,0,0,421,569,0.910,1.030,0.720,0,0,0,0,0,10,2,0,9,0
14-04 15:30:25,0.500,0.250,98.765,0,0,876688,1700284,165016,5069116,11177.663,1620.241,0,12.002,0,2.000,507,572,0.910,1.030,0.720,0,0,0,0,0,10,2,0,9,0
14-04 15:30:26,0.250,0.250,98.735,0,0,874812,1702160,165016,5069116,8420.689,1457.773,0,0,0,0,462,554,0.910,1.030,0.720,0,0,0,0,0,10,2,0,9,0
14-04 15:30:27,0.500,0.250,98.759,0,0,874408,1702436,165016,5069244,6287.557,1620.144,0,0,0,0,471,629,0.910,1.030,0.720,0,0,1.000,0,0,10,2,0,9,0
14-04 15:30:28,0.249,1.746,97.036,0.249,0,874664,1702180,165016,5069244,9489.028,1239.261,0,23424.230,0,139.691,847,851,0.910,1.030,0.720,1,0,0,0,0,10,2,0,9,0
14-04 15:30:29,0.251,1.253,97.732,0,0,874660,1702180,165020,5069244,40122.401,920.188,0,34028.912,0,475.130,862,794,0.830,1.010,0.720,0,0,0,0,0,10,2,0,9,0
14-04 15:30:30,0.750,0.250,98.745,0,0,874628,1702212,165020,5069244,14143.314,1149.944,0,0,0,0,490,559,0.830,1.010,0.720,0,0,0,0,0,10,2,0,9,0
14-04 15:30:31,0,0.250,99.009,0,0,874596,1702244,165020,5069244,10063.953,1620.153,0,8.001,0,2.000,495,574,0.830,1.010,0.720,0,0,0,0,0,10,2,0,9,0
14-04 15:30:32,0.250,0.250,98.645,0,0,874596,1702244,165020,5069244,5558.112,1618.286,0,0,0,0,459,571,0.830,1.010,0.720,0,0,0,0,0,10,2,0,9,0
14-04 15:30:33,0.500,0,98.837,0,0,874596,1702244,165020,5069244,10225.953,1513.325,0,88.077,0,15.013,503,580,0.830,1.010,0.720,0,0,0,0,0,10,2,0,9,0
14-04 15:30:34,0.500,3.000,96.252,0,0,874600,1702244,165020,5069244,8100.173,1620.035,0,40020.854,0,184.004,958,931,0.770,1,0.710,0,0,0,0,0,10,2,0,9,0
14-04 15:30:35,0.500,0.250,98.505,0,0,874824,1702020,165020,5069244,44969.139,1566.074,0,0,0,0,557,581,0.770,1,0.710,0,0,0,0,0,10,2,0,7,0
14-04 15:30:36,0.250,0,99.252,0,0,874824,1702020,165020,5069244,9852.197,1242.025,0,0,0,0,503,574,0.770,1,0.710,0,0,0,0,0,10,2,0,7,0
14-04 15:30:37,0.500,0.750,98.477,0,0,874820,1702020,165020,5069248,10602.506,1403.670,0,11.997,0,2.000,567,639,0.770,1,0.710,1,0,1.000,0,0,10,2,0,7,0
14-04 15:30:38,0,0.250,98.511,0,0,874816,1702020,165020,5069252,8678.944,744.081,0,0,0,0,486,558,0.770,1,0.710,0,0,0,0,0,10,2,0,7,0
14-04 15:30:39,12.001,2.250,85.507,0,0,883792,1693220,165028,5069248,283615.762,7262.583,0,788.063,0,4.000,1642,1129,0.790,1,0.710,1,0,7.001,0,0,10,2,0,4,0
14-04 15:30:40,22.749,9.000,66.748,0.500,0,872260,1704628,165040,5069360,292948.289,13423.601,107.997,0,5.000,0,3748,11760,0.790,1,0.710,1,0,67.998,0,0,10,2,0,5,0
14-04 15:30:41,16.469,5.240,77.105,0,0,882440,1694308,165052,5069488,155615.748,5447.734,0,3.992,0,0.998,2393,1314,0.790,1,0.710,1,0,24.953,0,0,10,2,0,5,0
