"pcp-dstat 6.2.0 CSV Output"
"Author:","PCP team <pcp@groups.io> and Dag Wieers <dag@wieers.com>",,,,"URL:","https://pcp.io/ and http://dag.wieers.com/home-made/dstat/"
"Host:","np0000094411",,,,"User:","ubuntu"
"Cmdline:","dstat -tcmndrylpg --tcp --output /tmp/devstack_logs/dstat-csv.log",,,,"Date:","19 Jun 2026 11:27:56 UTC"
"system","total usage",,,,,"memory usage",,,,"net/total",,"dsk/total",,"io/total",,"system",,"load avg",,,"procs",,,"paging",,"tcp sockets",,,,
"time","total usage:usr","total usage:sys","total usage:idl","total usage:wai","total usage:stl","used","free","buf","cach","net/total:recv","net/total:send","dsk/total:read","dsk/total:writ","read","writ","int","csw","1m","5m","15m","run","blk","new","in","out","lis","act","syn","tim","clo"
19-06 11:27:56,,1003228,1667912,161536,4988860,,,,,,,1.640,1.180,0.720,2,0,,,,10,5,0,18,1
19-06 11:27:57,27.653,20.926,49.825,0.249,0,1022916,1647820,161628,4989140,19400.727,8805.014,0,936.704,0,26.905,5272,3717,1.640,1.180,0.720,2,0,235.172,0,0,10,4,0,15,2
19-06 11:27:58,26.068,22.308,49.881,0.752,0,1029140,1623844,161764,5006048,184029.745,10120.493,0,2610.835,0,116.304,5040,2881,1.670,1.190,0.730,2,0,215.564,0,0,10,4,0,15,2
19-06 11:27:59,31.523,21.766,44.532,0.500,0,1035760,1606620,162172,5015112,11181.062,1459.052,0,1537.108,0,60.043,5099,2889,1.670,1.190,0.730,3,0,189.136,0,0,10,4,0,15,2
19-06 11:28:00,34.155,22.437,42.382,0.249,0,1049348,1582288,162808,5023956,10665.183,1615.484,0,327.086,0,15.955,5342,4167,1.670,1.190,0.730,13,0,204.428,0,0,10,4,0,15,2
19-06 11:28:01,38.567,17.280,42.824,0.250,0,1023080,1592068,163168,5037936,11175.438,1622.823,0,1390.418,0,33.057,4485,2989,1.670,1.190,0.730,2,0,131.228,0,0,10,4,0,15,2
19-06 11:28:02,39.835,19.668,38.341,1.245,0,1019436,1571692,163892,5059400,8571.442,1451.977,0,2816.317,0,111.537,6163,6202,1.670,1.190,0.730,5,0,173.281,0,0,10,4,0,11,2
19-06 11:28:03,39.871,15.798,41.877,0.752,0,1020628,1555424,164744,5070820,10696.406,1667.050,0,1957.932,0,62.188,5535,5500,1.930,1.250,0.750,5,0,135.410,0,0,10,4,0,11,2
19-06 11:28:04,37.678,15.720,42.918,2.246,0,1024140,1521588,165756,5097428,9001.902,1616.929,1010.081,4419.606,37.928,81.845,4875,4375,1.930,1.250,0.750,1,1,80.846,0,0,10,4,0,11,2
19-06 11:28:05,27.515,9.255,62.034,0.750,0,1044788,1515232,166052,5082460,7855.248,2101.136,0,10201.517,0,169.091,2585,1332,1.930,1.250,0.750,1,0,14.008,0,0,10,2,0,11,0
19-06 11:28:06,19.269,2.753,77.327,0,0,1076476,1483508,166080,5082468,11792.684,2960.934,0,0,0,0,1752,935,1.930,1.250,0.750,2,0,33.033,0,0,10,3,0,11,0
19-06 11:28:07,21.995,2.999,73.484,0.500,0,1072656,1480564,166404,5088524,13856.896,3462.224,0,29145.470,0,829.814,2180,1195,1.930,1.250,0.750,1,0,2.000,0,0,10,2,0,11,0
19-06 11:28:08,23.500,5.000,70.500,0,0,1085268,1467196,166444,5089044,21543.892,1619.992,0,4.000,0,1.000,12290,22577,1.860,1.250,0.750,1,0,7.000,0,0,10,2,0,11,0
19-06 11:28:09,21.007,4.502,73.275,0,0,1108184,1443256,166512,5089868,10144.392,1458.488,0,100.033,0,3.001,3998,5314,1.860,1.250,0.750,4,0,12.004,0,0,10,2,0,11,0
19-06 11:28:10,21.993,6.248,70.227,0,0,1094148,1456984,166556,5090080,8925.134,1619.480,0,175.944,0,1.999,10363,18087,1.860,1.250,0.750,1,0,14.995,0,0,10,2,0,11,0
19-06 11:28:11,16.741,4.248,77.958,0.250,0,993628,1565716,166568,5082504,14459.257,134715.862,0,891.523,0,11.994,1938,1083,1.860,1.250,0.750,0,0,5.997,0,0,10,2,0,11,0
19-06 11:28:12,0.250,1.750,97.272,0,0,991412,1567932,166568,5082504,10159.262,1458.325,0,14967.332,0,82.018,795,799,1.860,1.250,0.750,0,0,0,0,0,10,2,0,11,0
19-06 11:28:13,0.750,0.250,99.213,0,0,977368,1581976,166568,5082504,6945.394,1619.392,0,0,0,0,465,553,1.710,1.230,0.750,0,0,0,0,0,10,2,0,11,0
19-06 11:28:14,0.250,0,98.552,0,0,957372,1601972,166568,5082504,8686.621,1458.776,0,4.002,0,1.001,485,554,1.710,1.230,0.750,0,0,0,0,0,10,2,0,10,0
19-06 11:28:15,0.250,0.500,98.751,0,0,946796,1612548,166568,5082504,10732.104,1620.016,0,4.000,0,1.000,505,564,1.710,1.230,0.750,0,0,0,0,0,10,2,0,10,0
19-06 11:28:16,0.500,0.250,98.494,0,0,932292,1627080,166572,5082504,9921.372,1457.908,0,1127.929,0,3.000,506,577,1.710,1.230,0.750,0,0,0,0,0,10,2,0,10,0
19-06 11:28:17,0.250,1.000,98.488,0,0,929172,1630192,166572,5082512,10350.707,1619.798,0,13190.352,0,56.993,637,674,1.710,1.230,0.750,0,0,0,0,0,10,2,0,10,0
19-06 11:28:18,0.500,0.250,98.765,0,0,920892,1638472,166572,5082512,13180.034,1458.225,0,0,0,0,489,527,1.570,1.210,0.740,0,0,0,0,0,10,2,0,9,0
19-06 11:28:19,0.750,0,98.727,0,0,918508,1640856,166572,5082512,23779.483,1619.624,0,0,0,0,485,536,1.570,1.210,0.740,0,0,0,0,0,10,2,0,9,0
19-06 11:28:20,0.250,0.250,98.767,0,0,912424,1646940,166572,5082512,9733.679,1620.280,0,8.001,0,2.000,508,562,1.570,1.210,0.740,0,0,0,0,0,10,2,0,9,0
19-06 11:28:21,0.500,0.750,97.750,0.250,0,897152,1662244,166572,5082496,7289.007,1620.002,0,664.001,0,13.000,787,1069,1.570,1.210,0.740,0,0,1.000,0,0,10,2,0,9,0
19-06 11:28:22,0.750,1.250,97.759,0,0,890908,1668488,166572,5082496,8066.711,1620.143,0,19257.698,0,105.009,789,787,1.570,1.210,0.740,0,0,0,0,0,10,2,0,9,0
19-06 11:28:23,0,0.500,98.494,0,0,887696,1671700,166572,5082496,10643.338,1457.909,0,2259.859,0,12.999,493,539,1.450,1.190,0.740,0,0,0,0,0,10,2,0,9,0
19-06 11:28:24,0.750,0,98.753,0,0,884528,1674868,166572,5082496,9241.292,1620.051,0,0,0,0,473,546,1.450,1.190,0.740,0,0,0,0,0,10,2,0,9,0
19-06 11:28:25,0,0.500,98.995,0,0,882968,1676428,166572,5082496,11613.461,1619.925,0,0,0,0,525,548,1.450,1.190,0.740,0,0,0,0,0,10,2,0,9,0
19-06 11:28:26,1.000,0.500,98.256,0,0,875192,1684208,166572,5082496,10116.580,1620.093,0,1464.084,0,125.007,606,634,1.450,1.190,0.740,0,0,0,0,0,10,2,0,9,0
19-06 11:28:27,0.250,0,98.745,0,0,875096,1684304,166572,5082496,11673.410,1619.918,0,235.988,0,2.000,520,566,1.450,1.190,0.740,0,0,0,0,0,10,2,0,9,0
19-06 11:28:28,0.250,0.500,98.498,0,0,875096,1684304,166572,5082496,11526.751,1457.969,0,0,0,0,494,531,1.330,1.170,0.730,0,0,0,0,0,10,2,0,9,0
19-06 11:28:29,0.500,0,98.749,0,0,875096,1684304,166572,5082496,7508.922,1619.983,0,1071.989,0,87.999,474,571,1.330,1.170,0.730,0,0,0,0,0,10,2,0,9,0
19-06 11:28:30,0.250,0.500,98.758,0,0,875320,1684080,166572,5082496,23008.786,1620.126,0,0,0,0,520,553,1.330,1.170,0.730,0,0,0,0,0,10,2,0,9,0
19-06 11:28:31,0.500,0.750,98.764,0,0,875320,1684080,166572,5082496,8984.230,1458.200,0,0,0,0,526,594,1.330,1.170,0.730,0,0,1.000,0,0,10,2,0,9,0
19-06 11:28:32,0.500,2.249,95.954,0,0,875320,1684080,166572,5082496,8149.078,1619.221,0,42775.412,0,220.894,1062,999,1.330,1.170,0.730,2,0,0,0,0,10,2,0,9,0
19-06 11:28:33,0.250,0.750,98.032,0,0,867256,1692144,166572,5082496,10958.603,1458.480,0,10383.414,0,52.017,639,626,1.220,1.150,0.730,0,0,0,0,0,10,2,0,9,0
19-06 11:28:34,0.750,0,98.748,0,0,867248,1692148,166572,5082500,10841.743,1619.962,0,0,0,0,520,543,1.220,1.150,0.730,0,0,0,0,0,10,2,0,9,0
19-06 11:28:35,0.250,0.250,99.002,0,0,867488,1691924,166572,5082500,10689.248,1458.034,0,0,0,0,520,563,1.220,1.150,0.730,0,0,0,0,0,10,2,0,9,0
19-06 11:28:36,0.250,0.250,98.751,0,0,867488,1691924,166572,5082500,9392.090,1620.016,0,0,0,0,479,544,1.220,1.150,0.730,0,0,0,0,0,10,2,0,9,0
19-06 11:28:37,0.250,0.750,98.500,0.250,0,867488,1691924,166572,5082500,7588.993,1619.999,0,907.999,0,2.000,477,560,1.220,1.150,0.730,0,0,0,0,0,10,2,0,9,0
19-06 11:28:38,0.500,2.250,93.007,3.000,0,867740,1691672,166572,5082500,10999.853,1662.129,0,42027.259,0,242.019,1040,936,1.130,1.130,0.730,0,0,0,0,0,10,2,0,8,0
19-06 11:28:39,0.500,0.500,98.738,0,0,867740,1691672,166572,5082500,12414.436,1619.796,0,7.999,0,1.000,516,547,1.130,1.130,0.730,0,0,0,0,0,10,2,0,8,0
19-06 11:28:40,0.250,0,98.755,0,0,867740,1691672,166572,5082500,10789.553,1620.083,0,0,0,0,534,556,1.130,1.130,0.730,0,0,0,0,0,10,2,0,8,0
19-06 11:28:41,0.500,0.250,98.758,0,0,867740,1691672,166572,5082500,10346.849,1296.106,0,0,0,0,530,598,1.130,1.130,0.730,0,0,1.000,0,0,10,2,0,8,0
19-06 11:28:42,8.250,1.750,89.499,0,0,883608,1675800,166576,5082500,287249.657,7261.915,0,739.991,0,2.000,1342,1042,1.130,1.130,0.730,1,0,7.000,0,0,10,2,0,8,0
19-06 11:28:43,15.749,4.250,78.246,0.500,0,885712,1673688,166584,5082500,166075.225,9895.537,107.995,0,5.000,0,2416,1331,1.120,1.130,0.730,0,0,26.999,0,0,10,2,0,4,0
19-06 11:28:44,15.493,4.748,78.465,0,0,889688,1669504,166588,5082704,295976.764,9211.915,0,103.954,0,5.997,2314,1375,1.120,1.130,0.730,1,0,20.991,0,0,10,2,0,4,0
