"pcp-dstat 6.2.0 CSV Output"
"Author:","PCP team <pcp@groups.io> and Dag Wieers <dag@wieers.com>",,,,"URL:","https://pcp.io/ and http://dag.wieers.com/home-made/dstat/"
"Host:","np0000094374",,,,"User:","ubuntu"
"Cmdline:","dstat -tcmndrylpg --tcp --output /tmp/devstack_logs/dstat-csv.log",,,,"Date:","17 Jun 2026 03:25:03 UTC"
"system","total usage",,,,,"memory usage",,,,"net/total",,"dsk/total",,"io/total",,"system",,"load avg",,,"procs",,,"paging",,"tcp sockets",,,,
"time","total usage:usr","total usage:sys","total usage:idl","total usage:wai","total usage:stl","used","free","buf","cach","net/total:recv","net/total:send","dsk/total:read","dsk/total:writ","read","writ","int","csw","1m","5m","15m","run","blk","new","in","out","lis","act","syn","tim","clo"
17-06 03:25:03,,1011468,1675616,163412,4971996,,,,,,,1.550,1.100,0.690,1,0,,,,10,6,0,17,0
17-06 03:25:04,20.936,19.939,56.825,0.997,0,1011304,1675312,163556,4972232,46114.057,11381.965,0,1527.299,0,44.862,5038,3086,1.550,1.100,0.690,3,0,224.310,0,0,10,5,0,17,1
17-06 03:25:05,28.269,20.764,49.283,0,0,1030936,1655212,163660,4972524,22767.133,9705.451,0,1056.702,0,31.021,5077,2926,1.500,1.100,0.690,3,0,221.147,0,0,10,4,0,15,2
17-06 03:25:06,28.489,21.741,48.481,0.500,0,1022288,1645512,163816,4990112,182947.680,11749.291,0,1511.394,0,40.984,4984,2825,1.500,1.100,0.690,2,0,179.928,0,0,10,4,0,15,2
17-06 03:25:07,34.766,22.010,41.269,0.500,0,1027848,1623576,164628,5004020,8945.182,1620.758,0,8592.017,0,393.184,5961,4800,1.500,1.100,0.690,4,0,184.086,0,0,10,4,0,15,2
17-06 03:25:08,36.012,18.506,44.765,0.250,0,1030612,1602576,165132,5019324,13731.731,1620.558,0,1416.488,0,34.012,4473,2547,1.500,1.100,0.690,3,0,121.042,0,0,10,4,0,15,2
17-06 03:25:09,43.026,16.760,39.274,0.500,0,1053572,1558376,165604,5038564,9533.748,1620.977,0,1669.006,0,56.034,5447,6238,1.500,1.100,0.690,5,0,145.087,0,0,10,4,0,11,2
17-06 03:25:10,41.184,19.968,36.940,0.499,0,1055168,1540036,166676,5051428,11874.863,1617.393,0,3035.109,0,109.823,5988,6242,1.540,1.120,0.700,3,0,239.614,0,0,10,4,0,11,2
17-06 03:25:11,39.044,15.518,41.046,2.503,0,1061340,1502904,167592,5078608,8405.480,1567.768,1013.143,3107.505,38.043,68.077,5388,5401,1.540,1.120,0.700,2,0,87.098,0,0,10,4,0,11,2
17-06 03:25:12,29.742,10.747,58.483,0.500,0,974780,1600752,168092,5065908,11830.640,2141.392,0,11224.812,0,54.984,2775,1365,1.540,1.120,0.700,2,0,13.996,0,0,10,2,0,11,0
17-06 03:25:13,22.505,3.501,73.516,0,0,1006996,1568504,168112,5065916,9996.196,1620.356,0,0,0,0,1864,993,1.540,1.120,0.700,2,0,17.004,0,0,10,2,0,11,0
17-06 03:25:14,17.500,2.250,78.749,0.500,0,1009928,1559828,168220,5070956,29207.603,4800.935,0,1479.980,0,19.000,1658,916,1.540,1.120,0.700,1,0,18.000,0,0,10,2,0,11,0
17-06 03:25:15,23.749,5.750,68.748,0,0,990088,1577868,168252,5072480,12876.554,1511.948,0,0,0,0,12252,22153,1.500,1.110,0.700,3,0,13.000,0,0,10,2,0,11,0
17-06 03:25:16,20.756,4.501,73.521,0,0,1023004,1543892,168268,5073316,8830.560,1620.470,0,104.030,0,3.001,2344,1876,1.500,1.110,0.700,3,0,12.003,0,0,10,2,0,11,0
17-06 03:25:17,23.246,7.999,67.489,0,0,1021840,1544880,168308,5073412,10004.322,1619.728,0,15529.395,0,74.987,7896,14505,1.500,1.110,0.700,2,0,12.998,0,0,10,2,0,11,0
17-06 03:25:18,20.978,4.995,73.673,0,0,954928,1619980,168324,5066020,10843.703,1564.370,0,1138.814,0,11.988,1911,1007,1.500,1.110,0.700,2,0,6.993,0,0,10,2,0,11,0
17-06 03:25:19,2.001,1.001,96.569,0,0,947152,1627888,168324,5065924,13258.410,133224.551,0,2473.756,0,185.131,938,709,1.500,1.110,0.700,2,0,1.001,0,0,10,2,0,11,0
17-06 03:25:20,0.499,0.249,98.736,0,0,946888,1628152,168324,5065924,11299.780,1561.823,0,3.989,0,0.997,523,541,1.380,1.100,0.700,1,0,0,0,0,10,2,0,11,0
17-06 03:25:21,0.501,0.251,98.784,0,0,943584,1631456,168324,5065924,8397.146,1516.360,0,0,0,0,506,546,1.380,1.100,0.700,1,0,0,0,0,10,2,0,10,0
17-06 03:25:22,11.501,6.500,81.504,0,0,933096,1641940,168324,5065924,9092.399,1620.071,0,9836.431,0,50.002,2300,10365,1.380,1.100,0.700,1,0,36.002,0,0,10,2,0,11,0
17-06 03:25:23,0,0.500,98.999,0,0,926020,1649016,168324,5065924,10648.902,1457.987,0,0,0,0,515,537,1.380,1.100,0.700,3,0,0,0,0,10,2,0,11,0
17-06 03:25:24,0.500,0.250,98.752,0,0,921016,1654016,168324,5065928,11723.223,1620.031,0,828.016,0,2.000,562,572,1.380,1.100,0.700,1,0,0,0,0,10,2,0,11,0
17-06 03:25:25,0.750,0.500,99.004,0,0,916640,1658392,168324,5065928,7008.311,1566.069,0,2260.100,0,14.001,492,548,1.270,1.080,0.700,1,0,0,0,0,10,2,0,9,0
17-06 03:25:26,0.500,0.500,98.500,0,0,906788,1668244,168324,5065928,12122.034,1512.004,0,8.000,0,2.000,515,537,1.270,1.080,0.700,1,0,0,0,0,10,2,0,9,0
17-06 03:25:27,0.250,2.250,96.996,0,0,897020,1678004,168324,5065928,20936.232,1565.943,0,32282.816,0,126.995,871,828,1.270,1.080,0.700,2,0,0,0,0,10,2,0,9,0
17-06 03:25:28,0.500,0.750,98.752,0,0,891772,1683252,168324,5065928,11590.269,1512.035,0,4.000,0,1.000,523,544,1.270,1.080,0.700,1,0,0,0,0,10,2,0,9,0
17-06 03:25:29,0.750,0.500,97.997,0,0,886240,1688752,168324,5065960,10892.658,1619.949,0,615.981,0,2.000,683,650,1.270,1.080,0.700,1,0,1.000,0,0,10,2,0,9,0
17-06 03:25:30,0.250,0.500,98.752,0,0,883496,1691496,168324,5065960,9114.228,1620.041,0,0,0,0,494,526,1.170,1.060,0.690,1,0,0,0,0,10,2,0,9,0
17-06 03:25:31,0.250,0.250,98.748,0,0,882820,1692172,168324,5065960,13001.745,1619.968,0,0,0,0,539,541,1.170,1.060,0.690,1,0,0,0,0,10,2,0,9,0
17-06 03:25:32,0.500,0.250,98.694,0,0,882788,1692204,168328,5065956,9736.524,1619.089,0,339.809,0,6.996,524,564,1.170,1.060,0.690,1,0,0,0,0,10,2,0,9,0
17-06 03:25:33,0.500,0.750,98.549,0,0,882776,1692208,168328,5065964,12111.000,1662.824,0,0,0,0,566,542,1.170,1.060,0.690,2,0,0,0,0,10,2,0,9,0
17-06 03:25:34,0.500,0.500,98.998,0.250,0,882776,1692208,168328,5065964,10436.805,1619.970,0,95.998,0,3.000,539,560,1.170,1.060,0.690,1,0,0,0,0,10,2,0,9,0
17-06 03:25:35,0.500,0,98.511,0,0,882744,1692240,168328,5065964,10561.166,1620.179,0,136.015,0,24.003,541,554,1.070,1.040,0.690,2,0,0,0,0,10,2,0,9,0
17-06 03:25:36,0.250,0.750,98.749,0,0,882744,1692240,168328,5065964,12236.889,1457.987,0,0,0,0,551,544,1.070,1.040,0.690,1,0,0,0,0,10,2,0,9,0
17-06 03:25:37,1.000,0.750,98.731,0,0,882744,1692240,168328,5065964,7730.528,1619.692,0,0,0,0,520,547,1.070,1.040,0.690,1,0,0,0,0,10,2,0,9,0
17-06 03:25:38,0.500,1.250,97.019,0.500,0,881956,1693028,168328,5065964,20268.871,1620.309,0,28385.422,0,459.088,826,821,1.070,1.040,0.690,2,0,0,0,0,10,2,0,9,0
17-06 03:25:39,0,0.500,98.501,0,0,879328,1695656,168328,5065964,11894.135,1458.017,0,0,0,0,561,614,1.070,1.040,0.690,1,0,1.000,0,0,10,2,0,9,0
17-06 03:25:40,0.500,0.500,98.999,0,0,877220,1697764,168328,5065964,10982.941,1619.991,0,347.998,0,3.000,495,548,0.990,1.020,0.680,1,0,0,0,0,10,2,0,9,0
17-06 03:25:41,0.750,0.250,98.745,0,0,875408,1699576,168328,5065964,10362.493,1619.921,0,0,0,0,488,536,0.990,1.020,0.680,1,0,0,0,0,10,2,0,9,0
17-06 03:25:42,0.250,0.250,99.251,0,0,873564,1701420,168328,5065964,10741.151,1458.020,0,0,0,0,472,522,0.990,1.020,0.680,1,0,0,0,0,10,2,0,9,0
17-06 03:25:43,0.500,4.500,94.243,0,0,871616,1703368,168328,5065964,10896.226,1619.885,0,76794.543,0,311.978,1362,1201,0.990,1.020,0.680,1,0,0,0,0,10,2,0,9,0
17-06 03:25:44,0.500,0.250,98.751,0,0,871616,1703368,168328,5065964,12415.141,1458.017,0,4.000,0,1.000,549,565,0.990,1.020,0.680,0,0,0,0,0,10,2,0,9,0
17-06 03:25:45,0.250,0.250,98.759,0,0,871616,1703368,168328,5065964,6751.616,1620.148,0,1172.107,0,3.000,502,568,0.910,1.010,0.680,1,0,0,0,0,10,2,0,9,0
17-06 03:25:46,0.250,0.500,98.748,0,0,871616,1703368,168328,5065964,7373.856,1457.971,0,4.000,0,1.000,464,537,0.910,1.010,0.680,1,0,0,0,0,10,2,0,8,0
17-06 03:25:47,0.750,0.750,99.005,0,0,871616,1703368,168328,5065964,12717.614,1620.078,0,0,0,0,539,538,0.910,1.010,0.680,2,0,0,0,0,10,2,0,8,0
17-06 03:25:48,0.250,0.250,98.430,0,0,871616,1703368,168328,5065964,10724.378,1618.849,0,83.940,0,0.999,504,548,0.910,1.010,0.680,1,0,0,0,0,10,2,0,8,0
17-06 03:25:49,3.752,1.251,94.812,0,0,875900,1699084,168328,5065964,155329.735,3352.196,0,0,0,0,1016,841,0.910,1.010,0.680,3,0,4.003,0,0,10,2,0,8,0
17-06 03:25:50,15.997,3.999,79.736,0,0,866800,1708180,168328,5065968,292870.997,10136.200,0,275.951,0,38.993,2320,1370,0.830,0.990,0.680,2,0,21.996,0,0,10,2,0,4,0
17-06 03:25:51,13.251,3.000,80.259,2.500,0,869388,1705480,168332,5066076,158870.602,9315.032,108.012,124.014,5.001,3.000,2135,1234,0.830,0.990,0.680,1,0,19.002,0,0,10,2,0,4,0
