"pcp-dstat 6.2.0 CSV Output"
"Author:","PCP team <pcp@groups.io> and Dag Wieers <dag@wieers.com>",,,,"URL:","https://pcp.io/ and http://dag.wieers.com/home-made/dstat/"
"Host:","np0000056254",,,,"User:","ubuntu"
"Cmdline:","dstat -tcmndrylpg --tcp --output /tmp/devstack_logs/dstat-csv.log",,,,"Date:","14 Feb 2026 11:17:11 UTC"
"system","total usage",,,,,"memory usage",,,,"net/total",,"dsk/total",,"io/total",,"system",,"load avg",,,"procs",,,"paging",,"tcp sockets",,,,
"time","total usage:usr","total usage:sys","total usage:idl","total usage:wai","total usage:stl","used","free","buf","cach","net/total:recv","net/total:send","dsk/total:read","dsk/total:writ","read","writ","int","csw","1m","5m","15m","run","blk","new","in","out","lis","act","syn","tim","clo"
14-02 11:17:11,,1075816,1616452,163912,4968164,,,,,,,1.450,1.140,0.710,4,0,,,,10,5,0,17,1
14-02 11:17:12,31.456,21.220,45.187,0.499,0.250,1065684,1626136,164036,4968392,42736.275,11616.765,0,1441.985,0,44.937,5766,11273,1.450,1.140,0.710,2,0,279.609,0,0,10,4,0,18,2
14-02 11:17:13,26.979,20.484,50.211,0.500,0,1072872,1618572,164120,4968596,18154.041,8705.306,0,807.379,0,23.982,4883,2806,1.450,1.140,0.710,2,0,213.836,0,0,10,4,0,15,2
14-02 11:17:14,27.004,21.253,49.258,0.500,0,1066712,1607408,164220,4985244,178005.453,9617.537,0,1552.248,0,40.006,4809,2765,1.450,1.140,0.710,2,0,183.029,0,0,10,4,0,15,2
14-02 11:17:15,34.817,22.043,41.079,0.751,0,1064012,1600744,164828,4992548,9379.118,1665.217,0,1887.646,0,64.124,5294,4569,1.890,1.240,0.740,2,0,194.375,0,0,10,4,0,15,2
14-02 11:17:16,36.683,16.969,44.669,0.499,0,1040572,1600428,165708,5012108,8460.599,1617.056,0,1413.427,0,32.940,4242,2522,1.890,1.240,0.740,2,0,121.778,0,0,10,4,0,15,2
14-02 11:17:17,42.741,16.997,38.742,0.250,0,1054988,1570464,165932,5026552,8880.229,1619.677,0,887.823,0,25.995,5148,6180,1.890,1.240,0.740,11,0,160.968,0,0,10,4,0,15,2
14-02 11:17:18,40.531,15.262,41.281,2.252,0,1041752,1563616,166796,5042904,42620.493,1621.236,652.497,2990.280,19.014,118.090,5733,5868,1.890,1.240,0.740,3,0,147.112,0,0,10,4,0,11,2
14-02 11:17:19,36.449,17.476,43.689,1.748,0,1044104,1532908,167144,5068048,12798.100,1455.964,359.497,11995.223,18.973,85.880,4891,4443,1.890,1.240,0.740,3,0,82.884,0,0,10,4,0,11,2
14-02 11:17:20,21.255,4.751,72.516,0.750,0,1030460,1535036,167740,5077236,11375.510,2892.638,0,2448.540,0,120.026,2105,1427,1.740,1.220,0.740,0,0,10.002,0,0,10,5,0,11,2
14-02 11:17:21,22.505,2.501,74.515,0.250,0,1029496,1554032,167744,5059652,7323.496,3071.627,0,920.188,0,127.026,1705,843,1.740,1.220,0.740,1,0,2.000,0,0,10,2,0,11,0
14-02 11:17:22,18.006,3.251,77.525,0.250,0,1050832,1532648,167780,5059664,10875.503,3793.222,0,680.219,0,9.003,1731,987,1.740,1.220,0.740,1,0,33.011,0,0,10,3,0,11,0
14-02 11:17:23,22.280,3.254,73.347,0.501,0,1060740,1516492,168068,5065324,9996.269,1796.385,0,17443.155,0,761.010,2000,992,1.740,1.220,0.740,1,0,2.003,0,0,10,2,0,11,0
14-02 11:17:24,18.222,2.247,79.127,0,0,1066448,1510616,168084,5065380,13960.259,4545.920,0,547.148,0,6.989,1589,922,1.740,1.220,0.740,1,0,16.974,0,0,10,3,0,11,0
14-02 11:17:25,21.751,5.500,70.252,0,0,1059880,1510204,168436,5070736,8692.286,1794.059,0,796.026,0,12.000,12326,22262,1.680,1.220,0.740,1,0,14.000,0,0,10,2,0,11,0
14-02 11:17:26,23.759,4.502,70.527,0,0,1054968,1514796,168492,5070928,7372.800,1620.615,0,84.032,0,1.000,6332,10826,1.680,1.220,0.740,1,0,5.002,0,0,10,2,0,11,0
14-02 11:17:27,20.500,5.750,72.252,0,0,1043708,1525856,168536,5071016,8533.202,1620.038,0,1228.029,0,92.002,6018,9221,1.680,1.220,0.740,2,0,15.000,0,0,10,2,0,11,0
14-02 11:17:28,14.992,4.248,80.207,0.250,0,979480,1602864,168548,5059692,11132.024,131071.634,0,14999.947,0,88.952,1706,1115,1.680,1.220,0.740,0,0,4.997,0,0,10,2,0,11,0
14-02 11:17:29,0.500,0.250,98.747,0,0,977176,1605168,168548,5059692,8128.728,1619.946,0,8.000,0,2.000,471,597,1.680,1.220,0.740,2,0,1.000,0,0,10,2,0,11,0
14-02 11:17:30,0,0.250,98.490,0,0,964460,1617884,168548,5059692,5203.476,1619.837,0,0,0,0,426,546,1.540,1.200,0.740,0,0,0,0,0,10,2,0,10,0
14-02 11:17:31,0.250,0.500,99.252,0,0,952952,1629392,168548,5059692,8786.171,1620.031,0,36.001,0,1.000,486,545,1.540,1.200,0.740,0,0,0,0,0,10,2,0,10,0
14-02 11:17:32,1.250,1.500,96.760,0,0,927032,1655308,168548,5059696,8656.894,1620.167,0,0,0,0,688,636,1.540,1.200,0.740,0,0,6.001,0,0,10,2,0,10,0
14-02 11:17:33,0.500,1.500,97.240,0,0,921764,1660580,168548,5059696,9221.011,1619.826,0,12430.667,0,60.993,749,768,1.540,1.200,0.740,0,0,0,0,0,10,2,0,10,0
14-02 11:17:34,0.250,0.500,98.754,0,0,917180,1665160,168548,5059700,9686.417,1620.070,0,0,0,0,461,533,1.540,1.200,0.740,0,0,0,0,0,10,2,0,9,0
14-02 11:17:35,0.500,0.250,98.768,0,0,913792,1668548,168548,5059700,9314.691,1620.294,0,16.003,0,3.001,484,555,1.420,1.180,0.730,0,0,0,0,0,10,2,0,9,0
14-02 11:17:36,0.250,0.250,98.977,0,0,910828,1671512,168548,5059700,7480.244,1457.658,0,0,0,0,431,528,1.420,1.180,0.730,0,0,0,0,0,10,2,0,9,0
14-02 11:17:37,0.250,0,98.755,0,0,908228,1674112,168548,5059700,5349.282,1620.085,0,0,0,0,445,528,1.420,1.180,0.730,0,0,0,0,0,10,2,0,9,0
14-02 11:17:38,0.250,2.250,96.006,0.750,0,903508,1678860,168576,5059684,9975.640,1620.104,0,25949.665,0,165.011,1120,1299,1.420,1.180,0.730,0,0,0,0,0,10,2,0,9,0
14-02 11:17:39,0.500,0.250,98.739,0,0,899976,1682392,168576,5059684,8664.004,1619.814,0,0,0,0,536,603,1.420,1.180,0.730,0,0,1.000,0,0,10,2,0,9,0
14-02 11:17:40,0.250,0.500,98.759,0,0,894664,1687704,168576,5059684,6848.628,1620.149,0,0,0,0,421,541,1.310,1.160,0.730,0,0,0,0,0,10,2,0,9,0
14-02 11:17:41,0.250,0.250,98.734,0,0,891776,1690592,168576,5059684,10431.269,1619.731,0,7.999,0,2.000,481,555,1.310,1.160,0.730,0,0,0,0,0,10,2,0,9,0
14-02 11:17:42,0.250,0.250,99.008,0,0,887292,1695076,168576,5059684,7249.555,1620.124,0,0,0,0,441,540,1.310,1.160,0.730,0,0,0,0,0,10,2,0,9,0
14-02 11:17:43,0.750,0.250,98.752,0,0,884052,1698316,168576,5059684,8641.185,1620.035,0,1740.037,0,2.000,462,542,1.310,1.160,0.730,0,0,0,0,0,10,2,0,9,0
14-02 11:17:44,0,0.250,98.485,0.250,0,882116,1700248,168580,5059684,10355.429,1457.779,0,195.970,0,18.997,497,569,1.310,1.160,0.730,0,0,0,0,0,10,2,0,9,0
14-02 11:17:45,0.250,0.250,99.009,0,0,881796,1700568,168580,5059684,4380.420,1620.155,0,0,0,0,458,551,1.200,1.140,0.720,0,0,0,0,0,10,2,0,9,0
14-02 11:17:46,0.500,0.500,98.740,0,0,881544,1700820,168580,5059684,8984.051,1619.829,0,0,0,0,457,547,1.200,1.140,0.720,0,0,0,0,0,10,2,0,9,0
14-02 11:17:47,0.250,0.250,98.769,0,0,881544,1700820,168580,5059684,6832.282,1620.304,0,8.002,0,2.000,452,538,1.200,1.140,0.720,0,0,0,0,0,10,2,0,9,0
14-02 11:17:48,0.250,3.497,95.159,0,0,873948,1708416,168580,5059684,40400.526,1618.459,0,56002.668,0,317.697,1365,1378,1.200,1.140,0.720,0,0,0,0,0,10,2,0,9,0
14-02 11:17:49,0.500,0.500,98.335,0.250,0,873868,1708492,168584,5059684,9209.946,1621.399,0,1144.988,0,3.003,550,613,1.200,1.140,0.720,0,0,1.001,0,0,10,2,0,9,0
14-02 11:17:50,0.500,0.500,98.756,0,0,873868,1708492,168584,5059684,6908.386,1620.091,0,0,0,0,465,555,1.100,1.120,0.720,0,0,0,0,0,10,2,0,9,0
14-02 11:17:51,0,0.250,98.746,0,0,873864,1708492,168584,5059688,10279.571,1619.932,0,0,0,0,478,538,1.100,1.120,0.720,0,0,0,0,0,10,2,0,9,0
14-02 11:17:52,0.750,0.250,98.995,0,0,873864,1708492,168584,5059688,6465.671,1457.926,0,0,0,0,464,535,1.100,1.120,0.720,0,0,0,0,0,10,2,0,9,0
14-02 11:17:53,0.500,0.250,98.495,0,0,873864,1708492,168584,5059688,8315.574,1619.917,0,11.999,0,2.000,461,544,1.100,1.120,0.720,0,0,0,0,0,10,2,0,9,0
14-02 11:17:54,0,2.501,97.025,0.250,0,874044,1708312,168584,5059688,10695.749,1620.417,0,37017.515,0,206.053,911,858,1.100,1.120,0.720,0,0,0,0,0,10,2,0,9,0
14-02 11:17:55,0.500,0,98.483,0,0,874044,1708312,168584,5059688,7033.766,1703.701,0,0,0,0,468,541,1.020,1.100,0.710,0,0,0,0,0,10,2,0,9,0
14-02 11:17:56,0.500,0.500,99.270,0,0,874044,1708312,168584,5059688,9074.830,1620.327,0,0,0,0,473,548,1.020,1.100,0.710,0,0,0,0,0,10,2,0,9,0
14-02 11:17:57,0.250,0.250,98.193,0,0,874044,1708312,168584,5059688,6897.985,1619.058,0,0,0,0,455,544,1.020,1.100,0.710,0,0,0,0,0,10,2,0,9,0
14-02 11:17:58,0,0.250,99.051,0,0,874044,1708312,168584,5059688,8604.461,1134.588,0,0,0,0,456,539,1.020,1.100,0.710,0,0,0,0,0,10,2,0,4,0
14-02 11:17:59,9.752,2.501,87.268,0,0,878572,1703780,168588,5059688,284753.935,7131.476,0,720.149,0,7.001,1630,1151,1.020,1.100,0.710,1,0,8.002,0,0,10,2,0,4,0
14-02 11:18:00,14.751,4.250,79.005,0.500,0,887604,1694732,168604,5059688,292305.245,13432.838,108.007,0,5.000,0,2599,1510,0.930,1.080,0.710,1,0,32.002,0,0,10,2,0,4,0
14-02 11:18:01,16.756,6.002,77.029,0,0,900516,1681584,168604,5059924,150120.059,5604.130,0,4.002,0,1.000,2246,1329,0.930,1.080,0.710,2,0,22.008,0,0,10,2,0,4,0
