"pcp-dstat 6.2.0 CSV Output"
"Author:","PCP team <pcp@groups.io> and Dag Wieers <dag@wieers.com>",,,,"URL:","https://pcp.io/ and http://dag.wieers.com/home-made/dstat/"
"Host:","np0000094364",,,,"User:","ubuntu"
"Cmdline:","dstat -tcmndrylpg --tcp --output /tmp/devstack_logs/dstat-csv.log",,,,"Date:","16 Jun 2026 11:37:07 UTC"
"system","total usage",,,,,"memory usage",,,,"net/total",,"dsk/total",,"io/total",,"system",,"load avg",,,"procs",,,"paging",,"tcp sockets",,,,
"time","total usage:usr","total usage:sys","total usage:idl","total usage:wai","total usage:stl","used","free","buf","cach","net/total:recv","net/total:send","dsk/total:read","dsk/total:writ","read","writ","int","csw","1m","5m","15m","run","blk","new","in","out","lis","act","syn","tim","clo"
16-06 11:37:07,,1041828,1653024,160744,4967192,,,,,,,1.340,1.130,0.720,1,0,,,,10,4,0,17,0
16-06 11:37:08,10.484,19.719,67.893,0,0,1041236,1653572,160744,4967236,22529.550,2676.788,0,1553.556,0,156.753,4831,2849,1.240,1.110,0.720,3,0,225.645,0,0,10,4,0,17,0
16-06 11:37:09,32.487,21.991,44.232,0,0,1033996,1660348,160824,4967536,23031.840,7855.876,0,535.787,0,14.994,5698,15156,1.240,1.110,0.720,2,0,275.890,0,0,10,4,0,13,1
16-06 11:37:10,25.272,20.017,52.545,0.500,0,1041176,1652852,160944,4967664,38474.818,9576.168,0,1036.884,0,35.030,4709,2668,1.240,1.110,0.720,3,0,185.158,0,0,10,5,0,13,1
16-06 11:37:11,28.313,22.049,48.107,0.501,0,1036276,1657140,161084,4968436,24352.293,11878.483,0,1543.441,0,46.103,5328,4178,1.240,1.110,0.720,4,0,197.440,0,0,10,5,0,13,1
16-06 11:37:12,32.719,15.864,49.326,0.496,0,1042920,1650188,161156,4968188,21213.677,7939.761,0,836.808,0,26.770,4324,2488,1.240,1.110,0.720,3,0,116.003,0,0,10,5,0,13,1
16-06 11:37:13,32.928,16.713,49.142,0.748,0,1029480,1663096,161312,4968756,46873.105,12382.818,0,1448.820,0,46.897,5185,4754,1.460,1.160,0.740,6,0,121.733,0,0,10,4,0,11,2
16-06 11:37:14,35.368,18.060,44.398,0.251,0,1031676,1660396,161408,4968720,36452.868,9466.648,0,1135.797,0,32.107,5709,5386,1.460,1.160,0.740,3,0,180.604,0,0,10,4,0,11,2
16-06 11:37:15,35.367,15.552,46.404,1.505,0,1045040,1627392,161572,4987428,183640.555,10823.869,1015.365,3640.063,38.126,38.126,5485,5394,1.460,1.160,0.740,3,0,87.289,0,0,10,4,0,11,2
16-06 11:37:16,29.258,9.003,60.517,0.750,0,1046624,1608844,162392,5001184,14099.961,1620.455,0,8266.322,0,66.019,2623,1414,1.460,1.160,0.740,2,0,12.003,0,0,10,4,0,11,2
16-06 11:37:17,23.712,2.246,73.632,0.250,0,1045624,1591164,162892,5017232,11556.519,1617.413,0,1309.905,0,29.952,1857,1199,1.460,1.160,0.740,3,0,0,0,0,10,4,0,11,2
16-06 11:37:18,22.494,2.499,73.232,1.000,0,1048472,1564528,163356,5038484,8602.853,1619.596,0,2507.374,0,96.976,1944,1564,1.420,1.160,0.740,2,0,0,0,0,10,4,0,11,2
16-06 11:37:19,22.533,2.754,73.356,0.751,0,1043704,1552968,164252,5051308,10807.660,1664.412,0,2171.146,0,77.112,1892,1476,1.420,1.160,0.740,2,0,0,0,0,10,4,0,11,2
16-06 11:37:20,22.053,2.506,71.420,3.258,0,1037064,1530924,165208,5076528,12285.317,1569.746,0,21222.645,0,468.117,2272,1712,1.420,1.160,0.740,3,1,0,0,0,10,4,0,11,2
16-06 11:37:21,16.980,2.497,65.174,14.483,0,954732,1627784,165308,5061920,8784.701,1989.667,0,15513.812,0,651.237,1639,1061,1.420,1.160,0.740,2,0,0.999,0,0,10,2,0,11,0
16-06 11:37:22,21.991,3.998,73.470,0,0,983260,1599240,165308,5061936,11462.279,1619.333,0,3.998,0,1.000,1873,943,1.420,1.160,0.740,2,0,17.993,0,0,10,2,0,11,0
16-06 11:37:23,17.559,3.010,78.763,0.502,0,991008,1585656,165532,5066864,17567.687,4762.911,0,3740.496,0,217.727,1681,933,1.310,1.140,0.730,2,0,18.060,0,0,10,2,0,11,0
16-06 11:37:24,22.244,2.749,73.730,0,0,1006460,1568640,165620,5068188,11973.731,1511.587,0,3.999,0,1.000,1732,967,1.310,1.140,0.730,2,0,1.999,0,0,10,2,0,11,0
16-06 11:37:25,23.694,5.736,68.339,0,0,1025128,1548696,165668,5069220,9313.038,1616.189,0,7.981,0,0.998,9935,18013,1.310,1.140,0.730,2,0,12.969,0,0,10,2,0,10,0
16-06 11:37:26,25.263,5.253,68.035,0,0,1031336,1542364,165688,5069240,26375.759,131404.545,0,88.046,0,1.001,8723,15533,1.310,1.140,0.730,3,0,5.003,0,0,10,2,0,10,0
16-06 11:37:27,19.993,5.998,73.225,0,0,1029576,1544116,165696,5069248,10537.412,1511.485,0,1867.364,0,6.998,3377,3888,1.310,1.140,0.730,1,1,14.995,0,0,10,2,0,10,0
16-06 11:37:28,16.993,2.499,79.467,0.250,0,968032,1613664,165700,5061948,12604.701,1619.319,0,99.958,0,6.997,1573,895,1.280,1.140,0.740,1,0,4.998,0,0,10,2,0,10,0
16-06 11:37:29,0,0.500,98.740,0,0,964564,1617132,165700,5061948,9339.040,1565.839,0,0,0,0,469,572,1.280,1.140,0.740,1,0,0,0,0,10,2,0,9,0
16-06 11:37:30,0.750,0,98.760,0,0,960080,1621616,165700,5061948,12714.262,1512.150,0,8.001,0,2.000,522,573,1.280,1.140,0.740,1,0,0,0,0,10,2,0,9,0
16-06 11:37:31,0.750,1.750,97.501,0,0,956168,1625512,165704,5061948,11317.128,1620.018,0,10020.113,0,47.001,747,774,1.280,1.140,0.740,1,0,0,0,0,10,2,0,9,0
16-06 11:37:32,0.250,0.500,98.989,0,0,951976,1629704,165704,5061948,12161.613,1619.815,0,0,0,0,532,547,1.280,1.140,0.740,1,0,0,0,0,10,2,0,9,0
16-06 11:37:33,0.250,0.250,98.498,0,0,938664,1643016,165708,5061948,11176.769,1565.968,0,1171.976,0,3.000,514,603,1.180,1.120,0.730,1,0,0,0,0,10,2,0,9,0
16-06 11:37:34,0.500,0.250,99.003,0,0,933672,1648008,165708,5061948,8078.226,1620.045,0,0,0,0,452,526,1.180,1.120,0.730,1,0,0,0,0,10,2,0,9,0
16-06 11:37:35,0.749,0.499,97.810,0,0,929596,1652128,165712,5061932,11855.963,1616.858,0,2495.152,0,25.950,735,1319,1.180,1.120,0.730,1,0,0.998,0,0,10,2,0,9,0
16-06 11:37:36,0.500,2.000,96.729,0,0,926792,1654920,165712,5061932,13668.064,1511.675,0,32241.075,0,169.963,1025,954,1.180,1.120,0.730,1,0,0,0,0,10,2,0,9,0
16-06 11:37:37,0.748,0.748,97.982,0,0,924676,1657036,165712,5061932,10533.137,1615.573,0,3.989,0,0.997,588,582,1.180,1.120,0.730,3,0,2.992,0,0,10,2,0,9,0
16-06 11:37:38,1.254,1.003,97.287,0,0,918156,1663556,165712,5061932,23591.543,1624.790,0,0,0,0,697,605,1.080,1.100,0.730,1,0,3.009,0,0,10,2,0,9,0
16-06 11:37:39,0.501,0.251,98.713,0,0,911748,1669960,165712,5061936,11181.093,1569.382,0,140.302,0,24.052,516,564,1.080,1.100,0.730,1,0,0,0,0,10,2,0,9,0
16-06 11:37:40,0.500,0,98.731,0.250,0,906144,1675564,165712,5061936,12525.620,1403.733,0,855.837,0,4.999,542,568,1.080,1.100,0.730,1,0,0,0,0,10,2,0,9,0
16-06 11:37:41,0.500,0.500,98.735,0,0,898780,1682928,165712,5061936,10891.295,1241.806,0,231.964,0,1.000,536,561,1.080,1.100,0.730,2,0,0,0,0,10,2,0,9,0
16-06 11:37:42,0.499,0,98.469,0,0,891828,1689880,165712,5061936,8223.546,1507.700,0,3.989,0,0.997,508,543,1.080,1.100,0.730,1,0,0,0,0,10,2,0,9,0
16-06 11:37:43,0.250,0.250,98.844,0,0,885900,1695808,165712,5061936,12853.260,1567.495,0,8.008,0,1.001,557,566,1,1.080,0.720,1,0,0,0,0,10,2,0,9,0
16-06 11:37:44,0.751,0.501,98.684,0,0,881536,1700172,165712,5061936,10730.018,1568.927,0,80.150,0,14.026,522,542,1,1.080,0.720,1,0,0,0,0,10,2,0,9,0
16-06 11:37:45,0.500,0.250,98.793,0,0,878216,1703492,165712,5061936,11599.057,1512.660,0,48.021,0,2.001,629,632,1,1.080,0.720,1,0,1.000,0,0,10,2,0,9,0
16-06 11:37:46,0,0.250,98.399,0,0,877276,1704432,165712,5061936,9652.061,1132.834,0,675.305,0,2.997,496,527,1,1.080,0.720,2,0,0,0,0,10,2,0,9,0
16-06 11:37:47,0.500,1.250,95.511,2.250,0,877104,1704600,165712,5061936,11067.275,1458.168,0,15025.731,0,90.010,798,764,1,1.080,0.720,1,0,0,0,0,10,2,0,9,0
16-06 11:37:48,0.249,0.748,98.778,0,0,877104,1704600,165712,5061936,11867.359,1131.460,0,3.991,0,0.998,498,548,0.920,1.060,0.720,1,0,0,0,0,10,2,0,9,0
16-06 11:37:49,0.752,0.251,98.521,0,0,877104,1704600,165712,5061936,22140.834,1624.463,0,4.011,0,1.003,508,557,0.920,1.060,0.720,1,0,0,0,0,10,2,0,9,0
16-06 11:37:50,0.250,0.250,98.468,0,0,877104,1704600,165712,5061936,8056.370,1661.458,0,95.969,0,13.995,559,555,0.920,1.060,0.720,2,0,0,0,0,10,2,0,8,0
16-06 11:37:51,0.500,0.250,98.541,0,0,877104,1704600,165712,5061936,13670.699,1566.653,0,388.162,0,2.001,540,560,0.920,1.060,0.720,1,0,0,0,0,10,2,0,8,0
16-06 11:37:52,0.250,4.249,94.486,0.250,0,877572,1704124,165712,5061936,11361.311,1619.759,0,78916.271,0,407.939,1387,1192,0.920,1.060,0.720,1,0,0,0,0,10,2,0,8,0
16-06 11:37:53,0.500,0.250,98.514,0,0,877572,1704124,165712,5061936,11081.611,1566.228,0,0,0,0,545,570,0.840,1.050,0.710,1,0,0,0,0,10,2,0,8,0
16-06 11:37:54,0.500,0,98.991,0,0,877572,1704124,165712,5061936,10873.065,1565.865,0,4.000,0,1.000,505,539,0.840,1.050,0.710,1,0,0,0,0,10,2,0,5,0
16-06 11:37:55,0.250,0.500,98.495,0,0,877568,1704124,165712,5061940,11698.453,1619.924,0,91.996,0,15.999,625,625,0.840,1.050,0.710,1,0,1.000,0,0,10,2,0,5,0
16-06 11:37:56,0.751,0.500,98.567,0.250,0,877564,1704124,165712,5061944,10962.444,972.660,0,1260.856,0,3.002,515,546,0.840,1.050,0.710,1,0,0,0,0,10,2,0,5,0
16-06 11:37:57,10.497,1.749,86.974,0,0,881596,1700092,165712,5061944,288328.217,7127.879,0,0,0,0,1463,1091,0.840,1.050,0.710,3,0,6.998,0,0,10,2,0,5,0
16-06 11:37:58,13.997,3.749,80.732,0.500,0,879316,1702248,165728,5062052,150681.505,10075.693,107.975,67.984,4.999,2.000,2203,1341,0.860,1.040,0.720,2,0,30.993,0,0,10,2,0,4,0
16-06 11:37:59,16.437,4.981,77.455,0,0,897200,1684108,165736,5062300,300000.727,8659.059,0,3.985,0,0.996,2269,1426,0.860,1.040,0.720,3,0,19.924,0,0,10,2,0,4,0
