"pcp-dstat 6.2.0 CSV Output"
"Author:","PCP team <pcp@groups.io> and Dag Wieers <dag@wieers.com>",,,,"URL:","https://pcp.io/ and http://dag.wieers.com/home-made/dstat/"
"Host:","np0000094120",,,,"User:","ubuntu"
"Cmdline:","dstat -tcmndrylpg --tcp --output /tmp/devstack_logs/dstat-csv.log",,,,"Date:","18 May 2026 19:46:31 UTC"
"system","total usage",,,,,"memory usage",,,,"net/total",,"dsk/total",,"io/total",,"system",,"load avg",,,"procs",,,"paging",,"tcp sockets",,,,
"time","total usage:usr","total usage:sys","total usage:idl","total usage:wai","total usage:stl","used","free","buf","cach","net/total:recv","net/total:send","dsk/total:read","dsk/total:writ","read","writ","int","csw","1m","5m","15m","run","blk","new","in","out","lis","act","syn","tim","clo"
18-05 19:46:31,,980744,1684500,163340,4996096,,,,,,,1.480,1.070,0.640,1,0,,,,10,5,0,18,1
18-05 19:46:32,24.007,20.506,53.515,1.000,0,1000256,1664408,163496,4996436,45811.213,12211.522,0,2244.647,0,141.041,5233,3656,1.480,1.070,0.640,2,0,239.069,0,0,10,5,0,18,1
18-05 19:46:33,27.199,20.462,50.156,0.250,0,1011372,1652776,163612,4996720,23388.273,10484.398,0,1125.895,0,32.938,5130,3131,1.480,1.070,0.640,2,0,242.547,0,0,10,4,0,18,2
18-05 19:46:34,28.279,21.272,47.548,0.751,0.250,999240,1645244,163852,5015264,176694.153,8273.389,0,1481.502,0,47.048,4863,2808,1.480,1.070,0.640,2,0,176.179,0,0,10,4,0,18,2
18-05 19:46:35,37.287,19.519,41.291,0.500,0,1015072,1613412,164744,5028276,5438.350,1621.595,0,1961.930,0,56.055,5107,4475,1.480,1.070,0.640,2,1,182.179,0,0,10,4,0,16,2
18-05 19:46:36,34.895,19.192,44.367,0.499,0,1011636,1599220,165180,5043148,7338.933,1615.144,0,1188.427,0,78.763,4771,2658,1.520,1.080,0.640,2,0,152.541,0,0,10,4,0,16,2
18-05 19:46:37,43.014,17.506,37.762,1.250,0,1025652,1558976,166244,5066036,9603.178,1620.536,0,3000.993,0,135.045,5569,5629,1.520,1.080,0.640,3,0,140.046,0,0,10,4,0,16,2
18-05 19:46:38,38.753,15.751,42.253,1.500,0.250,1024228,1530604,167180,5091668,10521.831,1458.115,264.021,2252.178,12.001,72.006,5530,5307,1.520,1.080,0.640,4,0,135.011,0,0,10,4,0,16,2
18-05 19:46:39,32.516,12.006,44.022,10.005,0,1042232,1521420,167724,5081680,11305.562,2101.034,580.285,12454.127,14.007,436.215,4636,4250,1.520,1.080,0.640,1,1,80.039,0,0,10,2,0,12,0
18-05 19:46:40,28.751,11.500,56.252,2.750,0,1051140,1512044,167752,5081884,13799.430,2892.090,168.005,0,12.000,0,2780,1229,1.520,1.080,0.640,1,0,48.001,0,0,10,3,0,12,0
18-05 19:46:41,21.503,3.000,74.509,0.250,0,1032692,1524056,167860,5087560,11420.349,2632.311,0,9921.172,0,18.002,1683,905,1.480,1.080,0.650,1,0,2.000,0,0,10,2,0,12,0
18-05 19:46:42,18.745,2.749,78.228,0.250,0,1040820,1514744,167872,5088640,14690.882,4625.703,0,1187.667,0,128.964,1699,933,1.480,1.080,0.650,1,0,16.995,0,0,10,3,0,12,0
18-05 19:46:43,22.507,5.252,70.022,0.250,0,1029196,1520360,168248,5092992,6686.075,1794.557,0,760.236,0,12.004,12155,21725,1.480,1.080,0.650,1,0,14.004,0,0,10,2,0,12,0
18-05 19:46:44,23.507,5.752,69.020,0,0.500,1039140,1510132,168304,5093156,10260.942,1620.465,0,13131.766,0,58.017,8163,14128,1.480,1.080,0.650,1,0,5.001,0,0,10,2,0,12,0
18-05 19:46:45,19.981,5.994,72.682,0,0,995192,1566604,168360,5082052,9170.391,1618.481,0,883.171,0,10.990,4537,6202,1.480,1.080,0.650,2,0,15.985,0,0,10,2,0,12,0
18-05 19:46:46,16.523,3.004,80.362,0,0,972852,1589188,168360,5081888,12208.984,131380.763,0,16.022,0,2.003,1651,868,1.440,1.080,0.650,0,0,5.007,0,0,10,2,0,12,0
18-05 19:46:47,0.499,0.250,98.621,0,0,959824,1602216,168360,5081888,12348.854,1617.885,0,0,0,0,501,547,1.440,1.080,0.650,0,0,0,0,0,10,2,0,12,0
18-05 19:46:48,3.997,2.248,92.433,0,0,954484,1607556,168360,5083180,9960.730,1618.818,0,3.997,0,0.999,1081,3562,1.440,1.080,0.650,2,0,33.975,0,0,10,2,0,12,0
18-05 19:46:49,6.255,3.753,88.826,0,0.250,948880,1613160,168360,5081888,11031.428,1621.386,0,11173.549,0,50.043,1675,5970,1.440,1.080,0.650,0,0,2.002,0,0,10,2,0,13,0
18-05 19:46:50,0,0.250,98.996,0,0,943976,1618060,168360,5081892,10894.531,1619.930,0,8.000,0,1.000,536,556,1.440,1.080,0.650,0,0,0,0,0,10,2,0,13,0
18-05 19:46:51,0.250,0.500,98.756,0,0,939688,1622348,168364,5081892,17662.102,1620.101,0,972.061,0,2.000,480,567,1.330,1.060,0.640,0,0,0,0,0,10,2,0,11,0
18-05 19:46:52,0.500,0.250,98.753,0,0,932148,1629884,168364,5081896,11915.414,1620.056,0,0,0,0,482,529,1.330,1.060,0.640,1,0,0,0,0,10,2,0,11,0
18-05 19:46:53,0.250,0.250,98.496,0.250,0,925604,1636428,168364,5081896,7415.712,1619.937,0,1091.958,0,98.996,534,600,1.330,1.060,0.640,0,0,0,0,0,10,2,0,11,0
18-05 19:46:54,0.250,1.750,97.501,0,0,922732,1639300,168364,5081896,8386.045,1620.009,0,28900.154,0,138.001,924,902,1.330,1.060,0.640,0,0,0,0,0,10,2,0,11,0
18-05 19:46:55,0.250,0.500,98.498,0,0,915560,1646344,168364,5082024,8954.834,1457.973,0,0,0,0,564,613,1.330,1.060,0.640,2,0,1.000,0,0,10,2,0,10,0
18-05 19:46:56,0.750,0.250,98.729,0,0,913076,1648824,168368,5082024,9587.975,1619.658,0,543.885,0,2.999,519,572,1.220,1.040,0.640,0,0,0,0,0,10,2,0,10,0
18-05 19:46:57,0.250,0,98.747,0,0,907200,1654700,168368,5082024,10113.728,1619.956,0,2259.939,0,14.000,501,541,1.220,1.040,0.640,0,0,0,0,0,10,2,0,10,0
18-05 19:46:58,0,0.500,98.509,0,0,901716,1660184,168368,5082024,9300.819,1620.143,0,0,0,0,502,553,1.220,1.040,0.640,0,0,0,0,0,10,2,0,10,0
18-05 19:46:59,0,0.500,98.756,0,0,895516,1666384,168368,5082024,7333.480,1620.106,0,3680.241,0,29.002,546,618,1.220,1.040,0.640,0,0,0,0,0,10,2,0,10,0
18-05 19:47:00,0.750,0.250,98.759,0,0,892780,1669120,168368,5082024,10540.012,1620.155,0,4.000,0,1.000,520,557,1.220,1.040,0.640,1,0,0,0,0,10,2,0,10,0
18-05 19:47:01,0.250,0.500,98.512,0.250,0,890760,1671140,168368,5082024,7791.957,1620.199,0,144.018,0,2.000,483,558,1.120,1.020,0.640,0,0,0,0,0,10,2,0,10,0
18-05 19:47:02,0.500,0,98.710,0,0,888780,1673120,168368,5082024,9972.979,1619.347,0,3.998,0,1.000,526,542,1.120,1.020,0.640,0,0,0,0,0,10,2,0,10,0
18-05 19:47:03,0.500,0.500,99.001,0,0,886028,1675872,168368,5082024,8893.071,1458.012,0,0,0,0,520,564,1.120,1.020,0.640,0,0,0,0,0,10,2,0,10,0
18-05 19:47:04,0.250,0.250,98.761,0,0,885744,1676156,168368,5082024,10020.082,1620.175,0,0,0,0,479,545,1.120,1.020,0.640,0,0,0,0,0,10,2,0,10,0
18-05 19:47:05,0.250,0.750,98.233,0,0,885444,1676456,168368,5082024,6882.835,1619.726,0,2615.557,0,9.998,625,667,1.120,1.020,0.640,0,0,1.000,0,0,10,2,0,10,0
18-05 19:47:06,0.250,0.250,99.022,0,0,885444,1676456,168368,5082024,7782.758,1620.366,0,4.001,0,1.000,481,556,1.030,1.010,0.630,0,0,0,0,0,10,2,0,10,0
18-05 19:47:07,0.750,0.250,98.281,0,0,885528,1676332,168372,5082060,5913.836,1620.503,0,88.027,0,2.001,517,568,1.030,1.010,0.630,0,0,0,0,0,10,2,0,10,0
18-05 19:47:08,0.500,0.500,98.983,0,0,885276,1676584,168372,5082060,11800.954,1619.719,0,7.999,0,1.000,552,583,1.030,1.010,0.630,0,0,0,0,0,10,2,0,10,0
18-05 19:47:09,0.750,1.250,96.512,0,0,877476,1684384,168372,5082060,9675.195,1620.200,0,144.018,0,26.003,775,645,1.030,1.010,0.630,1,0,6.001,0,0,10,2,0,10,0
18-05 19:47:10,1.000,4.750,93.493,0,0.250,869888,1691972,168372,5082060,9525.328,1619.886,0,90613.605,0,714.950,1538,1413,1.030,1.010,0.630,0,0,0,0,0,10,2,0,10,0
18-05 19:47:11,0.250,0.250,98.996,0,0,869888,1691972,168372,5082060,7555.681,1457.938,0,0,0,0,489,562,0.950,0.990,0.630,0,0,0,0,0,10,2,0,10,0
18-05 19:47:12,0.250,0.500,98.714,0,0,869884,1691972,168376,5082060,9809.451,1619.414,0,1339.515,0,3.999,509,569,0.950,0.990,0.630,0,0,0,0,0,10,2,0,10,0
18-05 19:47:13,0.500,0.250,98.534,0,0,869884,1691972,168376,5082060,7504.568,1620.555,0,0,0,0,489,569,0.950,0.990,0.630,0,0,0,0,0,10,2,0,10,0
18-05 19:47:14,0.250,0.500,99.274,0,0,869884,1691972,168376,5082060,8618.075,1620.390,0,4.001,0,1.000,472,549,0.950,0.990,0.630,0,0,0,0,0,10,2,0,10,0
18-05 19:47:15,0.250,0.250,98.499,0,0,869884,1691972,168376,5082060,6407.923,863.990,0,143.998,0,17.000,517,634,0.950,0.990,0.630,0,0,1.000,0,0,10,2,0,10,0
18-05 19:47:16,0.250,0,98.495,0,0,869884,1691972,168376,5082060,8470.536,377.979,0,0,0,0,484,558,0.870,0.970,0.630,0,0,0,0,0,10,2,0,9,0
18-05 19:47:17,7.495,1.749,90.190,0,0.250,871756,1690320,168376,5082060,167972.662,4516.979,0,31.979,0,1.999,1234,914,0.870,0.970,0.630,3,0,5.996,0,0,10,2,0,9,0
18-05 19:47:18,15.762,4.253,79.059,0.250,0.250,877716,1684348,168376,5082076,264907.529,11070.296,16.012,4.003,1.001,1.001,2386,1328,0.870,0.970,0.630,0,0,22.016,0,0,10,2,0,9,0
18-05 19:47:19,0.250,0.250,97.744,0.500,0,877504,1684464,168380,5082168,7717.497,867.943,91.994,0,4.000,0,484,568,0.870,0.970,0.630,0,0,2.000,0,0,10,2,0,9,0
18-05 19:47:20,0.250,0,98.745,0,0,876084,1685884,168380,5082168,8329.596,1697.918,0,343.983,0,35.998,524,612,0.870,0.970,0.630,0,0,0,0,0,10,2,0,5,0
18-05 19:47:21,0.250,0.500,98.721,0,0,874152,1687816,168380,5082168,6017.211,1133.663,0,0,0,0,495,582,0.800,0.960,0.620,0,0,0,0,0,10,2,0,5,0
18-05 19:47:22,0.500,0,98.764,0,0.250,872280,1689680,168380,5082176,9631.359,1966.277,0,124.018,0,2.000,560,600,0.800,0.960,0.620,0,0,0,0,0,10,2,0,5,0
18-05 19:47:23,7.501,2.250,89.257,0,0,882516,1679344,168380,5082276,148533.078,5228.425,0,4.000,0,1.000,1309,921,0.800,0.960,0.620,1,0,9.001,0,0,10,2,0,5,0
18-05 19:47:24,13.005,10.004,75.782,0,0.250,884952,1676648,168384,5082532,154371.178,4121.740,0,8.003,0,2.001,2938,1606,0.800,0.960,0.620,1,0,41.017,0,0,10,2,0,1,0
