"pcp-dstat 6.2.0 CSV Output"
"Author:","PCP team <pcp@groups.io> and Dag Wieers <dag@wieers.com>",,,,"URL:","https://pcp.io/ and http://dag.wieers.com/home-made/dstat/"
"Host:","np0000056236",,,,"User:","ubuntu"
"Cmdline:","dstat -tcmndrylpg --tcp --output /tmp/devstack_logs/dstat-csv.log",,,,"Date:","13 Feb 2026 14:18:27 UTC"
"system","total usage",,,,,"memory usage",,,,"net/total",,"dsk/total",,"io/total",,"system",,"load avg",,,"procs",,,"paging",,"tcp sockets",,,,
"time","total usage:usr","total usage:sys","total usage:idl","total usage:wai","total usage:stl","used","free","buf","cach","net/total:recv","net/total:send","dsk/total:read","dsk/total:writ","read","writ","int","csw","1m","5m","15m","run","blk","new","in","out","lis","act","syn","tim","clo"
13-02 14:18:27,,1071000,1628436,165824,4960492,,,,,,,1.500,1.150,0.720,3,0,,,,10,4,0,17,2
13-02 14:18:28,27.703,20.465,49.916,0.250,0.499,1080288,1618868,165912,4960652,14900.839,7083.040,0,746.739,0,20.965,4958,3256,1.500,1.150,0.720,2,0,225.619,0,0,10,4,0,17,2
13-02 14:18:29,25.743,19.495,51.986,0.500,0.500,1079808,1618904,166016,4960920,18470.109,10391.249,0,1143.697,0,32.991,4825,2833,1.500,1.150,0.720,4,0,210.944,0,0,10,4,0,17,2
13-02 14:18:30,29.728,21.484,46.465,0.500,0.500,1080932,1597548,166240,4979964,212492.974,5147.148,0,1426.932,0,42.968,5141,2810,1.500,1.150,0.720,2,0,194.854,0,0,10,4,0,11,2
13-02 14:18:31,30.479,22.484,44.719,0.500,0,1090308,1571500,167324,4992644,9061.710,1618.876,0,2929.966,0,172.880,4965,2724,1.500,1.150,0.720,2,0,180.874,0,0,10,4,0,11,2
13-02 14:18:32,40.081,17.034,41.834,0.501,0,1081008,1562076,167744,5008792,6460.983,1623.262,0,1839.697,0,41.083,4946,4247,1.540,1.160,0.730,3,0,135.272,0,0,10,4,0,11,2
13-02 14:18:33,39.002,17.251,42.252,0.500,0,1081616,1541924,168192,5026412,9712.507,1458.076,0,1436.075,0,56.003,5412,5167,1.540,1.160,0.730,2,0,159.008,0,0,10,4,0,11,2
13-02 14:18:34,39.499,16.499,41.748,1.250,0,1059412,1548060,169064,5039260,7040.738,1619.940,0,2627.902,0,107.996,6334,7338,1.540,1.160,0.730,2,0,180.993,0,0,10,4,0,11,2
13-02 14:18:35,38.069,17.782,42.077,1.503,0,1056336,1522580,169960,5064384,9008.398,1622.954,1013.846,8291.093,38.069,73.133,5376,5347,1.540,1.160,0.730,3,0,88.160,0,0,10,4,0,11,2
13-02 14:18:36,22.701,7.234,68.353,0.499,0,1052564,1537444,170436,5051888,16154.275,4333.684,0,5120.992,0,50.891,2192,1277,1.540,1.160,0.730,2,0,11.974,0,0,10,2,0,11,0
13-02 14:18:37,22.500,3.750,73.749,0,0,1025584,1564536,170456,5051852,6489.949,1619.987,0,815.994,0,114.999,1825,1052,1.500,1.160,0.730,2,0,19.000,0,0,10,2,0,11,0
13-02 14:18:38,18.253,2.250,78.013,0.250,0,1033408,1551608,170536,5056388,14870.497,3900.655,0,1284.216,0,10.002,1593,881,1.500,1.160,0.730,2,0,17.003,0,0,10,2,0,11,0
13-02 14:18:39,22.248,3.500,73.993,0,0.250,1026876,1556776,170560,5057560,9212.075,1619.837,0,0,0,0,1740,978,1.500,1.160,0.730,2,0,3.000,0,0,10,2,0,11,0
13-02 14:18:40,17.499,2.750,78.247,0,0,1040404,1543196,170568,5057572,12197.535,4618.824,0,14891.432,0,78.997,1698,1002,1.500,1.160,0.730,3,0,15.999,0,0,10,3,0,11,0
13-02 14:18:41,23.253,4.250,71.758,0.500,0,1030132,1546792,170996,5062628,9355.096,1794.210,0,776.091,0,12.001,5282,8269,1.500,1.160,0.730,3,0,6.001,0,0,10,2,0,11,0
13-02 14:18:42,22.998,4.250,71.245,0,0,1017856,1558380,171068,5063088,6625.540,1457.899,0,83.994,0,1.000,7326,12475,1.460,1.160,0.740,3,0,8.999,0,0,10,2,0,11,0
13-02 14:18:43,22.005,7.752,69.266,0,0.250,1000696,1575316,171116,5063256,9423.122,1620.365,0,92.021,0,2.000,10792,19594,1.460,1.160,0.740,2,0,19.004,0,0,10,2,0,11,0
13-02 14:18:44,21.280,4.006,73.855,0,0,996416,1592252,171128,5051936,8447.010,1622.307,0,684.974,0,12.017,1666,901,1.460,1.160,0.740,1,0,1.001,0,0,10,2,0,11,0
13-02 14:18:45,5.989,1.996,90.832,0,0,956376,1632512,171128,5051856,9680.131,131034.119,0,9694.105,0,53.901,1231,879,1.460,1.160,0.740,0,0,3.993,0,0,10,2,0,11,0
13-02 14:18:46,0.500,0.500,98.746,0,0,952312,1636576,171128,5051856,8831.662,1619.938,0,0,0,0,471,543,1.460,1.160,0.740,0,0,0,0,0,10,2,0,11,0
13-02 14:18:47,0.500,0.250,98.752,0,0,937776,1651112,171128,5051856,6961.151,1620.035,0,0,0,0,469,557,1.340,1.140,0.730,0,0,0,0,0,10,2,0,10,0
13-02 14:18:48,0.250,0.500,98.508,0,0,928824,1660060,171128,5051860,12024.032,1620.139,0,0,0,0,540,604,1.340,1.140,0.730,0,0,1.000,0,0,10,2,0,10,0
13-02 14:18:49,0.250,0.250,98.714,0,0,923824,1665060,171128,5051860,27701.967,1619.413,0,3.999,0,1.000,691,540,1.340,1.140,0.730,0,0,0,0,0,10,2,0,10,0
13-02 14:18:50,0.500,1.750,96.770,0,0,915748,1673140,171128,5051860,9268.952,1458.307,0,36291.641,0,632.133,953,837,1.340,1.140,0.730,0,0,0,0,0,10,2,0,10,0
13-02 14:18:51,9.751,5.501,83.762,0,0,908852,1680036,171128,5051860,7800.161,1620.241,0,0,0,0,2387,7022,1.340,1.140,0.730,0,0,36.005,0,0,10,2,0,10,0
13-02 14:18:52,0.500,0,98.746,0,0.250,903112,1685776,171128,5051860,6972.713,1619.933,0,0,0,0,439,539,1.230,1.120,0.730,0,0,0,0,0,10,2,0,10,0
13-02 14:18:53,0.500,0.250,98.998,0,0,889924,1698964,171128,5051860,5425.916,1619.975,0,0,0,0,422,540,1.230,1.120,0.730,0,0,0,0,0,10,2,0,10,0
13-02 14:18:54,0,0.500,98.998,0.250,0,883940,1704948,171128,5051860,8649.825,1619.967,0,2259.954,0,14.000,471,564,1.230,1.120,0.730,0,0,0,0,0,10,2,0,10,0
13-02 14:18:55,0.250,0.250,98.500,0.250,0.250,876672,1712236,171128,5051860,6295.987,1619.997,0,4287.991,0,12.000,504,588,1.230,1.120,0.730,0,0,0,0,0,10,2,0,9,0
13-02 14:18:56,0.750,0.500,98.760,0,0,873688,1715220,171128,5051860,9651.945,1620.159,0,4.000,0,1.000,475,551,1.230,1.120,0.730,0,0,0,0,0,10,2,0,9,0
13-02 14:18:57,0,0,98.994,0,0,868872,1720036,171128,5051860,7517.529,1619.898,0,0,0,0,462,537,1.130,1.100,0.720,0,0,0,0,0,10,2,0,9,0
13-02 14:18:58,0.500,0.500,98.473,0,0,867092,1721816,171128,5051860,8423.660,1457.595,0,0,0,0,480,592,1.130,1.100,0.720,0,0,1.000,0,0,10,2,0,9,0
13-02 14:18:59,0.500,0,98.763,0,0,864460,1724448,171128,5051860,8872.123,1690.214,0,0,0,0,484,564,1.130,1.100,0.720,0,0,0,0,0,10,2,0,9,0
13-02 14:19:00,0.500,0.500,98.751,0,0,864428,1724476,171128,5051864,39888.330,1620.013,0,60.000,0,2.000,504,554,1.130,1.100,0.720,0,0,0,0,0,10,2,0,9,0
13-02 14:19:01,0,0.500,99.002,0,0,864428,1724476,171128,5051864,4769.107,1620.036,0,4412.099,0,13.000,446,585,1.130,1.100,0.720,0,0,0,0,0,10,2,0,9,0
13-02 14:19:02,0.500,0,98.750,0,0,864396,1724508,171128,5051864,10910.997,1620.000,0,820.000,0,91.000,522,552,1.040,1.080,0.720,0,0,0,0,0,10,2,0,9,0
13-02 14:19:03,0.250,0.500,98.748,0,0,864392,1724508,171132,5051864,6893.855,1619.966,0,35.999,0,1.000,460,548,1.040,1.080,0.720,0,0,0,0,0,10,2,0,9,0
13-02 14:19:04,0.250,0.500,98.764,0,0,864392,1724508,171132,5051864,10184.397,1620.222,0,0,0,0,509,567,1.040,1.080,0.720,0,0,0,0,0,10,2,0,9,0
13-02 14:19:05,0.250,0.250,98.752,0,0,864392,1724508,171132,5051864,12114.241,1620.032,0,116.002,0,2.000,487,557,1.040,1.080,0.720,0,0,0,0,0,10,2,0,9,0
13-02 14:19:06,0.500,4.499,93.474,0.250,0,863540,1725360,171132,5051864,8208.717,1619.549,0,84584.471,0,375.895,1613,1509,1.040,1.080,0.720,0,0,0,0,0,10,2,0,9,0
13-02 14:19:07,1.250,1.750,96.742,0,0,864044,1724856,171132,5051864,7213.438,1457.886,0,4.000,0,1.000,694,620,1.040,1.080,0.720,0,0,6.000,0,0,10,2,0,9,0
13-02 14:19:08,0.250,0.500,99.019,0,0,864044,1724856,171132,5051864,4722.912,1620.313,0,4.001,0,1.000,492,618,1.040,1.080,0.720,0,0,1.000,0,0,10,2,0,9,0
13-02 14:19:09,0,0,98.747,0,0,864044,1724856,171132,5051864,5165.833,1619.948,0,0,0,0,436,564,1.040,1.080,0.720,0,0,0,0,0,10,2,0,9,0
13-02 14:19:10,0.500,0.250,99.013,0,0,864044,1724856,171132,5051864,10370.382,1620.216,0,0,0,0,473,542,1.040,1.080,0.720,0,0,0,0,0,10,2,0,9,0
13-02 14:19:11,0.250,1.000,98.507,0.250,0,864044,1724856,171132,5051864,8853.627,1620.115,0,4024.285,0,19.001,539,603,1.040,1.080,0.720,0,0,0,0,0,10,2,0,8,0
13-02 14:19:12,0.250,0.250,98.472,0,0,864044,1724856,171132,5051864,9076.405,1619.537,0,0,0,0,508,577,0.960,1.060,0.720,0,0,0,0,0,10,2,0,8,0
13-02 14:19:13,0.500,0,99.012,0,0,864044,1724856,171132,5051864,8796.102,1620.203,0,116.015,0,21.003,475,572,0.960,1.060,0.720,0,0,0,0,0,10,2,0,8,0
13-02 14:19:14,0.500,0.250,98.751,0,0,864044,1724856,171132,5051864,8578.091,1620.017,0,4.000,0,1.000,477,564,0.960,1.060,0.720,0,0,0,0,0,10,2,0,8,0
13-02 14:19:15,0.250,0.500,99.003,0,0,864044,1724856,171132,5051864,7700.252,486.016,0,0,0,0,454,537,0.960,1.060,0.720,0,0,0,0,0,10,2,0,4,0
13-02 14:19:16,16.500,3.500,78.998,0,0.500,857888,1731188,171132,5051872,283302.311,9789.734,0,223.994,0,6.000,2268,1353,0.960,1.060,0.720,0,0,19.999,0,0,10,2,0,4,0
13-02 14:19:17,16.003,4.251,78.263,0,0.500,868836,1720128,171136,5051980,296903.441,12732.034,108.017,4.001,5.001,1.000,2579,1497,0.960,1.060,0.720,0,0,24.004,0,0,10,2,0,4,0
13-02 14:19:18,12.755,11.004,74.778,0,0,885612,1702992,171136,5052340,151212.698,3795.398,0,0,0,0,2975,1601,0.960,1.060,0.720,1,0,40.015,0,0,10,2,0,4,0
