"pcp-dstat 6.2.0 CSV Output"
"Author:","PCP team <pcp@groups.io> and Dag Wieers <dag@wieers.com>",,,,"URL:","https://pcp.io/ and http://dag.wieers.com/home-made/dstat/"
"Host:","np0000094031",,,,"User:","ubuntu"
"Cmdline:","dstat -tcmndrylpg --tcp --output /tmp/devstack_logs/dstat-csv.log",,,,"Date:","20 Apr 2026 23:32:39 UTC"
"system","total usage",,,,,"memory usage",,,,"net/total",,"dsk/total",,"io/total",,"system",,"load avg",,,"procs",,,"paging",,"tcp sockets",,,,
"time","total usage:usr","total usage:sys","total usage:idl","total usage:wai","total usage:stl","used","free","buf","cach","net/total:recv","net/total:send","dsk/total:read","dsk/total:writ","read","writ","int","csw","1m","5m","15m","run","blk","new","in","out","lis","act","syn","tim","clo"
20-04 23:32:39,,1012808,1652400,163812,4993976,,,,,,,1.410,1.100,0.690,3,0,,,,10,6,0,17,0
20-04 23:32:40,28.201,20.215,49.415,0.250,0,1036336,1628520,163912,4994164,20066.483,8704.028,0,1597.253,0,123.787,5277,3824,1.410,1.100,0.690,3,0,233.598,0,0,10,5,0,17,1
20-04 23:32:41,25.218,19.974,53.681,0.250,0,1040124,1624284,164048,4994392,43866.598,11588.100,0,1346.269,0,44.942,5086,2959,1.410,1.100,0.690,2,0,209.730,0,0,10,4,0,17,2
20-04 23:32:42,27.445,21.457,49.152,0.499,0,1046708,1617064,164168,4994776,22756.730,11085.947,0,1357.300,0,39.921,4898,2748,1.410,1.100,0.690,2,0,189.623,0,0,10,4,0,13,2
20-04 23:32:43,31.378,20.082,46.439,0.753,0,1044764,1599452,164420,5013444,171827.559,5529.480,0,1510.139,0,46.188,5001,3504,1.410,1.100,0.690,3,0,166.678,0,0,10,4,0,13,2
20-04 23:32:44,37.709,18.979,41.705,0.499,0,1061392,1567172,165288,5025588,11751.244,1510.360,0,1798.048,0,47.948,4828,3707,1.540,1.130,0.700,2,0,160.825,0,0,10,4,0,13,2
20-04 23:32:45,39.096,17.042,42.855,0.251,0,1057464,1553416,165700,5040856,9437.210,1623.994,0,1102.712,0,35.086,4658,4100,1.540,1.130,0.700,2,0,127.313,0,0,10,4,0,13,2
20-04 23:32:46,39.645,18.700,38.398,1.496,0,1059496,1525400,166400,5063468,6325.255,1615.723,0,3339.160,0,131.651,6282,6621,1.540,1.130,0.700,2,0,171.546,0,0,10,4,0,11,2
20-04 23:32:47,38.607,15.794,42.868,2.256,0,1088832,1467356,166716,5089228,10276.403,1570.340,1014.805,2418.685,38.105,76.211,5564,5382,1.540,1.130,0.700,2,0,103.285,0,0,10,4,0,11,2
20-04 23:32:48,26.687,9.976,61.354,0.748,0,1084100,1461736,167320,5097216,13333.286,3684.237,0,11839.839,0,125.701,2580,1343,1.540,1.130,0.700,1,0,11.972,0,0,10,5,0,11,2
20-04 23:32:49,22.501,3.500,73.504,0,0,1025060,1538252,167340,5080136,11764.579,2232.110,0,80.004,0,5.000,1915,954,1.490,1.130,0.710,1,0,19.001,0,0,10,2,0,11,0
20-04 23:32:50,18.500,3.000,78.000,0,0,1042428,1517100,167384,5083884,13683.075,3742.021,0,604.003,0,10.000,1645,879,1.490,1.130,0.710,1,0,17.000,0,0,10,3,0,11,0
20-04 23:32:51,21.750,2.750,74.500,0,0,1046476,1510244,167584,5085860,7147.034,2287.011,0,1004.005,0,6.000,1890,1081,1.490,1.130,0.710,1,0,19.000,0,0,10,3,0,11,0
20-04 23:32:52,16.000,3.000,74.002,6.250,0,1022980,1527408,168076,5090892,17236.477,4200.116,0,32856.910,0,944.026,1870,1036,1.490,1.130,0.710,1,0,2.000,0,0,10,2,0,11,0
20-04 23:32:53,22.247,5.749,69.992,0,0,1018564,1531120,168120,5091404,8390.047,1607.817,0,83.990,0,1.000,12071,21969,1.490,1.130,0.710,1,0,11.999,0,0,10,2,0,11,0
20-04 23:32:54,29.504,10.001,59.008,0,0,1020372,1529176,168200,5091460,42359.754,1512.205,0,84.011,0,1.000,12483,30589,1.610,1.160,0.720,1,0,54.007,0,0,10,2,0,12,0
20-04 23:32:55,20.997,3.749,73.239,0.250,0.250,1003084,1559016,168204,5080268,9873.507,1079.837,0,675.898,0,10.998,1872,1007,1.610,1.160,0.720,1,0,5.999,0,0,10,2,0,11,0
20-04 23:32:56,4.999,1.500,93.478,0,0,957660,1604564,168204,5080172,11696.296,131539.594,0,7.998,0,2.000,1019,695,1.610,1.160,0.720,0,0,2.000,0,0,10,2,0,11,0
20-04 23:32:57,0.500,0.250,98.242,0,0,952276,1609948,168204,5080172,10362.178,1565.876,0,1107.912,0,95.992,533,570,1.610,1.160,0.720,0,0,0,0,0,10,2,0,11,0
20-04 23:32:58,0,1.500,97.760,0,0,946740,1615484,168204,5080172,8190.803,1566.153,0,9640.945,0,49.005,727,734,1.610,1.160,0.720,0,0,0,0,0,10,2,0,11,0
20-04 23:32:59,0.500,0.250,98.749,0,0,940384,1621840,168204,5080172,6208.938,1565.984,0,0,0,0,464,540,1.490,1.140,0.710,0,0,0,0,0,10,2,0,10,0
20-04 23:33:00,0.750,0.500,98.523,0,0,934824,1627396,168204,5080176,10847.499,1620.373,0,1184.273,0,3.001,619,606,1.490,1.140,0.710,0,0,1.000,0,0,10,2,0,10,0
20-04 23:33:01,0.250,0,98.474,0,0,929960,1632260,168204,5080176,9573.459,1619.570,0,0,0,0,480,553,1.490,1.140,0.710,0,0,0,0,0,10,2,0,10,0
20-04 23:33:02,1.250,1.500,97.258,0,0,920008,1642232,168204,5080176,9867.795,1566.126,0,8.001,0,2.000,716,609,1.490,1.140,0.710,0,0,6.000,0,0,10,2,0,10,0
20-04 23:33:03,0.500,1.250,96.745,0.750,0,918696,1643540,168208,5080176,8137.564,1565.916,0,19118.976,0,93.995,787,794,1.490,1.140,0.710,0,0,0,0,0,10,2,0,9,0
20-04 23:33:04,0.250,0,98.484,0,0,917548,1644684,168208,5080180,12403.926,1565.738,0,15.997,0,2.000,530,546,1.370,1.120,0.710,0,0,0,0,0,10,2,0,9,0
20-04 23:33:05,0.250,0.250,98.773,0,0,917228,1645004,168208,5080180,10011.283,1512.345,0,2260.515,0,14.003,513,554,1.370,1.120,0.710,0,0,0,0,0,10,2,0,9,0
20-04 23:33:06,0.250,0.750,98.758,0.250,0,917228,1645004,168208,5080180,5904.506,1620.139,0,500.043,0,2.000,477,545,1.370,1.120,0.710,0,0,0,0,0,10,2,0,9,0
20-04 23:33:07,0.500,0,98.732,0,0,912912,1649320,168208,5080180,7656.593,1511.722,0,107.980,0,17.997,467,535,1.370,1.120,0.710,0,0,0,0,0,10,2,0,9,0
20-04 23:33:08,0.250,1.000,98.264,0,0,906568,1655664,168208,5080180,10435.438,1566.216,0,11113.532,0,70.010,716,702,1.370,1.120,0.710,0,0,0,0,0,10,2,0,9,0
20-04 23:33:09,0.250,0.500,98.729,0,0,901020,1661212,168208,5080180,10592.767,1565.670,0,0,0,0,500,531,1.260,1.100,0.710,0,0,0,0,0,10,2,0,9,0
20-04 23:33:10,0.500,0.500,98.261,0,0,896388,1665844,168208,5080180,12030.355,1512.170,0,764.086,0,118.013,613,625,1.260,1.100,0.710,1,0,1.000,0,0,10,2,0,9,0
20-04 23:33:11,0.250,0.250,98.759,0,0,892356,1669876,168208,5080180,8139.743,1620.148,0,288.026,0,2.000,517,550,1.260,1.100,0.710,0,0,0,0,0,10,2,0,9,0
20-04 23:33:12,0.500,0.250,98.742,0,0,890564,1671668,168208,5080180,11680.064,1565.875,0,0,0,0,520,522,1.260,1.100,0.710,0,0,0,0,0,10,2,0,9,0
20-04 23:33:13,0.500,0,98.997,0,0,889156,1673076,168208,5080180,10401.735,1511.962,0,95.998,0,14.000,509,563,1.260,1.100,0.710,0,0,0,0,0,10,2,0,9,0
20-04 23:33:14,0.500,0.250,98.761,0,0,888940,1673292,168208,5080180,8237.945,1566.180,0,4.000,0,1.000,464,542,1.160,1.090,0.700,0,0,0,0,0,10,2,0,9,0
20-04 23:33:15,0.250,0,98.781,0,0,888768,1673464,168208,5080180,8268.555,1620.501,0,0,0,0,453,539,1.160,1.090,0.700,0,0,0,0,0,10,2,0,9,0
20-04 23:33:16,0.250,0.500,98.952,0,0,888688,1673544,168208,5080180,12452.899,1619.207,0,3.998,0,1.000,505,546,1.160,1.090,0.700,0,0,0,0,0,10,2,0,9,0
20-04 23:33:17,0.250,0,98.773,0,0,888560,1673544,168208,5080308,10226.361,1620.374,0,24.006,0,2.000,483,551,1.160,1.090,0.700,0,0,0,0,0,10,2,0,9,0
20-04 23:33:18,0.750,4.500,92.994,1.000,0,880468,1681604,168208,5080308,10934.260,1619.890,0,84474.284,0,366.975,1589,1440,1.160,1.090,0.700,0,0,0,0,0,10,2,0,9,0
20-04 23:33:19,0.250,0.250,98.747,0,0,880468,1681604,168208,5080308,11003.712,1511.960,0,95.997,0,14.000,482,554,1.060,1.070,0.700,0,0,0,0,0,10,2,0,9,0
20-04 23:33:20,0.500,0.500,98.756,0,0,880468,1681604,168208,5080308,12779.746,1620.095,0,4.000,0,1.000,554,580,1.060,1.070,0.700,1,0,1.000,0,0,10,2,0,9,0
20-04 23:33:21,0.750,0.250,98.499,0,0,880688,1681380,168208,5080312,9882.878,1565.981,0,0,0,0,516,561,1.060,1.070,0.700,0,0,0,0,0,10,2,0,9,0
20-04 23:33:22,0.250,0.250,98.508,0.250,0,880936,1681128,168212,5080312,8219.684,1512.126,0,1440.120,0,4.000,469,544,1.060,1.070,0.700,1,0,0,0,0,10,2,0,9,0
20-04 23:33:23,0.500,0.250,99.269,0,0,880904,1681160,168212,5080312,10133.953,1566.302,0,0,0,0,494,542,1.060,1.070,0.700,0,0,0,0,0,10,2,0,8,0
20-04 23:33:24,0.250,0.250,98.493,0,0,880904,1681160,168212,5080312,53276.968,1619.877,0,3243.755,0,91.993,584,559,0.980,1.050,0.700,0,0,0,0,0,10,2,0,8,0
20-04 23:33:25,0.250,0.250,99.250,0,0,880904,1681160,168212,5080312,8779.038,1512.007,0,0,0,0,471,540,0.980,1.050,0.700,0,0,0,0,0,10,2,0,8,0
20-04 23:33:26,1.000,0.500,97.262,0,0,880732,1681332,168212,5080312,142665.961,3572.425,0,4.000,0,1.000,748,715,0.980,1.050,0.700,2,0,3.000,0,0,10,2,0,8,0
20-04 23:33:27,14.495,2.749,82.720,0,0,889948,1672116,168212,5080316,155558.948,5308.053,0,63.977,0,1.999,1704,1009,0.980,1.050,0.700,0,0,4.998,0,0,10,2,0,4,0
20-04 23:33:28,0.998,1.498,96.589,0,0,890008,1672056,168212,5080316,26670.658,2316.149,0,3.993,0,0.998,897,736,0.980,1.050,0.700,1,0,16.972,0,0,10,2,0,4,0
20-04 23:33:29,15.781,3.757,78.155,1.252,0,898068,1663784,168216,5080524,281838.511,11430.733,108.215,100.199,5.010,4.008,2479,1409,0.980,1.050,0.700,0,0,19.038,0,0,10,2,0,4,0
20-04 23:33:30,12.974,10.729,75.350,0,0,900132,1661460,168216,5080784,154006.303,3984.092,0,255.493,0,37.925,2930,1578,0.980,1.050,0.700,1,0,36.927,0,0,10,2,0,4,0
