"pcp-dstat 6.2.0 CSV Output"
"Author:","PCP team <pcp@groups.io> and Dag Wieers <dag@wieers.com>",,,,"URL:","https://pcp.io/ and http://dag.wieers.com/home-made/dstat/"
"Host:","np0000094511",,,,"User:","ubuntu"
"Cmdline:","dstat -tcmndrylpg --tcp --output /tmp/devstack_logs/dstat-csv.log",,,,"Date:","29 Jun 2026 18:37:08 UTC"
"system","total usage",,,,,"memory usage",,,,"net/total",,"dsk/total",,"io/total",,"system",,"load avg",,,"procs",,,"paging",,"tcp sockets",,,,
"time","total usage:usr","total usage:sys","total usage:idl","total usage:wai","total usage:stl","used","free","buf","cach","net/total:recv","net/total:send","dsk/total:read","dsk/total:writ","read","writ","int","csw","1m","5m","15m","run","blk","new","in","out","lis","act","syn","tim","clo"
29-06 18:37:08,,1011740,1588388,164836,5050696,,,,,,,1.110,0.940,0.590,2,0,,,,10,4,0,11,2
29-06 18:37:09,29.660,21.684,46.109,1.246,0,1027964,1554840,165944,5064264,10214.845,1615.074,0,3078.610,0,116.644,6065,5071,1.110,0.940,0.590,3,0,254.225,0,0,10,4,0,11,2
29-06 18:37:10,30.464,21.974,44.948,0.999,0,1030156,1523064,166848,5090392,10390.864,1618.110,0,1989.676,0,69.918,5307,3173,1.110,0.940,0.590,2,0,224.738,0,0,10,4,0,11,2
29-06 18:37:11,31.129,22.845,44.685,0.251,0,1053688,1510784,167336,5077804,10509.500,1946.055,0,1377.702,0,49.204,5112,2998,1.110,0.940,0.590,2,0,211.877,0,0,10,2,0,11,0
29-06 18:37:12,33.443,21.963,42.428,0,0,1083140,1481284,167364,5078176,7131.921,2109.427,0,291.506,0,52.910,5549,4638,1.180,0.950,0.600,2,0,194.670,0,0,10,3,0,11,0
29-06 18:37:13,30.740,20.244,48.485,0.500,0,1030564,1528108,167508,5082872,13984.609,4078.719,0,1663.478,0,21.993,4659,2573,1.180,0.950,0.600,2,0,150.953,0,0,10,2,0,11,0
29-06 18:37:14,42.331,19.788,36.570,0,0,1040444,1516592,167536,5084672,7789.984,1623.122,0,11005.169,0,394.759,6531,8621,1.180,0.950,0.600,2,0,150.289,0,0,10,2,0,11,0
29-06 18:37:15,40.839,17.431,40.092,0.747,0,1040872,1514232,167564,5085952,10685.909,1707.275,649.442,1310.837,18.925,76.698,12225,19703,1.180,0.950,0.600,2,0,154.392,0,0,10,2,0,11,0
29-06 18:37:16,35.826,18.790,41.839,0.752,0,1012244,1542012,167564,5086476,7798.599,1461.110,360.768,48.102,19.041,2.004,14418,24121,1.180,0.950,0.600,2,0,82.175,0,0,10,2,0,11,0
29-06 18:37:17,22.482,7.494,68.943,0.250,0,957688,1604516,167584,5079172,10518.365,1294.937,0,9911.863,0,41.966,2275,1275,1.170,0.960,0.600,1,0,17.985,0,0,10,2,0,11,0
29-06 18:37:18,9.755,1.000,88.294,0.250,0,918572,1643724,167584,5079096,12386.148,146794.860,0,732.363,0,115.057,1261,767,1.170,0.960,0.600,0,0,4.002,0,0,10,2,0,11,0
29-06 18:37:19,0.250,0.500,98.944,0,0,918572,1643724,167584,5079096,23291.902,1511.150,0,3.998,0,0.999,496,537,1.170,0.960,0.600,0,0,0,0,0,10,2,0,10,0
29-06 18:37:20,0.250,2.251,96.298,0,0,918020,1644276,167584,5079096,8208.105,1620.811,0,25288.647,0,112.056,885,879,1.170,0.960,0.600,0,0,0,0,0,10,2,0,10,0
29-06 18:37:21,0.250,0.750,98.998,0,0,917532,1644760,167584,5079100,5774.871,1457.967,0,459.990,0,69.998,427,549,1.170,0.960,0.600,0,0,0,0,0,10,2,0,10,0
29-06 18:37:22,0.250,0.250,98.516,0,0,917532,1644760,167584,5079100,6446.055,1620.265,0,0,0,0,478,586,1.080,0.940,0.600,0,0,0,0,0,10,2,0,10,0
29-06 18:37:23,0.250,0.250,98.742,0,0,916852,1645452,167588,5079100,11072.095,1619.868,0,1151.906,0,3.000,537,572,1.080,0.940,0.600,0,0,0,0,0,10,2,0,9,0
29-06 18:37:24,0.500,0,98.998,0,0,915740,1646564,167588,5079100,10259.840,1565.976,0,0,0,0,481,557,1.080,0.940,0.600,0,0,0,0,0,10,2,0,9,0
29-06 18:37:25,0.500,2.000,96.489,0,0,916144,1646156,167592,5079100,10747.824,1619.823,0,27301.013,0,137.985,936,960,1.080,0.940,0.600,0,0,1.000,0,0,10,2,0,9,0
29-06 18:37:26,0.250,0.250,99.021,0,0,916144,1646156,167592,5079100,7912.678,1512.321,0,0,0,0,438,549,1.080,0.940,0.600,0,0,0,0,0,10,2,0,9,0
29-06 18:37:27,0.250,0.500,98.996,0,0,916144,1646156,167592,5079100,10205.630,1619.941,0,12.000,0,2.000,521,585,0.990,0.920,0.600,0,0,0,0,0,10,2,0,9,0
29-06 18:37:28,11.522,4.258,83.656,0,0,900500,1661800,167592,5079116,9875.457,1623.033,0,601.123,0,2.004,1935,7417,0.990,0.920,0.600,0,0,36.067,0,0,10,2,0,10,0
29-06 18:37:29,0.499,0.749,98.814,0,0,897164,1665140,167592,5079100,5971.732,1616.949,0,0,0,0,475,569,0.990,0.920,0.600,0,0,0,0,0,10,2,0,10,0
29-06 18:37:30,0.250,0,98.509,0,0,892980,1669320,167592,5079104,17741.621,1458.133,0,2272.208,0,11.001,490,596,0.990,0.920,0.600,0,0,0,0,0,10,2,0,10,0
29-06 18:37:31,0.250,0.500,98.985,0,0,888944,1673356,167592,5079104,10714.357,1619.752,0,7.999,0,2.000,485,560,0.990,0.920,0.600,0,0,0,0,0,10,2,0,9,0
29-06 18:37:32,0.250,0,98.506,0,0,885964,1676336,167592,5079104,7738.499,1566.101,0,0,0,0,481,584,0.910,0.910,0.590,0,0,0,0,0,10,2,0,9,0
29-06 18:37:33,0.500,0.250,98.986,0,0,879292,1683008,167592,5079104,13040.197,1511.791,0,115.984,0,3.000,506,592,0.910,0.910,0.590,0,0,0,0,0,10,2,0,9,0
29-06 18:37:34,0.250,0.250,98.492,0,0,875516,1686792,167592,5079104,9926.200,1619.869,0,2259.818,0,14.999,466,556,0.910,0.910,0.590,0,0,0,0,0,10,2,0,9,0
29-06 18:37:35,0.250,0.750,98.713,0,0,874256,1688052,167592,5079104,12588.233,1499.432,0,3.998,0,1.000,554,636,0.910,0.910,0.590,0,0,1.000,0,0,10,2,0,9,0
29-06 18:37:36,0.250,0.250,99.045,0,0,874256,1688052,167592,5079104,10329.724,1620.741,0,0,0,0,475,564,0.910,0.910,0.590,0,0,0,0,0,10,2,0,9,0
29-06 18:37:37,0.500,0,98.498,0,0,874256,1688052,167592,5079104,7554.880,1457.977,0,139.998,0,26.000,458,579,0.840,0.890,0.590,0,0,0,0,0,10,2,0,9,0
29-06 18:37:38,0.750,0.500,98.967,0,0,874252,1688052,167592,5079108,12398.836,1619.456,0,0,0,0,489,555,0.840,0.890,0.590,0,0,0,0,0,10,2,0,9,0
29-06 18:37:39,0.250,0.250,98.490,0,0,874248,1688056,167592,5079108,10628.955,1457.857,0,43.996,0,3.000,496,563,0.840,0.890,0.590,0,0,0,0,0,10,2,0,9,0
29-06 18:37:40,0.250,4.002,94.799,0.500,0,874124,1688180,167592,5079108,6150.159,1620.833,0,82738.497,0,368.189,1401,1394,0.840,0.890,0.590,0,0,0,0,0,10,2,0,9,0
29-06 18:37:41,0.500,0,98.741,0,0,873896,1688408,167592,5079108,10326.099,1619.859,0,0,0,0,462,544,0.840,0.890,0.590,0,0,0,0,0,10,2,0,9,0
29-06 18:37:42,0.500,0.500,98.495,0,0,873704,1688600,167592,5079108,21254.819,1619.910,0,0,0,0,450,565,0.770,0.880,0.590,0,0,0,0,0,10,2,0,9,0
29-06 18:37:43,0.250,0.499,99.085,0,0,873640,1688664,167592,5079108,16757.044,1617.302,0,3.993,0,0.998,534,558,0.770,0.880,0.590,0,0,0,0,0,10,2,0,9,0
29-06 18:37:44,0,0.250,98.404,0.250,0,873676,1688624,167596,5079108,10349.201,1622.540,0,1257.969,0,3.005,481,573,0.770,0.880,0.590,0,0,0,0,0,10,2,0,9,0
29-06 18:37:45,0.500,0.500,99.025,0,0,873676,1688624,167596,5079108,6861.764,1620.417,0,4.001,0,1.000,480,615,0.770,0.880,0.590,0,0,1.000,0,0,10,2,0,9,0
29-06 18:37:46,0.500,0.750,97.999,0,0,873676,1688624,167596,5079108,10467.861,1619.978,0,9623.872,0,61.999,650,714,0.770,0.880,0.590,0,0,0,0,0,10,2,0,9,0
29-06 18:37:47,1.000,1.500,96.234,0,0,874284,1688016,167596,5079108,8027.703,1457.764,0,115.981,0,17.997,687,660,0.710,0.860,0.580,0,0,5.999,0,0,10,2,0,9,0
29-06 18:37:48,0.250,0.500,99.267,0,0,874180,1688120,167596,5079108,9576.658,810.140,0,0,0,0,479,575,0.710,0.860,0.580,0,0,0,0,0,10,2,0,7,0
29-06 18:37:49,15.503,2.000,81.268,0,0,889300,1673000,167596,5079108,286604.590,8397.863,0,304.067,0,3.001,1939,1173,0.710,0.860,0.580,0,0,8.002,0,0,10,2,0,7,0
29-06 18:37:50,13.495,4.998,79.968,0.250,0,894252,1667936,167600,5079216,294547.833,12425.100,107.957,0,4.998,0,2574,1498,0.710,0.860,0.580,1,0,30.988,0,0,10,2,0,7,0
29-06 18:37:51,14.455,7.476,76.759,0.249,0,886232,1675668,167600,5079504,160492.175,5704.058,0,10483.026,0,359.868,2620,1437,0.710,0.860,0.580,2,0,26.915,0,0,10,2,0,7,0
