"pcp-dstat 6.2.0 CSV Output"
"Author:","PCP team <pcp@groups.io> and Dag Wieers <dag@wieers.com>",,,,"URL:","https://pcp.io/ and http://dag.wieers.com/home-made/dstat/"
"Host:","np0000094418",,,,"User:","ubuntu"
"Cmdline:","dstat -tcmndrylpg --tcp --output /tmp/devstack_logs/dstat-csv.log",,,,"Date:","19 Jun 2026 21:34:55 UTC"
"system","total usage",,,,,"memory usage",,,,"net/total",,"dsk/total",,"io/total",,"system",,"load avg",,,"procs",,,"paging",,"tcp sockets",,,,
"time","total usage:usr","total usage:sys","total usage:idl","total usage:wai","total usage:stl","used","free","buf","cach","net/total:recv","net/total:send","dsk/total:read","dsk/total:writ","read","writ","int","csw","1m","5m","15m","run","blk","new","in","out","lis","act","syn","tim","clo"
19-06 21:34:55,,1042120,1629520,162152,4988428,,,,,,,1.200,1.050,0.640,4,0,,,,10,5,0,17,1
19-06 21:34:56,23.196,20.453,54.374,0.499,0.249,1029424,1641688,162232,4988788,44797.191,12245.623,0,1492.541,0,44.896,5161,3183,1.260,1.070,0.650,3,0,239.445,0,0,10,4,0,17,2
19-06 21:34:57,26.696,19.710,50.149,0.499,0.748,1025996,1644716,162256,4989060,22689.320,9480.912,0,1049.886,0,30.938,4934,2845,1.260,1.070,0.650,4,0,214.568,0,0,10,4,0,17,2
19-06 21:34:58,28.257,21.756,46.762,1.000,0.250,1009368,1640764,162356,5008844,177450.072,6518.656,0,8230.090,0,368.093,5231,2755,1.260,1.070,0.650,3,0,193.049,0,0,10,4,0,17,2
19-06 21:34:59,35.446,21.467,40.189,0.749,0,1011812,1623060,163184,5021444,23362.566,1617.547,0,1325.989,0,57.912,5512,4211,1.260,1.070,0.650,2,0,191.709,0,0,10,4,0,13,2
19-06 21:35:00,36.344,16.794,45.368,0.251,0,1012420,1605824,163596,5035556,9103.622,1570.074,0,1411.663,0,34.088,4691,2787,1.260,1.070,0.650,3,0,150.390,0,0,10,4,0,13,2
19-06 21:35:01,43.619,17.297,37.853,0.752,0,1018928,1578492,164068,5054572,7296.899,1624.430,0,1379.763,0,49.134,5156,5173,1.320,1.080,0.650,2,0,145.397,0,0,10,4,0,13,2
19-06 21:35:02,38.172,16.716,41.415,1.746,0,1032212,1547804,165168,5067880,10413.617,1562.791,107.779,4063.656,5.988,262.461,5838,5688,1.320,1.080,0.650,1,1,137.717,0,0,10,4,0,13,2
19-06 21:35:03,36.779,14.762,44.285,3.253,0,1045852,1503632,166032,5094696,10740.454,1661.308,904.712,4499.542,32.025,73.058,4819,4226,1.320,1.080,0.650,2,0,79.062,0,0,10,4,0,11,2
19-06 21:35:04,28.532,9.511,60.569,0.501,0,1007136,1553356,166536,5082316,7909.992,2048.329,0,9274.544,0,50.057,2600,1380,1.320,1.080,0.650,1,0,13.015,0,0,10,2,0,11,0
19-06 21:35:05,21.499,3.750,73.745,0,0,1024444,1536012,166556,5082332,10309.350,1511.905,0,4.000,0,1.000,1903,1043,1.320,1.080,0.650,1,0,18.999,0,0,10,2,0,11,0
19-06 21:35:06,18.967,2.496,77.865,0.250,0.250,1022200,1537208,166568,5083372,19471.191,4618.980,0,447.223,0,6.988,1636,778,1.290,1.080,0.660,1,0,15.972,0,0,10,3,0,11,0
19-06 21:35:07,22.036,3.005,74.372,0,0,1013556,1539636,166736,5088576,10555.276,1796.941,0,1025.679,0,12.020,1843,1033,1.290,1.080,0.660,1,0,4.007,0,0,10,2,0,11,0
19-06 21:35:08,28.640,9.962,58.774,0,0,1022860,1528856,166800,5089768,12374.493,1560.011,0,16030.457,0,174.331,11716,33237,1.290,1.080,0.660,1,0,48.813,0,0,10,2,0,12,0
19-06 21:35:09,22.291,6.261,69.878,0,0,1008204,1543512,166808,5089756,6236.447,1622.979,0,4.007,0,1.002,12218,22225,1.290,1.080,0.660,3,0,13.024,0,0,10,2,0,12,0
19-06 21:35:10,20.476,4.495,73.914,0.499,0,981240,1578544,166824,5082412,11089.161,1618.126,0,1254.547,0,11.986,1867,978,1.290,1.080,0.660,1,0,7.991,0,0,10,2,0,12,0
19-06 21:35:11,10.513,2.253,86.103,0,0,975492,1584372,166824,5082336,25312.152,131540.692,0,4.005,0,1.001,1354,787,1.270,1.080,0.660,1,0,4.005,0,0,10,2,0,12,0
19-06 21:35:12,0.250,0.250,98.759,0,0,973292,1586572,166824,5082336,12797.117,1620.141,0,4.000,0,1.000,539,536,1.270,1.080,0.660,1,0,0,0,0,10,2,0,11,0
19-06 21:35:13,0.750,1.250,97.467,0,0,967548,1592312,166824,5082336,10606.422,1565.472,0,9872.670,0,39.987,770,758,1.270,1.080,0.660,0,0,0,0,0,10,2,0,11,0
19-06 21:35:14,0.250,0.500,98.994,0,0,960000,1599860,166824,5082336,11155.354,1565.909,0,0,0,0,511,522,1.270,1.080,0.660,1,0,0,0,0,10,2,0,11,0
19-06 21:35:15,0.750,0.250,98.526,0,0,953092,1606764,166824,5082340,8819.302,1620.423,0,8.002,0,1.000,576,604,1.270,1.080,0.660,1,0,1.000,0,0,10,2,0,11,0
19-06 21:35:16,0,0.250,98.770,0,0.250,944472,1615384,166824,5082344,7000.411,1566.316,0,832.168,0,2.000,485,543,1.170,1.060,0.650,1,0,0,0,0,10,2,0,9,0
19-06 21:35:17,0.500,0.500,97.998,0,0,940432,1619392,166824,5082376,6902.825,1619.959,0,0,0,0,531,572,1.170,1.060,0.650,1,0,0,0,0,10,2,0,9,0
19-06 21:35:18,0.250,2.000,97.228,0,0,937692,1622128,166828,5082376,11130.454,1619.630,0,30525.018,0,160.963,961,932,1.170,1.060,0.650,3,0,1.000,0,0,10,2,0,9,0
19-06 21:35:19,0.250,0.250,98.791,0,0,935152,1624668,166828,5082376,10691.446,1620.674,0,0,0,0,513,520,1.170,1.060,0.650,0,0,0,0,0,10,2,0,9,0
19-06 21:35:20,0.750,0.500,98.744,0,0,929856,1629964,166828,5082376,12093.224,1565.899,0,0,0,0,538,524,1.170,1.060,0.650,2,0,0,0,0,10,2,0,9,0
19-06 21:35:21,0.250,0,98.521,0,0,925196,1634620,166832,5082376,10384.204,1512.321,0,2880.611,0,19.004,546,574,1.070,1.040,0.650,0,0,0,0,0,10,2,0,9,0
19-06 21:35:22,0.500,0.250,98.981,0,0,925420,1634396,166832,5082376,11808.696,1619.684,0,35.993,0,1.000,518,516,1.070,1.040,0.650,1,0,0,0,0,10,2,0,9,0
19-06 21:35:23,0.500,0.250,98.510,0,0,922004,1637812,166832,5082376,21912.176,1566.156,0,3556.353,0,76.008,568,590,1.070,1.040,0.650,1,0,0,0,0,10,2,0,9,0
19-06 21:35:24,0.250,0.250,98.662,0,0,922004,1637812,166832,5082376,7134.615,1402.745,0,3.996,0,0.999,467,528,1.070,1.040,0.650,1,0,0,0,0,10,2,0,9,0
19-06 21:35:25,0.751,0.751,98.823,0,0,918812,1641004,166832,5082376,6282.619,1242.914,0,0,0,0,517,608,1.070,1.040,0.650,1,0,1.001,0,0,10,2,0,9,0
19-06 21:35:26,0.250,0.250,98.755,0,0,916492,1643320,166836,5082376,11825.655,1458.081,0,112.006,0,2.000,512,545,0.990,1.030,0.650,0,0,0,0,0,10,2,0,9,0
19-06 21:35:27,0.751,0.500,98.598,0,0,911368,1648444,166836,5082376,9297.212,1513.500,0,4.004,0,1.001,459,536,0.990,1.030,0.650,1,0,0,0,0,10,2,0,9,0
19-06 21:35:28,0.250,0,98.883,0,0,909312,1650500,166836,5082376,9395.910,755.109,0,0,0,0,490,539,0.990,1.030,0.650,1,0,0,0,0,10,2,0,9,0
19-06 21:35:29,1.000,2.000,96.006,0.250,0,905776,1654036,166836,5082376,8236.528,1458.093,0,16445.055,0,396.025,858,770,0.990,1.030,0.650,1,0,6.000,0,0,10,2,0,9,0
19-06 21:35:30,0.250,0.250,98.744,0,0,906000,1653812,166836,5082376,10894.389,1619.909,0,4.000,0,1.000,485,557,0.990,1.030,0.650,0,0,0,0,0,10,2,0,9,0
19-06 21:35:31,0.250,0.250,98.729,0,0,904064,1655748,166836,5082376,10374.794,1457.690,0,0,0,0,481,542,0.910,1.010,0.640,1,0,0,0,0,10,2,0,9,0
19-06 21:35:32,0.500,0,98.776,0,0.250,904056,1655748,166840,5082380,6807.819,1620.433,0,68.018,0,2.001,444,538,0.910,1.010,0.640,0,0,0,0,0,10,2,0,9,0
19-06 21:35:33,0,0.500,98.992,0,0,902276,1657528,166840,5082380,10932.130,1619.871,0,7.999,0,1.000,510,590,0.910,1.010,0.640,1,0,0,0,0,10,2,0,9,0
19-06 21:35:34,0.250,4.500,93.507,0.250,0,893480,1666324,166840,5082380,21980.609,1620.119,0,85918.288,0,360.026,1453,1331,0.910,1.010,0.640,2,0,0,0,0,10,2,0,9,0
19-06 21:35:35,0.250,0.500,98.999,0,0,892420,1667384,166840,5082380,7888.887,1619.977,0,0,0,0,500,609,0.910,1.010,0.640,2,0,1.000,0,0,10,2,0,9,0
19-06 21:35:36,0.500,0.750,98.494,0,0,892144,1667660,166840,5082380,11519.240,1619.893,0,4.000,0,1.000,502,537,0.840,0.990,0.640,1,0,0,0,0,10,2,0,9,0
19-06 21:35:37,0.250,0.750,98.502,0,0,891980,1667820,166844,5082380,8338.206,1620.040,0,1352.033,0,3.000,479,575,0.840,0.990,0.640,1,0,0,0,0,10,2,0,9,0
19-06 21:35:38,0.250,0,98.726,0,0,892200,1667600,166844,5082380,12146.102,1457.652,0,0,0,0,483,553,0.840,0.990,0.640,1,0,0,0,0,10,2,0,9,0
19-06 21:35:39,0.500,0.500,98.251,0,0,892200,1667600,166844,5082380,8939.077,1620.014,0,3288.028,0,25.000,548,596,0.840,0.990,0.640,2,0,0,0,0,10,2,0,9,0
19-06 21:35:40,0.249,0,98.930,0,0,891948,1667852,166844,5082380,7999.158,1614.783,0,0,0,0,458,542,0.840,0.990,0.640,2,0,0,0,0,10,2,0,8,0
19-06 21:35:41,0.250,0.250,98.558,0,0,892028,1667772,166844,5082380,10416.179,810.481,0,0,0,0,534,567,0.770,0.980,0.630,0,0,0,0,0,10,2,0,8,0
19-06 21:35:42,14.542,2.507,82.741,0.251,0,898004,1661948,166844,5082380,288690.544,7217.038,0,160.468,0,4.012,1798,1121,0.770,0.980,0.630,2,0,7.020,0,0,10,2,0,8,0
19-06 21:35:43,9.998,3.999,84.482,0.500,0.250,898564,1661276,166852,5082484,150931.583,10393.837,107.978,0,4.999,0,2125,1309,0.770,0.980,0.630,0,0,26.994,0,0,10,2,0,8,0
19-06 21:35:44,15.490,3.748,79.197,0,0,897452,1662272,166856,5082596,299016.643,9209.860,0,99.933,0,3.997,2278,1308,0.770,0.980,0.630,1,0,19.987,0,0,10,2,0,4,0
