"pcp-dstat 6.2.0 CSV Output"
"Author:","PCP team <pcp@groups.io> and Dag Wieers <dag@wieers.com>",,,,"URL:","https://pcp.io/ and http://dag.wieers.com/home-made/dstat/"
"Host:","np0000094075",,,,"User:","ubuntu"
"Cmdline:","dstat -tcmndrylpg --tcp --output /tmp/devstack_logs/dstat-csv.log",,,,"Date:","24 Apr 2026 15:20:51 UTC"
"system","total usage",,,,,"memory usage",,,,"net/total",,"dsk/total",,"io/total",,"system",,"load avg",,,"procs",,,"paging",,"tcp sockets",,,,
"time","total usage:usr","total usage:sys","total usage:idl","total usage:wai","total usage:stl","used","free","buf","cach","net/total:recv","net/total:send","dsk/total:read","dsk/total:writ","read","writ","int","csw","1m","5m","15m","run","blk","new","in","out","lis","act","syn","tim","clo"
24-04 15:20:51,,990388,1678068,162564,4993840,,,,,,,1.550,1.070,0.660,2,0,,,,10,6,0,18,0
24-04 15:20:52,28.648,20.926,48.827,0.498,0,1019192,1648864,162660,4994056,21570.548,8133.174,0,904.793,0,26.905,5172,3012,1.550,1.070,0.660,2,0,231.181,0,0,10,5,0,18,1
24-04 15:20:53,25.294,19.784,52.341,0.501,0,1031096,1636420,162828,4994308,41545.856,12092.915,0,1306.259,0,42.073,4971,2918,1.550,1.070,0.660,1,0,213.369,0,0,10,5,0,18,1
24-04 15:20:54,27.183,20.949,49.877,0.499,0.249,1051532,1615508,162896,4994596,19754.450,9664.248,0,2366.185,0,120.703,4804,2738,1.670,1.100,0.670,1,1,183.549,0,0,10,4,0,18,2
24-04 15:20:55,27.736,21.239,49.225,0.500,0.250,1045140,1605024,163024,5011100,184648.972,10683.560,0,1699.135,0,51.974,4907,4052,1.670,1.100,0.670,6,0,169.913,0,0,10,4,0,18,2
24-04 15:20:56,37.342,18.045,42.104,1.002,0,1053108,1583904,163852,5021056,12607.093,1624.005,0,1672.124,0,69.171,4674,3805,1.670,1.100,0.670,4,0,155.383,0,0,10,4,0,12,2
24-04 15:20:57,39.254,17.252,42.754,0,0,1061732,1556772,164352,5036932,12616.318,1620.169,0,1364.142,0,32.003,5032,4149,1.670,1.100,0.670,3,0,134.014,0,0,10,4,0,12,2
24-04 15:20:58,40.414,17.463,39.915,0.499,0,1080748,1516696,164832,5055796,11611.173,1616.543,0,1660.450,0,53.885,5803,5244,1.670,1.100,0.670,4,0,141.697,0,0,10,4,0,12,2
24-04 15:20:59,39.116,17.552,39.868,2.507,0,1073476,1502816,165744,5073384,8228.343,1624.807,1015.003,3241.590,38.113,119.353,6241,6868,2.100,1.200,0.700,5,0,134.398,0,0,10,4,0,12,2
24-04 15:21:00,30.742,12.247,52.486,3.749,0,1057208,1494556,166756,5094384,11214.926,1619.556,0,12484.578,0,184.949,3012,1678,2.100,1.200,0.700,1,0,12.996,0,0,10,4,0,12,2
24-04 15:21:01,19.030,1.753,78.874,0.501,0,1027096,1538160,167044,5080208,14147.185,4257.677,0,913.432,0,35.055,1538,981,2.100,1.200,0.700,1,0,1.002,0,0,10,2,0,12,0
24-04 15:21:02,21.963,3.993,73.376,0,0,1043968,1521248,167064,5080228,6093.665,1617.257,0,7.986,0,1.997,1781,951,2.100,1.200,0.700,1,0,17.970,0,0,10,2,0,12,0
24-04 15:21:03,18.003,2.500,78.512,0,0,1026996,1532876,167140,5084952,15568.369,3808.580,0,1636.249,0,12.002,1669,939,2.100,1.200,0.700,1,0,17.003,0,0,10,2,0,12,0
24-04 15:21:04,18.750,3.000,75.999,0.750,0.250,1021500,1537184,167160,5085956,16600.768,3722.948,0,31203.565,0,808.989,2175,1202,2.010,1.200,0.700,1,0,18.000,0,0,10,3,0,12,0
24-04 15:21:05,22.786,5.008,71.112,0.250,0,1013320,1539048,167576,5091036,9218.459,2702.239,0,881.382,0,16.025,12273,22002,2.010,1.200,0.700,1,0,8.013,0,0,10,2,0,12,0
24-04 15:21:06,22.223,4.994,71.664,0,0,1009300,1542424,167652,5091496,12196.378,1564.125,0,83.899,0,0.999,5773,9056,2.010,1.200,0.700,1,0,11.986,0,0,10,2,0,12,0
24-04 15:21:07,20.000,6.500,71.750,0,0,996432,1555032,167696,5091660,8002.005,1512.001,0,168.000,0,2.000,7977,13540,2.010,1.200,0.700,1,0,15.000,0,0,10,2,0,12,0
24-04 15:21:08,16.239,3.498,79.197,0,0,946040,1618324,167704,5080232,16882.719,131536.111,0,663.557,0,11.992,1815,1035,2.010,1.200,0.700,0,0,4.997,0,0,10,2,0,12,0
24-04 15:21:09,0.500,1.500,97.510,0,0,931192,1633176,167704,5080232,11728.184,1458.147,0,10673.078,0,147.015,702,750,1.850,1.180,0.700,1,0,0,0,0,10,2,0,12,0
24-04 15:21:10,0.750,1.500,96.987,0,0,920132,1644236,167704,5080232,7799.972,1619.787,0,3.999,0,1.000,648,653,1.850,1.180,0.700,0,0,5.999,0,0,10,2,0,12,0
24-04 15:21:11,0.500,0.250,98.743,0,0,920132,1644236,167704,5080232,14550.974,1619.886,0,0,0,0,499,560,1.850,1.180,0.700,1,0,0,0,0,10,2,0,12,0
24-04 15:21:12,0.250,0.250,98.980,0,0,920144,1644236,167704,5080236,12014.567,1457.705,0,0,0,0,506,557,1.850,1.180,0.700,0,0,0,0,0,10,2,0,10,0
24-04 15:21:13,0.500,0.250,98.504,0,0,920072,1644308,167704,5080236,11470.469,1620.066,0,1176.048,0,3.000,486,589,1.850,1.180,0.700,0,0,1.000,0,0,10,2,0,10,0
24-04 15:21:14,0.250,1.000,98.527,0,0,918016,1646360,167708,5080236,9135.481,1620.440,0,11387.093,0,52.014,573,674,1.700,1.160,0.700,0,0,0,0,0,10,2,0,10,0
24-04 15:21:15,0.250,0.250,98.227,0,0,913588,1650788,167708,5080236,45898.105,1619.616,0,0,0,0,573,645,1.700,1.160,0.700,0,0,1.000,0,0,10,2,0,10,0
24-04 15:21:16,1.000,0,99.034,0,0,909152,1655224,167708,5080236,12617.316,1458.499,0,4.001,0,1.000,529,562,1.700,1.160,0.700,0,0,0,0,0,10,2,0,10,0
24-04 15:21:17,0.250,0.500,98.451,0,0,905192,1659184,167708,5080236,6092.938,1565.214,0,2258.865,0,13.993,430,556,1.700,1.160,0.700,0,0,0,0,0,10,2,0,10,0
24-04 15:21:18,0.500,0.250,99.028,0.250,0,901644,1662724,167716,5080236,5473.561,1080.308,0,304.087,0,1.000,418,560,1.700,1.160,0.700,0,1,0,0,0,10,2,0,10,0
24-04 15:21:19,0.250,1.250,97.783,0.250,0,899024,1665340,167716,5080240,10353.516,1566.532,0,12676.304,0,78.026,672,732,1.560,1.140,0.690,1,0,0,0,0,10,2,0,10,0
24-04 15:21:20,0.250,0.750,98.487,0,0,895760,1668604,167716,5080240,10127.693,1619.791,0,7171.075,0,149.981,664,700,1.560,1.140,0.690,0,0,0,0,0,10,2,0,10,0
24-04 15:21:21,0.250,0.250,98.513,0,0,892792,1671572,167716,5080240,9669.321,1458.199,0,0,0,0,472,549,1.560,1.140,0.690,0,0,0,0,0,10,2,0,10,0
24-04 15:21:22,0.250,0,98.761,0,0,890056,1674308,167716,5080240,8225.889,1620.175,0,8.001,0,1.000,488,584,1.560,1.140,0.690,0,0,0,0,0,10,2,0,10,0
24-04 15:21:23,0.750,0,98.957,0,0,887232,1677132,167716,5080240,10080.652,1403.395,0,523.774,0,1.000,502,568,1.560,1.140,0.690,0,1,0,0,0,10,2,0,10,0
24-04 15:21:24,0.250,0.250,98.754,0,0,885228,1679136,167716,5080240,8128.367,1188.054,0,4.000,0,1.000,442,552,1.440,1.120,0.690,0,0,0,0,0,10,2,0,10,0
24-04 15:21:25,0.500,0.750,98.692,0,0,883224,1681140,167716,5080240,6649.106,1619.052,0,135.920,0,22.987,517,646,1.440,1.120,0.690,0,0,0.999,0,0,10,2,0,10,0
24-04 15:21:26,0.250,0.250,99.053,0,0,881752,1682612,167716,5080240,11599.223,1512.812,0,4.002,0,1.001,495,562,1.440,1.120,0.690,1,0,0,0,0,10,2,0,10,0
24-04 15:21:27,0.250,0,98.776,0,0,880788,1683576,167716,5080240,9665.535,1620.425,0,0,0,0,492,576,1.440,1.120,0.690,0,0,0,0,0,10,2,0,10,0
24-04 15:21:28,1.750,1.250,96.246,0,0.250,881136,1683228,167716,5080240,7878.636,1619.925,0,4.000,0,1.000,716,665,1.440,1.120,0.690,1,0,13.999,0,0,10,2,0,10,0
24-04 15:21:29,9.501,3.750,86.011,0,0,861060,1703176,167716,5080368,10049.255,1566.196,0,20.002,0,2.000,1698,7272,1.400,1.120,0.690,1,0,22.003,0,0,10,2,0,10,0
24-04 15:21:30,0.500,3.999,93.987,0.250,0,861760,1702476,167716,5080368,9183.735,1619.777,0,74205.775,0,308.957,1359,1307,1.400,1.120,0.690,0,0,0,0,0,10,2,0,10,0
24-04 15:21:31,0.250,0.250,98.745,0,0,861760,1702476,167716,5080368,10457.505,1619.923,0,95.995,0,13.999,500,550,1.400,1.120,0.690,0,0,0,0,0,10,2,0,10,0
24-04 15:21:32,0.500,0.250,99.254,0,0,861760,1702476,167716,5080368,8329.325,1620.063,0,4.000,0,1.000,468,551,1.400,1.120,0.690,0,0,0,0,0,10,2,0,10,0
24-04 15:21:33,0.250,0.250,98.501,0,0,861760,1702476,167716,5080368,5698.064,1620.018,0,0,0,0,446,579,1.400,1.120,0.690,0,0,0,0,0,10,2,0,10,0
24-04 15:21:34,0.500,0.500,98.515,0.250,0,861760,1702476,167716,5080368,10570.636,1512.234,0,1220.189,0,4.001,501,582,1.290,1.100,0.690,0,0,0,0,0,10,2,0,10,0
24-04 15:21:35,0.750,1.250,97.736,0,0,862012,1702224,167716,5080368,10522.471,1079.843,0,13610.022,0,135.980,763,838,1.290,1.100,0.690,0,0,1.000,0,0,10,2,0,10,0
24-04 15:21:36,0,0.250,99.003,0,0,862232,1702000,167716,5080372,8946.300,1566.052,0,88.003,0,14.000,501,567,1.290,1.100,0.690,0,0,0,0,0,10,2,0,10,0
24-04 15:21:37,0.500,0,98.747,0,0.250,862232,1702000,167716,5080372,11962.592,1511.948,0,0,0,0,536,548,1.290,1.100,0.690,0,0,0,0,0,10,2,0,7,0
24-04 15:21:38,0.250,0,98.752,0,0,862232,1702000,167716,5080372,8632.150,1296.023,0,4.000,0,1.000,484,565,1.290,1.100,0.690,0,0,0,0,0,10,2,0,7,0
24-04 15:21:39,7.500,1.250,90.251,0,0,877596,1686632,167720,5080372,144204.020,3744.026,0,348.002,0,1.000,1168,856,1.190,1.080,0.680,0,1,4.000,0,0,10,2,0,7,0
24-04 15:21:40,16.250,4.750,78.249,0.500,0,879632,1684492,167724,5080480,292339.292,11883.890,107.999,107.999,5.000,5.000,2540,1465,1.190,1.080,0.680,0,0,26.000,0,0,10,2,0,7,0
24-04 15:21:41,14.505,2.751,81.279,0,0,874072,1690048,167724,5080484,300809.542,10365.706,0,4.001,0,1.000,2160,1319,1.190,1.080,0.680,1,0,17.006,0,0,10,2,0,4,0
