"pcp-dstat 6.2.0 CSV Output"
"Author:","PCP team <pcp@groups.io> and Dag Wieers <dag@wieers.com>",,,,"URL:","https://pcp.io/ and http://dag.wieers.com/home-made/dstat/"
"Host:","np0000094396",,,,"User:","ubuntu"
"Cmdline:","dstat -tcmndrylpg --tcp --output /tmp/devstack_logs/dstat-csv.log",,,,"Date:","18 Jun 2026 16:07:13 UTC"
"system","total usage",,,,,"memory usage",,,,"net/total",,"dsk/total",,"io/total",,"system",,"load avg",,,"procs",,,"paging",,"tcp sockets",,,,
"time","total usage:usr","total usage:sys","total usage:idl","total usage:wai","total usage:stl","used","free","buf","cach","net/total:recv","net/total:send","dsk/total:read","dsk/total:writ","read","writ","int","csw","1m","5m","15m","run","blk","new","in","out","lis","act","syn","tim","clo"
18-06 16:07:13,,966836,1725932,161036,4969548,,,,,,,1.380,1.140,0.730,1,0,,,,10,4,0,17,0
18-06 16:07:14,10.730,20.462,67.125,0,0,965940,1726796,161040,4969572,11429.647,3233.958,0,507.053,0,70.868,4598,2787,1.380,1.140,0.730,1,0,216.595,0,0,10,4,0,17,0
18-06 16:07:15,22.968,20.472,55.173,0.250,0,952892,1739476,161092,4969848,21669.860,5506.341,0,499.306,0,14.979,4931,2839,1.380,1.140,0.730,2,0,214.701,0,0,10,5,0,11,0
18-06 16:07:16,27.560,22.549,48.356,0.251,0,982416,1709632,161196,4971184,35140.863,9625.053,0,978.139,0,32.070,5325,5172,1.380,1.140,0.730,6,0,287.629,0,0,10,6,0,11,0
18-06 16:07:17,32.652,19.442,45.863,0.499,0,988332,1703048,161368,4970364,46045.086,12407.836,0,1559.329,0,48.854,6290,14755,1.380,1.140,0.730,2,0,219.343,0,0,10,6,0,12,0
18-06 16:07:18,31.574,22.052,44.855,0.251,0.251,1007376,1683688,161452,4970956,20898.974,8161.124,0,906.123,0,28.066,5288,3982,1.990,1.270,0.780,2,0,186.437,0,0,10,5,0,12,1
18-06 16:07:19,32.210,14.732,51.187,0.499,0,1003308,1687264,161608,4970748,44437.189,11994.206,0,1414.256,0,45.943,5476,5277,1.990,1.270,0.780,1,0,142.824,0,0,10,5,0,11,1
18-06 16:07:20,36.543,15.268,45.054,1.752,0,1009300,1679856,161696,4971944,22081.278,8022.547,796.948,1169.392,23.027,27.032,5652,6005,1.990,1.270,0.780,2,0,123.147,0,0,10,4,0,11,2
18-06 16:07:21,22.500,12.250,63.750,0.750,0,1009624,1678624,161812,4972424,22354.034,9315.014,216.000,9468.014,15.000,35.000,2659,1312,1.990,1.270,0.780,1,0,22.000,0,0,10,4,0,11,2
18-06 16:07:22,21.498,1.750,75.492,0.250,0,1008140,1657736,161956,4993712,172742.639,3747.623,0,903.909,0,23.998,1618,879,1.990,1.270,0.780,1,0,1.000,0,0,10,4,0,11,2
18-06 16:07:23,22.501,2.750,73.504,0.500,0,1017708,1631748,162888,5006812,6735.334,1512.075,0,1252.062,0,56.003,1870,1377,1.910,1.270,0.780,2,0,0,0,0,10,4,0,11,2
18-06 16:07:24,22.993,2.249,73.227,0.250,0,1007816,1623572,163316,5022352,11083.523,1565.509,0,16810.727,0,594.813,2137,1356,1.910,1.270,0.780,2,0,1.000,0,0,10,4,0,11,2
18-06 16:07:25,21.506,2.751,73.770,1.250,0,1011612,1592732,164312,5046188,8595.342,1620.441,0,2944.802,0,129.035,2168,1823,1.910,1.270,0.780,2,0,0,0,0,10,4,0,11,2
18-06 16:07:26,22.752,2.500,73.506,0.750,0,1010336,1565544,165320,5070868,10643.939,1620.143,0,2156.190,0,66.006,1948,1409,1.910,1.270,0.780,3,0,0,0,0,10,4,0,11,2
18-06 16:07:27,22.999,2.000,73.247,0.750,0,1022388,1557436,166140,5064372,30081.614,2099.903,0,2235.897,0,71.997,2240,1503,1.910,1.270,0.780,2,0,0,0,0,10,2,0,11,0
18-06 16:07:28,22.008,4.001,73.776,0,0,1024712,1555128,166160,5064384,63633.381,1662.585,0,24.008,0,2.001,2403,1055,1.840,1.260,0.780,1,0,19.007,0,0,10,2,0,11,0
18-06 16:07:29,18.239,4.247,75.952,0.250,0,1042628,1536156,166172,5065428,37495.533,4516.173,0,17245.207,0,176.889,2042,1069,1.840,1.260,0.780,1,0,21.986,0,0,10,3,0,11,0
18-06 16:07:30,22.029,3.505,73.847,0.250,0,1032732,1539844,166340,5070636,73372.643,1784.350,0,1029.356,0,13.017,2550,1054,1.840,1.260,0.780,1,0,3.004,0,0,10,2,0,11,0
18-06 16:07:31,23.976,5.495,67.932,0,0,1036204,1535992,166376,5070940,60512.707,131427.049,0,2265.742,0,14.985,10907,19588,1.840,1.260,0.780,1,0,5.994,0,0,10,2,0,11,0
18-06 16:07:32,21.500,4.250,73.501,0,0,1010992,1560184,166396,5071688,24575.363,1512.022,0,88.001,0,1.000,2162,1337,1.840,1.260,0.780,1,0,12.000,0,0,10,2,0,10,0
18-06 16:07:33,21.501,7.000,70.004,0,0,996368,1574708,166400,5071780,68497.252,1608.100,0,88.005,0,1.000,12357,21061,1.770,1.260,0.780,1,0,15.001,0,0,10,2,0,10,0
18-06 16:07:34,21.764,5.253,72.045,0.250,0,948148,1631040,166412,5064392,57419.092,1621.019,0,11563.268,0,59.037,2255,1208,1.770,1.260,0.780,1,0,6.004,0,0,10,2,0,10,0
18-06 16:07:35,1.499,0.250,97.426,0,0,928352,1650836,166412,5064396,10757.844,1456.895,0,0,0,0,652,622,1.770,1.260,0.780,0,0,0,0,0,10,2,0,10,0
18-06 16:07:36,0.250,0,98.695,0,0,924432,1654756,166412,5064396,10846.996,1619.104,0,7.996,0,1.999,479,553,1.770,1.260,0.780,0,0,0,0,0,10,2,0,9,0
18-06 16:07:37,0.250,0.500,98.553,0,0,921000,1658188,166412,5064396,10548.690,1512.816,0,4.002,0,1.001,520,559,1.770,1.260,0.780,0,0,0,0,0,10,2,0,9,0
18-06 16:07:38,0.750,0.250,99.018,0,0,917996,1661192,166412,5064396,12143.226,1566.287,0,0,0,0,477,541,1.630,1.240,0.780,0,0,0,0,0,10,2,0,9,0
18-06 16:07:39,0.250,1.000,98.244,0,0,915600,1663596,166412,5064396,13166.171,1619.898,0,13875.126,0,46.997,659,686,1.630,1.240,0.780,0,0,0,0,0,10,2,0,9,0
18-06 16:07:40,0.250,0.250,98.730,0,0,913060,1666136,166412,5064396,23205.261,1619.669,0,0,0,0,465,570,1.630,1.240,0.780,0,0,0,0,0,10,2,0,9,0
18-06 16:07:41,0.750,0.250,98.228,0,0,908864,1670300,166412,5064428,9494.907,1619.643,0,0,0,0,505,584,1.630,1.240,0.780,0,0,0,0,0,10,2,0,9,0
18-06 16:07:42,0.500,0.500,98.755,0,0,903776,1675388,166412,5064428,13735.748,1512.082,0,4.000,0,1.000,541,571,1.630,1.240,0.780,0,0,0,0,0,10,2,0,9,0
18-06 16:07:43,1.000,0.250,97.991,0,0,899276,1679900,166416,5064412,11081.950,1619.847,0,451.957,0,12.999,613,1235,1.500,1.220,0.770,0,0,0,0,0,10,2,0,9,0
18-06 16:07:44,0,0.500,98.720,0,0,895516,1683660,166416,5064412,12399.287,1619.515,0,1667.501,0,27.992,589,670,1.500,1.220,0.770,1,0,1.000,0,0,10,2,0,9,0
18-06 16:07:45,0.750,1.501,97.545,0,0,892172,1687000,166416,5064412,12954.023,1566.728,0,17820.286,0,120.056,744,791,1.500,1.220,0.770,0,0,0,0,0,10,2,0,9,0
18-06 16:07:46,0.500,0.250,98.752,0,0,885516,1693656,166416,5064412,6943.107,1620.025,0,0,0,0,430,542,1.500,1.220,0.770,0,0,0,0,0,10,2,0,9,0
18-06 16:07:47,0.750,0.250,98.997,0,0,879168,1700004,166416,5064412,11398.694,1511.959,0,0,0,0,513,571,1.500,1.220,0.770,0,0,0,0,0,10,2,0,9,0
18-06 16:07:48,0.250,0.250,98.501,0.250,0,874200,1704968,166416,5064416,9040.049,1620.009,0,484.003,0,2.000,496,552,1.380,1.200,0.770,1,1,0,0,0,10,2,0,9,0
18-06 16:07:49,0.500,0.250,98.776,0,0,874200,1704968,166416,5064416,12547.267,1566.408,0,32.008,0,4.001,524,585,1.380,1.200,0.770,0,0,0,0,0,10,2,0,9,0
18-06 16:07:50,0.250,0.250,98.725,0,0,870680,1708488,166416,5064416,8098.937,1619.588,0,1007.743,0,121.969,492,619,1.380,1.200,0.770,0,0,0,0,0,10,2,0,9,0
18-06 16:07:51,0.500,0.500,98.764,0,0,867616,1711552,166416,5064416,9969.412,1512.214,0,0,0,0,482,574,1.380,1.200,0.770,0,0,0,0,0,10,2,0,9,0
18-06 16:07:52,0.250,0,98.768,0,0,864932,1714236,166416,5064416,10866.947,1566.281,0,0,0,0,517,558,1.380,1.200,0.770,0,0,0,0,0,10,2,0,9,0
18-06 16:07:53,0.250,0.750,98.969,0,0,862584,1716584,166416,5064416,21423.337,1511.530,0,0,0,0,453,537,1.270,1.180,0.760,0,0,0,0,0,10,2,0,9,0
18-06 16:07:54,0.500,0,98.758,0,0,860532,1718636,166416,5064416,6979.569,1566.128,0,64.005,0,3.000,515,619,1.270,1.180,0.760,0,0,1.000,0,0,10,2,0,9,0
18-06 16:07:55,0.250,2.500,95.751,0.250,0,846416,1732752,166416,5064416,11062.125,1620.018,0,51376.580,0,262.003,1110,1052,1.270,1.180,0.760,0,0,0,0,0,10,2,0,9,0
18-06 16:07:56,0.250,0.750,98.775,0,0,846392,1732776,166416,5064416,9031.312,1512.387,0,0,0,0,454,536,1.270,1.180,0.760,0,0,0,0,0,10,2,0,9,0
18-06 16:07:57,0.500,0.250,98.748,0,0,846392,1732776,166416,5064416,11258.719,1619.960,0,0,0,0,518,545,1.270,1.180,0.760,0,0,0,0,0,10,2,0,9,0
18-06 16:07:58,0.250,0.250,99.000,0,0,846392,1732776,166416,5064416,8484.962,1619.993,0,0,0,0,468,525,1.170,1.160,0.760,0,0,0,0,0,10,2,0,9,0
18-06 16:07:59,0.500,0.500,98.722,0,0,846408,1732760,166416,5064416,11026.880,1619.542,0,683.807,0,1.999,523,572,1.170,1.160,0.760,0,0,0,0,0,10,2,0,9,0
18-06 16:08:00,0.500,2.500,95.761,0.250,0,846724,1732444,166416,5064416,10033.148,1620.185,0,45597.218,0,206.024,1025,1000,1.170,1.160,0.760,0,0,0,0,0,10,2,0,5,0
18-06 16:08:01,0.500,0.250,98.993,0,0,846708,1732456,166416,5064420,7781.482,1457.903,0,4.000,0,1.000,450,562,1.170,1.160,0.760,0,0,0,0,0,10,2,0,5,0
18-06 16:08:02,7.516,1.503,91.197,0,0,863800,1715364,166416,5064420,139257.311,3752.118,0,0,0,0,1064,868,1.170,1.160,0.760,0,0,4.009,0,0,10,2,0,5,0
18-06 16:08:03,14.719,3.742,80.083,0.249,0,880064,1698984,166416,5064536,293073.849,10643.804,15.967,0,0.998,0,2282,1390,1.150,1.150,0.760,1,0,22.952,0,0,10,2,0,5,0
18-06 16:08:04,13.502,3.500,81.511,0,0,894916,1684128,166424,5064532,314352.370,11647.533,92.012,900.118,4.001,3.000,2401,1496,1.150,1.150,0.760,1,0,21.003,0,0,10,2,0,4,0
