"pcp-dstat 6.2.0 CSV Output"
"Author:","PCP team <pcp@groups.io> and Dag Wieers <dag@wieers.com>",,,,"URL:","https://pcp.io/ and http://dag.wieers.com/home-made/dstat/"
"Host:","np0000094022",,,,"User:","ubuntu"
"Cmdline:","dstat -tcmndrylpg --tcp --output /tmp/devstack_logs/dstat-csv.log",,,,"Date:","20 Apr 2026 11:44:46 UTC"
"system","total usage",,,,,"memory usage",,,,"net/total",,"dsk/total",,"io/total",,"system",,"load avg",,,"procs",,,"paging",,"tcp sockets",,,,
"time","total usage:usr","total usage:sys","total usage:idl","total usage:wai","total usage:stl","used","free","buf","cach","net/total:recv","net/total:send","dsk/total:read","dsk/total:writ","read","writ","int","csw","1m","5m","15m","run","blk","new","in","out","lis","act","syn","tim","clo"
20-04 11:44:46,,996768,1671160,162272,4993904,,,,,,,1.500,1.170,0.700,1,1,,,,10,6,0,17,0
20-04 11:44:47,18.953,20.200,59.352,0.249,0,1008624,1658816,162364,4994208,22459.118,8343.241,0,1687.801,0,122.695,5127,3311,1.500,1.170,0.700,1,0,240.402,0,0,10,6,0,15,0
20-04 11:44:48,25.767,20.263,51.784,0.250,0,1043084,1624048,162444,4994380,18098.859,8145.337,0,932.611,0,27.018,4902,2867,1.500,1.170,0.700,3,0,208.136,0,0,10,5,0,15,1
20-04 11:44:49,25.646,20.666,51.790,0.747,0.249,1039716,1626880,162596,4994604,46826.513,11488.511,0,1505.906,0,50.794,4998,2855,1.500,1.170,0.700,2,0,190.230,0,0,10,4,0,15,2
20-04 11:44:50,34.340,19.050,45.619,0.251,0,1054388,1611736,162700,4995320,21911.240,9707.359,0,1078.818,0,34.089,5405,4614,1.540,1.190,0.710,2,0,159.416,0,0,10,4,0,15,2
20-04 11:44:51,30.802,19.032,48.331,0.751,0,1056488,1592664,162812,5011088,180217.048,9033.190,0,1314.210,0,34.057,4661,2684,1.540,1.190,0.710,2,0,153.258,0,0,10,4,0,11,2
20-04 11:44:52,43.741,17.496,36.992,0.750,0,1042804,1591872,163680,5022960,13457.206,1619.664,0,1463.696,0,60.987,5918,5858,1.540,1.190,0.710,2,0,149.969,0,0,10,4,0,11,2
20-04 11:44:53,39.959,15.734,42.706,0.749,0,1063796,1552456,164140,5038352,8738.058,1660.301,183.812,1410.556,6.993,29.969,5218,4711,1.540,1.190,0.710,4,0,131.865,0,0,10,4,0,11,2
20-04 11:44:54,38.524,15.259,42.776,2.001,0,1063608,1527728,164508,5060516,8740.392,1458.900,828.511,10670.583,31.019,117.072,5525,5456,1.540,1.190,0.710,2,0,83.051,0,0,10,4,0,11,2
20-04 11:44:55,35.981,13.493,49.224,1.249,0,1063488,1497972,165304,5089828,10307.643,1619.159,0,5920.923,0,169.912,3729,9838,1.500,1.180,0.710,5,0,47.975,0,0,10,4,0,11,2
20-04 11:44:56,25.012,2.751,70.784,0.750,0,1045264,1502500,166128,5097464,11313.363,1951.925,0,2313.097,0,96.046,2325,6795,1.500,1.180,0.710,1,0,0,0,0,10,5,0,12,2
20-04 11:44:57,19.738,2.249,77.952,0.250,0,1029216,1536052,166128,5080380,18340.768,3917.601,0,155.905,0,8.994,1518,789,1.500,1.180,0.710,2,0,1.999,0,0,10,2,0,12,0
20-04 11:44:58,21.264,3.753,74.050,0,0,1037332,1527896,166156,5080388,10047.762,2535.706,0,1028.692,0,91.061,1941,978,1.500,1.180,0.710,0,0,33.022,0,0,10,3,0,12,0
20-04 11:44:59,19.002,2.750,77.007,0,0,1018668,1540008,166408,5086052,12879.104,2894.248,0,1636.140,0,15.001,1575,916,1.500,1.180,0.710,1,0,2.000,0,0,10,2,0,11,0
20-04 11:45:00,17.248,3.000,78.740,0.500,0,1027292,1530504,166428,5087148,17135.903,4626.434,0,31220.179,0,853.895,1948,1052,1.380,1.160,0.700,1,0,16.998,0,0,10,3,0,11,0
20-04 11:45:01,22.248,6.249,69.493,0.250,0,1019480,1532220,166960,5091500,14776.482,1631.832,0,1563.839,0,130.987,12440,21808,1.380,1.160,0.700,1,0,16.998,0,0,10,2,0,11,0
20-04 11:45:02,24.004,4.501,70.011,0,0,1016324,1535124,167024,5091652,14434.226,1620.250,0,84.013,0,1.000,12065,21622,1.380,1.160,0.700,1,0,7.001,0,0,10,2,0,11,0
20-04 11:45:03,19.460,5.988,73.349,0,0,967316,1596600,167068,5080472,10192.064,1616.679,0,1073.794,0,12.973,1921,1084,1.380,1.160,0.700,1,0,14.969,0,0,10,2,0,10,0
20-04 11:45:04,15.029,2.254,83.158,0,0,961596,1602412,167068,5080396,16739.775,131750.084,0,4.008,0,1.002,1476,804,1.380,1.160,0.700,0,0,4.008,0,0,10,2,0,10,0
20-04 11:45:05,0.250,1.250,97.484,0,0,953664,1610344,167068,5080396,10529.258,1619.732,0,9642.405,0,43.993,741,723,1.270,1.140,0.700,0,0,0,0,0,10,2,0,10,0
20-04 11:45:06,0.500,0.500,98.512,0,0,946804,1617204,167068,5080396,11201.367,1620.198,0,0,0,0,553,576,1.270,1.140,0.700,0,0,0,0,0,10,2,0,10,0
20-04 11:45:07,0.250,0.250,98.738,0.250,0,938208,1625796,167068,5080400,8387.980,1619.803,0,2259.725,0,13.998,462,561,1.270,1.140,0.700,0,0,0,0,0,10,2,0,9,0
20-04 11:45:08,0.500,0.250,98.748,0,0,930688,1633316,167068,5080400,11135.750,1457.967,0,0,0,0,506,557,1.270,1.140,0.700,0,0,0,0,0,10,2,0,9,0
20-04 11:45:09,0.500,0.250,99.007,0.250,0,924364,1639656,167068,5080400,10585.748,1620.114,0,1180.083,0,5.000,490,549,1.270,1.140,0.700,0,0,0,0,0,10,2,0,9,0
20-04 11:45:10,0.250,1.750,95.771,1.000,0,919236,1644784,167068,5080400,11750.632,1458.327,0,25925.807,0,130.029,874,857,1.160,1.130,0.700,0,0,0,0,0,10,2,0,9,0
20-04 11:45:11,0.500,0,98.972,0,0,912788,1651232,167068,5080400,10405.079,1619.545,0,3.999,0,1.000,511,553,1.160,1.130,0.700,0,0,0,0,0,10,2,0,9,0
20-04 11:45:12,0.250,0.250,98.505,0,0,908476,1655544,167068,5080400,48668.645,1458.079,0,0,0,0,630,611,1.160,1.130,0.700,0,0,1.000,0,0,10,2,0,9,0
20-04 11:45:13,0.250,0.500,99.017,0,0,907024,1656996,167068,5080400,10434.802,1620.280,0,0,0,0,486,544,1.160,1.130,0.700,0,0,0,0,0,10,2,0,9,0
20-04 11:45:14,0.250,0,98.517,0.250,0,907040,1656980,167068,5080400,45164.845,864.150,0,744.129,0,26.005,518,561,1.160,1.130,0.700,0,0,0,0,0,10,2,0,9,0
20-04 11:45:15,0.750,0.750,98.977,0,0,907080,1656940,167068,5080400,6593.497,1241.717,0,4311.017,0,26.994,491,594,1.070,1.110,0.690,0,0,0,0,0,10,2,0,9,0
20-04 11:45:16,0.250,0.250,98.265,0,0,906828,1657192,167068,5080400,15651.378,1620.246,0,0,0,0,556,548,1.070,1.110,0.690,0,0,0,0,0,10,2,0,9,0
20-04 11:45:17,0.500,0,99.002,0,0,906024,1657992,167068,5080404,12427.259,1620.034,0,8.000,0,1.000,471,537,1.070,1.110,0.690,0,0,0,0,0,10,2,0,9,0
20-04 11:45:18,0.500,0,99.006,0,0,903592,1660424,167068,5080404,10851.617,1620.092,0,0,0,0,510,548,1.070,1.110,0.690,1,0,0,0,0,10,2,0,9,0
20-04 11:45:19,0.250,0.250,98.704,0,0,899528,1664488,167068,5080404,10136.309,1565.276,0,163.924,0,1.999,472,535,1.070,1.110,0.690,0,0,0,0,0,10,2,0,9,0
20-04 11:45:20,0.250,0,98.767,0,0,895784,1668232,167068,5080404,10926.832,1620.272,0,0,0,0,498,555,0.990,1.090,0.690,0,0,0,0,0,10,2,0,9,0
20-04 11:45:21,0.500,0.750,98.732,0,0,894332,1669684,167068,5080404,10270.079,1511.717,0,3.999,0,1.000,487,527,0.990,1.090,0.690,2,0,0,0,0,10,2,0,9,0
20-04 11:45:22,0.500,0,98.518,0,0,892220,1671796,167068,5080404,7916.443,1620.295,0,148.027,0,32.006,543,612,0.990,1.090,0.690,0,0,1.000,0,0,10,2,0,9,0
20-04 11:45:23,0.250,0.500,98.757,0,0,891992,1672024,167068,5080404,9678.667,1566.108,0,4.000,0,1.000,536,539,0.990,1.090,0.690,0,0,0,0,0,10,2,0,9,0
20-04 11:45:24,0.500,0,98.756,0,0,891832,1672056,167068,5080532,10267.579,1512.085,0,140.008,0,20.001,533,564,0.990,1.090,0.690,0,0,0,0,0,10,2,0,9,0
20-04 11:45:25,0.500,3.999,94.718,0,0.250,891832,1672056,167068,5080532,5894.005,1619.452,0,73503.117,0,298.899,1362,1263,0.910,1.070,0.680,2,0,0,0,0,10,2,0,9,0
20-04 11:45:26,0.500,0.250,98.703,0,0,891800,1672088,167068,5080532,12654.927,1457.301,0,0,0,0,565,552,0.910,1.070,0.680,0,0,0,0,0,10,2,0,9,0
20-04 11:45:27,0.500,0.250,99.056,0,0,891768,1672120,167068,5080532,10236.805,1566.888,0,4.002,0,1.001,494,533,0.910,1.070,0.680,1,0,0,0,0,10,2,0,9,0
20-04 11:45:28,0.250,0,98.487,0,0,891768,1672120,167068,5080532,11393.490,1133.850,0,0,0,0,551,572,0.910,1.070,0.680,0,0,0,0,0,10,2,0,9,0
20-04 11:45:29,0.500,0.500,98.764,0.250,0,892012,1671868,167076,5080532,13463.954,1554.226,0,1188.172,0,4.001,539,551,0.910,1.070,0.680,0,0,0,0,0,10,2,0,9,0
20-04 11:45:30,0,0.500,98.999,0,0,892012,1671868,167076,5080532,6844.935,1133.989,0,91.999,0,16.000,481,550,0.830,1.050,0.680,0,0,0,0,0,10,2,0,9,0
20-04 11:45:31,0.500,1.000,93.253,4.250,0,891980,1671900,167076,5080532,14866.515,1512.052,0,14124.490,0,141.005,836,740,0.830,1.050,0.680,0,0,0,0,0,10,2,0,9,0
20-04 11:45:32,0.250,0.250,98.749,0,0,891980,1671900,167076,5080532,13546.825,1607.979,0,0,0,0,616,611,0.830,1.050,0.680,0,0,1.000,0,0,10,2,0,8,0
20-04 11:45:33,0.250,0.500,98.758,0,0,891980,1671900,167076,5080532,5908.467,1566.124,0,4.000,0,1.000,467,539,0.830,1.050,0.680,1,0,0,0,0,10,2,0,8,0
20-04 11:45:34,0.250,0.250,98.728,0,0,891964,1671900,167084,5080540,11719.380,1079.759,0,327.927,0,2.000,501,533,0.830,1.050,0.680,0,0,0,0,0,10,2,0,8,0
20-04 11:45:35,9.732,2.495,86.842,0,0,904308,1659556,167084,5080540,285825.329,7248.846,0,91.833,0,14.973,1626,1066,0.850,1.050,0.680,1,0,6.987,0,0,10,2,0,8,0
20-04 11:45:36,14.034,3.508,80.693,0.501,0,905000,1658752,167088,5080648,157183.750,10168.372,108.259,88.211,5.012,2.005,2274,1288,0.850,1.050,0.680,1,0,29.070,0,0,10,2,0,4,0
20-04 11:45:37,15.992,5.247,77.963,0,0,908564,1655072,167088,5080764,299322.510,8819.772,0,3.998,0,1.000,2396,1387,0.850,1.050,0.680,2,0,20.990,0,0,10,2,0,4,0
