"pcp-dstat 6.2.0 CSV Output"
"Author:","PCP team <pcp@groups.io> and Dag Wieers <dag@wieers.com>",,,,"URL:","https://pcp.io/ and http://dag.wieers.com/home-made/dstat/"
"Host:","np0000094276",,,,"User:","ubuntu"
"Cmdline:","dstat -tcmndrylpg --tcp --output /tmp/devstack_logs/dstat-csv.log",,,,"Date:","08 Jun 2026 15:45:56 UTC"
"system","total usage",,,,,"memory usage",,,,"net/total",,"dsk/total",,"io/total",,"system",,"load avg",,,"procs",,,"paging",,"tcp sockets",,,,
"time","total usage:usr","total usage:sys","total usage:idl","total usage:wai","total usage:stl","used","free","buf","cach","net/total:recv","net/total:send","dsk/total:read","dsk/total:writ","read","writ","int","csw","1m","5m","15m","run","blk","new","in","out","lis","act","syn","tim","clo"
08-06 15:45:56,,1002688,1434584,165904,5210780,,,,,,,1.400,1.140,0.720,3,0,,,,10,4,0,15,0
08-06 15:45:57,34.757,21.004,43.009,0.250,0,1013724,1423496,165912,5210808,231372.020,5609.188,0,1308.277,0,106.022,6349,5035,1.450,1.160,0.730,2,0,284.060,0,0,10,4,0,15,0
08-06 15:45:58,39.195,21.720,37.947,0,0,1026920,1409700,165936,5211344,23724.814,4481.731,0,203.715,0,9.986,5325,3234,1.450,1.160,0.730,2,0,280.607,0,0,10,6,0,15,0
08-06 15:45:59,28.469,20.478,49.197,0.250,0,993236,1443428,165996,5211188,24807.144,9649.553,0,1014.901,0,29.968,4835,2762,1.450,1.160,0.730,2,0,197.786,0,0,10,5,0,15,0
08-06 15:46:00,25.502,16.251,56.504,0.250,0,997072,1439396,166084,5211596,38714.986,7775.600,0,840.065,0,29.002,4496,3558,1.450,1.160,0.730,2,0,141.011,0,0,10,6,0,11,0
08-06 15:46:01,25.489,20.491,52.478,0.500,0,999944,1435904,166204,5211640,25454.295,11757.055,0,1327.442,0,40.983,4767,2901,1.450,1.160,0.730,1,0,165.930,0,0,10,6,0,11,0
08-06 15:46:02,37.994,16.747,43.743,0,0,1017252,1418332,166288,5212132,21068.572,8072.686,0,815.867,0,25.996,5162,5317,1.410,1.150,0.730,1,0,124.980,0,0,10,5,0,11,1
08-06 15:46:03,30.715,15.232,50.692,1.998,0,1021220,1413572,166448,5212268,47197.704,11574.684,263.697,1562.203,10.987,46.946,5251,4986,1.410,1.150,0.730,5,0,133.846,0,0,10,4,0,11,2
08-06 15:46:04,34.792,14.768,47.307,1.752,0,1024364,1408860,166552,5213484,25443.870,9434.446,748.909,3348.062,27.033,31.038,5001,4556,1.410,1.150,0.730,2,0,83.101,0,0,10,4,0,11,2
08-06 15:46:05,25.250,9.250,64.250,0.500,0,1011756,1403812,166672,5230252,180875.955,9137.947,0,7959.954,0,35.000,2456,1091,1.410,1.150,0.730,2,0,13.000,0,0,10,4,0,11,2
08-06 15:46:06,21.733,2.998,73.693,0.749,0,1017724,1381536,167460,5243836,11664.025,1456.879,0,1474.865,0,65.949,1826,1243,1.410,1.150,0.730,1,0,0.999,0,0,10,4,0,11,2
08-06 15:46:07,21.771,2.502,73.570,0.250,0,1021112,1359820,168016,5259336,10496.961,1621.539,0,1297.231,0,32.030,1835,1195,1.460,1.170,0.740,1,0,0,0,0,10,4,0,11,2
08-06 15:46:08,23.251,2.750,73.504,0.500,0,1033068,1329632,168328,5275820,8508.427,1690.085,0,856.043,0,26.001,1843,1208,1.460,1.170,0.740,1,0,0,0,0,10,4,0,11,2
08-06 15:46:09,20.999,3.000,73.496,1.500,0,1022336,1323240,169296,5289680,12179.320,1619.910,0,2907.838,0,121.993,2103,1650,1.460,1.170,0.740,1,0,0,0,0,10,4,0,11,2
08-06 15:46:10,21.246,3.249,73.736,0.750,0,1022508,1293596,170344,5315276,10277.063,1619.695,0,2155.594,0,72.986,1967,1415,1.460,1.170,0.740,1,0,0,0,0,10,4,0,11,2
08-06 15:46:11,22.004,3.001,73.513,0.750,0,1010252,1313428,170980,5305788,13906.393,2100.361,0,1624.279,0,55.009,1953,1286,1.460,1.170,0.740,1,0,1.000,0,0,10,2,0,11,0
08-06 15:46:12,22.006,3.001,73.768,0,0,1017888,1305752,171000,5305808,12172.043,1620.405,0,4.001,0,1.000,1912,955,1.420,1.170,0.740,1,0,18.005,0,0,10,2,0,11,0
08-06 15:46:13,16.741,3.498,79.207,0,0,1013188,1304912,171176,5310988,14925.941,4396.626,0,16862.896,0,166.910,1787,1031,1.420,1.170,0.740,1,0,16.991,0,0,10,3,0,11,0
08-06 15:46:14,22.551,4.260,71.913,0.251,0,1004676,1311340,171400,5312204,14706.353,1798.078,0,1034.346,0,12.027,6877,11179,1.420,1.170,0.740,1,0,7.016,0,0,10,2,0,11,0
08-06 15:46:15,22.458,5.989,69.869,0,0,973724,1341132,171480,5313108,15584.699,131382.988,0,95.820,0,1.996,7291,11921,1.420,1.170,0.740,1,0,9.981,0,0,10,2,0,11,0
08-06 15:46:16,21.219,6.241,69.649,0,0,984452,1330268,171524,5313200,13007.046,1617.643,0,918.661,0,116.830,12012,21493,1.420,1.170,0.740,1,0,18.972,0,0,10,2,0,10,0
08-06 15:46:17,21.301,4.511,73.927,0,0,948196,1374592,171548,5305812,18781.883,1623.881,0,1744.168,0,13.031,1951,977,1.390,1.160,0.740,1,0,5.012,0,0,10,2,0,10,0
08-06 15:46:18,10.734,5.991,81.880,0,0,943196,1379580,171552,5305816,8998.862,1617.638,0,10045.335,0,43.936,2294,9101,1.390,1.160,0.740,1,0,35.948,0,0,10,2,0,11,0
08-06 15:46:19,0.500,0.250,98.768,0,0,936988,1385788,171552,5305816,12482.313,1458.270,0,8.001,0,2.000,548,543,1.390,1.160,0.740,0,0,0,0,0,10,2,0,11,0
08-06 15:46:20,0.500,0.250,99.008,0,0,925536,1397240,171552,5305816,10057.793,1620.128,0,0,0,0,539,571,1.390,1.160,0.740,0,0,0,0,0,10,2,0,9,0
08-06 15:46:21,0.250,0,98.502,0,0,918304,1404472,171552,5305816,11310.191,1620.027,0,4.000,0,1.000,535,548,1.390,1.160,0.740,0,0,0,0,0,10,2,0,9,0
08-06 15:46:22,0.500,1.000,99.001,0.250,0,911744,1411044,171560,5305816,13220.135,1620.017,0,892.009,0,2.000,592,574,1.280,1.140,0.740,0,0,0,0,0,10,2,0,9,0
08-06 15:46:23,0.500,1.000,92.245,5.500,0,907164,1415624,171560,5305816,9514.515,1619.917,0,30006.470,0,691.965,858,714,1.280,1.140,0.740,0,0,0,0,0,10,2,0,9,0
08-06 15:46:24,0.250,0.750,98.003,0,0,902972,1419816,171560,5305816,11377.335,1458.043,0,0,0,0,545,553,1.280,1.140,0.740,0,0,0,0,0,10,2,0,9,0
08-06 15:46:25,0.750,0,98.996,0,0,899584,1423204,171560,5305816,11096.515,1619.929,0,4.000,0,1.000,621,615,1.280,1.140,0.740,0,0,1.000,0,0,10,2,0,9,0
08-06 15:46:26,0.250,0.250,98.749,0,0,897828,1424960,171560,5305816,12341.854,1619.981,0,0,0,0,523,548,1.280,1.140,0.740,0,0,0,0,0,10,2,0,9,0
08-06 15:46:27,0.500,0.250,98.757,0,0,895272,1427516,171560,5305816,10215.717,1620.114,0,4.000,0,1.000,525,536,1.170,1.120,0.730,0,0,0,0,0,10,2,0,9,0
08-06 15:46:28,0.500,0.500,98.492,0,0,892812,1429976,171560,5305816,8232.310,1619.864,0,223.981,0,2.000,534,580,1.170,1.120,0.730,0,0,0,0,0,10,2,0,9,0
08-06 15:46:29,0.250,1.250,97.513,0,0,891256,1431528,171560,5305820,8634.167,1620.219,0,21370.889,0,154.021,823,833,1.170,1.120,0.730,0,0,0,0,0,10,2,0,9,0
08-06 15:46:30,0.500,0,98.991,0,0,891256,1431528,171560,5305820,12202.900,1457.869,0,0,0,0,589,577,1.170,1.120,0.730,0,0,0,0,0,10,2,0,9,0
08-06 15:46:31,0.250,0.250,98.748,0,0,891256,1431528,171560,5305820,12580.804,1619.975,0,4.000,0,1.000,555,543,1.170,1.120,0.730,0,0,0,0,0,10,2,0,9,0
08-06 15:46:32,0.500,0.500,98.740,0,0,891256,1431528,171560,5305820,13099.634,1619.831,0,0,0,0,584,559,1.080,1.100,0.730,0,0,0,0,0,10,2,0,9,0
08-06 15:46:33,0.250,0.250,98.291,0,0,889676,1433108,171560,5305820,11841.927,1458.607,0,580.241,0,3.001,523,558,1.080,1.100,0.730,0,0,0,0,0,10,2,0,9,0
08-06 15:46:34,0.250,0,98.986,0,0,887636,1435148,171560,5305820,12084.244,1619.765,0,3.999,0,1.000,535,551,1.080,1.100,0.730,0,0,0,0,0,10,2,0,9,0
08-06 15:46:35,0.750,0.500,98.757,0,0,886580,1436204,171560,5305820,23595.584,1620.109,0,104.007,0,16.001,634,617,1.080,1.100,0.730,0,0,1.000,0,0,10,2,0,9,0
08-06 15:46:36,0.250,0.250,98.514,0,0,886580,1436204,171560,5305820,14948.112,1662.235,0,0,0,0,542,551,1.080,1.100,0.730,0,0,0,0,0,10,2,0,9,0
08-06 15:46:37,0.500,0.250,98.998,0,0,886596,1436204,171560,5305820,9348.828,1619.970,0,4.000,0,1.000,510,565,0.990,1.090,0.720,0,0,0,0,0,10,2,0,9,0
08-06 15:46:38,0.250,0.250,98.475,0,0,886568,1436232,171560,5305820,11972.934,1457.627,0,35.991,0,1.999,523,548,0.990,1.090,0.720,2,0,0,0,0,10,2,0,9,0
08-06 15:46:39,0.500,3.000,95.238,0.750,0,886792,1436008,171560,5305820,12185.467,1619.796,0,52617.380,0,234.970,1216,1091,0.990,1.090,0.720,0,0,0,0,0,10,2,0,9,0
08-06 15:46:40,0.500,0.250,98.755,0,0,886792,1436008,171560,5305820,14486.730,1620.082,0,0,0,0,572,562,0.990,1.090,0.720,0,0,0,0,0,10,2,0,9,0
08-06 15:46:41,0.750,0.500,98.763,0,0,886600,1436200,171560,5305820,10580.405,1620.215,0,0,0,0,544,566,0.990,1.090,0.720,0,0,0,0,0,10,2,0,9,0
08-06 15:46:42,0.250,0,98.986,0,0,886760,1436040,171560,5305820,14004.054,1619.775,0,0,0,0,525,540,0.910,1.070,0.720,0,0,0,0,0,10,2,0,9,0
08-06 15:46:43,0.250,0.250,98.499,0,0,886760,1436040,171560,5305820,12032.866,1619.982,0,4.000,0,1.000,493,528,0.910,1.070,0.720,0,0,0,0,0,10,2,0,9,0
08-06 15:46:44,0.749,1.748,97.402,0.250,0,879252,1443704,171560,5305824,7896.032,1618.367,0,17881.956,0,96.902,784,783,0.910,1.070,0.720,1,0,0,0,0,10,2,0,9,0
08-06 15:46:45,1.502,2.753,96.098,0,0,879000,1443956,171560,5305824,14844.072,972.988,0,22727.077,0,80.081,1003,854,0.910,1.070,0.720,0,0,7.007,0,0,10,2,0,5,0
08-06 15:46:46,10.250,1.750,86.498,0,0,881264,1441688,171560,5305828,288417.719,7195.843,0,0,0,0,1510,1062,0.910,1.070,0.720,2,0,7.000,0,0,10,2,0,5,0
08-06 15:46:47,14.254,3.751,80.775,0.500,0,874596,1448244,171564,5305936,152430.919,10213.144,108.033,0,5.002,0,2195,1311,0.920,1.070,0.720,1,0,30.009,0,0,10,2,0,5,0
08-06 15:46:48,16.252,5.501,77.011,0,0,896384,1426436,171564,5305956,299988.945,8693.187,0,4.001,0,1.000,2296,1416,0.920,1.070,0.720,2,0,21.003,0,0,10,2,0,5,0
