"pcp-dstat 6.2.0 CSV Output"
"Author:","PCP team <pcp@groups.io> and Dag Wieers <dag@wieers.com>",,,,"URL:","https://pcp.io/ and http://dag.wieers.com/home-made/dstat/"
"Host:","np0000093980",,,,"User:","ubuntu"
"Cmdline:","dstat -tcmndrylpg --tcp --output /tmp/devstack_logs/dstat-csv.log",,,,"Date:","16 Apr 2026 06:21:27 UTC"
"system","total usage",,,,,"memory usage",,,,"net/total",,"dsk/total",,"io/total",,"system",,"load avg",,,"procs",,,"paging",,"tcp sockets",,,,
"time","total usage:usr","total usage:sys","total usage:idl","total usage:wai","total usage:stl","used","free","buf","cach","net/total:recv","net/total:send","dsk/total:read","dsk/total:writ","read","writ","int","csw","1m","5m","15m","run","blk","new","in","out","lis","act","syn","tim","clo"
16-04 06:21:27,,989832,1677596,162660,4993144,,,,,,,1.380,0.890,0.570,2,0,,,,10,6,0,17,0
16-04 06:21:28,27.430,20.448,50.122,0.249,0,1019864,1647188,162748,4993336,17368.719,7880.908,0,857.813,0,23.939,5136,2992,1.380,0.890,0.570,3,0,221.435,0,0,10,6,0,17,0
16-04 06:21:29,22.270,21.019,54.299,0.500,0,1018220,1648308,162892,4993612,45971.741,11510.451,0,1229.116,0,36.033,4978,2832,1.380,0.890,0.570,1,1,204.185,0,0,10,5,0,17,1
16-04 06:21:30,28.704,21.216,48.672,0.499,0,1033920,1632256,162956,4993804,18484.293,7310.251,0,1002.389,0,31.949,4874,2721,1.510,0.930,0.580,3,0,187.698,0,0,10,4,0,17,2
16-04 06:21:31,25.304,20.794,52.862,0.501,0,1041792,1616644,163088,5001108,28745.052,11888.250,0,1455.090,0,42.089,4770,2678,1.510,0.930,0.580,1,0,174.370,0,0,10,4,0,11,2
16-04 06:21:32,37.924,18.213,41.916,0.499,0,1043808,1601216,163328,5013444,175229.637,2712.545,0,1736.508,0,96.805,5093,3987,1.510,0.930,0.580,2,0,134.729,0,0,10,4,0,11,2
16-04 06:21:33,38.315,18.532,41.821,0.751,0,1042304,1583740,164244,5029344,6207.572,1622.764,0,1855.159,0,54.092,4980,3794,1.510,0.930,0.580,2,0,153.261,0,0,10,4,0,11,2
16-04 06:21:34,42.992,14.497,40.742,0.250,0,1047864,1554156,164652,5050392,7765.567,1565.711,0,1031.810,0,30.994,5125,5676,1.510,0.930,0.580,4,0,92.983,0,0,10,4,0,11,2
16-04 06:21:35,38.429,18.217,39.178,2.246,0,1054516,1528748,165716,5065524,45478.421,1509.226,794.540,3561.455,22.958,133.754,6278,6781,1.550,0.950,0.590,4,0,162.701,0,0,10,4,0,11,2
16-04 06:21:36,33.630,14.556,50.696,1.255,0,1044612,1508556,166660,5091760,9790.859,1409.450,216.838,11942.177,15.058,79.307,3352,1924,1.550,0.950,0.590,1,0,34.132,0,0,10,4,0,11,2
16-04 06:21:37,18.460,1.497,78.082,0.499,0,1058872,1505364,167132,5079472,20914.096,4174.038,0,2071.552,0,166.642,1631,1080,1.550,0.950,0.590,1,0,0,0,0,10,2,0,11,0
16-04 06:21:38,21.740,4.248,73.465,0,0,1035964,1528336,167152,5079420,9960.235,1511.277,0,123.941,0,3.998,1821,980,1.550,0.950,0.590,1,0,18.991,0,0,10,2,0,11,0
16-04 06:21:39,18.258,2.501,78.535,0.250,0,1021464,1537696,167264,5083972,17831.875,3971.754,0,1188.525,0,10.004,1605,804,1.550,0.950,0.590,1,0,16.007,0,0,10,2,0,11,0
16-04 06:21:40,20.752,3.250,75.006,0,0,1011964,1545848,167284,5085144,50238.206,2892.242,0,1268.106,0,81.007,1962,1044,1.510,0.950,0.590,0,0,19.002,0,0,10,3,0,11,0
16-04 06:21:41,19.998,3.750,75.241,0.250,0,1006184,1544968,167660,5090228,8834.983,3408.608,0,1207.861,0,23.997,6477,10963,1.510,0.950,0.590,2,0,5.999,0,0,10,2,0,11,0
16-04 06:21:42,21.503,5.001,71.761,0,0,1001276,1549220,167728,5090688,6963.046,1662.250,0,84.013,0,1.000,7405,12443,1.510,0.950,0.590,1,0,10.002,0,0,10,2,0,11,0
16-04 06:21:43,21.499,7.750,68.748,0,0,995720,1554524,167776,5090852,10839.614,1511.946,0,33154.821,0,698.975,11213,19376,1.510,0.950,0.590,1,0,18.999,0,0,10,2,0,11,0
16-04 06:21:44,19.501,3.750,75.503,0.250,0,974508,1589056,167784,5079424,16336.729,132043.888,0,1124.050,0,14.001,1954,1043,1.510,0.950,0.590,0,0,5.000,0,0,10,2,0,11,0
16-04 06:21:45,0.250,0.500,98.974,0,0,972008,1591556,167784,5079424,12516.710,1565.589,0,3.999,0,1.000,535,556,1.390,0.930,0.590,0,0,0,0,0,10,2,0,11,0
16-04 06:21:46,0.250,0,99.016,0,0,965980,1597584,167784,5079424,8449.358,1512.243,0,4.001,0,1.000,463,541,1.390,0.930,0.590,0,0,0,0,0,10,2,0,11,0
16-04 06:21:47,0.500,0.500,98.506,0,0,960560,1603004,167784,5079424,13347.763,1566.090,0,0,0,0,527,545,1.390,0.930,0.590,0,0,0,0,0,10,2,0,9,0
16-04 06:21:48,0.250,1.750,97.495,0,0,955812,1607744,167784,5079432,6807.684,1511.930,0,9759.547,0,41.998,678,719,1.390,0.930,0.590,1,0,0,0,0,10,2,0,9,0
16-04 06:21:49,0,0.250,98.866,0,0,943056,1620504,167788,5079432,8199.911,1617.812,0,946.720,0,1.997,479,547,1.390,0.930,0.590,1,0,0,0,0,10,2,0,9,0
16-04 06:21:50,0.751,0.250,98.638,0,0,937348,1626212,167788,5079432,13074.296,1460.043,0,0,0,0,551,547,1.280,0.910,0.590,0,0,0,0,0,10,2,0,9,0
16-04 06:21:51,0.250,0.500,98.979,0,0,934340,1629220,167788,5079432,8983.064,1619.651,0,7.998,0,2.000,499,548,1.280,0.910,0.590,0,0,0,0,0,10,2,0,9,0
16-04 06:21:52,0.750,0.250,97.782,0.250,0,929716,1633876,167788,5079416,9293.075,1566.518,0,252.083,0,13.004,815,1043,1.280,0.910,0.590,0,0,1.000,0,0,10,2,0,9,0
16-04 06:21:53,0,2.250,96.983,0,0,927644,1635948,167788,5079416,10239.228,1511.738,0,29854.832,0,148.974,916,874,1.280,0.910,0.590,0,0,0,0,0,10,2,0,9,0
16-04 06:21:54,0.500,0.250,98.507,0,0,923860,1639732,167788,5079416,8204.599,1620.118,0,0,0,0,472,542,1.280,0.910,0.590,0,0,0,0,0,10,2,0,9,0
16-04 06:21:55,0.250,0,99.003,0,0,919980,1643612,167788,5079416,12612.326,1620.042,0,0,0,0,536,541,1.170,0.900,0.580,0,0,0,0,0,10,2,0,9,0
16-04 06:21:56,0.500,0.500,98.488,0,0,915760,1647832,167788,5079416,7910.061,1619.808,0,131.984,0,26.997,468,551,1.170,0.900,0.580,0,0,0,0,0,10,2,0,9,0
16-04 06:21:57,10.750,5.500,82.748,0,0,891420,1672168,167792,5079416,8246.816,1619.964,0,671.985,0,6.000,2095,5772,1.170,0.900,0.580,0,0,41.999,0,0,10,2,0,10,0
16-04 06:21:58,0.250,0.500,98.481,0,0,887716,1675872,167792,5079416,10621.946,1565.697,0,219.957,0,1.000,518,549,1.170,0.900,0.580,0,0,0,0,0,10,2,0,10,0
16-04 06:21:59,0.500,0.250,99.023,0,0,885268,1678320,167792,5079416,9866.325,1620.382,0,0,0,0,499,535,1.170,0.900,0.580,0,0,0,0,0,10,2,0,10,0
16-04 06:22:00,0.500,0,99.013,0,0,882724,1680864,167792,5079416,7935.033,1512.197,0,0,0,0,486,557,1.080,0.880,0.580,0,0,0,0,0,10,2,0,9,0
16-04 06:22:01,0.250,0.250,98.498,0,0,880672,1682916,167792,5079416,10740.784,1619.967,0,0,0,0,502,537,1.080,0.880,0.580,0,0,0,0,0,10,2,0,9,0
16-04 06:22:02,0.250,0.500,98.737,0,0,879512,1684076,167792,5079416,12514.343,1619.786,0,91.988,0,15.998,628,640,1.080,0.880,0.580,0,0,1.000,0,0,10,2,0,9,0
16-04 06:22:03,0.250,1.250,97.478,0,0,879972,1683616,167792,5079416,10365.614,1619.627,0,13488.895,0,57.987,718,721,1.080,0.880,0.580,0,0,0,0,0,10,2,0,9,0
16-04 06:22:04,0.500,0.250,98.760,0,0,879652,1683936,167792,5079416,10479.059,1458.147,0,0,0,0,485,550,1.080,0.880,0.580,0,0,0,0,0,10,2,0,9,0
16-04 06:22:05,0.500,0.250,98.772,0,0,879520,1683936,167792,5079548,45835.288,1620.364,0,0,0,0,551,549,0.990,0.870,0.580,0,0,0,0,0,10,2,0,9,0
16-04 06:22:06,0.250,0.250,98.993,0,0,879520,1683936,167792,5079548,10511.294,1565.895,0,0,0,0,474,532,0.990,0.870,0.580,0,0,0,0,0,10,2,0,9,0
16-04 06:22:07,0.250,0.500,98.731,0,0,879520,1683936,167792,5079548,12276.674,1511.714,0,91.983,0,15.997,537,566,0.990,0.870,0.580,0,0,0,0,0,10,2,0,9,0
16-04 06:22:08,0,2.250,96.237,0.250,0,880020,1683432,167796,5079548,10678.611,1619.789,0,36883.204,0,178.977,970,949,0.990,0.870,0.580,0,0,0,0,0,10,2,0,9,0
16-04 06:22:09,0.250,1.750,97.244,0,0,871956,1691496,167796,5079548,13689.106,1619.894,0,34525.746,0,122.992,860,800,0.990,0.870,0.580,0,0,0,0,0,10,2,0,9,0
16-04 06:22:10,0.750,0.500,98.508,0,0,871008,1692444,167796,5079548,49031.048,1500.124,0,0,0,0,649,545,0.910,0.850,0.570,0,0,0,0,0,10,2,0,9,0
16-04 06:22:11,0.250,0,98.747,0,0,870756,1692696,167796,5079548,8620.766,1619.956,0,0,0,0,489,539,0.910,0.850,0.570,0,0,0,0,0,10,2,0,9,0
16-04 06:22:12,0.500,0.250,98.744,0,0,869164,1694288,167796,5079548,8526.441,1565.897,0,0,0,0,552,617,0.910,0.850,0.570,0,0,1.000,0,0,10,2,0,8,0
16-04 06:22:13,0.500,0.250,98.492,0,0,867724,1695736,167796,5079548,6817.423,1511.872,0,1147.903,0,18.998,503,573,0.910,0.850,0.570,0,0,0,0,0,10,2,0,8,0
16-04 06:22:14,0.250,0.500,98.749,0,0,867472,1695988,167796,5079548,12824.811,1619.976,0,3223.953,0,52.999,575,554,0.910,0.850,0.570,0,0,0,0,0,10,2,0,8,0
16-04 06:22:15,7.501,1.250,90.518,0,0,876292,1687168,167796,5079548,139719.211,3554.692,0,8.002,0,2.000,1101,813,0.840,0.840,0.570,1,0,3.001,0,0,10,2,0,8,0
16-04 06:22:16,15.256,4.252,80.030,0.250,0,890040,1673320,167796,5079648,293406.425,9775.712,16.006,0,1.000,0,2328,1372,0.840,0.840,0.570,1,0,24.009,0,0,10,2,0,4,0
16-04 06:22:17,13.255,4.002,81.031,0.500,0,899676,1663668,167800,5079660,305362.266,12770.946,92.036,4.002,4.002,1.000,2365,1449,0.840,0.840,0.570,1,0,20.008,0,0,10,2,0,4,0
