"pcp-dstat 6.2.0 CSV Output"
"Author:","PCP team <pcp@groups.io> and Dag Wieers <dag@wieers.com>",,,,"URL:","https://pcp.io/ and http://dag.wieers.com/home-made/dstat/"
"Host:","np0000094344",,,,"User:","ubuntu"
"Cmdline:","dstat -tcmndrylpg --tcp --output /tmp/devstack_logs/dstat-csv.log",,,,"Date:","15 Jun 2026 05:01:19 UTC"
"system","total usage",,,,,"memory usage",,,,"net/total",,"dsk/total",,"io/total",,"system",,"load avg",,,"procs",,,"paging",,"tcp sockets",,,,
"time","total usage:usr","total usage:sys","total usage:idl","total usage:wai","total usage:stl","used","free","buf","cach","net/total:recv","net/total:send","dsk/total:read","dsk/total:writ","read","writ","int","csw","1m","5m","15m","run","blk","new","in","out","lis","act","syn","tim","clo"
15-06 05:01:19,,1006040,1666604,163252,4986024,,,,,,,1.280,1.040,0.680,2,0,,,,10,2,0,17,0
15-06 05:01:20,15.458,21.442,60.835,0,0,1017124,1653844,163268,4987564,235075.954,6552.271,0,466.737,0,3.989,5050,3192,1.280,1.040,0.680,3,0,264.285,0,0,10,2,0,17,0
15-06 05:01:21,33.013,21.508,44.517,0,0,1039232,1631708,163268,4987588,11814.538,1404.540,0,40.015,0,6.002,5052,2682,1.280,1.040,0.680,3,0,205.079,0,0,10,2,0,13,0
15-06 05:01:22,27.710,21.219,49.928,0,0,1036668,1633976,163276,4987872,14940.423,2522.357,0,19.971,0,4.993,4896,2678,1.280,1.040,0.680,1,0,200.710,0,0,10,3,0,13,0
15-06 05:01:23,23.522,15.014,59.306,0.250,0,1019448,1651292,163292,4987736,16571.668,2627.484,0,168.159,0,5.005,4309,4209,1.280,1.040,0.680,1,0,136.129,0,0,10,2,0,13,0
15-06 05:01:24,19.007,18.507,60.772,0,0,1023176,1647536,163292,4988184,21228.690,2730.989,0,16.006,0,4.001,4875,4436,1.260,1.040,0.680,1,0,156.057,0,0,10,3,0,13,0
15-06 05:01:25,27.726,13.738,57.200,0,0,1010928,1659768,163300,4987756,16132.818,3695.751,0,199.824,0,7.993,4880,5732,1.260,1.040,0.680,2,0,82.927,0,0,10,3,0,11,0
15-06 05:01:26,17.002,16.502,63.757,1.000,0,1023400,1646424,163320,4988568,13382.371,2901.297,796.082,344.035,23.002,7.001,5550,5779,1.260,1.040,0.680,2,0,164.017,0,0,10,4,0,11,0
15-06 05:01:27,25.516,18.511,54.284,0,0,997300,1672020,163320,4988832,17717.988,2746.703,216.134,0,15.009,0,4174,13880,1.260,1.040,0.680,1,0,72.045,0,0,10,3,0,12,1
15-06 05:01:28,13.773,1.753,83.892,0.250,0,984880,1684068,163356,4989116,22343.838,3789.417,0,8265.998,0,14.024,1362,724,1.260,1.040,0.680,0,0,6.010,0,0,10,4,0,12,1
15-06 05:01:29,13.986,1.499,82.918,0.250,0,992872,1675880,163428,4989212,22666.623,8688.423,0,771.239,0,23.976,1280,730,1.240,1.040,0.680,0,0,0,0,0,10,4,0,11,1
15-06 05:01:30,10.985,0.999,87.629,0.499,0,988264,1680216,163524,4989336,42843.989,8923.709,0,938.707,0,33.953,1215,805,1.240,1.040,0.680,1,0,0,0,0,10,5,0,11,1
15-06 05:01:31,14.278,0.751,82.915,0.501,0,984168,1683780,163636,4989672,22242.245,11133.146,0,1014.017,0,35.070,1242,774,1.240,1.040,0.680,0,0,0,0,0,10,5,0,11,1
15-06 05:01:32,18.228,0.999,80.154,0.250,0,1000252,1667444,163704,4989788,22218.420,7262.312,0,747.106,0,23.971,1391,724,1.240,1.040,0.680,1,0,0,0,0,10,5,0,11,1
15-06 05:01:33,12.249,0.750,85.492,0.750,0,997704,1669556,163836,4989992,45766.694,11538.914,0,1179.889,0,41.996,1258,847,1.240,1.040,0.680,1,0,0,0,0,10,4,0,11,2
15-06 05:01:34,19.250,0.750,79.249,0.250,0,1003704,1663164,163916,4990240,20484.783,8004.915,0,635.993,0,21.000,1469,760,1.140,1.020,0.680,0,0,1.000,0,0,10,4,0,11,2
15-06 05:01:35,12.479,2.246,83.609,0.749,0,995676,1663876,164040,4997420,145559.483,10819.750,0,29110.898,0,659.887,1655,994,1.140,1.020,0.680,0,1,0,0,0,10,4,0,11,2
15-06 05:01:36,21.544,2.255,75.654,0.501,0.251,998588,1645528,164180,5012076,57536.488,4286.753,0,897.833,0,25.051,1704,884,1.140,1.020,0.680,1,0,1.002,0,0,10,4,0,11,2
15-06 05:01:37,22.751,2.500,73.502,0.500,0,1007940,1620004,165108,5024828,11233.274,1500.037,0,1140.028,0,54.001,1909,1329,1.140,1.020,0.680,1,0,0,0,0,10,4,0,10,2
15-06 05:01:38,24.252,2.500,72.507,0.500,0,982864,1627060,165532,5040392,13757.247,131665.939,0,1696.154,0,37.003,2091,1296,1.140,1.020,0.680,1,0,0,0,0,10,4,0,10,2
15-06 05:01:39,22.002,2.000,74.008,1.250,0,983640,1598540,166540,5064368,10450.062,1620.165,0,2640.268,0,126.013,2113,1754,1.130,1.020,0.680,1,0,0,0,0,10,4,0,10,2
15-06 05:01:40,22.748,3.250,72.494,0.750,0,985104,1568492,167556,5089264,11976.977,1457.875,0,12838.903,0,123.989,2102,1568,1.130,1.020,0.680,1,0,0,0,0,10,4,0,10,2
15-06 05:01:41,22.488,2.249,73.712,0.999,0,1000736,1557056,168340,5082456,12533.480,2098.908,0,4065.885,0,79.958,1954,1336,1.130,1.020,0.680,1,0,0,0,0,10,2,0,9,0
15-06 05:01:42,23.007,3.001,73.524,0,0,999496,1558572,168360,5082308,12844.142,1458.470,0,32.010,0,4.001,1875,949,1.130,1.020,0.680,1,0,19.006,0,0,10,2,0,9,0
15-06 05:01:43,16.012,2.502,80.562,0.250,0,1008732,1542500,168504,5088376,21721.732,4564.516,0,1485.144,0,14.011,1519,809,1.130,1.020,0.680,1,1,17.013,0,0,10,3,0,9,0
15-06 05:01:44,23.021,4.004,72.066,0,0,1001056,1549584,168552,5088704,16073.786,1795.652,0,900.829,0,117.108,7990,13176,1.120,1.020,0.680,1,0,8.007,0,0,10,2,0,9,0
15-06 05:01:45,22.241,5.248,71.970,0,0,1002752,1546596,168608,5089740,11877.987,1457.385,0,3142.674,0,17.992,6642,10433,1.120,1.020,0.680,1,0,8.996,0,0,10,2,0,9,0
15-06 05:01:46,21.969,6.491,68.652,0,0,1013324,1535996,168644,5089732,10367.177,1617.687,0,87.874,0,0.999,10199,18543,1.120,1.020,0.680,1,0,15.977,0,0,10,2,0,9,0
15-06 05:01:47,20.993,4.499,73.476,0.250,0,962504,1594776,168672,5082420,9736.838,1619.474,0,1815.411,0,11.996,1787,972,1.120,1.020,0.680,2,0,3.999,0,0,10,2,0,9,0
15-06 05:01:48,6.251,1.250,92.271,0,0,926924,1630332,168672,5082444,13167.951,1620.363,0,8.002,0,2.000,945,642,1.120,1.020,0.680,0,0,4.001,0,0,10,2,0,9,0
15-06 05:01:49,0.500,0.250,99.259,0,0,920788,1636468,168672,5082444,10968.040,1620.154,0,0,0,0,517,547,1.030,1,0.680,0,0,0,0,0,10,2,0,9,0
15-06 05:01:50,0.500,1.750,96.240,0,0,915188,1641940,168676,5082572,14940.427,1457.847,0,32088.623,0,213.977,926,863,1.030,1,0.680,0,0,0,0,0,10,2,0,9,0
15-06 05:01:51,0.500,0.750,99.006,0,0,908728,1648400,168676,5082572,13284.739,1620.090,0,0,0,0,497,533,1.030,1,0.680,0,0,0,0,0,10,2,0,9,0
15-06 05:01:52,0,0.250,98.768,0.250,0,902824,1654316,168684,5082572,13688.486,1620.294,0,880.160,0,2.000,542,545,1.030,1,0.680,0,0,0,0,0,10,2,0,9,0
15-06 05:01:53,0.500,0.500,98.489,0,0,898120,1659016,168684,5082576,13282.516,1619.819,0,0,0,0,531,545,1.030,1,0.680,0,0,0,0,0,10,2,0,9,0
15-06 05:01:54,0.500,0,99.001,0,0,894044,1663092,168684,5082576,8903.103,1620.019,0,4.000,0,1.000,535,593,0.950,0.980,0.680,0,0,1.000,0,0,10,2,0,9,0
15-06 05:01:55,0.500,0.250,98.505,0,0,890852,1666284,168684,5082576,12278.616,1458.073,0,0,0,0,533,550,0.950,0.980,0.680,0,0,0,0,0,10,2,0,9,0
15-06 05:01:56,0.250,0.500,98.977,0,0,888444,1668692,168684,5082576,12862.058,1619.629,0,7.998,0,1.000,497,526,0.950,0.980,0.680,0,0,0,0,0,10,2,0,9,0
15-06 05:01:57,0.250,0.500,98.759,0,0,887272,1669864,168684,5082576,9188.806,1458.128,0,0,0,0,465,530,0.950,0.980,0.680,0,0,0,0,0,10,2,0,9,0
15-06 05:01:58,0.500,0.250,98.763,0,0,887224,1669908,168688,5082576,13217.710,1620.210,0,32.004,0,2.000,556,554,0.950,0.980,0.680,0,0,0,0,0,10,2,0,9,0
15-06 05:01:59,0.500,0.500,98.738,0,0,887224,1669908,168688,5082576,11251.666,1457.827,0,0,0,0,506,541,0.870,0.970,0.670,0,0,0,0,0,10,2,0,9,0
15-06 05:02:00,0,0,98.749,0,0,887224,1669908,168688,5082576,15285.904,1619.990,0,4.000,0,1.000,527,542,0.870,0.970,0.670,0,0,0,0,0,10,2,0,9,0
15-06 05:02:01,0.500,0.250,98.497,0,0,887224,1669908,168688,5082576,10429.632,1661.941,0,315.989,0,1.000,509,541,0.870,0.970,0.670,1,0,0,0,0,10,2,0,9,0
15-06 05:02:02,0.500,0.750,99.004,0,0,887224,1669908,168688,5082576,9155.378,1620.067,0,4.000,0,1.000,501,545,0.870,0.970,0.670,0,0,0,0,0,10,2,0,9,0
15-06 05:02:03,0.250,0,98.510,0,0,884960,1672172,168688,5082576,18695.845,1458.144,0,44.004,0,2.000,562,548,0.870,0.970,0.670,1,0,0,0,0,10,2,0,9,0
15-06 05:02:04,0.250,0.250,98.502,0,0,882636,1674496,168688,5082576,16957.312,1620.030,0,0,0,0,606,590,0.800,0.950,0.670,0,0,1.000,0,0,10,2,0,9,0
15-06 05:02:05,1.000,0.750,98.983,0,0,880600,1676532,168688,5082576,15048.362,1619.716,0,0,0,0,552,547,0.800,0.950,0.670,1,0,0,0,0,10,2,0,9,0
15-06 05:02:06,0.250,0,98.517,0,0,880852,1676280,168688,5082576,15013.615,1620.282,0,6301.098,0,111.019,641,601,0.800,0.950,0.670,0,0,0,0,0,10,2,0,9,0
15-06 05:02:07,0,0.250,98.748,0,0,879820,1677308,168688,5082580,14406.759,1457.976,0,0,0,0,509,527,0.800,0.950,0.670,0,0,0,0,0,10,2,0,9,0
15-06 05:02:08,2.250,1.250,96.497,0,0,880320,1676808,168688,5082580,144036.974,3511.877,0,4.000,0,1.000,762,754,0.800,0.950,0.670,1,0,3.000,0,0,10,2,0,9,0
15-06 05:02:09,15.503,3.501,80.263,0,0,876652,1680628,168688,5082584,291805.390,10169.686,0,28.005,0,3.000,2154,1327,0.740,0.930,0.660,1,0,22.004,0,0,10,2,0,9,0
15-06 05:02:10,13.503,3.251,78.016,4.501,0,898312,1658856,168692,5082692,154938.319,7537.524,108.022,0,5.001,0,1842,1165,0.740,0.930,0.660,1,0,14.003,0,0,10,2,0,4,0
15-06 05:02:11,13.746,12.246,72.728,0,0,905424,1651572,168692,5082856,160194.108,5642.278,0,89560.666,0,435.867,3403,2228,0.740,0.930,0.660,1,0,30.991,0,0,10,2,0,4,0
