"pcp-dstat 6.2.0 CSV Output"
"Author:","PCP team <pcp@groups.io> and Dag Wieers <dag@wieers.com>",,,,"URL:","https://pcp.io/ and http://dag.wieers.com/home-made/dstat/"
"Host:","np0000094260",,,,"User:","ubuntu"
"Cmdline:","dstat -tcmndrylpg --tcp --output /tmp/devstack_logs/dstat-csv.log",,,,"Date:","06 Jun 2026 02:58:31 UTC"
"system","total usage",,,,,"memory usage",,,,"net/total",,"dsk/total",,"io/total",,"system",,"load avg",,,"procs",,,"paging",,"tcp sockets",,,,
"time","total usage:usr","total usage:sys","total usage:idl","total usage:wai","total usage:stl","used","free","buf","cach","net/total:recv","net/total:send","dsk/total:read","dsk/total:writ","read","writ","int","csw","1m","5m","15m","run","blk","new","in","out","lis","act","syn","tim","clo"
06-06 02:58:31,,1038032,1605436,164048,5015004,,,,,,,1.550,1.040,0.630,2,0,,,,10,4,0,15,0
06-06 02:58:32,30.369,20.910,47.296,0,0,1053212,1588572,164072,5016540,232368.531,7710.669,0,1314.319,0,96.582,5473,3428,1.550,1.040,0.630,2,0,276.803,0,0,10,4,0,15,0
06-06 02:58:33,34.230,21.238,43.225,0.500,0,1067964,1573476,164084,5016828,24168.845,4124.584,0,191.888,0,9.994,5216,2968,1.580,1.060,0.640,2,0,238.860,0,0,10,5,0,15,0
06-06 02:58:34,30.011,21.008,47.518,0.250,0,1036156,1605056,164184,5016908,27245.094,11098.112,0,1244.461,0,37.014,5034,2844,1.580,1.060,0.640,3,0,206.076,0,0,10,5,0,11,0
06-06 02:58:35,29.833,17.048,51.394,0,0,1045688,1594964,164344,5017208,45129.104,13038.433,0,1307.654,0,43.120,5143,4728,1.580,1.060,0.640,2,0,142.398,0,0,10,6,0,11,0
06-06 02:58:36,30.755,21.253,46.007,0.500,0,1052924,1587308,164440,5017808,28320.606,8559.392,0,1272.207,0,38.006,5194,3666,1.580,1.060,0.640,13,0,198.032,0,0,10,6,0,11,0
06-06 02:58:37,36.262,12.254,50.517,0.500,0,1041892,1597776,164604,5017720,42341.285,13213.458,0,1536.518,0,48.016,4321,4247,1.580,1.060,0.640,2,0,78.026,0,0,10,5,0,11,1
06-06 02:58:38,35.003,15.751,46.754,1.250,0,1051944,1586536,164712,5018644,17183.620,8785.828,764.072,1208.114,22.002,29.003,5388,5313,1.700,1.090,0.650,2,0,160.015,0,0,10,4,0,11,2
06-06 02:58:39,28.724,16.735,52.202,0.749,0,1040364,1580452,164828,5035296,186468.658,14743.532,247.774,10070.800,15.985,40.963,4207,3085,1.700,1.090,0.650,2,0,47.956,0,0,10,4,0,11,2
06-06 02:58:40,23.496,2.750,71.738,1.000,0,1029944,1577736,165636,5045656,8150.636,1619.729,0,1431.760,0,65.989,2013,1386,1.700,1.090,0.650,1,0,6.999,0,0,10,4,0,11,2
06-06 02:58:41,23.243,1.999,73.726,0.250,0,1028928,1560248,166168,5061632,8871.167,1499.521,0,1251.600,0,29.990,1811,1256,1.700,1.090,0.650,1,0,0,0,0,10,4,0,11,2
06-06 02:58:42,22.997,2.250,73.489,0.750,0,1037928,1529628,166676,5080736,9068.688,1619.766,0,1591.770,0,61.991,2011,1531,1.700,1.090,0.650,1,0,1.000,0,0,10,4,0,11,2
06-06 02:58:43,22.256,2.251,73.520,1.250,0,1033100,1513708,167772,5097772,22422.235,1620.451,0,2868.798,0,122.034,2104,1758,1.640,1.090,0.650,1,0,0,0,0,10,4,0,11,2
06-06 02:58:44,22.488,2.499,73.710,0.999,0,1036964,1483184,168828,5120568,9874.680,1457.215,0,2150.841,0,77.958,1958,1492,1.640,1.090,0.650,1,0,0,0,0,10,4,0,11,2
06-06 02:58:45,22.259,3.501,73.531,0,0,1040584,1496908,168848,5103576,7677.242,2100.887,0,236.100,0,8.003,1895,1061,1.640,1.090,0.650,1,0,19.008,0,0,10,2,0,11,0
06-06 02:58:46,19.253,2.000,78.011,0,0,1062212,1474228,168856,5104620,13245.849,4627.646,0,468.065,0,6.001,1539,779,1.640,1.090,0.650,1,0,17.002,0,0,10,3,0,11,0
06-06 02:58:47,21.750,3.500,73.251,0.250,0,1034432,1495608,169004,5109972,10157.070,1794.012,0,1904.013,0,140.001,2566,2420,1.640,1.090,0.650,1,0,7.000,0,0,10,2,0,11,0
06-06 02:58:48,22.788,5.509,70.617,0,0,1061976,1466848,169024,5110976,6795.265,1460.421,0,1185.966,0,98.163,11381,21108,1.590,1.090,0.660,1,0,8.013,0,0,10,2,0,11,0
06-06 02:58:49,21.709,7.236,68.370,0,0,1055872,1472920,169028,5111004,9020.808,1616.918,0,15821.847,0,626.805,11765,20877,1.590,1.090,0.660,1,0,12.975,0,0,10,2,0,11,0
06-06 02:58:50,22.505,5.001,72.016,0,0,973484,1563696,169056,5103568,11250.457,132056.837,0,1760.384,0,16.003,2109,1135,1.590,1.090,0.660,1,0,8.002,0,0,10,2,0,11,0
06-06 02:58:51,6.749,1.000,91.238,0,0,949872,1587452,169056,5103580,8982.796,1619.783,0,3.999,0,1.000,931,697,1.590,1.090,0.660,0,0,3.999,0,0,10,2,0,10,0
06-06 02:58:52,0.750,0.250,98.494,0,0,944448,1592744,169056,5103712,6985.555,1457.907,0,0,0,0,539,662,1.590,1.090,0.660,0,0,1.000,0,0,10,2,0,10,0
06-06 02:58:53,0.500,0,99.012,0,0,937280,1599912,169056,5103712,5043.602,1620.194,0,0,0,0,419,556,1.460,1.070,0.650,0,0,0,0,0,10,2,0,10,0
06-06 02:58:54,0.500,1.750,97.247,0,0,930196,1606996,169056,5103712,9458.744,1457.960,0,9935.731,0,46.999,738,774,1.460,1.070,0.650,0,0,0,0,0,10,2,0,10,0
06-06 02:58:55,0.250,0.500,98.476,0,0,927492,1609700,169060,5103708,9183.804,1619.613,0,867.793,0,2.999,539,617,1.460,1.070,0.650,4,0,3.999,0,0,10,2,0,9,0
06-06 02:58:56,10.502,5.251,83.513,0,0,925276,1611920,169060,5103712,15967.547,1620.258,0,0,0,0,2082,8115,1.460,1.070,0.650,0,0,32.005,0,0,10,2,0,10,0
06-06 02:58:57,0.250,0.500,98.506,0,0,925032,1612160,169060,5103716,9669.623,1458.094,0,0,0,0,493,574,1.460,1.070,0.650,0,0,0,0,0,10,2,0,10,0
06-06 02:58:58,0.750,0.250,98.762,0,0,922796,1614396,169060,5103716,10946.350,1620.200,0,2260.279,0,14.002,493,594,1.350,1.050,0.650,0,0,0,0,0,10,2,0,10,0
06-06 02:58:59,0.250,1.000,98.218,0,0,917580,1619612,169060,5103716,9204.994,1457.524,0,13123.714,0,65.978,626,684,1.350,1.050,0.650,0,0,0,0,0,10,2,0,9,0
06-06 02:59:00,0.750,0.250,98.518,0,0,913184,1624008,169060,5103716,9120.674,1620.297,0,240.044,0,3.001,499,593,1.350,1.050,0.650,0,0,0,0,0,10,2,0,9,0
06-06 02:59:01,0.250,0.500,98.745,0,0,907300,1629892,169060,5103716,5683.699,1619.914,0,8.000,0,1.000,454,570,1.350,1.050,0.650,0,0,0,0,0,10,2,0,9,0
06-06 02:59:02,0.500,0.250,98.994,0,0,901952,1635240,169060,5103716,8401.531,1619.910,0,0,0,0,531,649,1.350,1.050,0.650,0,0,1.000,0,0,10,2,0,9,0
06-06 02:59:03,0.500,0,98.755,0,0,895620,1641588,169060,5103716,7118.351,1620.080,0,0,0,0,455,577,1.240,1.030,0.640,0,0,0,0,0,10,2,0,9,0
06-06 02:59:04,0,2.001,97.279,0.250,0,890384,1646824,169060,5103716,5221.578,1458.441,0,21198.407,0,104.031,708,805,1.240,1.030,0.640,0,0,0,0,0,10,2,0,9,0
06-06 02:59:05,0.750,0,99.002,0,0,886692,1650516,169060,5103716,9577.238,1620.040,0,100.002,0,15.000,472,568,1.240,1.030,0.640,0,0,0,0,0,10,2,0,9,0
06-06 02:59:06,0.250,0.250,98.752,0.250,0,883084,1654120,169064,5103716,6579.144,1620.035,0,464.010,0,4.000,462,601,1.240,1.030,0.640,1,0,0,0,0,10,2,0,9,0
06-06 02:59:07,0.500,0.500,98.496,0,0,879664,1657540,169064,5103716,9269.623,1619.934,0,0,0,0,457,557,1.240,1.030,0.640,0,0,0,0,0,10,2,0,9,0
06-06 02:59:08,0.250,0,98.992,0,0,878000,1659204,169064,5103716,7104.415,1619.867,0,0,0,0,447,569,1.140,1.020,0.640,0,0,0,0,0,10,2,0,9,0
06-06 02:59:09,0.250,0.250,98.503,0,0,876928,1660276,169064,5103716,7564.242,1620.052,0,0,0,0,410,541,1.140,1.020,0.640,0,0,0,0,0,10,2,0,9,0
06-06 02:59:10,0.250,0.500,99.000,0,0,876900,1660304,169064,5103716,8950.002,1458.000,0,84.000,0,1.000,504,599,1.140,1.020,0.640,0,0,0,0,0,10,2,0,9,0
06-06 02:59:11,0.750,0,98.757,0,0,876640,1660560,169068,5103716,8588.591,1620.112,0,140.010,0,17.001,452,572,1.140,1.020,0.640,0,0,0,0,0,10,2,0,9,0
06-06 02:59:12,0.250,0.500,98.242,0,0,876636,1660564,169068,5103716,10004.153,1457.877,0,4.000,0,1.000,530,619,1.140,1.020,0.640,0,0,1.000,0,0,10,2,0,9,0
06-06 02:59:13,0.749,0.500,98.428,0,0,876812,1660356,169068,5103748,7638.447,1618.823,0,3.997,0,0.999,536,598,1.050,1,0.640,0,0,0,0,0,10,2,0,9,0
06-06 02:59:14,0.500,0.250,99.058,0,0,876812,1660356,169068,5103748,8525.019,1458.859,0,0,0,0,461,545,1.050,1,0.640,0,0,0,0,0,10,2,0,9,0
06-06 02:59:15,0,4.750,93.750,0,0,868484,1668680,169068,5103752,7875.041,1620.009,0,84660.445,0,370.002,1499,1443,1.050,1,0.640,0,0,0,0,0,10,2,0,9,0
06-06 02:59:16,0.500,0.250,98.496,0,0,868708,1668456,169068,5103752,10646.550,485.979,0,1459.938,0,17.999,499,599,1.050,1,0.640,0,0,0,0,0,10,2,0,9,0
06-06 02:59:17,0.250,0,99.017,0,0,868708,1668456,169068,5103752,6167.067,1134.196,0,0,0,0,414,543,1.050,1,0.640,0,0,0,0,0,10,2,0,9,0
06-06 02:59:18,0.500,0.500,98.438,0,0,868708,1668456,169068,5103752,8714.494,1187.250,0,3.997,0,0.999,492,564,0.960,0.980,0.630,0,0,0,0,0,10,2,0,9,0
06-06 02:59:19,0.500,0,98.763,0,0,868708,1668456,169068,5103752,8199.110,1458.197,0,8.001,0,1.000,470,568,0.960,0.980,0.630,0,0,0,0,0,10,2,0,5,0
06-06 02:59:20,2.751,1.250,95.771,0.250,0,876012,1661148,169068,5103756,142046.444,3458.741,0,2796.599,0,45.010,864,808,0.960,0.980,0.630,2,0,3.001,0,0,10,2,0,5,0
06-06 02:59:21,15.745,3.749,79.725,0,0,900456,1636680,169092,5103756,291563.046,10002.914,0,135.958,0,1.999,2341,1396,0.960,0.980,0.630,1,0,21.993,0,0,10,2,0,5,0
06-06 02:59:22,14.009,4.003,79.800,0.500,0,900784,1636248,169096,5103860,304216.773,12828.044,108.068,248.156,5.003,36.023,2474,1545,0.960,0.980,0.630,1,0,23.014,0,0,10,2,0,5,0
