"pcp-dstat 6.2.0 CSV Output"
"Author:","PCP team <pcp@groups.io> and Dag Wieers <dag@wieers.com>",,,,"URL:","https://pcp.io/ and http://dag.wieers.com/home-made/dstat/"
"Host:","np0000094142",,,,"User:","ubuntu"
"Cmdline:","dstat -tcmndrylpg --tcp --output /tmp/devstack_logs/dstat-csv.log",,,,"Date:","20 May 2026 09:44:36 UTC"
"system","total usage",,,,,"memory usage",,,,"net/total",,"dsk/total",,"io/total",,"system",,"load avg",,,"procs",,,"paging",,"tcp sockets",,,,
"time","total usage:usr","total usage:sys","total usage:idl","total usage:wai","total usage:stl","used","free","buf","cach","net/total:recv","net/total:send","dsk/total:read","dsk/total:writ","read","writ","int","csw","1m","5m","15m","run","blk","new","in","out","lis","act","syn","tim","clo"
20-05 09:44:36,,982568,1673820,161652,5005076,,,,,,,1.590,1.110,0.670,2,0,,,,10,6,0,17,0
20-05 09:44:37,25.177,20.690,52.098,0.499,0,981808,1674192,161764,5005300,27178.690,10482.411,0,973.160,0,29.913,5170,3168,1.590,1.110,0.670,2,0,249.273,0,0,10,5,0,17,1
20-05 09:44:38,26.331,20.564,50.908,0.502,0,998988,1656592,161872,5005524,35481.817,8334.796,0,971.005,0,33.102,5035,2860,1.590,1.110,0.670,3,0,209.649,0,0,10,4,0,17,2
20-05 09:44:39,26.161,21.427,50.828,0.498,0,999536,1648120,162020,5012976,141696.194,12731.888,0,1510.884,0,46.841,4805,2774,1.590,1.110,0.670,2,1,189.359,0,0,10,4,0,13,2
20-05 09:44:40,33.318,20.389,44.258,0.497,0,1004272,1629032,162320,5026296,53060.881,2613.709,0,1495.821,0,54.701,5339,3542,1.700,1.140,0.690,6,0,162.114,0,0,10,4,0,13,2
20-05 09:44:41,38.677,18.083,41.942,0.502,0,1008700,1606184,163216,5041044,7984.588,1627.458,0,1780.157,0,52.239,4537,2916,1.700,1.140,0.690,2,0,141.649,0,0,10,4,0,13,2
20-05 09:44:42,40.390,17.812,41.393,0.502,0,1010420,1590432,163556,5053452,7314.278,1625.618,0,834.885,0,26.090,5397,4432,1.700,1.140,0.690,2,0,133.461,0,0,10,4,0,13,2
20-05 09:44:43,40.993,16.497,38.744,1.500,0,1026096,1549512,164572,5074668,11490.146,1619.739,0,4431.285,0,266.957,7367,8256,1.700,1.140,0.690,2,0,149.976,0,0,10,4,0,13,2
20-05 09:44:44,38.169,16.715,41.911,2.245,0,1032340,1512648,165516,5101548,9583.703,1616.576,1009.861,2442.826,37.920,73.844,5656,5414,1.700,1.140,0.690,2,0,126.732,0,0,10,4,0,11,2
20-05 09:44:45,31.292,11.516,55.825,0.501,0,1023432,1530468,166060,5090864,10552.207,2102.831,0,12292.550,0,146.197,2864,1515,1.720,1.150,0.690,1,0,15.020,0,0,10,2,0,11,0
20-05 09:44:46,20.256,3.751,74.771,0.250,0,1049496,1504368,166088,5090872,12686.614,2892.824,0,15960.547,0,771.220,2172,1031,1.720,1.150,0.690,1,0,33.009,0,0,10,3,0,11,0
20-05 09:44:47,20.498,2.500,76.742,0,0,1045364,1502432,166168,5096592,9738.987,2469.743,0,1519.842,0,12.999,1682,983,1.720,1.150,0.690,2,0,3.000,0,0,10,2,0,11,0
20-05 09:44:48,18.246,2.000,78.484,0.250,0,1057912,1483300,166532,5101632,17295.441,4734.026,0,1267.739,0,17.996,1660,960,1.720,1.150,0.690,2,0,16.997,0,0,10,2,0,11,0
20-05 09:44:49,23.247,4.999,69.490,0,0,1030956,1509536,166592,5102136,10874.454,1619.770,0,87.987,0,1.000,10686,19241,1.720,1.150,0.690,1,0,12.998,0,0,10,2,0,11,0
20-05 09:44:50,23.503,5.751,69.758,0,0,1025344,1514972,166636,5102236,10843.212,1620.181,0,16.002,0,2.000,10940,19750,1.750,1.170,0.700,1,0,13.001,0,0,10,2,0,11,0
20-05 09:44:51,19.503,6.501,72.260,0.250,0,980280,1572472,166680,5090984,11161.595,1620.232,0,16170.311,0,90.013,2053,1246,1.750,1.170,0.700,1,0,9.001,0,0,10,2,0,11,0
20-05 09:44:52,13.247,2.250,83.731,0,0,949896,1603076,166680,5090912,14328.815,131330.811,0,3.999,0,1.000,1460,868,1.750,1.170,0.700,2,0,3.999,0,0,10,2,0,11,0
20-05 09:44:53,0.500,0,98.999,0,0,946040,1606932,166680,5090912,7573.947,1619.989,0,4.000,0,1.000,448,562,1.750,1.170,0.700,0,0,0,0,0,10,2,0,11,0
20-05 09:44:54,0.750,0.500,98.730,0,0,939712,1613260,166680,5090912,7096.536,1619.666,0,0,0,0,437,546,1.750,1.170,0.700,0,0,0,0,0,10,2,0,11,0
20-05 09:44:55,0.250,0.250,99.255,0,0,934200,1618772,166680,5090912,5434.261,1620.078,0,0,0,0,413,528,1.610,1.150,0.700,0,0,0,0,0,10,2,0,11,0
20-05 09:44:56,0.498,1.495,96.689,0,0,930684,1622284,166688,5090912,10472.360,1453.331,0,10442.456,0,43.859,732,744,1.610,1.150,0.700,2,0,0,0,0,10,2,0,10,0
20-05 09:44:57,0.502,0.251,99.067,0,0,925660,1627304,166688,5090916,7510.066,1625.208,0,36.116,0,1.003,472,539,1.610,1.150,0.700,0,0,0,0,0,10,2,0,10,0
20-05 09:44:58,0,0.250,98.752,0,0,917768,1635196,166688,5090916,10118.186,1620.030,0,0,0,0,493,560,1.610,1.150,0.700,0,0,0,0,0,10,2,0,10,0
20-05 09:44:59,0.750,0.500,98.749,0.250,0,912824,1640140,166688,5090916,9549.936,1619.989,0,1219.992,0,194.999,554,627,1.610,1.150,0.700,0,0,0,0,0,10,2,0,10,0
20-05 09:45:00,0.500,0.250,98.519,0,0,909564,1643400,166688,5090916,10226.957,1620.310,0,600.115,0,6.001,525,891,1.480,1.130,0.690,3,0,0,0,0,10,2,0,9,0
20-05 09:45:01,0.750,1.000,96.511,1.000,0,906820,1646168,166692,5090900,7567.848,1620.182,0,3728.418,0,25.003,807,985,1.480,1.130,0.690,0,1,4.000,0,0,10,2,0,9,0
20-05 09:45:02,0.500,2.000,97.247,0.250,0,904548,1648440,166692,5090900,6763.761,1619.943,0,28630.986,0,114.996,797,821,1.480,1.130,0.690,0,0,0,0,0,10,2,0,9,0
20-05 09:45:03,0.500,0,98.737,0,0,902432,1650428,166692,5091028,10652.651,1619.795,0,2259.714,0,12.998,465,546,1.480,1.130,0.690,0,0,0,0,0,10,2,0,9,0
20-05 09:45:04,0.750,0.750,98.495,0,0,900820,1652040,166692,5091028,10195.468,1457.924,0,0,0,0,496,559,1.480,1.130,0.690,0,0,0,0,0,10,2,0,9,0
20-05 09:45:05,0,0.250,98.972,0,0,900096,1652764,166692,5091028,5551.434,1619.543,0,3.999,0,1.000,453,528,1.360,1.110,0.690,0,0,0,0,0,10,2,0,9,0
20-05 09:45:06,0.750,0.500,98.239,0,0,896096,1656764,166692,5091028,11033.819,1619.827,0,743.920,0,4.999,519,558,1.360,1.110,0.690,0,0,0,0,0,10,2,0,9,0
20-05 09:45:07,0.250,0.250,98.780,0,0,892676,1660184,166692,5091028,7887.406,1620.494,0,372.114,0,5.002,477,560,1.360,1.110,0.690,0,0,0,0,0,10,2,0,9,0
20-05 09:45:08,0.250,0.250,99.258,0,0,890272,1662588,166692,5091028,11287.928,1620.133,0,4.000,0,1.000,489,555,1.360,1.110,0.690,0,0,0,0,0,10,2,0,9,0
20-05 09:45:09,0.500,0.250,99.003,0,0,888056,1664800,166692,5091032,8748.280,1620.052,0,0,0,0,479,533,1.360,1.110,0.690,0,0,0,0,0,10,2,0,9,0
20-05 09:45:10,1.250,1.500,96.247,0,0,879296,1673560,166692,5091032,5645.846,1619.956,0,0,0,0,649,627,1.250,1.090,0.690,0,0,6.000,0,0,10,2,0,9,0
20-05 09:45:11,0.250,0.500,98.999,0,0,879296,1673560,166692,5091032,9877.887,1619.982,0,71.999,0,3.000,572,621,1.250,1.090,0.690,1,0,1.000,0,0,10,2,0,9,0
20-05 09:45:12,0.500,2.000,95.743,1.000,0,879372,1673484,166692,5091032,8749.367,1457.894,0,28781.917,0,149.989,935,927,1.250,1.090,0.690,0,0,0,0,0,10,2,0,9,0
20-05 09:45:13,0.250,0.750,99.028,0,0,879372,1673484,166692,5091032,6104.699,1620.451,0,0,0,0,465,544,1.250,1.090,0.690,0,0,0,0,0,10,2,0,9,0
20-05 09:45:14,0.500,0,98.990,0,0,879372,1673484,166692,5091032,10727.944,1619.841,0,7.999,0,1.000,503,545,1.250,1.090,0.690,0,0,0,0,0,10,2,0,9,0
20-05 09:45:15,0.250,0.500,98.741,0,0,879372,1673484,166692,5091032,8199.289,1619.860,0,0,0,0,452,530,1.150,1.070,0.680,0,0,0,0,0,10,2,0,9,0
20-05 09:45:16,0.250,0.250,98.500,0.250,0.250,879372,1673484,166692,5091032,10468.047,1620.007,0,656.003,0,2.000,548,592,1.150,1.070,0.680,0,0,0,0,0,10,2,0,9,0
20-05 09:45:17,0.750,3.250,95.750,0,0,879184,1673676,166692,5091032,6945.026,1620.006,0,58180.218,0,305.001,1099,1033,1.150,1.070,0.680,0,0,0,0,0,10,2,0,9,0
20-05 09:45:18,0,0.500,99.008,0,0,879056,1673804,166692,5091032,7635.609,1620.129,0,0,0,0,487,551,1.150,1.070,0.680,0,0,0,0,0,10,2,0,9,0
20-05 09:45:19,0.250,0.250,98.990,0,0,879056,1673804,166692,5091032,9752.039,1619.840,0,319.968,0,58.994,513,550,1.150,1.070,0.680,0,0,0,0,0,10,2,0,9,0
20-05 09:45:20,0.250,0.250,98.502,0,0,878804,1674056,166692,5091032,9485.152,1620.026,0,4.000,0,1.000,503,549,1.060,1.050,0.680,0,0,0,0,0,10,2,0,8,0
20-05 09:45:21,0.750,0.250,98.768,0,0,878804,1674056,166692,5091032,8607.566,1458.265,0,892.162,0,2.000,573,613,1.060,1.050,0.680,0,0,1.000,0,0,10,2,0,8,0
20-05 09:45:22,0.500,0.250,98.988,0,0,878812,1674056,166692,5091032,6951.165,1133.864,0,95.988,0,3.000,461,555,1.060,1.050,0.680,1,0,0,0,0,10,2,0,8,0
20-05 09:45:23,12.271,2.755,84.395,0,0,889144,1663724,166692,5091032,287004.698,7142.286,0,4.007,0,1.002,1674,1113,1.060,1.050,0.680,1,0,7.012,0,0,10,2,0,8,0
20-05 09:45:24,13.709,4.736,79.261,0.498,0,893144,1659608,166696,5091144,296192.927,13391.667,107.676,267.195,4.985,37.886,2613,1565,1.060,1.050,0.680,1,0,31.904,0,0,10,2,0,4,0
20-05 09:45:25,15.777,6.511,77.132,0,0,894232,1658360,166696,5091304,153074.140,5665.665,0,4.007,0,1.002,2413,1326,1.050,1.050,0.680,2,0,27.046,0,0,10,2,0,4,0
