"pcp-dstat 6.2.0 CSV Output"
"Author:","PCP team <pcp@groups.io> and Dag Wieers <dag@wieers.com>",,,,"URL:","https://pcp.io/ and http://dag.wieers.com/home-made/dstat/"
"Host:","np0000094502",,,,"User:","ubuntu"
"Cmdline:","dstat -tcmndrylpg --tcp --output /tmp/devstack_logs/dstat-csv.log",,,,"Date:","28 Jun 2026 06:59:34 UTC"
"system","total usage",,,,,"memory usage",,,,"net/total",,"dsk/total",,"io/total",,"system",,"load avg",,,"procs",,,"paging",,"tcp sockets",,,,
"time","total usage:usr","total usage:sys","total usage:idl","total usage:wai","total usage:stl","used","free","buf","cach","net/total:recv","net/total:send","dsk/total:read","dsk/total:writ","read","writ","int","csw","1m","5m","15m","run","blk","new","in","out","lis","act","syn","tim","clo"
28-06 06:59:34,,1074304,1603200,162948,4981788,,,,,,,1.510,1.180,0.730,2,0,,,,10,5,0,17,1
28-06 06:59:35,26.154,20.674,51.062,0.498,0.249,1099272,1577868,162972,4982044,22718.221,8027.397,0,936.546,0,30.886,5006,2925,1.630,1.210,0.750,3,0,217.199,0,0,10,4,0,17,2
28-06 06:59:36,23.542,20.286,53.345,0.501,0,1083500,1593164,163044,4982332,26001.383,11203.986,0,1282.287,0,38.068,4828,2863,1.630,1.210,0.750,3,0,210.375,0,0,10,4,0,13,2
28-06 06:59:37,29.494,21.246,47.491,0.250,0,1058704,1596540,163196,5002652,193081.738,4208.166,0,1111.780,0,30.994,5024,2790,1.630,1.210,0.750,2,0,193.962,0,0,10,4,0,13,2
28-06 06:59:38,32.087,22.311,43.368,0.501,0,1049084,1590704,164036,5015488,10379.302,1624.429,0,1616.408,0,109.298,5431,3747,1.630,1.210,0.750,6,0,200.547,0,0,10,4,0,13,2
28-06 06:59:39,36.644,19.194,43.125,0.499,0,1035576,1587560,164452,5029460,9117.603,1615.323,0,1415.901,0,32.905,4976,3301,1.630,1.210,0.750,2,0,165.521,0,0,10,4,0,13,2
28-06 06:59:40,42.009,18.754,37.508,0.750,0,1041868,1560496,164916,5048456,12841.769,1544.333,0,1660.358,0,62.013,5915,7005,1.660,1.230,0.750,2,0,154.033,0,0,10,4,0,11,2
28-06 06:59:41,37.766,16.007,43.769,1.251,0,1020104,1567104,165884,5059856,5679.471,1620.705,200.087,2521.097,8.003,93.040,4964,4860,1.660,1.230,0.750,2,0,127.055,0,0,10,4,0,11,2
28-06 06:59:42,37.187,15.723,41.430,3.744,0,1024652,1532496,166776,5086664,10989.356,1617.256,810.625,15242.141,29.949,538.087,5461,5372,1.660,1.230,0.750,2,0,89.848,0,0,10,4,0,11,2
28-06 06:59:43,29.341,9.780,59.685,0.752,0,954560,1611780,167324,5075612,9327.915,2106.530,0,10219.679,0,55.171,2748,1476,1.660,1.230,0.750,2,0,14.044,0,0,10,2,0,11,0
28-06 06:59:44,22.461,3.494,73.374,0,0,975652,1590852,167344,5075592,11104.918,1617.221,0,754.703,0,104.820,1926,1028,1.660,1.230,0.750,1,0,17.969,0,0,10,2,0,11,0
28-06 06:59:45,17.780,3.005,77.880,0,0,991476,1569168,167472,5080624,17706.583,4742.924,0,1466.450,0,18.030,1659,938,1.600,1.220,0.750,1,0,18.030,0,0,10,2,0,11,0
28-06 06:59:46,22.971,4.994,69.913,0,0,982300,1576744,167500,5081984,11605.494,1617.978,0,3.995,0,0.999,9833,18486,1.600,1.220,0.750,1,0,6.991,0,0,10,2,0,11,0
28-06 06:59:47,22.014,6.004,71.794,0,0,988328,1569504,167516,5082992,8049.975,1458.902,0,15981.877,0,150.093,4722,6577,1.600,1.220,0.750,1,0,12.007,0,0,10,2,0,11,0
28-06 06:59:48,20.730,6.494,70.932,0,0,989172,1568484,167556,5083084,7702.655,1618.457,0,175.832,0,1.998,9260,16120,1.600,1.220,0.750,1,0,14.986,0,0,10,2,0,11,0
28-06 06:59:49,16.997,2.750,78.987,0.250,0,976116,1589884,167576,5075596,23229.212,131602.537,0,1079.824,0,10.998,1809,1093,1.600,1.220,0.750,0,0,4.999,0,0,10,2,0,11,0
28-06 06:59:50,0.500,0.250,98.997,0,0,959916,1606080,167576,5075600,11816.685,1619.957,0,0,0,0,475,549,1.470,1.200,0.750,0,0,0,0,0,10,2,0,11,0
28-06 06:59:51,0.750,0,98.503,0,0,959916,1606080,167576,5075600,8143.275,1620.055,0,0,0,0,435,549,1.470,1.200,0.750,0,0,0,0,0,10,2,0,11,0
28-06 06:59:52,0.250,1.500,97.494,0,0,959912,1606080,167576,5075600,10368.405,1457.916,0,9843.436,0,44.997,706,732,1.470,1.200,0.750,0,0,0,0,0,10,2,0,9,0
28-06 06:59:53,0.250,0.500,98.263,0,0,958336,1607656,167576,5075600,9303.275,972.133,0,100.014,0,18.002,530,624,1.470,1.200,0.750,0,0,1.000,0,0,10,2,0,9,0
28-06 06:59:54,0.499,0.249,98.758,0,0,954564,1611420,167584,5075600,9593.529,646.419,0,825.979,0,1.995,473,564,1.470,1.200,0.750,1,0,0,0,0,10,2,0,9,0
28-06 06:59:55,0.752,0,98.720,0,0,951264,1614716,167584,5075604,8318.575,1190.659,0,0,0,0,498,589,1.360,1.180,0.750,0,0,0,0,0,10,2,0,9,0
28-06 06:59:56,0.250,0.500,98.950,0,0,948380,1617600,167584,5075604,6060.916,1565.204,0,0,0,0,426,560,1.360,1.180,0.750,0,0,0,0,0,10,2,0,9,0
28-06 06:59:57,0,1.500,97.484,0.250,0,945852,1620124,167584,5075604,10207.291,1403.765,0,18072.974,0,77.987,739,757,1.360,1.180,0.750,2,0,0,0,0,10,2,0,9,0
28-06 06:59:58,0.750,0.500,97.808,0.250,0,933416,1632560,167584,5075604,6760.018,702.417,0,11102.598,0,68.040,660,748,1.360,1.180,0.750,0,0,0,0,0,10,2,0,9,0
28-06 06:59:59,0.250,0.500,98.752,0,0,925908,1640068,167584,5075604,6698.114,1620.027,0,96.002,0,17.000,463,560,1.360,1.180,0.750,0,0,0,0,0,10,2,0,9,0
28-06 07:00:00,0.250,0.500,98.755,0,0,919152,1646824,167584,5075604,23626.252,1458.077,0,2880.153,0,16.001,532,569,1.250,1.160,0.740,0,0,0,0,0,10,2,0,9,0
28-06 07:00:01,0.500,0.250,98.744,0,0,913512,1652464,167584,5075604,11351.325,1619.904,0,0,0,0,488,555,1.250,1.160,0.740,0,0,0,0,0,10,2,0,9,0
28-06 07:00:02,0.750,0.250,98.510,0,0,908504,1657472,167584,5075604,11123.177,1620.171,0,0,0,0,506,562,1.250,1.160,0.740,0,0,0,0,0,10,2,0,9,0
28-06 07:00:03,0.250,0.250,98.742,0,0,901808,1664164,167588,5075604,8970.288,1619.871,0,335.973,0,5.000,543,622,1.250,1.160,0.740,0,0,1.000,0,0,10,2,0,9,0
28-06 07:00:04,0.250,0.500,98.503,0,0,895924,1670048,167588,5075604,6347.188,1620.048,0,4.000,0,1.000,447,555,1.250,1.160,0.740,0,0,0,0,0,10,2,0,9,0
28-06 07:00:05,0.250,0.250,98.725,0,0,890896,1675076,167588,5075604,10492.297,1457.625,0,179.954,0,17.995,509,587,1.150,1.140,0.740,0,0,0,0,0,10,2,0,9,0
28-06 07:00:06,0.500,0.500,98.785,0,0,886584,1679388,167588,5075604,10222.629,1620.575,0,0,0,0,454,536,1.150,1.140,0.740,0,0,0,0,0,10,2,0,9,0
28-06 07:00:07,10.500,5.250,83.251,0,0,894040,1671932,167588,5075704,6401.040,1620.010,0,84.001,0,12.000,2044,9481,1.150,1.140,0.740,0,0,38.000,0,0,10,2,0,10,0
28-06 07:00:08,0,0.250,98.486,0,0,890884,1675088,167588,5075608,9788.581,1619.765,0,4979.278,0,28.996,540,620,1.150,1.140,0.740,1,0,0,0,0,10,2,0,10,0
28-06 07:00:09,0.500,0.500,98.768,0,0,888216,1677756,167588,5075608,12221.195,1458.262,0,0,0,0,502,583,1.150,1.140,0.740,0,0,0,0,0,10,2,0,9,0
28-06 07:00:10,1.500,1.500,96.991,0,0,886300,1679672,167588,5075608,25362.575,1619.845,0,79.992,0,2.000,882,661,1.140,1.140,0.740,0,1,5.999,0,0,10,2,0,9,0
28-06 07:00:11,0.250,0,98.886,0,0,884468,1681504,167588,5075608,20115.862,1456.325,0,11.986,0,1.998,574,553,1.140,1.140,0.740,0,0,0,0,0,10,2,0,9,0
28-06 07:00:12,0.250,0.501,98.356,0.250,0,882636,1683336,167588,5075608,10279.064,1621.746,0,284.306,0,51.055,485,602,1.140,1.140,0.740,0,0,0,0,0,10,2,0,9,0
28-06 07:00:13,0.250,5.501,92.761,0.500,0,880448,1685524,167588,5075608,25978.955,1458.166,0,95670.880,0,731.083,1653,1497,1.140,1.140,0.740,0,0,1.000,0,0,10,2,0,9,0
28-06 07:00:14,0.750,0,98.988,0,0,880100,1685872,167588,5075608,24065.178,1165.863,0,0,0,0,647,571,1.140,1.140,0.740,0,0,0,0,0,10,2,0,9,0
28-06 07:00:15,0.750,0.500,98.493,0,0,879828,1686144,167588,5075608,12632.152,1187.920,0,0,0,0,511,567,1.040,1.120,0.730,0,0,0,0,0,10,2,0,9,0
28-06 07:00:16,0.250,0.250,98.769,0,0,879996,1685980,167588,5075608,8548.675,1392.273,0,1408.276,0,4.001,469,545,1.040,1.120,0.730,0,0,0,0,0,10,2,0,9,0
28-06 07:00:17,0.750,0.500,98.218,0,0,879996,1685980,167588,5075608,14620.287,1241.600,0,3.999,0,1.000,631,608,1.040,1.120,0.730,0,0,0,0,0,10,2,0,8,0
28-06 07:00:18,1.000,0.250,98.747,0,0,879964,1685980,167588,5075640,8810.721,1565.950,0,1463.954,0,20.999,550,604,1.040,1.120,0.730,0,0,0,0,0,10,2,0,8,0
28-06 07:00:19,0,0.250,98.250,0,0,879964,1685980,167588,5075640,8396.041,1350.007,0,0,0,0,506,578,1.040,1.120,0.730,0,0,0,0,0,10,2,0,8,0
28-06 07:00:20,8.500,1.250,89.995,0,0,895700,1670244,167588,5075640,144854.555,3809.804,0,0,0,0,1260,854,0.960,1.100,0.730,0,0,4.000,0,0,10,2,0,8,0
28-06 07:00:21,16.530,4.258,78.395,0,0,898832,1667232,167592,5075656,294534.437,11250.758,20.037,128.237,2.004,2.004,2409,1417,0.960,1.100,0.730,2,0,24.044,0,0,10,2,0,4,0
28-06 07:00:22,14.474,3.993,79.857,0.250,0,898988,1666980,167592,5075752,302057.942,11193.986,87.843,43.921,2.995,2.995,2166,1401,0.960,1.100,0.730,1,0,18.966,0,0,10,2,0,4,0
