Jan 16 22:21:59 ubuntu devstack@keystone.service[61694]: ERROR keystone.server.flask.application   File "/opt/stack/data/venv/lib/python3.12/site-packages/pymysql/connections.py", line 782, in _read_packet
Jan 16 22:21:59 ubuntu devstack@keystone.service[61694]: ERROR keystone.server.flask.application     packet.raise_for_error()
Jan 16 22:21:59 ubuntu devstack@keystone.service[61694]: ERROR keystone.server.flask.application   File "/opt/stack/data/venv/lib/python3.12/site-packages/pymysql/protocol.py", line 219, in raise_for_error
Jan 16 22:21:59 ubuntu devstack@keystone.service[61694]: ERROR keystone.server.flask.application     err.raise_mysql_exception(self._data)
Jan 16 22:21:59 ubuntu devstack@keystone.service[61694]: ERROR keystone.server.flask.application   File "/opt/stack/data/venv/lib/python3.12/site-packages/pymysql/err.py", line 150, in raise_mysql_exception
Jan 16 22:21:59 ubuntu devstack@keystone.service[61694]: ERROR keystone.server.flask.application     raise errorclass(errno, errval)
Jan 16 22:21:59 ubuntu devstack@keystone.service[61694]: ERROR keystone.server.flask.application oslo_db.exception.DBDuplicateEntry: (pymysql.err.IntegrityError) (1062, "Duplicate entry 'service-<<null>>' for key 'role.ixu_role_name_domain_id'")
Jan 16 22:21:59 ubuntu devstack@keystone.service[61694]: ERROR keystone.server.flask.application [SQL: INSERT INTO `role` (id, name, description, extra) VALUES (%(id)s, %(name)s, %(description)s, %(extra)s)]
Jan 16 22:21:59 ubuntu devstack@keystone.service[61694]: ERROR keystone.server.flask.application [parameters: {'id': '3c738d948d6547d682cf14f4ecd3f59d', 'name': 'service', 'description': None, 'extra': '{}'}]
Jan 16 22:21:59 ubuntu devstack@keystone.service[61694]: ERROR keystone.server.flask.application (Background on this error at: https://sqlalche.me/e/20/gkpj)
Jan 16 22:21:59 ubuntu devstack@keystone.service[61694]: ERROR keystone.server.flask.application 
Jan 16 22:21:59 ubuntu devstack@keystone.service[61694]: ERROR keystone.server.flask.application During handling of the above exception, another exception occurred:
Jan 16 22:21:59 ubuntu devstack@keystone.service[61694]: ERROR keystone.server.flask.application 
Jan 16 22:21:59 ubuntu devstack@keystone.service[61694]: ERROR keystone.server.flask.application Traceback (most recent call last):
Jan 16 22:21:59 ubuntu devstack@keystone.service[61694]: ERROR keystone.server.flask.application   File "/opt/stack/data/venv/lib/python3.12/site-packages/flask_restful/__init__.py", line 295, in error_router
Jan 16 22:21:59 ubuntu devstack@keystone.service[61694]: ERROR keystone.server.flask.application     return self.handle_error(e)
Jan 16 22:21:59 ubuntu devstack@keystone.service[61694]: ERROR keystone.server.flask.application            ^^^^^^^^^^^^^^^^^^^^
Jan 16 22:21:59 ubuntu devstack@keystone.service[61694]: ERROR keystone.server.flask.application   File "/opt/stack/data/venv/lib/python3.12/site-packages/flask_restful/__init__.py", line 310, in handle_error
Jan 16 22:21:59 ubuntu devstack@keystone.service[61694]: ERROR keystone.server.flask.application     _handle_flask_propagate_exceptions_config(current_app, e)
Jan 16 22:21:59 ubuntu devstack@keystone.service[61694]: ERROR keystone.server.flask.application   File "/opt/stack/data/venv/lib/python3.12/site-packages/flask/app.py", line 917, in full_dispatch_request
Jan 16 22:21:59 ubuntu devstack@keystone.service[61694]: ERROR keystone.server.flask.application     rv = self.dispatch_request()
Jan 16 22:21:59 ubuntu devstack@keystone.service[61694]: ERROR keystone.server.flask.application          ^^^^^^^^^^^^^^^^^^^^^^^
Jan 16 22:21:59 ubuntu devstack@keystone.service[61694]: ERROR keystone.server.flask.application   File "/opt/stack/data/venv/lib/python3.12/site-packages/flask/app.py", line 902, in dispatch_request
Jan 16 22:21:59 ubuntu devstack@keystone.service[61694]: ERROR keystone.server.flask.application     return self.ensure_sync(self.view_functions[rule.endpoint])(**view_args)  # type: ignore[no-any-return]
Jan 16 22:21:59 ubuntu devstack@keystone.service[61694]: ERROR keystone.server.flask.application            ^^^^^^^^^^^^^^^^^^^^^^^^^^^^^^^^^^^^^^^^^^^^^^^^^^^^^^^^^^^^^^^^^
Jan 16 22:21:59 ubuntu devstack@keystone.service[61694]: ERROR keystone.server.flask.application   File "/opt/stack/data/venv/lib/python3.12/site-packages/flask_restful/__init__.py", line 489, in wrapper
Jan 16 22:21:59 ubuntu devstack@keystone.service[61694]: ERROR keystone.server.flask.application     resp = resource(*args, **kwargs)
Jan 16 22:21:59 ubuntu devstack@keystone.service[61694]: ERROR keystone.server.flask.application            ^^^^^^^^^^^^^^^^^^^^^^^^^
Jan 16 22:21:59 ubuntu devstack@keystone.service[61694]: ERROR keystone.server.flask.application   File "/opt/stack/data/venv/lib/python3.12/site-packages/flask/views.py", line 110, in view
Jan 16 22:21:59 ubuntu devstack@keystone.service[61694]: ERROR keystone.server.flask.application     return current_app.ensure_sync(self.dispatch_request)(**kwargs)  # type: ignore[no-any-return]
Jan 16 22:21:59 ubuntu devstack@keystone.service[61694]: ERROR keystone.server.flask.application            ^^^^^^^^^^^^^^^^^^^^^^^^^^^^^^^^^^^^^^^^^^^^^^^^^^^^^^^^
Jan 16 22:21:59 ubuntu devstack@keystone.service[61694]: ERROR keystone.server.flask.application   File "/opt/stack/data/venv/lib/python3.12/site-packages/flask_restful/__init__.py", line 604, in dispatch_request
Jan 16 22:21:59 ubuntu devstack@keystone.service[61694]: ERROR keystone.server.flask.application     resp = meth(*args, **kwargs)
Jan 16 22:21:59 ubuntu devstack@keystone.service[61694]: ERROR keystone.server.flask.application            ^^^^^^^^^^^^^^^^^^^^^
Jan 16 22:21:59 ubuntu devstack@keystone.service[61694]: ERROR keystone.server.flask.application   File "/opt/stack/keystone/keystone/api/validation/__init__.py", line 86, in wrapper
Jan 16 22:21:59 ubuntu devstack@keystone.service[61694]: ERROR keystone.server.flask.application     return func(*args, **kwargs)
Jan 16 22:21:59 ubuntu devstack@keystone.service[61694]: ERROR keystone.server.flask.application            ^^^^^^^^^^^^^^^^^^^^^
Jan 16 22:21:59 ubuntu devstack@keystone.service[61694]: ERROR keystone.server.flask.application   File "/opt/stack/keystone/keystone/api/validation/__init__.py", line 145, in wrapper
Jan 16 22:21:59 ubuntu devstack@keystone.service[61694]: ERROR keystone.server.flask.application     response = func(*args, **kwargs)
Jan 16 22:21:59 ubuntu devstack@keystone.service[61694]: ERROR keystone.server.flask.application                ^^^^^^^^^^^^^^^^^^^^^
Jan 16 22:21:59 ubuntu devstack@keystone.service[61694]: ERROR keystone.server.flask.application   File "/opt/stack/keystone/keystone/api/roles.py", line 91, in post
Jan 16 22:21:59 ubuntu devstack@keystone.service[61694]: ERROR keystone.server.flask.application     ref = PROVIDERS.role_api.create_role(
Jan 16 22:21:59 ubuntu devstack@keystone.service[61694]: ERROR keystone.server.flask.application           ^^^^^^^^^^^^^^^^^^^^^^^^^^^^^^^
Jan 16 22:21:59 ubuntu devstack@keystone.service[61694]: ERROR keystone.server.flask.application   File "/opt/stack/keystone/keystone/common/manager.py", line 114, in wrapped
Jan 16 22:21:59 ubuntu devstack@keystone.service[61694]: ERROR keystone.server.flask.application     __ret_val = __f(*args, **kwargs)
Jan 16 22:21:59 ubuntu devstack@keystone.service[61694]: ERROR keystone.server.flask.application                 ^^^^^^^^^^^^^^^^^^^^
Jan 16 22:21:59 ubuntu devstack@keystone.service[61694]: ERROR keystone.server.flask.application   File "/opt/stack/keystone/keystone/assignment/core.py", line 1526, in create_role
Jan 16 22:21:59 ubuntu devstack@keystone.service[61694]: ERROR keystone.server.flask.application     ret = self.driver.create_role(role_id, role)
Jan 16 22:21:59 ubuntu devstack@keystone.service[61694]: ERROR keystone.server.flask.application           ^^^^^^^^^^^^^^^^^^^^^^^^^^^^^^^^^^^^^^
Jan 16 22:21:59 ubuntu devstack@keystone.service[61694]: ERROR keystone.server.flask.application   File "/opt/stack/keystone/keystone/common/sql/core.py", line 614, in wrapper
Jan 16 22:21:59 ubuntu devstack@keystone.service[61694]: ERROR keystone.server.flask.application     raise exception.Conflict(type=conflict_type, details=msg)
Jan 16 22:21:59 ubuntu devstack@keystone.service[61694]: ERROR keystone.server.flask.application keystone.exception.Conflict: Conflict occurred attempting to store role - Duplicate entry found with name service.
Jan 16 22:21:59 ubuntu devstack@keystone.service[61694]: ERROR keystone.server.flask.application 
Jan 16 22:21:59 ubuntu devstack@keystone.service[61694]: [pid: 61694|app: 0|req: 19/35] 10.120.125.138 () {62 vars in 1203 bytes} [Fri Jan 16 22:21:59 2026] POST /identity/v3/roles => generated 140 bytes in 84 msecs (HTTP/1.1 409) 5 headers in 183 bytes (1 switches on core 0)
Jan 16 22:21:59 ubuntu devstack@keystone.service[61695]: DEBUG keystone.server.flask.request_processing.middleware.auth_context [None req-b1a746dc-f8ce-485f-be63-e5237b1a4c73 None None] Validating token access rules against request {{(pid=61695) validate_allowed_request /opt/stack/data/venv/lib/python3.12/site-packages/keystonemiddleware/auth_token/__init__.py:545}}
Jan 16 22:21:59 ubuntu devstack@keystone.service[61694]: DEBUG keystone.server.flask.request_processing.middleware.auth_context [None req-5e1a973d-8d72-4893-97c4-f1b608a6892e None admin] Authenticating user token {{(pid=61694) process_request /opt/stack/data/venv/lib/python3.12/site-packages/keystonemiddleware/auth_token/__init__.py:407}}
Jan 16 22:21:59 ubuntu devstack@keystone.service[61695]: DEBUG keystone.server.flask.request_processing.middleware.auth_context [None req-dd5b264c-843c-46c4-b342-dcdf88e91a08 None admin] RBAC: auth_context: {'token': <TokenModel (audit_id=5ytIottpT4ieYqx9-cjMvw, audit_chain_id=['5ytIottpT4ieYqx9-cjMvw']) at 0x76c92826ba40>, 'domain_id': None, 'trust_id': None, 'trustor_id': None, 'trustee_id': None, 'domain_name': None, 'group_ids': [], 'user_id': 'f4924d0098704f7fb2c0b2e557b68cc2', 'user_domain_id': 'default', 'system_scope': 'all', 'project_id': None, 'project_domain_id': None, 'roles': ['admin', 'manager', 'member', 'reader'], 'is_admin_project': True, 'service_user_id': None, 'service_user_domain_id': None, 'service_project_id': None, 'service_project_domain_id': None, 'service_roles': []} {{(pid=61695) fill_context /opt/stack/keystone/keystone/server/flask/request_processing/middleware/auth_context.py:509}}
Jan 16 22:21:59 ubuntu devstack@keystone.service[61695]: DEBUG keystone.server.flask.request_processing.req_logging [None req-dd5b264c-843c-46c4-b342-dcdf88e91a08 None admin] REQUEST_METHOD: `GET` {{(pid=61695) log_request_info /opt/stack/keystone/keystone/server/flask/request_processing/req_logging.py:26}}
Jan 16 22:21:59 ubuntu devstack@keystone.service[61695]: DEBUG keystone.server.flask.request_processing.req_logging [None req-dd5b264c-843c-46c4-b342-dcdf88e91a08 None admin] SCRIPT_NAME: `/identity` {{(pid=61695) log_request_info /opt/stack/keystone/keystone/server/flask/request_processing/req_logging.py:27}}
Jan 16 22:21:59 ubuntu devstack@keystone.service[61695]: DEBUG keystone.server.flask.request_processing.req_logging [None req-dd5b264c-843c-46c4-b342-dcdf88e91a08 None admin] PATH_INFO: `/v3/roles/admin` {{(pid=61695) log_request_info /opt/stack/keystone/keystone/server/flask/request_processing/req_logging.py:28}}
Jan 16 22:21:59 ubuntu devstack@keystone.service[61695]: DEBUG keystone.common.rbac_enforcer.enforcer [None req-dd5b264c-843c-46c4-b342-dcdf88e91a08 None admin] Extracting inferred target data resulted in "NOT FOUND (404)". {{(pid=61695) enforce_call /opt/stack/keystone/keystone/common/rbac_enforcer/enforcer.py:445}}
Jan 16 22:21:59 ubuntu devstack@keystone.service[61695]: DEBUG keystone.server.flask.application [None req-dd5b264c-843c-46c4-b342-dcdf88e91a08 None admin] Could not find role: admin. {{(pid=61695) _handle_keystone_exception /opt/stack/keystone/keystone/server/flask/application.py:146}}
Jan 16 22:21:59 ubuntu devstack@keystone.service[61695]: [pid: 61695|app: 0|req: 17/36] 10.120.125.138 () {58 vars in 1168 bytes} [Fri Jan 16 22:21:59 2026] GET /identity/v3/roles/admin => generated 83 bytes in 79 msecs (HTTP/1.1 404) 5 headers in 183 bytes (1 switches on core 0)
Jan 16 22:21:59 ubuntu devstack@keystone.service[61695]: DEBUG keystone.server.flask.request_processing.middleware.auth_context [None req-dd5b264c-843c-46c4-b342-dcdf88e91a08 None admin] Authenticating user token {{(pid=61695) process_request /opt/stack/data/venv/lib/python3.12/site-packages/keystonemiddleware/auth_token/__init__.py:407}}
Jan 16 22:21:59 ubuntu devstack@keystone.service[61694]: DEBUG keystone.server.flask.request_processing.middleware.auth_context [None req-5e1a973d-8d72-4893-97c4-f1b608a6892e None admin] Validating token access rules against request {{(pid=61694) validate_allowed_request /opt/stack/data/venv/lib/python3.12/site-packages/keystonemiddleware/auth_token/__init__.py:545}}
Jan 16 22:21:59 ubuntu devstack@keystone.service[61695]: DEBUG keystone.server.flask.request_processing.middleware.auth_context [None req-dd5b264c-843c-46c4-b342-dcdf88e91a08 None admin] Validating token access rules against request {{(pid=61695) validate_allowed_request /opt/stack/data/venv/lib/python3.12/site-packages/keystonemiddleware/auth_token/__init__.py:545}}
Jan 16 22:21:59 ubuntu devstack@keystone.service[61694]: DEBUG keystone.server.flask.request_processing.middleware.auth_context [None req-ecc61d97-717c-464e-93e1-4808ef81af17 None admin] RBAC: auth_context: {'token': <TokenModel (audit_id=8PUgZpGaTO-Nt9wt1MY6Ag, audit_chain_id=['8PUgZpGaTO-Nt9wt1MY6Ag']) at 0x76c92749b3b0>, 'domain_id': None, 'trust_id': None, 'trustor_id': None, 'trustee_id': None, 'domain_name': None, 'group_ids': [], 'user_id': 'f4924d0098704f7fb2c0b2e557b68cc2', 'user_domain_id': 'default', 'system_scope': 'all', 'project_id': None, 'project_domain_id': None, 'roles': ['admin', 'manager', 'member', 'reader'], 'is_admin_project': True, 'service_user_id': None, 'service_user_domain_id': None, 'service_project_id': None, 'service_project_domain_id': None, 'service_roles': []} {{(pid=61694) fill_context /opt/stack/keystone/keystone/server/flask/request_processing/middleware/auth_context.py:509}}
Jan 16 22:21:59 ubuntu devstack@keystone.service[61694]: DEBUG keystone.server.flask.request_processing.req_logging [None req-ecc61d97-717c-464e-93e1-4808ef81af17 None admin] REQUEST_METHOD: `POST` {{(pid=61694) log_request_info /opt/stack/keystone/keystone/server/flask/request_processing/req_logging.py:26}}
Jan 16 22:21:59 ubuntu devstack@keystone.service[61694]: DEBUG keystone.server.flask.request_processing.req_logging [None req-ecc61d97-717c-464e-93e1-4808ef81af17 None admin] SCRIPT_NAME: `/identity` {{(pid=61694) log_request_info /opt/stack/keystone/keystone/server/flask/request_processing/req_logging.py:27}}
Jan 16 22:21:59 ubuntu devstack@keystone.service[61694]: DEBUG keystone.server.flask.request_processing.req_logging [None req-ecc61d97-717c-464e-93e1-4808ef81af17 None admin] PATH_INFO: `/v3/projects` {{(pid=61694) log_request_info /opt/stack/keystone/keystone/server/flask/request_processing/req_logging.py:28}}
Jan 16 22:21:59 ubuntu devstack@keystone.service[61694]: DEBUG keystone.common.rbac_enforcer.enforcer [None req-ecc61d97-717c-464e-93e1-4808ef81af17 None admin] RBAC: Authorizing `identity:create_project()` {{(pid=61694) enforce_call /opt/stack/keystone/keystone/common/rbac_enforcer/enforcer.py:494}}
Jan 16 22:21:59 ubuntu devstack@keystone.service[61694]: DEBUG keystone.common.rbac_enforcer.enforcer [None req-ecc61d97-717c-464e-93e1-4808ef81af17 None admin] RBAC: Authorization granted {{(pid=61694) enforce_call /opt/stack/keystone/keystone/common/rbac_enforcer/enforcer.py:505}}
Jan 16 22:21:59 ubuntu devstack@keystone.service[61695]: DEBUG keystone.server.flask.request_processing.middleware.auth_context [None req-a1b2f227-18e6-4aeb-900a-c269bc2b4856 None admin] RBAC: auth_context: {'token': <TokenModel (audit_id=hE_gXDOaTja9bEStXDAW-A, audit_chain_id=['hE_gXDOaTja9bEStXDAW-A']) at 0x76c92778ffb0>, 'domain_id': None, 'trust_id': None, 'trustor_id': None, 'trustee_id': None, 'domain_name': None, 'group_ids': [], 'user_id': 'f4924d0098704f7fb2c0b2e557b68cc2', 'user_domain_id': 'default', 'system_scope': 'all', 'project_id': None, 'project_domain_id': None, 'roles': ['admin', 'manager', 'member', 'reader'], 'is_admin_project': True, 'service_user_id': None, 'service_user_domain_id': None, 'service_project_id': None, 'service_project_domain_id': None, 'service_roles': []} {{(pid=61695) fill_context /opt/stack/keystone/keystone/server/flask/request_processing/middleware/auth_context.py:509}}
Jan 16 22:21:59 ubuntu devstack@keystone.service[61695]: DEBUG keystone.server.flask.request_processing.req_logging [None req-a1b2f227-18e6-4aeb-900a-c269bc2b4856 None admin] REQUEST_METHOD: `GET` {{(pid=61695) log_request_info /opt/stack/keystone/keystone/server/flask/request_processing/req_logging.py:26}}
Jan 16 22:21:59 ubuntu devstack@keystone.service[61695]: DEBUG keystone.server.flask.request_processing.req_logging [None req-a1b2f227-18e6-4aeb-900a-c269bc2b4856 None admin] SCRIPT_NAME: `/identity` {{(pid=61695) log_request_info /opt/stack/keystone/keystone/server/flask/request_processing/req_logging.py:27}}
Jan 16 22:21:59 ubuntu devstack@keystone.service[61695]: DEBUG keystone.server.flask.request_processing.req_logging [None req-a1b2f227-18e6-4aeb-900a-c269bc2b4856 None admin] PATH_INFO: `/v3/roles/service` {{(pid=61695) log_request_info /opt/stack/keystone/keystone/server/flask/request_processing/req_logging.py:28}}
Jan 16 22:21:59 ubuntu devstack@keystone.service[61694]: [pid: 61694|app: 0|req: 20/37] 10.120.125.138 () {62 vars in 1170 bytes} [Fri Jan 16 22:21:59 2026] POST /identity/v3/projects => generated 303 bytes in 79 msecs (HTTP/1.1 201) 5 headers in 182 bytes (1 switches on core 0)
Jan 16 22:21:59 ubuntu devstack@keystone.service[61694]: DEBUG keystone.server.flask.request_processing.req_logging [None req-98d234a6-f31b-44ce-a237-dbe17518a01c None None] REQUEST_METHOD: `POST` {{(pid=61694) log_request_info /opt/stack/keystone/keystone/server/flask/request_processing/req_logging.py:26}}
Jan 16 22:21:59 ubuntu devstack@keystone.service[61694]: DEBUG keystone.server.flask.request_processing.req_logging [None req-98d234a6-f31b-44ce-a237-dbe17518a01c None None] SCRIPT_NAME: `/identity` {{(pid=61694) log_request_info /opt/stack/keystone/keystone/server/flask/request_processing/req_logging.py:27}}
Jan 16 22:21:59 ubuntu devstack@keystone.service[61694]: DEBUG keystone.server.flask.request_processing.req_logging [None req-98d234a6-f31b-44ce-a237-dbe17518a01c None None] PATH_INFO: `/v3/auth/tokens` {{(pid=61694) log_request_info /opt/stack/keystone/keystone/server/flask/request_processing/req_logging.py:28}}
Jan 16 22:21:59 ubuntu devstack@keystone.service[61695]: DEBUG keystone.common.rbac_enforcer.enforcer [None req-a1b2f227-18e6-4aeb-900a-c269bc2b4856 None admin] Extracting inferred target data resulted in "NOT FOUND (404)". {{(pid=61695) enforce_call /opt/stack/keystone/keystone/common/rbac_enforcer/enforcer.py:445}}
Jan 16 22:21:59 ubuntu devstack@keystone.service[61695]: DEBUG keystone.server.flask.application [None req-a1b2f227-18e6-4aeb-900a-c269bc2b4856 None admin] Could not find role: service. {{(pid=61695) _handle_keystone_exception /opt/stack/keystone/keystone/server/flask/application.py:146}}
Jan 16 22:21:59 ubuntu devstack@keystone.service[61695]: [pid: 61695|app: 0|req: 18/38] 10.120.125.138 () {58 vars in 1174 bytes} [Fri Jan 16 22:21:59 2026] GET /identity/v3/roles/service => generated 85 bytes in 62 msecs (HTTP/1.1 404) 5 headers in 183 bytes (2 switches on core 0)
Jan 16 22:21:59 ubuntu devstack@keystone.service[61695]: DEBUG keystone.server.flask.request_processing.middleware.auth_context [None req-a1b2f227-18e6-4aeb-900a-c269bc2b4856 None admin] Authenticating user token {{(pid=61695) process_request /opt/stack/data/venv/lib/python3.12/site-packages/keystonemiddleware/auth_token/__init__.py:407}}
Jan 16 22:21:59 ubuntu devstack@keystone.service[61694]: WARNING keystone.common.password_hashing [None req-98d234a6-f31b-44ce-a237-dbe17518a01c None None] Truncating password to algorithm specific maximum length 72 characters.
Jan 16 22:21:59 ubuntu devstack@keystone.service[61694]: DEBUG keystone.auth.core [None req-98d234a6-f31b-44ce-a237-dbe17518a01c None None] MFA Rules not processed for user `f4924d0098704f7fb2c0b2e557b68cc2`. Rule list: `[]` (Enabled: `True`). {{(pid=61694) check_auth_methods_against_rules /opt/stack/keystone/keystone/auth/core.py:476}}
Jan 16 22:21:59 ubuntu devstack@keystone.service[61694]: DEBUG keystone.common.fernet_utils [None req-98d234a6-f31b-44ce-a237-dbe17518a01c None None] Loaded 2 Fernet keys from /etc/keystone/fernet-keys/, but `[fernet_tokens] max_active_keys = 3`; perhaps there have not been enough key rotations to reach `max_active_keys` yet? {{(pid=61694) load_keys /opt/stack/keystone/keystone/common/fernet_utils.py:297}}
Jan 16 22:21:59 ubuntu devstack@keystone.service[61695]: DEBUG keystone.server.flask.request_processing.middleware.auth_context [None req-a1b2f227-18e6-4aeb-900a-c269bc2b4856 None admin] Validating token access rules against request {{(pid=61695) validate_allowed_request /opt/stack/data/venv/lib/python3.12/site-packages/keystonemiddleware/auth_token/__init__.py:545}}
Jan 16 22:21:59 ubuntu devstack@keystone.service[61694]: [pid: 61694|app: 0|req: 21/39] 10.120.125.138 () {60 vars in 1052 bytes} [Fri Jan 16 22:21:59 2026] POST /identity/v3/auth/tokens => generated 864 bytes in 56 msecs (HTTP/1.1 201) 6 headers in 363 bytes (1 switches on core 0)
Jan 16 22:21:59 ubuntu devstack@keystone.service[61694]: DEBUG keystone.server.flask.request_processing.middleware.auth_context [None req-98d234a6-f31b-44ce-a237-dbe17518a01c None None] Authenticating user token {{(pid=61694) process_request /opt/stack/data/venv/lib/python3.12/site-packages/keystonemiddleware/auth_token/__init__.py:407}}
Jan 16 22:21:59 ubuntu devstack@keystone.service[61695]: DEBUG keystone.server.flask.request_processing.middleware.auth_context [None req-35a11778-18c2-4c97-a99c-52e0afac3dfb None admin] RBAC: auth_context: {'token': <TokenModel (audit_id=5ytIottpT4ieYqx9-cjMvw, audit_chain_id=['5ytIottpT4ieYqx9-cjMvw']) at 0x76c9274900e0>, 'domain_id': None, 'trust_id': None, 'trustor_id': None, 'trustee_id': None, 'domain_name': None, 'group_ids': [], 'user_id': 'f4924d0098704f7fb2c0b2e557b68cc2', 'user_domain_id': 'default', 'system_scope': 'all', 'project_id': None, 'project_domain_id': None, 'roles': ['admin', 'manager', 'member', 'reader'], 'is_admin_project': True, 'service_user_id': None, 'service_user_domain_id': None, 'service_project_id': None, 'service_project_domain_id': None, 'service_roles': []} {{(pid=61695) fill_context /opt/stack/keystone/keystone/server/flask/request_processing/middleware/auth_context.py:509}}
Jan 16 22:21:59 ubuntu devstack@keystone.service[61695]: DEBUG keystone.server.flask.request_processing.req_logging [None req-35a11778-18c2-4c97-a99c-52e0afac3dfb None admin] REQUEST_METHOD: `GET` {{(pid=61695) log_request_info /opt/stack/keystone/keystone/server/flask/request_processing/req_logging.py:26}}
Jan 16 22:21:59 ubuntu devstack@keystone.service[61695]: DEBUG keystone.server.flask.request_processing.req_logging [None req-35a11778-18c2-4c97-a99c-52e0afac3dfb None admin] SCRIPT_NAME: `/identity` {{(pid=61695) log_request_info /opt/stack/keystone/keystone/server/flask/request_processing/req_logging.py:27}}
Jan 16 22:21:59 ubuntu devstack@keystone.service[61695]: DEBUG keystone.server.flask.request_processing.req_logging [None req-35a11778-18c2-4c97-a99c-52e0afac3dfb None admin] PATH_INFO: `/v3/roles` {{(pid=61695) log_request_info /opt/stack/keystone/keystone/server/flask/request_processing/req_logging.py:28}}
Jan 16 22:21:59 ubuntu devstack@keystone.service[61695]: DEBUG keystone.common.rbac_enforcer.enforcer [None req-35a11778-18c2-4c97-a99c-52e0afac3dfb None admin] RBAC: Adding query filter params (name=admin) {{(pid=61695) _extract_filter_values /opt/stack/keystone/keystone/common/rbac_enforcer/enforcer.py:176}}
Jan 16 22:21:59 ubuntu devstack@keystone.service[61695]: DEBUG keystone.common.rbac_enforcer.enforcer [None req-35a11778-18c2-4c97-a99c-52e0afac3dfb None admin] RBAC: Authorizing `identity:list_roles()` {{(pid=61695) enforce_call /opt/stack/keystone/keystone/common/rbac_enforcer/enforcer.py:494}}
Jan 16 22:21:59 ubuntu devstack@keystone.service[61695]: DEBUG keystone.common.rbac_enforcer.enforcer [None req-35a11778-18c2-4c97-a99c-52e0afac3dfb None admin] RBAC: Authorization granted {{(pid=61695) enforce_call /opt/stack/keystone/keystone/common/rbac_enforcer/enforcer.py:505}}
Jan 16 22:21:59 ubuntu devstack@keystone.service[61695]: [pid: 61695|app: 0|req: 19/40] 10.120.125.138 () {58 vars in 1184 bytes} [Fri Jan 16 22:21:59 2026] GET /identity/v3/roles?name=admin => generated 343 bytes in 72 msecs (HTTP/1.1 200) 5 headers in 177 bytes (1 switches on core 0)
Jan 16 22:21:59 ubuntu devstack@keystone.service[61695]: DEBUG keystone.server.flask.request_processing.middleware.auth_context [None req-35a11778-18c2-4c97-a99c-52e0afac3dfb None admin] Authenticating user token {{(pid=61695) process_request /opt/stack/data/venv/lib/python3.12/site-packages/keystonemiddleware/auth_token/__init__.py:407}}
Jan 16 22:21:59 ubuntu devstack@keystone.service[61694]: DEBUG keystone.server.flask.request_processing.middleware.auth_context [None req-98d234a6-f31b-44ce-a237-dbe17518a01c None None] Validating token access rules against request {{(pid=61694) validate_allowed_request /opt/stack/data/venv/lib/python3.12/site-packages/keystonemiddleware/auth_token/__init__.py:545}}
Jan 16 22:21:59 ubuntu devstack@keystone.service[61694]: DEBUG keystone.server.flask.request_processing.middleware.auth_context [None req-a04e492d-f7a4-4cb3-a7cf-18658252b193 None admin] RBAC: auth_context: {'token': <TokenModel (audit_id=3iCCmqj0TnqWuXCpyC7aMA, audit_chain_id=['3iCCmqj0TnqWuXCpyC7aMA']) at 0x76c9275db710>, 'domain_id': None, 'trust_id': None, 'trustor_id': None, 'trustee_id': None, 'domain_name': None, 'group_ids': [], 'user_id': 'f4924d0098704f7fb2c0b2e557b68cc2', 'user_domain_id': 'default', 'system_scope': 'all', 'project_id': None, 'project_domain_id': None, 'roles': ['admin', 'manager', 'member', 'reader'], 'is_admin_project': True, 'service_user_id': None, 'service_user_domain_id': None, 'service_project_id': None, 'service_project_domain_id': None, 'service_roles': []} {{(pid=61694) fill_context /opt/stack/keystone/keystone/server/flask/request_processing/middleware/auth_context.py:509}}
Jan 16 22:21:59 ubuntu devstack@keystone.service[61695]: DEBUG keystone.server.flask.request_processing.middleware.auth_context [None req-35a11778-18c2-4c97-a99c-52e0afac3dfb None admin] Validating token access rules against request {{(pid=61695) validate_allowed_request /opt/stack/data/venv/lib/python3.12/site-packages/keystonemiddleware/auth_token/__init__.py:545}}
Jan 16 22:21:59 ubuntu devstack@keystone.service[61694]: DEBUG keystone.server.flask.request_processing.req_logging [None req-a04e492d-f7a4-4cb3-a7cf-18658252b193 None admin] REQUEST_METHOD: `POST` {{(pid=61694) log_request_info /opt/stack/keystone/keystone/server/flask/request_processing/req_logging.py:26}}
Jan 16 22:21:59 ubuntu devstack@keystone.service[61694]: DEBUG keystone.server.flask.request_processing.req_logging [None req-a04e492d-f7a4-4cb3-a7cf-18658252b193 None admin] SCRIPT_NAME: `/identity` {{(pid=61694) log_request_info /opt/stack/keystone/keystone/server/flask/request_processing/req_logging.py:27}}
Jan 16 22:21:59 ubuntu devstack@keystone.service[61694]: DEBUG keystone.server.flask.request_processing.req_logging [None req-a04e492d-f7a4-4cb3-a7cf-18658252b193 None admin] PATH_INFO: `/v3/roles` {{(pid=61694) log_request_info /opt/stack/keystone/keystone/server/flask/request_processing/req_logging.py:28}}
Jan 16 22:21:59 ubuntu devstack@keystone.service[61694]: DEBUG keystone.common.rbac_enforcer.enforcer [None req-a04e492d-f7a4-4cb3-a7cf-18658252b193 None admin] RBAC: Authorizing `identity:create_role()` {{(pid=61694) enforce_call /opt/stack/keystone/keystone/common/rbac_enforcer/enforcer.py:494}}
Jan 16 22:21:59 ubuntu devstack@keystone.service[61694]: DEBUG keystone.common.rbac_enforcer.enforcer [None req-a04e492d-f7a4-4cb3-a7cf-18658252b193 None admin] RBAC: Authorization granted {{(pid=61694) enforce_call /opt/stack/keystone/keystone/common/rbac_enforcer/enforcer.py:505}}
Jan 16 22:21:59 ubuntu devstack@keystone.service[61694]: [pid: 61694|app: 0|req: 22/41] 10.120.125.138 () {62 vars in 1203 bytes} [Fri Jan 16 22:21:59 2026] POST /identity/v3/roles => generated 227 bytes in 67 msecs (HTTP/1.1 201) 5 headers in 182 bytes (1 switches on core 0)
Jan 16 22:21:59 ubuntu devstack@keystone.service[61694]: DEBUG keystone.server.flask.request_processing.middleware.auth_context [None req-a04e492d-f7a4-4cb3-a7cf-18658252b193 None admin] Authenticating user token {{(pid=61694) process_request /opt/stack/data/venv/lib/python3.12/site-packages/keystonemiddleware/auth_token/__init__.py:407}}
Jan 16 22:21:59 ubuntu devstack@keystone.service[61695]: DEBUG keystone.server.flask.request_processing.middleware.auth_context [None req-918f7aa9-37fd-453c-a2db-32be2d00784b None admin] RBAC: auth_context: {'token': <TokenModel (audit_id=hE_gXDOaTja9bEStXDAW-A, audit_chain_id=['hE_gXDOaTja9bEStXDAW-A']) at 0x76c9274eeae0>, 'domain_id': None, 'trust_id': None, 'trustor_id': None, 'trustee_id': None, 'domain_name': None, 'group_ids': [], 'user_id': 'f4924d0098704f7fb2c0b2e557b68cc2', 'user_domain_id': 'default', 'system_scope': 'all', 'project_id': None, 'project_domain_id': None, 'roles': ['admin', 'manager', 'member', 'reader'], 'is_admin_project': True, 'service_user_id': None, 'service_user_domain_id': None, 'service_project_id': None, 'service_project_domain_id': None, 'service_roles': []} {{(pid=61695) fill_context /opt/stack/keystone/keystone/server/flask/request_processing/middleware/auth_context.py:509}}
Jan 16 22:21:59 ubuntu devstack@keystone.service[61695]: DEBUG keystone.server.flask.request_processing.req_logging [None req-918f7aa9-37fd-453c-a2db-32be2d00784b None admin] REQUEST_METHOD: `GET` {{(pid=61695) log_request_info /opt/stack/keystone/keystone/server/flask/request_processing/req_logging.py:26}}
Jan 16 22:21:59 ubuntu devstack@keystone.service[61695]: DEBUG keystone.server.flask.request_processing.req_logging [None req-918f7aa9-37fd-453c-a2db-32be2d00784b None admin] SCRIPT_NAME: `/identity` {{(pid=61695) log_request_info /opt/stack/keystone/keystone/server/flask/request_processing/req_logging.py:27}}
Jan 16 22:21:59 ubuntu devstack@keystone.service[61695]: DEBUG keystone.server.flask.request_processing.req_logging [None req-918f7aa9-37fd-453c-a2db-32be2d00784b None admin] PATH_INFO: `/v3/roles` {{(pid=61695) log_request_info /opt/stack/keystone/keystone/server/flask/request_processing/req_logging.py:28}}
Jan 16 22:21:59 ubuntu devstack@keystone.service[61695]: DEBUG keystone.common.rbac_enforcer.enforcer [None req-918f7aa9-37fd-453c-a2db-32be2d00784b None admin] RBAC: Adding query filter params (name=service) {{(pid=61695) _extract_filter_values /opt/stack/keystone/keystone/common/rbac_enforcer/enforcer.py:176}}
Jan 16 22:21:59 ubuntu devstack@keystone.service[61695]: DEBUG keystone.common.rbac_enforcer.enforcer [None req-918f7aa9-37fd-453c-a2db-32be2d00784b None admin] RBAC: Authorizing `identity:list_roles()` {{(pid=61695) enforce_call /opt/stack/keystone/keystone/common/rbac_enforcer/enforcer.py:494}}
Jan 16 22:21:59 ubuntu devstack@keystone.service[61695]: DEBUG keystone.common.rbac_enforcer.enforcer [None req-918f7aa9-37fd-453c-a2db-32be2d00784b None admin] RBAC: Authorization granted {{(pid=61695) enforce_call /opt/stack/keystone/keystone/common/rbac_enforcer/enforcer.py:505}}
Jan 16 22:21:59 ubuntu devstack@keystone.service[61695]: [pid: 61695|app: 0|req: 20/42] 10.120.125.138 () {58 vars in 1188 bytes} [Fri Jan 16 22:21:59 2026] GET /identity/v3/roles?name=service => generated 347 bytes in 64 msecs (HTTP/1.1 200) 5 headers in 177 bytes (1 switches on core 0)
Jan 16 22:21:59 ubuntu devstack@keystone.service[61694]: DEBUG keystone.server.flask.request_processing.middleware.auth_context [None req-a04e492d-f7a4-4cb3-a7cf-18658252b193 None admin] Validating token access rules against request {{(pid=61694) validate_allowed_request /opt/stack/data/venv/lib/python3.12/site-packages/keystonemiddleware/auth_token/__init__.py:545}}
Jan 16 22:21:59 ubuntu devstack@keystone.service[61694]: DEBUG keystone.server.flask.request_processing.middleware.auth_context [None req-95db68a4-d832-47af-82ac-154dad49655a None admin] RBAC: auth_context: {'token': <TokenModel (audit_id=5ytIottpT4ieYqx9-cjMvw, audit_chain_id=['5ytIottpT4ieYqx9-cjMvw']) at 0x76c927487290>, 'domain_id': None, 'trust_id': None, 'trustor_id': None, 'trustee_id': None, 'domain_name': None, 'group_ids': [], 'user_id': 'f4924d0098704f7fb2c0b2e557b68cc2', 'user_domain_id': 'default', 'system_scope': 'all', 'project_id': None, 'project_domain_id': None, 'roles': ['admin', 'manager', 'member', 'reader'], 'is_admin_project': True, 'service_user_id': None, 'service_user_domain_id': None, 'service_project_id': None, 'service_project_domain_id': None, 'service_roles': []} {{(pid=61694) fill_context /opt/stack/keystone/keystone/server/flask/request_processing/middleware/auth_context.py:509}}
Jan 16 22:21:59 ubuntu devstack@keystone.service[61694]: DEBUG keystone.server.flask.request_processing.req_logging [None req-95db68a4-d832-47af-82ac-154dad49655a None admin] REQUEST_METHOD: `GET` {{(pid=61694) log_request_info /opt/stack/keystone/keystone/server/flask/request_processing/req_logging.py:26}}
Jan 16 22:21:59 ubuntu devstack@keystone.service[61694]: DEBUG keystone.server.flask.request_processing.req_logging [None req-95db68a4-d832-47af-82ac-154dad49655a None admin] SCRIPT_NAME: `/identity` {{(pid=61694) log_request_info /opt/stack/keystone/keystone/server/flask/request_processing/req_logging.py:27}}
Jan 16 22:21:59 ubuntu devstack@keystone.service[61694]: DEBUG keystone.server.flask.request_processing.req_logging [None req-95db68a4-d832-47af-82ac-154dad49655a None admin] PATH_INFO: `/v3/users/f4924d0098704f7fb2c0b2e557b68cc2` {{(pid=61694) log_request_info /opt/stack/keystone/keystone/server/flask/request_processing/req_logging.py:28}}
Jan 16 22:21:59 ubuntu devstack@keystone.service[61694]: DEBUG keystone.common.rbac_enforcer.enforcer [None req-95db68a4-d832-47af-82ac-154dad49655a None admin] RBAC: Authorizing `identity:get_user(user_id=f4924d0098704f7fb2c0b2e557b68cc2)` {{(pid=61694) enforce_call /opt/stack/keystone/keystone/common/rbac_enforcer/enforcer.py:494}}
Jan 16 22:21:59 ubuntu devstack@keystone.service[61694]: DEBUG keystone.common.rbac_enforcer.enforcer [None req-95db68a4-d832-47af-82ac-154dad49655a None admin] RBAC: Authorization granted {{(pid=61694) enforce_call /opt/stack/keystone/keystone/common/rbac_enforcer/enforcer.py:505}}
Jan 16 22:21:59 ubuntu devstack@keystone.service[61695]: DEBUG keystone.server.flask.request_processing.middleware.auth_context [None req-918f7aa9-37fd-453c-a2db-32be2d00784b None admin] Authenticating user token {{(pid=61695) process_request /opt/stack/data/venv/lib/python3.12/site-packages/keystonemiddleware/auth_token/__init__.py:407}}
Jan 16 22:21:59 ubuntu devstack@keystone.service[61694]: [pid: 61694|app: 0|req: 23/43] 10.120.125.138 () {58 vars in 1249 bytes} [Fri Jan 16 22:21:59 2026] GET /identity/v3/users/f4924d0098704f7fb2c0b2e557b68cc2 => generated 249 bytes in 60 msecs (HTTP/1.1 200) 5 headers in 177 bytes (2 switches on core 0)
Jan 16 22:21:59 ubuntu devstack@keystone.service[61694]: DEBUG keystone.server.flask.request_processing.middleware.auth_context [None req-95db68a4-d832-47af-82ac-154dad49655a None admin] Authenticating user token {{(pid=61694) process_request /opt/stack/data/venv/lib/python3.12/site-packages/keystonemiddleware/auth_token/__init__.py:407}}
Jan 16 22:21:59 ubuntu devstack@keystone.service[61695]: DEBUG keystone.server.flask.request_processing.middleware.auth_context [None req-918f7aa9-37fd-453c-a2db-32be2d00784b None admin] Validating token access rules against request {{(pid=61695) validate_allowed_request /opt/stack/data/venv/lib/python3.12/site-packages/keystonemiddleware/auth_token/__init__.py:545}}
Jan 16 22:21:59 ubuntu devstack@keystone.service[61695]: DEBUG keystone.server.flask.request_processing.middleware.auth_context [None req-e1c8e9db-1be3-466a-ae74-aae832b79182 None admin] RBAC: auth_context: {'token': <TokenModel (audit_id=5epvN4rmRzeKOG6RY9ybZA, audit_chain_id=['5epvN4rmRzeKOG6RY9ybZA']) at 0x76c9274ef2f0>, 'domain_id': None, 'trust_id': None, 'trustor_id': None, 'trustee_id': None, 'domain_name': None, 'group_ids': [], 'user_id': 'f4924d0098704f7fb2c0b2e557b68cc2', 'user_domain_id': 'default', 'system_scope': 'all', 'project_id': None, 'project_domain_id': None, 'roles': ['admin', 'manager', 'member', 'reader'], 'is_admin_project': True, 'service_user_id': None, 'service_user_domain_id': None, 'service_project_id': None, 'service_project_domain_id': None, 'service_roles': []} {{(pid=61695) fill_context /opt/stack/keystone/keystone/server/flask/request_processing/middleware/auth_context.py:509}}
Jan 16 22:21:59 ubuntu devstack@keystone.service[61695]: DEBUG keystone.server.flask.request_processing.req_logging [None req-e1c8e9db-1be3-466a-ae74-aae832b79182 None admin] REQUEST_METHOD: `POST` {{(pid=61695) log_request_info /opt/stack/keystone/keystone/server/flask/request_processing/req_logging.py:26}}
Jan 16 22:21:59 ubuntu devstack@keystone.service[61695]: DEBUG keystone.server.flask.request_processing.req_logging [None req-e1c8e9db-1be3-466a-ae74-aae832b79182 None admin] SCRIPT_NAME: `/identity` {{(pid=61695) log_request_info /opt/stack/keystone/keystone/server/flask/request_processing/req_logging.py:27}}
Jan 16 22:21:59 ubuntu devstack@keystone.service[61695]: DEBUG keystone.server.flask.request_processing.req_logging [None req-e1c8e9db-1be3-466a-ae74-aae832b79182 None admin] PATH_INFO: `/v3/roles` {{(pid=61695) log_request_info /opt/stack/keystone/keystone/server/flask/request_processing/req_logging.py:28}}
Jan 16 22:21:59 ubuntu devstack@keystone.service[61695]: DEBUG keystone.common.rbac_enforcer.enforcer [None req-e1c8e9db-1be3-466a-ae74-aae832b79182 None admin] RBAC: Authorizing `identity:create_role()` {{(pid=61695) enforce_call /opt/stack/keystone/keystone/common/rbac_enforcer/enforcer.py:494}}
Jan 16 22:21:59 ubuntu devstack@keystone.service[61695]: DEBUG keystone.common.rbac_enforcer.enforcer [None req-e1c8e9db-1be3-466a-ae74-aae832b79182 None admin] RBAC: Authorization granted {{(pid=61695) enforce_call /opt/stack/keystone/keystone/common/rbac_enforcer/enforcer.py:505}}
Jan 16 22:21:59 ubuntu devstack@keystone.service[61694]: DEBUG keystone.server.flask.request_processing.middleware.auth_context [None req-95db68a4-d832-47af-82ac-154dad49655a None admin] Validating token access rules against request {{(pid=61694) validate_allowed_request /opt/stack/data/venv/lib/python3.12/site-packages/keystonemiddleware/auth_token/__init__.py:545}}
Jan 16 22:21:59 ubuntu devstack@keystone.service[61694]: DEBUG keystone.server.flask.request_processing.middleware.auth_context [None req-20b3134b-c35b-46c4-937f-670455b2a2aa None admin] RBAC: auth_context: {'token': <TokenModel (audit_id=5ytIottpT4ieYqx9-cjMvw, audit_chain_id=['5ytIottpT4ieYqx9-cjMvw']) at 0x76c927487fe0>, 'domain_id': None, 'trust_id': None, 'trustor_id': None, 'trustee_id': None, 'domain_name': None, 'group_ids': [], 'user_id': 'f4924d0098704f7fb2c0b2e557b68cc2', 'user_domain_id': 'default', 'system_scope': 'all', 'project_id': None, 'project_domain_id': None, 'roles': ['admin', 'manager', 'member', 'reader'], 'is_admin_project': True, 'service_user_id': None, 'service_user_domain_id': None, 'service_project_id': None, 'service_project_domain_id': None, 'service_roles': []} {{(pid=61694) fill_context /opt/stack/keystone/keystone/server/flask/request_processing/middleware/auth_context.py:509}}
Jan 16 22:21:59 ubuntu devstack@keystone.service[61694]: DEBUG keystone.server.flask.request_processing.req_logging [None req-20b3134b-c35b-46c4-937f-670455b2a2aa None admin] REQUEST_METHOD: `GET` {{(pid=61694) log_request_info /opt/stack/keystone/keystone/server/flask/request_processing/req_logging.py:26}}
Jan 16 22:21:59 ubuntu devstack@keystone.service[61694]: DEBUG keystone.server.flask.request_processing.req_logging [None req-20b3134b-c35b-46c4-937f-670455b2a2aa None admin] SCRIPT_NAME: `/identity` {{(pid=61694) log_request_info /opt/stack/keystone/keystone/server/flask/request_processing/req_logging.py:27}}
Jan 16 22:21:59 ubuntu devstack@keystone.service[61694]: DEBUG keystone.server.flask.request_processing.req_logging [None req-20b3134b-c35b-46c4-937f-670455b2a2aa None admin] PATH_INFO: `/v3/domains/default` {{(pid=61694) log_request_info /opt/stack/keystone/keystone/server/flask/request_processing/req_logging.py:28}}
Jan 16 22:21:59 ubuntu devstack@keystone.service[61694]: DEBUG keystone.common.rbac_enforcer.enforcer [None req-20b3134b-c35b-46c4-937f-670455b2a2aa None admin] RBAC: Authorizing `identity:get_domain(domain_id=default)` {{(pid=61694) enforce_call /opt/stack/keystone/keystone/common/rbac_enforcer/enforcer.py:494}}
Jan 16 22:21:59 ubuntu devstack@keystone.service[61694]: DEBUG keystone.common.rbac_enforcer.enforcer [None req-20b3134b-c35b-46c4-937f-670455b2a2aa None admin] RBAC: Authorization granted {{(pid=61694) enforce_call /opt/stack/keystone/keystone/common/rbac_enforcer/enforcer.py:505}}
Jan 16 22:21:59 ubuntu devstack@keystone.service[61694]: [pid: 61694|app: 0|req: 24/44] 10.120.125.138 () {58 vars in 1180 bytes} [Fri Jan 16 22:21:59 2026] GET /identity/v3/domains/default => generated 201 bytes in 98 msecs (HTTP/1.1 200) 5 headers in 177 bytes (1 switches on core 0)
Jan 16 22:21:59 ubuntu devstack@keystone.service[61695]: [pid: 61695|app: 0|req: 21/45] 10.120.125.138 () {62 vars in 1203 bytes} [Fri Jan 16 22:21:59 2026] POST /identity/v3/roles => generated 225 bytes in 191 msecs (HTTP/1.1 201) 5 headers in 182 bytes (1 switches on core 0)
Jan 16 22:21:59 ubuntu devstack@keystone.service[61694]: DEBUG keystone.server.flask.request_processing.middleware.auth_context [None req-20b3134b-c35b-46c4-937f-670455b2a2aa None admin] Authenticating user token {{(pid=61694) process_request /opt/stack/data/venv/lib/python3.12/site-packages/keystonemiddleware/auth_token/__init__.py:407}}
Jan 16 22:21:59 ubuntu devstack@keystone.service[61695]: DEBUG keystone.server.flask.request_processing.middleware.auth_context [None req-e1c8e9db-1be3-466a-ae74-aae832b79182 None admin] Authenticating user token {{(pid=61695) process_request /opt/stack/data/venv/lib/python3.12/site-packages/keystonemiddleware/auth_token/__init__.py:407}}
Jan 16 22:21:59 ubuntu devstack@keystone.service[61694]: DEBUG keystone.server.flask.request_processing.middleware.auth_context [None req-20b3134b-c35b-46c4-937f-670455b2a2aa None admin] Validating token access rules against request {{(pid=61694) validate_allowed_request /opt/stack/data/venv/lib/python3.12/site-packages/keystonemiddleware/auth_token/__init__.py:545}}
Jan 16 22:21:59 ubuntu devstack@keystone.service[61695]: DEBUG keystone.server.flask.request_processing.middleware.auth_context [None req-e1c8e9db-1be3-466a-ae74-aae832b79182 None admin] Validating token access rules against request {{(pid=61695) validate_allowed_request /opt/stack/data/venv/lib/python3.12/site-packages/keystonemiddleware/auth_token/__init__.py:545}}
Jan 16 22:21:59 ubuntu devstack@keystone.service[61694]: DEBUG keystone.server.flask.request_processing.middleware.auth_context [None req-c1879b4e-8d38-4f64-84ab-764983f94a80 None admin] RBAC: auth_context: {'token': <TokenModel (audit_id=2cxqCMGRSk-1pdnWB4Vs7g, audit_chain_id=['2cxqCMGRSk-1pdnWB4Vs7g']) at 0x76c9274b1d30>, 'domain_id': None, 'trust_id': None, 'trustor_id': None, 'trustee_id': None, 'domain_name': None, 'group_ids': [], 'user_id': 'f4924d0098704f7fb2c0b2e557b68cc2', 'user_domain_id': 'default', 'system_scope': 'all', 'project_id': None, 'project_domain_id': None, 'roles': ['admin', 'manager', 'member', 'reader'], 'is_admin_project': True, 'service_user_id': None, 'service_user_domain_id': None, 'service_project_id': None, 'service_project_domain_id': None, 'service_roles': []} {{(pid=61694) fill_context /opt/stack/keystone/keystone/server/flask/request_processing/middleware/auth_context.py:509}}
Jan 16 22:21:59 ubuntu devstack@keystone.service[61694]: DEBUG keystone.server.flask.request_processing.req_logging [None req-c1879b4e-8d38-4f64-84ab-764983f94a80 None admin] REQUEST_METHOD: `GET` {{(pid=61694) log_request_info /opt/stack/keystone/keystone/server/flask/request_processing/req_logging.py:26}}
Jan 16 22:21:59 ubuntu devstack@keystone.service[61694]: DEBUG keystone.server.flask.request_processing.req_logging [None req-c1879b4e-8d38-4f64-84ab-764983f94a80 None admin] SCRIPT_NAME: `/identity` {{(pid=61694) log_request_info /opt/stack/keystone/keystone/server/flask/request_processing/req_logging.py:27}}
Jan 16 22:21:59 ubuntu devstack@keystone.service[61694]: DEBUG keystone.server.flask.request_processing.req_logging [None req-c1879b4e-8d38-4f64-84ab-764983f94a80 None admin] PATH_INFO: `/v3/domains/default` {{(pid=61694) log_request_info /opt/stack/keystone/keystone/server/flask/request_processing/req_logging.py:28}}
Jan 16 22:21:59 ubuntu devstack@keystone.service[61694]: DEBUG keystone.common.rbac_enforcer.enforcer [None req-c1879b4e-8d38-4f64-84ab-764983f94a80 None admin] RBAC: Authorizing `identity:get_domain(domain_id=default)` {{(pid=61694) enforce_call /opt/stack/keystone/keystone/common/rbac_enforcer/enforcer.py:494}}
Jan 16 22:21:59 ubuntu devstack@keystone.service[61694]: DEBUG keystone.common.rbac_enforcer.enforcer [None req-c1879b4e-8d38-4f64-84ab-764983f94a80 None admin] RBAC: Authorization granted {{(pid=61694) enforce_call /opt/stack/keystone/keystone/common/rbac_enforcer/enforcer.py:505}}
Jan 16 22:21:59 ubuntu devstack@keystone.service[61694]: [pid: 61694|app: 0|req: 25/46] 10.120.125.138 () {58 vars in 1137 bytes} [Fri Jan 16 22:21:59 2026] GET /identity/v3/domains/default => generated 201 bytes in 99 msecs (HTTP/1.1 200) 5 headers in 177 bytes (2 switches on core 0)
Jan 16 22:21:59 ubuntu devstack@keystone.service[61695]: DEBUG keystone.server.flask.request_processing.middleware.auth_context [None req-2e1a489c-984d-42f6-bd96-e43fb9b17109 None admin] RBAC: auth_context: {'token': <TokenModel (audit_id=5ytIottpT4ieYqx9-cjMvw, audit_chain_id=['5ytIottpT4ieYqx9-cjMvw']) at 0x76c927433170>, 'domain_id': None, 'trust_id': None, 'trustor_id': None, 'trustee_id': None, 'domain_name': None, 'group_ids': [], 'user_id': 'f4924d0098704f7fb2c0b2e557b68cc2', 'user_domain_id': 'default', 'system_scope': 'all', 'project_id': None, 'project_domain_id': None, 'roles': ['admin', 'manager', 'member', 'reader'], 'is_admin_project': True, 'service_user_id': None, 'service_user_domain_id': None, 'service_project_id': None, 'service_project_domain_id': None, 'service_roles': []} {{(pid=61695) fill_context /opt/stack/keystone/keystone/server/flask/request_processing/middleware/auth_context.py:509}}
Jan 16 22:21:59 ubuntu devstack@keystone.service[61695]: DEBUG keystone.server.flask.request_processing.req_logging [None req-2e1a489c-984d-42f6-bd96-e43fb9b17109 None admin] REQUEST_METHOD: `GET` {{(pid=61695) log_request_info /opt/stack/keystone/keystone/server/flask/request_processing/req_logging.py:26}}
Jan 16 22:21:59 ubuntu devstack@keystone.service[61695]: DEBUG keystone.server.flask.request_processing.req_logging [None req-2e1a489c-984d-42f6-bd96-e43fb9b17109 None admin] SCRIPT_NAME: `/identity` {{(pid=61695) log_request_info /opt/stack/keystone/keystone/server/flask/request_processing/req_logging.py:27}}
Jan 16 22:21:59 ubuntu devstack@keystone.service[61695]: DEBUG keystone.server.flask.request_processing.req_logging [None req-2e1a489c-984d-42f6-bd96-e43fb9b17109 None admin] PATH_INFO: `/v3/role_assignments` {{(pid=61695) log_request_info /opt/stack/keystone/keystone/server/flask/request_processing/req_logging.py:28}}
Jan 16 22:21:59 ubuntu devstack@keystone.service[61695]: DEBUG keystone.common.rbac_enforcer.enforcer [None req-2e1a489c-984d-42f6-bd96-e43fb9b17109 None admin] RBAC: Adding query filter params (role.id=d527bdf3d5ae4b2a88403350256f4680, scope.domain.id=default, user.id=f4924d0098704f7fb2c0b2e557b68cc2) {{(pid=61695) _extract_filter_values /opt/stack/keystone/keystone/common/rbac_enforcer/enforcer.py:176}}
Jan 16 22:21:59 ubuntu devstack@keystone.service[61695]: DEBUG keystone.common.rbac_enforcer.enforcer [None req-2e1a489c-984d-42f6-bd96-e43fb9b17109 None admin] RBAC: Authorizing `identity:list_role_assignments()` {{(pid=61695) enforce_call /opt/stack/keystone/keystone/common/rbac_enforcer/enforcer.py:494}}
Jan 16 22:21:59 ubuntu devstack@keystone.service[61695]: DEBUG keystone.common.rbac_enforcer.enforcer [None req-2e1a489c-984d-42f6-bd96-e43fb9b17109 None admin] RBAC: Authorization granted {{(pid=61695) enforce_call /opt/stack/keystone/keystone/common/rbac_enforcer/enforcer.py:505}}
Jan 16 22:21:59 ubuntu devstack@keystone.service[61695]: [pid: 61695|app: 0|req: 22/47] 10.120.125.138 () {58 vars in 1407 bytes} [Fri Jan 16 22:21:59 2026] GET /identity/v3/role_assignments?role.id=d527bdf3d5ae4b2a88403350256f4680&scope.domain.id=default&user.id=f4924d0098704f7fb2c0b2e557b68cc2 => generated 534 bytes in 113 msecs (HTTP/1.1 200) 5 headers in 177 bytes (1 switches on core 0)
