"pcp-dstat 6.2.0 CSV Output"
"Author:","PCP team <pcp@groups.io> and Dag Wieers <dag@wieers.com>",,,,"URL:","https://pcp.io/ and http://dag.wieers.com/home-made/dstat/"
"Host:","np0000094326",,,,"User:","ubuntu"
"Cmdline:","dstat -tcmndrylpg --tcp --output /tmp/devstack_logs/dstat-csv.log",,,,"Date:","11 Jun 2026 16:13:58 UTC"
"system","total usage",,,,,"memory usage",,,,"net/total",,"dsk/total",,"io/total",,"system",,"load avg",,,"procs",,,"paging",,"tcp sockets",,,,
"time","total usage:usr","total usage:sys","total usage:idl","total usage:wai","total usage:stl","used","free","buf","cach","net/total:recv","net/total:send","dsk/total:read","dsk/total:writ","read","writ","int","csw","1m","5m","15m","run","blk","new","in","out","lis","act","syn","tim","clo"
11-06 16:13:58,,1027008,1597252,162944,5034664,,,,,,,1.260,1.030,0.670,2,0,,,,10,5,0,17,1
11-06 16:13:59,27.482,20.237,50.466,0.250,0,1032636,1591276,163024,5034876,28157.308,9543.664,0,1039.310,0,29.980,5258,3052,1.320,1.050,0.680,2,0,238.841,0,0,10,5,0,17,1
11-06 16:14:00,24.009,20.758,53.520,0.750,0,1029320,1594124,163180,5035092,48145.742,12228.506,0,1440.531,0,45.017,5035,2973,1.320,1.050,0.680,3,0,211.078,0,0,10,4,0,17,2
11-06 16:14:01,28.490,20.243,49.233,0.250,0,1024496,1598360,163288,5035416,23116.239,9629.767,0,1159.611,0,37.987,4958,2731,1.320,1.050,0.680,2,0,189.936,0,0,10,4,0,17,2
11-06 16:14:02,29.248,20.749,47.747,0.500,0,1015184,1586776,163492,5055472,183130.177,8717.532,0,1779.905,0,87.995,5013,2974,1.320,1.050,0.680,4,0,165.991,0,0,10,4,0,17,2
11-06 16:14:03,39.430,18.467,41.427,0.749,0,1012172,1574032,164356,5067892,11201.206,1617.142,0,1265.763,0,57.898,4864,4436,1.320,1.050,0.680,2,0,157.721,0,0,10,4,0,17,2
11-06 16:14:04,39.302,16.772,42.557,0.250,0,1019844,1550272,164760,5081816,11782.691,1514.016,0,1405.872,0,32.043,4957,4428,1.370,1.070,0.690,6,0,133.177,0,0,10,4,0,11,2
11-06 16:14:05,40.667,18.463,38.921,0.499,0,999816,1549716,165204,5100240,12361.900,1616.717,0,1469.017,0,47.903,6335,7222,1.370,1.070,0.690,3,0,187.619,0,0,10,4,0,11,2
11-06 16:14:06,36.328,14.531,40.086,8.268,0,1027740,1507196,166012,5111972,14463.923,1623.471,797.705,9059.368,23.049,524.121,5261,5422,1.370,1.070,0.690,0,3,86.184,0,0,10,4,0,11,2
11-06 16:14:07,26.003,9.501,49.006,15.002,0,1027828,1493360,166744,5123316,12979.552,1620.194,216.026,14461.729,15.002,204.024,2520,1436,1.370,1.070,0.690,2,0,6.001,0,0,10,4,0,11,2
11-06 16:14:08,24.505,5.501,68.765,0.750,0,1026664,1469336,167624,5145240,9941.187,1566.345,0,1816.400,0,60.013,2313,1498,1.370,1.070,0.690,1,0,9.002,0,0,10,4,0,11,2
11-06 16:14:09,21.746,3.749,73.988,0.250,0,1035108,1477420,167756,5128680,10895.244,2099.662,0,407.934,0,14.998,1971,1121,1.340,1.060,0.690,1,0,18.997,0,0,10,2,0,11,0
11-06 16:14:10,18.749,2.250,77.997,0,0,1047176,1465332,167764,5128692,19678.255,4626.825,0,575.978,0,6.000,1640,943,1.340,1.060,0.690,1,0,15.999,0,0,10,3,0,11,0
11-06 16:14:11,23.002,3.250,73.756,0.250,0,1029888,1475296,168052,5134792,10921.884,1686.136,0,2316.187,0,93.008,1803,997,1.340,1.060,0.690,1,0,3.000,0,0,10,2,0,11,0
11-06 16:14:12,21.990,6.747,68.968,0,0.250,1044068,1459596,168076,5136088,12147.380,1619.251,0,15073.026,0,77.964,12185,22124,1.340,1.060,0.690,1,0,12.994,0,0,10,2,0,11,0
11-06 16:14:13,23.999,6.000,68.746,0,0,1057768,1445760,168080,5136208,12953.219,1619.902,0,851.949,0,123.993,10008,18022,1.340,1.060,0.690,1,0,7.000,0,0,10,2,0,11,0
11-06 16:14:14,20.514,5.254,74.051,0,0,1030548,1472904,168084,5136224,12508.635,1621.119,0,176.122,0,2.001,1981,1005,1.320,1.060,0.690,1,0,14.010,0,0,10,2,0,11,0
11-06 16:14:15,15.749,3.250,80.494,0.250,0,980928,1530832,168084,5128812,16552.791,131446.399,0,1311.904,0,12.999,1770,989,1.320,1.060,0.690,0,0,5.000,0,0,10,2,0,11,0
11-06 16:14:16,0.250,0,98.763,0,0,972732,1539028,168084,5128812,8566.120,1566.205,0,0,0,0,489,576,1.320,1.060,0.690,0,0,0,0,0,10,2,0,10,0
11-06 16:14:17,0.250,1.250,97.231,0,0,964876,1546880,168084,5128812,10772.931,1619.689,0,9858.106,0,41.992,763,761,1.320,1.060,0.690,0,0,0,0,0,10,2,0,10,0
11-06 16:14:18,0.750,2.000,97.246,0,0,958456,1553300,168084,5128812,12251.546,1619.940,0,4.000,0,1.000,727,649,1.320,1.060,0.690,0,0,6.000,0,0,10,2,0,10,0
11-06 16:14:19,0.500,0.250,98.534,0,0,950672,1561080,168084,5128816,10681.640,1512.515,0,2260.770,0,14.005,505,547,1.210,1.040,0.690,0,0,0,0,0,10,2,0,10,0
11-06 16:14:20,0.500,0.500,98.711,0,0,943548,1568220,168084,5128816,12350.139,1619.363,0,983.613,0,2.999,580,594,1.210,1.040,0.690,1,0,0,0,0,10,2,0,9,0
11-06 16:14:21,0.250,0.250,98.974,0,0,937332,1574436,168084,5128816,11231.021,1619.570,0,7.998,0,1.000,503,554,1.210,1.040,0.690,2,0,0,0,0,10,2,0,9,0
11-06 16:14:22,0.250,2.001,96.526,0,0,934876,1576884,168084,5128816,13539.617,1620.433,0,32384.650,0,162.043,1038,1003,1.210,1.040,0.690,0,0,0,0,0,10,2,0,9,0
11-06 16:14:23,0.500,0.500,98.753,0,0,929844,1581916,168084,5128816,13053.424,1620.053,0,0,0,0,602,632,1.210,1.040,0.690,0,0,1.000,0,0,10,2,0,9,0
11-06 16:14:24,0.250,0.250,98.760,0,0,926692,1585068,168084,5128816,8902.920,1620.167,0,4.000,0,1.000,515,587,1.110,1.030,0.690,0,0,0,0,0,10,2,0,9,0
11-06 16:14:25,0.750,0.250,98.503,0.250,0,923744,1588008,168092,5128816,11956.312,1566.041,0,692.018,0,2.000,566,581,1.110,1.030,0.690,0,0,0,0,0,10,2,0,9,0
11-06 16:14:26,0.500,0.250,98.983,0,0,919624,1592124,168092,5128820,10087.263,1511.740,0,0,0,0,531,570,1.110,1.030,0.690,0,0,0,0,0,10,2,0,9,0
11-06 16:14:27,0.500,0.250,99.018,0,0,913292,1598456,168092,5128820,9029.654,1620.297,0,4.001,0,1.000,487,551,1.110,1.030,0.690,0,0,0,0,0,10,2,0,9,0
11-06 16:14:28,0.250,0.500,98.489,0,0,906296,1605452,168092,5128820,12003.710,1565.832,0,2007.784,0,4.000,556,585,1.110,1.030,0.690,0,0,0,0,0,10,2,0,9,0
11-06 16:14:29,0.500,0.500,98.742,0,0,901604,1610144,168092,5128820,12007.035,1133.909,0,0,0,0,562,573,1.020,1.010,0.680,0,0,0,0,0,10,2,0,9,0
11-06 16:14:30,0.750,0,98.744,0,0,896920,1614828,168092,5128820,14955.156,1511.915,0,63.996,0,3.000,615,587,1.020,1.010,0.680,0,0,0,0,0,10,2,0,9,0
11-06 16:14:31,0.750,0.500,98.770,0,0,893124,1618624,168092,5128820,13325.732,1620.332,0,0,0,0,577,556,1.020,1.010,0.680,0,0,0,0,0,10,2,0,9,0
11-06 16:14:32,0,0.250,98.736,0,0,891268,1620480,168092,5128820,8352.788,1619.765,0,0,0,0,508,566,1.020,1.010,0.680,1,0,0,0,0,10,2,0,9,0
11-06 16:14:33,0.500,1.000,97.502,0.500,0,889808,1621940,168092,5128820,12792.295,1620.037,0,9060.209,0,69.002,781,806,1.020,1.010,0.680,0,0,1.000,0,0,10,2,0,9,0
11-06 16:14:34,0.250,0.250,98.996,0,0,889532,1622216,168092,5128820,13526.420,1619.930,0,0,0,0,531,561,0.940,0.990,0.680,0,0,0,0,0,10,2,0,9,0
11-06 16:14:35,0.750,0.250,98.502,0,0,889496,1622252,168092,5128820,14729.358,1620.039,0,192.005,0,2.000,588,581,0.940,0.990,0.680,0,0,0,0,0,10,2,0,9,0
11-06 16:14:36,0.500,0,98.746,0,0,889496,1622252,168092,5128820,12091.462,1565.930,0,4.000,0,1.000,559,569,0.940,0.990,0.680,0,0,0,0,0,10,2,0,9,0
11-06 16:14:37,0.250,0.500,98.746,0,0,889324,1622424,168092,5128820,13523.430,1619.932,0,0,0,0,546,561,0.940,0.990,0.680,0,0,0,0,0,10,2,0,9,0
11-06 16:14:38,0.500,5.001,91.263,2.250,0,888632,1623108,168092,5128820,12620.735,1512.208,0,91748.611,0,728.100,1628,1384,0.940,0.990,0.680,0,0,0,0,0,10,2,0,9,0
11-06 16:14:39,0.250,0,99.261,0,0,888544,1623196,168092,5128820,8453.967,1620.185,0,4.000,0,1.000,506,562,0.870,0.980,0.670,0,0,0,0,0,10,2,0,9,0
11-06 16:14:40,0.500,0.750,98.240,0.250,0,888372,1623368,168092,5128820,22208.653,1619.829,0,1375.855,0,3.000,534,580,0.870,0.980,0.670,0,0,0,0,0,10,2,0,9,0
11-06 16:14:41,0.250,0.250,99.143,0,0,888516,1623224,168092,5128820,14090.370,1622.345,0,0,0,0,548,559,0.870,0.980,0.670,0,0,0,0,0,10,2,0,9,0
11-06 16:14:42,0.250,0,98.860,0,0,888484,1623256,168092,5128820,10959.436,1617.703,0,3.994,0,0.999,519,554,0.870,0.980,0.670,0,0,0,0,0,10,2,0,9,0
11-06 16:14:43,0.500,0.750,98.752,0.250,0,888452,1623284,168092,5128824,12361.190,1566.024,0,212.003,0,41.001,607,650,0.870,0.980,0.670,0,0,1.000,0,0,10,2,0,9,0
11-06 16:14:44,0.250,0.500,98.240,0,0,888452,1623284,168092,5128824,10720.953,1511.852,0,2047.800,0,7.999,570,596,0.800,0.960,0.670,0,0,0,0,0,10,2,0,9,0
11-06 16:14:45,0.500,0.250,98.742,0,0.250,888452,1623284,168092,5128824,12453.026,1295.899,0,115.991,0,3.000,582,581,0.800,0.960,0.670,0,0,0,0,0,10,2,0,4,0
11-06 16:14:46,9.756,2.001,87.306,0,0,897420,1614420,168092,5128828,288860.222,7266.659,0,0,0,0,1667,1106,0.800,0.960,0.670,1,0,7.004,0,0,10,2,0,4,0
11-06 16:14:47,24.992,8.997,65.229,0.250,0,883592,1628136,168096,5128936,295184.436,13361.674,107.965,0,4.998,0,4148,13633,0.800,0.960,0.670,1,0,67.978,0,0,10,2,0,5,0
11-06 16:14:48,15.990,5.496,77.199,0,0,886576,1625136,168096,5128952,154261.078,5730.251,0,279.817,0,38.975,2360,1416,0.800,0.960,0.670,1,0,22.985,0,0,10,2,0,5,0
