"pcp-dstat 6.2.0 CSV Output"
"Author:","PCP team <pcp@groups.io> and Dag Wieers <dag@wieers.com>",,,,"URL:","https://pcp.io/ and http://dag.wieers.com/home-made/dstat/"
"Host:","np0000056241",,,,"User:","ubuntu"
"Cmdline:","dstat -tcmndrylpg --tcp --output /tmp/devstack_logs/dstat-csv.log",,,,"Date:","13 Feb 2026 16:28:11 UTC"
"system","total usage",,,,,"memory usage",,,,"net/total",,"dsk/total",,"io/total",,"system",,"load avg",,,"procs",,,"paging",,"tcp sockets",,,,
"time","total usage:usr","total usage:sys","total usage:idl","total usage:wai","total usage:stl","used","free","buf","cach","net/total:recv","net/total:send","dsk/total:read","dsk/total:writ","read","writ","int","csw","1m","5m","15m","run","blk","new","in","out","lis","act","syn","tim","clo"
13-02 16:28:11,,1024660,1680372,162656,4958092,,,,,,,1.830,1.190,0.710,2,0,,,,10,5,0,17,1
13-02 16:28:12,20.699,20.450,56.362,0.249,0,1033152,1671540,162716,4958292,38023.752,9861.815,0,1213.025,0,38.905,5206,3405,1.830,1.190,0.710,2,0,238.415,0,0,10,4,0,17,2
13-02 16:28:13,27.508,20.256,50.264,0.500,0,1040796,1663520,162804,4958496,20002.703,8789.506,0,896.256,0,27.008,4924,2760,1.830,1.190,0.710,2,0,206.059,0,0,10,4,0,17,2
13-02 16:28:14,26.738,20.990,50.727,0.250,0,1041724,1645208,162892,4975180,178637.029,9351.709,0,1279.413,0,33.984,4772,2633,1.760,1.190,0.710,3,0,179.917,0,0,10,4,0,13,2
13-02 16:28:15,31.459,22.970,43.943,0.999,0,1038572,1632928,163584,4987424,9585.608,1617.908,0,3311.719,0,203.737,5171,3057,1.760,1.190,0.710,5,0,196.746,0,0,10,4,0,13,2
13-02 16:28:16,38.704,18.478,41.450,0.250,0,1030736,1623460,164056,5001988,6856.807,1456.260,0,1370.363,0,34.958,4923,4411,1.760,1.190,0.710,2,0,181.783,0,0,10,4,0,13,2
13-02 16:28:17,44.899,16.304,38.126,0.251,0,1059676,1575680,164320,5019612,9064.017,1625.383,0,862.857,0,25.083,5042,6146,1.760,1.190,0.710,2,0,139.462,0,0,10,4,0,13,2
13-02 16:28:18,38.244,16.248,41.244,2.000,0,1047784,1570484,165268,5033024,7211.902,1619.753,651.901,3011.541,18.997,119.982,5819,5864,1.760,1.190,0.710,2,0,134.979,0,0,10,4,0,11,2
13-02 16:28:19,36.745,16.998,44.244,1.750,0,1046408,1540388,166308,5060288,5192.248,1619.766,359.948,12470.195,18.997,91.987,4693,4184,1.860,1.220,0.730,3,0,82.988,0,0,10,4,0,11,2
13-02 16:28:20,20.493,3.999,73.726,0.500,0,1055332,1540536,166884,5049584,11615.208,4383.569,0,1667.456,0,61.980,2097,1453,1.860,1.220,0.730,1,0,10.996,0,0,10,2,0,11,0
13-02 16:28:21,23.002,3.000,73.756,0,0,1060956,1534948,166896,5049536,8733.672,1620.125,0,24.002,0,2.000,1768,875,1.860,1.220,0.730,1,0,18.001,0,0,10,2,0,11,0
13-02 16:28:22,19.001,2.750,77.755,0.250,0,1068320,1527548,166912,5049556,14390.944,3726.245,0,404.027,0,4.000,1620,838,1.860,1.220,0.730,1,0,17.001,0,0,10,3,0,11,0
13-02 16:28:23,22.501,3.000,73.503,0,0,1053284,1536212,167000,5055264,8616.296,1836.063,0,840.029,0,6.000,1780,973,1.860,1.220,0.730,1,0,3.000,0,0,10,2,0,11,0
13-02 16:28:24,18.769,2.503,78.579,0.250,0,1042596,1540452,167356,5060184,13460.529,4731.756,0,1177.183,0,18.018,1622,921,1.790,1.220,0.730,1,0,18.018,0,0,10,2,0,11,0
13-02 16:28:25,22.275,6.007,69.579,0,0,1038160,1544096,167408,5060784,10584.018,1459.657,0,14304.242,0,57.065,12191,22307,1.790,1.220,0.730,1,0,12.014,0,0,10,2,0,11,0
13-02 16:28:26,23.210,5.491,69.630,0,0,1051076,1531004,167452,5060888,6948.064,1617.222,0,0,0,0,11246,20026,1.790,1.220,0.730,1,0,12.978,0,0,10,2,0,11,0
13-02 16:28:27,20.486,4.997,73.949,0,0,1030644,1551360,167488,5060884,5028.558,1618.892,0,167.885,0,1.999,1666,770,1.790,1.220,0.730,1,0,6.995,0,0,10,2,0,11,0
13-02 16:28:28,14.254,2.501,82.524,0,0,998220,1596540,167496,5049560,13760.972,131341.915,0,1008.291,0,12.003,1599,958,1.790,1.220,0.730,1,0,5.001,0,0,10,2,0,11,0
13-02 16:28:29,0.750,0.250,98.743,0,0,970412,1624348,167496,5049560,7459.443,1619.879,0,0,0,0,421,534,1.650,1.200,0.720,0,0,0,0,0,10,2,0,11,0
13-02 16:28:30,0.250,0.250,98.254,0.250,0,970412,1624348,167496,5049560,5654.242,1620.069,0,1692.073,0,234.010,582,692,1.650,1.200,0.720,0,0,1.000,0,0,10,2,0,11,0
13-02 16:28:31,0.500,1.500,97.223,0,0,949596,1645164,167496,5049560,10824.003,1619.552,0,25113.046,0,566.843,858,779,1.650,1.200,0.720,0,0,0,0,0,10,2,0,10,0
13-02 16:28:32,0.500,0.500,99.014,0,0,949592,1645164,167496,5049564,41471.705,1620.223,0,0,0,0,523,550,1.650,1.200,0.720,0,0,0,0,0,10,2,0,10,0
13-02 16:28:33,0.500,0,98.743,0,0,925924,1668836,167496,5049564,8502.438,1457.904,0,3231.786,0,15.999,502,562,1.650,1.200,0.720,0,0,0,0,0,10,2,0,10,0
13-02 16:28:34,10.001,5.250,83.755,0,0,904888,1689872,167496,5049564,6946.388,1620.091,0,8.000,0,2.000,1995,7401,1.600,1.190,0.730,0,0,36.002,0,0,10,2,0,11,0
13-02 16:28:35,0.500,0.250,98.747,0,0,903956,1690804,167496,5049564,5523.805,1619.943,0,0,0,0,461,533,1.600,1.190,0.730,0,0,0,0,0,10,2,0,9,0
13-02 16:28:36,0.500,1.250,97.495,0.250,0,903952,1690804,167500,5049564,13981.283,1619.917,0,21302.908,0,101.995,825,840,1.600,1.190,0.730,0,0,0,0,0,10,2,0,9,0
13-02 16:28:37,0.250,0.250,99.010,0,0,894736,1700020,167500,5049564,7385.778,1620.171,0,8.001,0,1.000,473,548,1.600,1.190,0.730,0,0,0,0,0,10,2,0,9,0
13-02 16:28:38,0.250,0.500,98.499,0,0,894736,1700020,167500,5049564,9122.925,1619.987,0,0,0,0,480,547,1.600,1.190,0.730,0,0,0,0,0,10,2,0,9,0
13-02 16:28:39,0.500,0,99.002,0,0,890260,1704496,167500,5049564,8443.156,1620.030,0,520.010,0,2.000,477,551,1.470,1.170,0.720,0,0,0,0,0,10,2,0,9,0
13-02 16:28:40,0,0.500,98.512,0,0,888708,1706048,167500,5049564,10869.364,1620.203,0,4.001,0,1.000,568,607,1.470,1.170,0.720,0,0,1.000,0,0,10,2,0,9,0
13-02 16:28:41,0.250,0.500,98.723,0,0,888088,1706664,167500,5049568,8420.724,1457.606,0,3742.988,0,6.998,486,553,1.470,1.170,0.720,0,0,0,0,0,10,2,0,9,0
13-02 16:28:42,0.750,0.250,99.035,0,0,885804,1708948,167500,5049568,5383.922,1620.578,0,0,0,0,438,539,1.470,1.170,0.720,0,0,0,0,0,10,2,0,9,0
13-02 16:28:43,0.250,0.250,99.018,0,0,883320,1711432,167500,5049568,5384.004,1620.302,0,0,0,0,410,551,1.470,1.170,0.720,0,0,0,0,0,10,2,0,9,0
13-02 16:28:44,0,0.250,99.001,0.250,0,881204,1713552,167500,5049568,9218.135,1620.024,0,72.001,0,3.000,462,552,1.350,1.150,0.720,1,0,0,0,0,10,2,0,9,0
13-02 16:28:45,1.000,0,98.740,0,0,879108,1715648,167500,5049568,6953.281,1619.832,0,0,0,0,407,526,1.350,1.150,0.720,0,0,0,0,0,10,2,0,9,0
13-02 16:28:46,0,1.500,96.970,0,0,877212,1717544,167500,5049568,8770.321,1619.505,0,15423.290,0,89.973,769,794,1.350,1.150,0.720,1,0,0,0,0,10,2,0,9,0
13-02 16:28:47,0.500,0.500,99.493,0,0,875776,1718980,167500,5049568,7034.518,1619.889,0,0,0,0,423,524,1.350,1.150,0.720,0,0,0,0,0,10,2,0,9,0
13-02 16:28:48,1.000,1.250,96.764,0,0,875228,1719528,167500,5049568,10948.534,1620.227,0,0,0,0,698,625,1.350,1.150,0.720,0,0,6.001,0,0,10,2,0,9,0
13-02 16:28:49,0.500,0.250,98.943,0,0,874928,1719836,167500,5049568,6566.221,1457.161,0,527.696,0,1.999,429,534,1.240,1.130,0.710,1,0,0,0,0,10,2,0,9,0
13-02 16:28:50,0.500,0.250,98.315,0,0,874928,1719836,167500,5049568,5007.291,1621.065,0,0,0,0,467,593,1.240,1.130,0.710,0,0,1.001,0,0,10,2,0,9,0
13-02 16:28:51,0.500,4.000,95.241,0.250,0,866836,1727928,167500,5049568,5001.550,1619.854,0,74581.295,0,316.972,1319,1292,1.240,1.130,0.710,0,0,0,0,0,10,2,0,9,0
13-02 16:28:52,0.500,1.000,97.735,0,0,867280,1727452,167500,5049600,9194.602,1661.747,0,111.983,0,16.997,583,609,1.240,1.130,0.710,0,0,1.000,0,0,10,2,0,9,0
13-02 16:28:53,1.000,0.250,98.748,0,0,867280,1727452,167500,5049600,7627.854,1619.969,0,0,0,0,508,552,1.240,1.130,0.710,0,0,0,0,0,10,2,0,9,0
13-02 16:28:54,0.500,0,99.007,0,0,867280,1727452,167500,5049600,9745.644,1620.107,0,0,0,0,452,520,1.140,1.120,0.710,1,0,0,0,0,10,2,0,9,0
13-02 16:28:55,0.500,0.500,98.745,0,0,867280,1727452,167500,5049600,9596.554,1619.925,0,1111.948,0,3.000,464,536,1.140,1.120,0.710,0,0,0,0,0,10,2,0,8,0
13-02 16:28:56,0,0.250,98.993,0,0,867280,1727452,167500,5049600,10500.309,1619.893,0,0,0,0,466,563,1.140,1.120,0.710,0,0,0,0,0,10,2,0,8,0
13-02 16:28:57,0.750,0.250,98.749,0,0,867280,1727452,167500,5049600,8219.919,1457.986,0,91.999,0,14.000,462,538,1.140,1.120,0.710,0,0,0,0,0,10,2,0,8,0
13-02 16:28:58,0.500,0.250,98.759,0,0,867276,1727452,167500,5049604,4527.392,1134.098,0,4.000,0,1.000,459,548,1.140,1.120,0.710,0,0,0,0,0,10,2,0,8,0
13-02 16:28:59,10.500,2.250,86.003,0,0,879044,1715584,167500,5049704,286122.138,7130.253,0,0,0,0,1616,1036,1.130,1.110,0.710,1,0,7.000,0,0,10,2,0,4,0
13-02 16:29:00,14.517,5.006,79.591,0.501,0,890596,1704016,167504,5049716,295427.682,13050.873,108.123,76.087,5.006,2.002,2639,1583,1.130,1.110,0.710,1,0,33.038,0,0,10,2,0,4,0
13-02 16:29:01,16.237,6.495,76.938,0,0,891172,1703312,167504,5049844,150093.230,5651.415,0,3.997,0,0.999,2412,1310,1.130,1.110,0.710,1,0,25.979,0,0,10,2,0,4,0
