"pcp-dstat 6.2.0 CSV Output"
"Author:","PCP team <pcp@groups.io> and Dag Wieers <dag@wieers.com>",,,,"URL:","https://pcp.io/ and http://dag.wieers.com/home-made/dstat/"
"Host:","np0000093829",,,,"User:","ubuntu"
"Cmdline:","dstat -tcmndrylpg --tcp --output /tmp/devstack_logs/dstat-csv.log",,,,"Date:","02 Apr 2026 09:28:38 UTC"
"system","total usage",,,,,"memory usage",,,,"net/total",,"dsk/total",,"io/total",,"system",,"load avg",,,"procs",,,"paging",,"tcp sockets",,,,
"time","total usage:usr","total usage:sys","total usage:idl","total usage:wai","total usage:stl","used","free","buf","cach","net/total:recv","net/total:send","dsk/total:read","dsk/total:writ","read","writ","int","csw","1m","5m","15m","run","blk","new","in","out","lis","act","syn","tim","clo"
02-04 09:28:38,,1042928,1648224,162080,4972664,,,,,,,1.690,1.170,0.720,2,0,,,,10,5,0,11,1
02-04 09:28:39,24.948,20.208,53.139,0.499,0,1056568,1634144,162208,4972896,41838.378,9980.099,0,1165.559,0,38.918,5802,4899,1.690,1.170,0.720,3,0,260.455,0,0,10,4,0,11,2
02-04 09:28:40,25.012,20.260,53.026,0.500,0,1064276,1626004,162316,4973156,37567.206,9616.660,0,988.479,0,30.015,5072,2726,1.690,1.170,0.720,2,0,202.098,0,0,10,4,0,11,2
02-04 09:28:41,21.249,20.749,56.247,0.250,0,1068376,1621428,162408,4973480,219134.294,12405.394,0,1159.943,0,32.998,4876,2780,1.690,1.170,0.720,2,0,184.991,0,0,10,4,0,11,2
02-04 09:28:42,29.549,21.786,46.327,0.751,0,1060120,1609252,162664,4992592,172374.635,4301.127,0,1530.536,0,53.088,4931,2693,1.720,1.180,0.730,2,0,175.290,0,0,10,4,0,11,2
02-04 09:28:43,40.013,17.397,41.504,0.249,0,1049392,1601052,163576,5008172,15005.197,1449.422,0,1765.551,0,51.694,4752,3613,1.720,1.180,0.730,2,0,133.212,0,0,10,4,0,11,2
02-04 09:28:44,38.937,18.087,41.951,0.502,0,1043688,1582488,164008,5030088,10172.746,1627.800,0,1028.930,0,34.164,4884,3377,1.720,1.180,0.730,2,0,153.737,0,0,10,4,0,11,2
02-04 09:28:45,37.659,20.450,39.654,1.247,0,1052272,1556008,165080,5044076,9491.024,1616.088,0,3547.412,0,143.652,6698,6813,1.720,1.180,0.730,2,0,188.544,0,0,10,4,0,11,2
02-04 09:28:46,40.330,15.030,41.082,1.753,0,1056256,1521632,166008,5070872,16062.005,1709.406,1014.021,2120.225,38.076,64.128,5335,5156,1.720,1.180,0.730,2,0,87.174,0,0,10,4,0,11,2
02-04 09:28:47,27.246,10.498,61.491,0.750,0,1043996,1544484,166492,5058708,12432.156,4346.355,0,11866.240,0,55.992,2594,1308,1.660,1.180,0.730,1,0,11.998,0,0,10,2,0,11,0
02-04 09:28:48,22.797,4.259,72.901,0,0,1064160,1524516,166512,5058548,10019.747,1461.025,0,9692.069,0,51.106,1931,1134,1.660,1.180,0.730,1,0,19.039,0,0,10,2,0,11,0
02-04 09:28:49,17.464,2.245,79.087,0.249,0,1060804,1522824,166576,5063112,20050.730,3854.067,0,1748.401,0,9.979,1591,775,1.660,1.180,0.730,2,0,15.967,0,0,10,2,0,11,1
02-04 09:28:50,21.752,3.500,73.758,0,0,1051840,1530416,166600,5064280,10793.188,1850.204,0,0,0,0,1923,1062,1.660,1.180,0.730,1,0,19.002,0,0,10,2,1,11,0
02-04 09:28:51,16.994,2.499,78.972,0,0,1041380,1534212,166988,5069364,14604.843,4557.391,0,1315.535,0,19.993,2348,2572,1.660,1.180,0.730,1,0,5.998,0,0,10,2,0,11,0
02-04 09:28:52,23.502,5.250,70.256,0,0,1044772,1530128,167056,5069828,11918.970,1706.139,0,84.007,0,1.000,11075,19779,1.610,1.170,0.730,1,0,9.001,0,0,10,2,0,11,0
02-04 09:28:53,21.998,6.249,69.742,0,0.250,1044832,1529932,167068,5069920,10057.902,1457.841,0,0,0,0,11139,20251,1.610,1.170,0.730,1,0,11.999,0,0,10,2,0,11,0
02-04 09:28:54,21.007,6.002,72.273,0.500,0,1031760,1555988,167112,5058640,8118.579,1620.515,0,28453.038,0,831.264,2263,1217,1.610,1.170,0.730,1,0,8.003,0,0,10,2,0,11,0
02-04 09:28:55,5.749,1.250,92.228,0,0,972216,1615704,167112,5058560,16738.001,95225.248,0,7.998,0,2.000,1069,701,1.610,1.170,0.730,0,0,3.999,0,0,10,2,0,10,0
02-04 09:28:56,0.250,0.250,98.987,0,0,964740,1623180,167112,5058560,10897.545,1457.805,0,2175.709,0,185.975,654,653,1.610,1.170,0.730,0,0,1.000,0,0,10,2,0,10,0
02-04 09:28:57,0.750,0,98.503,0,0,956768,1631152,167112,5058560,10205.276,1620.044,0,8.000,0,1.000,488,549,1.480,1.160,0.730,0,0,0,0,0,10,2,0,10,0
02-04 09:28:58,0.250,0.500,99.021,0,0,949132,1638788,167112,5058560,13102.807,1620.347,0,0,0,0,507,569,1.480,1.160,0.730,1,0,0,0,0,10,2,0,10,0
02-04 09:28:59,0.750,2.499,95.976,0,0,943880,1644036,167112,5058564,8876.749,1457.630,0,16539.805,0,62.984,866,775,1.480,1.160,0.730,0,0,5.998,0,0,10,2,0,9,0
02-04 09:29:00,0.750,0,98.764,0,0,935956,1651960,167116,5058564,9974.377,1620.224,0,1160.160,0,3.000,495,583,1.480,1.160,0.730,0,0,0,0,0,10,2,0,9,0
02-04 09:29:01,0.250,0.500,98.759,0,0,932448,1655468,167116,5058564,7654.690,1620.146,0,8.001,0,2.000,432,555,1.480,1.160,0.730,0,0,0,0,0,10,2,0,9,0
02-04 09:29:02,0.500,0.250,98.483,0,0,928640,1659276,167116,5058564,6917.806,1619.720,0,0,0,0,445,548,1.360,1.140,0.720,0,0,0,0,0,10,2,0,9,0
02-04 09:29:03,0,0.500,98.736,0,0,916532,1671384,167116,5058564,11828.278,1619.764,0,3.999,0,1.000,464,544,1.360,1.140,0.720,0,0,0,0,0,10,2,0,9,0
02-04 09:29:04,1.000,1.000,97.510,0.250,0,907556,1680360,167116,5058564,42620.537,1458.155,0,18966.019,0,96.010,835,783,1.360,1.140,0.720,0,0,0,0,0,10,2,0,9,0
02-04 09:29:05,0.500,0.250,98.756,0,0,898508,1689408,167116,5058564,7656.471,1458.090,0,552.034,0,2.000,424,536,1.360,1.140,0.720,0,0,0,0,0,10,2,0,9,0
02-04 09:29:06,0.250,0.250,98.488,0,0,890600,1697316,167116,5058564,11229.659,323.961,0,0,0,0,509,594,1.360,1.140,0.720,0,0,1.000,0,0,10,2,0,9,0
02-04 09:29:07,0.500,0.250,99.213,0,0,884804,1703112,167116,5058564,7508.196,1619.395,0,3.999,0,1.000,433,536,1.250,1.120,0.720,0,0,0,0,0,10,2,0,9,0
02-04 09:29:08,0,0.500,99.047,0,0,879908,1708008,167116,5058564,9923.697,1458.690,0,0,0,0,489,561,1.250,1.120,0.720,0,0,0,0,0,10,2,0,9,0
02-04 09:29:09,0.500,0.250,98.240,0,0,875428,1712484,167116,5058568,9900.008,1619.838,0,227.977,0,2.000,484,535,1.250,1.120,0.720,0,0,0,0,0,10,2,0,9,0
02-04 09:29:10,0.250,0,99.254,0,0,871812,1716100,167116,5058568,6272.240,1458.056,0,0,0,0,437,560,1.250,1.120,0.720,0,0,0,0,0,10,2,0,9,0
02-04 09:29:11,0,0.500,99.007,0,0,870348,1717564,167116,5058568,10023.711,1620.115,0,48.003,0,2.000,470,543,1.250,1.120,0.720,0,0,0,0,0,10,2,0,9,0
02-04 09:29:12,0.750,0,98.499,0,0,868100,1719812,167116,5058568,8715.901,1619.982,0,127.999,0,23.000,472,575,1.150,1.100,0.720,0,0,0,0,0,10,2,0,9,0
02-04 09:29:13,0.250,0.250,98.736,0,0,867548,1720364,167116,5058568,10705.474,1619.769,0,3.999,0,1.000,504,546,1.150,1.100,0.720,0,0,0,0,0,10,2,0,9,0
02-04 09:29:14,0.750,2.000,96.986,0.250,0,859452,1728460,167116,5058568,8645.746,1619.765,0,27707.983,0,129.981,873,881,1.150,1.100,0.720,0,0,0,0,0,10,2,0,9,0
02-04 09:29:15,0,0.500,98.743,0,0,859452,1728460,167116,5058568,9789.287,1457.894,0,4.000,0,1.000,476,530,1.150,1.100,0.720,0,0,0,0,0,10,2,0,9,0
02-04 09:29:16,0.500,0,98.473,0,0,859704,1728208,167120,5058564,11390.840,1619.551,0,611.830,0,1.999,547,615,1.150,1.100,0.720,0,0,1.000,0,0,10,2,0,9,0
02-04 09:29:17,0.500,0.250,99.058,0,0,859700,1728208,167120,5058568,6672.898,1620.947,0,0,0,0,451,531,1.060,1.080,0.710,0,0,0,0,0,10,2,0,9,0
02-04 09:29:18,0.250,0.250,98.752,0,0,859700,1728208,167120,5058568,6653.141,1620.034,0,0,0,0,467,574,1.060,1.080,0.710,0,0,0,0,0,10,2,0,9,0
02-04 09:29:19,0.500,3.250,96.247,0,0,860176,1727732,167120,5058568,10244.640,1457.949,0,56510.014,0,236.992,1125,1057,1.060,1.080,0.710,0,0,0,0,0,10,2,0,9,0
02-04 09:29:20,0.500,0,98.500,0,0,860176,1727732,167120,5058568,11524.026,1620.004,0,4.000,0,1.000,492,566,1.060,1.080,0.710,0,0,0,0,0,10,2,0,9,0
02-04 09:29:21,0.250,0.750,98.746,0,0,860172,1727732,167124,5058568,9570.656,1457.948,0,927.967,0,2.000,491,549,1.060,1.080,0.710,0,0,0,0,0,10,2,0,9,0
02-04 09:29:22,0.250,0,99.004,0,0,860144,1727760,167124,5058568,7806.349,1620.072,0,120.005,0,20.001,491,557,0.970,1.060,0.710,0,0,0,0,0,10,2,0,9,0
02-04 09:29:23,0.500,0.250,98.997,0,0,860144,1727760,167124,5058568,9747.694,1619.949,0,0,0,0,487,550,0.970,1.060,0.710,0,0,0,0,0,10,2,0,4,0
02-04 09:29:24,0.250,0.250,98.755,0,0,860144,1727760,167124,5058568,10926.573,1458.076,0,0,0,0,453,552,0.970,1.060,0.710,0,0,0,0,0,10,2,0,4,0
02-04 09:29:25,0.998,0.499,97.566,0.250,0,860644,1727260,167124,5058568,122351.695,3038.281,0,3213.950,0,77.853,702,709,0.970,1.060,0.710,1,0,2.994,0,0,10,2,0,4,0
02-04 09:29:26,15.024,3.506,80.880,0,0,850400,1737500,167124,5058572,167010.465,7425.937,0,8.013,0,1.002,2126,1241,0.970,1.060,0.710,1,0,21.034,0,0,10,2,0,4,0
02-04 09:29:27,12.755,3.251,82.281,0.750,0,877856,1710032,167132,5058576,295909.209,10880.126,108.041,132.050,5.002,2.001,2160,1333,0.900,1.040,0.710,1,0,16.006,0,0,10,2,0,4,0
02-04 09:29:28,14.253,7.751,77.014,0,0,875812,1711812,167132,5058848,156032.430,5777.053,0,4.001,0,1.000,2634,1447,0.900,1.040,0.710,1,0,32.006,0,0,10,2,0,4,0
