"pcp-dstat 6.2.0 CSV Output"
"Author:","PCP team <pcp@groups.io> and Dag Wieers <dag@wieers.com>",,,,"URL:","https://pcp.io/ and http://dag.wieers.com/home-made/dstat/"
"Host:","np0000094089",,,,"User:","ubuntu"
"Cmdline:","dstat -tcmndrylpg --tcp --output /tmp/devstack_logs/dstat-csv.log",,,,"Date:","27 Apr 2026 20:43:30 UTC"
"system","total usage",,,,,"memory usage",,,,"net/total",,"dsk/total",,"io/total",,"system",,"load avg",,,"procs",,,"paging",,"tcp sockets",,,,
"time","total usage:usr","total usage:sys","total usage:idl","total usage:wai","total usage:stl","used","free","buf","cach","net/total:recv","net/total:send","dsk/total:read","dsk/total:writ","read","writ","int","csw","1m","5m","15m","run","blk","new","in","out","lis","act","syn","tim","clo"
27-04 20:43:30,,1017716,1657552,161296,4987404,,,,,,,1.190,1.050,0.690,1,0,,,,10,4,0,17,0
27-04 20:43:31,12.234,19.724,65.914,0.250,0,1020156,1655040,161312,4987428,15293.122,2843.304,0,275.642,0,14.981,5068,3639,1.190,1.050,0.690,1,0,219.714,0,0,10,5,0,17,0
27-04 20:43:32,18.801,19.553,59.911,0,0,1039968,1634896,161344,4987680,18891.890,2141.769,0,136.367,0,6.016,4804,2751,1.190,1.050,0.690,3,0,218.589,0,0,10,6,0,17,0
27-04 20:43:33,25.880,20.903,51.014,0.249,0,1055820,1618772,161420,4987800,21513.635,8673.938,0,1047.163,0,29.862,4803,2724,1.190,1.050,0.690,2,0,194.103,0,0,10,6,0,17,0
27-04 20:43:34,22.597,21.090,54.986,0.502,0,1055444,1618520,161584,4988156,45533.064,13109.160,0,1534.574,0,50.215,4792,2758,1.190,1.050,0.690,1,0,178.766,0,0,10,7,0,17,0
27-04 20:43:35,40.911,17.213,40.163,0.748,0,1082272,1589788,161680,4989864,18952.719,7099.536,0,2283.027,0,116.746,5011,3962,1.180,1.050,0.690,3,0,133.709,0,0,10,6,0,11,0
27-04 20:43:36,51.155,17.052,30.342,0.502,0,1072916,1598652,161816,4990076,259978.689,13717.509,0,1512.577,0,49.149,4962,4117,1.180,1.050,0.690,5,0,160.486,0,0,10,5,0,11,1
27-04 20:43:37,57.760,16.253,24.754,0.250,0,1095616,1575064,161944,4990772,24625.058,10436.720,0,1224.202,0,33.005,6039,6818,1.180,1.050,0.690,4,0,202.033,0,0,10,5,0,11,2
27-04 20:43:38,37.737,14.495,44.234,1.999,0.250,1079504,1573488,162060,5007724,186589.372,10584.277,1011.644,1543.457,37.987,36.987,5423,5055,1.180,1.050,0.690,2,0,86.969,0,0,10,4,0,11,2
27-04 20:43:39,29.944,10.730,57.144,0.998,0,1074728,1563392,162992,5019504,9317.679,538.998,0,23951.477,0,717.666,3040,1580,1.180,1.050,0.690,2,0,13.974,0,0,10,4,0,11,2
27-04 20:43:40,23.003,2.000,73.760,0.500,0,1078240,1541780,163456,5035224,12331.643,540.072,0,1364.182,0,33.004,1868,1251,1.160,1.050,0.690,2,0,0,0,0,10,4,0,11,2
27-04 20:43:41,21.744,2.749,73.480,1.500,0,1088616,1506456,164224,5056956,4250.833,539.852,0,2859.215,0,113.969,1972,1646,1.160,1.050,0.690,2,0,0,0,0,10,4,0,11,2
27-04 20:43:42,23.006,2.001,73.519,0.750,0,1067132,1511900,164972,5070184,10745.824,540.142,0,1684.443,0,61.016,1893,1373,1.160,1.050,0.690,1,0,0,0,0,10,4,0,11,2
27-04 20:43:43,21.496,2.000,73.987,1.000,0,1050528,1502504,166036,5092484,6191.891,609.891,0,2555.542,0,83.985,1915,1466,1.160,1.050,0.690,1,0,0,0,0,10,4,0,11,2
27-04 20:43:44,18.500,3.500,78.000,0.250,0,963104,1606612,166084,5076004,15474.928,3332.985,0,16003.926,0,214.999,1768,985,1.160,1.050,0.690,1,0,2.000,0,0,10,2,0,11,0
27-04 20:43:45,21.998,3.250,73.992,0,0,975900,1593780,166112,5076012,7348.170,1615.818,0,0,0,0,1939,1025,1.150,1.050,0.700,0,0,32.996,0,0,10,3,0,11,0
27-04 20:43:46,19.997,2.250,76.738,0,0,987464,1576012,166196,5081616,15328.602,1813.716,0,1591.751,0,9.998,1602,919,1.150,1.050,0.700,2,0,1.000,0,0,10,2,0,11,0
27-04 20:43:47,19.506,3.001,76.772,0,0,974656,1588540,166196,5081740,13014.734,1824.524,0,0,0,0,1710,918,1.150,1.050,0.700,0,0,18.005,0,0,10,3,0,10,0
27-04 20:43:48,20.508,4.502,72.778,0.250,0,971160,1585364,166592,5086824,8216.121,2383.905,0,1308.497,0,19.007,9949,17711,1.150,1.050,0.700,3,0,6.002,0,0,10,2,0,10,0
27-04 20:43:49,23.250,6.000,69.751,0,0,971132,1584916,166640,5087168,10337.221,130212.786,0,10204.218,0,59.001,6159,9042,1.150,1.050,0.700,1,0,14.000,0,0,10,2,0,10,0
27-04 20:43:50,30.170,7.730,60.341,0,0,986544,1569292,166692,5087328,286268.409,7308.709,0,167.558,0,1.995,11860,19681,1.220,1.060,0.700,2,0,21.942,0,0,10,2,0,10,0
27-04 20:43:51,30.815,7.015,60.377,1.002,0,927300,1641212,166704,5076116,296462.863,13526.419,108.227,1831.849,5.011,12.025,3356,1808,1.220,1.060,0.700,1,0,37.078,0,0,10,2,0,10,0
27-04 20:43:52,15.499,6.999,76.744,0,0,935460,1632784,166704,5076392,155979.669,5853.537,0,15.999,0,3.000,2529,1403,1.220,1.060,0.700,1,0,27.998,0,0,10,2,0,9,0
