"pcp-dstat 6.2.0 CSV Output"
"Author:","PCP team <pcp@groups.io> and Dag Wieers <dag@wieers.com>",,,,"URL:","https://pcp.io/ and http://dag.wieers.com/home-made/dstat/"
"Host:","np0000093866",,,,"User:","ubuntu"
"Cmdline:","dstat -tcmndrylpg --tcp --output /tmp/devstack_logs/dstat-csv.log",,,,"Date:","08 Apr 2026 09:26:46 UTC"
"system","total usage",,,,,"memory usage",,,,"net/total",,"dsk/total",,"io/total",,"system",,"load avg",,,"procs",,,"paging",,"tcp sockets",,,,
"time","total usage:usr","total usage:sys","total usage:idl","total usage:wai","total usage:stl","used","free","buf","cach","net/total:recv","net/total:send","dsk/total:read","dsk/total:writ","read","writ","int","csw","1m","5m","15m","run","blk","new","in","out","lis","act","syn","tim","clo"
08-04 09:26:46,,988956,1481948,166004,5178856,,,,,,,1.420,1.060,0.670,2,0,,,,10,5,0,17,1
08-04 09:26:47,27.194,20.208,51.145,0.499,0,1005328,1465280,166028,5179008,52904.960,8057.393,0,754.445,0,20.957,5528,3988,1.420,1.060,0.670,1,0,245.494,0,0,10,4,0,13,2
08-04 09:26:48,16.500,20.251,61.002,0.500,0,1000344,1470096,166048,5179144,38100.092,6676.191,0,740.021,0,24.001,4725,2774,1.300,1.050,0.670,3,0,214.006,0,0,10,4,0,13,2
08-04 09:26:49,25.760,21.258,51.020,0.250,0,1007872,1461928,166148,5179576,22382.610,10232.936,0,2276.876,0,127.049,4965,2792,1.300,1.050,0.670,3,0,202.078,0,0,10,4,0,13,2
08-04 09:26:50,27.292,22.785,48.325,0.501,0,1015596,1438676,166288,5194784,178516.457,9263.346,0,1846.860,0,88.136,5434,4599,1.300,1.050,0.670,2,0,196.304,0,0,10,4,0,13,2
08-04 09:26:51,35.514,17.257,44.768,0.750,0,1018664,1421816,167080,5205444,7895.147,1662.663,0,1560.622,0,62.025,4453,2711,1.300,1.050,0.670,2,0,116.046,0,0,10,4,0,11,2
08-04 09:26:52,40.919,16.368,41.415,0.248,0,1035524,1386196,167604,5221888,10296.673,1606.995,0,1368.922,0,32.735,5016,3979,1.300,1.050,0.670,4,0,121.021,0,0,10,4,0,11,2
08-04 09:26:53,38.934,18.588,40.693,1.005,0,1059596,1341120,168080,5240352,13361.296,1464.940,0,10369.121,0,417.980,5531,4514,1.520,1.100,0.690,6,0,170.809,0,0,10,4,0,11,2
08-04 09:26:54,39.188,13.229,40.936,5.991,0,1048228,1331008,169040,5258244,12187.860,1617.460,794.752,3167.026,22.964,115.818,5792,6300,1.520,1.100,0.690,3,0,81.871,0,0,10,4,0,11,2
08-04 09:26:55,32.837,14.037,51.637,1.253,0,1047428,1305032,170212,5280960,11471.479,1461.884,216.575,13259.228,15.040,97.258,3267,1855,1.520,1.100,0.690,0,1,28.075,0,0,10,4,0,11,2
08-04 09:26:56,18.245,1.749,79.227,0,0,1015316,1353136,170324,5264948,18283.711,4291.758,0,1147.668,0,129.962,1540,817,1.520,1.100,0.690,3,0,1.999,0,0,10,2,0,11,0
08-04 09:26:57,22.252,3.250,73.507,0,0,1028140,1340284,170344,5264956,10772.006,1188.111,0,0,0,0,1790,932,1.520,1.100,0.690,1,0,23.002,0,0,10,2,0,11,0
08-04 09:26:58,18.004,3.501,77.769,0.500,0,1038372,1324248,170432,5270104,15790.925,3796.944,0,15431.836,0,74.018,1874,1121,1.480,1.090,0.690,1,0,12.003,0,0,10,2,0,11,0
08-04 09:26:59,19.240,3.248,77.210,0,0,1032092,1329880,170440,5270680,12395.525,2890.490,0,23.987,0,1.999,1778,1039,1.480,1.090,0.690,0,0,17.991,0,0,10,3,0,11,0
08-04 09:27:00,20.504,3.001,75.516,0.500,0,1045856,1309600,170824,5275608,14171.998,3463.733,0,1540.326,0,18.004,1683,882,1.480,1.090,0.690,1,0,2.000,0,0,10,2,0,11,0
08-04 09:27:01,23.246,5.749,67.988,0,0,1046716,1307924,170872,5276216,12183.862,1565.725,0,83.985,0,1.000,8815,16656,1.480,1.090,0.690,1,0,11.998,0,0,10,2,0,11,0
08-04 09:27:02,24.009,5.502,68.774,0,0,1036092,1318400,170916,5276316,10894.869,1512.537,0,0,0,0,9874,18056,1.480,1.090,0.690,1,0,13.005,0,0,10,2,0,11,0
08-04 09:27:03,20.254,5.501,73.765,0,0,967688,1399332,170964,5265036,8465.755,1566.325,0,5141.066,0,33.007,1856,1015,1.440,1.090,0.690,3,0,8.002,0,0,10,2,0,10,0
08-04 09:27:04,10.744,2.249,85.451,0,0,947356,1419756,170964,5264960,17189.080,131612.044,0,6296.366,0,113.934,1506,874,1.440,1.090,0.690,0,0,3.998,0,0,10,2,0,10,0
08-04 09:27:05,0.250,0.500,99.000,0,0,945536,1421576,170964,5264960,7335.998,756.000,0,4.000,0,1.000,464,541,1.440,1.090,0.690,0,0,0,0,0,10,2,0,10,0
08-04 09:27:06,0.250,0,98.740,0,0,939704,1427408,170964,5264960,8811.152,1457.860,0,0,0,0,456,541,1.440,1.090,0.690,0,0,0,0,0,10,2,0,10,0
08-04 09:27:07,0.750,0,98.532,0,0,933848,1433260,170964,5264964,12109.875,1620.519,0,2260.723,0,14.004,516,560,1.440,1.090,0.690,0,0,0,0,0,10,2,0,10,0
08-04 09:27:08,0.500,0.750,98.244,0.250,0,923988,1443132,170968,5264948,10049.389,1457.911,0,1151.930,0,11.999,773,1046,1.320,1.070,0.690,0,0,1.000,0,0,10,2,0,9,0
08-04 09:27:09,0.250,2.000,97.234,0,0,918472,1448640,170968,5264952,8255.607,1619.727,0,27619.339,0,111.981,771,766,1.320,1.070,0.690,0,0,0,0,0,10,2,0,9,0
08-04 09:27:10,0.500,0.500,98.506,0,0,915484,1451628,170968,5264952,11752.762,1620.105,0,12.001,0,3.000,503,546,1.320,1.070,0.690,0,0,0,0,0,10,2,0,9,0
08-04 09:27:11,0.749,0.999,97.153,0,0,912928,1454256,170968,5264952,9966.036,1456.544,0,7.992,0,0.999,691,649,1.320,1.070,0.690,0,0,5.994,0,0,10,2,0,9,0
08-04 09:27:12,0.500,0.500,98.793,0,0,911056,1456128,170968,5264952,12141.252,1620.701,0,0,0,0,501,537,1.320,1.070,0.690,1,0,0,0,0,10,2,0,9,0
08-04 09:27:13,0.750,0.500,98.551,0,0,908468,1458716,170968,5264952,10435.358,1620.832,0,620.319,0,5.003,500,570,1.220,1.050,0.680,0,0,0,0,0,10,2,0,9,0
08-04 09:27:14,0.250,0,98.472,0,0,908468,1458716,170968,5264952,10174.115,1619.541,0,2567.272,0,18.995,515,594,1.220,1.050,0.680,0,0,0,0,0,10,2,0,9,0
08-04 09:27:15,0.500,0.250,99.041,0,0,904756,1462428,170968,5264952,10522.377,1620.674,0,4.002,0,1.000,502,566,1.220,1.050,0.680,1,0,0,0,0,10,2,0,9,0
08-04 09:27:16,0.250,0.250,98.721,0,0,904756,1462428,170968,5264952,36661.222,1457.571,0,3.999,0,1.000,788,552,1.220,1.050,0.680,0,0,0,0,0,10,2,0,9,0
08-04 09:27:17,0.500,0.750,98.750,0,0,902884,1464300,170968,5264952,44224.207,1620.008,0,4.000,0,1.000,543,564,1.220,1.050,0.680,0,0,0,0,0,10,2,0,9,0
08-04 09:27:18,0.250,0,98.778,0,0,900152,1467032,170968,5264952,11315.252,1458.419,0,0,0,0,524,613,1.120,1.040,0.680,0,0,1.000,0,0,10,2,0,9,0
08-04 09:27:19,0.500,0.250,98.484,0,0,895636,1471548,170968,5264952,12361.010,1619.739,0,123.980,0,2.000,534,579,1.120,1.040,0.680,0,0,0,0,0,10,2,0,9,0
08-04 09:27:20,0.500,0.250,98.753,0,0,891168,1476016,170968,5264952,10823.293,1620.044,0,148.004,0,26.001,474,551,1.120,1.040,0.680,0,0,0,0,0,10,2,0,9,0
08-04 09:27:21,0.250,0,99.252,0,0,887872,1479312,170968,5264952,10779.186,1458.025,0,0,0,0,474,536,1.120,1.040,0.680,0,0,0,0,0,10,2,0,9,0
08-04 09:27:22,0.500,0.250,98.521,0,0,886636,1480548,170968,5264952,8718.842,1620.342,0,4.001,0,1.000,448,540,1.120,1.040,0.680,0,0,0,0,0,10,2,0,9,0
08-04 09:27:23,0.250,0.250,98.999,0,0,886856,1480328,170968,5264952,10383.896,1457.985,0,4.000,0,1.000,486,560,1.030,1.020,0.670,0,0,0,0,0,10,2,0,9,0
08-04 09:27:24,0.750,3.250,95.253,0,0,886508,1480668,170968,5264952,13053.417,1620.052,0,63646.032,0,661.021,1223,1023,1.030,1.020,0.670,0,0,0,0,0,10,2,0,9,0
08-04 09:27:25,0,0.250,99.241,0,0,886504,1480672,170968,5264952,8133.246,1457.865,0,95.991,0,16.998,441,553,1.030,1.020,0.670,0,0,0,0,0,10,2,0,9,0
08-04 09:27:26,0.500,0.250,98.250,0,0,886476,1480664,170968,5264988,12476.033,1662.004,0,0,0,0,537,560,1.030,1.020,0.670,0,0,0,0,0,10,2,0,9,0
08-04 09:27:27,0.250,0.500,98.731,0,0,886284,1480856,170968,5264988,10191.031,1619.687,0,0,0,0,481,557,1.030,1.020,0.670,0,0,0,0,0,10,2,0,9,0
08-04 09:27:28,0.500,0.250,98.757,0,0,886220,1480920,170968,5264988,13702.940,1620.111,0,4.000,0,1.000,536,609,0.950,1,0.670,0,0,1.000,0,0,10,2,0,8,0
08-04 09:27:29,0.250,1.750,96.977,0,0,886220,1480920,170968,5264988,15551.322,1619.617,0,32984.199,0,116.972,883,807,0.950,1,0.670,0,0,0,0,0,10,2,0,8,0
08-04 09:27:30,0.250,0.250,98.751,0,0,886220,1480920,170968,5264988,6466.049,1458.011,0,0,0,0,426,534,0.950,1,0.670,0,0,0,0,0,10,2,0,8,0
08-04 09:27:31,0.500,0,99.041,0,0,886220,1480920,170968,5264988,12438.153,1620.671,0,132.055,0,17.007,516,558,0.950,1,0.670,0,0,0,0,0,10,2,0,8,0
08-04 09:27:32,0.250,0.250,98.644,0,0,886220,1480920,170968,5264988,11619.493,1618.258,0,0,0,0,478,535,0.950,1,0.670,0,0,0,0,0,10,2,0,4,0
08-04 09:27:33,0.500,0.250,99.086,0,0,886440,1480696,170968,5264988,10582.176,1459.265,0,0,0,0,486,566,0.870,0.990,0.670,0,0,0,0,0,10,2,0,4,0
08-04 09:27:34,0.250,0.250,98.757,0.250,0,886184,1480948,170972,5264988,9333.646,810.056,0,612.042,0,5.000,509,562,0.870,0.990,0.670,0,0,0,0,0,10,2,0,4,0
08-04 09:27:35,12.503,2.001,84.772,0,0,899188,1467944,170972,5264992,287230.938,8332.174,0,4.001,0,1.000,1835,1210,0.870,0.990,0.670,0,0,8.002,0,0,10,2,0,4,0
08-04 09:27:36,13.498,4.499,80.738,0.500,0,898768,1468268,170976,5265100,298565.655,12428.154,107.984,231.966,4.999,33.995,2467,1491,0.870,0.990,0.670,2,0,30.995,0,0,10,2,0,4,0
08-04 09:27:37,14.218,7.483,77.078,0,0,886992,1479884,170976,5265260,153373.655,5697.283,0,3.991,0,0.998,2646,1427,0.870,0.990,0.670,1,0,30.931,0,0,10,2,0,4,0
