"pcp-dstat 6.2.0 CSV Output"
"Author:","PCP team <pcp@groups.io> and Dag Wieers <dag@wieers.com>",,,,"URL:","https://pcp.io/ and http://dag.wieers.com/home-made/dstat/"
"Host:","np0000094143",,,,"User:","ubuntu"
"Cmdline:","dstat -tcmndrylpg --tcp --output /tmp/devstack_logs/dstat-csv.log",,,,"Date:","20 May 2026 13:46:59 UTC"
"system","total usage",,,,,"memory usage",,,,"net/total",,"dsk/total",,"io/total",,"system",,"load avg",,,"procs",,,"paging",,"tcp sockets",,,,
"time","total usage:usr","total usage:sys","total usage:idl","total usage:wai","total usage:stl","used","free","buf","cach","net/total:recv","net/total:send","dsk/total:read","dsk/total:writ","read","writ","int","csw","1m","5m","15m","run","blk","new","in","out","lis","act","syn","tim","clo"
20-05 13:46:59,,992416,1662148,162816,5005640,,,,,,,1.650,1.190,0.730,3,0,,,,10,6,0,16,0
20-05 13:47:00,25.424,19.442,51.845,0.499,0,998900,1655204,162940,5005876,35468.109,9063.939,0,1212.380,0,35.893,4951,3026,1.650,1.190,0.730,4,0,222.336,0,0,10,5,0,16,1
20-05 13:47:01,28.779,20.771,48.299,0.250,0,1006088,1647592,163028,5006116,16626.929,7269.401,0,1986.022,0,123.125,4967,2946,1.650,1.190,0.730,1,0,220.224,0,0,10,4,0,16,2
20-05 13:47:02,25.465,20.971,50.181,0.749,0.250,1008920,1627728,163200,5022356,181593.805,10813.161,0,2065.166,0,51.929,4744,2900,1.680,1.210,0.740,3,0,197.729,0,0,10,4,0,16,2
20-05 13:47:03,35.047,22.530,40.554,0.501,0,1006856,1616004,164036,5033568,5032.735,0,0,2010.691,0,118.158,5692,5085,1.680,1.210,0.740,9,0,210.281,0,0,10,4,0,16,2
20-05 13:47:04,36.748,17.749,44.747,0.500,0,1022212,1583096,164512,5048388,5832.646,0,0,1435.913,0,33.998,4331,2845,1.680,1.210,0.740,2,0,131.992,0,0,10,4,0,11,2
20-05 13:47:05,42.499,16.750,39.249,0.250,0,1039584,1549288,164756,5063696,5305.905,0,0,851.985,0,25.000,5349,4715,1.680,1.210,0.740,2,0,171.997,0,0,10,4,0,11,2
20-05 13:47:06,37.996,17.248,40.746,2.500,0,1045244,1527512,165740,5076172,5462.423,0,651.931,3111.671,18.998,123.987,6459,7104,1.680,1.210,0.740,1,1,157.983,0,0,10,4,0,11,2
20-05 13:47:07,35.495,16.498,46.243,1.500,0,1043748,1498708,166668,5102592,4045.410,0,359.948,10542.463,18.997,78.988,4335,3274,1.710,1.220,0.750,3,0,59.991,0,0,10,4,0,11,2
20-05 13:47:08,25.508,5.502,67.772,0.750,0,1047856,1504340,167208,5091432,4249.353,480.153,0,3157.005,0,51.016,2230,1344,1.710,1.220,0.750,1,0,13.004,0,0,10,2,0,11,0
20-05 13:47:09,20.980,3.497,74.430,0,0,1074140,1478020,167236,5091440,4457.796,492.536,0,0,0,0,1915,1109,1.710,1.220,0.750,1,0,32.969,0,0,10,3,0,11,0
20-05 13:47:10,18.810,2.257,77.998,0,0,1074852,1470812,167344,5097168,9884.396,1796.707,0,1251.977,0,13.041,1518,944,1.710,1.220,0.750,1,0,2.006,0,0,10,2,0,11,0
20-05 13:47:11,17.741,2.499,78.711,0,0,1085132,1460484,167348,5097176,11585.258,2939.543,0,427.788,0,5.997,1535,879,1.710,1.220,0.750,1,0,16.992,0,0,10,3,0,11,0
20-05 13:47:12,22.465,5.242,69.891,0.499,0.250,1040460,1498532,167708,5102248,4051.664,173.728,0,17736.265,0,293.541,6257,10232,1.650,1.220,0.750,3,0,6.989,0,0,10,2,0,11,0
20-05 13:47:13,21.502,5.001,72.257,0,0,1033584,1504756,167780,5102708,6050.613,0,0,88.009,0,1.000,5803,9217,1.650,1.220,0.750,1,0,13.001,0,0,10,2,0,11,0
20-05 13:47:14,21.003,7.001,70.511,0,0,1036592,1501492,167824,5102876,7227.117,0,0,176.027,0,2.000,12329,22143,1.650,1.220,0.750,1,0,15.002,0,0,10,2,0,11,0
20-05 13:47:15,21.515,3.503,74.053,0,0,996868,1554028,167836,5091540,7512.395,42422.463,0,624.448,0,11.008,1759,1010,1.650,1.220,0.750,1,0,5.004,0,0,10,2,0,11,0
20-05 13:47:16,6.990,1.748,90.870,0,0,995616,1555408,167836,5091444,139613.416,95283.788,0,3.994,0,0.999,1142,863,1.650,1.220,0.750,2,0,3.994,0,0,10,2,0,11,0
20-05 13:47:17,14.758,4.502,78.542,0,0,986492,1564396,167836,5091576,290228.629,9945.264,0,10093.343,0,43.023,2396,1470,1.600,1.210,0.750,1,0,22.012,0,0,10,2,0,10,0
20-05 13:47:18,13.743,4.998,80.210,0.750,0.250,979184,1571592,167840,5091684,299546.523,12735.687,107.946,15.992,4.998,2.999,2229,1474,1.600,1.210,0.750,1,0,21.989,0,0,10,2,0,10,0
