"pcp-dstat 6.2.0 CSV Output"
"Author:","PCP team <pcp@groups.io> and Dag Wieers <dag@wieers.com>",,,,"URL:","https://pcp.io/ and http://dag.wieers.com/home-made/dstat/"
"Host:","np0000094420",,,,"User:","ubuntu"
"Cmdline:","dstat -tcmndrylpg --tcp --output /tmp/devstack_logs/dstat-csv.log",,,,"Date:","20 Jun 2026 12:12:39 UTC"
"system","total usage",,,,,"memory usage",,,,"net/total",,"dsk/total",,"io/total",,"system",,"load avg",,,"procs",,,"paging",,"tcp sockets",,,,
"time","total usage:usr","total usage:sys","total usage:idl","total usage:wai","total usage:stl","used","free","buf","cach","net/total:recv","net/total:send","dsk/total:read","dsk/total:writ","read","writ","int","csw","1m","5m","15m","run","blk","new","in","out","lis","act","syn","tim","clo"
20-06 12:12:39,,1009232,1661188,162576,4989336,,,,,,,1.380,1.070,0.650,2,0,,,,10,6,0,17,0
20-06 12:12:40,26.183,20.447,52.116,0.499,0,1014220,1655856,162672,4989524,21576.523,8791.396,0,917.641,0,26.931,5098,3175,1.380,1.070,0.650,2,0,232.402,0,0,10,5,0,17,1
20-06 12:12:41,22.239,20.740,54.474,0.500,0,1023580,1646032,162828,4989740,42432.889,10932.818,0,1263.401,0,38.982,4965,2862,1.380,1.070,0.650,2,0,205.902,0,0,10,5,0,17,1
20-06 12:12:42,29.024,20.267,49.792,0,0,1021736,1647460,162920,4989972,15574.141,7982.736,0,852.720,0,26.022,4829,2637,1.380,1.070,0.650,1,0,189.160,0,0,10,4,0,17,2
20-06 12:12:43,23.238,21.239,52.973,0.750,0,1017620,1642676,163056,4998436,144826.831,11023.431,0,2666.653,0,136.931,4872,2737,1.380,1.070,0.650,3,0,173.912,0,0,10,4,0,13,2
20-06 12:12:44,39.759,17.754,41.009,0.250,0,1012520,1633440,163184,5011908,52931.249,2268.525,0,880.204,0,65.015,4815,4241,1.430,1.080,0.660,2,0,135.031,0,0,10,4,0,13,2
20-06 12:12:45,37.241,19.745,41.740,0.750,0,1032104,1598156,164096,5024664,10347.461,1619.603,0,1347.669,0,56.986,5141,4073,1.430,1.080,0.660,2,0,155.962,0,0,10,4,0,13,2
20-06 12:12:46,42.520,14.757,40.769,0.500,0,1017504,1595256,164492,5039464,9454.517,1620.774,0,1356.648,0,30.014,5720,5718,1.430,1.080,0.660,2,0,116.055,0,0,10,4,0,13,2
20-06 12:12:47,37.759,17.004,40.260,4.001,0,1045716,1540760,165324,5062440,10738.657,1458.361,796.197,3456.855,23.006,128.032,5984,6560,1.430,1.080,0.660,2,0,140.035,0,0,10,4,0,11,2
20-06 12:12:48,34.241,14.996,48.737,1.000,0,1040612,1527060,166260,5077648,13292.387,1619.560,215.941,11764.802,14.996,64.982,3474,1820,1.430,1.080,0.660,1,0,32.991,0,0,10,4,0,11,2
20-06 12:12:49,22.504,2.751,73.764,0.750,0,1037464,1504468,167280,5099796,6898.306,1620.307,0,2996.567,0,209.040,2012,1466,1.400,1.080,0.660,1,0,0,0,0,10,4,0,11,2
20-06 12:12:50,22.222,3.496,73.158,0.250,0,1064944,1493428,167416,5083320,23963.749,2097.352,0,395.501,0,14.981,2058,1128,1.400,1.080,0.660,1,0,19.975,0,0,10,2,0,11,0
20-06 12:12:51,17.771,2.753,79.092,0,0,1083568,1472376,167424,5085740,16016.717,4404.147,0,452.529,0,6.007,1629,820,1.400,1.080,0.660,1,0,17.020,0,0,10,3,0,11,0
20-06 12:12:52,23.001,3.750,71.753,0.250,0,1071344,1479612,167612,5089716,7637.350,1794.082,0,1052.048,0,14.001,6560,10738,1.400,1.080,0.660,1,0,7.000,0,0,10,2,0,11,0
20-06 12:12:53,30.999,9.250,58.498,0,0.250,1056472,1493212,167644,5090720,12746.648,1619.955,0,2355.935,0,15.000,8827,22717,1.400,1.080,0.660,1,0,44.999,0,0,10,2,0,12,0
20-06 12:12:54,21.005,7.752,69.266,0,0,1049872,1499696,167648,5090812,9674.227,1566.361,0,13267.054,0,60.014,12400,22002,1.360,1.080,0.660,1,0,19.004,0,0,10,2,0,12,0
20-06 12:12:55,21.988,3.998,73.459,0.250,0,995224,1562512,167652,5083400,14491.878,1079.395,0,1447.189,0,11.993,1745,879,1.360,1.080,0.660,1,0,0.999,0,0,10,2,0,11,0
20-06 12:12:56,6.750,1.250,91.504,0,0,980420,1577408,167652,5083324,19350.781,136055.494,0,8.000,0,2.000,1225,707,1.360,1.080,0.660,0,0,4.000,0,0,10,2,0,11,0
20-06 12:12:57,0.750,0.250,98.245,0,0,979096,1578732,167652,5083324,8115.585,1619.917,0,0,0,0,506,553,1.360,1.080,0.660,0,0,0,0,0,10,2,0,11,0
20-06 12:12:58,0.750,0.500,99.012,0.250,0,974748,1583080,167652,5083324,12492.481,918.109,0,880.104,0,95.011,567,557,1.360,1.080,0.660,0,0,0,0,0,10,2,0,11,0
20-06 12:12:59,0.750,1.500,96.982,0,0,965924,1591904,167652,5083324,8649.418,1187.783,0,24855.453,0,563.897,953,754,1.250,1.060,0.660,0,0,0,0,0,10,2,0,9,0
20-06 12:13:00,0.250,0.499,98.579,0,0,957980,1599848,167656,5083328,7590.844,1078.131,0,3086.650,0,15.972,600,625,1.250,1.060,0.660,0,0,0.998,0,0,10,2,0,9,0
20-06 12:13:01,0.501,0.501,97.920,0,0,950780,1607012,167656,5083364,11570.101,1514.631,0,0,0,0,649,592,1.250,1.060,0.660,0,0,0,0,0,10,2,0,9,0
20-06 12:13:02,0.500,0.250,98.983,0,0,945036,1612752,167660,5083364,22480.071,1619.717,0,43.992,0,2.999,537,554,1.250,1.060,0.660,0,0,0,0,0,10,2,0,9,0
20-06 12:13:03,0.500,0.750,98.506,0,0,934460,1623328,167660,5083364,13910.822,1512.089,0,0,0,0,562,551,1.250,1.060,0.660,0,0,0,0,0,10,2,0,9,0
20-06 12:13:04,0.500,2.250,96.512,0,0,920524,1637264,167660,5083364,10969.370,1566.196,0,32292.034,0,144.018,942,877,1.150,1.040,0.650,0,0,0,0,0,10,2,0,9,0
20-06 12:13:05,0.750,0.250,98.499,0,0,912888,1644900,167660,5083364,7119.958,1619.991,0,0,0,0,498,549,1.150,1.040,0.650,0,0,0,0,0,10,2,0,9,0
20-06 12:13:06,0,0.250,99.011,0,0,906364,1651428,167660,5083364,11292.212,1620.174,0,632.068,0,2.000,538,571,1.150,1.040,0.650,0,0,0,0,0,10,2,0,9,0
20-06 12:13:07,0.750,0.250,98.755,0,0,903876,1653916,167660,5083364,10557.544,1620.083,0,0,0,0,510,568,1.150,1.040,0.650,0,0,0,0,0,10,2,0,9,0
20-06 12:13:08,0.500,0.500,99.010,0,0,899092,1658700,167660,5083364,10505.040,1620.160,0,4.000,0,1.000,542,555,1.150,1.040,0.650,0,0,0,0,0,10,2,0,9,0
20-06 12:13:09,0,0.250,98.726,0,0,893228,1664564,167660,5083364,35207.340,1511.628,0,327.919,0,5.999,716,562,1.060,1.020,0.650,0,0,0,0,0,10,2,0,9,0
20-06 12:13:10,0.750,1.000,98.250,0,0,889000,1668792,167660,5083364,11238.031,1620.004,0,4.000,0,1.000,624,627,1.060,1.020,0.650,0,0,1.000,0,0,10,2,0,9,0
20-06 12:13:11,0.500,0.250,98.998,0.250,0,888472,1669328,167660,5083364,11245.757,1565.966,0,67.999,0,2.000,534,575,1.060,1.020,0.650,0,0,0,0,0,10,2,0,9,0
20-06 12:13:12,0.500,0,98.507,0,0,888224,1669576,167660,5083364,19322.342,1620.113,0,0,0,0,620,556,1.060,1.020,0.650,0,0,0,0,0,10,2,0,9,0
20-06 12:13:13,0.750,0.500,99.247,0,0,888032,1669768,167660,5083364,19933.315,1511.948,0,0,0,0,498,540,1.060,1.020,0.650,0,0,0,0,0,10,2,0,9,0
20-06 12:13:14,0.500,0.250,98.740,0,0,888164,1669636,167660,5083364,10853.900,1565.841,0,131.987,0,24.997,539,565,0.980,1.010,0.640,0,0,0,0,0,10,2,0,9,0
20-06 12:13:15,0,0.250,98.523,0,0,888416,1669384,167660,5083364,17872.115,1620.373,0,0,0,0,623,544,0.980,1.010,0.640,0,0,0,0,0,10,2,0,9,0
20-06 12:13:16,0.750,0.750,98.488,0,0,888312,1669808,167664,5083364,10873.718,1619.809,0,31.996,0,4.000,562,571,0.980,1.010,0.640,0,0,0,0,0,10,2,0,9,0
20-06 12:13:17,0.500,0.250,99.232,0,0,888312,1669808,167664,5083364,8652.426,1511.725,0,0,0,0,487,530,0.980,1.010,0.640,0,0,0,0,0,10,2,0,9,0
20-06 12:13:18,0.250,0,98.524,0,0,888308,1669808,167664,5083368,22657.527,1694.413,0,0,0,0,651,541,0.980,1.010,0.640,0,0,0,0,0,10,2,0,9,0
20-06 12:13:19,0.750,5.250,93.758,0,0,888640,1669476,167664,5083368,11707.966,1620.134,0,88603.313,0,374.031,1576,1432,0.980,1.010,0.650,0,0,0,0,0,10,2,0,9,0
20-06 12:13:20,0.750,0.500,98.502,0,0,888348,1669768,167664,5083368,7385.170,1512.035,0,100.002,0,14.000,563,612,0.980,1.010,0.650,0,0,1.000,0,0,10,2,0,9,0
20-06 12:13:21,0.250,0.250,98.751,0,0,888348,1669768,167664,5083368,19472.191,1566.015,0,1380.014,0,3.000,653,566,0.980,1.010,0.650,0,0,0,0,0,10,2,0,9,0
20-06 12:13:22,0.250,0.500,98.952,0,0,888348,1669768,167664,5083368,9694.261,1619.208,0,7.996,0,1.000,498,533,0.980,1.010,0.650,0,0,0,0,0,10,2,0,9,0
20-06 12:13:23,0.500,0.250,98.775,0,0,888348,1669768,167664,5083368,8363.131,1706.435,0,0,0,0,511,549,0.980,1.010,0.650,0,0,0,0,0,10,2,0,9,0
20-06 12:13:24,0.250,0.500,98.747,0,0,888348,1669768,167664,5083368,11399.619,1619.946,0,0,0,0,525,536,0.900,0.990,0.640,0,0,0,0,0,10,2,0,8,0
20-06 12:13:25,0.750,1.750,96.753,0,0,888348,1669768,167664,5083368,24861.752,1512.046,0,3860.117,0,35.001,831,702,0.900,0.990,0.640,0,0,6.000,0,0,10,2,0,8,0
20-06 12:13:26,0.750,0.500,98.505,0,0,888348,1669768,167664,5083368,9618.482,594.030,0,4.000,0,1.000,515,534,0.900,0.990,0.640,0,0,0,0,0,10,2,0,8,0
20-06 12:13:27,15.004,2.751,81.771,0,0,879340,1678776,167664,5083368,292786.864,8712.228,0,144.037,0,2.001,1877,1153,0.900,0.990,0.640,2,0,9.002,0,0,10,2,0,8,0
20-06 12:13:28,14.241,4.747,79.201,0.500,0,887632,1670460,167668,5083388,293856.588,12108.525,107.933,7.995,4.997,1.999,2540,1494,0.900,0.990,0.640,1,0,29.981,0,0,10,2,0,4,0
20-06 12:13:29,14.703,8.224,76.505,0,0,891504,1666200,167668,5083776,156256.652,4824.521,0,3.987,0,0.997,2743,1473,0.910,0.990,0.640,2,0,34.888,0,0,10,2,0,4,0
