"pcp-dstat 6.2.0 CSV Output"
"Author:","PCP team <pcp@groups.io> and Dag Wieers <dag@wieers.com>",,,,"URL:","https://pcp.io/ and http://dag.wieers.com/home-made/dstat/"
"Host:","np0000093976",,,,"User:","ubuntu"
"Cmdline:","dstat -tcmndrylpg --tcp --output /tmp/devstack_logs/dstat-csv.log",,,,"Date:","15 Apr 2026 17:10:48 UTC"
"system","total usage",,,,,"memory usage",,,,"net/total",,"dsk/total",,"io/total",,"system",,"load avg",,,"procs",,,"paging",,"tcp sockets",,,,
"time","total usage:usr","total usage:sys","total usage:idl","total usage:wai","total usage:stl","used","free","buf","cach","net/total:recv","net/total:send","dsk/total:read","dsk/total:writ","read","writ","int","csw","1m","5m","15m","run","blk","new","in","out","lis","act","syn","tim","clo"
15-04 17:10:48,,993540,1682344,161888,4989832,,,,,,,1.180,0.900,0.590,2,0,,,,10,4,0,11,0
15-04 17:10:49,25.172,20.686,51.840,0,0,996772,1678744,161928,4987232,24676.772,4613.748,0,346.928,0,8.972,5395,6402,1.250,0.920,0.600,1,0,230.289,0,0,10,5,0,12,0
15-04 17:10:50,24.535,21.030,52.326,0.250,0,1027952,1647260,162048,4987364,26962.975,9538.788,0,1121.621,0,33.048,4903,2886,1.250,0.920,0.600,2,0,212.307,0,0,10,6,0,12,0
15-04 17:10:51,22.743,20.244,53.984,0.500,0,1029524,1645088,162200,4987720,40665.601,12652.142,0,1491.545,0,46.986,4818,2815,1.250,0.920,0.600,1,0,194.941,0,0,10,6,0,11,0
15-04 17:10:52,30.720,21.729,45.455,0.250,0,1046352,1627936,162268,4988256,17832.429,7334.773,0,923.090,0,27.972,5467,4469,1.250,0.920,0.600,10,0,192.810,0,0,10,5,0,11,1
15-04 17:10:53,30.780,16.016,52.551,0.751,0,1044716,1629128,162408,4988108,44649.755,11355.127,0,1557.526,0,47.046,4380,2639,1.250,0.920,0.600,4,0,120.118,0,0,10,5,0,11,1
15-04 17:10:54,37.552,16.523,44.561,0.250,0,1059024,1614432,162488,4988312,17145.552,8086.107,0,789.084,0,23.032,5072,4064,1.870,1.050,0.640,1,0,129.177,0,0,10,4,0,11,2
15-04 17:10:55,30.760,19.006,48.016,0.500,0.250,1058952,1606772,162616,4995592,179604.805,11983.924,0,1236.405,0,37.012,5984,5902,1.870,1.050,0.640,4,0,182.060,0,0,10,4,0,11,2
15-04 17:10:56,39.458,14.984,42.455,1.748,0,1066164,1584388,162924,5009536,51773.846,2954.852,1010.923,1814.068,37.960,55.940,5516,5530,1.870,1.050,0.640,2,0,89.904,0,0,10,4,0,11,2
15-04 17:10:57,30.416,11.219,57.092,0.499,0,1065512,1566388,163788,5024652,7264.938,1615.539,0,9808.913,0,50.860,2586,1395,1.870,1.050,0.640,1,0,11.967,0,0,10,4,0,11,2
15-04 17:10:58,23.543,2.004,73.635,0.250,0,1066204,1551544,164128,5036696,5789.604,1622.973,0,757.387,0,24.044,1812,1208,1.870,1.050,0.640,1,0,0,0,0,10,4,0,11,2
15-04 17:10:59,21.747,3.000,73.490,1.500,0.250,1072312,1519380,165216,5058940,10769.497,1619.774,0,2987.583,0,132.981,2054,1695,1.880,1.070,0.650,1,0,0,0,0,10,4,0,11,2
15-04 17:11:00,23.006,1.750,73.770,0.750,0,1070716,1493040,166036,5083536,43296.812,1620.442,0,1716.468,0,66.018,1960,1362,1.880,1.070,0.650,1,0,0,0,0,10,4,0,11,2
15-04 17:11:01,18.777,2.003,78.865,0.751,0,1086312,1484088,166636,5075136,15676.772,3974.774,0,1738.525,0,63.092,1701,1215,1.880,1.070,0.650,1,0,0,0,0,10,2,0,11,3
15-04 17:11:02,21.967,3.495,73.639,0,0,1024000,1547672,166652,5073880,8213.621,1941.075,0,19.970,0,1.997,1849,901,1.880,1.070,0.650,1,0,18.971,0,0,10,2,0,11,0
15-04 17:11:03,19.499,2.500,77.497,0,0,1047548,1523256,166660,5074740,16481.297,3795.838,0,355.985,0,3.000,1659,783,1.880,1.070,0.650,1,0,15.999,0,0,10,3,0,9,0
15-04 17:11:04,23.288,4.758,72.117,0,0,1034676,1530700,166864,5079604,12395.073,1742.822,0,31242.596,0,660.069,2349,1197,1.810,1.070,0.650,1,0,4.006,0,0,10,2,0,9,0
15-04 17:11:05,17.954,2.992,78.548,0.249,0,1041536,1517212,167396,5084520,14515.701,4669.003,0,1176.976,0,18.951,1750,1012,1.810,1.070,0.650,2,0,21.944,0,0,10,2,0,9,0
15-04 17:11:06,23.778,4.505,69.832,0,0,1036232,1521656,167464,5085148,10292.089,1621.905,0,2430.855,0,174.205,11980,21372,1.810,1.070,0.650,1,0,9.011,0,0,10,2,0,9,0
15-04 17:11:07,23.551,6.765,67.897,0,0,1030372,1527520,167500,5085116,14994.510,132914.172,0,88.191,0,2.004,10847,19193,1.810,1.070,0.650,1,0,12.026,0,0,10,2,0,9,0
15-04 17:11:08,20.751,4.500,73.752,0.250,0,948616,1622048,167528,5073860,7838.245,1512.047,0,1404.044,0,12.000,1891,1096,1.810,1.070,0.650,1,0,12.000,0,0,10,2,0,9,0
15-04 17:11:09,4.489,0.748,94.514,0,0,898280,1672320,167528,5073924,10307.241,1615.962,0,199.501,0,4.988,926,689,1.660,1.050,0.650,0,0,0,0,0,10,2,0,9,0
15-04 17:11:10,0.500,0.500,98.751,0,0,895720,1674876,167528,5073928,7954.105,1620.021,0,0,0,0,529,556,1.660,1.050,0.650,0,0,0,0,0,10,2,0,9,0
15-04 17:11:11,0.750,0.500,98.519,0,0,892408,1678188,167528,5073928,11670.262,1566.304,0,8.002,0,2.000,618,574,1.660,1.050,0.650,0,0,0,0,0,10,2,0,9,0
15-04 17:11:12,0.500,0.250,98.734,0,0,888240,1682356,167528,5073928,7893.734,1511.758,0,0,0,0,554,558,1.660,1.050,0.650,0,0,0,0,0,10,2,0,9,0
15-04 17:11:13,0.500,0,98.491,0,0,877156,1693448,167528,5073928,37389.491,1619.848,0,515.952,0,3.000,736,554,1.660,1.050,0.650,0,0,0,0,0,10,2,0,9,0
15-04 17:11:14,0.750,2.000,96.269,0,0,867072,1703544,167532,5073912,12455.456,1566.309,0,21612.261,0,100.020,1174,1441,1.530,1.030,0.640,0,0,1.000,0,0,10,2,0,9,0
15-04 17:11:15,1.249,1.999,96.961,0,0,864360,1706256,167532,5073912,10848.590,1619.342,0,2259.082,0,13.994,802,659,1.530,1.030,0.640,0,0,5.998,0,0,10,2,0,9,0
15-04 17:11:16,0.500,0,98.546,0,0,862804,1707812,167532,5073912,35693.507,1512.700,0,0,0,0,669,576,1.530,1.030,0.640,0,0,0,0,0,10,2,0,9,0
15-04 17:11:17,0.500,0.500,98.997,0,0,862804,1707812,167532,5073912,10290.687,1619.951,0,4.000,0,1.000,540,570,1.530,1.030,0.640,0,0,0,0,0,10,2,0,9,0
15-04 17:11:18,1.000,0.250,98.744,0,0,861444,1709172,167532,5073912,10152.368,1619.899,0,0,0,0,542,560,1.530,1.030,0.640,0,0,0,0,0,10,2,0,9,0
15-04 17:11:19,0.250,1.500,97.003,0.250,0,860504,1710112,167532,5073912,17758.546,1620.050,0,18916.581,0,106.003,1003,875,1.410,1.010,0.640,0,0,0,0,0,10,2,0,9,0
15-04 17:11:20,1.250,0.250,99.001,0,0,860504,1710112,167532,5073912,7815.105,1620.022,0,0,0,0,523,572,1.410,1.010,0.640,0,0,0,0,0,10,2,0,9,0
15-04 17:11:21,0.500,0.250,98.750,0,0,859852,1710764,167532,5073912,7395.991,1565.998,0,136.000,0,26.000,518,583,1.410,1.010,0.640,0,0,0,0,0,10,2,0,9,0
15-04 17:11:22,0.500,0.250,98.743,0,0,859852,1710764,167532,5073912,20897.464,1705.875,0,0,0,0,679,562,1.410,1.010,0.640,0,0,0,0,0,10,2,0,9,0
15-04 17:11:23,0.500,0.500,98.749,0,0,859852,1710764,167532,5073912,9532.935,1619.989,0,4.000,0,1.000,537,558,1.410,1.010,0.640,0,0,0,0,0,10,2,0,9,0
15-04 17:11:24,0.750,0,98.473,0,0,859852,1710764,167532,5073912,7586.896,1565.566,0,679.811,0,3.999,601,667,1.290,1,0.640,0,0,1.000,0,0,10,2,0,9,0
15-04 17:11:25,0.250,0.500,98.783,0,0,859076,1711412,167532,5074040,53542.876,1566.523,0,0,0,0,716,566,1.290,1,0.640,0,0,0,0,0,10,2,0,9,0
15-04 17:11:26,1.000,0.250,98.749,0,0,857272,1713216,167532,5074040,7069.935,1619.985,0,0,0,0,520,568,1.290,1,0.640,0,0,0,0,0,10,2,0,9,0
15-04 17:11:27,0.750,0.250,98.502,0,0,855984,1714504,167532,5074040,9821.224,1652.038,0,0,0,0,560,565,1.290,1,0.640,0,0,0,0,0,10,2,0,9,0
15-04 17:11:28,0.500,0.250,99.266,0,0,855980,1714504,167532,5074044,7327.170,1512.241,0,0,0,0,490,551,1.290,1,0.640,0,0,0,0,0,10,2,0,9,0
15-04 17:11:29,0.750,3.000,95.747,0.250,0,855584,1714900,167532,5074044,6231.776,1619.942,0,49526.218,0,221.992,1179,1110,1.190,0.980,0.630,0,0,0,0,0,10,2,0,9,0
15-04 17:11:30,0.500,0.250,98.485,0,0,855584,1714900,167532,5074044,47112.627,1619.747,0,0,0,0,571,564,1.190,0.980,0.630,0,0,0,0,0,10,2,0,9,0
15-04 17:11:31,1.000,0.250,98.996,0,0,855584,1714900,167532,5074044,16169.321,1619.932,0,8.000,0,1.000,611,582,1.190,0.980,0.630,0,0,0,0,0,10,2,0,9,0
15-04 17:11:32,0.500,0,98.770,0,0,855584,1714900,167532,5074044,10895.253,1566.324,0,0,0,0,510,561,1.190,0.980,0.630,0,0,0,0,0,10,2,0,9,0
15-04 17:11:33,0.250,0.500,98.992,0,0.250,855584,1714900,167532,5074044,8201.335,1511.877,0,0,0,0,501,557,1.190,0.980,0.630,0,0,0,0,0,10,2,0,9,0
15-04 17:11:34,1.250,2.500,96.246,0.250,0,856064,1714424,167532,5074044,11759.458,1565.928,0,38506.226,0,191.991,1027,980,1.100,0.960,0.630,0,0,1.000,0,0,10,2,0,9,0
15-04 17:11:35,0.250,0.500,99.015,0,0,856064,1714424,167532,5074044,5853.876,1620.242,0,4.001,0,1.000,504,563,1.100,0.960,0.630,0,0,0,0,0,10,2,0,9,0
15-04 17:11:36,0.750,0,98.497,0,0,856064,1714424,167532,5074044,5325.831,1511.952,0,0,0,0,485,576,1.100,0.960,0.630,0,0,0,0,0,10,2,0,5,0
15-04 17:11:37,0.250,0.250,98.727,0,0,856060,1714424,167532,5074048,8441.034,1295.698,0,3.999,0,1.000,538,567,1.100,0.960,0.630,0,0,0,0,0,10,2,0,5,0
15-04 17:11:38,8.752,2.250,89.016,0,0,863652,1706696,167540,5074176,286383.278,7263.275,0,0,0,0,1518,1049,1.100,0.960,0.630,2,0,7.001,0,0,10,2,0,5,0
15-04 17:11:39,14.999,4.250,79.246,0.500,0,879668,1690592,167568,5074284,151899.449,9961.505,107.995,759.962,5.000,4.000,2387,1368,1.090,0.960,0.630,0,0,26.999,0,0,10,2,0,5,0
15-04 17:11:40,16.740,4.747,77.702,0,0,890108,1680044,167572,5074388,299738.648,9198.312,0,3.998,0,0.999,2467,1432,1.090,0.960,0.630,1,0,22.986,0,0,10,2,0,4,0
