Jan 19 13:15:13 ubuntu devstack@keystone.service[61716]: DEBUG keystone.common.rbac_enforcer.enforcer [None req-638f8828-91b3-49e4-8137-d5572d8a5342 None admin] RBAC: Authorizing `identity:create_grant(domain_id=default, user_id=fc4a0df272174a398a683258b2399f02, role_id=65cd72a3f99d4a2eb18b0b8a7b1d1413)` {{(pid=61716) enforce_call /opt/stack/keystone/keystone/common/rbac_enforcer/enforcer.py:494}}
Jan 19 13:15:13 ubuntu devstack@keystone.service[61716]: DEBUG keystone.common.rbac_enforcer.enforcer [None req-638f8828-91b3-49e4-8137-d5572d8a5342 None admin] RBAC: Authorization granted {{(pid=61716) enforce_call /opt/stack/keystone/keystone/common/rbac_enforcer/enforcer.py:505}}
Jan 19 13:15:13 ubuntu devstack@keystone.service[61716]: [pid: 61716|app: 0|req: 11/21] 10.120.125.138 () {60 vars in 1433 bytes} [Mon Jan 19 13:15:13 2026] PUT /identity/v3/domains/default/users/fc4a0df272174a398a683258b2399f02/roles/65cd72a3f99d4a2eb18b0b8a7b1d1413 => generated 0 bytes in 143 msecs (HTTP/1.1 204) 3 headers in 132 bytes (0 switches on core 0)
Jan 19 13:15:15 ubuntu devstack@keystone.service[61715]: DEBUG keystone.server.flask.request_processing.req_logging [None req-91599215-a4b7-4ee6-8da5-7a19f286a84c None None] REQUEST_METHOD: `GET` {{(pid=61715) log_request_info /opt/stack/keystone/keystone/server/flask/request_processing/req_logging.py:26}}
Jan 19 13:15:15 ubuntu devstack@keystone.service[61715]: DEBUG keystone.server.flask.request_processing.req_logging [None req-91599215-a4b7-4ee6-8da5-7a19f286a84c None None] SCRIPT_NAME: `/identity` {{(pid=61715) log_request_info /opt/stack/keystone/keystone/server/flask/request_processing/req_logging.py:27}}
Jan 19 13:15:15 ubuntu devstack@keystone.service[61715]: DEBUG keystone.server.flask.request_processing.req_logging [None req-91599215-a4b7-4ee6-8da5-7a19f286a84c None None] PATH_INFO: `/` {{(pid=61715) log_request_info /opt/stack/keystone/keystone/server/flask/request_processing/req_logging.py:28}}
Jan 19 13:15:15 ubuntu devstack@keystone.service[61715]: [pid: 61715|app: 0|req: 11/22] 10.120.125.138 () {56 vars in 955 bytes} [Mon Jan 19 13:15:15 2026] GET /identity => generated 272 bytes in 1 msecs (HTTP/1.1 300) 6 headers in 236 bytes (2 switches on core 0)
Jan 19 13:15:15 ubuntu devstack@keystone.service[61716]: DEBUG keystone.server.flask.request_processing.req_logging [None req-31d59db1-ca4b-4079-8724-24f2a6df5813 None None] REQUEST_METHOD: `POST` {{(pid=61716) log_request_info /opt/stack/keystone/keystone/server/flask/request_processing/req_logging.py:26}}
Jan 19 13:15:15 ubuntu devstack@keystone.service[61716]: DEBUG keystone.server.flask.request_processing.req_logging [None req-31d59db1-ca4b-4079-8724-24f2a6df5813 None None] SCRIPT_NAME: `/identity` {{(pid=61716) log_request_info /opt/stack/keystone/keystone/server/flask/request_processing/req_logging.py:27}}
Jan 19 13:15:15 ubuntu devstack@keystone.service[61716]: DEBUG keystone.server.flask.request_processing.req_logging [None req-31d59db1-ca4b-4079-8724-24f2a6df5813 None None] PATH_INFO: `/v3/auth/tokens` {{(pid=61716) log_request_info /opt/stack/keystone/keystone/server/flask/request_processing/req_logging.py:28}}
Jan 19 13:15:15 ubuntu devstack@keystone.service[61715]: DEBUG keystone.server.flask.request_processing.req_logging [None req-0a6d9bfc-03db-4fcd-8bf5-4438adffd01f None None] REQUEST_METHOD: `GET` {{(pid=61715) log_request_info /opt/stack/keystone/keystone/server/flask/request_processing/req_logging.py:26}}
Jan 19 13:15:15 ubuntu devstack@keystone.service[61715]: DEBUG keystone.server.flask.request_processing.req_logging [None req-0a6d9bfc-03db-4fcd-8bf5-4438adffd01f None None] SCRIPT_NAME: `/identity` {{(pid=61715) log_request_info /opt/stack/keystone/keystone/server/flask/request_processing/req_logging.py:27}}
Jan 19 13:15:15 ubuntu devstack@keystone.service[61715]: DEBUG keystone.server.flask.request_processing.req_logging [None req-0a6d9bfc-03db-4fcd-8bf5-4438adffd01f None None] PATH_INFO: `/` {{(pid=61715) log_request_info /opt/stack/keystone/keystone/server/flask/request_processing/req_logging.py:28}}
Jan 19 13:15:15 ubuntu devstack@keystone.service[61715]: [pid: 61715|app: 0|req: 12/23] 10.120.125.138 () {56 vars in 954 bytes} [Mon Jan 19 13:15:15 2026] GET /identity => generated 272 bytes in 1 msecs (HTTP/1.1 300) 6 headers in 236 bytes (1 switches on core 0)
Jan 19 13:15:15 ubuntu devstack@keystone.service[61716]: WARNING keystone.common.password_hashing [None req-31d59db1-ca4b-4079-8724-24f2a6df5813 None None] Truncating password to algorithm specific maximum length 72 characters.
Jan 19 13:15:15 ubuntu devstack@keystone.service[61716]: DEBUG keystone.auth.core [None req-31d59db1-ca4b-4079-8724-24f2a6df5813 None None] MFA Rules not processed for user `fc4a0df272174a398a683258b2399f02`. Rule list: `[]` (Enabled: `True`). {{(pid=61716) check_auth_methods_against_rules /opt/stack/keystone/keystone/auth/core.py:476}}
Jan 19 13:15:15 ubuntu devstack@keystone.service[61716]: DEBUG keystone.common.fernet_utils [None req-31d59db1-ca4b-4079-8724-24f2a6df5813 None None] Loaded 2 Fernet keys from /etc/keystone/fernet-keys/, but `[fernet_tokens] max_active_keys = 3`; perhaps there have not been enough key rotations to reach `max_active_keys` yet? {{(pid=61716) load_keys /opt/stack/keystone/keystone/common/fernet_utils.py:297}}
Jan 19 13:15:15 ubuntu devstack@keystone.service[61716]: [pid: 61716|app: 0|req: 12/24] 10.120.125.138 () {60 vars in 1051 bytes} [Mon Jan 19 13:15:15 2026] POST /identity/v3/auth/tokens => generated 864 bytes in 74 msecs (HTTP/1.1 201) 6 headers in 363 bytes (1 switches on core 0)
Jan 19 13:15:15 ubuntu devstack@keystone.service[61716]: DEBUG keystone.server.flask.request_processing.req_logging [None req-eec10f00-b1d9-4446-80ee-4eba02d2198f None None] REQUEST_METHOD: `GET` {{(pid=61716) log_request_info /opt/stack/keystone/keystone/server/flask/request_processing/req_logging.py:26}}
Jan 19 13:15:15 ubuntu devstack@keystone.service[61716]: DEBUG keystone.server.flask.request_processing.req_logging [None req-eec10f00-b1d9-4446-80ee-4eba02d2198f None None] SCRIPT_NAME: `/identity` {{(pid=61716) log_request_info /opt/stack/keystone/keystone/server/flask/request_processing/req_logging.py:27}}
Jan 19 13:15:15 ubuntu devstack@keystone.service[61715]: DEBUG keystone.server.flask.request_processing.req_logging [None req-f5659226-c28c-4c06-b325-c02199be3060 None None] REQUEST_METHOD: `GET` {{(pid=61715) log_request_info /opt/stack/keystone/keystone/server/flask/request_processing/req_logging.py:26}}
Jan 19 13:15:15 ubuntu devstack@keystone.service[61716]: DEBUG keystone.server.flask.request_processing.req_logging [None req-eec10f00-b1d9-4446-80ee-4eba02d2198f None None] PATH_INFO: `/` {{(pid=61716) log_request_info /opt/stack/keystone/keystone/server/flask/request_processing/req_logging.py:28}}
Jan 19 13:15:15 ubuntu devstack@keystone.service[61715]: DEBUG keystone.server.flask.request_processing.req_logging [None req-f5659226-c28c-4c06-b325-c02199be3060 None None] SCRIPT_NAME: `/identity` {{(pid=61715) log_request_info /opt/stack/keystone/keystone/server/flask/request_processing/req_logging.py:27}}
Jan 19 13:15:15 ubuntu devstack@keystone.service[61715]: DEBUG keystone.server.flask.request_processing.req_logging [None req-f5659226-c28c-4c06-b325-c02199be3060 None None] PATH_INFO: `/` {{(pid=61715) log_request_info /opt/stack/keystone/keystone/server/flask/request_processing/req_logging.py:28}}
Jan 19 13:15:15 ubuntu devstack@keystone.service[61715]: [pid: 61715|app: 0|req: 13/25] 10.120.125.138 () {56 vars in 955 bytes} [Mon Jan 19 13:15:15 2026] GET /identity => generated 272 bytes in 2 msecs (HTTP/1.1 300) 6 headers in 236 bytes (1 switches on core 0)
Jan 19 13:15:15 ubuntu devstack@keystone.service[61716]: [pid: 61716|app: 0|req: 13/26] 10.120.125.138 () {56 vars in 955 bytes} [Mon Jan 19 13:15:15 2026] GET /identity => generated 272 bytes in 4 msecs (HTTP/1.1 300) 6 headers in 236 bytes (1 switches on core 0)
Jan 19 13:15:15 ubuntu devstack@keystone.service[61715]: DEBUG keystone.server.flask.request_processing.req_logging [None req-50fe26c4-6b57-4c83-8119-2ae3c7714123 None None] REQUEST_METHOD: `POST` {{(pid=61715) log_request_info /opt/stack/keystone/keystone/server/flask/request_processing/req_logging.py:26}}
Jan 19 13:15:15 ubuntu devstack@keystone.service[61715]: DEBUG keystone.server.flask.request_processing.req_logging [None req-50fe26c4-6b57-4c83-8119-2ae3c7714123 None None] SCRIPT_NAME: `/identity` {{(pid=61715) log_request_info /opt/stack/keystone/keystone/server/flask/request_processing/req_logging.py:27}}
Jan 19 13:15:15 ubuntu devstack@keystone.service[61715]: DEBUG keystone.server.flask.request_processing.req_logging [None req-50fe26c4-6b57-4c83-8119-2ae3c7714123 None None] PATH_INFO: `/v3/auth/tokens` {{(pid=61715) log_request_info /opt/stack/keystone/keystone/server/flask/request_processing/req_logging.py:28}}
Jan 19 13:15:15 ubuntu devstack@keystone.service[61715]: WARNING keystone.common.password_hashing [None req-50fe26c4-6b57-4c83-8119-2ae3c7714123 None None] Truncating password to algorithm specific maximum length 72 characters.
Jan 19 13:15:15 ubuntu devstack@keystone.service[61715]: DEBUG keystone.auth.core [None req-50fe26c4-6b57-4c83-8119-2ae3c7714123 None None] MFA Rules not processed for user `fc4a0df272174a398a683258b2399f02`. Rule list: `[]` (Enabled: `True`). {{(pid=61715) check_auth_methods_against_rules /opt/stack/keystone/keystone/auth/core.py:476}}
Jan 19 13:15:15 ubuntu devstack@keystone.service[61715]: DEBUG keystone.common.fernet_utils [None req-50fe26c4-6b57-4c83-8119-2ae3c7714123 None None] Loaded 2 Fernet keys from /etc/keystone/fernet-keys/, but `[fernet_tokens] max_active_keys = 3`; perhaps there have not been enough key rotations to reach `max_active_keys` yet? {{(pid=61715) load_keys /opt/stack/keystone/keystone/common/fernet_utils.py:297}}
Jan 19 13:15:15 ubuntu devstack@keystone.service[61715]: [pid: 61715|app: 0|req: 14/27] 10.120.125.138 () {60 vars in 1052 bytes} [Mon Jan 19 13:15:15 2026] POST /identity/v3/auth/tokens => generated 864 bytes in 52 msecs (HTTP/1.1 201) 6 headers in 363 bytes (1 switches on core 0)
Jan 19 13:15:15 ubuntu devstack@keystone.service[61716]: DEBUG keystone.server.flask.request_processing.req_logging [None req-8091da5b-a7c3-40c3-b720-b66fc0cf8460 None None] REQUEST_METHOD: `GET` {{(pid=61716) log_request_info /opt/stack/keystone/keystone/server/flask/request_processing/req_logging.py:26}}
Jan 19 13:15:15 ubuntu devstack@keystone.service[61716]: DEBUG keystone.server.flask.request_processing.req_logging [None req-8091da5b-a7c3-40c3-b720-b66fc0cf8460 None None] SCRIPT_NAME: `/identity` {{(pid=61716) log_request_info /opt/stack/keystone/keystone/server/flask/request_processing/req_logging.py:27}}
Jan 19 13:15:15 ubuntu devstack@keystone.service[61716]: DEBUG keystone.server.flask.request_processing.req_logging [None req-8091da5b-a7c3-40c3-b720-b66fc0cf8460 None None] PATH_INFO: `/` {{(pid=61716) log_request_info /opt/stack/keystone/keystone/server/flask/request_processing/req_logging.py:28}}
Jan 19 13:15:15 ubuntu devstack@keystone.service[61716]: [pid: 61716|app: 0|req: 14/28] 10.120.125.138 () {56 vars in 954 bytes} [Mon Jan 19 13:15:15 2026] GET /identity => generated 272 bytes in 2 msecs (HTTP/1.1 300) 6 headers in 236 bytes (2 switches on core 0)
Jan 19 13:15:15 ubuntu devstack@keystone.service[61715]: DEBUG keystone.server.flask.request_processing.req_logging [None req-0aac1b37-ca9f-45a7-be70-09f3b2c4bece None None] REQUEST_METHOD: `POST` {{(pid=61715) log_request_info /opt/stack/keystone/keystone/server/flask/request_processing/req_logging.py:26}}
Jan 19 13:15:15 ubuntu devstack@keystone.service[61715]: DEBUG keystone.server.flask.request_processing.req_logging [None req-0aac1b37-ca9f-45a7-be70-09f3b2c4bece None None] SCRIPT_NAME: `/identity` {{(pid=61715) log_request_info /opt/stack/keystone/keystone/server/flask/request_processing/req_logging.py:27}}
Jan 19 13:15:15 ubuntu devstack@keystone.service[61715]: DEBUG keystone.server.flask.request_processing.req_logging [None req-0aac1b37-ca9f-45a7-be70-09f3b2c4bece None None] PATH_INFO: `/v3/auth/tokens` {{(pid=61715) log_request_info /opt/stack/keystone/keystone/server/flask/request_processing/req_logging.py:28}}
Jan 19 13:15:15 ubuntu devstack@keystone.service[61716]: DEBUG keystone.server.flask.request_processing.req_logging [None req-4f985424-d2a8-4ca5-86e8-783980712011 None None] REQUEST_METHOD: `POST` {{(pid=61716) log_request_info /opt/stack/keystone/keystone/server/flask/request_processing/req_logging.py:26}}
Jan 19 13:15:15 ubuntu devstack@keystone.service[61716]: DEBUG keystone.server.flask.request_processing.req_logging [None req-4f985424-d2a8-4ca5-86e8-783980712011 None None] SCRIPT_NAME: `/identity` {{(pid=61716) log_request_info /opt/stack/keystone/keystone/server/flask/request_processing/req_logging.py:27}}
Jan 19 13:15:15 ubuntu devstack@keystone.service[61716]: DEBUG keystone.server.flask.request_processing.req_logging [None req-4f985424-d2a8-4ca5-86e8-783980712011 None None] PATH_INFO: `/v3/auth/tokens` {{(pid=61716) log_request_info /opt/stack/keystone/keystone/server/flask/request_processing/req_logging.py:28}}
Jan 19 13:15:15 ubuntu devstack@keystone.service[61715]: WARNING keystone.common.password_hashing [None req-0aac1b37-ca9f-45a7-be70-09f3b2c4bece None None] Truncating password to algorithm specific maximum length 72 characters.
Jan 19 13:15:15 ubuntu devstack@keystone.service[61716]: WARNING keystone.common.password_hashing [None req-4f985424-d2a8-4ca5-86e8-783980712011 None None] Truncating password to algorithm specific maximum length 72 characters.
Jan 19 13:15:15 ubuntu devstack@keystone.service[61715]: DEBUG keystone.auth.core [None req-0aac1b37-ca9f-45a7-be70-09f3b2c4bece None None] MFA Rules not processed for user `fc4a0df272174a398a683258b2399f02`. Rule list: `[]` (Enabled: `True`). {{(pid=61715) check_auth_methods_against_rules /opt/stack/keystone/keystone/auth/core.py:476}}
Jan 19 13:15:15 ubuntu devstack@keystone.service[61715]: DEBUG keystone.common.fernet_utils [None req-0aac1b37-ca9f-45a7-be70-09f3b2c4bece None None] Loaded 2 Fernet keys from /etc/keystone/fernet-keys/, but `[fernet_tokens] max_active_keys = 3`; perhaps there have not been enough key rotations to reach `max_active_keys` yet? {{(pid=61715) load_keys /opt/stack/keystone/keystone/common/fernet_utils.py:297}}
Jan 19 13:15:15 ubuntu devstack@keystone.service[61716]: DEBUG keystone.auth.core [None req-4f985424-d2a8-4ca5-86e8-783980712011 None None] MFA Rules not processed for user `fc4a0df272174a398a683258b2399f02`. Rule list: `[]` (Enabled: `True`). {{(pid=61716) check_auth_methods_against_rules /opt/stack/keystone/keystone/auth/core.py:476}}
Jan 19 13:15:15 ubuntu devstack@keystone.service[61716]: DEBUG keystone.common.fernet_utils [None req-4f985424-d2a8-4ca5-86e8-783980712011 None None] Loaded 2 Fernet keys from /etc/keystone/fernet-keys/, but `[fernet_tokens] max_active_keys = 3`; perhaps there have not been enough key rotations to reach `max_active_keys` yet? {{(pid=61716) load_keys /opt/stack/keystone/keystone/common/fernet_utils.py:297}}
Jan 19 13:15:15 ubuntu devstack@keystone.service[61715]: [pid: 61715|app: 0|req: 15/29] 10.120.125.138 () {60 vars in 1052 bytes} [Mon Jan 19 13:15:15 2026] POST /identity/v3/auth/tokens => generated 864 bytes in 80 msecs (HTTP/1.1 201) 6 headers in 363 bytes (1 switches on core 0)
Jan 19 13:15:15 ubuntu devstack@keystone.service[61716]: [pid: 61716|app: 0|req: 15/30] 10.120.125.138 () {60 vars in 1052 bytes} [Mon Jan 19 13:15:15 2026] POST /identity/v3/auth/tokens => generated 864 bytes in 86 msecs (HTTP/1.1 201) 6 headers in 363 bytes (2 switches on core 0)
Jan 19 13:15:15 ubuntu devstack@keystone.service[61715]: DEBUG keystone.server.flask.request_processing.req_logging [None req-797b0cc4-e8e3-4ccd-9434-8d6cf0c771fc None None] REQUEST_METHOD: `POST` {{(pid=61715) log_request_info /opt/stack/keystone/keystone/server/flask/request_processing/req_logging.py:26}}
Jan 19 13:15:15 ubuntu devstack@keystone.service[61715]: DEBUG keystone.server.flask.request_processing.req_logging [None req-797b0cc4-e8e3-4ccd-9434-8d6cf0c771fc None None] SCRIPT_NAME: `/identity` {{(pid=61715) log_request_info /opt/stack/keystone/keystone/server/flask/request_processing/req_logging.py:27}}
Jan 19 13:15:15 ubuntu devstack@keystone.service[61715]: DEBUG keystone.server.flask.request_processing.req_logging [None req-797b0cc4-e8e3-4ccd-9434-8d6cf0c771fc None None] PATH_INFO: `/v3/auth/tokens` {{(pid=61715) log_request_info /opt/stack/keystone/keystone/server/flask/request_processing/req_logging.py:28}}
Jan 19 13:15:15 ubuntu devstack@keystone.service[61715]: WARNING keystone.common.password_hashing [None req-797b0cc4-e8e3-4ccd-9434-8d6cf0c771fc None None] Truncating password to algorithm specific maximum length 72 characters.
Jan 19 13:15:15 ubuntu devstack@keystone.service[61715]: DEBUG keystone.auth.core [None req-797b0cc4-e8e3-4ccd-9434-8d6cf0c771fc None None] MFA Rules not processed for user `fc4a0df272174a398a683258b2399f02`. Rule list: `[]` (Enabled: `True`). {{(pid=61715) check_auth_methods_against_rules /opt/stack/keystone/keystone/auth/core.py:476}}
Jan 19 13:15:15 ubuntu devstack@keystone.service[61715]: DEBUG keystone.common.fernet_utils [None req-797b0cc4-e8e3-4ccd-9434-8d6cf0c771fc None None] Loaded 2 Fernet keys from /etc/keystone/fernet-keys/, but `[fernet_tokens] max_active_keys = 3`; perhaps there have not been enough key rotations to reach `max_active_keys` yet? {{(pid=61715) load_keys /opt/stack/keystone/keystone/common/fernet_utils.py:297}}
Jan 19 13:15:15 ubuntu devstack@keystone.service[61716]: DEBUG keystone.server.flask.request_processing.middleware.auth_context [None req-4f985424-d2a8-4ca5-86e8-783980712011 None None] Authenticating user token {{(pid=61716) process_request /opt/stack/data/venv/lib/python3.12/site-packages/keystonemiddleware/auth_token/__init__.py:407}}
Jan 19 13:15:15 ubuntu devstack@keystone.service[61715]: [pid: 61715|app: 0|req: 16/31] 10.120.125.138 () {60 vars in 1052 bytes} [Mon Jan 19 13:15:15 2026] POST /identity/v3/auth/tokens => generated 864 bytes in 78 msecs (HTTP/1.1 201) 6 headers in 363 bytes (1 switches on core 0)
Jan 19 13:15:15 ubuntu devstack@keystone.service[61716]: DEBUG keystone.server.flask.request_processing.middleware.auth_context [None req-4f985424-d2a8-4ca5-86e8-783980712011 None None] Validating token access rules against request {{(pid=61716) validate_allowed_request /opt/stack/data/venv/lib/python3.12/site-packages/keystonemiddleware/auth_token/__init__.py:545}}
Jan 19 13:15:15 ubuntu devstack@keystone.service[61716]: DEBUG keystone.server.flask.request_processing.middleware.auth_context [None req-8c979a8c-c734-41d7-b97e-241692a9d0c1 None admin] RBAC: auth_context: {'token': <TokenModel (audit_id=0Xh5u-W4TOSE4eOjS2LRyg, audit_chain_id=['0Xh5u-W4TOSE4eOjS2LRyg']) at 0x7ee1e1b2bf50>, 'domain_id': None, 'trust_id': None, 'trustor_id': None, 'trustee_id': None, 'domain_name': None, 'group_ids': [], 'user_id': 'fc4a0df272174a398a683258b2399f02', 'user_domain_id': 'default', 'system_scope': 'all', 'project_id': None, 'project_domain_id': None, 'roles': ['admin', 'manager', 'member', 'reader'], 'is_admin_project': True, 'service_user_id': None, 'service_user_domain_id': None, 'service_project_id': None, 'service_project_domain_id': None, 'service_roles': []} {{(pid=61716) fill_context /opt/stack/keystone/keystone/server/flask/request_processing/middleware/auth_context.py:509}}
Jan 19 13:15:15 ubuntu devstack@keystone.service[61716]: DEBUG keystone.server.flask.request_processing.req_logging [None req-8c979a8c-c734-41d7-b97e-241692a9d0c1 None admin] REQUEST_METHOD: `GET` {{(pid=61716) log_request_info /opt/stack/keystone/keystone/server/flask/request_processing/req_logging.py:26}}
Jan 19 13:15:15 ubuntu devstack@keystone.service[61716]: DEBUG keystone.server.flask.request_processing.req_logging [None req-8c979a8c-c734-41d7-b97e-241692a9d0c1 None admin] SCRIPT_NAME: `/identity` {{(pid=61716) log_request_info /opt/stack/keystone/keystone/server/flask/request_processing/req_logging.py:27}}
Jan 19 13:15:15 ubuntu devstack@keystone.service[61716]: DEBUG keystone.server.flask.request_processing.req_logging [None req-8c979a8c-c734-41d7-b97e-241692a9d0c1 None admin] PATH_INFO: `/v3/roles/admin` {{(pid=61716) log_request_info /opt/stack/keystone/keystone/server/flask/request_processing/req_logging.py:28}}
Jan 19 13:15:15 ubuntu devstack@keystone.service[61716]: DEBUG keystone.common.rbac_enforcer.enforcer [None req-8c979a8c-c734-41d7-b97e-241692a9d0c1 None admin] Extracting inferred target data resulted in "NOT FOUND (404)". {{(pid=61716) enforce_call /opt/stack/keystone/keystone/common/rbac_enforcer/enforcer.py:445}}
Jan 19 13:15:15 ubuntu devstack@keystone.service[61716]: DEBUG keystone.server.flask.application [None req-8c979a8c-c734-41d7-b97e-241692a9d0c1 None admin] Could not find role: admin. {{(pid=61716) _handle_keystone_exception /opt/stack/keystone/keystone/server/flask/application.py:146}}
Jan 19 13:15:15 ubuntu devstack@keystone.service[61716]: [pid: 61716|app: 0|req: 16/32] 10.120.125.138 () {58 vars in 1168 bytes} [Mon Jan 19 13:15:15 2026] GET /identity/v3/roles/admin => generated 83 bytes in 87 msecs (HTTP/1.1 404) 5 headers in 183 bytes (1 switches on core 0)
Jan 19 13:15:16 ubuntu devstack@keystone.service[61715]: DEBUG keystone.server.flask.request_processing.middleware.auth_context [None req-797b0cc4-e8e3-4ccd-9434-8d6cf0c771fc None None] Authenticating user token {{(pid=61715) process_request /opt/stack/data/venv/lib/python3.12/site-packages/keystonemiddleware/auth_token/__init__.py:407}}
Jan 19 13:15:16 ubuntu devstack@keystone.service[61716]: DEBUG keystone.server.flask.request_processing.req_logging [None req-fef7943b-cae2-4740-a7b5-2e7841f064d3 None None] REQUEST_METHOD: `GET` {{(pid=61716) log_request_info /opt/stack/keystone/keystone/server/flask/request_processing/req_logging.py:26}}
Jan 19 13:15:16 ubuntu devstack@keystone.service[61716]: DEBUG keystone.server.flask.request_processing.req_logging [None req-fef7943b-cae2-4740-a7b5-2e7841f064d3 None None] SCRIPT_NAME: `/identity` {{(pid=61716) log_request_info /opt/stack/keystone/keystone/server/flask/request_processing/req_logging.py:27}}
Jan 19 13:15:16 ubuntu devstack@keystone.service[61716]: DEBUG keystone.server.flask.request_processing.req_logging [None req-fef7943b-cae2-4740-a7b5-2e7841f064d3 None None] PATH_INFO: `/` {{(pid=61716) log_request_info /opt/stack/keystone/keystone/server/flask/request_processing/req_logging.py:28}}
Jan 19 13:15:16 ubuntu devstack@keystone.service[61716]: [pid: 61716|app: 0|req: 17/33] 10.120.125.138 () {56 vars in 955 bytes} [Mon Jan 19 13:15:16 2026] GET /identity => generated 272 bytes in 1 msecs (HTTP/1.1 300) 6 headers in 236 bytes (1 switches on core 0)
Jan 19 13:15:16 ubuntu devstack@keystone.service[61715]: DEBUG keystone.server.flask.request_processing.middleware.auth_context [None req-797b0cc4-e8e3-4ccd-9434-8d6cf0c771fc None None] Validating token access rules against request {{(pid=61715) validate_allowed_request /opt/stack/data/venv/lib/python3.12/site-packages/keystonemiddleware/auth_token/__init__.py:545}}
Jan 19 13:15:16 ubuntu devstack@keystone.service[61715]: DEBUG keystone.server.flask.request_processing.middleware.auth_context [None req-b8d91bd1-07d8-4792-a4fc-3e9cc22500d2 None admin] RBAC: auth_context: {'token': <TokenModel (audit_id=0Xh5u-W4TOSE4eOjS2LRyg, audit_chain_id=['0Xh5u-W4TOSE4eOjS2LRyg']) at 0x7ee1e1aff1a0>, 'domain_id': None, 'trust_id': None, 'trustor_id': None, 'trustee_id': None, 'domain_name': None, 'group_ids': [], 'user_id': 'fc4a0df272174a398a683258b2399f02', 'user_domain_id': 'default', 'system_scope': 'all', 'project_id': None, 'project_domain_id': None, 'roles': ['admin', 'manager', 'member', 'reader'], 'is_admin_project': True, 'service_user_id': None, 'service_user_domain_id': None, 'service_project_id': None, 'service_project_domain_id': None, 'service_roles': []} {{(pid=61715) fill_context /opt/stack/keystone/keystone/server/flask/request_processing/middleware/auth_context.py:509}}
Jan 19 13:15:16 ubuntu devstack@keystone.service[61715]: DEBUG keystone.server.flask.request_processing.req_logging [None req-b8d91bd1-07d8-4792-a4fc-3e9cc22500d2 None admin] REQUEST_METHOD: `GET` {{(pid=61715) log_request_info /opt/stack/keystone/keystone/server/flask/request_processing/req_logging.py:26}}
Jan 19 13:15:16 ubuntu devstack@keystone.service[61715]: DEBUG keystone.server.flask.request_processing.req_logging [None req-b8d91bd1-07d8-4792-a4fc-3e9cc22500d2 None admin] SCRIPT_NAME: `/identity` {{(pid=61715) log_request_info /opt/stack/keystone/keystone/server/flask/request_processing/req_logging.py:27}}
Jan 19 13:15:16 ubuntu devstack@keystone.service[61715]: DEBUG keystone.server.flask.request_processing.req_logging [None req-b8d91bd1-07d8-4792-a4fc-3e9cc22500d2 None admin] PATH_INFO: `/v3/roles` {{(pid=61715) log_request_info /opt/stack/keystone/keystone/server/flask/request_processing/req_logging.py:28}}
Jan 19 13:15:16 ubuntu devstack@keystone.service[61715]: DEBUG keystone.common.rbac_enforcer.enforcer [None req-b8d91bd1-07d8-4792-a4fc-3e9cc22500d2 None admin] RBAC: Adding query filter params (name=admin) {{(pid=61715) _extract_filter_values /opt/stack/keystone/keystone/common/rbac_enforcer/enforcer.py:176}}
Jan 19 13:15:16 ubuntu devstack@keystone.service[61715]: DEBUG keystone.common.rbac_enforcer.enforcer [None req-b8d91bd1-07d8-4792-a4fc-3e9cc22500d2 None admin] RBAC: Authorizing `identity:list_roles()` {{(pid=61715) enforce_call /opt/stack/keystone/keystone/common/rbac_enforcer/enforcer.py:494}}
Jan 19 13:15:16 ubuntu devstack@keystone.service[61715]: DEBUG keystone.common.rbac_enforcer.enforcer [None req-b8d91bd1-07d8-4792-a4fc-3e9cc22500d2 None admin] RBAC: Authorization granted {{(pid=61715) enforce_call /opt/stack/keystone/keystone/common/rbac_enforcer/enforcer.py:505}}
Jan 19 13:15:16 ubuntu devstack@keystone.service[61715]: [pid: 61715|app: 0|req: 17/34] 10.120.125.138 () {58 vars in 1184 bytes} [Mon Jan 19 13:15:16 2026] GET /identity/v3/roles?name=admin => generated 343 bytes in 68 msecs (HTTP/1.1 200) 5 headers in 177 bytes (2 switches on core 0)
Jan 19 13:15:16 ubuntu devstack@keystone.service[61716]: DEBUG keystone.server.flask.request_processing.middleware.auth_context [None req-fef7943b-cae2-4740-a7b5-2e7841f064d3 None None] Authenticating user token {{(pid=61716) process_request /opt/stack/data/venv/lib/python3.12/site-packages/keystonemiddleware/auth_token/__init__.py:407}}
Jan 19 13:15:16 ubuntu devstack@keystone.service[61715]: DEBUG keystone.server.flask.request_processing.middleware.auth_context [None req-b8d91bd1-07d8-4792-a4fc-3e9cc22500d2 None admin] Authenticating user token {{(pid=61715) process_request /opt/stack/data/venv/lib/python3.12/site-packages/keystonemiddleware/auth_token/__init__.py:407}}
Jan 19 13:15:16 ubuntu devstack@keystone.service[61716]: DEBUG keystone.server.flask.request_processing.middleware.auth_context [None req-fef7943b-cae2-4740-a7b5-2e7841f064d3 None None] Validating token access rules against request {{(pid=61716) validate_allowed_request /opt/stack/data/venv/lib/python3.12/site-packages/keystonemiddleware/auth_token/__init__.py:545}}
Jan 19 13:15:16 ubuntu devstack@keystone.service[61716]: DEBUG keystone.server.flask.request_processing.middleware.auth_context [None req-d0bc26b3-807e-4b3e-a651-430776ed14ca None admin] RBAC: auth_context: {'token': <TokenModel (audit_id=0Xh5u-W4TOSE4eOjS2LRyg, audit_chain_id=['0Xh5u-W4TOSE4eOjS2LRyg']) at 0x7ee1e177d310>, 'domain_id': None, 'trust_id': None, 'trustor_id': None, 'trustee_id': None, 'domain_name': None, 'group_ids': [], 'user_id': 'fc4a0df272174a398a683258b2399f02', 'user_domain_id': 'default', 'system_scope': 'all', 'project_id': None, 'project_domain_id': None, 'roles': ['admin', 'manager', 'member', 'reader'], 'is_admin_project': True, 'service_user_id': None, 'service_user_domain_id': None, 'service_project_id': None, 'service_project_domain_id': None, 'service_roles': []} {{(pid=61716) fill_context /opt/stack/keystone/keystone/server/flask/request_processing/middleware/auth_context.py:509}}
Jan 19 13:15:16 ubuntu devstack@keystone.service[61716]: DEBUG keystone.server.flask.request_processing.req_logging [None req-d0bc26b3-807e-4b3e-a651-430776ed14ca None admin] REQUEST_METHOD: `GET` {{(pid=61716) log_request_info /opt/stack/keystone/keystone/server/flask/request_processing/req_logging.py:26}}
Jan 19 13:15:16 ubuntu devstack@keystone.service[61716]: DEBUG keystone.server.flask.request_processing.req_logging [None req-d0bc26b3-807e-4b3e-a651-430776ed14ca None admin] SCRIPT_NAME: `/identity` {{(pid=61716) log_request_info /opt/stack/keystone/keystone/server/flask/request_processing/req_logging.py:27}}
Jan 19 13:15:16 ubuntu devstack@keystone.service[61716]: DEBUG keystone.server.flask.request_processing.req_logging [None req-d0bc26b3-807e-4b3e-a651-430776ed14ca None admin] PATH_INFO: `/v3/users/fc4a0df272174a398a683258b2399f02` {{(pid=61716) log_request_info /opt/stack/keystone/keystone/server/flask/request_processing/req_logging.py:28}}
Jan 19 13:15:16 ubuntu devstack@keystone.service[61716]: DEBUG keystone.common.rbac_enforcer.enforcer [None req-d0bc26b3-807e-4b3e-a651-430776ed14ca None admin] RBAC: Authorizing `identity:get_user(user_id=fc4a0df272174a398a683258b2399f02)` {{(pid=61716) enforce_call /opt/stack/keystone/keystone/common/rbac_enforcer/enforcer.py:494}}
Jan 19 13:15:16 ubuntu devstack@keystone.service[61716]: DEBUG keystone.common.rbac_enforcer.enforcer [None req-d0bc26b3-807e-4b3e-a651-430776ed14ca None admin] RBAC: Authorization granted {{(pid=61716) enforce_call /opt/stack/keystone/keystone/common/rbac_enforcer/enforcer.py:505}}
Jan 19 13:15:16 ubuntu devstack@keystone.service[61716]: [pid: 61716|app: 0|req: 18/35] 10.120.125.138 () {58 vars in 1249 bytes} [Mon Jan 19 13:15:16 2026] GET /identity/v3/users/fc4a0df272174a398a683258b2399f02 => generated 249 bytes in 68 msecs (HTTP/1.1 200) 5 headers in 177 bytes (1 switches on core 0)
Jan 19 13:15:16 ubuntu devstack@keystone.service[61716]: DEBUG keystone.server.flask.request_processing.req_logging [None req-b41abf0d-d707-48e6-8f6c-901fefe8bae8 None None] REQUEST_METHOD: `POST` {{(pid=61716) log_request_info /opt/stack/keystone/keystone/server/flask/request_processing/req_logging.py:26}}
Jan 19 13:15:16 ubuntu devstack@keystone.service[61716]: DEBUG keystone.server.flask.request_processing.req_logging [None req-b41abf0d-d707-48e6-8f6c-901fefe8bae8 None None] SCRIPT_NAME: `/identity` {{(pid=61716) log_request_info /opt/stack/keystone/keystone/server/flask/request_processing/req_logging.py:27}}
Jan 19 13:15:16 ubuntu devstack@keystone.service[61716]: DEBUG keystone.server.flask.request_processing.req_logging [None req-b41abf0d-d707-48e6-8f6c-901fefe8bae8 None None] PATH_INFO: `/v3/auth/tokens` {{(pid=61716) log_request_info /opt/stack/keystone/keystone/server/flask/request_processing/req_logging.py:28}}
Jan 19 13:15:16 ubuntu devstack@keystone.service[61715]: DEBUG keystone.server.flask.request_processing.middleware.auth_context [None req-b8d91bd1-07d8-4792-a4fc-3e9cc22500d2 None admin] Validating token access rules against request {{(pid=61715) validate_allowed_request /opt/stack/data/venv/lib/python3.12/site-packages/keystonemiddleware/auth_token/__init__.py:545}}
Jan 19 13:15:16 ubuntu devstack@keystone.service[61716]: WARNING keystone.common.password_hashing [None req-b41abf0d-d707-48e6-8f6c-901fefe8bae8 None None] Truncating password to algorithm specific maximum length 72 characters.
Jan 19 13:15:16 ubuntu devstack@keystone.service[61716]: DEBUG keystone.auth.core [None req-b41abf0d-d707-48e6-8f6c-901fefe8bae8 None None] MFA Rules not processed for user `fc4a0df272174a398a683258b2399f02`. Rule list: `[]` (Enabled: `True`). {{(pid=61716) check_auth_methods_against_rules /opt/stack/keystone/keystone/auth/core.py:476}}
Jan 19 13:15:16 ubuntu devstack@keystone.service[61716]: DEBUG keystone.common.fernet_utils [None req-b41abf0d-d707-48e6-8f6c-901fefe8bae8 None None] Loaded 2 Fernet keys from /etc/keystone/fernet-keys/, but `[fernet_tokens] max_active_keys = 3`; perhaps there have not been enough key rotations to reach `max_active_keys` yet? {{(pid=61716) load_keys /opt/stack/keystone/keystone/common/fernet_utils.py:297}}
Jan 19 13:15:16 ubuntu devstack@keystone.service[61715]: DEBUG keystone.server.flask.request_processing.middleware.auth_context [None req-39fdc8a5-9699-4655-bf7f-795167a47e60 None admin] RBAC: auth_context: {'token': <TokenModel (audit_id=ZD5pbpK5S_CD39f1sJpEJw, audit_chain_id=['ZD5pbpK5S_CD39f1sJpEJw']) at 0x7ee1e178d9d0>, 'domain_id': None, 'trust_id': None, 'trustor_id': None, 'trustee_id': None, 'domain_name': None, 'group_ids': [], 'user_id': 'fc4a0df272174a398a683258b2399f02', 'user_domain_id': 'default', 'system_scope': 'all', 'project_id': None, 'project_domain_id': None, 'roles': ['admin', 'manager', 'member', 'reader'], 'is_admin_project': True, 'service_user_id': None, 'service_user_domain_id': None, 'service_project_id': None, 'service_project_domain_id': None, 'service_roles': []} {{(pid=61715) fill_context /opt/stack/keystone/keystone/server/flask/request_processing/middleware/auth_context.py:509}}
Jan 19 13:15:16 ubuntu devstack@keystone.service[61715]: DEBUG keystone.server.flask.request_processing.req_logging [None req-39fdc8a5-9699-4655-bf7f-795167a47e60 None admin] REQUEST_METHOD: `POST` {{(pid=61715) log_request_info /opt/stack/keystone/keystone/server/flask/request_processing/req_logging.py:26}}
Jan 19 13:15:16 ubuntu devstack@keystone.service[61715]: DEBUG keystone.server.flask.request_processing.req_logging [None req-39fdc8a5-9699-4655-bf7f-795167a47e60 None admin] SCRIPT_NAME: `/identity` {{(pid=61715) log_request_info /opt/stack/keystone/keystone/server/flask/request_processing/req_logging.py:27}}
Jan 19 13:15:16 ubuntu devstack@keystone.service[61715]: DEBUG keystone.server.flask.request_processing.req_logging [None req-39fdc8a5-9699-4655-bf7f-795167a47e60 None admin] PATH_INFO: `/v3/roles` {{(pid=61715) log_request_info /opt/stack/keystone/keystone/server/flask/request_processing/req_logging.py:28}}
Jan 19 13:15:16 ubuntu devstack@keystone.service[61715]: DEBUG keystone.common.rbac_enforcer.enforcer [None req-39fdc8a5-9699-4655-bf7f-795167a47e60 None admin] RBAC: Authorizing `identity:create_role()` {{(pid=61715) enforce_call /opt/stack/keystone/keystone/common/rbac_enforcer/enforcer.py:494}}
Jan 19 13:15:16 ubuntu devstack@keystone.service[61715]: DEBUG keystone.common.rbac_enforcer.enforcer [None req-39fdc8a5-9699-4655-bf7f-795167a47e60 None admin] RBAC: Authorization granted {{(pid=61715) enforce_call /opt/stack/keystone/keystone/common/rbac_enforcer/enforcer.py:505}}
Jan 19 13:15:16 ubuntu devstack@keystone.service[61715]: DEBUG keystone.common.sql.core [None req-39fdc8a5-9699-4655-bf7f-795167a47e60 None admin] Conflict role: (pymysql.err.IntegrityError) (1062, "Duplicate entry 'service-<<null>>' for key 'role.ixu_role_name_domain_id'")
Jan 19 13:15:16 ubuntu devstack@keystone.service[61715]: [SQL: INSERT INTO `role` (id, name, description, extra) VALUES (%(id)s, %(name)s, %(description)s, %(extra)s)]
Jan 19 13:15:16 ubuntu devstack@keystone.service[61715]: [parameters: {'id': 'b73058e112a74f79931c0871f574287a', 'name': 'service', 'description': None, 'extra': '{}'}]
Jan 19 13:15:16 ubuntu devstack@keystone.service[61715]: (Background on this error at: https://sqlalche.me/e/20/gkpj) {{(pid=61715) wrapper /opt/stack/keystone/keystone/common/sql/core.py:580}}
Jan 19 13:15:16 ubuntu devstack@keystone.service[61715]: ERROR keystone.server.flask.application [None req-39fdc8a5-9699-4655-bf7f-795167a47e60 None admin] Conflict occurred attempting to store role - Duplicate entry found with name service.: keystone.exception.Conflict: Conflict occurred attempting to store role - Duplicate entry found with name service.
Jan 19 13:15:16 ubuntu devstack@keystone.service[61715]: ERROR keystone.server.flask.application Traceback (most recent call last):
Jan 19 13:15:16 ubuntu devstack@keystone.service[61715]: ERROR keystone.server.flask.application   File "/opt/stack/data/venv/lib/python3.12/site-packages/sqlalchemy/engine/base.py", line 1967, in _exec_single_context
Jan 19 13:15:16 ubuntu devstack@keystone.service[61715]: ERROR keystone.server.flask.application     self.dialect.do_execute(
Jan 19 13:15:16 ubuntu devstack@keystone.service[61715]: ERROR keystone.server.flask.application   File "/opt/stack/data/venv/lib/python3.12/site-packages/sqlalchemy/engine/default.py", line 951, in do_execute
Jan 19 13:15:16 ubuntu devstack@keystone.service[61715]: ERROR keystone.server.flask.application     cursor.execute(statement, parameters)
Jan 19 13:15:16 ubuntu devstack@keystone.service[61715]: ERROR keystone.server.flask.application   File "/opt/stack/data/venv/lib/python3.12/site-packages/pymysql/cursors.py", line 153, in execute
Jan 19 13:15:16 ubuntu devstack@keystone.service[61715]: ERROR keystone.server.flask.application     result = self._query(query)
Jan 19 13:15:16 ubuntu devstack@keystone.service[61715]: ERROR keystone.server.flask.application              ^^^^^^^^^^^^^^^^^^
Jan 19 13:15:16 ubuntu devstack@keystone.service[61715]: ERROR keystone.server.flask.application   File "/opt/stack/data/venv/lib/python3.12/site-packages/pymysql/cursors.py", line 322, in _query
Jan 19 13:15:16 ubuntu devstack@keystone.service[61715]: ERROR keystone.server.flask.application     conn.query(q)
Jan 19 13:15:16 ubuntu devstack@keystone.service[61715]: ERROR keystone.server.flask.application   File "/opt/stack/data/venv/lib/python3.12/site-packages/pymysql/connections.py", line 575, in query
Jan 19 13:15:16 ubuntu devstack@keystone.service[61715]: ERROR keystone.server.flask.application     self._affected_rows = self._read_query_result(unbuffered=unbuffered)
Jan 19 13:15:16 ubuntu devstack@keystone.service[61715]: ERROR keystone.server.flask.application                           ^^^^^^^^^^^^^^^^^^^^^^^^^^^^^^^^^^^^^^^^^^^^^^
Jan 19 13:15:16 ubuntu devstack@keystone.service[61715]: ERROR keystone.server.flask.application   File "/opt/stack/data/venv/lib/python3.12/site-packages/pymysql/connections.py", line 826, in _read_query_result
Jan 19 13:15:16 ubuntu devstack@keystone.service[61715]: ERROR keystone.server.flask.application     result.read()
Jan 19 13:15:16 ubuntu devstack@keystone.service[61715]: ERROR keystone.server.flask.application   File "/opt/stack/data/venv/lib/python3.12/site-packages/pymysql/connections.py", line 1203, in read
Jan 19 13:15:16 ubuntu devstack@keystone.service[61715]: ERROR keystone.server.flask.application     first_packet = self.connection._read_packet()
Jan 19 13:15:16 ubuntu devstack@keystone.service[61715]: ERROR keystone.server.flask.application                    ^^^^^^^^^^^^^^^^^^^^^^^^^^^^^^
Jan 19 13:15:16 ubuntu devstack@keystone.service[61715]: ERROR keystone.server.flask.application   File "/opt/stack/data/venv/lib/python3.12/site-packages/pymysql/connections.py", line 782, in _read_packet
Jan 19 13:15:16 ubuntu devstack@keystone.service[61715]: ERROR keystone.server.flask.application     packet.raise_for_error()
Jan 19 13:15:16 ubuntu devstack@keystone.service[61715]: ERROR keystone.server.flask.application   File "/opt/stack/data/venv/lib/python3.12/site-packages/pymysql/protocol.py", line 219, in raise_for_error
Jan 19 13:15:16 ubuntu devstack@keystone.service[61715]: ERROR keystone.server.flask.application     err.raise_mysql_exception(self._data)
Jan 19 13:15:16 ubuntu devstack@keystone.service[61715]: ERROR keystone.server.flask.application   File "/opt/stack/data/venv/lib/python3.12/site-packages/pymysql/err.py", line 150, in raise_mysql_exception
Jan 19 13:15:16 ubuntu devstack@keystone.service[61715]: ERROR keystone.server.flask.application     raise errorclass(errno, errval)
Jan 19 13:15:16 ubuntu devstack@keystone.service[61715]: ERROR keystone.server.flask.application pymysql.err.IntegrityError: (1062, "Duplicate entry 'service-<<null>>' for key 'role.ixu_role_name_domain_id'")
Jan 19 13:15:16 ubuntu devstack@keystone.service[61715]: ERROR keystone.server.flask.application 
Jan 19 13:15:16 ubuntu devstack@keystone.service[61715]: ERROR keystone.server.flask.application The above exception was the direct cause of the following exception:
Jan 19 13:15:16 ubuntu devstack@keystone.service[61715]: ERROR keystone.server.flask.application 
Jan 19 13:15:16 ubuntu devstack@keystone.service[61715]: ERROR keystone.server.flask.application Traceback (most recent call last):
Jan 19 13:15:16 ubuntu devstack@keystone.service[61715]: ERROR keystone.server.flask.application   File "/opt/stack/keystone/keystone/common/sql/core.py", line 575, in wrapper
Jan 19 13:15:16 ubuntu devstack@keystone.service[61715]: ERROR keystone.server.flask.application     return method(*args, **kwargs)
Jan 19 13:15:16 ubuntu devstack@keystone.service[61715]: ERROR keystone.server.flask.application            ^^^^^^^^^^^^^^^^^^^^^^^
Jan 19 13:15:16 ubuntu devstack@keystone.service[61715]: ERROR keystone.server.flask.application   File "/opt/stack/keystone/keystone/assignment/role_backends/sql.py", line 25, in create_role
Jan 19 13:15:16 ubuntu devstack@keystone.service[61715]: ERROR keystone.server.flask.application     with sql.session_for_write() as session:
Jan 19 13:15:16 ubuntu devstack@keystone.service[61715]: ERROR keystone.server.flask.application   File "/usr/lib/python3.12/contextlib.py", line 144, in __exit__
Jan 19 13:15:16 ubuntu devstack@keystone.service[61715]: ERROR keystone.server.flask.application     next(self.gen)
Jan 19 13:15:16 ubuntu devstack@keystone.service[61715]: ERROR keystone.server.flask.application   File "/opt/stack/data/venv/lib/python3.12/site-packages/oslo_db/sqlalchemy/enginefacade.py", line 1199, in _transaction_scope
Jan 19 13:15:16 ubuntu devstack@keystone.service[61715]: ERROR keystone.server.flask.application     with current._produce_block(
Jan 19 13:15:16 ubuntu devstack@keystone.service[61715]: ERROR keystone.server.flask.application   File "/usr/lib/python3.12/contextlib.py", line 144, in __exit__
Jan 19 13:15:16 ubuntu devstack@keystone.service[61715]: ERROR keystone.server.flask.application     next(self.gen)
Jan 19 13:15:16 ubuntu devstack@keystone.service[61715]: ERROR keystone.server.flask.application   File "/opt/stack/data/venv/lib/python3.12/site-packages/oslo_db/sqlalchemy/enginefacade.py", line 850, in _session
Jan 19 13:15:16 ubuntu devstack@keystone.service[61715]: ERROR keystone.server.flask.application     with excutils.save_and_reraise_exception():
Jan 19 13:15:16 ubuntu devstack@keystone.service[61715]: ERROR keystone.server.flask.application   File "/opt/stack/data/venv/lib/python3.12/site-packages/oslo_utils/excutils.py", line 256, in __exit__
Jan 19 13:15:16 ubuntu devstack@keystone.service[61715]: ERROR keystone.server.flask.application     self.force_reraise()
Jan 19 13:15:16 ubuntu devstack@keystone.service[61715]: ERROR keystone.server.flask.application   File "/opt/stack/data/venv/lib/python3.12/site-packages/oslo_utils/excutils.py", line 222, in force_reraise
Jan 19 13:15:16 ubuntu devstack@keystone.service[61715]: ERROR keystone.server.flask.application     raise self.value
Jan 19 13:15:16 ubuntu devstack@keystone.service[61715]: ERROR keystone.server.flask.application   File "/opt/stack/data/venv/lib/python3.12/site-packages/oslo_db/sqlalchemy/enginefacade.py", line 848, in _session
Jan 19 13:15:16 ubuntu devstack@keystone.service[61715]: ERROR keystone.server.flask.application     self._end_session_transaction(self.session)
Jan 19 13:15:16 ubuntu devstack@keystone.service[61715]: ERROR keystone.server.flask.application   File "/opt/stack/data/venv/lib/python3.12/site-packages/oslo_db/sqlalchemy/enginefacade.py", line 761, in _end_session_transaction
Jan 19 13:15:16 ubuntu devstack@keystone.service[61715]: ERROR keystone.server.flask.application     session.commit()
Jan 19 13:15:16 ubuntu devstack@keystone.service[61715]: ERROR keystone.server.flask.application   File "/opt/stack/data/venv/lib/python3.12/site-packages/sqlalchemy/orm/session.py", line 2030, in commit
Jan 19 13:15:16 ubuntu devstack@keystone.service[61715]: ERROR keystone.server.flask.application     trans.commit(_to_root=True)
Jan 19 13:15:16 ubuntu devstack@keystone.service[61715]: ERROR keystone.server.flask.application   File "<string>", line 2, in commit
Jan 19 13:15:16 ubuntu devstack@keystone.service[61715]: ERROR keystone.server.flask.application   File "/opt/stack/data/venv/lib/python3.12/site-packages/sqlalchemy/orm/state_changes.py", line 137, in _go
Jan 19 13:15:16 ubuntu devstack@keystone.service[61715]: ERROR keystone.server.flask.application     ret_value = fn(self, *arg, **kw)
Jan 19 13:15:16 ubuntu devstack@keystone.service[61715]: ERROR keystone.server.flask.application                 ^^^^^^^^^^^^^^^^^^^^
Jan 19 13:15:16 ubuntu devstack@keystone.service[61715]: ERROR keystone.server.flask.application   File "/opt/stack/data/venv/lib/python3.12/site-packages/sqlalchemy/orm/session.py", line 1311, in commit
Jan 19 13:15:16 ubuntu devstack@keystone.service[61715]: ERROR keystone.server.flask.application     self._prepare_impl()
Jan 19 13:15:16 ubuntu devstack@keystone.service[61715]: ERROR keystone.server.flask.application   File "<string>", line 2, in _prepare_impl
Jan 19 13:15:16 ubuntu devstack@keystone.service[61715]: ERROR keystone.server.flask.application   File "/opt/stack/data/venv/lib/python3.12/site-packages/sqlalchemy/orm/state_changes.py", line 137, in _go
Jan 19 13:15:16 ubuntu devstack@keystone.service[61715]: ERROR keystone.server.flask.application     ret_value = fn(self, *arg, **kw)
Jan 19 13:15:16 ubuntu devstack@keystone.service[61715]: ERROR keystone.server.flask.application                 ^^^^^^^^^^^^^^^^^^^^
Jan 19 13:15:16 ubuntu devstack@keystone.service[61715]: ERROR keystone.server.flask.application   File "/opt/stack/data/venv/lib/python3.12/site-packages/sqlalchemy/orm/session.py", line 1286, in _prepare_impl
Jan 19 13:15:16 ubuntu devstack@keystone.service[61715]: ERROR keystone.server.flask.application     self.session.flush()
Jan 19 13:15:16 ubuntu devstack@keystone.service[61715]: ERROR keystone.server.flask.application   File "/opt/stack/data/venv/lib/python3.12/site-packages/sqlalchemy/orm/session.py", line 4331, in flush
Jan 19 13:15:16 ubuntu devstack@keystone.service[61715]: ERROR keystone.server.flask.application     self._flush(objects)
Jan 19 13:15:16 ubuntu devstack@keystone.service[61715]: ERROR keystone.server.flask.application   File "/opt/stack/data/venv/lib/python3.12/site-packages/sqlalchemy/orm/session.py", line 4466, in _flush
Jan 19 13:15:16 ubuntu devstack@keystone.service[61715]: ERROR keystone.server.flask.application     with util.safe_reraise():
Jan 19 13:15:16 ubuntu devstack@keystone.service[61715]: ERROR keystone.server.flask.application   File "/opt/stack/data/venv/lib/python3.12/site-packages/sqlalchemy/util/langhelpers.py", line 224, in __exit__
Jan 19 13:15:16 ubuntu devstack@keystone.service[61715]: ERROR keystone.server.flask.application     raise exc_value.with_traceback(exc_tb)
Jan 19 13:15:16 ubuntu devstack@keystone.service[61715]: ERROR keystone.server.flask.application   File "/opt/stack/data/venv/lib/python3.12/site-packages/sqlalchemy/orm/session.py", line 4427, in _flush
Jan 19 13:15:16 ubuntu devstack@keystone.service[61715]: ERROR keystone.server.flask.application     flush_context.execute()
Jan 19 13:15:16 ubuntu devstack@keystone.service[61715]: ERROR keystone.server.flask.application   File "/opt/stack/data/venv/lib/python3.12/site-packages/sqlalchemy/orm/unitofwork.py", line 466, in execute
Jan 19 13:15:16 ubuntu devstack@keystone.service[61715]: ERROR keystone.server.flask.application     rec.execute(self)
Jan 19 13:15:16 ubuntu devstack@keystone.service[61715]: ERROR keystone.server.flask.application   File "/opt/stack/data/venv/lib/python3.12/site-packages/sqlalchemy/orm/unitofwork.py", line 642, in execute
Jan 19 13:15:16 ubuntu devstack@keystone.service[61715]: ERROR keystone.server.flask.application     util.preloaded.orm_persistence.save_obj(
Jan 19 13:15:16 ubuntu devstack@keystone.service[61715]: ERROR keystone.server.flask.application   File "/opt/stack/data/venv/lib/python3.12/site-packages/sqlalchemy/orm/persistence.py", line 93, in save_obj
Jan 19 13:15:16 ubuntu devstack@keystone.service[61715]: ERROR keystone.server.flask.application     _emit_insert_statements(
Jan 19 13:15:16 ubuntu devstack@keystone.service[61715]: ERROR keystone.server.flask.application   File "/opt/stack/data/venv/lib/python3.12/site-packages/sqlalchemy/orm/persistence.py", line 1048, in _emit_insert_statements
Jan 19 13:15:16 ubuntu devstack@keystone.service[61715]: ERROR keystone.server.flask.application     result = connection.execute(
Jan 19 13:15:16 ubuntu devstack@keystone.service[61715]: ERROR keystone.server.flask.application              ^^^^^^^^^^^^^^^^^^^
Jan 19 13:15:16 ubuntu devstack@keystone.service[61715]: ERROR keystone.server.flask.application   File "/opt/stack/data/venv/lib/python3.12/site-packages/sqlalchemy/engine/base.py", line 1419, in execute
Jan 19 13:15:16 ubuntu devstack@keystone.service[61715]: ERROR keystone.server.flask.application     return meth(
Jan 19 13:15:16 ubuntu devstack@keystone.service[61715]: ERROR keystone.server.flask.application            ^^^^^
Jan 19 13:15:16 ubuntu devstack@keystone.service[61715]: ERROR keystone.server.flask.application   File "/opt/stack/data/venv/lib/python3.12/site-packages/sqlalchemy/sql/elements.py", line 526, in _execute_on_connection
