"pcp-dstat 6.2.0 CSV Output"
"Author:","PCP team <pcp@groups.io> and Dag Wieers <dag@wieers.com>",,,,"URL:","https://pcp.io/ and http://dag.wieers.com/home-made/dstat/"
"Host:","np0000094378",,,,"User:","ubuntu"
"Cmdline:","dstat -tcmndrylpg --tcp --output /tmp/devstack_logs/dstat-csv.log",,,,"Date:","17 Jun 2026 09:36:38 UTC"
"system","total usage",,,,,"memory usage",,,,"net/total",,"dsk/total",,"io/total",,"system",,"load avg",,,"procs",,,"paging",,"tcp sockets",,,,
"time","total usage:usr","total usage:sys","total usage:idl","total usage:wai","total usage:stl","used","free","buf","cach","net/total:recv","net/total:send","dsk/total:read","dsk/total:writ","read","writ","int","csw","1m","5m","15m","run","blk","new","in","out","lis","act","syn","tim","clo"
17-06 09:36:38,,1000156,1690220,163160,4969024,,,,,,,1.750,1.150,0.700,4,0,,,,10,5,0,11,1
17-06 09:36:39,19.204,19.952,58.608,0.499,0,999108,1690944,163184,4969252,40318.524,10641.273,0,1013.550,0,32.920,4855,2942,1.750,1.150,0.700,1,0,227.450,0,0,10,4,0,11,2
17-06 09:36:40,25.489,20.491,51.479,0.250,0,1006884,1682884,163196,4969484,18894.131,7261.976,0,1719.284,0,121.949,4907,2741,1.750,1.150,0.700,1,0,209.913,0,0,10,4,0,11,2
17-06 09:36:41,25.211,20.718,52.419,0.499,0,1000768,1681400,163224,4976764,67415.835,11590.092,0,1373.877,0,43.932,4835,2838,1.750,1.150,0.700,2,0,200.690,0,0,10,4,0,11,2
17-06 09:36:42,33.317,21.293,44.089,0.501,0,1024116,1643140,163240,4991220,137815.025,5080.249,0,1198.418,0,73.148,5843,4593,1.850,1.180,0.710,8,0,196.396,0,0,10,4,0,11,2
17-06 09:36:43,36.515,17.757,44.268,0.500,0,1025008,1628204,163916,5002192,25569.580,1620.671,0,1428.591,0,59.024,4515,2665,1.850,1.180,0.710,2,0,120.050,0,0,10,4,0,11,2
17-06 09:36:44,40.213,17.484,41.212,0.250,0,1030800,1604432,164360,5017784,8512.088,1618.496,0,1482.622,0,31.970,5037,3874,1.850,1.180,0.710,4,0,124.884,0,0,10,4,0,11,2
17-06 09:36:45,38.678,17.967,40.425,1.248,0,1042772,1567808,165128,5039372,11358.914,1616.998,0,2794.812,0,112.791,5610,5315,1.850,1.180,0.710,2,1,164.694,0,0,10,4,0,11,2
17-06 09:36:46,38.803,17.023,40.556,2.253,0,1036620,1557540,165984,5052532,11500.794,1622.228,1013.392,1894.602,38.052,58.080,5864,6472,1.850,1.180,0.710,2,0,107.147,0,0,10,4,0,11,2
17-06 09:36:47,30.768,10.756,56.534,1.001,0,1022032,1541808,167132,5078720,13282.905,1662.990,0,12375.365,0,90.054,2928,1619,1.870,1.190,0.720,1,0,13.008,0,0,10,4,0,11,2
17-06 09:36:48,21.761,4.752,72.286,0.250,0,1021508,1557752,167340,5062976,9628.805,1938.968,0,16944.457,0,209.104,2157,1355,1.870,1.190,0.720,1,0,19.009,0,0,10,2,0,11,0
17-06 09:36:49,18.245,2.749,78.980,0,0,1040892,1538348,167352,5062988,19541.960,4625.807,0,859.778,0,6.998,1597,911,1.870,1.190,0.720,1,0,16.996,0,0,10,3,0,10,0
17-06 09:36:50,23.043,2.505,73.637,0.250,0,1027136,1544940,167468,5069224,9045.824,1797.343,0,2087.883,0,105.196,1861,980,1.870,1.190,0.720,1,0,3.006,0,0,10,2,0,10,0
17-06 09:36:51,23.990,5.498,69.471,0,0,1037472,1533888,167480,5069884,8601.398,1619.322,0,23.990,0,1.999,11177,20642,1.870,1.190,0.720,1,0,5.997,0,0,10,2,0,10,0
17-06 09:36:52,29.718,8.491,60.435,0,0,1032456,1538200,167492,5070380,9240.025,1618.253,0,87.905,0,0.999,4626,17670,2.120,1.250,0.740,1,0,47.948,0,0,10,2,0,11,0
17-06 09:36:53,22.516,7.505,68.798,0,0,1032280,1538200,167536,5070472,12205.495,1621.128,0,10006.965,0,41.029,8354,14636,2.120,1.250,0.740,1,0,15.010,0,0,10,2,0,9,0
17-06 09:36:54,21.484,3.997,73.445,0,0,970280,1608316,167544,5063080,8807.346,1456.899,0,1442.910,0,11.991,1653,881,2.120,1.250,0.740,1,0,0.999,0,0,10,2,0,9,0
17-06 09:36:55,7.249,1.250,90.736,0,0,936540,1642172,167544,5062984,17418.272,131471.408,0,7.999,0,2.000,1101,728,2.120,1.250,0.740,0,0,3.999,0,0,10,2,0,9,0
17-06 09:36:56,0.500,0.250,98.744,0,0,935004,1643708,167544,5062984,21859.636,1619.899,0,0,0,0,493,568,2.120,1.250,0.740,0,0,0,0,0,10,2,0,9,0
17-06 09:36:57,0.500,0,98.995,0,0,931672,1647040,167544,5062984,11898.410,1619.920,0,8.000,0,1.000,502,539,1.950,1.230,0.740,0,0,0,0,0,10,2,0,9,0
17-06 09:36:58,0,1.999,96.974,0,0,931672,1647040,167544,5062984,11150.033,1619.569,0,32135.448,0,160.957,929,921,1.950,1.230,0.740,0,0,0,0,0,10,2,0,9,0
17-06 09:36:59,0.750,0.250,98.534,0,0,926212,1652508,167544,5062988,8836.030,1458.500,0,3177.090,0,16.005,520,627,1.950,1.230,0.740,0,0,1.000,0,0,10,2,0,9,0
17-06 09:37:00,0.250,0,98.760,0,0,923980,1654740,167544,5062988,7438.784,1620.171,0,0,0,0,470,566,1.950,1.230,0.740,0,0,0,0,0,10,2,0,9,0
17-06 09:37:01,0.500,0.500,98.742,0,0,922024,1656696,167544,5062988,12638.005,1619.872,0,7.999,0,2.000,489,540,1.950,1.230,0.740,0,0,0,0,0,10,2,0,9,0
17-06 09:37:02,0,0.500,99.009,0,0,920316,1658404,167544,5062988,11007.027,1620.151,0,0,0,0,455,531,1.790,1.210,0.730,0,0,0,0,0,10,2,0,9,0
17-06 09:37:03,0.500,0.250,97.963,0.250,0,918820,1659900,167544,5062988,13212.001,1619.387,0,15114.281,0,516.804,722,621,1.790,1.210,0.730,0,0,0,0,0,10,2,0,9,0
17-06 09:37:04,0.500,0.250,98.546,0.250,0,917508,1661208,167548,5062988,8711.022,1620.748,0,48.022,0,2.001,472,581,1.790,1.210,0.730,0,0,0,0,0,10,2,0,9,0
17-06 09:37:05,0.250,0.500,98.762,0,0,916364,1662352,167548,5062988,11432.383,1458.176,0,0,0,0,493,556,1.790,1.210,0.730,0,0,0,0,0,10,2,0,9,0
17-06 09:37:06,0.500,0.250,98.964,0,0,916168,1662548,167548,5062988,8238.989,1619.408,0,131.952,0,25.991,457,574,1.790,1.210,0.730,0,0,0,0,0,10,2,0,9,0
17-06 09:37:07,0.250,0.250,98.769,0,0,912900,1665816,167548,5062988,19477.728,1620.310,0,4.001,0,1.000,402,517,1.650,1.190,0.730,0,0,0,0,0,10,2,0,9,0
17-06 09:37:08,0.500,0.250,99.018,0,0,907980,1670732,167548,5062992,10690.895,1620.287,0,236.042,0,2.000,526,577,1.650,1.190,0.730,0,0,0,0,0,10,2,0,9,0
17-06 09:37:09,0.750,0.500,98.492,0,0,905604,1673108,167548,5062992,12386.939,1619.861,0,7.999,0,1.000,519,556,1.650,1.190,0.730,1,0,1.000,0,0,10,2,0,9,0
17-06 09:37:10,0,0,98.982,0,0,900040,1678864,167548,5062992,7827.595,1619.709,0,63.989,0,2.999,488,581,1.650,1.190,0.730,0,0,0,0,0,10,2,0,9,0
17-06 09:37:11,0.250,0.500,98.507,0,0,892740,1686164,167548,5062992,11404.845,1620.120,0,0,0,0,507,536,1.650,1.190,0.730,0,0,0,0,0,10,2,0,9,0
17-06 09:37:12,0.750,0.500,98.498,0,0,887512,1691360,167548,5063024,8347.847,1457.973,0,0,0,0,513,582,1.520,1.170,0.720,0,0,0,0,0,10,2,0,9,0
17-06 09:37:13,0.750,1.500,97.239,0,0,885012,1693860,167548,5063024,10962.787,1619.821,0,15258.312,0,86.990,761,781,1.520,1.170,0.720,0,0,0,0,0,10,2,0,9,0
17-06 09:37:14,0.500,0.250,98.750,0,0,883028,1695844,167548,5063024,10052.009,1620.001,0,0,0,0,488,552,1.520,1.170,0.720,0,0,0,0,0,10,2,0,9,0
17-06 09:37:15,0,0.500,98.750,0,0,883000,1695876,167548,5063024,8432.986,1619.997,0,475.999,0,3.000,474,550,1.520,1.170,0.720,0,0,0,0,0,10,2,0,9,0
17-06 09:37:16,0.500,0.250,98.999,0,0,882996,1695880,167548,5063024,10891.883,1457.984,0,0,0,0,509,561,1.520,1.170,0.720,0,0,0,0,0,10,2,0,9,0
17-06 09:37:17,0.250,0.250,98.759,0,0,882968,1695908,167548,5063024,9914.923,1620.151,0,0,0,0,451,528,1.390,1.150,0.720,0,0,0,0,0,10,2,0,9,0
17-06 09:37:18,0.750,0.250,98.990,0,0,882712,1696160,167552,5063024,7429.239,1619.834,0,35.996,0,1.000,482,602,1.390,1.150,0.720,0,0,0,0,0,10,2,0,8,0
17-06 09:37:19,0.250,4.250,94.257,0.250,0,882712,1696160,167552,5063024,23105.808,1620.127,0,77118.033,0,327.026,1427,1311,1.390,1.150,0.720,0,0,1.000,0,0,10,2,0,8,0
17-06 09:37:20,0.250,0.250,98.252,0,0,882872,1695996,167556,5063024,8132.156,1458.028,0,1248.024,0,3.000,502,588,1.390,1.150,0.720,0,0,0,0,0,10,2,0,8,0
17-06 09:37:21,0.250,0.250,99.240,0,0,882812,1696056,167556,5063024,11771.764,1619.830,0,4.000,0,1.000,483,539,1.390,1.150,0.720,0,0,0,0,0,10,2,0,8,0
17-06 09:37:22,0.500,0.250,98.251,0.250,0,882812,1696056,167556,5063024,9256.141,1620.025,0,140.002,0,24.000,497,576,1.280,1.130,0.720,0,0,0,0,0,10,2,0,4,0
17-06 09:37:23,0.250,0.500,99.260,0,0,882812,1696056,167556,5063024,7260.701,1620.157,0,0,0,0,461,547,1.280,1.130,0.720,0,0,0,0,0,10,2,0,4,0
17-06 09:37:24,0.250,0,98.747,0,0,882812,1696056,167556,5063024,11411.620,1619.946,0,63.998,0,1.000,506,561,1.280,1.130,0.720,0,0,0,0,0,10,2,0,4,0
17-06 09:37:25,0.250,0.500,98.998,0,0,882812,1696056,167556,5063024,8126.826,485.990,0,4.000,0,1.000,475,537,1.280,1.130,0.720,0,0,0,0,0,10,2,0,4,0
17-06 09:37:26,15.755,3.501,80.027,0,0,893616,1685220,167584,5063028,288667.628,9925.322,0,40.013,0,2.001,2217,1321,1.280,1.130,0.720,0,0,20.007,0,0,10,2,0,4,0
17-06 09:37:27,15.502,4.251,78.763,0.500,0,886104,1692624,167596,5063140,295131.179,12556.007,108.017,16.003,5.001,3.000,2434,1446,1.260,1.130,0.720,1,0,21.003,0,0,10,2,0,4,0
17-06 09:37:28,11.991,10.492,76.442,0,0,889500,1688728,167648,5063588,155381.560,4362.675,0,0,0,0,2942,1634,1.260,1.130,0.720,1,0,39.970,0,0,10,2,0,4,0
