{0} setUpClass (tempest.api.compute.admin.test_live_migration.LiveAutoBlockMigrationV225Test) ... SKIPPED: Less than 2 compute nodes, skipping migration test.
{0} setUpClass (tempest.api.compute.admin.test_live_migration.LiveMigrationTest) ... SKIPPED: Less than 2 compute nodes, skipping migration test.
{0} setUpClass (tempest.api.compute.admin.test_live_migration.LiveMigrationWithoutHostTest) ... SKIPPED: Less than 2 compute nodes, skipping migration test.
{0} setUpClass (tempest.api.compute.servers.test_server_rescue.ServerBootFromVolumeStableRescueTest) ... SKIPPED: Stable rescue not available.
{0} setUpClass (tempest.api.compute.servers.test_server_rescue.ServerStableDeviceRescueTest) ... SKIPPED: Stable rescue not available.
{0} tempest.api.compute.volumes.test_volume_snapshots.VolumesSnapshotsTestJSON.test_volume_snapshot_create_get_list_delete [5.379640s] ... ok
{0} tempest.api.compute.volumes.test_volumes_get.VolumesGetTestJSON.test_volume_create_get_delete [1.995142s] ... ok
{0} tempest.api.compute.volumes.test_volumes_list.VolumesTestJSON.test_volume_list [0.164649s] ... ok
{0} tempest.api.compute.volumes.test_volumes_list.VolumesTestJSON.test_volume_list_param_limit [0.137408s] ... ok
{0} tempest.api.compute.volumes.test_volumes_list.VolumesTestJSON.test_volume_list_param_offset_and_limit [0.177943s] ... ok
{0} tempest.api.compute.volumes.test_volumes_list.VolumesTestJSON.test_volume_list_with_detail_param_limit [0.090564s] ... ok
{0} tempest.api.compute.volumes.test_volumes_list.VolumesTestJSON.test_volume_list_with_detail_param_offset_and_limit [0.178806s] ... ok
{0} tempest.api.compute.volumes.test_volumes_list.VolumesTestJSON.test_volume_list_with_details [0.088942s] ... ok
{0} tempest.api.compute.volumes.test_volumes_negative.VolumesNegativeTest.test_create_volume_with_invalid_size [0.235189s] ... ok
{0} tempest.api.compute.volumes.test_volumes_negative.VolumesNegativeTest.test_create_volume_with_size_zero [0.020943s] ... ok
{0} tempest.api.compute.volumes.test_volumes_negative.VolumesNegativeTest.test_create_volume_without_passing_size [0.014791s] ... ok
{0} tempest.api.compute.volumes.test_volumes_negative.VolumesNegativeTest.test_delete_invalid_volume_id [0.054314s] ... ok
{0} tempest.api.compute.volumes.test_volumes_negative.VolumesNegativeTest.test_delete_volume_without_passing_volume_id [0.012928s] ... ok
{0} tempest.api.compute.volumes.test_volumes_negative.VolumesNegativeTest.test_get_volume_without_passing_volume_id [0.019123s] ... ok
{0} tempest.api.compute.volumes.test_volumes_negative.VolumesNegativeTest.test_volume_delete_nonexistent_volume_id [0.052383s] ... ok
{0} tempest.api.compute.volumes.test_volumes_negative.VolumesNegativeTest.test_volume_get_nonexistent_volume_id [0.058102s] ... ok
{0} tempest.api.volume.admin.test_backends_capabilities.BackendsCapabilitiesAdminTestsJSON.test_compare_volume_stats_values [1.632886s] ... ok
{0} tempest.api.volume.admin.test_backends_capabilities.BackendsCapabilitiesAdminTestsJSON.test_get_capabilities_backend [0.543689s] ... ok
{0} setUpClass (tempest.api.volume.admin.test_encrypted_volumes_extend.EncryptedVolumesExtendAttachedTest) ... SKIPPED: Attached encrypted volume extend is disabled.
{0} tempest.api.volume.admin.test_group_snapshots.GroupSnapshotsTest.test_create_group_from_group_snapshot [10.746629s] ... ok
{0} tempest.api.volume.admin.test_group_snapshots.GroupSnapshotsTest.test_delete_group_snapshots_following_updated_volumes [13.963280s] ... ok
{0} tempest.api.volume.admin.test_group_snapshots.GroupSnapshotsTest.test_group_snapshot_create_show_list_delete [7.251829s] ... ok
{0} tempest.api.volume.admin.test_group_snapshots.GroupSnapshotsV319Test.test_reset_group_snapshot_status [7.880689s] ... ok
{0} tempest.api.volume.admin.test_group_type_specs.GroupTypeSpecsTest.test_group_type_specs_create_show_update_list_delete [0.707654s] ... ok
{0} tempest.api.volume.admin.test_group_types.GroupTypesTest.test_group_type_create_list_update_show_delete [0.398062s] ... ok
{0} tempest.api.volume.admin.test_group_types.GroupTypesTest.test_group_type_list_by_optional_params [0.356492s] ... ok
{0} tempest.api.volume.admin.test_groups.GroupsTest.test_group_create_show_list_delete [7.682020s] ... ok
{0} tempest.api.volume.admin.test_groups.GroupsTest.test_group_update [8.818527s] ... ok
{0} tempest.api.volume.admin.test_groups.GroupsV314Test.test_create_group_from_group [8.437785s] ... ok
{0} tempest.api.volume.admin.test_groups.GroupsV320Test.test_reset_group_status [3.411666s] ... ok
{0} tempest.api.volume.admin.test_multi_backend.VolumeMultiBackendTest.test_backend_name_distinction [0.150311s] ... ok
{0} tempest.api.volume.admin.test_multi_backend.VolumeMultiBackendTest.test_backend_name_distinction_with_prefix [0.141720s] ... ok
{0} tempest.api.volume.admin.test_multi_backend.VolumeMultiBackendTest.test_backend_name_reporting [0.142733s] ... ok
{0} tempest.api.volume.admin.test_multi_backend.VolumeMultiBackendTest.test_backend_name_reporting_with_prefix [0.141287s] ... ok
{0} tempest.api.volume.admin.test_qos.QosSpecsTestJSON.test_associate_disassociate_qos [0.840200s] ... ok
{0} tempest.api.volume.admin.test_qos.QosSpecsTestJSON.test_create_delete_qos_with_back_end_consumer [0.221705s] ... ok
{0} tempest.api.volume.admin.test_qos.QosSpecsTestJSON.test_create_delete_qos_with_both_consumer [0.196424s] ... ok
{0} tempest.api.volume.admin.test_qos.QosSpecsTestJSON.test_create_delete_qos_with_front_end_consumer [0.185954s] ... ok
{0} tempest.api.volume.admin.test_qos.QosSpecsTestJSON.test_get_qos [0.020559s] ... ok
{0} tempest.api.volume.admin.test_qos.QosSpecsTestJSON.test_list_qos [0.026562s] ... ok
{0} tempest.api.volume.admin.test_qos.QosSpecsTestJSON.test_set_unset_qos_key [0.170003s] ... ok
{0} tempest.api.volume.admin.test_snapshots_actions.SnapshotsActionsTest.test_reset_snapshot_status [0.324513s] ... ok
{0} tempest.api.volume.admin.test_snapshots_actions.SnapshotsActionsTest.test_snapshot_force_delete_when_snapshot_is_creating [2.710904s] ... ok
{0} tempest.api.volume.admin.test_snapshots_actions.SnapshotsActionsTest.test_snapshot_force_delete_when_snapshot_is_deleting [2.671007s] ... ok
{0} tempest.api.volume.admin.test_snapshots_actions.SnapshotsActionsTest.test_snapshot_force_delete_when_snapshot_is_error [2.730009s] ... ok
{0} tempest.api.volume.admin.test_snapshots_actions.SnapshotsActionsTest.test_snapshot_force_delete_when_snapshot_is_error_deleting [2.810383s] ... ok
{0} tempest.api.volume.admin.test_snapshots_actions.SnapshotsActionsTest.test_update_snapshot_status [0.362287s] ... ok
{0} tempest.api.volume.admin.test_user_messages.UserMessagesTest.test_delete_message [2.343180s] ... ok
{0} tempest.api.volume.admin.test_user_messages.UserMessagesTest.test_list_show_messages [2.073556s] ... ok
{0} tempest.api.volume.admin.test_volume_hosts.VolumeHostsAdminTestsJSON.test_list_hosts [0.151841s] ... ok
{0} tempest.api.volume.admin.test_volume_hosts.VolumeHostsAdminTestsJSON.test_show_host [0.261561s] ... ok
{0} setUpClass (tempest.api.volume.admin.test_volume_manage.VolumeManageAdminTest) ... SKIPPED: Manage volume tests are disabled
{0} tempest.api.volume.admin.test_volume_pools.VolumePoolsAdminTestsJSON.test_get_pools_with_details [0.677207s] ... ok
{0} tempest.api.volume.admin.test_volume_pools.VolumePoolsAdminTestsJSON.test_get_pools_without_details [0.524967s] ... ok
{0} tempest.api.volume.admin.test_volume_quota_classes.VolumeQuotaClassesTest.test_show_default_quota [0.178758s] ... ok
{0} tempest.api.volume.admin.test_volume_quota_classes.VolumeQuotaClassesTest.test_update_default_quota [0.984332s] ... ok
{0} tempest.api.volume.admin.test_volume_quotas.VolumeQuotasAdminTestJSON.test_delete_quota [0.402744s] ... ok
{0} tempest.api.volume.admin.test_volume_quotas.VolumeQuotasAdminTestJSON.test_list_default_quotas [0.048868s] ... ok
{0} tempest.api.volume.admin.test_volume_quotas.VolumeQuotasAdminTestJSON.test_list_quotas [0.059353s] ... ok
{0} tempest.api.volume.admin.test_volume_quotas.VolumeQuotasAdminTestJSON.test_quota_usage [3.108287s] ... ok
{0} tempest.api.volume.admin.test_volume_quotas.VolumeQuotasAdminTestJSON.test_quota_usage_after_volume_transfer [4.526649s] ... ok
{0} tempest.api.volume.admin.test_volume_quotas.VolumeQuotasAdminTestJSON.test_show_quota_usage [0.075968s] ... ok
{0} tempest.api.volume.admin.test_volume_quotas.VolumeQuotasAdminTestJSON.test_update_all_quota_resources_for_tenant [0.411293s] ... ok
{0} tempest.api.volume.admin.test_volume_quotas_negative.VolumeQuotasNegativeTestJSON.test_quota_volume_gigabytes [0.392341s] ... ok
{0} tempest.api.volume.admin.test_volume_quotas_negative.VolumeQuotasNegativeTestJSON.test_quota_volumes [0.329197s] ... ok
{0} tempest.api.volume.admin.test_volume_quotas_negative.VolumeQuotasNegativeTestJSON.test_volume_extend_gigabytes_quota_deviation [0.273776s] ... ok
{0} tempest.api.volume.admin.test_volume_retype.VolumeRetypeMultiattachTest.test_volume_retype_multiattach [6.145309s] ... ok
{0} tempest.api.volume.admin.test_volume_retype.VolumeRetypeWithoutMigrationTest.test_available_volume_retype [4.513604s] ... ok
{0} tempest.api.volume.admin.test_volume_services.VolumesServicesTestJSON.test_get_service_by_host_name [0.039093s] ... ok
{0} tempest.api.volume.admin.test_volume_services.VolumesServicesTestJSON.test_get_service_by_service_and_host_name [0.033979s] ... ok
{0} tempest.api.volume.admin.test_volume_services.VolumesServicesTestJSON.test_get_service_by_service_binary_name [0.028467s] ... ok
{0} tempest.api.volume.admin.test_volume_services.VolumesServicesTestJSON.test_get_service_by_volume_host_name [2.992889s] ... ok
{0} tempest.api.volume.admin.test_volume_services.VolumesServicesTestJSON.test_list_services [0.035805s] ... ok
{0} tempest.api.volume.admin.test_volume_services_negative.VolumeServicesNegativeTest.test_disable_log_reason_with_no_reason [0.022315s] ... ok
{0} tempest.api.volume.admin.test_volume_services_negative.VolumeServicesNegativeTest.test_disable_service_with_invalid_binary [0.033885s] ... ok
{0} tempest.api.volume.admin.test_volume_services_negative.VolumeServicesNegativeTest.test_enable_service_with_invalid_host [0.032395s] ... ok
{0} tempest.api.volume.admin.test_volume_services_negative.VolumeServicesNegativeTest.test_freeze_host_with_invalid_host [0.028366s] ... ok
{0} tempest.api.volume.admin.test_volume_services_negative.VolumeServicesNegativeTest.test_thaw_host_with_invalid_host [0.032637s] ... ok
{0} tempest.api.volume.admin.test_volume_snapshot_quotas_negative.VolumeSnapshotQuotasNegativeTestJSON.test_quota_volume_gigabytes_snapshots [0.387598s] ... ok
{0} tempest.api.volume.admin.test_volume_snapshot_quotas_negative.VolumeSnapshotQuotasNegativeTestJSON.test_quota_volume_snapshots [0.090971s] ... ok
{0} tempest.api.volume.admin.test_volume_type_access.VolumeTypesAccessTest.test_volume_type_access_add [3.354096s] ... ok
{0} tempest.api.volume.admin.test_volume_type_access.VolumeTypesAccessTest.test_volume_type_access_list [0.361956s] ... ok
{0} tempest.api.volume.admin.test_volume_types.VolumeTypesTest.test_volume_crud_with_volume_type_and_extra_specs [2.308055s] ... FAILED

Captured traceback:
~~~~~~~~~~~~~~~~~~~
    Traceback (most recent call last):

      File "/opt/stack/tempest/tempest/api/volume/admin/test_volume_types.py", line 56, in test_volume_crud_with_volume_type_and_extra_specs
    volume = self.create_volume(**params)
             ^^^^^^^^^^^^^^^^^^^^^^^^^^^^

      File "/opt/stack/tempest/tempest/api/volume/base.py", line 144, in create_volume
    waiters.wait_for_volume_resource_status(self.volumes_client,

      File "/opt/stack/tempest/tempest/common/waiters.py", line 379, in wait_for_volume_resource_status
    raise exceptions.VolumeResourceBuildErrorException(

    tempest.exceptions.VolumeResourceBuildErrorException: volume 0d7975fe-56c6-46e4-a76d-4b0e24698ef6 failed to build and is in ERROR status


Captured pythonlogging:
~~~~~~~~~~~~~~~~~~~~~~~
    2026-02-16 14:07:14,546 122752 INFO     [tempest.lib.common.rest_client] Request (VolumeTypesTest:test_volume_crud_with_volume_type_and_extra_specs): 200 POST http://10.132.44.205/volume/v3/types 0.186s
2026-02-16 14:07:14,546 122752 DEBUG    [tempest.lib.common.rest_client] Request - Headers: {'Content-Type': 'application/json', 'Accept': 'application/json', 'X-Auth-Token': '<omitted>'}
        Body: {"volume_type": {"name": "tempest-VolumeTypesTest-volume-type-1195632623", "extra_specs": {"storage_protocol": "NVMeTCP", "vendor_name": "Hewlett Packard Enterprise"}}}
    Response - Headers: {'date': 'Mon, 16 Feb 2026 14:07:14 GMT', 'server': 'Apache/2.4.58 (Ubuntu)', 'content-type': 'application/json', 'x-compute-request-id': 'req-5a7a4d45-79ac-486b-bb6d-47f10ad0bcf9', 'content-length': '295', 'openstack-api-version': 'volume 3.0', 'vary': 'OpenStack-API-Version', 'x-openstack-request-id': 'req-5a7a4d45-79ac-486b-bb6d-47f10ad0bcf9', 'connection': 'close', 'status': '200', 'content-location': 'http://10.132.44.205/volume/v3/types'}
        Body: b'{"volume_type": {"id": "34bf0825-de15-487f-9f72-583cfd38722c", "name": "tempest-VolumeTypesTest-volume-type-1195632623", "is_public": true, "extra_specs": {"storage_protocol": "NVMeTCP", "vendor_name": "Hewlett Packard Enterprise"}, "description": null, "os-volume-type-access:is_public": true}}'
2026-02-16 14:07:14,600 122752 INFO     [tempest.lib.common.rest_client] Request (VolumeTypesTest:test_volume_crud_with_volume_type_and_extra_specs): 200 POST http://10.132.44.205/volume/v3/types 0.049s
2026-02-16 14:07:14,600 122752 DEBUG    [tempest.lib.common.rest_client] Request - Headers: {'Content-Type': 'application/json', 'Accept': 'application/json', 'X-Auth-Token': '<omitted>'}
        Body: {"volume_type": {"name": "tempest-VolumeTypesTest-volume-type-1760893556", "extra_specs": {"storage_protocol": "NVMeTCP", "vendor_name": "Hewlett Packard Enterprise"}}}
    Response - Headers: {'date': 'Mon, 16 Feb 2026 14:07:14 GMT', 'server': 'Apache/2.4.58 (Ubuntu)', 'content-type': 'application/json', 'x-compute-request-id': 'req-31c46c5e-96be-411f-8643-0a1c571abdd0', 'content-length': '295', 'openstack-api-version': 'volume 3.0', 'vary': 'OpenStack-API-Version', 'x-openstack-request-id': 'req-31c46c5e-96be-411f-8643-0a1c571abdd0', 'connection': 'close', 'status': '200', 'content-location': 'http://10.132.44.205/volume/v3/types'}
        Body: b'{"volume_type": {"id": "1aeeac1b-3f73-468a-a43a-c5bbdef17c94", "name": "tempest-VolumeTypesTest-volume-type-1760893556", "is_public": true, "extra_specs": {"storage_protocol": "NVMeTCP", "vendor_name": "Hewlett Packard Enterprise"}, "description": null, "os-volume-type-access:is_public": true}}'
2026-02-16 14:07:14,993 122752 INFO     [tempest.lib.common.rest_client] Request (VolumeTypesTest:test_volume_crud_with_volume_type_and_extra_specs): 202 POST http://10.132.44.205/volume/v3/volumes 0.388s
2026-02-16 14:07:14,994 122752 DEBUG    [tempest.lib.common.rest_client] Request - Headers: {'Content-Type': 'application/json', 'Accept': 'application/json', 'X-Auth-Token': '<omitted>'}
        Body: {"volume": {"name": "tempest-VolumeTypesTest-volume-1525508747", "volume_type": "34bf0825-de15-487f-9f72-583cfd38722c", "size": 1}}
    Response - Headers: {'date': 'Mon, 16 Feb 2026 14:07:14 GMT', 'server': 'Apache/2.4.58 (Ubuntu)', 'content-type': 'application/json', 'x-compute-request-id': 'req-e33c3d5e-cc45-4837-9dd1-a29ef9a91641', 'content-length': '788', 'openstack-api-version': 'volume 3.0', 'vary': 'OpenStack-API-Version', 'x-openstack-request-id': 'req-e33c3d5e-cc45-4837-9dd1-a29ef9a91641', 'connection': 'close', 'status': '202', 'content-location': 'http://10.132.44.205/volume/v3/volumes'}
        Body: b'{"volume": {"id": "0d7975fe-56c6-46e4-a76d-4b0e24698ef6", "status": "creating", "size": 1, "availability_zone": "nova", "created_at": "2026-02-16T14:07:14.914365", "updated_at": null, "name": "tempest-VolumeTypesTest-volume-1525508747", "description": null, "volume_type": "tempest-VolumeTypesTest-volume-type-1195632623", "snapshot_id": null, "s
    ource_volid": null, "metadata": {}, "links": [{"rel": "self", "href": "http://10.132.44.205/volume/v3/volumes/0d7975fe-56c6-46e4-a76d-4b0e24698ef6"}, {"rel": "bookmark", "href": "http://10.132.44.205/volume/volumes/0d7975fe-56c6-46e4-a76d-4b0e24698ef6"}], "user_id": "0efe7292821e4dafa29eeccafb05d8ba", "bootable": "false", "encrypted": false, "replication_status": null, "consistencygroup_id": null, "multiattach": false, "attachments": []}}'
2026-02-16 14:07:15,068 122752 INFO     [tempest.lib.common.rest_client] Request (VolumeTypesTest:test_volume_crud_with_volume_type_and_extra_specs): 200 GET http://10.132.44.205/volume/v3/volumes/0d7975fe-56c6-46e4-a76d-4b0e24698ef6 0.058s
2026-02-16 14:07:15,068 122752 DEBUG    [tempest.lib.common.rest_client] Request - Headers: {'Content-Type': 'application/json', 'Accept': 'application/json', 'X-Auth-Token': '<omitted>'}
        Body: None
    Response - Headers: {'date': 'Mon, 16 Feb 2026 14:07:15 GMT', 'server': 'Apache/2.4.58 (Ubuntu)', 'content-type': 'application/json', 'x-compute-request-id': 'req-08377720-0f53-44f1-899d-673907a88f9a', 'content-length': '856', 'openstack-api-version': 'volume 3.0', 'vary': 'OpenStack-API-Version', 'x-openstack-request-id': 'req-08377720-0f53-44f1-899d-673907a88f9a', 'connection': 'close', 'status': '200', 'content-location': 'http://10.132.44.205/volume/v3/volumes/0d7975fe-56c6-46e4-a76d-4b0e24698ef6'}
        Body: b'{"volume": {"id": "0d7975fe-56c6-46e4-a76d-4b0e24698ef6", "status": "creating", "size": 1, "availability_zone": "nova", "created_at": "2026-02-16T14:07:15.000000", "updated_at": null, "name": "tempest-VolumeTypesTest-volume-1525508747", "description": null, "volume_type": "tempest-VolumeTypesTest-volume-type-1195632623", "snapshot_id": null, "source_volid": null, "metadata": {}, "links": [{"rel": "self", "href": "http://10.132.44.205/volume/v3/volumes/0d7975fe-56c6-46e4-a76d-4b0e24698ef6"}, {"rel": "bookmark", "href": "http://10.132.44.205/volume/volumes/0d7975fe-56c6-46e4-a76d-4b0e24698ef6"}], "user_id": "0efe7292821e4dafa29eeccafb05d8ba", "bootable": "false", "encrypted": false, "replication_status": null, "consistencygroup_id": null, "multiattach": false, "attachments": [], "os-vol-tenant-attr:tenant_id": "8ac1cc8c7aa84d85874691ecad82ddf7"}}'
2026-02-16 14:07:16,146 122752 INFO     [tempest.lib.common.rest_client] Request (VolumeTypesTest:test_volume_crud_with_volume_type_and_extra_specs): 200 GET http://10.132.44.205/volume/v3/volumes/0d7975fe-56c6-46e4-a76d-4b0e24698ef6 0.059s
2026-02-16 14:07:16,147 122752 DEBUG    [tempest.lib.common.rest_client] Request - Headers: {'Content-Type': 'application/json', 'Accept': 'application/json', 'X-Auth-Token': '<omitted>'}
        Body: None
    Response - Headers: {'date': 'Mon, 16 Feb 2026 14:07:16 GMT', 'server': 'Apache/2.4.58 (Ubuntu)', 'content-type': 'application/json', 'x-compute-request-id': 'req-0883efb8-1430-4069-bcc6-cf9111916227', 'content-length': '877', 'openstack-api-version': 'volume 3.0', 'vary': 'OpenStack-API-Version', 'x-openstack-request-id': 'req-0883efb8-1430-4069-bcc6-cf9111916227', 'connection': 'close', 'status': '200', 'content-location': 'http://10.132.44.205/volume/v3/volumes/0d7975fe-56c6-46e4-a76d-4b0e24698ef6'}
        Body: b'{"volume": {"id": "0d7975fe-56c6-46e4-a76d-4b0e24698ef6", "status": "error", "size": 1, "availability_zone": "nova", "created_at": "2026-02-16T14:07:15.000000", "updated_at": "2026-02-16T14:07:15.000000", "name": "tempest-VolumeTypesTest-volume-1525508747", "description": null, "volume_type": "tempest-VolumeTypesTest-volume-type-1195632623", "snapshot_id": null, "source_volid": null, "metadata": {}, "links": [{"rel": "self", "href": "http://10.132.44.205/volume/v3/volumes/0d7975fe-56c6-46e4-a76d-4b0e24698ef6"}, {"rel": "bookmark", "href": "http://10.132.44.205/volume/volumes/0d7975fe-56c6-46e4-a76d-4b0e24698ef6"}], "user_id": "0efe7292821e4dafa29eeccafb05d8ba", "bootable": "false", "encrypted": false, "replication_status": null, "consistencygroup_id": null, "multiattach": false, "attachments": [], "os-vol-tenant-attr:tenant_id": "
    8ac1cc8c7aa84d85874691ecad82ddf7"}}'
2026-02-16 14:07:16,238 122752 INFO     [tempest.lib.common.rest_client] Request (VolumeTypesTest:_run_cleanups): 200 GET http://10.132.44.205/volume/v3/volumes/0d7975fe-56c6-46e4-a76d-4b0e24698ef6 0.068s
2026-02-16 14:07:16,239 122752 DEBUG    [tempest.lib.common.rest_client] Request - Headers: {'Content-Type': 'application/json', 'Accept': 'application/json', 'X-Auth-Token': '<omitted>'}
        Body: None
    Response - Headers: {'date': 'Mon, 16 Feb 2026 14:07:16 GMT', 'server': 'Apache/2.4.58 (Ubuntu)', 'content-type': 'application/json', 'x-compute-request-id': 'req-847ee659-b0b2-4a91-a141-64b400db15bb', 'content-length': '877', 'openstack-api-version': 'volume 3.0', 'vary': 'OpenStack-API-Version', 'x-openstack-request-id': 'req-847ee659-b0b2-4a91-a141-64b400db15bb', 'connection': 'close', 'status': '200', 'content-location': 'http://10.132.44.205/volume/v3/volumes/0d7975fe-56c6-46e4-a76d-4b0e24698ef6'}
        Body: b'{"volume": {"id": "0d7975fe-56c6-46e4-a76d-4b0e24698ef6", "status": "error", "size": 1, "availability_zone": "nova", "created_at": "2026-02-16T14:07:15.000000", "updated_at": "2026-02-16T14:07:15.000000", "name": "tempest-VolumeTypesTest-volume-1525508747", "description": null, "volume_type": "tempest-VolumeTypesTest-volume-type-1195632623", "snapshot_id": null, "source_volid": null, "metadata": {}, "links": [{"rel": "self", "href": "http://10.132.44.205/volume/v3/volumes/0d7975fe-56c6-46e4-a76d-4b0e24698ef6"}, {"rel": "bookmark", "href": "http://10.132.44.205/volume/volumes/0d7975fe-56c6-46e4-a76d-4b0e24698ef6"}], "user_id": "0efe7292821e4dafa29eeccafb05d8ba", "bootable": "false", "encrypted": false, "replication_status": null, "consistencygroup_id": null, "multiattach": false, "attachments": [], "os-vol-tenant-attr:tenant_id": "8ac1cc8c7aa84d85874691ecad82ddf7"}}'
2026-02-16 14:07:16,427 122752 INFO     [tempest.lib.common.rest_client] Request (VolumeTypesTest:_run_cleanups): 202 DELETE http://10.132.44.205/volume/v3/volumes/0d7975fe-56c6-46e4-a76d-4b0e24698ef6 0.166s
2026-02-16 14:07:16,427 122752 DEBUG    [tempest.lib.common.rest_client] Request - Headers: {'Content-Type': 'application/json', 'Accept': 'application/json', 'X-Auth-Token': '<omitted>'}
        Body: None
    Response - Headers: {'date': 'Mon, 16 Feb 2026 14:07:16 GMT', 'server': 'Apache/2.4.58 (Ubuntu)', 'content-length': '0', 'content-type': 'text/html; charset=UTF-8', 'openstack-api-version': 'volume 3.0', 'vary': 'OpenStack-API-Version', 'x-openstack-request-id': 'req-c1a7f401-b1ca-43b0-a042-c2a8cec08277', 'connection': 'close', 'status': '202', 'content-location': 'http://10.132.44.205/volume/v3/volumes/0d7975fe-56c6-46e4-a76d-4b0e24698ef6'}
        Body: b''
2026-02-16 14:07:16,458 122752 INFO     [tempest.lib.common.rest_client] Request (VolumeTypesTest:_run_cleanups): 404 GET http://10.132.44.205/volume/v3/volumes/0d7975fe-56c6-46e4-a76d-4b0e24698ef6 0.029s
2026-02-16 14:07:16,458 122752 DEBUG    [tempest.lib.common.rest_client] Request - Headers: {'Content-Type': 'application/json', 'Accept': 'application/json', 'X-Auth-Token': '<omitted>'}
        Body: None
    Response - Headers: {'date': 'Mon, 16 Feb 2026 14:07:16 GMT', 'server': 'Apache/2.4.58 (Ubuntu)', 'openstack-api-version': 'volume 3.0', 'vary': 'OpenStack-API-Version', 'content-length': '109', 'content-type': 'application/json', 'x-compute-request-id': 'req-65d218ab-fbff-476c-b6f5-efaaa2987339', 'x-openstack-request-id': 'req-65d218ab-fbff-476c-b6f5-efaaa2987339', 'connection': 'close', 'status': '404', 'content-location': 'http://10.132.44.205/volume/v3/volumes/0d7975fe-56c6-46e4-a76d-4b0e24698ef6'}
        Body: b'{"itemNotFound": {"code": 404, "message": "Volume 0d7975fe-56c6-46e4-a76d-4b0e24698ef6 could not be found."}}'
2026-02-16 14:07:16,539 122752 INFO     [tempest.lib.common.rest_client] Request (VolumeTypesTest:_run_cleanups): 202 DELETE http://10.132.44.205/volume/v3/types/1aeeac1b-3f73-468a-a43a-c5bbdef17c94 0.079s
2026-02-16 14:07:16,539 122752 DEBUG    [tempest.lib.common.rest_client] Request - Headers: {'Conten
    t-Type': 'application/json', 'Accept': 'application/json', 'X-Auth-Token': '<omitted>'}
        Body: None
    Response - Headers: {'date': 'Mon, 16 Feb 2026 14:07:16 GMT', 'server': 'Apache/2.4.58 (Ubuntu)', 'content-length': '0', 'content-type': 'text/html; charset=UTF-8', 'openstack-api-version': 'volume 3.0', 'vary': 'OpenStack-API-Version', 'x-openstack-request-id': 'req-a65a26cb-9d05-4340-880d-2748f4c4dc19', 'connection': 'close', 'status': '202', 'content-location': 'http://10.132.44.205/volume/v3/types/1aeeac1b-3f73-468a-a43a-c5bbdef17c94'}
        Body: b''
2026-02-16 14:07:16,562 122752 INFO     [tempest.lib.common.rest_client] Request (VolumeTypesTest:_run_cleanups): 404 GET http://10.132.44.205/volume/v3/types/1aeeac1b-3f73-468a-a43a-c5bbdef17c94 0.022s
2026-02-16 14:07:16,563 122752 DEBUG    [tempest.lib.common.rest_client] Request - Headers: {'Content-Type': 'application/json', 'Accept': 'application/json', 'X-Auth-Token': '<omitted>'}
        Body: None
    Response - Headers: {'date': 'Mon, 16 Feb 2026 14:07:16 GMT', 'server': 'Apache/2.4.58 (Ubuntu)', 'openstack-api-version': 'volume 3.0', 'vary': 'OpenStack-API-Version', 'content-length': '114', 'content-type': 'application/json', 'x-compute-request-id': 'req-c14c365b-9b55-4996-b02a-cf2b0258de4b', 'x-openstack-request-id': 'req-c14c365b-9b55-4996-b02a-cf2b0258de4b', 'connection': 'close', 'status': '404', 'content-location': 'http://10.132.44.205/volume/v3/types/1aeeac1b-3f73-468a-a43a-c5bbdef17c94'}
        Body: b'{"itemNotFound": {"code": 404, "message": "Volume type 1aeeac1b-3f73-468a-a43a-c5bbdef17c94 could not be found."}}'
2026-02-16 14:07:16,642 122752 INFO     [tempest.lib.common.rest_client] Request (VolumeTypesTest:_run_cleanups): 202 DELETE http://10.132.44.205/volume/v3/types/34bf0825-de15-487f-9f72-583cfd38722c 0.078s
2026-02-16 14:07:16,642 122752 DEBUG    [tempest.lib.common.rest_client] Request - Headers: {'Content-Type': 'application/json', 'Accept': 'application/json', 'X-Auth-Token': '<omitted>'}
        Body: None
    Response - Headers: {'date': 'Mon, 16 Feb 2026 14:07:16 GMT', 'server': 'Apache/2.4.58 (Ubuntu)', 'content-length': '0', 'content-type': 'text/html; charset=UTF-8', 'openstack-api-version': 'volume 3.0', 'vary': 'OpenStack-API-Version', 'x-openstack-request-id': 'req-b81fbc90-8f8d-4db9-910b-5c598b05ddd7', 'connection': 'close', 'status': '202', 'content-location': 'http://10.132.44.205/volume/v3/types/34bf0825-de15-487f-9f72-583cfd38722c'}
        Body: b''
2026-02-16 14:07:16,665 122752 INFO     [tempest.lib.common.rest_client] Request (VolumeTypesTest:_run_cleanups): 404 GET http://10.132.44.205/volume/v3/types/34bf0825-de15-487f-9f72-583cfd38722c 0.022s
2026-02-16 14:07:16,665 122752 DEBUG    [tempest.lib.common.rest_client] Request - Headers: {'Content-Type': 'application/json', 'Accept': 'application/json', 'X-Auth-Token': '<omitted>'}
        Body: None
    Response - Headers: {'date': 'Mon, 16 Feb 2026 14:07:16 GMT', 'server': 'Apache/2.4.58 (Ubuntu)', 'openstack-api-version': 'volume 3.0', 'vary': 'OpenStack-API-Version', 'content-length': '114', 'content-type': 'application/json', 'x-compute-request-id': 'req-f392d798-7b47-45af-bc2e-152fe980cdcb', 'x-openstack-request-id': 'req-f392d798-7b47-45af-bc2e-152fe980cdcb', 'connection': 'close', 'status': '404', 'content-location': 'http://10.132.44.205/volume/v3/types/34bf0825-de15-487f-9f72-583cfd38722c'}
        Body: b'{"itemNotFound": {"code": 404, "message": "Volume type 34bf0825-de15-487f-9f72-583cfd38722c could not be found."}}'

{0} tempest.api.volume.admin.test_volume_types.VolumeTypesTest.test_volume_type_create_get_delete [0.193112s] ... ok
{0} tempest.api.volume.admin.test_volume_types.VolumeTypesTest.test_volume_type_encryption_create_get_update_delete [0.547299s] ... ok
{0} tempest.api.volume.admin.test_volume_types.VolumeTypesTest.test_volume_type_list [0.059781s] ... ok
{0} tempest.api.volume.admin.test_volume_types.VolumeTypesTest.test_volume_type_update [0.276139s] ... ok
{0} tempest.api.volume.admin.test_volume_types_extra_specs.VolumeTypesExtraSpecsTest.test_volume_type_extra_spec_create_get_delete [0.404341s] ... ok
{0} tempest.api.volume.admin.test_volume_types_extra_specs.VolumeTypesExtraSpecsTest.test_volume_type_extra_specs_list [0.102356s] ... ok
{0} tempest.api.volume.admin.test_volume_types_extra_specs.VolumeTypesExtraSpecsTest.test_volume_type_extra_specs_update [0.468885s] ... ok
{0} tempest.api.volume.admin.test_volume_types_extra_specs_negative.ExtraSpecsNegativeTest.test_create_invalid_body [0.021314s] ... ok
{0} tempest.api.volume.admin.test_volume_types_extra_specs_negative.ExtraSpecsNegativeTest.test_create_none_body [0.018698s] ... ok
{0} tempest.api.volume.admin.test_volume_types_extra_specs_negative.ExtraSpecsNegativeTest.test_create_nonexistent_type_id [0.043540s] ... ok
{0} tempest.api.volume.admin.test_volume_types_extra_specs_negative.ExtraSpecsNegativeTest.test_delete_nonexistent_volume_type_id [0.024173s] ... ok
{0} tempest.api.volume.admin.test_volume_types_extra_specs_negative.ExtraSpecsNegativeTest.test_get_nonexistent_extra_spec_name [0.031696s] ... ok
{0} tempest.api.volume.admin.test_volume_types_extra_specs_negative.ExtraSpecsNegativeTest.test_get_nonexistent_volume_type_id [0.024983s] ... ok
{0} tempest.api.volume.admin.test_volume_types_extra_specs_negative.ExtraSpecsNegativeTest.test_list_nonexistent_volume_type_id [0.022472s] ... ok
{0} tempest.api.volume.admin.test_volume_types_extra_specs_negative.ExtraSpecsNegativeTest.test_update_multiple_extra_spec [0.018334s] ... ok
{0} tempest.api.volume.admin.test_volume_types_extra_specs_negative.ExtraSpecsNegativeTest.test_update_no_body [0.018579s] ... ok
{0} tempest.api.volume.admin.test_volume_types_extra_specs_negative.ExtraSpecsNegativeTest.test_update_none_extra_spec_id [0.046407s] ... ok
{0} tempest.api.volume.admin.test_volume_types_extra_specs_negative.ExtraSpecsNegativeTest.test_update_nonexistent_extra_spec_id [0.044118s] ... ok
{0} tempest.api.volume.admin.test_volume_types_extra_specs_negative.ExtraSpecsNegativeTest.test_update_nonexistent_type_id [0.055182s] ... ok
{0} tempest.api.volume.admin.test_volume_types_negative.VolumeTypesNegativeTest.test_create_volume_type_encryption_nonexistent_type_id [0.187980s] ... ok
{0} tempest.api.volume.admin.test_volume_types_negative.VolumeTypesNegativeTest.test_create_volume_with_private_volume_type [0.330792s] ... ok
{0} tempest.api.volume.admin.test_volume_types_negative.VolumeTypesNegativeTest.test_create_with_empty_name [0.019232s] ... ok
{0} tempest.api.volume.admin.test_volume_types_negative.VolumeTypesNegativeTest.test_create_with_repeated_name [0.196529s] ... ok
{0} tempest.api.volume.admin.test_volume_types_negative.VolumeTypesNegativeTest.test_delete_nonexistent_type_id [0.031726s] ... ok
{0} tempest.api.volume.admin.test_volume_types_negative.VolumeTypesNegativeTest.test_get_nonexistent_type_id [0.026766s] ... ok
{0} tempest.api.volume.admin.test_volumes_list.VolumesListAdminTestJSON.test_volume_list_param_tenant [1.765415s] ... ok
{0} tempest.api.volume.test_availability_zone.AvailabilityZoneTestJSON.test_get_availability_zone_list [0.163286s] ... ok
{0} tempest.api.volume.test_extensions.ExtensionsTestJSON.test_list_extensions [0.107160s] ... ok
{0} tempest.api.volume.test_snapshot_metadata.SnapshotMetadataTestJSON.test_crud_snapshot_metadata [0.456055s] ... ok
{0} tempest.api.volume.test_snapshot_metadata.SnapshotMetadataTestJSON.test_update_show_snapshot_metadata_item [0.407019s] ... ok
{0} tempest.api.volume.test_versions.VersionsTest.test_list_versions [0.018968s] ... ok
{0} tempest.api.volume.test_versions.VersionsTest.test_show_version [0.178941s] ... ok
{0} tempest.api.volume.test_volume_absolute_limits.AbsoluteLimitsTests.test_get_volume_absolute_limits [0.073982s] ... ok
{0} tempest.api.volume.test_volume_delete_cascade.VolumesDeleteCascade.test_volume_delete_cascade [6.686738s] ... ok
{0} tempest.api.volume.test_volume_delete_cascade.VolumesDeleteCascade.test_volume_from_snapshot_cascade_delete [10.227725s] ... ok
{0} tempest.api.volume.test_volume_metadata.VolumesMetadataTest.test_crud_volume_metadata [0.453687s] ... ok
{0} tempest.api.volume.test_volume_metadata.VolumesMetadataTest.test_update_show_volume_metadata_item [0.311916s] ... ok
{0} tempest.api.volume.test_volume_transfers.VolumesTransfersTest.test_create_get_list_accept_volume_transfer [4.480305s] ... ok
{0} tempest.api.volume.test_volume_transfers.VolumesTransfersTest.test_create_list_delete_volume_transfer [3.085371s] ... ok
{0} tempest.api.volume.test_volume_transfers.VolumesTransfersV355Test.test_create_get_list_accept_volume_transfer [4.551832s] ... ok
{0} tempest.api.volume.test_volume_transfers.VolumesTransfersV355Test.test_create_list_delete_volume_transfer [3.078836s] ... ok
{0} tempest.api.volume.test_volume_transfers.VolumesTransfersV357Test.test_create_get_list_accept_volume_transfer [4.550581s] ... ok
{0} tempest.api.volume.test_volume_transfers.VolumesTransfersV357Test.test_create_list_delete_volume_transfer [3.044688s] ... ok
{0} tempest.api.volume.test_volumes_clone.VolumesCloneTest.test_create_from_volume [6.784369s] ... ok
{0} tempest.api.volume.test_volumes_clone_negative.VolumesCloneNegativeTest.test_create_from_volume_decreasing_size [3.102124s] ... ok
{0} tempest.api.volume.test_volumes_get.VolumesGetTest.test_volume_create_get_update_delete [6.111494s] ... ok
{0} tempest.api.volume.test_volumes_get.VolumesGetTest.test_volume_create_get_update_delete_as_clone [9.650376s] ... ok
{0} tempest.api.volume.test_volumes_get.VolumesSummaryTest.test_show_volume_summary [0.171789s] ... ok
{0} tempest.api.volume.test_volumes_list.VolumesListTestJSON.test_volume_list [0.058424s] ... ok
{0} tempest.api.volume.test_volumes_list.VolumesListTestJSON.test_volume_list_by_name [0.096362s] ... ok
{0} tempest.api.volume.test_volumes_list.VolumesListTestJSON.test_volume_list_details_by_name [0.102865s] ... ok
{0} tempest.api.volume.test_volumes_list.VolumesListTestJSON.test_volume_list_details_pagination [0.382580s] ... ok
{0} tempest.api.volume.test_volumes_list.VolumesListTestJSON.test_volume_list_details_with_multiple_params [0.231037s] ... ok
{0} tempest.api.volume.test_volumes_list.VolumesListTestJSON.test_volume_list_pagination [0.179824s] ... ok
{0} tempest.api.volume.test_volumes_list.VolumesListTestJSON.test_volume_list_param_display_name_and_status [0.089109s] ... ok
{0} tempest.api.volume.test_volumes_list.VolumesListTestJSON.test_volume_list_with_detail_param_display_name_and_status [0.109289s] ... ok
{0} tempest.api.volume.test_volumes_list.VolumesListTestJSON.test_volume_list_with_detail_param_marker [0.111408s] ... ok
{0} tempest.api.volume.test_volumes_list.VolumesListTestJSON.test_volume_list_with_detail_param_metadata [0.121862s] ... ok
{0} tempest.api.volume.test_volumes_list.VolumesListTestJSON.test_volume_list_with_details [0.073182s] ... ok
{0} tempest.api.volume.test_volumes_list.VolumesListTestJSON.test_volume_list_with_param_metadata [0.050973s] ... ok
{0} tempest.api.volume.test_volumes_list.VolumesListTestJSON.test_volumes_list_by_availability_zone [0.173005s] ... ok
{0} tempest.api.volume.test_volumes_list.VolumesListTestJSON.test_volumes_list_by_bootable [0.190119s] ... ok
{0} tempest.api.volume.test_volumes_list.VolumesListTestJSON.test_volumes_list_by_status [0.191018s] ... ok
{0} tempest.api.volume.test_volumes_list.VolumesListTestJSON.test_volumes_list_details_by_availability_zone [0.077195s] ... ok
{0} tempest.api.volume.test_volumes_list.VolumesListTestJSON.test_volumes_list_details_by_bootable [0.075153s] ... ok
{0} tempest.api.volume.test_volumes_list.VolumesListTestJSON.test_volumes_list_details_by_status [0.076567s] ... ok
{0} tempest.api.volume.test_volumes_negative.VolumesNegativeTest.test_create_volume_from_deactivated_image [2.826220s] ... ok
{0} tempest.api.volume.test_volumes_negative.VolumesNegativeTest.test_create_volume_from_image_with_decreasing_size [2.580893s] ... ok
{0} tempest.api.volume.test_volumes_negative.VolumesNegativeTest.test_create_volume_with_invalid_size [0.015345s] ... ok
{0} tempest.api.volume.test_volumes_negative.VolumesNegativeTest.test_create_volume_with_nonexistent_snapshot_id [0.031100s] ... ok
{0} tempest.api.volume.test_volumes_negative.VolumesNegativeTest.test_create_volume_with_nonexistent_source_volid [0.028829s] ... ok
{0} tempest.api.volume.test_volumes_negative.VolumesNegativeTest.test_create_volume_with_nonexistent_volume_type [0.024834s] ... ok
{0} tempest.api.volume.test_volumes_negative.VolumesNegativeTest.test_create_volume_with_size_negative [0.015951s] ... ok
{0} tempest.api.volume.test_volumes_negative.VolumesNegativeTest.test_create_volume_with_size_zero [0.011181s] ... ok
{0} tempest.api.volume.test_volumes_negative.VolumesNegativeTest.test_create_volume_without_passing_size [0.012307s] ... ok
{0} tempest.api.volume.test_volumes_negative.VolumesNegativeTest.test_delete_invalid_volume_id [0.027235s] ... ok
{0} tempest.api.volume.test_volumes_negative.VolumesNegativeTest.test_delete_volume_without_passing_volume_id [0.016815s] ... ok
{0} tempest.api.volume.test_volumes_negative.VolumesNegativeTest.test_detach_volumes_with_invalid_volume_id [0.040723s] ... ok
{0} tempest.api.volume.test_volumes_negative.VolumesNegativeTest.test_get_invalid_volume_id [0.030931s] ... ok
{0} tempest.api.volume.test_volumes_negative.VolumesNegativeTest.test_get_volume_without_passing_volume_id [0.011825s] ... ok
{0} tempest.api.volume.test_volumes_negative.VolumesNegativeTest.test_list_volumes_detail_with_invalid_status [0.055555s] ... ok
{0} tempest.api.volume.test_volumes_negative.VolumesNegativeTest.test_list_volumes_detail_with_nonexistent_name [0.061325s] ... ok
{0} tempest.api.volume.test_volumes_negative.VolumesNegativeTest.test_list_volumes_with_invalid_status [0.043336s] ... ok
{0} tempest.api.volume.test_volumes_negative.VolumesNegativeTest.test_list_volumes_with_nonexistent_name [0.058799s] ... ok
{0} tempest.api.volume.test_volumes_negative.VolumesNegativeTest.test_reserve_volume_with_negative_volume_status [0.198877s] ... ok
{0} tempest.api.volume.test_volumes_negative.VolumesNegativeTest.test_reserve_volume_with_nonexistent_volume_id [0.042700s] ... ok
{0} tempest.api.volume.test_volumes_negative.VolumesNegativeTest.test_unreserve_volume_with_nonexistent_volume_id [0.035238s] ... ok
{0} tempest.api.volume.test_volumes_negative.VolumesNegativeTest.test_update_volume_with_empty_volume_id [0.013180s] ... ok
{0} tempest.api.volume.test_volumes_negative.VolumesNegativeTest.test_update_volume_with_invalid_volume_id [0.035500s] ... ok
{0} tempest.api.volume.test_volumes_negative.VolumesNegativeTest.test_update_volume_with_nonexistent_volume_id [0.034822s] ... ok
{0} tempest.api.volume.test_volumes_negative.VolumesNegativeTest.test_volume_delete_nonexistent_volume_id [0.033084s] ... ok
{0} tempest.api.volume.test_volumes_negative.VolumesNegativeTest.test_volume_extend_with_None_size [0.019517s] ... ok
{0} tempest.api.volume.test_volumes_negative.VolumesNegativeTest.test_volume_extend_with_non_number_size [0.019200s] ... ok
{0} tempest.api.volume.test_volumes_negative.VolumesNegativeTest.test_volume_extend_with_nonexistent_volume_id [0.036537s] ... ok
{0} tempest.api.volume.test_volumes_negative.VolumesNegativeTest.test_volume_extend_with_size_smaller_than_original_size [0.020919s] ... ok
{0} tempest.api.volume.test_volumes_negative.VolumesNegativeTest.test_volume_extend_without_passing_volume_id [0.033823s] ... ok
{0} tempest.api.volume.test_volumes_negative.VolumesNegativeTest.test_volume_get_nonexistent_volume_id [0.032488s] ... ok
{0} tempest.api.volume.test_volumes_snapshots_list.VolumesSnapshotListTestJSON.test_snapshot_list_param_limit [0.035679s] ... ok
{0} tempest.api.volume.test_volumes_snapshots_list.VolumesSnapshotListTestJSON.test_snapshot_list_param_limit_equals_infinite [0.072234s] ... ok
{0} tempest.api.volume.test_volumes_snapshots_list.VolumesSnapshotListTestJSON.test_snapshot_list_param_limit_equals_zero [0.032058s] ... ok
{0} tempest.api.volume.test_volumes_snapshots_list.VolumesSnapshotListTestJSON.test_snapshot_list_param_marker [0.117077s] ... ok
{0} tempest.api.volume.test_volumes_snapshots_list.VolumesSnapshotListTestJSON.test_snapshot_list_param_offset [0.057671s] ... ok
{0} tempest.api.volume.test_volumes_snapshots_list.VolumesSnapshotListTestJSON.test_snapshot_list_param_sort_created_at_asc [0.066615s] ... ok
{0} tempest.api.volume.test_volumes_snapshots_list.VolumesSnapshotListTestJSON.test_snapshot_list_param_sort_created_at_desc [0.037972s] ... ok
{0} tempest.api.volume.test_volumes_snapshots_list.VolumesSnapshotListTestJSON.test_snapshot_list_param_sort_id_asc [0.066088s] ... ok
{0} tempest.api.volume.test_volumes_snapshots_list.VolumesSnapshotListTestJSON.test_snapshot_list_param_sort_id_desc [0.053635s] ... ok
{0} tempest.api.volume.test_volumes_snapshots_list.VolumesSnapshotListTestJSON.test_snapshot_list_param_sort_name_asc [0.071620s] ... ok
{0} tempest.api.volume.test_volumes_snapshots_list.VolumesSnapshotListTestJSON.test_snapshot_list_param_sort_name_desc [0.061534s] ... ok
{0} tempest.api.volume.test_volumes_snapshots_list.VolumesSnapshotListTestJSON.test_snapshots_list_details_with_params [0.197060s] ... ok
{0} tempest.api.volume.test_volumes_snapshots_list.VolumesSnapshotListTestJSON.test_snapshots_list_with_params [0.186769s] ... ok
{0} tempest.api.volume.test_volumes_snapshots_negative.VolumesSnapshotNegativeTestJSON.test_create_snapshot_with_nonexistent_volume_id [0.165117s] ... ok
{0} tempest.api.volume.test_volumes_snapshots_negative.VolumesSnapshotNegativeTestJSON.test_create_snapshot_without_passing_volume_id [0.084362s] ... ok
{0} tempest.api.volume.test_volumes_snapshots_negative.VolumesSnapshotNegativeTestJSON.test_list_snapshot_invalid_param_limit [0.016889s] ... ok
{0} tempest.api.volume.test_volumes_snapshots_negative.VolumesSnapshotNegativeTestJSON.test_list_snapshots_invalid_param_marker [0.029184s] ... ok
{0} tempest.api.volume.test_volumes_snapshots_negative.VolumesSnapshotNegativeTestJSON.test_list_snapshots_invalid_param_sort [0.019346s] ... ok
{0} tempest.api.volume.test_volumes_snapshots_negative.VolumesSnapshotNegativeTestJSON.test_volume_from_snapshot_decreasing_size [5.427076s] ... ok

==============================
Failed 1 tests - output below:
==============================

tempest.api.volume.admin.test_volume_types.VolumeTypesTest.test_volume_crud_with_volume_type_and_extra_specs[id-c03cc62c-f4e9-4623-91ec-64ce2f9c1260]
-----------------------------------------------------------------------------------------------------------------------------------------------------

Captured traceback:
~~~~~~~~~~~~~~~~~~~
    Traceback (most recent call last):

      File "/opt/stack/tempest/tempest/api/volume/admin/test_volume_types.py", line 56, in test_volume_crud_with_volume_type_and_extra_specs
    volume = self.create_volume(**params)
             ^^^^^^^^^^^^^^^^^^^^^^^^^^^^

      File "/opt/stack/tempest/tempest/api/volume/base.py", line 144, in create_volume
    waiters.wait_for_volume_resource_status(self.volumes_client,

      File "/opt/stack/tempest/tempest/common/waiters.py", line 379, in wait_for_volume_resource_status
    raise exceptions.VolumeResourceBuildErrorException(

    tempest.exceptions.VolumeResourceBuildErrorException: volume 0d7975fe-56c6-46e4-a76d-4b0e24698ef6 failed to build and is in ERROR status


Captured pythonlogging:
~~~~~~~~~~~~~~~~~~~~~~~
    2026-02-16 14:07:14,546 122752 INFO     [tempest.lib.common.rest_client] Request (VolumeTypesTest:test_volume_crud_with_volume_type_and_extra_specs): 200 POST http://10.132.44.205/volume/v3/types 0.186s
2026-02-16 14:07:14,546 122752 DEBUG    [tempest.lib.common.rest_client] Request - Headers: {'Content-Type': 'application/json', 'Accept': 'application/json', 'X-Auth-Token': '<omitted>'}
        Body: {"volume_type": {"name": "tempest-VolumeTypesTest-volume-type-1195632623", "extra_specs": {"storage_protocol": "NVMeTCP", "vendor_name": "Hewlett Packard Enterprise"}}}
    Response - Headers: {'date': 'Mon, 16 Feb 2026 14:07:14 GMT', 'server': 'Apache/2.4.58 (Ubuntu)', 'content-type': 'application/json', 'x-compute-request-id': 'req-5a7a4d45-79ac-486b-bb6d-47f10ad0bcf9', 'content-length': '295', 'openstack-api-version': 'volume 3.0', 'vary': 'OpenStack-API-Version', 'x-openstack-request-id': 'req-5a7a4d45-79ac-486b-bb6d-47f10ad0bcf9', 'connection': 'close', 'status': '200', 'content-location': 'http://10.132.44.205/volume/v3/types'}
        Body: b'{"volume_type": {"id": "34bf0825-de15-487f-9f72-583cfd38722c", "name": "tempest-VolumeTypesTest-volume-type-1195632623", "is_public": true, "extra_specs": {"storage_protocol": "NVMeTCP", "vendor_name": "Hewlett Packard Enterprise"}, "description": null, "os-volume-type-access:is_public": true}}'
2026-02-16 14:07:14,600 122752 INFO     [tempest.lib.common.rest_client] Request (VolumeTypesTest:test_volume_crud_with_volume_type_and_extra_specs): 200 POST http://10.132.44.205/volume/v3/types 0.049s
2026-02-16 14:07:14,600 122752 DEBUG    [tempest.lib.common.rest_client] Request - Headers: {'Content-Type': 'application/json', 'Accept': 'application/json', 'X-Auth-Token': '<omitted>'}
        Body: {"volume_type": {"name": "tempest-VolumeTypesTest-volume-type-1760893556", "extra_specs": {"storage_protocol": "NVMeTCP", "vendor_name": "Hewlett Packard Enterprise"}}}
    Response - Headers: {'date': 'Mon, 16 Feb 2026 14:07:14 GMT', 'server': 'Apache/2.4.58 (Ubuntu)', 'content-type': 'application/json', 'x-compute-request-id': 'req-31c46c5e-96be-411f-8643-0a1c571abdd0', 'content-length': '295', 'openstack-api-version': 'volume 3.0', 'vary': 'OpenStack-API-Version', 'x-openstack-request-id': 'req-31c46c5e-96be-411f-8643-0a1c571abdd0', 'connection': 'close', 'status': '200', 'content-location': 'http://10.132.44.205/volume/v3/types'}
        Body: b'{"volume_type": {"id": "1aeeac1b-3f73-468a-a43a-c5bbdef17c94", "name": "tempest-VolumeTypesTest-volume-type-1760893556", "is_public": true, "extra_specs": {"storage_protocol": "NVMeTCP", "vendor_name": "Hewlett Packard Enterprise"}, "description": null, "os-volume-type-access:is_public": true}}'
2026-02-16 14:07:14,993 122752 INFO     [tempest.lib.common.rest_client] Request (VolumeTypesTest:test_volume_crud_with_volume_type_and_extra_specs): 202 POST http://10.132.44.205/volume/v3/volumes 0.388s
2026-02-16 14:07:14,994 122752 DEBUG    [tempest.lib.common.rest_client] Request - Headers: {'Content-Type': 'application/json', 'Accept': 'application/json', 'X-Auth-Token': '<omitted>'}
        Body: {"volume": {"name": "tempest-VolumeTypesTest-volume-1525508747", "volume_type": "34bf0825-de15-487f-9f72-583cfd38722c", "size": 1}}
    Response - Headers: {'date': 'Mon, 16 Feb 2026 14:07:14 GMT', 'server': 'Apache/2.4.58 (Ubuntu)', 'content-type': 'application/json', 'x-compute-request-id': 'req-e33c3d5e-cc45-4837-9dd1-a29ef9a91641', 'content-length': '788', 'openstack-api-version': 'volume 3.0', 'vary': 'OpenStack-API-Version', 'x-openstack-request-id': 'req-e33c3d5e-cc45-4837-9dd1-a29ef9a91641', 'connection': 'close', 'status': '202', 'content-location': 'http://10.132.44.205/volume/v3/volumes'}
        Body: b'{"volume": {"id": "0d7975fe-56c6-46e4-a76d-4b0e24698ef6", "status": "creating", "size": 1, "availability_zone": "nova", "created_at": "2026-02-16T14:07:14.914365", "updated_at": null, "name": "tempest-VolumeTypesTest-volume-1525508747", "description": null, "volume_type": "tempest-VolumeTypesTest-volume-type-1195632623", "snapshot_id": null, "s
    ource_volid": null, "metadata": {}, "links": [{"rel": "self", "href": "http://10.132.44.205/volume/v3/volumes/0d7975fe-56c6-46e4-a76d-4b0e24698ef6"}, {"rel": "bookmark", "href": "http://10.132.44.205/volume/volumes/0d7975fe-56c6-46e4-a76d-4b0e24698ef6"}], "user_id": "0efe7292821e4dafa29eeccafb05d8ba", "bootable": "false", "encrypted": false, "replication_status": null, "consistencygroup_id": null, "multiattach": false, "attachments": []}}'
2026-02-16 14:07:15,068 122752 INFO     [tempest.lib.common.rest_client] Request (VolumeTypesTest:test_volume_crud_with_volume_type_and_extra_specs): 200 GET http://10.132.44.205/volume/v3/volumes/0d7975fe-56c6-46e4-a76d-4b0e24698ef6 0.058s
2026-02-16 14:07:15,068 122752 DEBUG    [tempest.lib.common.rest_client] Request - Headers: {'Content-Type': 'application/json', 'Accept': 'application/json', 'X-Auth-Token': '<omitted>'}
        Body: None
    Response - Headers: {'date': 'Mon, 16 Feb 2026 14:07:15 GMT', 'server': 'Apache/2.4.58 (Ubuntu)', 'content-type': 'application/json', 'x-compute-request-id': 'req-08377720-0f53-44f1-899d-673907a88f9a', 'content-length': '856', 'openstack-api-version': 'volume 3.0', 'vary': 'OpenStack-API-Version', 'x-openstack-request-id': 'req-08377720-0f53-44f1-899d-673907a88f9a', 'connection': 'close', 'status': '200', 'content-location': 'http://10.132.44.205/volume/v3/volumes/0d7975fe-56c6-46e4-a76d-4b0e24698ef6'}
        Body: b'{"volume": {"id": "0d7975fe-56c6-46e4-a76d-4b0e24698ef6", "status": "creating", "size": 1, "availability_zone": "nova", "created_at": "2026-02-16T14:07:15.000000", "updated_at": null, "name": "tempest-VolumeTypesTest-volume-1525508747", "description": null, "volume_type": "tempest-VolumeTypesTest-volume-type-1195632623", "snapshot_id": null, "source_volid": null, "metadata": {}, "links": [{"rel": "self", "href": "http://10.132.44.205/volume/v3/volumes/0d7975fe-56c6-46e4-a76d-4b0e24698ef6"}, {"rel": "bookmark", "href": "http://10.132.44.205/volume/volumes/0d7975fe-56c6-46e4-a76d-4b0e24698ef6"}], "user_id": "0efe7292821e4dafa29eeccafb05d8ba", "bootable": "false", "encrypted": false, "replication_status": null, "consistencygroup_id": null, "multiattach": false, "attachments": [], "os-vol-tenant-attr:tenant_id": "8ac1cc8c7aa84d85874691ecad82ddf7"}}'
2026-02-16 14:07:16,146 122752 INFO     [tempest.lib.common.rest_client] Request (VolumeTypesTest:test_volume_crud_with_volume_type_and_extra_specs): 200 GET http://10.132.44.205/volume/v3/volumes/0d7975fe-56c6-46e4-a76d-4b0e24698ef6 0.059s
2026-02-16 14:07:16,147 122752 DEBUG    [tempest.lib.common.rest_client] Request - Headers: {'Content-Type': 'application/json', 'Accept': 'application/json', 'X-Auth-Token': '<omitted>'}
        Body: None
    Response - Headers: {'date': 'Mon, 16 Feb 2026 14:07:16 GMT', 'server': 'Apache/2.4.58 (Ubuntu)', 'content-type': 'application/json', 'x-compute-request-id': 'req-0883efb8-1430-4069-bcc6-cf9111916227', 'content-length': '877', 'openstack-api-version': 'volume 3.0', 'vary': 'OpenStack-API-Version', 'x-openstack-request-id': 'req-0883efb8-1430-4069-bcc6-cf9111916227', 'connection': 'close', 'status': '200', 'content-location': 'http://10.132.44.205/volume/v3/volumes/0d7975fe-56c6-46e4-a76d-4b0e24698ef6'}
        Body: b'{"volume": {"id": "0d7975fe-56c6-46e4-a76d-4b0e24698ef6", "status": "error", "size": 1, "availability_zone": "nova", "created_at": "2026-02-16T14:07:15.000000", "updated_at": "2026-02-16T14:07:15.000000", "name": "tempest-VolumeTypesTest-volume-1525508747", "description": null, "volume_type": "tempest-VolumeTypesTest-volume-type-1195632623", "snapshot_id": null, "source_volid": null, "metadata": {}, "links": [{"rel": "self", "href": "http://10.132.44.205/volume/v3/volumes/0d7975fe-56c6-46e4-a76d-4b0e24698ef6"}, {"rel": "bookmark", "href": "http://10.132.44.205/volume/volumes/0d7975fe-56c6-46e4-a76d-4b0e24698ef6"}], "user_id": "0efe7292821e4dafa29eeccafb05d8ba", "bootable": "false", "encrypted": false, "replication_status": null, "consistencygroup_id": null, "multiattach": false, "attachments": [], "os-vol-tenant-attr:tenant_id": "
    8ac1cc8c7aa84d85874691ecad82ddf7"}}'
2026-02-16 14:07:16,238 122752 INFO     [tempest.lib.common.rest_client] Request (VolumeTypesTest:_run_cleanups): 200 GET http://10.132.44.205/volume/v3/volumes/0d7975fe-56c6-46e4-a76d-4b0e24698ef6 0.068s
2026-02-16 14:07:16,239 122752 DEBUG    [tempest.lib.common.rest_client] Request - Headers: {'Content-Type': 'application/json', 'Accept': 'application/json', 'X-Auth-Token': '<omitted>'}
        Body: None
    Response - Headers: {'date': 'Mon, 16 Feb 2026 14:07:16 GMT', 'server': 'Apache/2.4.58 (Ubuntu)', 'content-type': 'application/json', 'x-compute-request-id': 'req-847ee659-b0b2-4a91-a141-64b400db15bb', 'content-length': '877', 'openstack-api-version': 'volume 3.0', 'vary': 'OpenStack-API-Version', 'x-openstack-request-id': 'req-847ee659-b0b2-4a91-a141-64b400db15bb', 'connection': 'close', 'status': '200', 'content-location': 'http://10.132.44.205/volume/v3/volumes/0d7975fe-56c6-46e4-a76d-4b0e24698ef6'}
        Body: b'{"volume": {"id": "0d7975fe-56c6-46e4-a76d-4b0e24698ef6", "status": "error", "size": 1, "availability_zone": "nova", "created_at": "2026-02-16T14:07:15.000000", "updated_at": "2026-02-16T14:07:15.000000", "name": "tempest-VolumeTypesTest-volume-1525508747", "description": null, "volume_type": "tempest-VolumeTypesTest-volume-type-1195632623", "snapshot_id": null, "source_volid": null, "metadata": {}, "links": [{"rel": "self", "href": "http://10.132.44.205/volume/v3/volumes/0d7975fe-56c6-46e4-a76d-4b0e24698ef6"}, {"rel": "bookmark", "href": "http://10.132.44.205/volume/volumes/0d7975fe-56c6-46e4-a76d-4b0e24698ef6"}], "user_id": "0efe7292821e4dafa29eeccafb05d8ba", "bootable": "false", "encrypted": false, "replication_status": null, "consistencygroup_id": null, "multiattach": false, "attachments": [], "os-vol-tenant-attr:tenant_id": "8ac1cc8c7aa84d85874691ecad82ddf7"}}'
2026-02-16 14:07:16,427 122752 INFO     [tempest.lib.common.rest_client] Request (VolumeTypesTest:_run_cleanups): 202 DELETE http://10.132.44.205/volume/v3/volumes/0d7975fe-56c6-46e4-a76d-4b0e24698ef6 0.166s
2026-02-16 14:07:16,427 122752 DEBUG    [tempest.lib.common.rest_client] Request - Headers: {'Content-Type': 'application/json', 'Accept': 'application/json', 'X-Auth-Token': '<omitted>'}
        Body: None
    Response - Headers: {'date': 'Mon, 16 Feb 2026 14:07:16 GMT', 'server': 'Apache/2.4.58 (Ubuntu)', 'content-length': '0', 'content-type': 'text/html; charset=UTF-8', 'openstack-api-version': 'volume 3.0', 'vary': 'OpenStack-API-Version', 'x-openstack-request-id': 'req-c1a7f401-b1ca-43b0-a042-c2a8cec08277', 'connection': 'close', 'status': '202', 'content-location': 'http://10.132.44.205/volume/v3/volumes/0d7975fe-56c6-46e4-a76d-4b0e24698ef6'}
        Body: b''
2026-02-16 14:07:16,458 122752 INFO     [tempest.lib.common.rest_client] Request (VolumeTypesTest:_run_cleanups): 404 GET http://10.132.44.205/volume/v3/volumes/0d7975fe-56c6-46e4-a76d-4b0e24698ef6 0.029s
2026-02-16 14:07:16,458 122752 DEBUG    [tempest.lib.common.rest_client] Request - Headers: {'Content-Type': 'application/json', 'Accept': 'application/json', 'X-Auth-Token': '<omitted>'}
        Body: None
    Response - Headers: {'date': 'Mon, 16 Feb 2026 14:07:16 GMT', 'server': 'Apache/2.4.58 (Ubuntu)', 'openstack-api-version': 'volume 3.0', 'vary': 'OpenStack-API-Version', 'content-length': '109', 'content-type': 'application/json', 'x-compute-request-id': 'req-65d218ab-fbff-476c-b6f5-efaaa2987339', 'x-openstack-request-id': 'req-65d218ab-fbff-476c-b6f5-efaaa2987339', 'connection': 'close', 'status': '404', 'content-location': 'http://10.132.44.205/volume/v3/volumes/0d7975fe-56c6-46e4-a76d-4b0e24698ef6'}
        Body: b'{"itemNotFound": {"code": 404, "message": "Volume 0d7975fe-56c6-46e4-a76d-4b0e24698ef6 could not be found."}}'
2026-02-16 14:07:16,539 122752 INFO     [tempest.lib.common.rest_client] Request (VolumeTypesTest:_run_cleanups): 202 DELETE http://10.132.44.205/volume/v3/types/1aeeac1b-3f73-468a-a43a-c5bbdef17c94 0.079s
2026-02-16 14:07:16,539 122752 DEBUG    [tempest.lib.common.rest_client] Request - Headers: {'Conten
    t-Type': 'application/json', 'Accept': 'application/json', 'X-Auth-Token': '<omitted>'}
        Body: None
    Response - Headers: {'date': 'Mon, 16 Feb 2026 14:07:16 GMT', 'server': 'Apache/2.4.58 (Ubuntu)', 'content-length': '0', 'content-type': 'text/html; charset=UTF-8', 'openstack-api-version': 'volume 3.0', 'vary': 'OpenStack-API-Version', 'x-openstack-request-id': 'req-a65a26cb-9d05-4340-880d-2748f4c4dc19', 'connection': 'close', 'status': '202', 'content-location': 'http://10.132.44.205/volume/v3/types/1aeeac1b-3f73-468a-a43a-c5bbdef17c94'}
        Body: b''
2026-02-16 14:07:16,562 122752 INFO     [tempest.lib.common.rest_client] Request (VolumeTypesTest:_run_cleanups): 404 GET http://10.132.44.205/volume/v3/types/1aeeac1b-3f73-468a-a43a-c5bbdef17c94 0.022s
2026-02-16 14:07:16,563 122752 DEBUG    [tempest.lib.common.rest_client] Request - Headers: {'Content-Type': 'application/json', 'Accept': 'application/json', 'X-Auth-Token': '<omitted>'}
        Body: None
    Response - Headers: {'date': 'Mon, 16 Feb 2026 14:07:16 GMT', 'server': 'Apache/2.4.58 (Ubuntu)', 'openstack-api-version': 'volume 3.0', 'vary': 'OpenStack-API-Version', 'content-length': '114', 'content-type': 'application/json', 'x-compute-request-id': 'req-c14c365b-9b55-4996-b02a-cf2b0258de4b', 'x-openstack-request-id': 'req-c14c365b-9b55-4996-b02a-cf2b0258de4b', 'connection': 'close', 'status': '404', 'content-location': 'http://10.132.44.205/volume/v3/types/1aeeac1b-3f73-468a-a43a-c5bbdef17c94'}
        Body: b'{"itemNotFound": {"code": 404, "message": "Volume type 1aeeac1b-3f73-468a-a43a-c5bbdef17c94 could not be found."}}'
2026-02-16 14:07:16,642 122752 INFO     [tempest.lib.common.rest_client] Request (VolumeTypesTest:_run_cleanups): 202 DELETE http://10.132.44.205/volume/v3/types/34bf0825-de15-487f-9f72-583cfd38722c 0.078s
2026-02-16 14:07:16,642 122752 DEBUG    [tempest.lib.common.rest_client] Request - Headers: {'Content-Type': 'application/json', 'Accept': 'application/json', 'X-Auth-Token': '<omitted>'}
        Body: None
    Response - Headers: {'date': 'Mon, 16 Feb 2026 14:07:16 GMT', 'server': 'Apache/2.4.58 (Ubuntu)', 'content-length': '0', 'content-type': 'text/html; charset=UTF-8', 'openstack-api-version': 'volume 3.0', 'vary': 'OpenStack-API-Version', 'x-openstack-request-id': 'req-b81fbc90-8f8d-4db9-910b-5c598b05ddd7', 'connection': 'close', 'status': '202', 'content-location': 'http://10.132.44.205/volume/v3/types/34bf0825-de15-487f-9f72-583cfd38722c'}
        Body: b''
2026-02-16 14:07:16,665 122752 INFO     [tempest.lib.common.rest_client] Request (VolumeTypesTest:_run_cleanups): 404 GET http://10.132.44.205/volume/v3/types/34bf0825-de15-487f-9f72-583cfd38722c 0.022s
2026-02-16 14:07:16,665 122752 DEBUG    [tempest.lib.common.rest_client] Request - Headers: {'Content-Type': 'application/json', 'Accept': 'application/json', 'X-Auth-Token': '<omitted>'}
        Body: None
    Response - Headers: {'date': 'Mon, 16 Feb 2026 14:07:16 GMT', 'server': 'Apache/2.4.58 (Ubuntu)', 'openstack-api-version': 'volume 3.0', 'vary': 'OpenStack-API-Version', 'content-length': '114', 'content-type': 'application/json', 'x-compute-request-id': 'req-f392d798-7b47-45af-bc2e-152fe980cdcb', 'x-openstack-request-id': 'req-f392d798-7b47-45af-bc2e-152fe980cdcb', 'connection': 'close', 'status': '404', 'content-location': 'http://10.132.44.205/volume/v3/types/34bf0825-de15-487f-9f72-583cfd38722c'}
        Body: b'{"itemNotFound": {"code": 404, "message": "Volume type 34bf0825-de15-487f-9f72-583cfd38722c could not be found."}}'



======
Totals
======
Ran: 204 tests in 501.7492 sec.
 - Passed: 196
 - Skipped: 7
 - Expected Fail: 0
 - Unexpected Success: 0
 - Failed: 1
Sum of execute time for each test: 219.9381 sec.

==============
Worker Balance
==============
 - Worker 0 (204 tests) => 0:08:21.749163
