"pcp-dstat 6.2.0 CSV Output"
"Author:","PCP team <pcp@groups.io> and Dag Wieers <dag@wieers.com>",,,,"URL:","https://pcp.io/ and http://dag.wieers.com/home-made/dstat/"
"Host:","np0000093947",,,,"User:","ubuntu"
"Cmdline:","dstat -tcmndrylpg --tcp --output /tmp/devstack_logs/dstat-csv.log",,,,"Date:","14 Apr 2026 14:24:58 UTC"
"system","total usage",,,,,"memory usage",,,,"net/total",,"dsk/total",,"io/total",,"system",,"load avg",,,"procs",,,"paging",,"tcp sockets",,,,
"time","total usage:usr","total usage:sys","total usage:idl","total usage:wai","total usage:stl","used","free","buf","cach","net/total:recv","net/total:send","dsk/total:read","dsk/total:writ","read","writ","int","csw","1m","5m","15m","run","blk","new","in","out","lis","act","syn","tim","clo"
14-04 14:24:58,,988180,1691364,161764,4982872,,,,,,,1.680,1.180,0.730,2,0,,,,10,6,0,17,0
14-04 14:24:59,25.873,20.649,51.746,0.498,0,1005608,1673660,161800,4983064,21022.799,8047.495,0,923.467,0,26.868,5083,2953,1.680,1.180,0.730,3,0,219.920,0,0,10,5,0,17,1
14-04 14:25:00,25.575,19.558,52.655,0.251,0,1018384,1660452,161916,4983284,20372.998,10423.698,0,1099.237,0,32.095,5006,2981,1.680,1.180,0.730,1,0,225.665,0,0,10,4,0,17,2
14-04 14:25:01,24.940,21.199,51.377,0.748,0,1030420,1648036,162012,4983504,39631.039,8235.267,0,1157.227,0,39.904,4884,2895,1.700,1.190,0.740,3,0,195.531,0,0,10,4,0,17,2
14-04 14:25:02,27.282,20.024,51.310,0,0,1035164,1642844,162120,4984108,21782.570,9585.252,0,1285.509,0,37.043,4925,3027,1.700,1.190,0.740,5,0,169.199,0,0,10,4,0,11,2
14-04 14:25:03,45.256,27.504,26.253,0.500,0,1056212,1602576,162336,5001864,174775.147,6297.834,12.002,1468.194,2.000,43.006,5561,5170,1.700,1.190,0.740,4,0,419.056,0,0,10,4,0,11,2
14-04 14:25:04,47.645,20.312,31.596,0.502,0,1065476,1578840,163172,5013632,45706.347,1741.309,20.061,1015.095,1.003,40.122,5309,6567,1.700,1.190,0.740,2,0,288.881,0,0,10,4,1,11,2
14-04 14:25:05,38.931,15.473,42.425,1.497,0,1067992,1557272,163600,5029704,7041.580,1637.113,650.852,1888.669,18.967,37.933,5622,5677,1.700,1.190,0.740,2,0,148.738,0,0,10,4,1,11,2
14-04 14:25:06,35.993,17.247,43.991,2.000,0,1072636,1525952,164556,5052648,10724.891,1693.667,359.929,12801.483,18.996,139.972,4810,4418,1.890,1.240,0.750,4,0,66.987,0,0,10,4,1,11,2
14-04 14:25:07,25.502,6.001,66.506,0.750,0,1061544,1507092,165580,5078724,8902.860,1694.164,0,2220.214,0,78.008,2403,1546,1.890,1.240,0.750,2,0,11.001,0,0,10,4,1,11,2
14-04 14:25:08,18.747,1.750,78.486,0.750,0,1077464,1499016,166180,5069116,14090.573,4312.257,0,1687.709,0,61.989,1594,1218,1.890,1.240,0.750,2,0,0,0,0,10,2,1,11,0
14-04 14:25:09,22.004,3.751,73.263,0,0,1057168,1519432,166184,5069048,10074.768,1694.297,0,528.093,0,15.003,2047,1305,1.890,1.240,0.750,3,0,19.003,0,0,10,2,1,11,0
14-04 14:25:10,21.084,6.201,71.685,0,0,1049448,1526264,166192,5069932,13663.357,3700.844,0,158.749,0,3.969,2286,1334,1.890,1.240,0.750,5,0,68.461,0,0,10,3,1,11,0
14-04 14:25:11,22.462,5.552,71.172,0,0,1043756,1526280,166408,5074772,10555.667,1885.806,0,9893.414,0,43.410,2236,1334,1.820,1.230,0.750,1,0,37.353,0,0,10,2,1,11,0
14-04 14:25:12,17.720,2.246,79.617,0.250,0,1058016,1509940,166464,5076624,17038.595,4391.679,0,439.268,0,6.988,1506,765,1.820,1.230,0.750,2,0,16.972,0,0,10,3,1,11,0
14-04 14:25:13,22.002,5.751,70.006,0,0,1043220,1519836,166952,5080012,5932.546,1794.165,0,764.070,0,12.001,11566,21099,1.820,1.230,0.750,3,0,10.001,0,0,10,2,1,11,0
14-04 14:25:14,22.750,4.250,71.250,0,0,1037012,1525560,167008,5080316,10636.945,1565.992,0,84.000,0,1.000,8496,14671,1.820,1.230,0.750,1,0,8.000,0,0,10,2,1,11,0
14-04 14:25:15,19.772,6.758,72.581,0.250,0,1018652,1552028,167060,5072312,10924.261,1587.782,0,1105.241,0,14.016,4947,7213,1.820,1.230,0.750,1,0,15.017,0,0,10,2,1,11,0
14-04 14:25:16,10.980,2.246,85.341,0,0,918684,1656504,167060,5069056,10482.491,131944.438,0,7162.670,0,87.837,1543,959,1.750,1.230,0.760,0,0,4.991,0,0,10,2,1,11,0
14-04 14:25:17,1.000,0.250,99.038,0,0,914588,1660600,167060,5069056,8877.404,972.373,0,0,0,0,491,538,1.750,1.230,0.760,0,0,0,0,0,10,2,1,11,0
14-04 14:25:18,0.250,0.500,98.745,0,0,911112,1664076,167060,5069056,7781.596,1619.916,0,8.000,0,1.000,493,569,1.750,1.230,0.760,0,0,0,0,0,10,2,1,10,0
14-04 14:25:19,0.250,0,98.995,0,0,908068,1667116,167060,5069060,9885.469,1619.913,0,0,0,0,498,539,1.750,1.230,0.760,0,0,0,0,0,10,2,1,10,0
14-04 14:25:20,0.500,0.500,98.497,0,0,905408,1669776,167060,5069060,7167.777,647.980,0,0,0,0,519,593,1.750,1.230,0.760,0,0,1.000,0,0,10,2,1,10,0
14-04 14:25:21,0.500,2.000,96.997,0,0,903084,1672104,167060,5069060,4984.871,971.975,0,21451.446,0,80.998,751,803,1.690,1.230,0.760,0,0,0,0,0,10,2,1,10,0
14-04 14:25:22,0.500,0.500,98.491,0,0,901048,1674140,167060,5069060,9965.109,1619.855,0,0,0,0,487,536,1.690,1.230,0.760,0,0,0,0,0,10,2,1,9,0
14-04 14:25:23,0.250,0.500,98.745,0,0,901048,1674140,167060,5069060,9947.531,1531.928,0,1039.951,0,131.994,559,605,1.690,1.230,0.760,0,0,0,0,0,10,2,1,9,0
14-04 14:25:24,0.500,0.250,99.258,0,0,899264,1675924,167060,5069060,9784.772,1620.128,0,2264.179,0,15.001,474,555,1.690,1.230,0.760,0,0,0,0,0,10,2,1,9,0
14-04 14:25:25,0.500,0.500,98.500,0,0,897704,1677484,167060,5069060,10763.046,1620.007,0,0,0,0,493,539,1.690,1.230,0.760,0,0,0,0,0,10,2,1,9,0
14-04 14:25:26,0.500,1.750,96.756,0.500,0,895032,1680164,167060,5069060,11259.641,1620.092,0,33109.884,0,582.033,947,889,1.560,1.210,0.750,0,0,0,0,0,10,2,1,9,0
14-04 14:25:27,0.250,0.250,98.749,0,0,889684,1685512,167060,5069060,8201.937,1619.988,0,4.000,0,1.000,455,530,1.560,1.210,0.750,0,0,0,0,0,10,2,1,9,0
14-04 14:25:28,0.500,0,99.009,0,0,885600,1689596,167060,5069060,9923.921,1458.135,0,0,0,0,456,550,1.560,1.210,0.750,0,0,0,0,0,10,2,1,9,0
14-04 14:25:29,0.250,0.500,98.748,0,0,882184,1693012,167060,5069060,39519.233,1619.969,0,0,0,0,488,534,1.560,1.210,0.750,0,0,0,0,0,10,2,1,9,0
14-04 14:25:30,0.750,0.500,98.476,0,0,880480,1694716,167060,5069060,12094.076,1619.608,0,3.999,0,1.000,599,599,1.560,1.210,0.750,0,0,1.000,0,0,10,2,1,9,0
14-04 14:25:31,0.500,0.250,98.519,0,0,878296,1696900,167064,5069060,8079.562,1620.313,0,460.089,0,2.000,473,550,1.430,1.190,0.750,0,0,0,0,0,10,2,1,9,0
14-04 14:25:32,0.250,0.250,99.008,0,0,875984,1699212,167064,5069060,10016.759,1620.123,0,0,0,0,490,532,1.430,1.190,0.750,0,0,0,0,0,10,2,1,9,0
14-04 14:25:33,0.500,0.250,98.743,0,0,874364,1700828,167064,5069064,9038.360,1619.885,0,4.000,0,1.000,484,545,1.430,1.190,0.750,0,0,0,0,0,10,2,1,9,0
14-04 14:25:34,1.000,1.500,97.250,0,0,873232,1701960,167064,5069064,46609.104,1458.003,0,0,0,0,761,643,1.430,1.190,0.750,0,0,6.000,0,0,10,2,1,9,0
14-04 14:25:35,0.750,0.500,98.750,0,0,871596,1703596,167064,5069064,10364.001,1662.000,0,0,0,0,514,557,1.430,1.190,0.750,0,0,0,0,0,10,2,1,9,0
14-04 14:25:36,0.500,2.500,96.235,0,0,871476,1703588,167064,5069192,6312.030,1619.751,0,47720.665,0,199.969,1034,1026,1.320,1.170,0.740,0,0,0,0,0,10,2,1,9,0
14-04 14:25:37,0.250,0.500,98.518,0,0,871432,1703624,167072,5069192,6502.161,1458.260,0,784.140,0,2.000,461,549,1.320,1.170,0.740,0,0,0,0,0,10,2,1,9,0
14-04 14:25:38,0.250,0.500,98.977,0,0,871432,1703624,167072,5069192,10081.699,1619.630,0,0,0,0,502,559,1.320,1.170,0.740,0,0,0,0,0,10,2,1,9,0
14-04 14:25:39,0.750,0.250,98.769,0,0,871432,1703624,167072,5069192,10365.015,1620.315,0,40.008,0,2.000,497,547,1.320,1.170,0.740,0,0,0,0,0,10,2,1,9,0
14-04 14:25:40,0.250,0.250,98.500,0,0,871432,1703624,167072,5069192,10290.026,1694.004,0,0,0,0,560,594,1.320,1.170,0.740,0,0,1.000,0,0,10,2,1,9,0
14-04 14:25:41,0.250,1.998,96.665,0.250,0,871404,1703652,167072,5069192,10010.186,1618.575,0,36727.662,0,136.879,889,888,1.210,1.150,0.740,0,0,0,0,0,10,2,1,9,0
14-04 14:25:42,0.500,1.001,98.578,0,0,871404,1703652,167072,5069192,10403.191,1621.277,0,660.520,0,4.003,544,563,1.210,1.150,0.740,1,0,0,0,0,10,2,1,9,0
14-04 14:25:43,10.497,5.499,83.477,0,0,860424,1714648,167072,5069192,8040.830,1457.607,0,0,0,0,1943,11095,1.210,1.150,0.740,0,0,35.990,0,0,10,2,1,9,0
14-04 14:25:44,0.500,0.250,98.788,0,0,860676,1714396,167072,5069192,6632.543,1620.621,0,0,0,0,457,549,1.210,1.150,0.740,0,0,0,0,0,10,2,1,9,0
14-04 14:25:45,0.500,0,98.945,0,0,859984,1715088,167072,5069192,11231.720,1553.132,0,3.998,0,0.999,490,536,1.210,1.150,0.740,0,0,0,0,0,10,2,1,9,0
14-04 14:25:46,0.250,0.500,98.808,0,0,859112,1715960,167072,5069192,7812.557,960.560,0,96.056,0,3.002,472,558,1.110,1.130,0.740,0,0,0,0,0,10,2,1,9,0
14-04 14:25:47,13.501,2.250,83.508,0,0,887984,1687236,167072,5069196,283792.361,7196.668,0,252.023,0,37.003,1614,1130,1.110,1.130,0.740,1,0,7.001,0,0,10,2,1,4,0
14-04 14:25:48,12.753,4.501,81.018,0.500,0,883524,1691580,167076,5069308,297200.786,13302.989,108.024,12.003,5.001,2.000,2498,1547,1.110,1.130,0.740,1,0,32.007,0,0,10,2,1,4,0
14-04 14:25:49,16.734,5.245,77.674,0,0,896544,1678440,167076,5069432,153673.044,5452.679,0,3.996,0,0.999,2301,1279,1.110,1.130,0.740,1,0,24.976,0,0,10,2,1,4,0
