"pcp-dstat 6.2.0 CSV Output"
"Author:","PCP team <pcp@groups.io> and Dag Wieers <dag@wieers.com>",,,,"URL:","https://pcp.io/ and http://dag.wieers.com/home-made/dstat/"
"Host:","np0000056245",,,,"User:","ubuntu"
"Cmdline:","dstat -tcmndrylpg --tcp --output /tmp/devstack_logs/dstat-csv.log",,,,"Date:","13 Feb 2026 18:11:34 UTC"
"system","total usage",,,,,"memory usage",,,,"net/total",,"dsk/total",,"io/total",,"system",,"load avg",,,"procs",,,"paging",,"tcp sockets",,,,
"time","total usage:usr","total usage:sys","total usage:idl","total usage:wai","total usage:stl","used","free","buf","cach","net/total:recv","net/total:send","dsk/total:read","dsk/total:writ","read","writ","int","csw","1m","5m","15m","run","blk","new","in","out","lis","act","syn","tim","clo"
13-02 18:11:34,,1026764,1651084,164072,4982948,,,,,,,1.550,1.120,0.700,2,0,,,,10,4,0,17,2
13-02 18:11:35,29.685,22.202,46.648,0.748,0,1021544,1640116,164924,4995412,7260.162,1616.474,0,1943.760,0,59.869,5330,3131,1.550,1.120,0.700,3,0,230.497,0,0,10,4,0,17,2
13-02 18:11:36,31.976,21.733,44.716,0.500,0,1022656,1620804,165380,5011024,5591.739,1456.890,0,1283.022,0,29.977,5231,3004,1.550,1.120,0.700,2,0,229.825,0,0,10,4,0,13,2
13-02 18:11:37,32.202,21.218,44.684,0.499,0,1044212,1578000,165840,5030440,9373.070,1617.596,0,9849.362,0,419.377,5350,2987,1.550,1.120,0.700,2,0,207.691,0,0,10,4,0,13,2
13-02 18:11:38,37.861,18.053,42.625,1.003,0,1038624,1566608,166800,5044324,7121.876,1624.763,0,2936.608,0,123.362,5721,5282,1.550,1.120,0.700,2,0,159.467,0,0,10,4,0,13,2
13-02 18:11:39,37.114,22.418,38.359,0.747,0,1053564,1523076,167684,5071336,6782.093,1614.072,0,2259.701,0,73.729,5218,5463,1.580,1.130,0.700,2,1,208.235,0,0,10,4,0,13,2
13-02 18:11:40,43.919,15.560,39.401,0.502,0,1076228,1512284,168144,5056556,15487.423,4359.728,0,1224.699,0,45.173,5031,11007,1.580,1.130,0.700,2,0,122.470,0,0,10,2,0,11,0
13-02 18:11:41,39.209,15.983,42.705,1.249,0.250,1054020,1533608,168172,5056976,8705.903,1618.309,795.169,23.975,22.976,1.998,5824,5615,1.580,1.130,0.700,5,0,192.799,0,0,10,2,0,11,0
13-02 18:11:42,32.529,17.015,50.044,0.500,0,1029288,1554220,168180,5060820,20082.839,3729.313,216.192,9296.258,15.013,12.011,4198,3549,1.580,1.130,0.700,1,0,71.063,0,0,10,3,0,11,0
13-02 18:11:43,22.985,2.998,73.201,0,0,1023548,1556928,168264,5063088,9268.750,1792.791,0,2570.267,0,99.933,1817,1049,1.580,1.130,0.700,2,0,2.998,0,0,10,2,0,11,0
13-02 18:11:44,18.259,2.251,79.538,0.250,0,1016576,1562848,168276,5064124,12084.706,4621.182,0,444.210,0,6.003,1488,850,1.460,1.110,0.700,3,0,16.008,0,0,10,3,0,11,0
13-02 18:11:45,22.004,5.751,69.761,0,0,997360,1576240,168668,5068316,11312.833,1794.291,0,764.124,0,13.002,11451,20868,1.460,1.110,0.700,2,0,8.001,0,0,10,2,0,11,0
13-02 18:11:46,22.749,4.500,71.745,0,0,980728,1592368,168728,5068620,9130.407,1619.895,0,83.995,0,1.000,4665,7223,1.460,1.110,0.700,2,0,11.999,0,0,10,2,0,11,0
13-02 18:11:47,21.000,6.500,71.499,0,0,988520,1584304,168772,5068784,4884.904,1457.971,0,167.997,0,2.000,8053,13520,1.460,1.110,0.700,1,0,15.000,0,0,10,2,0,11,0
13-02 18:11:48,17.998,4.750,76.492,0.500,0,924492,1661404,168784,5057384,13033.670,131422.590,0,14654.505,0,82.992,2018,1121,1.460,1.110,0.700,0,0,4.999,0,0,10,2,0,11,0
13-02 18:11:49,0.500,0.500,98.734,0,0,913192,1672704,168784,5057384,8843.584,1619.741,0,815.869,0,117.981,506,547,1.340,1.090,0.690,0,0,0,0,0,10,2,0,11,0
13-02 18:11:50,0.250,0.750,98.253,0,0,910044,1675820,168784,5057416,9276.296,1620.052,0,0,0,0,561,567,1.340,1.090,0.690,0,0,0,0,0,10,2,0,11,0
13-02 18:11:51,0.500,0.500,98.494,0,0,907316,1678548,168784,5057416,6913.549,1619.894,0,4.000,0,1.000,501,556,1.340,1.090,0.690,0,0,0,0,0,10,2,0,11,0
13-02 18:11:52,0.500,0.250,99.205,0,0,904924,1680936,168788,5057416,5472.544,1619.273,0,35.984,0,1.000,445,547,1.340,1.090,0.690,0,0,0,0,0,10,2,0,10,0
13-02 18:11:53,0.750,1.751,97.296,0,0,901100,1684760,168788,5057416,9333.384,1620.761,0,12349.800,0,69.032,765,758,1.340,1.090,0.690,0,0,0,0,0,10,2,0,10,0
13-02 18:11:54,0.250,0.500,99.253,0,0,897076,1688784,168788,5057416,8327.289,1620.056,0,0,0,0,482,544,1.230,1.080,0.690,0,0,0,0,0,10,2,0,10,0
13-02 18:11:55,0.500,0.250,98.244,0,0,893336,1692520,168788,5057420,10839.372,1457.915,0,4.000,0,1.000,520,542,1.230,1.080,0.690,0,0,0,0,0,10,2,0,10,0
13-02 18:11:56,0.750,0.750,99.011,0,0,890268,1695588,168788,5057420,8273.900,1620.176,0,0,0,0,561,611,1.230,1.080,0.690,0,0,1.000,0,0,10,2,0,9,0
13-02 18:11:57,0.250,0,98.744,0,0,888792,1697064,168788,5057420,12896.207,1619.900,0,8.000,0,2.000,524,528,1.230,1.080,0.690,0,0,0,0,0,10,2,0,9,0
13-02 18:11:58,0.500,1.750,96.986,0,0,888004,1697848,168792,5057420,10163.492,1619.760,0,20772.917,0,93.986,791,786,1.230,1.080,0.690,0,0,0,0,0,10,2,0,9,0
13-02 18:11:59,0.250,0,99.010,0,0,888004,1697848,168792,5057420,8250.836,1620.164,0,92.009,0,14.001,464,531,1.130,1.060,0.690,0,0,0,0,0,10,2,0,9,0
13-02 18:12:00,0.750,0.250,99.215,0,0,888004,1697848,168792,5057420,5427.112,1619.437,0,0,0,0,451,550,1.130,1.060,0.690,0,0,0,0,0,10,2,0,9,0
13-02 18:12:01,0.500,0.750,98.511,0,0,888004,1697848,168792,5057420,9105.981,1620.175,0,2264.244,0,15.002,500,564,1.130,1.060,0.690,0,0,0,0,0,10,2,0,9,0
13-02 18:12:02,0.250,0.250,99.007,0,0,888000,1697848,168792,5057424,8954.612,1620.111,0,0,0,0,452,546,1.130,1.060,0.690,0,0,0,0,0,10,2,0,9,0
13-02 18:12:03,0.500,0.500,97.996,0.250,0,887700,1698148,168792,5057424,28165.993,1619.942,0,4419.842,0,11.000,571,579,1.130,1.060,0.690,0,0,0,0,0,10,2,0,9,0
13-02 18:12:04,0.750,0,99.007,0,0,885376,1700472,168792,5057424,52337.529,1458.098,0,0,0,0,552,544,1.040,1.040,0.680,0,0,0,0,0,10,2,0,9,0
13-02 18:12:05,0.250,0.500,99.024,0,0,883416,1702432,168792,5057424,10201.480,1620.394,0,100.024,0,15.004,485,550,1.040,1.040,0.680,0,0,0,0,0,10,2,0,9,0
13-02 18:12:06,1.250,1.500,95.995,0,0,875032,1710852,168796,5057420,6809.632,1619.913,0,159.991,0,6.000,888,966,1.040,1.040,0.680,0,0,7.000,0,0,10,2,0,9,0
13-02 18:12:07,0.500,0.250,98.987,0,0,874780,1711104,168796,5057420,5492.277,1619.787,0,7.999,0,1.000,448,539,1.040,1.040,0.680,0,0,0,0,0,10,2,0,9,0
13-02 18:12:08,0.500,3.750,94.746,0.500,0,874904,1710988,168796,5057420,4771.786,1619.927,0,67496.977,0,639.971,1367,1315,1.040,1.040,0.680,0,0,0,0,0,10,2,0,9,0
13-02 18:12:09,0.750,0,98.752,0,0,874904,1710988,168796,5057420,9667.243,1662.042,0,4.000,0,1.000,507,531,0.960,1.020,0.680,0,0,0,0,0,10,2,0,9,0
13-02 18:12:10,0.250,0.500,98.764,0,0,874904,1710988,168796,5057420,8315.158,1662.231,0,96.013,0,13.002,486,557,0.960,1.020,0.680,0,0,0,0,0,10,2,0,9,0
13-02 18:12:11,0.500,0.250,98.492,0,0,874904,1710988,168796,5057420,11086.082,1619.866,0,1287.893,0,5.000,559,567,0.960,1.020,0.680,0,0,0,0,0,10,2,0,9,0
13-02 18:12:12,0.500,0.250,99.262,0,0,874904,1710988,168796,5057420,8785.028,1512.177,0,0,0,0,496,548,0.960,1.020,0.680,0,0,0,0,0,10,2,0,9,0
13-02 18:12:13,0.250,0.250,98.752,0,0,874904,1710988,168796,5057420,9560.167,1566.027,0,4.000,0,1.000,512,544,0.960,1.020,0.680,0,0,0,0,0,10,2,0,9,0
13-02 18:12:14,0.500,2.250,96.759,0,0,873476,1712416,168796,5057420,6635.625,1620.153,0,33359.143,0,116.011,833,852,0.880,1.010,0.680,0,0,0,0,0,10,2,0,9,0
13-02 18:12:15,0.500,0.500,98.976,0,0,873700,1712192,168796,5057420,4951.786,1619.603,0,3.999,0,1.000,429,542,0.880,1.010,0.680,0,0,0,0,0,10,2,0,9,0
13-02 18:12:16,0.250,0.500,98.515,0,0,873700,1712192,168796,5057420,8620.290,1620.242,0,640.096,0,15.002,592,649,0.880,1.010,0.680,0,0,1.000,0,0,10,2,0,9,0
13-02 18:12:17,0.500,0,99.006,0,0,873700,1712192,168796,5057420,7366.435,1620.096,0,0,0,0,460,524,0.880,1.010,0.680,0,0,0,0,0,10,2,0,8,0
13-02 18:12:18,0.500,0.250,98.734,0,0,873700,1712192,168796,5057420,4610.236,1457.758,0,0,0,0,450,544,0.880,1.010,0.680,0,0,0,0,0,10,2,0,8,0
13-02 18:12:19,7.501,2.000,90.512,0,0,874196,1711692,168796,5057424,141070.171,3744.482,0,96.012,0,4.001,1186,830,0.810,0.990,0.670,0,0,4.001,0,0,10,2,0,8,0
13-02 18:12:20,15.248,4.249,79.491,0.250,0,876964,1708904,168800,5057440,296335.908,13170.440,107.987,0,4.999,0,2498,1474,0.810,0.990,0.670,1,0,29.996,0,0,10,2,0,8,0
13-02 18:12:21,15.497,3.999,79.987,0.250,0,891356,1694316,168800,5057636,298525.131,9522.441,0,139.977,0,3.999,2270,1335,0.810,0.990,0.670,1,0,17.997,0,0,10,2,0,4,0
