"pcp-dstat 6.2.0 CSV Output"
"Author:","PCP team <pcp@groups.io> and Dag Wieers <dag@wieers.com>",,,,"URL:","https://pcp.io/ and http://dag.wieers.com/home-made/dstat/"
"Host:","np0000093999",,,,"User:","ubuntu"
"Cmdline:","dstat -tcmndrylpg --tcp --output /tmp/devstack_logs/dstat-csv.log",,,,"Date:","17 Apr 2026 01:10:21 UTC"
"system","total usage",,,,,"memory usage",,,,"net/total",,"dsk/total",,"io/total",,"system",,"load avg",,,"procs",,,"paging",,"tcp sockets",,,,
"time","total usage:usr","total usage:sys","total usage:idl","total usage:wai","total usage:stl","used","free","buf","cach","net/total:recv","net/total:send","dsk/total:read","dsk/total:writ","read","writ","int","csw","1m","5m","15m","run","blk","new","in","out","lis","act","syn","tim","clo"
17-04 01:10:21,,1001076,1669676,160992,4991964,,,,,,,1.560,0.840,0.530,3,0,,,,10,4,0,17,0
17-04 01:10:22,16.480,19.476,62.424,0.250,0,1005524,1664864,161036,4992224,16724.652,5135.752,0,371.548,0,12.984,5516,4810,1.510,0.840,0.540,3,0,282.656,0,0,10,5,0,17,0
17-04 01:10:23,19.739,19.989,58.468,0,0,998748,1671440,161088,4992320,14729.922,5662.894,0,415.772,0,11.993,4818,2762,1.510,0.840,0.540,1,0,212.883,0,0,10,5,0,17,0
17-04 01:10:24,14.253,20.004,64.262,0.250,0,1009928,1660164,161140,4992344,20966.960,4220.797,0,540.102,0,19.004,4563,2654,1.510,0.840,0.540,2,0,193.036,0,0,10,5,0,11,0
17-04 01:10:25,17.026,21.282,60.092,0,0,1007356,1662612,161160,4992756,36466.571,4704.169,0,300.458,0,16.024,5588,4949,1.510,0.840,0.540,11,0,198.302,0,0,10,5,0,11,1
17-04 01:10:26,19.487,14.740,64.458,0.250,0,1000544,1669240,161220,4992488,33889.785,5653.294,0,471.691,0,13.991,4168,3097,1.510,0.840,0.540,1,0,109.928,0,0,10,4,0,11,2
17-04 01:10:27,26.755,16.003,55.510,0.500,0,999192,1670176,161288,4993200,20289.759,7082.312,0,872.162,0,27.005,5399,5558,1.470,0.850,0.540,2,0,122.023,0,0,10,4,0,11,2
17-04 01:10:28,34.177,15.966,47.399,0,0,1019220,1649896,161356,4992892,16983.955,6388.442,0,594.738,0,17.962,5755,6972,1.470,0.850,0.540,2,0,125.733,0,0,10,4,0,11,2
17-04 01:10:29,29.549,15.526,52.837,1.252,0,1043728,1624232,161448,4993856,51210.596,7889.032,797.317,877.449,23.038,22.036,5832,6243,1.470,0.850,0.540,1,0,135.223,0,0,10,4,0,11,2
17-04 01:10:30,21.000,12.750,64.500,1.000,0,1026868,1640172,161564,4994292,40927.887,9247.975,215.999,10027.972,15.000,48.000,2740,1485,1.470,0.850,0.540,1,0,29.000,0,0,10,4,0,11,2
17-04 01:10:31,18.497,1.250,79.237,0.250,0,1025164,1641472,161660,4994544,20388.574,8885.507,0,855.856,0,28.995,1391,772,1.470,0.850,0.540,1,0,0,0,0,10,4,0,11,2
17-04 01:10:32,9.501,1.250,87.757,0.500,0,1027336,1623880,161756,5009320,137372.858,10080.797,0,776.061,0,21.002,1092,790,1.430,0.850,0.540,0,0,0,0,0,10,4,0,11,2
17-04 01:10:33,21.004,1.750,76.015,0.750,0,1026504,1617160,162132,5015596,47800.298,2676.521,0,1412.275,0,55.011,1677,1152,1.430,0.850,0.540,0,1,1.000,0,0,10,4,0,11,2
17-04 01:10:34,22.495,2.499,73.484,0.500,0,1036016,1583600,163064,5035664,11500.493,1457.682,0,1599.651,0,41.991,1894,1256,1.430,0.850,0.540,1,0,1.000,0,0,10,4,0,11,2
17-04 01:10:35,23.003,3.000,72.258,0.750,0,1038072,1560820,163536,5054456,10091.170,1620.188,0,31483.650,0,854.099,2254,1507,1.430,0.850,0.540,1,0,0,0,0,10,4,0,11,2
17-04 01:10:36,22.502,2.250,73.508,1.750,0,1039312,1542912,164476,5067764,5537.612,1242.137,0,3876.428,0,248.027,2080,1704,1.430,0.850,0.540,1,0,0,0,0,10,4,0,11,2
17-04 01:10:37,22.252,1.750,73.756,1.250,0,1040692,1511092,165668,5094308,9723.804,1350.112,0,2744.227,0,90.007,1985,1511,1.400,0.850,0.540,1,0,0,0,0,10,4,0,11,2
17-04 01:10:38,18.996,1.500,78.732,0.250,0,1025932,1541128,165804,5078728,18161.798,4345.995,0,519.880,0,18.996,1557,826,1.400,0.850,0.540,1,0,1.000,0,0,10,2,0,11,0
17-04 01:10:39,20.751,4.000,74.253,0,0,1050440,1516572,165832,5078744,13257.506,1885.072,0,8.000,0,2.000,1997,1012,1.400,0.850,0.540,0,0,34.001,0,0,10,3,0,11,0
17-04 01:10:40,20.295,4.009,75.167,0,0,1019868,1541932,165912,5083368,19439.108,134695.698,0,11730.012,0,53.118,1918,980,1.400,0.850,0.540,1,0,1.002,0,0,10,2,0,9,0
17-04 01:10:41,21.956,2.994,74.101,0,0,1003384,1557284,165928,5084368,5781.388,1858.268,0,0,0,0,1843,1040,1.400,0.850,0.540,0,0,17.964,0,0,10,2,1,9,0
17-04 01:10:42,17.781,2.504,78.888,0.250,0,1008684,1545284,166308,5089456,18039.584,4404.712,0,1330.329,0,18.032,2957,3703,1.370,0.850,0.550,1,0,6.011,0,0,10,2,0,9,0
17-04 01:10:43,22.219,4.993,71.401,0,0,1004780,1548536,166380,5089916,9539.834,1617.767,0,83.884,0,0.999,9537,16890,1.370,0.850,0.550,1,0,8.988,0,0,10,2,0,9,0
17-04 01:10:44,20.992,7.497,70.222,0,0,1004756,1548284,166428,5090080,11696.306,1619.350,0,2343.060,0,14.994,12279,22187,1.370,0.850,0.550,1,0,19.992,0,0,10,2,0,9,0
17-04 01:10:45,18.994,4.249,76.225,0.250,0,935632,1630232,166436,5078752,11112.427,1565.497,0,12915.848,0,92.970,1929,1115,1.370,0.850,0.550,0,0,4.998,0,0,10,2,0,9,0
17-04 01:10:46,0.250,0.500,98.495,0,0,935196,1630668,166436,5078752,10087.476,1511.921,0,0,0,0,501,544,1.370,0.850,0.550,0,0,0,0,0,10,2,0,9,0
17-04 01:10:47,0.500,0,98.746,0,0,930108,1635756,166436,5078752,8153.644,1619.929,0,8.000,0,1.000,512,563,1.260,0.840,0.540,0,0,0,0,0,10,2,0,9,0
17-04 01:10:48,1.251,0.750,97.794,0,0,925168,1640696,166436,5078752,5414.428,1620.727,0,0,0,0,555,601,1.260,0.840,0.540,1,0,3.001,0,0,10,2,0,9,0
17-04 01:10:49,11.490,5.495,82.180,0,0,920696,1645184,166436,5078752,5293.494,1618.622,0,0,0,0,2133,9372,1.260,0.840,0.540,0,0,38.967,0,0,10,2,0,10,0
17-04 01:10:50,0.500,1.501,97.035,0.250,0,920696,1645184,166436,5078752,12633.559,1620.585,0,19703.110,0,113.041,824,798,1.260,0.840,0.540,0,0,0,0,0,10,2,0,10,0
17-04 01:10:51,0.250,0.250,99.002,0,0,920692,1645184,166436,5078756,7607.135,1458.026,0,4.000,0,1.000,475,564,1.260,0.840,0.540,0,0,0,0,0,10,2,0,10,0
17-04 01:10:52,0.500,0.250,98.946,0,0,918856,1647020,166436,5078756,10107.469,1619.114,0,0,0,0,501,552,1.160,0.830,0.540,0,0,0,0,0,10,2,0,10,0
17-04 01:10:53,0.500,0.250,98.302,0,0,916492,1649384,166436,5078756,7427.930,1458.772,0,0,0,0,477,555,1.160,0.830,0.540,0,0,0,0,0,10,2,0,9,0
17-04 01:10:54,1.000,0.500,98.262,0,0,914904,1650940,166436,5078788,12040.456,1350.163,0,0,0,0,657,631,1.160,0.830,0.540,0,0,1.000,0,0,10,2,0,9,0
17-04 01:10:55,0.750,0.500,98.485,0,0,912396,1653448,166436,5078788,45660.853,1295.797,0,735.885,0,3.000,615,579,1.160,0.830,0.540,0,0,0,0,0,10,2,0,9,0
17-04 01:10:56,0.500,0.250,98.992,0,0,907480,1658364,166436,5078788,9208.219,1565.867,0,119.990,0,19.998,517,564,1.160,0.830,0.540,0,0,0,0,0,10,2,0,9,0
17-04 01:10:57,0.500,0,98.506,0,0,903040,1662804,166436,5078788,6439.420,1620.106,0,4.000,0,1.000,472,560,1.060,0.810,0.540,0,0,0,0,0,10,2,0,9,0
17-04 01:10:58,0.250,0.500,98.970,0,0,899244,1666600,166436,5078788,10629.762,1457.556,0,0,0,0,519,549,1.060,0.810,0.540,0,0,0,0,0,10,2,0,9,0
17-04 01:10:59,0.500,0,98.540,0,0,895992,1669724,166436,5078916,44421.834,1620.651,0,0,0,0,554,564,1.060,0.810,0.540,0,0,0,0,0,10,2,0,9,0
17-04 01:11:00,0.750,0.250,98.751,0,0,892972,1672744,166436,5078916,10532.159,1512.023,0,184.003,0,4.000,570,557,1.060,0.810,0.540,0,0,0,0,0,10,2,0,9,0
17-04 01:11:01,0.500,0.250,98.765,0,0,890612,1675104,166436,5078916,8288.226,1662.246,0,12.002,0,1.000,503,563,1.060,0.810,0.540,0,0,0,0,0,10,2,0,9,0
17-04 01:11:02,0.500,0.500,98.241,0,0,888296,1677420,166436,5078916,10418.037,1565.855,0,0,0,0,517,549,0.980,0.800,0.540,0,0,0,0,0,10,2,0,9,0
17-04 01:11:03,0.500,0,98.745,0,0,886548,1679168,166436,5078916,10175.525,1619.924,0,4.000,0,1.000,538,572,0.980,0.800,0.540,0,0,0,0,0,10,2,0,9,0
17-04 01:11:04,0.750,0.250,99.236,0,0,884928,1680788,166436,5078916,6767.058,1619.774,0,0,0,0,523,599,0.980,0.800,0.540,0,0,1.000,0,0,10,2,0,9,0
17-04 01:11:05,0.250,0,98.259,0,0,883556,1682160,166436,5078916,5681.545,1620.155,0,0,0,0,462,543,0.980,0.800,0.540,0,0,0,0,0,10,2,0,8,0
17-04 01:11:06,0.500,2.750,95.757,0.500,0,878644,1687072,166436,5078916,10547.792,1500.113,0,50379.782,0,335.025,1170,1045,0.980,0.800,0.540,0,0,0,0,0,10,2,0,8,0
17-04 01:11:07,0,0.500,98.753,0,0,878452,1687264,166436,5078916,6134.215,1620.057,0,0,0,0,462,561,0.900,0.780,0.530,0,0,0,0,0,10,2,0,8,0
17-04 01:11:08,0.750,0,98.726,0,0,878580,1687132,166436,5078920,9540.639,1511.626,0,0,0,0,542,566,0.900,0.780,0.530,0,0,0,0,0,10,2,0,8,0
17-04 01:11:09,0.500,0.250,98.774,0,0,878580,1687132,166436,5078920,7725.868,1566.379,0,4.001,0,1.000,482,550,0.900,0.780,0.530,0,0,0,0,0,10,2,0,4,0
17-04 01:11:10,0.500,0,98.751,0,0.250,878576,1687132,166436,5078924,11383.110,1458.014,0,0,0,0,539,552,0.900,0.780,0.530,0,0,0,0,0,10,2,0,4,0
17-04 01:11:11,7.250,3.000,88.002,1.000,0,894524,1671180,166440,5078924,139317.820,2396.048,0,39512.800,0,157.003,1366,1070,0.900,0.780,0.530,1,0,3.000,0,0,10,2,0,4,0
17-04 01:11:12,15.002,4.001,80.762,0,0,912760,1652948,166440,5078924,290219.293,10271.532,0,0,0,0,2285,1356,0.910,0.790,0.540,2,0,22.003,0,0,10,2,0,4,0
17-04 01:11:13,11.751,4.250,82.257,0.500,0,925180,1640416,166444,5079032,303423.573,12611.063,108.009,4.000,5.000,1.000,2336,1464,0.910,0.790,0.540,1,0,22.002,0,0,10,2,0,4,0
