"pcp-dstat 6.2.0 CSV Output"
"Author:","PCP team <pcp@groups.io> and Dag Wieers <dag@wieers.com>",,,,"URL:","https://pcp.io/ and http://dag.wieers.com/home-made/dstat/"
"Host:","np0000056225",,,,"User:","ubuntu"
"Cmdline:","dstat -tcmndrylpg --tcp --output /tmp/devstack_logs/dstat-csv.log",,,,"Date:","13 Feb 2026 09:29:30 UTC"
"system","total usage",,,,,"memory usage",,,,"net/total",,"dsk/total",,"io/total",,"system",,"load avg",,,"procs",,,"paging",,"tcp sockets",,,,
"time","total usage:usr","total usage:sys","total usage:idl","total usage:wai","total usage:stl","used","free","buf","cach","net/total:recv","net/total:send","dsk/total:read","dsk/total:writ","read","writ","int","csw","1m","5m","15m","run","blk","new","in","out","lis","act","syn","tim","clo"
13-02 09:29:30,,1036952,1661756,164556,4962480,,,,,,,1.390,1.070,0.660,2,0,,,,10,8,0,17,0
13-02 09:29:31,32.728,19.987,45.470,0.749,0,1025268,1669912,164572,4965856,1832918.339,20712.161,0,2782.141,0,39.973,6243,3824,1.680,1.140,0.690,2,0,299.800,0,0,10,5,0,17,1
13-02 09:29:32,24.497,20.498,53.994,0.250,0,1034556,1660392,164588,4966028,19170.929,9707.951,0,919.901,0,27.997,4866,2837,1.680,1.140,0.690,2,0,205.978,0,0,10,4,0,17,2
13-02 09:29:33,25.756,20.505,52.012,0.500,0,1031392,1662984,164664,4966400,40550.969,10265.271,0,1240.274,0,41.009,4797,2744,1.680,1.140,0.690,1,0,194.043,0,0,10,4,0,15,2
13-02 09:29:34,40.237,19.994,37.988,0.250,0,1055228,1638816,164744,4967024,19674.695,8049.420,0,1015.674,0,29.990,5347,15487,1.680,1.140,0.690,3,0,189.939,0,0,10,4,0,16,2
13-02 09:29:35,28.812,19.793,49.356,0.251,0,1041016,1635960,164812,4983048,178391.900,8302.914,0,1102.379,0,30.065,4765,2824,1.680,1.140,0.690,2,0,156.337,0,0,10,4,0,16,2
13-02 09:29:36,42.517,18.257,38.015,0.500,0,1051396,1608328,165764,4996648,7608.034,1620.646,0,1800.718,0,61.024,5238,5810,1.710,1.150,0.700,2,0,140.056,0,0,10,4,0,16,2
13-02 09:29:37,38.739,15.746,42.488,1.500,0,1062976,1578020,166188,5012504,6681.161,1619.554,651.821,1351.628,18.995,29.992,5555,5582,1.710,1.150,0.700,2,0,133.963,0,0,10,4,0,11,2
13-02 09:29:38,37.432,16.470,45.168,0.499,0,1078380,1555608,166320,5018456,5984.108,1617.057,359.346,7266.774,18.965,16.969,4673,3862,1.710,1.150,0.700,2,0,84.846,0,0,10,4,0,11,2
13-02 09:29:39,23.005,3.751,70.767,1.500,0,1047804,1561132,167216,5040292,10336.428,1620.381,0,5553.305,0,124.029,2336,1772,1.710,1.150,0.700,1,0,7.002,0,0,10,4,0,11,2
13-02 09:29:40,21.740,2.249,73.965,1.249,0,1042028,1535916,168336,5067080,5948.199,1499.294,0,2530.808,0,91.957,1972,1562,1.710,1.150,0.700,6,0,0,0,0,10,4,0,11,2
13-02 09:29:41,18.249,2.000,78.746,0.750,0,1042340,1525380,168960,5075100,15300.182,3622.806,0,1695.909,0,58.997,1756,1345,1.650,1.150,0.700,2,0,1.000,0,0,10,5,0,11,2
13-02 09:29:42,22.752,2.750,74.006,0,0,1008992,1576692,168980,5057520,9382.717,2340.179,0,80.006,0,5.000,1824,920,1.650,1.150,0.700,2,0,19.001,0,0,10,2,0,11,0
13-02 09:29:43,19.498,3.750,75.493,0,0,1002696,1577872,169052,5062060,15933.418,3899.613,0,1351.866,0,8.999,1957,1049,1.650,1.150,0.700,2,0,22.998,0,0,10,2,0,11,0
13-02 09:29:44,19.744,3.999,75.978,0,0,992968,1586232,169072,5063228,13380.064,2891.150,0,14291.796,0,66.980,2004,1168,1.650,1.150,0.700,0,0,17.995,0,0,10,3,0,11,0
13-02 09:29:45,21.508,3.501,73.278,0.250,0,988916,1583552,169536,5068296,8289.151,3456.314,0,1544.587,0,19.007,8270,14666,1.650,1.150,0.700,2,0,6.002,0,0,10,2,0,11,0
13-02 09:29:46,22.749,4.000,72.748,0.250,0.250,984480,1587332,169608,5068752,9393.774,1619.961,0,995.976,0,133.997,5460,8518,1.600,1.140,0.700,1,0,9.000,0,0,10,2,0,11,0
13-02 09:29:47,21.250,6.750,70.000,0,0,984228,1587332,169652,5068924,8145.007,1620.001,0,88.000,0,2.000,12397,22204,1.600,1.140,0.700,1,0,19.000,0,0,10,2,0,11,0
13-02 09:29:48,19.998,4.000,74.993,0,0,961052,1623432,169672,5057524,9104.203,131322.503,0,1211.894,0,12.999,1862,995,1.600,1.140,0.700,1,0,5.000,0,0,10,2,0,11,0
13-02 09:29:49,0.500,1.500,97.496,0,0,961044,1623432,169672,5057524,9364.616,1457.940,0,9563.608,0,41.998,691,722,1.600,1.140,0.700,0,0,0,0,0,10,2,0,11,0
13-02 09:29:50,0,0.500,99.165,0,0,959820,1624656,169672,5057524,7590.472,1618.608,0,0,0,0,431,524,1.600,1.140,0.700,0,0,0,0,0,10,2,0,10,0
13-02 09:29:51,0.751,0,98.822,0,0,956516,1627956,169672,5057528,9519.915,1621.178,0,0,0,0,530,605,1.470,1.130,0.700,0,0,1.001,0,0,10,2,0,10,0
13-02 09:29:52,0.500,0.750,98.255,0,0,953276,1631164,169672,5057560,7322.363,1620.080,0,8.000,0,1.000,569,591,1.470,1.130,0.700,0,0,0,0,0,10,2,0,10,0
13-02 09:29:53,0.750,0.250,98.487,0.250,0,947360,1637088,169672,5057560,6847.063,1619.778,0,1023.860,0,3.999,454,559,1.470,1.130,0.700,0,0,0,0,0,10,2,0,10,0
13-02 09:29:54,0,1.000,97.501,0,0,946908,1637540,169672,5057560,9815.067,1620.011,0,17756.122,0,88.001,762,790,1.470,1.130,0.700,0,0,0,0,0,10,2,0,9,0
13-02 09:29:55,0.250,0.250,99.021,0,0,943904,1640544,169672,5057560,7307.517,1620.336,0,0,0,0,421,522,1.470,1.130,0.700,0,0,0,0,0,10,2,0,9,0
13-02 09:29:56,0.500,0.500,98.724,0,0,939948,1644500,169672,5057560,40481.484,1457.621,0,0,0,0,512,556,1.350,1.110,0.690,1,0,0,0,0,10,2,0,9,0
13-02 09:29:57,0.250,0.500,98.768,0,0,927660,1656788,169672,5057560,9680.737,1620.291,0,0,0,0,500,554,1.350,1.110,0.690,0,0,0,0,0,10,2,0,9,0
13-02 09:29:58,0.750,0,98.747,0,0,919596,1664852,169672,5057560,10535.718,1619.957,0,2775.926,0,18.000,492,560,1.350,1.110,0.690,0,0,0,0,0,10,2,0,9,0
13-02 09:29:59,0,1.000,97.770,0.500,0,912536,1671912,169672,5057560,10166.078,1620.331,0,20144.118,0,609.125,672,640,1.350,1.110,0.690,0,0,0,0,0,10,2,0,9,0
13-02 09:30:00,0.750,0,98.738,0,0,902908,1681540,169672,5057560,7235.130,1619.805,0,1159.861,0,87.989,459,549,1.350,1.110,0.690,0,0,0,0,0,10,2,0,9,0
13-02 09:30:01,0.750,0.750,98.245,0.250,0,903284,1681540,169676,5057544,5332.741,1619.921,0,379.982,0,12.999,592,1005,1.240,1.090,0.690,0,0,1.000,0,0,10,2,0,9,0
13-02 09:30:02,0.250,0,98.500,0,0,899040,1685784,169676,5057544,11182.052,1620.008,0,0,0,0,490,544,1.240,1.090,0.690,0,0,0,0,0,10,2,0,9,0
13-02 09:30:03,0,0.500,99.013,0,0,895764,1689060,169676,5057544,7751.989,1620.207,0,0,0,0,443,541,1.240,1.090,0.690,0,0,0,0,0,10,2,0,9,0
13-02 09:30:04,0.500,0.500,98.728,0,0,892920,1691900,169676,5057548,10048.787,1457.679,0,1743.616,0,2.999,490,555,1.240,1.090,0.690,0,0,0,0,0,10,2,0,9,0
13-02 09:30:05,0.250,0,98.757,0,0,890460,1694360,169676,5057548,6803.453,1620.108,0,4.000,0,1.000,445,539,1.240,1.090,0.690,0,0,0,0,0,10,2,0,9,0
13-02 09:30:06,0.250,0.250,99.007,0,0.250,888032,1696788,169676,5057548,9266.641,1620.112,0,96.007,0,4.000,479,546,1.220,1.090,0.690,0,0,0,0,0,10,2,0,9,0
13-02 09:30:07,0.500,0,98.739,0,0,888032,1696788,169676,5057548,7691.162,1619.823,0,0,0,0,468,539,1.220,1.090,0.690,0,0,0,0,0,10,2,0,9,0
13-02 09:30:08,0.750,0.250,98.763,0,0,885908,1698912,169676,5057548,11530.544,1620.217,0,0,0,0,442,541,1.220,1.090,0.690,0,0,0,0,0,10,2,0,9,0
13-02 09:30:09,0,0.250,98.757,0,0,884256,1700564,169676,5057548,7108.481,1620.110,0,0,0,0,433,559,1.220,1.090,0.690,0,0,0,0,0,10,2,0,9,0
13-02 09:30:10,0.500,3.750,94.243,0.750,0,871372,1713448,169676,5057548,9398.265,1619.873,0,58619.417,0,280.978,1295,1203,1.220,1.090,0.690,0,0,0,0,0,10,2,0,9,0
13-02 09:30:11,0.500,0,98.493,0,0,871728,1713092,169676,5057548,7209.501,1619.888,0,4.000,0,1.000,495,608,1.200,1.080,0.690,0,0,1.000,0,0,10,2,0,9,0
13-02 09:30:12,0.250,0.750,98.747,0,0,871728,1713092,169676,5057548,9975.682,1619.948,0,1243.960,0,3.000,515,575,1.200,1.080,0.690,1,0,0,0,0,10,2,0,9,0
13-02 09:30:13,0.250,0,99.265,0,0,871728,1713092,169676,5057548,8655.266,1458.213,0,0,0,0,448,543,1.200,1.080,0.690,0,0,0,0,0,10,2,0,9,0
13-02 09:30:14,0.500,0.250,98.747,0,0,871728,1713092,169676,5057548,10171.658,1619.946,0,0,0,0,499,547,1.200,1.080,0.690,0,0,0,0,0,10,2,0,9,0
13-02 09:30:15,0.250,1.750,97.241,0,0,871728,1713092,169676,5057548,8151.278,1619.857,0,31245.234,0,101.991,766,771,1.200,1.080,0.690,0,0,0,0,0,10,2,0,9,0
13-02 09:30:16,0.250,0.250,98.766,0,0,871728,1713092,169676,5057548,5604.906,1620.262,0,144.023,0,27.004,458,563,1.110,1.070,0.690,0,0,0,0,0,10,2,0,9,0
13-02 09:30:17,1.000,1.000,97.482,0.250,0,873492,1711328,169676,5057548,5339.996,1619.695,0,535.899,0,4.999,682,729,1.110,1.070,0.690,0,0,2.000,0,0,10,2,0,9,0
13-02 09:30:18,0.250,0.250,98.512,0,0,873488,1711328,169676,5057552,10880.373,1620.204,0,0,0,0,490,529,1.110,1.070,0.690,0,0,0,0,0,10,2,0,4,0
13-02 09:30:19,7.261,1.252,90.892,0,0,886080,1698728,169676,5057560,141814.052,3733.846,0,0,0,0,1081,841,1.110,1.070,0.690,1,0,4.006,0,0,10,2,0,4,0
13-02 09:30:20,15.727,3.245,80.383,0,0,886420,1698292,169676,5057656,292030.624,9823.657,0,91.866,0,2.996,2270,1316,1.110,1.070,0.690,2,0,20.969,0,0,10,2,0,4,0
13-02 09:30:21,13.751,4.000,80.256,0.750,0,893964,1690720,169680,5057680,300825.649,12610.908,108.008,256.018,5.000,36.003,2454,1506,1.100,1.070,0.690,1,0,23.002,0,0,10,2,0,4,0
