"pcp-dstat 6.2.0 CSV Output"
"Author:","PCP team <pcp@groups.io> and Dag Wieers <dag@wieers.com>",,,,"URL:","https://pcp.io/ and http://dag.wieers.com/home-made/dstat/"
"Host:","np0000094141",,,,"User:","ubuntu"
"Cmdline:","dstat -tcmndrylpg --tcp --output /tmp/devstack_logs/dstat-csv.log",,,,"Date:","20 May 2026 08:57:49 UTC"
"system","total usage",,,,,"memory usage",,,,"net/total",,"dsk/total",,"io/total",,"system",,"load avg",,,"procs",,,"paging",,"tcp sockets",,,,
"time","total usage:usr","total usage:sys","total usage:idl","total usage:wai","total usage:stl","used","free","buf","cach","net/total:recv","net/total:send","dsk/total:read","dsk/total:writ","read","writ","int","csw","1m","5m","15m","run","blk","new","in","out","lis","act","syn","tim","clo"
20-05 08:57:49,,1033584,1632956,159360,4997612,,,,,,,1.820,1.280,0.740,4,0,,,,10,6,0,17,0
20-05 08:57:50,26.941,20.455,50.640,0.249,0,1050432,1615816,159380,4997812,18368.019,7647.354,0,1620.473,0,124.729,5045,2945,1.820,1.280,0.740,3,0,222.516,0,0,10,5,0,17,1
20-05 08:57:51,22.165,19.924,54.790,0.747,0,1058260,1607520,159508,4998048,45163.235,11376.481,0,1362.787,0,44.829,4878,2895,1.820,1.280,0.740,3,0,209.200,0,0,10,4,0,17,2
20-05 08:57:52,27.647,20.107,50.266,0.251,0,1050684,1614660,159608,4998320,29389.750,7583.187,0,1053.583,0,35.186,4702,2674,1.820,1.280,0.740,2,0,177.943,0,0,10,4,0,17,2
20-05 08:57:53,28.631,22.905,46.557,0.498,0,1044636,1603696,159696,5015500,176116.781,6817.694,0,1234.873,0,30.872,4881,3257,1.830,1.290,0.750,5,0,201.165,0,0,10,4,0,10,2
20-05 08:57:54,44.148,20.569,33.863,0.753,0,1025520,1609496,160528,5025108,10888.393,541.811,0,1605.366,0,71.238,5297,21308,1.830,1.290,0.750,2,0,163.547,0,0,10,4,0,11,2
20-05 08:57:55,40.545,16.666,41.042,0.249,0,1025164,1591556,161020,5040892,6680.159,537.278,0,1313.347,0,32.834,4870,3761,1.830,1.290,0.750,6,0,130.340,0,0,10,4,0,11,2
20-05 08:57:56,42.189,17.579,38.925,0.502,0,1051176,1544360,161512,5059772,9311.812,542.436,0,1567.036,0,54.244,6011,6136,1.830,1.290,0.750,3,0,160.722,0,0,10,4,0,11,2
20-05 08:57:57,38.994,15.248,41.994,2.250,0,1033456,1540804,162456,5077392,6595.036,539.921,1011.852,2943.570,37.994,115.983,5478,5491,1.830,1.290,0.750,2,0,113.983,0,0,10,4,0,11,2
20-05 08:57:58,30.753,11.001,56.505,1.000,0,1028308,1523180,163408,5096832,8441.715,540.046,0,11837.002,0,76.006,2810,1504,1.930,1.320,0.760,0,1,12.001,0,0,10,4,0,11,2
20-05 08:57:59,22.289,2.755,74.379,0.501,0,1005896,1558004,163724,5083664,6610.433,1021.767,0,777.344,0,32.055,1828,1149,1.930,1.320,0.760,1,0,2.003,0,0,10,2,0,11,0
20-05 08:58:00,22.462,2.995,73.125,0,0,1053996,1509876,163744,5083672,6236.357,485.172,0,107.816,0,2.995,1760,941,1.930,1.320,0.760,1,0,17.969,0,0,10,2,0,11,0
20-05 08:58:01,18.498,3.000,77.992,0.250,0,1049448,1509300,163764,5088228,13530.640,2823.716,0,1663.833,0,9.999,1602,782,1.930,1.320,0.760,1,0,15.998,0,0,10,2,0,11,0
20-05 08:58:02,22.502,3.250,73.505,0,0,1034236,1523164,163784,5089396,9390.662,540.038,0,1072.076,0,94.007,1798,981,1.930,1.320,0.760,1,0,3.000,0,0,10,2,0,11,0
20-05 08:58:03,17.248,2.750,78.991,0.250,0,1038764,1512072,164152,5094436,15372.337,3654.605,0,1315.858,0,17.998,1666,983,1.770,1.300,0.760,1,0,17.998,0,0,10,2,0,11,0
20-05 08:58:04,21.746,5.999,70.236,0,0,1037744,1512372,164204,5094936,8018.348,539.889,0,87.982,0,1.000,11169,20134,1.770,1.300,0.760,1,0,11.998,0,0,10,2,0,11,0
20-05 08:58:05,22.013,7.254,68.540,0,0,1041616,1508340,164248,5095036,5769.340,540.313,0,15020.695,0,74.043,11590,20589,1.770,1.300,0.760,1,0,13.008,0,0,10,2,0,11,0
20-05 08:58:06,20.485,4.747,73.448,0,0,998220,1564464,164304,5083752,7734.492,539.616,0,1259.103,0,12.991,1831,1040,1.770,1.300,0.760,1,0,7.994,0,0,10,2,0,11,0
20-05 08:58:07,9.504,1.501,88.288,0,0,955216,1607684,164304,5083676,10753.594,129879.487,0,4.002,0,1.000,1179,736,1.770,1.300,0.760,0,0,4.002,0,0,10,2,0,11,0
20-05 08:58:08,15.028,2.254,81.900,0,0,966880,1595888,164304,5083804,283091.727,8213.049,0,4.007,0,1.002,1681,1144,1.710,1.290,0.760,0,0,8.015,0,0,10,2,0,11,0
20-05 08:58:09,14.475,4.742,79.363,0.499,0,964440,1598216,164308,5083912,292248.694,12342.659,107.814,0,4.991,0,2466,1512,1.710,1.290,0.760,1,0,30.946,0,0,10,2,0,11,0
20-05 08:58:10,13.750,9.750,74.751,0,0,947456,1615048,164308,5084076,155880.329,5710.085,0,15164.227,0,82.001,2917,1704,1.710,1.290,0.760,1,0,34.001,0,0,10,2,0,9,0
