"pcp-dstat 6.2.0 CSV Output"
"Author:","PCP team <pcp@groups.io> and Dag Wieers <dag@wieers.com>",,,,"URL:","https://pcp.io/ and http://dag.wieers.com/home-made/dstat/"
"Host:","np0000094508",,,,"User:","ubuntu"
"Cmdline:","dstat -tcmndrylpg --tcp --output /tmp/devstack_logs/dstat-csv.log",,,,"Date:","29 Jun 2026 11:07:12 UTC"
"system","total usage",,,,,"memory usage",,,,"net/total",,"dsk/total",,"io/total",,"system",,"load avg",,,"procs",,,"paging",,"tcp sockets",,,,
"time","total usage:usr","total usage:sys","total usage:idl","total usage:wai","total usage:stl","used","free","buf","cach","net/total:recv","net/total:send","dsk/total:read","dsk/total:writ","read","writ","int","csw","1m","5m","15m","run","blk","new","in","out","lis","act","syn","tim","clo"
29-06 11:07:12,,1015324,1660156,164676,4982464,,,,,,,1.400,1.110,0.690,1,0,,,,10,5,0,13,1
29-06 11:07:13,27.328,20.124,50.433,0.497,0,1039840,1635240,164756,4982732,23498.349,8753.001,0,1033.506,0,29.813,5150,3124,1.400,1.110,0.690,3,0,239.495,0,0,10,4,0,13,2
29-06 11:07:14,24.738,20.490,52.475,0.500,0,1038900,1618676,164864,4999508,187440.706,14959.953,0,1551.269,0,41.980,5110,3014,1.400,1.110,0.690,3,0,208.902,0,0,10,4,0,13,2
29-06 11:07:15,31.565,22.797,43.589,0.501,0,1039400,1608100,165180,5008324,11518.581,1665.409,0,1082.216,0,47.096,5036,2853,1.400,1.110,0.690,3,0,194.398,0,0,10,4,0,11,2
29-06 11:07:16,34.150,21.936,41.877,0.748,0.249,1031192,1592544,166164,5028464,9213.988,1657.142,0,1914.388,0,58.828,5930,4970,1.450,1.130,0.700,11,0,193.433,0,0,10,4,0,11,2
29-06 11:07:17,37.660,17.708,44.394,0.249,0,1035760,1568980,166508,5044972,5775.151,1616.125,0,837.991,0,26.935,4357,2659,1.450,1.130,0.700,4,0,121.708,0,0,10,4,0,11,2
29-06 11:07:18,39.352,16.292,41.859,1.253,0,1027144,1561984,167400,5057732,7432.266,1624.210,0,2478.424,0,110.286,5356,5109,1.450,1.130,0.700,4,0,121.314,0,0,10,4,0,11,2
29-06 11:07:19,39.263,19.006,40.013,0.750,0,1021244,1539432,168412,5082276,11377.744,1620.533,0,3761.238,0,161.053,5926,6167,1.450,1.130,0.700,3,0,160.053,0,0,10,4,0,11,2
29-06 11:07:20,39.187,16.328,41.196,1.758,0.251,1054804,1509848,169184,5075844,20581.129,1947.284,799.813,2053.792,23.110,62.297,5685,5539,1.450,1.130,0.700,2,0,112.537,0,0,10,2,0,11,0
29-06 11:07:21,31.247,11.749,55.995,0.250,0,1046208,1518052,169204,5076080,10425.985,1619.842,215.979,31.997,14.999,3.000,2844,1245,1.410,1.130,0.700,2,0,33.997,0,0,10,2,0,11,0
29-06 11:07:22,17.006,2.251,79.278,0.250,0,1051464,1506668,169316,5081636,14953.222,4466.560,0,11051.860,0,102.036,1526,865,1.410,1.130,0.700,2,0,17.006,0,0,10,3,0,11,0
29-06 11:07:23,22.793,3.757,72.638,0.250,0,1037572,1519276,169408,5082480,11301.530,1797.424,0,364.695,0,33.063,5981,9623,1.410,1.130,0.700,2,0,7.013,0,0,10,2,0,11,0
29-06 11:07:24,22.419,4.484,71.491,0,0,1050852,1504776,169428,5083484,8543.019,1614.146,0,87.682,0,0.996,7905,13710,1.410,1.130,0.700,1,0,9.964,0,0,10,2,0,11,0
29-06 11:07:25,22.902,6.472,68.458,0,0,1064512,1491084,169428,5083512,5966.524,1451.801,0,0,0,0,10093,18518,1.410,1.130,0.700,2,0,11.949,0,0,10,2,0,11,0
29-06 11:07:26,20.998,4.250,73.743,0,0,1014644,1548944,169440,5076164,10306.049,1619.851,0,795.927,0,13.999,1868,1079,1.380,1.120,0.710,2,0,7.999,0,0,10,2,0,11,0
29-06 11:07:27,6.765,2.756,90.195,0,0,981240,1582440,169440,5076088,15223.935,132077.735,0,31800.797,0,634.372,1517,919,1.380,1.120,0.710,1,0,4.009,0,0,10,2,0,11,0
29-06 11:07:28,0.250,0.250,98.508,0,0,970292,1593388,169440,5076088,5390.456,648.055,0,0,0,0,427,549,1.380,1.120,0.710,1,0,0,0,0,10,2,0,10,0
29-06 11:07:29,0.749,0.250,99.065,0,0,959640,1604040,169440,5076088,10865.760,1616.988,0,3.993,0,0.998,504,570,1.380,1.120,0.710,1,0,0,0,0,10,2,0,10,0
29-06 11:07:30,0.501,0,98.678,0,0,949640,1614040,169440,5076088,8541.430,1622.932,0,40.072,0,1.002,470,578,1.380,1.120,0.710,1,0,0,0,0,10,2,0,10,0
29-06 11:07:31,0.500,0.500,98.747,0,0,940740,1622940,169440,5076088,12300.571,1457.949,0,0,0,0,504,570,1.270,1.100,0.700,1,0,0,0,0,10,2,0,10,0
29-06 11:07:32,0.250,1.750,96.501,0.250,0,932876,1630808,169444,5076088,23056.334,1620.023,0,20444.296,0,77.001,826,824,1.270,1.100,0.700,1,0,0,0,0,10,2,0,9,0
29-06 11:07:33,0.750,0.250,98.967,0.250,0,925932,1637748,169444,5076092,10209.639,1619.467,0,2259.256,0,13.995,456,566,1.270,1.100,0.700,1,0,0,0,0,10,2,0,9,0
29-06 11:07:34,0,0.250,98.561,0,0,920668,1643012,169444,5076092,15253.420,1621.001,0,0,0,0,594,614,1.270,1.100,0.700,1,0,1.001,0,0,10,2,0,9,0
29-06 11:07:35,0.750,0.750,98.748,0.250,0,916344,1647336,169444,5076092,12936.696,1619.962,0,463.989,0,68.998,549,605,1.270,1.100,0.700,1,0,0,0,0,10,2,0,9,0
29-06 11:07:36,0.250,0,98.989,0,0,912560,1651120,169444,5076092,6419.277,1619.818,0,0,0,0,414,546,1.170,1.090,0.700,1,0,0,0,0,10,2,0,9,0
29-06 11:07:37,7.779,4.768,85.820,0,0,922804,1640868,169452,5078960,12103.074,1463.450,0,20319.674,0,109.407,1820,6322,1.170,1.090,0.700,2,0,36.135,0,0,10,2,0,9,0
29-06 11:07:38,2.749,1.249,95.455,0,0,897264,1666408,169452,5076092,8265.127,1619.241,0,3.998,0,1.000,861,1987,1.170,1.090,0.700,0,0,0,0,0,10,2,0,10,0
29-06 11:07:39,0.250,0.500,99.004,0,0,893908,1669764,169452,5076092,10589.446,1620.068,0,0,0,0,510,564,1.170,1.090,0.700,0,0,0,0,0,10,2,0,10,0
29-06 11:07:40,0.500,0,98.770,0.250,0,891084,1672584,169452,5076096,7702.525,1458.289,0,880.174,0,117.023,476,578,1.170,1.090,0.700,1,0,0,0,0,10,2,0,9,0
29-06 11:07:41,0.248,0.248,98.360,0,0,889388,1674280,169452,5076096,7843.000,1609.534,0,3.974,0,0.994,460,566,1.070,1.070,0.690,1,0,0,0,0,10,2,0,9,0
29-06 11:07:42,0.251,0.501,98.471,0,0,887860,1675808,169460,5076088,12979.117,1461.278,0,793.781,0,4.009,508,558,1.070,1.070,0.690,1,0,0,0,0,10,2,0,9,0
29-06 11:07:43,0.251,0.251,99.422,0,0,886912,1676748,169460,5076096,10934.447,1626.911,0,0,0,0,469,533,1.070,1.070,0.690,0,0,0,0,0,10,2,0,9,0
29-06 11:07:44,0.250,0.250,98.492,0,0,885348,1678312,169460,5076096,24095.133,1619.874,0,7.999,0,1.000,535,586,1.070,1.070,0.690,0,0,1.000,0,0,10,2,0,9,0
29-06 11:07:45,0.500,0,98.746,0,0,885156,1678504,169460,5076096,11661.575,1457.947,0,0,0,0,467,537,1.070,1.070,0.690,1,0,0,0,0,10,2,0,9,0
29-06 11:07:46,0.250,0.250,98.741,0,0,883348,1680312,169460,5076096,10321.077,1619.855,0,0,0,0,466,534,0.990,1.050,0.690,0,0,0,0,0,10,2,0,9,0
29-06 11:07:47,0,2.500,96.751,0,0,881900,1681932,169460,5076096,10773.059,1620.009,0,32816.179,0,178.001,1004,1030,0.990,1.050,0.690,0,0,0,0,0,10,2,0,9,0
29-06 11:07:48,0.500,0.250,98.746,0,0,880036,1683840,169460,5076096,10007.565,1619.930,0,0,0,0,474,539,0.990,1.050,0.690,0,0,0,0,0,10,2,0,9,0
29-06 11:07:49,0.498,0.249,98.405,0,0,879904,1683972,169460,5076096,12349.758,1698.054,0,0,0,0,507,546,0.990,1.050,0.690,1,0,0,0,0,10,2,0,9,0
29-06 11:07:50,0.500,0.250,99.017,0,0,879876,1684000,169460,5076096,11014.916,1458.254,0,4.001,0,1.000,491,538,0.990,1.050,0.690,1,0,0,0,0,10,2,0,9,0
29-06 11:07:51,0.251,0.251,99.081,0,0,879876,1684000,169460,5076096,8590.712,1625.433,0,0,0,0,459,537,0.910,1.030,0.690,0,0,0,0,0,10,2,0,9,0
29-06 11:07:52,0.750,3.000,95.258,0.500,0,879588,1684288,169460,5076096,10441.858,1620.133,0,60212.947,0,254.021,1195,1084,0.910,1.030,0.690,0,0,0,0,0,10,2,0,9,0
29-06 11:07:53,0.249,0.249,98.658,0,0.249,879496,1684380,169460,5076096,8511.493,1614.403,0,3.986,0,0.997,480,542,0.910,1.030,0.690,1,0,0,0,0,10,2,0,9,0
29-06 11:07:54,0.500,0.500,98.754,0,0,879304,1684572,169460,5076096,10542.401,1620.062,0,0,0,0,559,590,0.910,1.030,0.690,1,0,1.000,0,0,10,2,0,9,0
29-06 11:07:55,0.500,0.250,98.499,0,0,879436,1684440,169460,5076096,20862.806,1619.985,0,159.999,0,28.000,490,564,0.910,1.030,0.690,1,0,0,0,0,10,2,0,9,0
29-06 11:07:56,0,0.250,98.759,0,0,879436,1684440,169460,5076096,7187.666,1620.150,0,4.000,0,1.000,460,548,0.830,1.020,0.680,1,0,0,0,0,10,2,0,8,0
29-06 11:07:57,0.750,0.500,98.996,0,0,879432,1684440,169460,5076100,5095.811,485.982,0,0,0,0,408,541,0.830,1.020,0.680,1,0,0,0,0,10,2,0,8,0
29-06 11:07:58,14.754,3.001,80.273,0,0,881800,1682072,169460,5076100,289255.052,10172.956,0,1004.292,0,5.001,2285,1344,0.830,1.020,0.680,2,0,23.007,0,0,10,2,0,8,0
29-06 11:07:59,15.954,4.986,77.526,0.249,0,885444,1678304,169464,5076220,294926.400,12499.949,107.689,7.977,4.986,1.994,2528,1485,0.830,1.020,0.680,1,0,20.940,0,0,10,2,0,8,0
29-06 11:08:00,13.525,11.271,74.640,0,0,874536,1688624,169464,5076820,154817.280,3879.299,0,0,0,0,3017,1606,0.830,1.020,0.680,2,0,40.075,0,0,10,2,0,4,0
