"pcp-dstat 6.2.0 CSV Output"
"Author:","PCP team <pcp@groups.io> and Dag Wieers <dag@wieers.com>",,,,"URL:","https://pcp.io/ and http://dag.wieers.com/home-made/dstat/"
"Host:","np0000093953",,,,"User:","ubuntu"
"Cmdline:","dstat -tcmndrylpg --tcp --output /tmp/devstack_logs/dstat-csv.log",,,,"Date:","14 Apr 2026 17:40:36 UTC"
"system","total usage",,,,,"memory usage",,,,"net/total",,"dsk/total",,"io/total",,"system",,"load avg",,,"procs",,,"paging",,"tcp sockets",,,,
"time","total usage:usr","total usage:sys","total usage:idl","total usage:wai","total usage:stl","used","free","buf","cach","net/total:recv","net/total:send","dsk/total:read","dsk/total:writ","read","writ","int","csw","1m","5m","15m","run","blk","new","in","out","lis","act","syn","tim","clo"
14-04 17:40:36,,983740,1695544,161232,4983012,,,,,,,1.240,0.950,0.630,3,0,,,,10,5,0,17,1
14-04 17:40:37,22.724,19.977,55.437,0.250,0,1016016,1662980,161304,4983176,50580.144,8725.020,0,815.068,0,24.971,5301,3521,1.240,0.950,0.630,1,0,264.697,0,0,10,5,0,17,1
14-04 17:40:38,23.513,21.512,53.280,0.250,0,1018044,1660488,161444,4983412,48436.267,10166.723,0,1244.701,0,41.023,5053,2975,1.240,0.950,0.630,2,0,221.124,0,0,10,4,0,17,2
14-04 17:40:39,24.244,20.995,53.237,0.750,0,1028200,1649904,161524,4983628,16725.972,7948.086,0,803.806,0,25.994,4622,2630,1.240,0.950,0.630,1,0,180.956,0,0,10,4,0,17,2
14-04 17:40:40,30.751,21.251,45.502,0.250,0,1046944,1614188,161640,5000252,182193.446,8028.284,0,1584.056,0,82.003,5438,4118,1.220,0.950,0.630,2,0,184.007,0,0,10,4,0,11,2
14-04 17:40:41,34.514,19.258,45.018,0.750,0,1041768,1607288,162420,5009316,11353.641,1620.663,0,1596.653,0,65.027,4631,2688,1.220,0.950,0.630,2,0,145.059,0,0,10,4,0,11,2
14-04 17:40:42,43.010,18.254,37.258,0.250,0,1062628,1572176,162844,5022052,6336.436,1620.367,0,1380.313,0,31.007,5335,6128,1.220,0.950,0.630,2,0,150.034,0,0,10,4,0,11,2
14-04 17:40:43,40.196,15.979,42.193,0.749,0,1080004,1531492,163264,5042512,8373.768,1617.830,535.282,1158.446,17.976,29.960,5573,5350,1.220,0.950,0.630,2,0,133.820,0,0,10,4,0,11,2
14-04 17:40:44,36.761,16.005,43.513,2.001,0,1087048,1505652,164356,5057264,10973.277,1458.436,476.142,8162.438,20.006,145.043,5123,4801,1.220,0.950,0.630,4,0,80.024,0,0,10,4,0,11,2
14-04 17:40:45,26.754,7.751,64.260,0.750,0,1071500,1491748,165400,5082940,11388.742,1620.248,0,7645.169,0,188.029,2674,1652,1.210,0.950,0.640,2,0,12.002,0,0,10,4,0,11,2
14-04 17:40:46,18.751,2.000,77.255,0.750,0,1033788,1543312,165692,5068960,19282.142,4413.261,0,18553.099,0,959.057,2000,1019,1.210,0.950,0.640,2,0,1.000,0,0,10,2,0,11,0
14-04 17:40:47,22.278,3.254,74.093,0,0,1055312,1521752,165712,5068976,8380.559,1622.044,0,8.010,0,2.003,1824,954,1.210,0.950,0.640,1,0,18.023,0,0,10,2,0,11,0
14-04 17:40:48,16.973,2.746,79.375,0.250,0,1039804,1532188,165864,5073400,19369.518,3897.866,0,1613.461,0,8.986,1566,860,1.210,0.950,0.640,2,0,16.973,0,0,10,2,0,11,0
14-04 17:40:49,22.006,2.501,74.271,0,0,1053844,1516632,165932,5074700,8638.414,1951.545,0,16.004,0,2.001,1871,1152,1.210,0.950,0.640,1,0,18.005,0,0,10,3,0,11,0
14-04 17:40:50,17.757,2.751,78.279,0,0,1043472,1520176,166452,5079784,16632.171,4243.574,0,1312.487,0,18.007,2586,2953,1.190,0.950,0.640,2,0,6.002,0,0,10,2,0,11,0
14-04 17:40:51,22.494,6.748,69.230,0,0,1037172,1525820,166520,5080244,8758.478,1661.522,0,14355.866,0,60.982,10936,19638,1.190,0.950,0.640,1,0,9.997,0,0,10,2,0,11,0
14-04 17:40:52,22.248,5.750,70.245,0,0,1032280,1530448,166568,5080408,10427.271,1619.887,0,83.994,0,1.000,12150,21994,1.190,0.950,0.640,1,0,15.999,0,0,10,2,0,11,0
14-04 17:40:53,21.044,4.760,74.155,0.251,0,998064,1577448,166576,5069056,10347.562,1717.579,0,1266.639,0,13.027,1774,965,1.190,0.950,0.640,1,0,4.008,0,0,10,2,0,11,0
14-04 17:40:54,6.485,1.247,90.546,0,0,966152,1609560,166576,5068980,16567.586,131006.157,0,3.991,0,0.998,1127,705,1.190,0.950,0.640,0,0,3.991,0,0,10,2,0,11,0
14-04 17:40:55,0.750,0.500,98.751,0,0,959928,1615780,166576,5068984,13187.187,1620.023,0,8.000,0,1.000,485,526,1.090,0.930,0.640,1,0,0,0,0,10,2,0,11,0
14-04 17:40:56,0,1.750,97.487,0,0,939800,1635896,166576,5068984,12048.380,1457.804,0,12598.306,0,65.991,812,790,1.090,0.930,0.640,1,0,0,0,0,10,2,0,9,0
14-04 17:40:57,1.000,0.500,98.244,0,0,935284,1640408,166576,5068988,11244.347,1619.906,0,2259.869,0,13.999,531,569,1.090,0.930,0.640,1,0,0,0,0,10,2,0,9,0
14-04 17:40:58,0.500,0.250,98.758,0,0,929796,1645900,166584,5068988,9209.703,1620.124,0,2700.206,0,72.005,498,549,1.090,0.930,0.640,1,0,0,0,0,10,2,0,9,0
14-04 17:40:59,0.500,0.250,98.503,0,0,924800,1650896,166584,5068988,10447.345,1620.054,0,8.000,0,2.000,493,549,1.090,0.930,0.640,1,0,0,0,0,10,2,0,9,0
14-04 17:41:00,0.750,0.500,98.988,0,0,921816,1653880,166584,5068988,12198.509,1619.802,0,0,0,0,494,516,1.010,0.920,0.630,1,0,0,0,0,10,2,0,9,0
14-04 17:41:01,0.250,2.000,96.500,0,0,916596,1659100,166584,5068988,9465.025,1620.004,0,26940.072,0,135.000,951,943,1.010,0.920,0.630,1,0,1.000,0,0,10,2,0,9,0
14-04 17:41:02,0.500,0,99.010,0,0,914188,1661508,166584,5068988,45958.777,1620.168,0,0,0,0,548,550,1.010,0.920,0.630,0,0,0,0,0,10,2,0,9,0
14-04 17:41:03,0.500,0.250,98.751,0,0,905844,1669852,166584,5068988,10089.130,1458.019,0,0,0,0,500,541,1.010,0.920,0.630,1,0,0,0,0,10,2,0,9,0
14-04 17:41:04,3.987,2.243,92.199,0,0,898244,1677452,166588,5069944,10290.413,1614.730,0,717.658,0,16.945,1076,3876,1.010,0.920,0.630,2,0,33.889,0,0,10,2,0,8,0
14-04 17:41:05,7.274,2.508,90.047,0,0,871480,1704216,166588,5068988,10182.561,1625.357,0,4.013,0,1.003,1380,2744,0.930,0.900,0.630,2,0,2.007,0,0,10,2,0,9,0
14-04 17:41:06,0.500,0,98.494,0,0,868188,1707508,166588,5068988,6474.635,1619.909,0,279.984,0,3.000,460,562,0.930,0.900,0.630,0,0,0,0,0,10,2,0,9,0
14-04 17:41:07,0.500,0.500,98.994,0,0,865812,1709884,166588,5068988,44061.481,1619.907,0,4.000,0,1.000,605,568,0.930,0.900,0.630,0,0,0,0,0,10,2,0,9,0
14-04 17:41:08,0.250,0.250,98.741,0,0,863488,1712208,166588,5068988,14546.738,1457.873,0,0,0,0,489,549,0.930,0.900,0.630,0,0,0,0,0,10,2,0,9,0
14-04 17:41:09,0.250,0.250,98.495,0.250,0,861420,1714272,166592,5068988,6119.697,1619.920,0,139.993,0,16.999,471,589,0.930,0.900,0.630,0,0,0,0,0,10,2,0,9,0
14-04 17:41:10,0.250,0.500,99.198,0,0,860392,1715300,166592,5068988,10570.421,1619.145,0,0,0,0,481,529,0.850,0.890,0.620,0,0,0,0,0,10,2,0,9,0
14-04 17:41:11,0.250,0.250,98.590,0,0,860644,1715048,166592,5068988,8003.342,1621.488,0,4.004,0,1.001,532,620,0.850,0.890,0.620,0,0,1.001,0,0,10,2,0,9,0
14-04 17:41:12,0.750,1.000,97.998,0,0,860604,1715084,166592,5068992,11641.766,1457.971,0,9795.803,0,58.999,686,730,0.850,0.890,0.620,1,0,0,0,0,10,2,0,9,0
14-04 17:41:13,0,0.250,98.483,0,0,860452,1715236,166592,5068992,14109.498,1619.713,0,7.999,0,1.000,533,546,0.850,0.890,0.620,0,0,0,0,0,10,2,0,9,0
14-04 17:41:14,0.500,0.250,99.005,0,0,860256,1715304,166592,5069120,8703.407,1620.076,0,308.014,0,2.000,492,577,0.850,0.890,0.620,0,0,0,0,0,10,2,0,9,0
14-04 17:41:15,0.750,0.500,98.743,0,0,860256,1715304,166592,5069120,13616.074,1457.901,0,91.994,0,13.999,552,548,0.780,0.870,0.620,0,0,0,0,0,10,2,0,9,0
14-04 17:41:16,0.500,0,98.992,0,0,860256,1715304,166592,5069120,9750.252,1619.876,0,0,0,0,474,540,0.780,0.870,0.620,0,0,0,0,0,10,2,0,9,0
14-04 17:41:17,0.250,4.250,94.004,0,0,860256,1715304,166592,5069120,9644.362,1620.061,0,77018.893,0,355.013,1405,1253,0.780,0.870,0.620,0,0,0,0,0,10,2,0,9,0
14-04 17:41:18,0.250,0.250,98.971,0,0,860240,1715304,166592,5069120,9619.207,1619.530,0,0,0,0,472,539,0.780,0.870,0.620,0,0,0,0,0,10,2,0,9,0
14-04 17:41:19,0.500,0.250,98.529,0.250,0,860248,1715304,166592,5069120,7036.045,1620.471,0,1200.349,0,4.001,496,573,0.780,0.870,0.620,0,0,0,0,0,10,2,0,9,0
14-04 17:41:20,0.250,0.250,99.004,0,0,860248,1715304,166592,5069120,15448.677,1620.071,0,88.004,0,14.001,547,549,0.720,0.860,0.620,0,0,0,0,0,10,2,0,9,0
14-04 17:41:21,0.250,0.500,98.262,0,0,860248,1715304,166592,5069120,13447.622,1620.195,0,0,0,0,593,606,0.720,0.860,0.620,0,0,1.000,0,0,10,2,0,8,0
14-04 17:41:22,0.750,0.500,99.482,0,0,860248,1715304,166592,5069120,6917.736,1457.734,0,0,0,0,473,570,0.720,0.860,0.620,0,0,0,0,0,10,2,0,8,0
14-04 17:41:23,0,0,98.246,0,0.250,860248,1715304,166592,5069120,11274.501,1661.926,0,4.000,0,1.000,494,545,0.720,0.860,0.620,0,0,0,0,0,10,2,0,8,0
14-04 17:41:24,0.750,0.500,98.491,0,0,860748,1714800,166592,5069124,6594.413,647.942,0,0,0,0,540,590,0.720,0.860,0.620,0,0,0,0,0,10,2,0,8,0
14-04 17:41:25,15.003,3.501,80.767,0,0,869520,1706004,166596,5069156,289703.393,9549.958,0,32.007,0,3.001,2148,1292,0.660,0.840,0.610,1,0,19.004,0,0,10,2,0,4,0
14-04 17:41:26,14.995,4.248,78.972,0.250,0,887840,1687464,166608,5069364,292899.579,11208.004,107.962,235.916,4.998,29.989,2341,1429,0.660,0.840,0.610,2,0,19.993,0,0,10,2,0,4,0
14-04 17:41:27,13.008,10.006,76.046,0,0,899196,1676020,166616,5069444,155700.740,5767.509,0,88.054,0,2.001,2938,1592,0.660,0.840,0.610,1,0,38.023,0,0,10,2,0,4,0
