"pcp-dstat 6.2.0 CSV Output"
"Author:","PCP team <pcp@groups.io> and Dag Wieers <dag@wieers.com>",,,,"URL:","https://pcp.io/ and http://dag.wieers.com/home-made/dstat/"
"Host:","np0000093998",,,,"User:","ubuntu"
"Cmdline:","dstat -tcmndrylpg --tcp --output /tmp/devstack_logs/dstat-csv.log",,,,"Date:","17 Apr 2026 00:33:49 UTC"
"system","total usage",,,,,"memory usage",,,,"net/total",,"dsk/total",,"io/total",,"system",,"load avg",,,"procs",,,"paging",,"tcp sockets",,,,
"time","total usage:usr","total usage:sys","total usage:idl","total usage:wai","total usage:stl","used","free","buf","cach","net/total:recv","net/total:send","dsk/total:read","dsk/total:writ","read","writ","int","csw","1m","5m","15m","run","blk","new","in","out","lis","act","syn","tim","clo"
17-04 00:33:49,,1010960,1667600,161192,4984244,,,,,,,1.670,1.130,0.690,3,0,,,,10,4,0,17,0
17-04 00:33:50,24.926,19.443,53.342,0.748,0,1009336,1668724,161252,4984568,17947.942,6830.807,0,598.231,0,14.956,4827,3276,1.670,1.130,0.690,2,0,203.399,0,0,10,5,0,17,0
17-04 00:33:51,24.275,20.521,52.805,0.250,0,1020936,1656928,161324,4984652,27301.311,7640.923,0,684.710,0,21.022,4893,2819,1.670,1.130,0.690,1,0,214.222,0,0,10,6,0,17,0
17-04 00:33:52,18.267,20.770,58.555,0.250,0,1032556,1644836,161452,4984912,31176.548,9896.379,0,1193.131,0,35.033,4552,2685,1.670,1.130,0.690,2,0,187.177,0,0,10,6,0,17,0
17-04 00:33:53,24.981,22.483,50.211,0.250,0,1030272,1646680,161544,4985176,22267.787,9292.817,0,1195.076,0,37.971,4882,2821,1.700,1.150,0.700,3,0,194.849,0,0,10,5,0,11,1
17-04 00:33:54,35.000,16.250,47.250,0.500,0,1029900,1646724,161660,4985320,55624.586,9238.931,0,1075.992,0,33.000,4658,4510,1.700,1.150,0.700,2,0,114.999,0,0,10,4,0,11,2
17-04 00:33:55,26.264,21.261,50.527,0.500,0,1037944,1638184,161760,4986024,36666.272,9239.857,0,1180.621,0,37.019,5398,5047,1.700,1.150,0.700,2,0,190.100,0,0,10,4,0,11,2
17-04 00:33:56,39.625,11.962,46.852,0,0,1045864,1629880,161856,4985832,20243.999,8564.922,0,976.912,0,26.915,4414,4298,1.700,1.150,0.700,2,0,67.786,0,0,10,4,0,11,2
17-04 00:33:57,25.813,17.042,53.882,1.253,0,1061904,1596332,161944,5002604,178414.357,9708.800,653.602,1086.664,19.047,21.052,5899,6383,1.700,1.150,0.700,1,1,155.381,0,0,10,4,0,11,2
17-04 00:33:58,35.009,16.504,45.511,1.500,0,1052272,1592712,162724,5012880,42147.561,1620.406,360.090,10618.661,19.005,69.017,4346,3208,1.720,1.160,0.700,2,0,59.015,0,0,10,4,0,11,2
17-04 00:33:59,22.996,5.499,68.737,1.750,0,1034796,1591804,163232,5028740,10668.992,1619.695,0,16600.876,0,576.891,2462,2058,1.720,1.160,0.700,3,0,7.998,0,0,10,4,0,11,2
17-04 00:34:00,22.751,2.500,73.255,0.750,0,1057088,1548836,163716,5047548,7893.504,1620.103,0,1596.102,0,56.004,1999,1527,1.720,1.160,0.700,1,0,1.000,0,0,10,4,0,11,2
17-04 00:34:01,21.751,2.500,73.755,1.500,0,1042424,1547252,164632,5060452,10560.715,1620.110,0,2864.194,0,117.008,2221,1812,1.720,1.160,0.700,2,0,0,0,0,10,4,0,11,2
17-04 00:34:02,21.247,2.750,73.739,1.000,0,1043672,1515708,165808,5086760,10827.411,1457.786,0,2539.627,0,87.987,2049,1574,1.720,1.160,0.700,1,0,0,0,0,10,4,0,11,2
17-04 00:34:03,26.255,6.001,67.012,0.500,0,1036292,1538672,165936,5074480,10810.981,3591.658,0,564.103,0,22.004,2525,10945,1.670,1.160,0.710,5,0,38.007,0,0,11,3,0,11,0
17-04 00:34:04,21.489,4.997,72.713,0,0,1034544,1540372,165964,5071036,10604.576,1896.030,0,9175.307,0,56.971,2294,3248,1.670,1.160,0.710,1,0,32.983,0,0,10,3,0,12,0
17-04 00:34:05,17.756,2.501,78.026,1.250,0,1027960,1541992,166028,5075456,15204.982,3250.065,0,6682.189,0,47.015,1445,784,1.670,1.160,0.710,1,0,1.000,0,0,10,2,0,11,0
17-04 00:34:06,22.787,2.755,74.372,0,0,1033800,1534660,166052,5076760,10393.087,1664.737,0,0,0,0,1631,988,1.670,1.160,0.710,1,0,2.003,0,0,10,2,0,11,0
17-04 00:34:07,17.001,2.000,79.507,0,0,1041696,1525588,166052,5077900,17358.456,4493.377,0,448.038,0,7.001,1517,820,1.670,1.160,0.710,1,0,16.001,0,0,10,3,0,11,0
17-04 00:34:08,23.243,4.999,69.230,0.250,0,1008408,1553420,166436,5081844,10741.833,1793.471,0,771.772,0,11.996,8354,15300,1.610,1.160,0.710,2,0,5.998,0,0,10,2,0,11,0
17-04 00:34:09,22.649,5.475,71.430,0,0,972172,1589160,166508,5082204,14520.936,146047.604,0,87.607,0,1.991,2835,2801,1.610,1.160,0.710,1,0,8.960,0,0,10,2,0,10,0
17-04 00:34:10,22.871,7.540,67.608,0,0,968536,1592644,166516,5082332,6508.421,1465.752,0,9807.870,0,44.234,10178,18464,1.610,1.160,0.710,1,0,13.069,0,0,10,2,0,10,0
17-04 00:34:11,20.696,4.738,73.558,0,0,935304,1638284,166576,5071132,6074.118,1615.775,0,1970.847,0,12.966,1789,1043,1.610,1.160,0.710,1,0,7.979,0,0,10,2,0,10,0
17-04 00:34:12,4.749,0.500,93.973,0,0,923440,1650380,166576,5071076,10245.022,1457.576,0,3.999,0,1.000,858,691,1.610,1.160,0.710,0,0,3.999,0,0,10,2,0,10,0
17-04 00:34:13,0.500,0.500,98.554,0,0,921956,1651864,166576,5071076,10028.515,1620.891,0,8.004,0,2.001,466,550,1.480,1.140,0.700,0,0,0,0,0,10,2,0,9,0
17-04 00:34:14,0.250,0.250,98.880,0,0,918208,1655612,166576,5071076,12128.281,1618.036,0,0,0,0,524,562,1.480,1.140,0.700,0,0,0,0,0,10,2,0,9,0
17-04 00:34:15,0.501,0.501,98.364,0,0,913532,1660280,166576,5071076,12357.355,1621.884,0,11152.956,0,34.040,643,653,1.480,1.140,0.700,0,0,0,0,0,10,2,0,9,0
17-04 00:34:16,0.250,0.500,98.459,0.500,0,911656,1662152,166580,5071076,10917.458,1619.326,0,2950.772,0,15.993,543,581,1.480,1.140,0.700,1,0,0,0,0,10,2,0,9,0
17-04 00:34:17,0.250,0.500,98.795,0,0,909800,1664008,166580,5071076,9677.374,1458.659,0,2168.980,0,185.084,536,559,1.480,1.140,0.700,0,0,0,0,0,10,2,0,9,0
17-04 00:34:18,0.250,0.250,98.744,0,0,908364,1665444,166580,5071076,8705.469,1619.901,0,0,0,0,475,546,1.360,1.120,0.700,0,0,0,0,0,10,2,0,9,0
17-04 00:34:19,0.500,0.250,99.007,0,0,907104,1666700,166580,5071080,5941.446,1620.122,0,4.000,0,1.000,440,550,1.360,1.120,0.700,0,0,0,0,0,10,2,0,9,0
17-04 00:34:20,0.250,1.500,96.745,0,0,906372,1667432,166580,5071080,10132.481,1457.925,0,18987.028,0,108.994,890,867,1.360,1.120,0.700,0,0,1.000,0,0,10,2,0,9,0
17-04 00:34:21,0.500,0.250,98.754,0,0,906372,1667432,166580,5071080,10563.466,1620.071,0,8.000,0,1.000,506,552,1.360,1.120,0.700,0,0,0,0,0,10,2,0,9,0
17-04 00:34:22,0.500,0.500,98.744,0,0,906372,1667432,166580,5071080,9915.362,1619.896,0,459.970,0,2.000,513,567,1.360,1.120,0.700,0,0,0,0,0,10,2,0,9,0
17-04 00:34:23,0.500,0,98.992,0,0,902080,1671724,166580,5071080,10111.189,1457.883,0,0,0,0,458,520,1.260,1.100,0.700,0,0,0,0,0,10,2,0,9,0
17-04 00:34:24,0.250,0.250,98.755,0,0,898112,1675692,166580,5071080,45931.187,1620.077,0,0,0,0,547,557,1.260,1.100,0.700,0,0,0,0,0,10,2,0,9,0
17-04 00:34:25,0.500,0.250,99.016,0,0,894640,1679164,166580,5071080,11618.866,1620.260,0,4.001,0,1.000,489,548,1.260,1.100,0.700,0,0,0,0,0,10,2,0,9,0
17-04 00:34:26,0.250,0.500,98.755,0,0,891600,1682204,166580,5071080,8110.405,1458.073,0,0,0,0,433,557,1.260,1.100,0.700,1,0,0,0,0,10,2,0,9,0
17-04 00:34:27,0.250,0.500,99.002,0,0,888560,1685116,166580,5071208,10202.186,1620.030,0,28.001,0,3.000,489,553,1.260,1.100,0.700,2,0,0,0,0,10,2,0,9,0
17-04 00:34:28,0.500,0,98.491,0,0,882776,1690900,166580,5071208,43940.856,1619.847,0,0,0,0,529,555,1.150,1.080,0.690,0,0,0,0,0,10,2,0,9,0
17-04 00:34:29,0.250,0,98.980,0,0,880632,1693044,166580,5071208,5823.796,1619.665,0,0,0,0,424,541,1.150,1.080,0.690,0,0,0,0,0,10,2,0,9,0
17-04 00:34:30,0.250,1.000,97.974,0,0,877600,1696076,166580,5071208,10359.264,1619.572,0,6138.379,0,27.993,644,680,1.150,1.080,0.690,2,0,1.000,0,0,10,2,0,9,0
17-04 00:34:31,0.250,2.251,96.555,0.250,0,875040,1698636,166580,5071208,7891.513,1458.834,0,44185.271,0,230.132,955,947,1.150,1.080,0.690,1,0,0,0,0,10,2,0,9,0
17-04 00:34:32,0.250,0,98.494,0,0,875292,1698384,166580,5071208,12140.257,1619.901,0,735.955,0,2.000,503,563,1.150,1.080,0.690,0,0,0,0,0,10,2,0,9,0
17-04 00:34:33,0.500,0.250,98.987,0,0,875052,1698624,166580,5071208,8394.906,1619.789,0,3.999,0,1.000,465,530,1.060,1.060,0.690,0,0,0,0,0,10,2,0,9,0
17-04 00:34:34,0.500,0.250,98.739,0,0,875052,1698624,166580,5071208,6406.302,1619.824,0,0,0,0,453,555,1.060,1.060,0.690,0,0,0,0,0,10,2,0,8,0
17-04 00:34:35,0.500,0.250,98.991,0,0.250,875052,1698624,166580,5071208,12944.873,1619.859,0,0,0,0,474,526,1.060,1.060,0.690,1,0,0,0,0,10,2,0,8,0
17-04 00:34:36,0.750,2.251,96.530,0.250,0,875524,1698148,166580,5071212,8115.541,1458.457,0,38720.121,0,159.050,924,918,1.060,1.060,0.690,0,0,0,0,0,10,2,0,8,0
17-04 00:34:37,0.250,0.250,98.743,0,0,875524,1698148,166580,5071212,7166.524,1619.892,0,7.999,0,2.000,460,547,1.060,1.060,0.690,0,0,0,0,0,10,2,0,8,0
17-04 00:34:38,0.500,0.500,98.744,0.250,0,875536,1698128,166584,5071216,11659.327,1499.913,0,671.961,0,2.000,504,555,0.980,1.040,0.680,0,0,0,0,0,10,2,0,4,0
17-04 00:34:39,0.500,0.500,98.670,0,0,875940,1697724,166584,5071216,36071.705,1392.869,0,7.994,0,0.999,524,596,0.980,1.040,0.680,1,0,0.999,0,0,10,2,0,4,0
17-04 00:34:40,15.763,3.253,79.565,0,0,867364,1706300,166584,5071216,259604.004,8889.225,0,0,0,0,2233,1284,0.980,1.040,0.680,0,0,20.016,0,0,10,2,0,4,0
17-04 00:34:41,16.004,4.251,78.270,0.500,0,892548,1680912,166588,5071424,295426.134,11921.032,108.027,8.002,5.001,2.001,2354,1424,0.980,1.040,0.680,2,0,19.005,0,0,10,2,0,4,0
17-04 00:34:42,12.498,9.748,76.486,0,0,878136,1695288,166588,5071464,151073.396,4815.120,0,0,0,0,2802,1546,0.980,1.040,0.680,1,0,36.993,0,0,10,2,0,2,0
