"pcp-dstat 6.2.0 CSV Output"
"Author:","PCP team <pcp@groups.io> and Dag Wieers <dag@wieers.com>",,,,"URL:","https://pcp.io/ and http://dag.wieers.com/home-made/dstat/"
"Host:","np0000093910",,,,"User:","ubuntu"
"Cmdline:","dstat -tcmndrylpg --tcp --output /tmp/devstack_logs/dstat-csv.log",,,,"Date:","10 Apr 2026 16:18:53 UTC"
"system","total usage",,,,,"memory usage",,,,"net/total",,"dsk/total",,"io/total",,"system",,"load avg",,,"procs",,,"paging",,"tcp sockets",,,,
"time","total usage:usr","total usage:sys","total usage:idl","total usage:wai","total usage:stl","used","free","buf","cach","net/total:recv","net/total:send","dsk/total:read","dsk/total:writ","read","writ","int","csw","1m","5m","15m","run","blk","new","in","out","lis","act","syn","tim","clo"
10-04 16:18:53,,1048212,1624256,161884,4990164,,,,,,,1.850,1.200,0.710,2,0,,,,10,5,0,18,1
10-04 16:18:54,24.918,20.433,51.830,0.498,0,1083208,1588740,162004,4990468,17035.188,8965.626,0,1132.290,0,32.892,4962,3060,1.850,1.200,0.710,3,0,231.242,0,0,10,5,0,18,1
10-04 16:18:55,27.042,20.031,50.329,0.250,0.250,1086600,1585036,162100,4990608,19502.578,8888.937,0,841.319,0,25.039,4866,2772,1.850,1.200,0.710,2,0,210.330,0,0,10,5,0,18,1
10-04 16:18:56,24.493,20.494,52.235,0.500,0,1082396,1588704,162228,4990908,40489.559,10052.160,0,1403.603,0,45.987,4841,2807,1.850,1.200,0.710,2,0,191.946,0,0,10,4,0,12,2
10-04 16:18:57,28.735,20.489,48.474,0.250,0,1090528,1580132,162324,4991508,19898.453,8653.413,0,1091.421,0,30.984,5134,3409,1.860,1.220,0.720,5,0,199.894,0,0,10,4,0,12,2
10-04 16:18:58,34.475,18.736,45.217,0.500,0,1065140,1587012,162512,5008648,177058.687,6474.308,0,1390.992,0,40.970,4840,3569,1.860,1.220,0.720,4,0,132.904,0,0,10,4,0,12,2
10-04 16:18:59,40.300,15.770,42.303,0.501,0,1070956,1566564,163388,5020224,7278.046,1513.882,0,1085.349,0,45.056,5066,4253,1.860,1.220,0.720,2,0,128.159,0,0,10,4,0,12,2
10-04 16:19:00,41.245,18.248,38.496,0.500,0,1045028,1574460,163800,5035772,10171.833,1565.820,0,1323.848,0,29.997,6179,6502,1.860,1.220,0.720,3,0,146.983,0,0,10,4,0,12,2
10-04 16:19:01,35.515,12.755,42.018,9.004,0,1053732,1539236,164664,5059060,9205.867,1512.635,652.274,11828.968,19.008,487.205,5324,5520,1.860,1.220,0.720,2,1,85.036,0,0,10,4,0,12,2
10-04 16:19:02,33.649,14.457,48.604,1.994,0,1048592,1513432,165792,5085656,6172.467,1561.312,358.922,12494.485,18.943,93.719,3733,2114,1.870,1.230,0.730,2,0,49.850,0,0,10,4,0,12,2
10-04 16:19:03,21.060,5.766,72.457,0.752,0,1056136,1512816,166436,5076924,18620.136,4184.943,0,1728.934,0,60.172,2213,1395,1.870,1.230,0.730,1,0,14.040,0,0,10,2,0,12,1
10-04 16:19:04,22.496,2.999,73.737,0,0,1062380,1507020,166456,5076528,8963.399,1835.672,0,19.996,0,2.000,1919,997,1.870,1.230,0.730,1,0,19.996,0,0,10,2,0,12,0
10-04 16:19:05,18.752,2.500,78.260,0,0,1056600,1508652,166488,5080472,12016.500,3796.474,0,348.043,0,4.000,1558,795,1.870,1.230,0.730,1,0,16.002,0,0,10,3,0,12,0
10-04 16:19:06,22.462,3.993,72.626,0,0,1046752,1516200,166552,5082252,10272.400,1683.116,0,15138.064,0,74.872,1945,1127,1.870,1.230,0.730,1,0,14.974,0,0,10,2,0,12,0
10-04 16:19:07,17.258,2.251,79.536,0.500,0,1040448,1515984,166924,5087184,51169.390,4683.141,0,2693.231,0,113.052,1684,907,1.800,1.230,0.730,1,0,6.003,0,0,10,2,0,12,0
10-04 16:19:08,22.535,5.509,70.109,0,0,1035996,1519660,166976,5087796,9796.224,1622.522,0,84.131,0,1.002,7609,14421,1.800,1.230,0.730,1,0,12.019,0,0,10,2,0,12,0
10-04 16:19:09,22.498,6.749,68.494,0,0,1031032,1524420,167020,5087920,9406.191,1511.870,0,83.993,0,1.000,10783,19293,1.800,1.230,0.730,1,0,12.999,0,0,10,2,0,12,0
10-04 16:19:10,20.244,5.249,73.979,0.250,0,1025800,1542128,167068,5076660,5659.426,1565.565,0,723.799,0,10.997,1906,1058,1.800,1.230,0.730,1,0,11.997,0,0,10,2,0,12,0
10-04 16:19:11,4.249,2.250,92.980,0,0,1011936,1556216,167068,5076564,14636.920,131398.352,0,9641.971,0,40.991,1164,840,1.800,1.230,0.730,1,0,0,0,0,10,2,0,12,0
10-04 16:19:12,0.250,0.250,98.755,0,0,1007612,1560540,167068,5076564,8088.432,1458.078,0,0,0,0,476,542,1.660,1.210,0.720,0,0,0,0,0,10,2,0,10,0
10-04 16:19:13,0.500,0.250,98.742,0,0,994852,1573296,167068,5076568,8400.306,1619.866,0,811.933,0,126.990,515,561,1.660,1.210,0.720,0,0,0,0,0,10,2,0,10,0
10-04 16:19:14,0.500,0.500,97.777,0,0,988208,1579948,167080,5076556,11004.006,1512.413,0,3424.936,0,27.007,696,1053,1.660,1.210,0.720,0,0,1.000,0,0,10,2,0,10,0
10-04 16:19:15,0.250,0.250,99.021,0,0,975040,1593116,167080,5076556,7468.602,1566.336,0,0,0,0,481,556,1.660,1.210,0.720,0,0,0,0,0,10,2,0,10,0
10-04 16:19:16,0.250,1.750,96.981,0,0,962576,1605580,167080,5076556,10375.957,1619.681,0,23163.439,0,138.973,889,911,1.660,1.210,0.720,1,0,0,0,0,10,2,0,10,0
10-04 16:19:17,0.500,0.250,99.245,0,0.250,950348,1617812,167080,5076556,9264.548,1511.926,0,115.994,0,21.999,541,575,1.520,1.190,0.720,0,0,0,0,0,10,2,0,10,0
10-04 16:19:18,0.500,0.500,98.746,0,0,939424,1628736,167080,5076556,6120.757,1619.936,0,8.000,0,1.000,433,526,1.520,1.190,0.720,0,0,0,0,0,10,2,0,10,0
10-04 16:19:19,0.250,0,98.777,0,0,926444,1641716,167080,5076556,9521.566,1620.437,0,616.166,0,5.001,536,589,1.520,1.190,0.720,0,0,0,0,0,10,2,0,10,0
10-04 16:19:20,0.500,0.500,98.752,0,0,916452,1651708,167080,5076556,8024.149,1566.029,0,0,0,0,458,544,1.520,1.190,0.720,0,0,0,0,0,10,2,0,10,0
10-04 16:19:21,0.250,0.250,98.479,0,0,909564,1658596,167080,5076556,9214.027,1619.653,0,6846.534,0,24.995,576,597,1.520,1.190,0.720,1,0,0,0,0,10,2,0,10,0
10-04 16:19:22,0.500,0.750,98.496,0,0,907084,1661076,167080,5076556,8046.688,1511.941,0,0,0,0,475,541,1.400,1.170,0.720,0,0,0,0,0,10,2,0,10,0
10-04 16:19:23,0.500,0,99.257,0,0,900840,1667320,167080,5076556,9237.660,1566.112,0,92.007,0,17.001,505,552,1.400,1.170,0.720,0,0,0,0,0,10,2,0,10,0
10-04 16:19:24,0.250,0.250,98.245,0.250,0,895680,1672476,167084,5076556,9682.489,1511.920,0,223.988,0,2.000,539,619,1.400,1.170,0.720,0,0,1.000,0,0,10,2,0,10,0
10-04 16:19:25,0,0.500,98.509,0,0,891772,1676384,167084,5076556,5741.552,1620.156,0,4.000,0,1.000,465,557,1.400,1.170,0.720,0,0,0,0,0,10,2,0,10,0
10-04 16:19:26,0.500,0.250,98.986,0,0,889020,1679136,167084,5076556,5810.154,1565.772,0,219.968,0,1.000,427,529,1.400,1.170,0.720,0,0,0,0,0,10,2,0,10,0
10-04 16:19:27,0.500,0.250,99.009,0,0,886608,1681548,167084,5076556,10050.890,1458.129,0,0,0,0,501,552,1.290,1.150,0.710,0,0,0,0,0,10,2,0,10,0
10-04 16:19:28,0.500,0.250,98.740,0,0,884604,1683552,167084,5076556,7496.208,1187.875,0,87.991,0,14.998,464,543,1.290,1.150,0.710,0,0,0,0,0,10,2,0,10,0
10-04 16:19:29,0,0.750,98.756,0,0,882436,1685720,167084,5076556,10605.592,1566.087,0,44.002,0,3.000,529,569,1.290,1.150,0.710,0,0,0,0,0,10,2,0,10,0
10-04 16:19:30,0.750,0,98.763,0,0,880656,1687368,167084,5076688,7311.994,1512.206,0,0,0,0,472,536,1.290,1.150,0.710,0,0,0,0,0,10,2,0,10,0
10-04 16:19:31,0,2.000,96.743,0,0,880644,1687380,167084,5076688,10143.314,1619.890,0,25722.259,0,137.991,862,854,1.290,1.150,0.710,1,0,0,0,0,10,2,0,10,0
10-04 16:19:32,0.500,2.000,97.245,0,0,880132,1687892,167084,5076688,8310.566,1565.918,0,37266.054,0,514.973,901,795,1.180,1.130,0.710,0,0,0,0,0,10,2,0,10,0
10-04 16:19:33,0.250,0,98.740,0,0,880132,1687892,167084,5076688,5724.395,1619.829,0,0,0,0,453,548,1.180,1.130,0.710,0,0,1.000,0,0,10,2,0,10,0
10-04 16:19:34,0.500,0.500,98.523,0,0,880132,1687892,167084,5076688,11426.719,1512.360,0,88.021,0,15.004,596,594,1.180,1.130,0.710,0,0,1.000,0,0,10,2,0,10,0
10-04 16:19:35,0.250,0.250,98.740,0,0,880128,1687892,167088,5076688,9517.052,1619.839,0,899.910,0,3.000,517,576,1.180,1.130,0.710,0,0,0,0,0,10,2,0,10,0
10-04 16:19:36,0.500,0.250,99.000,0,0,880128,1687892,167088,5076688,7649.961,1661.992,0,0,0,0,460,537,1.180,1.130,0.710,1,0,0,0,0,10,2,0,10,0
10-04 16:19:37,0.500,2.000,96.999,0,0,880380,1687640,167088,5076688,45775.548,1457.986,0,32715.677,0,127.999,919,841,1.090,1.110,0.700,0,0,0,0,0,10,2,0,9,0
10-04 16:19:38,0.250,0.500,98.498,0,0,880380,1687640,167088,5076688,11151.759,1619.965,0,0,0,0,486,529,1.090,1.110,0.700,0,0,0,0,0,10,2,0,9,0
10-04 16:19:39,0.250,0,99.005,0,0,880228,1687792,167088,5076688,9830.523,1566.083,0,0,0,0,516,556,1.090,1.110,0.700,0,0,0,0,0,10,2,0,9,0
10-04 16:19:40,1.000,0.250,98.756,0,0,880228,1687792,167088,5076688,10384.658,1512.096,0,620.039,0,18.001,523,556,1.090,1.110,0.700,0,0,0,0,0,10,2,0,9,0
10-04 16:19:41,0.749,0.998,97.557,0,0,880876,1687140,167088,5076692,138839.939,3469.152,0,7.984,0,1.996,730,718,1.090,1.110,0.700,1,0,2.994,0,0,10,2,0,4,0
10-04 16:19:42,15.005,3.251,81.026,0,0,861404,1706612,167088,5076692,154342.822,7012.218,0,96.030,0,3.001,2089,1170,1.080,1.110,0.710,1,0,20.006,0,0,10,2,0,4,0
10-04 16:19:43,16.053,3.762,78.507,1.003,0.251,881160,1686744,167092,5076800,299155.112,12125.727,108.355,12.039,5.016,3.010,2329,1413,1.080,1.110,0.710,0,0,21.069,0,0,10,2,0,4,0
