"pcp-dstat 6.2.0 CSV Output"
"Author:","PCP team <pcp@groups.io> and Dag Wieers <dag@wieers.com>",,,,"URL:","https://pcp.io/ and http://dag.wieers.com/home-made/dstat/"
"Host:","np0000094156",,,,"User:","ubuntu"
"Cmdline:","dstat -tcmndrylpg --tcp --output /tmp/devstack_logs/dstat-csv.log",,,,"Date:","27 May 2026 18:10:05 UTC"
"system","total usage",,,,,"memory usage",,,,"net/total",,"dsk/total",,"io/total",,"system",,"load avg",,,"procs",,,"paging",,"tcp sockets",,,,
"time","total usage:usr","total usage:sys","total usage:idl","total usage:wai","total usage:stl","used","free","buf","cach","net/total:recv","net/total:send","dsk/total:read","dsk/total:writ","read","writ","int","csw","1m","5m","15m","run","blk","new","in","out","lis","act","syn","tim","clo"
27-05 18:10:05,,1074564,1573500,163572,5011712,,,,,,,1.260,0.830,0.560,1,0,,,,10,5,0,17,1
27-05 18:10:06,27.710,19.972,50.178,0.999,0,1068248,1579364,163664,5011980,22112.475,9592.325,0,2484.458,0,194.722,5269,3096,1.260,0.830,0.560,5,0,226.677,0,0,10,4,0,17,2
27-05 18:10:07,25.489,20.491,52.226,0.500,0,1061348,1569272,163796,5028204,186674.894,13538.900,0,1487.330,0,39.982,5199,3077,1.320,0.850,0.570,3,0,214.903,0,0,10,4,0,17,2
27-05 18:10:08,30.986,21.990,44.730,0.750,0,1053044,1571148,164064,5033524,8996.945,1457.343,0,1487.330,0,57.974,4979,2983,1.320,0.850,0.570,2,0,199.910,0,0,10,4,0,17,2
27-05 18:10:09,34.532,22.771,41.788,0,0,1049864,1563496,164728,5042276,10003.205,1621.492,0,1064.980,0,22.020,5143,4487,1.320,0.850,0.570,2,0,202.186,0,0,10,4,0,15,2
27-05 18:10:10,34.951,18.224,45.436,0.250,0,1020796,1577580,165052,5055316,8828.498,1455.938,0,922.693,0,33.952,4961,3143,1.320,0.850,0.570,3,0,176.750,0,0,10,4,0,15,2
27-05 18:10:11,45.789,15.013,37.782,0.500,0,1014628,1563200,165528,5073420,9136.688,1621.364,0,1685.418,0,55.046,4766,5506,1.320,0.850,0.570,5,1,138.116,0,0,10,4,0,15,2
27-05 18:10:12,56.612,19.539,19.038,5.010,0,1058684,1502212,166432,5086976,22648.815,3091.116,1034.046,3114.162,40.079,108.214,6798,7042,1.530,0.900,0.590,4,0,250.496,0,0,10,6,0,15,2
27-05 18:10:13,45.904,17.464,34.428,0.998,0,1051548,1479784,167540,5112616,10536.978,2844.056,0,13048.729,0,93.804,5127,3944,1.530,0.900,0.590,3,0,173.637,0,0,10,4,1,13,2
27-05 18:10:14,46.012,4.501,48.513,0,0,1112564,1433092,167744,5097800,5735.502,2174.569,0,688.180,0,22.006,2848,1184,1.530,0.900,0.590,3,0,19.005,0,0,10,2,1,13,0
27-05 18:10:15,37.002,8.500,53.252,0.500,0,1118512,1541748,167824,4986160,16858.788,4635.217,0,9724.455,0,144.007,3018,1490,1.530,0.900,0.590,3,0,38.002,0,0,10,3,1,13,0
27-05 18:10:16,43.595,7.015,48.856,0.251,0,1133796,1404096,168140,5104256,7091.425,1872.072,16.035,1270.764,1.002,12.026,5142,5858,1.530,0.900,0.590,4,0,11.024,0,0,10,2,1,13,0
27-05 18:10:17,40.892,10.472,45.131,1.247,0,1136460,1399532,168196,5105904,10608.922,1731.418,634.321,91.757,13.963,1.995,11183,17624,1.570,0.920,0.590,4,0,104.723,0,0,10,2,1,13,0
27-05 18:10:18,42.748,8.000,47.997,0,0,1135844,1400004,168232,5105928,6976.612,1531.915,0,15043.163,0,75.996,10427,17811,1.570,0.920,0.590,3,0,16.999,0,0,10,2,1,13,0
27-05 18:10:19,20.501,4.750,74.004,0.250,0,1098360,1445476,168288,5098580,9063.497,1620.089,0,1644.090,0,13.001,1840,1037,1.570,0.920,0.590,2,0,8.000,0,0,10,2,1,13,0
27-05 18:10:20,7.251,1.250,91.008,0,0,1070360,1473568,168288,5098504,10938.964,131379.577,0,44.004,0,2.000,1112,744,1.570,0.920,0.590,1,0,5.000,0,0,10,2,1,13,0
27-05 18:10:21,0.500,0.250,98.740,0,0,1065900,1478028,168288,5098504,6005.369,1619.830,0,0,0,0,517,646,1.570,0.920,0.590,0,0,1.000,0,0,10,2,1,13,0
27-05 18:10:22,0.250,2.250,97.007,0,0,1051460,1492468,168288,5098504,6421.455,1620.115,0,106559.548,0,101.007,569,584,1.440,0.900,0.590,0,0,0,0,0,10,2,1,13,0
27-05 18:10:23,0.250,2.000,97.237,0,0,1039064,1504856,168288,5098504,10046.624,1619.778,0,13482.153,0,71.990,787,799,1.440,0.900,0.590,0,0,0,0,0,10,2,1,13,0
27-05 18:10:24,0.500,1.250,97.268,0,0,1028224,1515692,168288,5098504,10148.870,1532.282,0,23248.283,0,183.034,790,797,1.440,0.900,0.590,0,0,0,0,0,10,2,1,13,0
27-05 18:10:25,0.500,0,98.991,0,0,1018508,1525424,168288,5098504,11743.912,1661.846,0,0,0,0,516,547,1.440,0.900,0.590,0,0,0,0,0,10,2,1,12,0
27-05 18:10:26,0.250,0.750,98.745,0,0,1002968,1540960,168288,5098508,7385.600,1619.912,0,2259.878,0,13.999,484,568,1.440,0.900,0.590,0,0,0,0,0,10,2,1,12,0
27-05 18:10:27,1.250,1.500,96.482,0,0,974444,1569484,168288,5098508,10762.987,1457.727,0,8910.333,0,9.998,741,666,1.330,0.890,0.590,0,0,5.999,0,0,10,2,1,12,0
27-05 18:10:28,0.250,0.250,98.465,0,0,963448,1580480,168288,5098508,6777.609,1619.429,0,0,0,0,469,552,1.330,0.890,0.590,0,0,0,0,0,10,2,1,12,0
27-05 18:10:29,1.000,5.750,92.497,0.250,0,951632,1592292,168292,5098508,6095.791,1619.945,0,107228.328,0,1041.964,1852,1525,1.330,0.890,0.590,0,0,0,0,0,10,2,1,11,0
27-05 18:10:30,0.250,0.500,99.030,0,0,943992,1599804,168292,5098636,6085.815,1620.483,0,0,0,0,457,542,1.330,0.890,0.590,0,0,0,0,0,10,2,1,11,0
27-05 18:10:31,0.500,0.250,98.438,0,0,941484,1602308,168292,5098640,9995.701,1618.980,0,0,0,0,586,622,1.330,0.890,0.590,0,0,0.999,0,0,10,2,1,11,0
27-05 18:10:32,0.748,0,98.271,0,0,934468,1609324,168292,5098640,8903.227,1454.606,0,0,0,0,494,556,1.220,0.870,0.580,0,0,0,0,0,10,2,1,11,0
27-05 18:10:33,0.251,0.502,99.081,0,0,928252,1615540,168292,5098640,10119.788,1699.675,0,8.027,0,1.003,531,561,1.220,0.870,0.580,0,0,0,0,0,10,2,1,11,0
27-05 18:10:34,0.750,0.500,98.489,0,0,920752,1623256,168292,5098640,6607.232,1619.812,0,155.982,0,19.998,504,575,1.220,0.870,0.580,0,0,0,0,0,10,2,1,11,0
27-05 18:10:35,0.250,0.250,98.998,0,0,915804,1628204,168292,5098640,10126.811,1619.970,0,4.000,0,1.000,494,543,1.220,0.870,0.580,0,0,0,0,0,10,2,1,11,0
27-05 18:10:36,0.500,0.500,98.769,0,0,911880,1632128,168292,5098640,8789.699,1620.313,0,0,0,0,475,565,1.220,0.870,0.580,0,0,0,0,0,10,2,1,11,0
27-05 18:10:37,0,0.250,98.700,0,0,910096,1633912,168292,5098640,6589.634,1457.256,0,0,0,0,463,562,1.120,0.860,0.580,0,0,0,0,0,10,2,1,11,0
27-05 18:10:38,0.750,0,98.755,0,0,909872,1634136,168292,5098640,9062.430,1620.077,0,0,0,0,474,548,1.120,0.860,0.580,0,0,0,0,0,10,2,1,11,0
27-05 18:10:39,0.250,0.250,99.027,0,0,909872,1634136,168292,5098640,10417.815,1620.438,0,0,0,0,495,561,1.120,0.860,0.580,0,0,0,0,0,10,2,1,11,0
27-05 18:10:40,0.500,0.500,98.462,0,0,909816,1634192,168292,5098640,5427.897,1619.373,0,131.949,0,17.993,452,558,1.120,0.860,0.580,0,0,0,0,0,10,2,1,11,0
27-05 18:10:41,0.250,0.500,99.045,0,0,909816,1634192,168292,5098640,9118.180,1620.743,0,4.002,0,1.000,552,637,1.120,0.860,0.580,0,0,1.000,0,0,10,2,1,11,0
27-05 18:10:42,0.500,0,98.471,0,0,909760,1634248,168292,5098640,8501.506,1619.525,0,0,0,0,471,544,1.030,0.840,0.580,1,0,0,0,0,10,2,1,11,0
27-05 18:10:43,0.500,0.500,99.015,0,0,909760,1634248,168292,5098640,9924.469,1532.227,0,0,0,0,517,561,1.030,0.840,0.580,0,0,0,0,0,10,2,1,11,0
27-05 18:10:44,0.250,0.250,98.490,0,0,909760,1634248,168292,5098640,8039.222,1693.836,0,0,0,0,478,553,1.030,0.840,0.580,0,0,0,0,0,10,2,1,11,0
27-05 18:10:45,0.750,0.250,99.256,0,0,909760,1634248,168292,5098640,6397.360,1694.095,0,132.007,0,16.001,483,571,1.030,0.840,0.580,0,0,0,0,0,10,2,1,11,0
27-05 18:10:46,0,0.250,98.220,0,0,909760,1634248,168292,5098640,9599.039,1693.478,0,0,0,0,495,555,1.030,0.840,0.580,0,0,0,0,0,10,2,1,11,0
27-05 18:10:47,0.250,0.750,99.276,0,0,909760,1634248,168292,5098640,8028.077,1694.438,0,4.001,0,1.000,473,564,0.950,0.830,0.570,0,0,0,0,0,10,2,1,11,0
27-05 18:10:48,0.750,0.250,98.750,0,0,909760,1634248,168292,5098640,5200.982,1693.994,0,0,0,0,438,548,0.950,0.830,0.570,0,0,0,0,0,10,2,1,11,0
27-05 18:10:49,0,0.250,98.504,0,0,909756,1634248,168292,5098644,10885.452,1620.067,0,0,0,0,509,568,0.950,0.830,0.570,0,0,0,0,0,10,2,1,10,0
27-05 18:10:50,0.500,0.250,99.003,0,0,909756,1634248,168296,5098640,4931.168,560.019,0,32.001,0,2.000,434,548,0.950,0.830,0.570,0,0,0,0,0,10,2,1,10,0
27-05 18:10:51,15.502,4.250,79.759,0,0,931840,1612160,168296,5098644,287800.838,10213.165,0,100.011,0,14.002,2375,1411,0.950,0.830,0.570,1,0,24.003,0,0,10,2,1,10,0
27-05 18:10:52,16.247,3.999,78.485,0.750,0,934752,1609136,168300,5098752,296440.876,12533.627,107.980,3.999,4.999,1.000,2529,1468,0.950,0.830,0.580,0,0,20.996,0,0,10,2,1,10,0
27-05 18:10:53,15.251,11.000,73.253,0,0,926504,1615728,168300,5100408,149952.441,3926.169,0,4.000,0,1.000,3119,1664,0.950,0.830,0.580,1,0,42.002,0,0,10,2,1,10,0
