{0} setUpClass (tempest.api.compute.admin.test_live_migration.LiveAutoBlockMigrationV225Test) ... SKIPPED: Less than 2 compute nodes, skipping migration test.
{0} setUpClass (tempest.api.compute.admin.test_live_migration.LiveMigrationTest) ... SKIPPED: Less than 2 compute nodes, skipping migration test.
{0} setUpClass (tempest.api.compute.admin.test_live_migration.LiveMigrationWithoutHostTest) ... SKIPPED: Less than 2 compute nodes, skipping migration test.
{0} setUpClass (tempest.api.compute.servers.test_server_rescue.ServerBootFromVolumeStableRescueTest) ... SKIPPED: Stable rescue not available.
{0} setUpClass (tempest.api.compute.servers.test_server_rescue.ServerStableDeviceRescueTest) ... SKIPPED: Stable rescue not available.
{0} tempest.api.compute.volumes.test_volume_snapshots.VolumesSnapshotsTestJSON.test_volume_snapshot_create_get_list_delete [5.523878s] ... ok
{0} tempest.api.compute.volumes.test_volumes_get.VolumesGetTestJSON.test_volume_create_get_delete [2.027938s] ... ok
{0} tempest.api.compute.volumes.test_volumes_list.VolumesTestJSON.test_volume_list [0.140994s] ... ok
{0} tempest.api.compute.volumes.test_volumes_list.VolumesTestJSON.test_volume_list_param_limit [0.135129s] ... ok
{0} tempest.api.compute.volumes.test_volumes_list.VolumesTestJSON.test_volume_list_param_offset_and_limit [0.177013s] ... ok
{0} tempest.api.compute.volumes.test_volumes_list.VolumesTestJSON.test_volume_list_with_detail_param_limit [0.092087s] ... ok
{0} tempest.api.compute.volumes.test_volumes_list.VolumesTestJSON.test_volume_list_with_detail_param_offset_and_limit [0.177480s] ... ok
{0} tempest.api.compute.volumes.test_volumes_list.VolumesTestJSON.test_volume_list_with_details [0.089969s] ... ok
{0} tempest.api.compute.volumes.test_volumes_negative.VolumesNegativeTest.test_create_volume_with_invalid_size [0.188870s] ... ok
{0} tempest.api.compute.volumes.test_volumes_negative.VolumesNegativeTest.test_create_volume_with_size_zero [0.023963s] ... ok
{0} tempest.api.compute.volumes.test_volumes_negative.VolumesNegativeTest.test_create_volume_without_passing_size [0.015345s] ... ok
{0} tempest.api.compute.volumes.test_volumes_negative.VolumesNegativeTest.test_delete_invalid_volume_id [0.047284s] ... ok
{0} tempest.api.compute.volumes.test_volumes_negative.VolumesNegativeTest.test_delete_volume_without_passing_volume_id [0.011029s] ... ok
{0} tempest.api.compute.volumes.test_volumes_negative.VolumesNegativeTest.test_get_volume_without_passing_volume_id [0.009072s] ... ok
{0} tempest.api.compute.volumes.test_volumes_negative.VolumesNegativeTest.test_volume_delete_nonexistent_volume_id [0.050404s] ... ok
{0} tempest.api.compute.volumes.test_volumes_negative.VolumesNegativeTest.test_volume_get_nonexistent_volume_id [0.054591s] ... ok
{0} tempest.api.volume.admin.test_backends_capabilities.BackendsCapabilitiesAdminTestsJSON.test_compare_volume_stats_values [1.635475s] ... ok
{0} tempest.api.volume.admin.test_backends_capabilities.BackendsCapabilitiesAdminTestsJSON.test_get_capabilities_backend [0.537181s] ... ok
{0} setUpClass (tempest.api.volume.admin.test_encrypted_volumes_extend.EncryptedVolumesExtendAttachedTest) ... SKIPPED: Attached encrypted volume extend is disabled.
{0} tempest.api.volume.admin.test_group_snapshots.GroupSnapshotsTest.test_create_group_from_group_snapshot [10.612799s] ... ok
{0} tempest.api.volume.admin.test_group_snapshots.GroupSnapshotsTest.test_delete_group_snapshots_following_updated_volumes [13.968426s] ... ok
{0} tempest.api.volume.admin.test_group_snapshots.GroupSnapshotsTest.test_group_snapshot_create_show_list_delete [7.415893s] ... ok
{0} tempest.api.volume.admin.test_group_snapshots.GroupSnapshotsV319Test.test_reset_group_snapshot_status [7.729499s] ... ok
{0} tempest.api.volume.admin.test_group_type_specs.GroupTypeSpecsTest.test_group_type_specs_create_show_update_list_delete [0.685972s] ... ok
{0} tempest.api.volume.admin.test_group_types.GroupTypesTest.test_group_type_create_list_update_show_delete [0.391192s] ... ok
{0} tempest.api.volume.admin.test_group_types.GroupTypesTest.test_group_type_list_by_optional_params [0.343666s] ... ok
{0} tempest.api.volume.admin.test_groups.GroupsTest.test_group_create_show_list_delete [7.608654s] ... ok
{0} tempest.api.volume.admin.test_groups.GroupsTest.test_group_update [8.645113s] ... ok
{0} tempest.api.volume.admin.test_groups.GroupsV314Test.test_create_group_from_group [9.758470s] ... ok
{0} tempest.api.volume.admin.test_groups.GroupsV320Test.test_reset_group_status [3.336853s] ... ok
{0} tempest.api.volume.admin.test_multi_backend.VolumeMultiBackendTest.test_backend_name_distinction [0.148346s] ... ok
{0} tempest.api.volume.admin.test_multi_backend.VolumeMultiBackendTest.test_backend_name_distinction_with_prefix [0.146853s] ... ok
{0} tempest.api.volume.admin.test_multi_backend.VolumeMultiBackendTest.test_backend_name_reporting [0.187139s] ... ok
{0} tempest.api.volume.admin.test_multi_backend.VolumeMultiBackendTest.test_backend_name_reporting_with_prefix [0.176024s] ... ok
{0} tempest.api.volume.admin.test_qos.QosSpecsTestJSON.test_associate_disassociate_qos [0.995100s] ... ok
{0} tempest.api.volume.admin.test_qos.QosSpecsTestJSON.test_create_delete_qos_with_back_end_consumer [0.220066s] ... ok
{0} tempest.api.volume.admin.test_qos.QosSpecsTestJSON.test_create_delete_qos_with_both_consumer [0.202015s] ... ok
{0} tempest.api.volume.admin.test_qos.QosSpecsTestJSON.test_create_delete_qos_with_front_end_consumer [0.185107s] ... ok
{0} tempest.api.volume.admin.test_qos.QosSpecsTestJSON.test_get_qos [0.027806s] ... ok
{0} tempest.api.volume.admin.test_qos.QosSpecsTestJSON.test_list_qos [0.023057s] ... ok
{0} tempest.api.volume.admin.test_qos.QosSpecsTestJSON.test_set_unset_qos_key [0.194569s] ... ok
{0} tempest.api.volume.admin.test_snapshots_actions.SnapshotsActionsTest.test_reset_snapshot_status [0.297226s] ... ok
{0} tempest.api.volume.admin.test_snapshots_actions.SnapshotsActionsTest.test_snapshot_force_delete_when_snapshot_is_creating [2.579985s] ... ok
{0} tempest.api.volume.admin.test_snapshots_actions.SnapshotsActionsTest.test_snapshot_force_delete_when_snapshot_is_deleting [2.705882s] ... ok
{0} tempest.api.volume.admin.test_snapshots_actions.SnapshotsActionsTest.test_snapshot_force_delete_when_snapshot_is_error [2.701397s] ... ok
{0} tempest.api.volume.admin.test_snapshots_actions.SnapshotsActionsTest.test_snapshot_force_delete_when_snapshot_is_error_deleting [2.674454s] ... ok
{0} tempest.api.volume.admin.test_snapshots_actions.SnapshotsActionsTest.test_update_snapshot_status [0.300328s] ... ok
{0} tempest.api.volume.admin.test_user_messages.UserMessagesTest.test_delete_message [2.217993s] ... ok
{0} tempest.api.volume.admin.test_user_messages.UserMessagesTest.test_list_show_messages [1.977257s] ... ok
{0} tempest.api.volume.admin.test_volume_hosts.VolumeHostsAdminTestsJSON.test_list_hosts [0.177294s] ... ok
{0} tempest.api.volume.admin.test_volume_hosts.VolumeHostsAdminTestsJSON.test_show_host [0.289066s] ... ok
{0} setUpClass (tempest.api.volume.admin.test_volume_manage.VolumeManageAdminTest) ... SKIPPED: Manage volume tests are disabled
{0} tempest.api.volume.admin.test_volume_pools.VolumePoolsAdminTestsJSON.test_get_pools_with_details [0.679085s] ... ok
{0} tempest.api.volume.admin.test_volume_pools.VolumePoolsAdminTestsJSON.test_get_pools_without_details [0.526797s] ... ok
{0} tempest.api.volume.admin.test_volume_quota_classes.VolumeQuotaClassesTest.test_show_default_quota [0.193679s] ... ok
{0} tempest.api.volume.admin.test_volume_quota_classes.VolumeQuotaClassesTest.test_update_default_quota [1.131278s] ... ok
{0} tempest.api.volume.admin.test_volume_quotas.VolumeQuotasAdminTestJSON.test_delete_quota [0.487716s] ... ok
{0} tempest.api.volume.admin.test_volume_quotas.VolumeQuotasAdminTestJSON.test_list_default_quotas [0.051566s] ... ok
{0} tempest.api.volume.admin.test_volume_quotas.VolumeQuotasAdminTestJSON.test_list_quotas [0.058061s] ... ok
{0} tempest.api.volume.admin.test_volume_quotas.VolumeQuotasAdminTestJSON.test_quota_usage [3.040890s] ... ok
{0} tempest.api.volume.admin.test_volume_quotas.VolumeQuotasAdminTestJSON.test_quota_usage_after_volume_transfer [4.322901s] ... ok
{0} tempest.api.volume.admin.test_volume_quotas.VolumeQuotasAdminTestJSON.test_show_quota_usage [0.076839s] ... ok
{0} tempest.api.volume.admin.test_volume_quotas.VolumeQuotasAdminTestJSON.test_update_all_quota_resources_for_tenant [0.422599s] ... ok
{0} tempest.api.volume.admin.test_volume_quotas_negative.VolumeQuotasNegativeTestJSON.test_quota_volume_gigabytes [0.348758s] ... ok
{0} tempest.api.volume.admin.test_volume_quotas_negative.VolumeQuotasNegativeTestJSON.test_quota_volumes [0.328550s] ... ok
{0} tempest.api.volume.admin.test_volume_quotas_negative.VolumeQuotasNegativeTestJSON.test_volume_extend_gigabytes_quota_deviation [0.237360s] ... ok
{0} tempest.api.volume.admin.test_volume_retype.VolumeRetypeMultiattachTest.test_volume_retype_multiattach [6.264750s] ... ok
{0} tempest.api.volume.admin.test_volume_retype.VolumeRetypeWithoutMigrationTest.test_available_volume_retype [4.453300s] ... ok
{0} tempest.api.volume.admin.test_volume_services.VolumesServicesTestJSON.test_get_service_by_host_name [0.038514s] ... ok
{0} tempest.api.volume.admin.test_volume_services.VolumesServicesTestJSON.test_get_service_by_service_and_host_name [0.032893s] ... ok
{0} tempest.api.volume.admin.test_volume_services.VolumesServicesTestJSON.test_get_service_by_service_binary_name [0.027000s] ... ok
{0} tempest.api.volume.admin.test_volume_services.VolumesServicesTestJSON.test_get_service_by_volume_host_name [3.067721s] ... ok
{0} tempest.api.volume.admin.test_volume_services.VolumesServicesTestJSON.test_list_services [0.034919s] ... ok
{0} tempest.api.volume.admin.test_volume_services_negative.VolumeServicesNegativeTest.test_disable_log_reason_with_no_reason [0.021655s] ... ok
{0} tempest.api.volume.admin.test_volume_services_negative.VolumeServicesNegativeTest.test_disable_service_with_invalid_binary [0.033235s] ... ok
{0} tempest.api.volume.admin.test_volume_services_negative.VolumeServicesNegativeTest.test_enable_service_with_invalid_host [0.033259s] ... ok
{0} tempest.api.volume.admin.test_volume_services_negative.VolumeServicesNegativeTest.test_freeze_host_with_invalid_host [0.027894s] ... ok
{0} tempest.api.volume.admin.test_volume_services_negative.VolumeServicesNegativeTest.test_thaw_host_with_invalid_host [0.032975s] ... ok
{0} tempest.api.volume.admin.test_volume_snapshot_quotas_negative.VolumeSnapshotQuotasNegativeTestJSON.test_quota_volume_gigabytes_snapshots [0.383154s] ... ok
{0} tempest.api.volume.admin.test_volume_snapshot_quotas_negative.VolumeSnapshotQuotasNegativeTestJSON.test_quota_volume_snapshots [0.088733s] ... ok
{0} tempest.api.volume.admin.test_volume_type_access.VolumeTypesAccessTest.test_volume_type_access_add [3.255487s] ... ok
{0} tempest.api.volume.admin.test_volume_type_access.VolumeTypesAccessTest.test_volume_type_access_list [0.374324s] ... ok
{0} tempest.api.volume.admin.test_volume_types.VolumeTypesTest.test_volume_crud_with_volume_type_and_extra_specs [2.277876s] ... FAILED

Captured traceback:
~~~~~~~~~~~~~~~~~~~
    Traceback (most recent call last):

      File "/opt/stack/tempest/tempest/api/volume/admin/test_volume_types.py", line 56, in test_volume_crud_with_volume_type_and_extra_specs
    volume = self.create_volume(**params)
             ^^^^^^^^^^^^^^^^^^^^^^^^^^^^

      File "/opt/stack/tempest/tempest/api/volume/base.py", line 144, in create_volume
    waiters.wait_for_volume_resource_status(self.volumes_client,

      File "/opt/stack/tempest/tempest/common/waiters.py", line 379, in wait_for_volume_resource_status
    raise exceptions.VolumeResourceBuildErrorException(

    tempest.exceptions.VolumeResourceBuildErrorException: volume 1f45e35b-70e1-476b-aa5b-0472a4b02316 failed to build and is in ERROR status


Captured pythonlogging:
~~~~~~~~~~~~~~~~~~~~~~~
    2026-02-16 06:14:54,429 124322 INFO     [tempest.lib.common.rest_client] Request (VolumeTypesTest:test_volume_crud_with_volume_type_and_extra_specs): 200 POST http://10.132.44.205/volume/v3/types 0.118s
2026-02-16 06:14:54,429 124322 DEBUG    [tempest.lib.common.rest_client] Request - Headers: {'Content-Type': 'application/json', 'Accept': 'application/json', 'X-Auth-Token': '<omitted>'}
        Body: {"volume_type": {"name": "tempest-VolumeTypesTest-volume-type-1547039201", "extra_specs": {"storage_protocol": "NVMeTCP", "vendor_name": "Hewlett Packard Enterprise"}}}
    Response - Headers: {'date': 'Mon, 16 Feb 2026 06:14:54 GMT', 'server': 'Apache/2.4.58 (Ubuntu)', 'content-type': 'application/json', 'x-compute-request-id': 'req-08b38506-cca9-4f46-baba-877c14bbc058', 'content-length': '295', 'openstack-api-version': 'volume 3.0', 'vary': 'OpenStack-API-Version', 'x-openstack-request-id': 'req-08b38506-cca9-4f46-baba-877c14bbc058', 'connection': 'close', 'status': '200', 'content-location': 'http://10.132.44.205/volume/v3/types'}
        Body: b'{"volume_type": {"id": "62ae3517-7b39-4258-bd58-fa861851c879", "name": "tempest-VolumeTypesTest-volume-type-1547039201", "is_public": true, "extra_specs": {"storage_protocol": "NVMeTCP", "vendor_name": "Hewlett Packard Enterprise"}, "description": null, "os-volume-type-access:is_public": true}}'
2026-02-16 06:14:54,460 124322 INFO     [tempest.lib.common.rest_client] Request (VolumeTypesTest:test_volume_crud_with_volume_type_and_extra_specs): 200 POST http://10.132.44.205/volume/v3/types 0.029s
2026-02-16 06:14:54,461 124322 DEBUG    [tempest.lib.common.rest_client] Request - Headers: {'Content-Type': 'application/json', 'Accept': 'application/json', 'X-Auth-Token': '<omitted>'}
        Body: {"volume_type": {"name": "tempest-VolumeTypesTest-volume-type-1461580062", "extra_specs": {"storage_protocol": "NVMeTCP", "vendor_name": "Hewlett Packard Enterprise"}}}
    Response - Headers: {'date': 'Mon, 16 Feb 2026 06:14:54 GMT', 'server': 'Apache/2.4.58 (Ubuntu)', 'content-type': 'application/json', 'x-compute-request-id': 'req-9ff69c2b-a5d8-46df-95a3-98a397130bdc', 'content-length': '295', 'openstack-api-version': 'volume 3.0', 'vary': 'OpenStack-API-Version', 'x-openstack-request-id': 'req-9ff69c2b-a5d8-46df-95a3-98a397130bdc', 'connection': 'close', 'status': '200', 'content-location': 'http://10.132.44.205/volume/v3/types'}
        Body: b'{"volume_type": {"id": "5609a161-b8e7-422d-97cb-da44c84458ea", "name": "tempest-VolumeTypesTest-volume-type-1461580062", "is_public": true, "extra_specs": {"storage_protocol": "NVMeTCP", "vendor_name": "Hewlett Packard Enterprise"}, "description": null, "os-volume-type-access:is_public": true}}'
2026-02-16 06:14:54,891 124322 INFO     [tempest.lib.common.rest_client] Request (VolumeTypesTest:test_volume_crud_with_volume_type_and_extra_specs): 202 POST http://10.132.44.205/volume/v3/volumes 0.425s
2026-02-16 06:14:54,891 124322 DEBUG    [tempest.lib.common.rest_client] Request - Headers: {'Content-Type': 'application/json', 'Accept': 'application/json', 'X-Auth-Token': '<omitted>'}
        Body: {"volume": {"name": "tempest-VolumeTypesTest-volume-605853937", "volume_type": "62ae3517-7b39-4258-bd58-fa861851c879", "size": 1}}
    Response - Headers: {'date': 'Mon, 16 Feb 2026 06:14:54 GMT', 'server': 'Apache/2.4.58 (Ubuntu)', 'content-type': 'application/json', 'x-compute-request-id': 'req-bf9aea62-14b7-4a9a-b0b1-d23e8e836e74', 'content-length': '787', 'openstack-api-version': 'volume 3.0', 'vary': 'OpenStack-API-Version', 'x-openstack-request-id': 'req-bf9aea62-14b7-4a9a-b0b1-d23e8e836e74', 'connection': 'close', 'status': '202', 'content-location': 'http://10.132.44.205/volume/v3/volumes'}
        Body: b'{"volume": {"id": "1f45e35b-70e1-476b-aa5b-0472a4b02316", "status": "creating", "size": 1, "availability_zone": "nova", "created_at": "2026-02-16T06:14:54.806159", "updated_at": null, "name": "tempest-VolumeTypesTest-volume-605853937", "description": null, "volume_type": "tempest-VolumeTypesTest-volume-type-1547039201", "snapshot_id": null, "sou
    rce_volid": null, "metadata": {}, "links": [{"rel": "self", "href": "http://10.132.44.205/volume/v3/volumes/1f45e35b-70e1-476b-aa5b-0472a4b02316"}, {"rel": "bookmark", "href": "http://10.132.44.205/volume/volumes/1f45e35b-70e1-476b-aa5b-0472a4b02316"}], "user_id": "3f54dbee85b44f869df26824850e0651", "bootable": "false", "encrypted": false, "replication_status": null, "consistencygroup_id": null, "multiattach": false, "attachments": []}}'
2026-02-16 06:14:54,966 124322 INFO     [tempest.lib.common.rest_client] Request (VolumeTypesTest:test_volume_crud_with_volume_type_and_extra_specs): 200 GET http://10.132.44.205/volume/v3/volumes/1f45e35b-70e1-476b-aa5b-0472a4b02316 0.059s
2026-02-16 06:14:54,966 124322 DEBUG    [tempest.lib.common.rest_client] Request - Headers: {'Content-Type': 'application/json', 'Accept': 'application/json', 'X-Auth-Token': '<omitted>'}
        Body: None
    Response - Headers: {'date': 'Mon, 16 Feb 2026 06:14:54 GMT', 'server': 'Apache/2.4.58 (Ubuntu)', 'content-type': 'application/json', 'x-compute-request-id': 'req-339d6311-98c5-4b79-ba68-49bc2e4ee279', 'content-length': '855', 'openstack-api-version': 'volume 3.0', 'vary': 'OpenStack-API-Version', 'x-openstack-request-id': 'req-339d6311-98c5-4b79-ba68-49bc2e4ee279', 'connection': 'close', 'status': '200', 'content-location': 'http://10.132.44.205/volume/v3/volumes/1f45e35b-70e1-476b-aa5b-0472a4b02316'}
        Body: b'{"volume": {"id": "1f45e35b-70e1-476b-aa5b-0472a4b02316", "status": "creating", "size": 1, "availability_zone": "nova", "created_at": "2026-02-16T06:14:55.000000", "updated_at": null, "name": "tempest-VolumeTypesTest-volume-605853937", "description": null, "volume_type": "tempest-VolumeTypesTest-volume-type-1547039201", "snapshot_id": null, "source_volid": null, "metadata": {}, "links": [{"rel": "self", "href": "http://10.132.44.205/volume/v3/volumes/1f45e35b-70e1-476b-aa5b-0472a4b02316"}, {"rel": "bookmark", "href": "http://10.132.44.205/volume/volumes/1f45e35b-70e1-476b-aa5b-0472a4b02316"}], "user_id": "3f54dbee85b44f869df26824850e0651", "bootable": "false", "encrypted": false, "replication_status": null, "consistencygroup_id": null, "multiattach": false, "attachments": [], "os-vol-tenant-attr:tenant_id": "6148980141ce44a5adc5797892081cc9"}}'
2026-02-16 06:14:56,087 124322 INFO     [tempest.lib.common.rest_client] Request (VolumeTypesTest:test_volume_crud_with_volume_type_and_extra_specs): 200 GET http://10.132.44.205/volume/v3/volumes/1f45e35b-70e1-476b-aa5b-0472a4b02316 0.102s
2026-02-16 06:14:56,088 124322 DEBUG    [tempest.lib.common.rest_client] Request - Headers: {'Content-Type': 'application/json', 'Accept': 'application/json', 'X-Auth-Token': '<omitted>'}
        Body: None
    Response - Headers: {'date': 'Mon, 16 Feb 2026 06:14:55 GMT', 'server': 'Apache/2.4.58 (Ubuntu)', 'content-type': 'application/json', 'x-compute-request-id': 'req-088c88da-6b29-4aca-8776-1df2271b2fe3', 'content-length': '876', 'openstack-api-version': 'volume 3.0', 'vary': 'OpenStack-API-Version', 'x-openstack-request-id': 'req-088c88da-6b29-4aca-8776-1df2271b2fe3', 'connection': 'close', 'status': '200', 'content-location': 'http://10.132.44.205/volume/v3/volumes/1f45e35b-70e1-476b-aa5b-0472a4b02316'}
        Body: b'{"volume": {"id": "1f45e35b-70e1-476b-aa5b-0472a4b02316", "status": "error", "size": 1, "availability_zone": "nova", "created_at": "2026-02-16T06:14:55.000000", "updated_at": "2026-02-16T06:14:55.000000", "name": "tempest-VolumeTypesTest-volume-605853937", "description": null, "volume_type": "tempest-VolumeTypesTest-volume-type-1547039201", "snapshot_id": null, "source_volid": null, "metadata": {}, "links": [{"rel": "self", "href": "http://10.132.44.205/volume/v3/volumes/1f45e35b-70e1-476b-aa5b-0472a4b02316"}, {"rel": "bookmark", "href": "http://10.132.44.205/volume/volumes/1f45e35b-70e1-476b-aa5b-0472a4b02316"}], "user_id": "3f54dbee85b44f869df26824850e0651", "bootable": "false", "encrypted": false, "replication_status": null, "consistencygroup_id": null, "multiattach": false, "attachments": [], "os-vol-tenant-attr:tenant_id": "6148
    980141ce44a5adc5797892081cc9"}}'
2026-02-16 06:14:56,186 124322 INFO     [tempest.lib.common.rest_client] Request (VolumeTypesTest:_run_cleanups): 200 GET http://10.132.44.205/volume/v3/volumes/1f45e35b-70e1-476b-aa5b-0472a4b02316 0.071s
2026-02-16 06:14:56,187 124322 DEBUG    [tempest.lib.common.rest_client] Request - Headers: {'Content-Type': 'application/json', 'Accept': 'application/json', 'X-Auth-Token': '<omitted>'}
        Body: None
    Response - Headers: {'date': 'Mon, 16 Feb 2026 06:14:56 GMT', 'server': 'Apache/2.4.58 (Ubuntu)', 'content-type': 'application/json', 'x-compute-request-id': 'req-465b4581-1458-46f5-ae2e-ad60bd47a713', 'content-length': '876', 'openstack-api-version': 'volume 3.0', 'vary': 'OpenStack-API-Version', 'x-openstack-request-id': 'req-465b4581-1458-46f5-ae2e-ad60bd47a713', 'connection': 'close', 'status': '200', 'content-location': 'http://10.132.44.205/volume/v3/volumes/1f45e35b-70e1-476b-aa5b-0472a4b02316'}
        Body: b'{"volume": {"id": "1f45e35b-70e1-476b-aa5b-0472a4b02316", "status": "error", "size": 1, "availability_zone": "nova", "created_at": "2026-02-16T06:14:55.000000", "updated_at": "2026-02-16T06:14:55.000000", "name": "tempest-VolumeTypesTest-volume-605853937", "description": null, "volume_type": "tempest-VolumeTypesTest-volume-type-1547039201", "snapshot_id": null, "source_volid": null, "metadata": {}, "links": [{"rel": "self", "href": "http://10.132.44.205/volume/v3/volumes/1f45e35b-70e1-476b-aa5b-0472a4b02316"}, {"rel": "bookmark", "href": "http://10.132.44.205/volume/volumes/1f45e35b-70e1-476b-aa5b-0472a4b02316"}], "user_id": "3f54dbee85b44f869df26824850e0651", "bootable": "false", "encrypted": false, "replication_status": null, "consistencygroup_id": null, "multiattach": false, "attachments": [], "os-vol-tenant-attr:tenant_id": "6148980141ce44a5adc5797892081cc9"}}'
2026-02-16 06:14:56,324 124322 INFO     [tempest.lib.common.rest_client] Request (VolumeTypesTest:_run_cleanups): 202 DELETE http://10.132.44.205/volume/v3/volumes/1f45e35b-70e1-476b-aa5b-0472a4b02316 0.121s
2026-02-16 06:14:56,325 124322 DEBUG    [tempest.lib.common.rest_client] Request - Headers: {'Content-Type': 'application/json', 'Accept': 'application/json', 'X-Auth-Token': '<omitted>'}
        Body: None
    Response - Headers: {'date': 'Mon, 16 Feb 2026 06:14:56 GMT', 'server': 'Apache/2.4.58 (Ubuntu)', 'content-length': '0', 'content-type': 'text/html; charset=UTF-8', 'openstack-api-version': 'volume 3.0', 'vary': 'OpenStack-API-Version', 'x-openstack-request-id': 'req-eff268c4-7fcc-43bf-8681-043e1e674fd2', 'connection': 'close', 'status': '202', 'content-location': 'http://10.132.44.205/volume/v3/volumes/1f45e35b-70e1-476b-aa5b-0472a4b02316'}
        Body: b''
2026-02-16 06:14:56,356 124322 INFO     [tempest.lib.common.rest_client] Request (VolumeTypesTest:_run_cleanups): 404 GET http://10.132.44.205/volume/v3/volumes/1f45e35b-70e1-476b-aa5b-0472a4b02316 0.030s
2026-02-16 06:14:56,356 124322 DEBUG    [tempest.lib.common.rest_client] Request - Headers: {'Content-Type': 'application/json', 'Accept': 'application/json', 'X-Auth-Token': '<omitted>'}
        Body: None
    Response - Headers: {'date': 'Mon, 16 Feb 2026 06:14:56 GMT', 'server': 'Apache/2.4.58 (Ubuntu)', 'openstack-api-version': 'volume 3.0', 'vary': 'OpenStack-API-Version', 'content-length': '109', 'content-type': 'application/json', 'x-compute-request-id': 'req-acebf61a-3cd5-4057-866c-0c9f7c6eaf2c', 'x-openstack-request-id': 'req-acebf61a-3cd5-4057-866c-0c9f7c6eaf2c', 'connection': 'close', 'status': '404', 'content-location': 'http://10.132.44.205/volume/v3/volumes/1f45e35b-70e1-476b-aa5b-0472a4b02316'}
        Body: b'{"itemNotFound": {"code": 404, "message": "Volume 1f45e35b-70e1-476b-aa5b-0472a4b02316 could not be found."}}'
2026-02-16 06:14:56,449 124322 INFO     [tempest.lib.common.rest_client] Request (VolumeTypesTest:_run_cleanups): 202 DELETE http://10.132.44.205/volume/v3/types/5609a161-b8e7-422d-97cb-da44c84458ea 0.092s
2026-02-16 06:14:56,450 124322 DEBUG    [tempest.lib.common.rest_client] Request - Headers: {'Content-Typ
    e': 'application/json', 'Accept': 'application/json', 'X-Auth-Token': '<omitted>'}
        Body: None
    Response - Headers: {'date': 'Mon, 16 Feb 2026 06:14:56 GMT', 'server': 'Apache/2.4.58 (Ubuntu)', 'content-length': '0', 'content-type': 'text/html; charset=UTF-8', 'openstack-api-version': 'volume 3.0', 'vary': 'OpenStack-API-Version', 'x-openstack-request-id': 'req-046ab3fd-685b-464c-9ef4-6e0d1314ea28', 'connection': 'close', 'status': '202', 'content-location': 'http://10.132.44.205/volume/v3/types/5609a161-b8e7-422d-97cb-da44c84458ea'}
        Body: b''
2026-02-16 06:14:56,474 124322 INFO     [tempest.lib.common.rest_client] Request (VolumeTypesTest:_run_cleanups): 404 GET http://10.132.44.205/volume/v3/types/5609a161-b8e7-422d-97cb-da44c84458ea 0.023s
2026-02-16 06:14:56,475 124322 DEBUG    [tempest.lib.common.rest_client] Request - Headers: {'Content-Type': 'application/json', 'Accept': 'application/json', 'X-Auth-Token': '<omitted>'}
        Body: None
    Response - Headers: {'date': 'Mon, 16 Feb 2026 06:14:56 GMT', 'server': 'Apache/2.4.58 (Ubuntu)', 'openstack-api-version': 'volume 3.0', 'vary': 'OpenStack-API-Version', 'content-length': '114', 'content-type': 'application/json', 'x-compute-request-id': 'req-6fb6a3f3-55d0-4f42-850f-652218389a3b', 'x-openstack-request-id': 'req-6fb6a3f3-55d0-4f42-850f-652218389a3b', 'connection': 'close', 'status': '404', 'content-location': 'http://10.132.44.205/volume/v3/types/5609a161-b8e7-422d-97cb-da44c84458ea'}
        Body: b'{"itemNotFound": {"code": 404, "message": "Volume type 5609a161-b8e7-422d-97cb-da44c84458ea could not be found."}}'
2026-02-16 06:14:56,565 124322 INFO     [tempest.lib.common.rest_client] Request (VolumeTypesTest:_run_cleanups): 202 DELETE http://10.132.44.205/volume/v3/types/62ae3517-7b39-4258-bd58-fa861851c879 0.089s
2026-02-16 06:14:56,565 124322 DEBUG    [tempest.lib.common.rest_client] Request - Headers: {'Content-Type': 'application/json', 'Accept': 'application/json', 'X-Auth-Token': '<omitted>'}
        Body: None
    Response - Headers: {'date': 'Mon, 16 Feb 2026 06:14:56 GMT', 'server': 'Apache/2.4.58 (Ubuntu)', 'content-length': '0', 'content-type': 'text/html; charset=UTF-8', 'openstack-api-version': 'volume 3.0', 'vary': 'OpenStack-API-Version', 'x-openstack-request-id': 'req-d7c3f2d5-960d-4b67-b3fd-a641e791fe3c', 'connection': 'close', 'status': '202', 'content-location': 'http://10.132.44.205/volume/v3/types/62ae3517-7b39-4258-bd58-fa861851c879'}
        Body: b''
2026-02-16 06:14:56,586 124322 INFO     [tempest.lib.common.rest_client] Request (VolumeTypesTest:_run_cleanups): 404 GET http://10.132.44.205/volume/v3/types/62ae3517-7b39-4258-bd58-fa861851c879 0.020s
2026-02-16 06:14:56,587 124322 DEBUG    [tempest.lib.common.rest_client] Request - Headers: {'Content-Type': 'application/json', 'Accept': 'application/json', 'X-Auth-Token': '<omitted>'}
        Body: None
    Response - Headers: {'date': 'Mon, 16 Feb 2026 06:14:56 GMT', 'server': 'Apache/2.4.58 (Ubuntu)', 'openstack-api-version': 'volume 3.0', 'vary': 'OpenStack-API-Version', 'content-length': '114', 'content-type': 'application/json', 'x-compute-request-id': 'req-8eee3de9-1d81-4a70-86a1-1d1ae5c6dbe5', 'x-openstack-request-id': 'req-8eee3de9-1d81-4a70-86a1-1d1ae5c6dbe5', 'connection': 'close', 'status': '404', 'content-location': 'http://10.132.44.205/volume/v3/types/62ae3517-7b39-4258-bd58-fa861851c879'}
        Body: b'{"itemNotFound": {"code": 404, "message": "Volume type 62ae3517-7b39-4258-bd58-fa861851c879 could not be found."}}'

{0} tempest.api.volume.admin.test_volume_types.VolumeTypesTest.test_volume_type_create_get_delete [0.208257s] ... ok
{0} tempest.api.volume.admin.test_volume_types.VolumeTypesTest.test_volume_type_encryption_create_get_update_delete [0.595375s] ... ok
{0} tempest.api.volume.admin.test_volume_types.VolumeTypesTest.test_volume_type_list [0.061656s] ... ok
{0} tempest.api.volume.admin.test_volume_types.VolumeTypesTest.test_volume_type_update [0.311818s] ... ok
{0} tempest.api.volume.admin.test_volume_types_extra_specs.VolumeTypesExtraSpecsTest.test_volume_type_extra_spec_create_get_delete [0.420033s] ... ok
{0} tempest.api.volume.admin.test_volume_types_extra_specs.VolumeTypesExtraSpecsTest.test_volume_type_extra_specs_list [0.104625s] ... ok
{0} tempest.api.volume.admin.test_volume_types_extra_specs.VolumeTypesExtraSpecsTest.test_volume_type_extra_specs_update [0.325078s] ... ok
{0} tempest.api.volume.admin.test_volume_types_extra_specs_negative.ExtraSpecsNegativeTest.test_create_invalid_body [0.020986s] ... ok
{0} tempest.api.volume.admin.test_volume_types_extra_specs_negative.ExtraSpecsNegativeTest.test_create_none_body [0.019764s] ... ok
{0} tempest.api.volume.admin.test_volume_types_extra_specs_negative.ExtraSpecsNegativeTest.test_create_nonexistent_type_id [0.043198s] ... ok
{0} tempest.api.volume.admin.test_volume_types_extra_specs_negative.ExtraSpecsNegativeTest.test_delete_nonexistent_volume_type_id [0.189319s] ... ok
{0} tempest.api.volume.admin.test_volume_types_extra_specs_negative.ExtraSpecsNegativeTest.test_get_nonexistent_extra_spec_name [0.029527s] ... ok
{0} tempest.api.volume.admin.test_volume_types_extra_specs_negative.ExtraSpecsNegativeTest.test_get_nonexistent_volume_type_id [0.024811s] ... ok
{0} tempest.api.volume.admin.test_volume_types_extra_specs_negative.ExtraSpecsNegativeTest.test_list_nonexistent_volume_type_id [0.022749s] ... ok
{0} tempest.api.volume.admin.test_volume_types_extra_specs_negative.ExtraSpecsNegativeTest.test_update_multiple_extra_spec [0.019659s] ... ok
{0} tempest.api.volume.admin.test_volume_types_extra_specs_negative.ExtraSpecsNegativeTest.test_update_no_body [0.021449s] ... ok
{0} tempest.api.volume.admin.test_volume_types_extra_specs_negative.ExtraSpecsNegativeTest.test_update_none_extra_spec_id [0.045261s] ... ok
{0} tempest.api.volume.admin.test_volume_types_extra_specs_negative.ExtraSpecsNegativeTest.test_update_nonexistent_extra_spec_id [0.043836s] ... ok
{0} tempest.api.volume.admin.test_volume_types_extra_specs_negative.ExtraSpecsNegativeTest.test_update_nonexistent_type_id [0.043120s] ... ok
{0} tempest.api.volume.admin.test_volume_types_negative.VolumeTypesNegativeTest.test_create_volume_type_encryption_nonexistent_type_id [0.182637s] ... ok
{0} tempest.api.volume.admin.test_volume_types_negative.VolumeTypesNegativeTest.test_create_volume_with_private_volume_type [0.300316s] ... ok
{0} tempest.api.volume.admin.test_volume_types_negative.VolumeTypesNegativeTest.test_create_with_empty_name [0.019580s] ... ok
{0} tempest.api.volume.admin.test_volume_types_negative.VolumeTypesNegativeTest.test_create_with_repeated_name [0.181129s] ... ok
{0} tempest.api.volume.admin.test_volume_types_negative.VolumeTypesNegativeTest.test_delete_nonexistent_type_id [0.024108s] ... ok
{0} tempest.api.volume.admin.test_volume_types_negative.VolumeTypesNegativeTest.test_get_nonexistent_type_id [0.021161s] ... ok
{0} tempest.api.volume.admin.test_volumes_list.VolumesListAdminTestJSON.test_volume_list_param_tenant [1.673933s] ... ok
{0} tempest.api.volume.test_availability_zone.AvailabilityZoneTestJSON.test_get_availability_zone_list [0.149458s] ... ok
{0} tempest.api.volume.test_extensions.ExtensionsTestJSON.test_list_extensions [0.147875s] ... ok
{0} tempest.api.volume.test_snapshot_metadata.SnapshotMetadataTestJSON.test_crud_snapshot_metadata [0.431766s] ... ok
{0} tempest.api.volume.test_snapshot_metadata.SnapshotMetadataTestJSON.test_update_show_snapshot_metadata_item [0.357713s] ... ok
{0} tempest.api.volume.test_versions.VersionsTest.test_list_versions [0.014637s] ... ok
{0} tempest.api.volume.test_versions.VersionsTest.test_show_version [0.170038s] ... ok
{0} tempest.api.volume.test_volume_absolute_limits.AbsoluteLimitsTests.test_get_volume_absolute_limits [0.072890s] ... ok
{0} tempest.api.volume.test_volume_delete_cascade.VolumesDeleteCascade.test_volume_delete_cascade [6.616466s] ... ok
{0} tempest.api.volume.test_volume_delete_cascade.VolumesDeleteCascade.test_volume_from_snapshot_cascade_delete [10.289680s] ... ok
{0} tempest.api.volume.test_volume_metadata.VolumesMetadataTest.test_crud_volume_metadata [0.436821s] ... ok
{0} tempest.api.volume.test_volume_metadata.VolumesMetadataTest.test_update_show_volume_metadata_item [0.310265s] ... ok
{0} tempest.api.volume.test_volume_transfers.VolumesTransfersTest.test_create_get_list_accept_volume_transfer [4.538607s] ... ok
{0} tempest.api.volume.test_volume_transfers.VolumesTransfersTest.test_create_list_delete_volume_transfer [3.004223s] ... ok
{0} tempest.api.volume.test_volume_transfers.VolumesTransfersV355Test.test_create_get_list_accept_volume_transfer [4.473112s] ... ok
{0} tempest.api.volume.test_volume_transfers.VolumesTransfersV355Test.test_create_list_delete_volume_transfer [3.023254s] ... ok
{0} tempest.api.volume.test_volume_transfers.VolumesTransfersV357Test.test_create_get_list_accept_volume_transfer [4.367507s] ... ok
{0} tempest.api.volume.test_volume_transfers.VolumesTransfersV357Test.test_create_list_delete_volume_transfer [3.130421s] ... ok
{0} tempest.api.volume.test_volumes_clone.VolumesCloneTest.test_create_from_volume [5.749740s] ... ok
{0} tempest.api.volume.test_volumes_clone_negative.VolumesCloneNegativeTest.test_create_from_volume_decreasing_size [2.898689s] ... ok
{0} tempest.api.volume.test_volumes_get.VolumesGetTest.test_volume_create_get_update_delete [6.031050s] ... ok
{0} tempest.api.volume.test_volumes_get.VolumesGetTest.test_volume_create_get_update_delete_as_clone [9.721200s] ... ok
{0} tempest.api.volume.test_volumes_get.VolumesSummaryTest.test_show_volume_summary [0.162267s] ... ok
{0} tempest.api.volume.test_volumes_list.VolumesListTestJSON.test_volume_list [0.050822s] ... ok
{0} tempest.api.volume.test_volumes_list.VolumesListTestJSON.test_volume_list_by_name [0.087838s] ... ok
{0} tempest.api.volume.test_volumes_list.VolumesListTestJSON.test_volume_list_details_by_name [0.105943s] ... ok
{0} tempest.api.volume.test_volumes_list.VolumesListTestJSON.test_volume_list_details_pagination [0.396892s] ... ok
{0} tempest.api.volume.test_volumes_list.VolumesListTestJSON.test_volume_list_details_with_multiple_params [0.227655s] ... ok
{0} tempest.api.volume.test_volumes_list.VolumesListTestJSON.test_volume_list_pagination [0.220627s] ... ok
{0} tempest.api.volume.test_volumes_list.VolumesListTestJSON.test_volume_list_param_display_name_and_status [0.079140s] ... ok
{0} tempest.api.volume.test_volumes_list.VolumesListTestJSON.test_volume_list_with_detail_param_display_name_and_status [0.123967s] ... ok
{0} tempest.api.volume.test_volumes_list.VolumesListTestJSON.test_volume_list_with_detail_param_marker [0.132149s] ... ok
{0} tempest.api.volume.test_volumes_list.VolumesListTestJSON.test_volume_list_with_detail_param_metadata [0.119517s] ... ok
{0} tempest.api.volume.test_volumes_list.VolumesListTestJSON.test_volume_list_with_details [0.070691s] ... ok
{0} tempest.api.volume.test_volumes_list.VolumesListTestJSON.test_volume_list_with_param_metadata [0.051713s] ... ok
{0} tempest.api.volume.test_volumes_list.VolumesListTestJSON.test_volumes_list_by_availability_zone [0.157435s] ... ok
{0} tempest.api.volume.test_volumes_list.VolumesListTestJSON.test_volumes_list_by_bootable [0.177162s] ... ok
{0} tempest.api.volume.test_volumes_list.VolumesListTestJSON.test_volumes_list_by_status [0.174294s] ... ok
{0} tempest.api.volume.test_volumes_list.VolumesListTestJSON.test_volumes_list_details_by_availability_zone [0.076675s] ... ok
{0} tempest.api.volume.test_volumes_list.VolumesListTestJSON.test_volumes_list_details_by_bootable [0.070471s] ... ok
{0} tempest.api.volume.test_volumes_list.VolumesListTestJSON.test_volumes_list_details_by_status [0.075483s] ... ok
{0} tempest.api.volume.test_volumes_negative.VolumesNegativeTest.test_create_volume_from_deactivated_image [2.954342s] ... ok
{0} tempest.api.volume.test_volumes_negative.VolumesNegativeTest.test_create_volume_from_image_with_decreasing_size [2.774985s] ... ok
{0} tempest.api.volume.test_volumes_negative.VolumesNegativeTest.test_create_volume_with_invalid_size [0.024236s] ... ok
{0} tempest.api.volume.test_volumes_negative.VolumesNegativeTest.test_create_volume_with_nonexistent_snapshot_id [0.027839s] ... ok
{0} tempest.api.volume.test_volumes_negative.VolumesNegativeTest.test_create_volume_with_nonexistent_source_volid [0.040124s] ... ok
{0} tempest.api.volume.test_volumes_negative.VolumesNegativeTest.test_create_volume_with_nonexistent_volume_type [0.037742s] ... ok
{0} tempest.api.volume.test_volumes_negative.VolumesNegativeTest.test_create_volume_with_size_negative [0.019820s] ... ok
{0} tempest.api.volume.test_volumes_negative.VolumesNegativeTest.test_create_volume_with_size_zero [0.018566s] ... ok
{0} tempest.api.volume.test_volumes_negative.VolumesNegativeTest.test_create_volume_without_passing_size [0.020020s] ... ok
{0} tempest.api.volume.test_volumes_negative.VolumesNegativeTest.test_delete_invalid_volume_id [0.031445s] ... ok
{0} tempest.api.volume.test_volumes_negative.VolumesNegativeTest.test_delete_volume_without_passing_volume_id [0.011561s] ... ok
{0} tempest.api.volume.test_volumes_negative.VolumesNegativeTest.test_detach_volumes_with_invalid_volume_id [0.036992s] ... ok
{0} tempest.api.volume.test_volumes_negative.VolumesNegativeTest.test_get_invalid_volume_id [0.036275s] ... ok
{0} tempest.api.volume.test_volumes_negative.VolumesNegativeTest.test_get_volume_without_passing_volume_id [0.011669s] ... ok
{0} tempest.api.volume.test_volumes_negative.VolumesNegativeTest.test_list_volumes_detail_with_invalid_status [0.056763s] ... ok
{0} tempest.api.volume.test_volumes_negative.VolumesNegativeTest.test_list_volumes_detail_with_nonexistent_name [0.062161s] ... ok
{0} tempest.api.volume.test_volumes_negative.VolumesNegativeTest.test_list_volumes_with_invalid_status [0.038148s] ... ok
{0} tempest.api.volume.test_volumes_negative.VolumesNegativeTest.test_list_volumes_with_nonexistent_name [0.040863s] ... ok
{0} tempest.api.volume.test_volumes_negative.VolumesNegativeTest.test_reserve_volume_with_negative_volume_status [0.181298s] ... ok
{0} tempest.api.volume.test_volumes_negative.VolumesNegativeTest.test_reserve_volume_with_nonexistent_volume_id [0.035254s] ... ok
{0} tempest.api.volume.test_volumes_negative.VolumesNegativeTest.test_unreserve_volume_with_nonexistent_volume_id [0.035023s] ... ok
{0} tempest.api.volume.test_volumes_negative.VolumesNegativeTest.test_update_volume_with_empty_volume_id [0.013346s] ... ok
{0} tempest.api.volume.test_volumes_negative.VolumesNegativeTest.test_update_volume_with_invalid_volume_id [0.039669s] ... ok
{0} tempest.api.volume.test_volumes_negative.VolumesNegativeTest.test_update_volume_with_nonexistent_volume_id [0.032230s] ... ok
{0} tempest.api.volume.test_volumes_negative.VolumesNegativeTest.test_volume_delete_nonexistent_volume_id [0.032172s] ... ok
{0} tempest.api.volume.test_volumes_negative.VolumesNegativeTest.test_volume_extend_with_None_size [0.016492s] ... ok
{0} tempest.api.volume.test_volumes_negative.VolumesNegativeTest.test_volume_extend_with_non_number_size [0.019556s] ... ok
{0} tempest.api.volume.test_volumes_negative.VolumesNegativeTest.test_volume_extend_with_nonexistent_volume_id [0.033353s] ... ok
{0} tempest.api.volume.test_volumes_negative.VolumesNegativeTest.test_volume_extend_with_size_smaller_than_original_size [0.020563s] ... ok
{0} tempest.api.volume.test_volumes_negative.VolumesNegativeTest.test_volume_extend_without_passing_volume_id [0.035984s] ... ok
{0} tempest.api.volume.test_volumes_negative.VolumesNegativeTest.test_volume_get_nonexistent_volume_id [0.032306s] ... ok
{0} tempest.api.volume.test_volumes_snapshots_list.VolumesSnapshotListTestJSON.test_snapshot_list_param_limit [0.037081s] ... ok
{0} tempest.api.volume.test_volumes_snapshots_list.VolumesSnapshotListTestJSON.test_snapshot_list_param_limit_equals_infinite [0.073241s] ... ok
{0} tempest.api.volume.test_volumes_snapshots_list.VolumesSnapshotListTestJSON.test_snapshot_list_param_limit_equals_zero [0.030178s] ... ok
{0} tempest.api.volume.test_volumes_snapshots_list.VolumesSnapshotListTestJSON.test_snapshot_list_param_marker [0.090951s] ... ok
{0} tempest.api.volume.test_volumes_snapshots_list.VolumesSnapshotListTestJSON.test_snapshot_list_param_offset [0.054132s] ... ok
{0} tempest.api.volume.test_volumes_snapshots_list.VolumesSnapshotListTestJSON.test_snapshot_list_param_sort_created_at_asc [0.052984s] ... ok
{0} tempest.api.volume.test_volumes_snapshots_list.VolumesSnapshotListTestJSON.test_snapshot_list_param_sort_created_at_desc [0.036955s] ... ok
{0} tempest.api.volume.test_volumes_snapshots_list.VolumesSnapshotListTestJSON.test_snapshot_list_param_sort_id_asc [0.056574s] ... ok
{0} tempest.api.volume.test_volumes_snapshots_list.VolumesSnapshotListTestJSON.test_snapshot_list_param_sort_id_desc [0.051424s] ... ok
{0} tempest.api.volume.test_volumes_snapshots_list.VolumesSnapshotListTestJSON.test_snapshot_list_param_sort_name_asc [0.055067s] ... ok
{0} tempest.api.volume.test_volumes_snapshots_list.VolumesSnapshotListTestJSON.test_snapshot_list_param_sort_name_desc [0.050900s] ... ok
{0} tempest.api.volume.test_volumes_snapshots_list.VolumesSnapshotListTestJSON.test_snapshots_list_details_with_params [0.165728s] ... ok
{0} tempest.api.volume.test_volumes_snapshots_list.VolumesSnapshotListTestJSON.test_snapshots_list_with_params [0.145751s] ... ok
{0} tempest.api.volume.test_volumes_snapshots_negative.VolumesSnapshotNegativeTestJSON.test_create_snapshot_with_nonexistent_volume_id [0.172280s] ... ok
{0} tempest.api.volume.test_volumes_snapshots_negative.VolumesSnapshotNegativeTestJSON.test_create_snapshot_without_passing_volume_id [0.069028s] ... ok
{0} tempest.api.volume.test_volumes_snapshots_negative.VolumesSnapshotNegativeTestJSON.test_list_snapshot_invalid_param_limit [0.014645s] ... ok
{0} tempest.api.volume.test_volumes_snapshots_negative.VolumesSnapshotNegativeTestJSON.test_list_snapshots_invalid_param_marker [0.022783s] ... ok
{0} tempest.api.volume.test_volumes_snapshots_negative.VolumesSnapshotNegativeTestJSON.test_list_snapshots_invalid_param_sort [0.018017s] ... ok
{0} tempest.api.volume.test_volumes_snapshots_negative.VolumesSnapshotNegativeTestJSON.test_volume_from_snapshot_decreasing_size [5.261274s] ... ok

==============================
Failed 1 tests - output below:
==============================

tempest.api.volume.admin.test_volume_types.VolumeTypesTest.test_volume_crud_with_volume_type_and_extra_specs[id-c03cc62c-f4e9-4623-91ec-64ce2f9c1260]
-----------------------------------------------------------------------------------------------------------------------------------------------------

Captured traceback:
~~~~~~~~~~~~~~~~~~~
    Traceback (most recent call last):

      File "/opt/stack/tempest/tempest/api/volume/admin/test_volume_types.py", line 56, in test_volume_crud_with_volume_type_and_extra_specs
    volume = self.create_volume(**params)
             ^^^^^^^^^^^^^^^^^^^^^^^^^^^^

      File "/opt/stack/tempest/tempest/api/volume/base.py", line 144, in create_volume
    waiters.wait_for_volume_resource_status(self.volumes_client,

      File "/opt/stack/tempest/tempest/common/waiters.py", line 379, in wait_for_volume_resource_status
    raise exceptions.VolumeResourceBuildErrorException(

    tempest.exceptions.VolumeResourceBuildErrorException: volume 1f45e35b-70e1-476b-aa5b-0472a4b02316 failed to build and is in ERROR status


Captured pythonlogging:
~~~~~~~~~~~~~~~~~~~~~~~
    2026-02-16 06:14:54,429 124322 INFO     [tempest.lib.common.rest_client] Request (VolumeTypesTest:test_volume_crud_with_volume_type_and_extra_specs): 200 POST http://10.132.44.205/volume/v3/types 0.118s
2026-02-16 06:14:54,429 124322 DEBUG    [tempest.lib.common.rest_client] Request - Headers: {'Content-Type': 'application/json', 'Accept': 'application/json', 'X-Auth-Token': '<omitted>'}
        Body: {"volume_type": {"name": "tempest-VolumeTypesTest-volume-type-1547039201", "extra_specs": {"storage_protocol": "NVMeTCP", "vendor_name": "Hewlett Packard Enterprise"}}}
    Response - Headers: {'date': 'Mon, 16 Feb 2026 06:14:54 GMT', 'server': 'Apache/2.4.58 (Ubuntu)', 'content-type': 'application/json', 'x-compute-request-id': 'req-08b38506-cca9-4f46-baba-877c14bbc058', 'content-length': '295', 'openstack-api-version': 'volume 3.0', 'vary': 'OpenStack-API-Version', 'x-openstack-request-id': 'req-08b38506-cca9-4f46-baba-877c14bbc058', 'connection': 'close', 'status': '200', 'content-location': 'http://10.132.44.205/volume/v3/types'}
        Body: b'{"volume_type": {"id": "62ae3517-7b39-4258-bd58-fa861851c879", "name": "tempest-VolumeTypesTest-volume-type-1547039201", "is_public": true, "extra_specs": {"storage_protocol": "NVMeTCP", "vendor_name": "Hewlett Packard Enterprise"}, "description": null, "os-volume-type-access:is_public": true}}'
2026-02-16 06:14:54,460 124322 INFO     [tempest.lib.common.rest_client] Request (VolumeTypesTest:test_volume_crud_with_volume_type_and_extra_specs): 200 POST http://10.132.44.205/volume/v3/types 0.029s
2026-02-16 06:14:54,461 124322 DEBUG    [tempest.lib.common.rest_client] Request - Headers: {'Content-Type': 'application/json', 'Accept': 'application/json', 'X-Auth-Token': '<omitted>'}
        Body: {"volume_type": {"name": "tempest-VolumeTypesTest-volume-type-1461580062", "extra_specs": {"storage_protocol": "NVMeTCP", "vendor_name": "Hewlett Packard Enterprise"}}}
    Response - Headers: {'date': 'Mon, 16 Feb 2026 06:14:54 GMT', 'server': 'Apache/2.4.58 (Ubuntu)', 'content-type': 'application/json', 'x-compute-request-id': 'req-9ff69c2b-a5d8-46df-95a3-98a397130bdc', 'content-length': '295', 'openstack-api-version': 'volume 3.0', 'vary': 'OpenStack-API-Version', 'x-openstack-request-id': 'req-9ff69c2b-a5d8-46df-95a3-98a397130bdc', 'connection': 'close', 'status': '200', 'content-location': 'http://10.132.44.205/volume/v3/types'}
        Body: b'{"volume_type": {"id": "5609a161-b8e7-422d-97cb-da44c84458ea", "name": "tempest-VolumeTypesTest-volume-type-1461580062", "is_public": true, "extra_specs": {"storage_protocol": "NVMeTCP", "vendor_name": "Hewlett Packard Enterprise"}, "description": null, "os-volume-type-access:is_public": true}}'
2026-02-16 06:14:54,891 124322 INFO     [tempest.lib.common.rest_client] Request (VolumeTypesTest:test_volume_crud_with_volume_type_and_extra_specs): 202 POST http://10.132.44.205/volume/v3/volumes 0.425s
2026-02-16 06:14:54,891 124322 DEBUG    [tempest.lib.common.rest_client] Request - Headers: {'Content-Type': 'application/json', 'Accept': 'application/json', 'X-Auth-Token': '<omitted>'}
        Body: {"volume": {"name": "tempest-VolumeTypesTest-volume-605853937", "volume_type": "62ae3517-7b39-4258-bd58-fa861851c879", "size": 1}}
    Response - Headers: {'date': 'Mon, 16 Feb 2026 06:14:54 GMT', 'server': 'Apache/2.4.58 (Ubuntu)', 'content-type': 'application/json', 'x-compute-request-id': 'req-bf9aea62-14b7-4a9a-b0b1-d23e8e836e74', 'content-length': '787', 'openstack-api-version': 'volume 3.0', 'vary': 'OpenStack-API-Version', 'x-openstack-request-id': 'req-bf9aea62-14b7-4a9a-b0b1-d23e8e836e74', 'connection': 'close', 'status': '202', 'content-location': 'http://10.132.44.205/volume/v3/volumes'}
        Body: b'{"volume": {"id": "1f45e35b-70e1-476b-aa5b-0472a4b02316", "status": "creating", "size": 1, "availability_zone": "nova", "created_at": "2026-02-16T06:14:54.806159", "updated_at": null, "name": "tempest-VolumeTypesTest-volume-605853937", "description": null, "volume_type": "tempest-VolumeTypesTest-volume-type-1547039201", "snapshot_id": null, "sou
    rce_volid": null, "metadata": {}, "links": [{"rel": "self", "href": "http://10.132.44.205/volume/v3/volumes/1f45e35b-70e1-476b-aa5b-0472a4b02316"}, {"rel": "bookmark", "href": "http://10.132.44.205/volume/volumes/1f45e35b-70e1-476b-aa5b-0472a4b02316"}], "user_id": "3f54dbee85b44f869df26824850e0651", "bootable": "false", "encrypted": false, "replication_status": null, "consistencygroup_id": null, "multiattach": false, "attachments": []}}'
2026-02-16 06:14:54,966 124322 INFO     [tempest.lib.common.rest_client] Request (VolumeTypesTest:test_volume_crud_with_volume_type_and_extra_specs): 200 GET http://10.132.44.205/volume/v3/volumes/1f45e35b-70e1-476b-aa5b-0472a4b02316 0.059s
2026-02-16 06:14:54,966 124322 DEBUG    [tempest.lib.common.rest_client] Request - Headers: {'Content-Type': 'application/json', 'Accept': 'application/json', 'X-Auth-Token': '<omitted>'}
        Body: None
    Response - Headers: {'date': 'Mon, 16 Feb 2026 06:14:54 GMT', 'server': 'Apache/2.4.58 (Ubuntu)', 'content-type': 'application/json', 'x-compute-request-id': 'req-339d6311-98c5-4b79-ba68-49bc2e4ee279', 'content-length': '855', 'openstack-api-version': 'volume 3.0', 'vary': 'OpenStack-API-Version', 'x-openstack-request-id': 'req-339d6311-98c5-4b79-ba68-49bc2e4ee279', 'connection': 'close', 'status': '200', 'content-location': 'http://10.132.44.205/volume/v3/volumes/1f45e35b-70e1-476b-aa5b-0472a4b02316'}
        Body: b'{"volume": {"id": "1f45e35b-70e1-476b-aa5b-0472a4b02316", "status": "creating", "size": 1, "availability_zone": "nova", "created_at": "2026-02-16T06:14:55.000000", "updated_at": null, "name": "tempest-VolumeTypesTest-volume-605853937", "description": null, "volume_type": "tempest-VolumeTypesTest-volume-type-1547039201", "snapshot_id": null, "source_volid": null, "metadata": {}, "links": [{"rel": "self", "href": "http://10.132.44.205/volume/v3/volumes/1f45e35b-70e1-476b-aa5b-0472a4b02316"}, {"rel": "bookmark", "href": "http://10.132.44.205/volume/volumes/1f45e35b-70e1-476b-aa5b-0472a4b02316"}], "user_id": "3f54dbee85b44f869df26824850e0651", "bootable": "false", "encrypted": false, "replication_status": null, "consistencygroup_id": null, "multiattach": false, "attachments": [], "os-vol-tenant-attr:tenant_id": "6148980141ce44a5adc5797892081cc9"}}'
2026-02-16 06:14:56,087 124322 INFO     [tempest.lib.common.rest_client] Request (VolumeTypesTest:test_volume_crud_with_volume_type_and_extra_specs): 200 GET http://10.132.44.205/volume/v3/volumes/1f45e35b-70e1-476b-aa5b-0472a4b02316 0.102s
2026-02-16 06:14:56,088 124322 DEBUG    [tempest.lib.common.rest_client] Request - Headers: {'Content-Type': 'application/json', 'Accept': 'application/json', 'X-Auth-Token': '<omitted>'}
        Body: None
    Response - Headers: {'date': 'Mon, 16 Feb 2026 06:14:55 GMT', 'server': 'Apache/2.4.58 (Ubuntu)', 'content-type': 'application/json', 'x-compute-request-id': 'req-088c88da-6b29-4aca-8776-1df2271b2fe3', 'content-length': '876', 'openstack-api-version': 'volume 3.0', 'vary': 'OpenStack-API-Version', 'x-openstack-request-id': 'req-088c88da-6b29-4aca-8776-1df2271b2fe3', 'connection': 'close', 'status': '200', 'content-location': 'http://10.132.44.205/volume/v3/volumes/1f45e35b-70e1-476b-aa5b-0472a4b02316'}
        Body: b'{"volume": {"id": "1f45e35b-70e1-476b-aa5b-0472a4b02316", "status": "error", "size": 1, "availability_zone": "nova", "created_at": "2026-02-16T06:14:55.000000", "updated_at": "2026-02-16T06:14:55.000000", "name": "tempest-VolumeTypesTest-volume-605853937", "description": null, "volume_type": "tempest-VolumeTypesTest-volume-type-1547039201", "snapshot_id": null, "source_volid": null, "metadata": {}, "links": [{"rel": "self", "href": "http://10.132.44.205/volume/v3/volumes/1f45e35b-70e1-476b-aa5b-0472a4b02316"}, {"rel": "bookmark", "href": "http://10.132.44.205/volume/volumes/1f45e35b-70e1-476b-aa5b-0472a4b02316"}], "user_id": "3f54dbee85b44f869df26824850e0651", "bootable": "false", "encrypted": false, "replication_status": null, "consistencygroup_id": null, "multiattach": false, "attachments": [], "os-vol-tenant-attr:tenant_id": "6148
    980141ce44a5adc5797892081cc9"}}'
2026-02-16 06:14:56,186 124322 INFO     [tempest.lib.common.rest_client] Request (VolumeTypesTest:_run_cleanups): 200 GET http://10.132.44.205/volume/v3/volumes/1f45e35b-70e1-476b-aa5b-0472a4b02316 0.071s
2026-02-16 06:14:56,187 124322 DEBUG    [tempest.lib.common.rest_client] Request - Headers: {'Content-Type': 'application/json', 'Accept': 'application/json', 'X-Auth-Token': '<omitted>'}
        Body: None
    Response - Headers: {'date': 'Mon, 16 Feb 2026 06:14:56 GMT', 'server': 'Apache/2.4.58 (Ubuntu)', 'content-type': 'application/json', 'x-compute-request-id': 'req-465b4581-1458-46f5-ae2e-ad60bd47a713', 'content-length': '876', 'openstack-api-version': 'volume 3.0', 'vary': 'OpenStack-API-Version', 'x-openstack-request-id': 'req-465b4581-1458-46f5-ae2e-ad60bd47a713', 'connection': 'close', 'status': '200', 'content-location': 'http://10.132.44.205/volume/v3/volumes/1f45e35b-70e1-476b-aa5b-0472a4b02316'}
        Body: b'{"volume": {"id": "1f45e35b-70e1-476b-aa5b-0472a4b02316", "status": "error", "size": 1, "availability_zone": "nova", "created_at": "2026-02-16T06:14:55.000000", "updated_at": "2026-02-16T06:14:55.000000", "name": "tempest-VolumeTypesTest-volume-605853937", "description": null, "volume_type": "tempest-VolumeTypesTest-volume-type-1547039201", "snapshot_id": null, "source_volid": null, "metadata": {}, "links": [{"rel": "self", "href": "http://10.132.44.205/volume/v3/volumes/1f45e35b-70e1-476b-aa5b-0472a4b02316"}, {"rel": "bookmark", "href": "http://10.132.44.205/volume/volumes/1f45e35b-70e1-476b-aa5b-0472a4b02316"}], "user_id": "3f54dbee85b44f869df26824850e0651", "bootable": "false", "encrypted": false, "replication_status": null, "consistencygroup_id": null, "multiattach": false, "attachments": [], "os-vol-tenant-attr:tenant_id": "6148980141ce44a5adc5797892081cc9"}}'
2026-02-16 06:14:56,324 124322 INFO     [tempest.lib.common.rest_client] Request (VolumeTypesTest:_run_cleanups): 202 DELETE http://10.132.44.205/volume/v3/volumes/1f45e35b-70e1-476b-aa5b-0472a4b02316 0.121s
2026-02-16 06:14:56,325 124322 DEBUG    [tempest.lib.common.rest_client] Request - Headers: {'Content-Type': 'application/json', 'Accept': 'application/json', 'X-Auth-Token': '<omitted>'}
        Body: None
    Response - Headers: {'date': 'Mon, 16 Feb 2026 06:14:56 GMT', 'server': 'Apache/2.4.58 (Ubuntu)', 'content-length': '0', 'content-type': 'text/html; charset=UTF-8', 'openstack-api-version': 'volume 3.0', 'vary': 'OpenStack-API-Version', 'x-openstack-request-id': 'req-eff268c4-7fcc-43bf-8681-043e1e674fd2', 'connection': 'close', 'status': '202', 'content-location': 'http://10.132.44.205/volume/v3/volumes/1f45e35b-70e1-476b-aa5b-0472a4b02316'}
        Body: b''
2026-02-16 06:14:56,356 124322 INFO     [tempest.lib.common.rest_client] Request (VolumeTypesTest:_run_cleanups): 404 GET http://10.132.44.205/volume/v3/volumes/1f45e35b-70e1-476b-aa5b-0472a4b02316 0.030s
2026-02-16 06:14:56,356 124322 DEBUG    [tempest.lib.common.rest_client] Request - Headers: {'Content-Type': 'application/json', 'Accept': 'application/json', 'X-Auth-Token': '<omitted>'}
        Body: None
    Response - Headers: {'date': 'Mon, 16 Feb 2026 06:14:56 GMT', 'server': 'Apache/2.4.58 (Ubuntu)', 'openstack-api-version': 'volume 3.0', 'vary': 'OpenStack-API-Version', 'content-length': '109', 'content-type': 'application/json', 'x-compute-request-id': 'req-acebf61a-3cd5-4057-866c-0c9f7c6eaf2c', 'x-openstack-request-id': 'req-acebf61a-3cd5-4057-866c-0c9f7c6eaf2c', 'connection': 'close', 'status': '404', 'content-location': 'http://10.132.44.205/volume/v3/volumes/1f45e35b-70e1-476b-aa5b-0472a4b02316'}
        Body: b'{"itemNotFound": {"code": 404, "message": "Volume 1f45e35b-70e1-476b-aa5b-0472a4b02316 could not be found."}}'
2026-02-16 06:14:56,449 124322 INFO     [tempest.lib.common.rest_client] Request (VolumeTypesTest:_run_cleanups): 202 DELETE http://10.132.44.205/volume/v3/types/5609a161-b8e7-422d-97cb-da44c84458ea 0.092s
2026-02-16 06:14:56,450 124322 DEBUG    [tempest.lib.common.rest_client] Request - Headers: {'Content-Typ
    e': 'application/json', 'Accept': 'application/json', 'X-Auth-Token': '<omitted>'}
        Body: None
    Response - Headers: {'date': 'Mon, 16 Feb 2026 06:14:56 GMT', 'server': 'Apache/2.4.58 (Ubuntu)', 'content-length': '0', 'content-type': 'text/html; charset=UTF-8', 'openstack-api-version': 'volume 3.0', 'vary': 'OpenStack-API-Version', 'x-openstack-request-id': 'req-046ab3fd-685b-464c-9ef4-6e0d1314ea28', 'connection': 'close', 'status': '202', 'content-location': 'http://10.132.44.205/volume/v3/types/5609a161-b8e7-422d-97cb-da44c84458ea'}
        Body: b''
2026-02-16 06:14:56,474 124322 INFO     [tempest.lib.common.rest_client] Request (VolumeTypesTest:_run_cleanups): 404 GET http://10.132.44.205/volume/v3/types/5609a161-b8e7-422d-97cb-da44c84458ea 0.023s
2026-02-16 06:14:56,475 124322 DEBUG    [tempest.lib.common.rest_client] Request - Headers: {'Content-Type': 'application/json', 'Accept': 'application/json', 'X-Auth-Token': '<omitted>'}
        Body: None
    Response - Headers: {'date': 'Mon, 16 Feb 2026 06:14:56 GMT', 'server': 'Apache/2.4.58 (Ubuntu)', 'openstack-api-version': 'volume 3.0', 'vary': 'OpenStack-API-Version', 'content-length': '114', 'content-type': 'application/json', 'x-compute-request-id': 'req-6fb6a3f3-55d0-4f42-850f-652218389a3b', 'x-openstack-request-id': 'req-6fb6a3f3-55d0-4f42-850f-652218389a3b', 'connection': 'close', 'status': '404', 'content-location': 'http://10.132.44.205/volume/v3/types/5609a161-b8e7-422d-97cb-da44c84458ea'}
        Body: b'{"itemNotFound": {"code": 404, "message": "Volume type 5609a161-b8e7-422d-97cb-da44c84458ea could not be found."}}'
2026-02-16 06:14:56,565 124322 INFO     [tempest.lib.common.rest_client] Request (VolumeTypesTest:_run_cleanups): 202 DELETE http://10.132.44.205/volume/v3/types/62ae3517-7b39-4258-bd58-fa861851c879 0.089s
2026-02-16 06:14:56,565 124322 DEBUG    [tempest.lib.common.rest_client] Request - Headers: {'Content-Type': 'application/json', 'Accept': 'application/json', 'X-Auth-Token': '<omitted>'}
        Body: None
    Response - Headers: {'date': 'Mon, 16 Feb 2026 06:14:56 GMT', 'server': 'Apache/2.4.58 (Ubuntu)', 'content-length': '0', 'content-type': 'text/html; charset=UTF-8', 'openstack-api-version': 'volume 3.0', 'vary': 'OpenStack-API-Version', 'x-openstack-request-id': 'req-d7c3f2d5-960d-4b67-b3fd-a641e791fe3c', 'connection': 'close', 'status': '202', 'content-location': 'http://10.132.44.205/volume/v3/types/62ae3517-7b39-4258-bd58-fa861851c879'}
        Body: b''
2026-02-16 06:14:56,586 124322 INFO     [tempest.lib.common.rest_client] Request (VolumeTypesTest:_run_cleanups): 404 GET http://10.132.44.205/volume/v3/types/62ae3517-7b39-4258-bd58-fa861851c879 0.020s
2026-02-16 06:14:56,587 124322 DEBUG    [tempest.lib.common.rest_client] Request - Headers: {'Content-Type': 'application/json', 'Accept': 'application/json', 'X-Auth-Token': '<omitted>'}
        Body: None
    Response - Headers: {'date': 'Mon, 16 Feb 2026 06:14:56 GMT', 'server': 'Apache/2.4.58 (Ubuntu)', 'openstack-api-version': 'volume 3.0', 'vary': 'OpenStack-API-Version', 'content-length': '114', 'content-type': 'application/json', 'x-compute-request-id': 'req-8eee3de9-1d81-4a70-86a1-1d1ae5c6dbe5', 'x-openstack-request-id': 'req-8eee3de9-1d81-4a70-86a1-1d1ae5c6dbe5', 'connection': 'close', 'status': '404', 'content-location': 'http://10.132.44.205/volume/v3/types/62ae3517-7b39-4258-bd58-fa861851c879'}
        Body: b'{"itemNotFound": {"code": 404, "message": "Volume type 62ae3517-7b39-4258-bd58-fa861851c879 could not be found."}}'



======
Totals
======
Ran: 204 tests in 502.0240 sec.
 - Passed: 196
 - Skipped: 7
 - Expected Fail: 0
 - Unexpected Success: 0
 - Failed: 1
Sum of execute time for each test: 218.8943 sec.

==============
Worker Balance
==============
 - Worker 0 (204 tests) => 0:08:22.023982
