"pcp-dstat 6.2.0 CSV Output"
"Author:","PCP team <pcp@groups.io> and Dag Wieers <dag@wieers.com>",,,,"URL:","https://pcp.io/ and http://dag.wieers.com/home-made/dstat/"
"Host:","np0000094129",,,,"User:","ubuntu"
"Cmdline:","dstat -tcmndrylpg --tcp --output /tmp/devstack_logs/dstat-csv.log",,,,"Date:","19 May 2026 13:15:02 UTC"
"system","total usage",,,,,"memory usage",,,,"net/total",,"dsk/total",,"io/total",,"system",,"load avg",,,"procs",,,"paging",,"tcp sockets",,,,
"time","total usage:usr","total usage:sys","total usage:idl","total usage:wai","total usage:stl","used","free","buf","cach","net/total:recv","net/total:send","dsk/total:read","dsk/total:writ","read","writ","int","csw","1m","5m","15m","run","blk","new","in","out","lis","act","syn","tim","clo"
19-05 13:15:02,,982404,1673844,162372,5005592,,,,,,,1.580,1.180,0.700,2,0,,,,10,6,0,17,0
19-05 13:15:03,26.682,20.199,51.369,0.499,0,1015260,1640580,162464,5005848,22104.666,10162.102,0,1097.204,0,32.916,5453,3599,1.580,1.180,0.700,3,0,240.387,0,0,10,6,0,17,0
19-05 13:15:04,23.725,20.729,52.945,0.250,0,1014808,1640580,162628,5006076,44391.076,12397.175,0,1458.491,0,45.952,4939,2901,1.580,1.180,0.700,3,0,205.787,0,0,10,5,0,17,1
19-05 13:15:05,28.795,21.283,48.576,0.501,0,1016068,1638872,162728,5006348,20695.250,8900.871,0,2676.170,0,194.303,4950,2739,1.580,1.180,0.700,5,0,193.301,0,0,10,4,0,17,2
19-05 13:15:06,30.252,21.251,46.503,0.500,0,1008724,1627812,162892,5024120,177878.579,8322.495,0,1592.095,0,43.003,5233,4392,1.620,1.190,0.710,5,0,189.011,0,0,10,4,0,15,2
19-05 13:15:07,36.967,18.733,43.211,0.749,0,1023408,1598152,163796,5035432,5569.994,1456.691,0,1286.844,0,55.950,4472,2879,1.620,1.190,0.710,3,0,137.876,0,0,10,4,0,15,2
19-05 13:15:08,41.188,16.725,40.688,0.250,0,1026052,1577524,164196,5051396,10732.714,1617.546,0,1425.836,0,32.950,5118,4162,1.620,1.190,0.710,3,0,125.809,0,0,10,4,0,15,2
19-05 13:15:09,39.599,16.792,40.852,1.754,0,1047424,1532052,164960,5072228,9040.514,1624.045,12.030,3211.999,3.007,120.300,5610,6867,1.620,1.190,0.710,1,1,182.454,0,0,10,4,0,15,2
19-05 13:15:10,37.988,15.495,42.987,1.999,0,1058136,1490464,166016,5098852,22173.209,1619.504,999.694,8889.277,34.989,90.972,5299,5169,1.620,1.190,0.710,2,0,87.973,0,0,10,4,0,11,2
19-05 13:15:11,27.550,8.766,62.864,0.751,0,1032484,1521236,166796,5091480,10268.677,2103.827,0,5241.534,0,66.120,2569,1404,1.570,1.190,0.710,1,0,13.024,0,0,10,2,0,11,0
19-05 13:15:12,21.986,3.748,73.203,0,0,1033572,1520112,166816,5091496,12299.114,1618.962,0,771.505,0,124.920,1907,1013,1.570,1.190,0.710,1,0,18.988,0,0,10,2,0,11,0
19-05 13:15:13,19.476,2.497,77.406,0,0,1044488,1506608,166824,5094080,18211.913,3725.482,0,623.244,0,4.994,1628,751,1.570,1.190,0.710,1,0,15.981,0,0,10,3,0,11,0
19-05 13:15:14,22.500,2.750,73.749,0.250,0,1022916,1524644,166916,5097056,8484.906,1793.980,0,1015.989,0,6.000,1785,994,1.570,1.190,0.710,1,0,3.000,0,0,10,2,0,11,0
19-05 13:15:15,28.756,7.502,63.013,0.500,0,1011388,1529100,167400,5102264,12236.583,4736.000,0,1408.297,0,20.004,3119,13780,1.570,1.190,0.710,2,0,58.012,0,0,10,2,0,12,0
19-05 13:15:16,22.005,6.251,70.265,0,0,1025276,1514512,167416,5102772,9817.064,1458.307,0,88.019,0,1.000,12169,21886,1.520,1.180,0.720,1,0,9.002,0,0,10,2,0,12,0
19-05 13:15:17,21.949,6.485,69.590,0,0,1021616,1517964,167424,5102932,7442.834,1616.272,0,95.779,0,1.995,11724,21374,1.520,1.180,0.720,1,0,15.963,0,0,10,2,0,12,0
19-05 13:15:18,20.521,4.505,73.826,0,0,993648,1558424,167424,5091684,9805.039,1621.660,0,748.767,0,11.011,1757,984,1.520,1.180,0.720,1,0,4.004,0,0,10,2,0,11,0
19-05 13:15:19,7.505,1.501,90.807,0,0,966020,1586408,167424,5091504,12522.822,131508.144,0,8.005,0,2.001,1108,713,1.520,1.180,0.720,0,0,4.003,0,0,10,2,0,11,0
19-05 13:15:20,0.250,2.750,96.500,0,0,948728,1603696,167424,5091504,10189.029,1620.005,0,24820.072,0,117.000,947,906,1.520,1.180,0.720,0,0,0,0,0,10,2,0,11,0
19-05 13:15:21,0.500,0.250,98.494,0,0,948728,1603696,167424,5091504,7955.515,1619.901,0,939.943,0,99.994,495,527,1.400,1.160,0.710,0,0,0,0,0,10,2,0,11,0
19-05 13:15:22,0.750,0,98.756,0,0,945808,1606616,167424,5091504,5773.367,1620.103,0,0,0,0,493,607,1.400,1.160,0.710,0,0,1.000,0,0,10,2,0,10,0
19-05 13:15:23,0.500,0.500,98.717,0,0,942588,1609832,167424,5091508,6190.952,1619.464,0,1527.495,0,3.999,424,526,1.400,1.160,0.710,0,0,0,0,0,10,2,0,10,0
19-05 13:15:24,0.500,0.250,99.016,0,0,939544,1612876,167424,5091508,10262.643,1458.233,0,2260.362,0,14.002,460,531,1.400,1.160,0.710,0,0,0,0,0,10,2,0,10,0
19-05 13:15:25,0,0.750,98.005,0,0,936580,1615840,167424,5091508,8290.441,1620.086,0,13032.694,0,52.003,604,651,1.400,1.160,0.710,0,0,0,0,0,10,2,0,10,0
19-05 13:15:26,0.500,0.250,99.014,0,0,933984,1618436,167424,5091508,10623.546,1620.236,0,0,0,0,504,522,1.290,1.140,0.710,0,0,0,0,0,10,2,0,9,0
19-05 13:15:27,0.500,0.250,98.502,0,0,931588,1620704,167424,5091636,8881.167,1620.031,0,0,0,0,471,553,1.290,1.140,0.710,0,0,0,0,0,10,2,0,9,0
19-05 13:15:28,0.250,0.250,98.998,0,0,931356,1620936,167424,5091636,10352.833,1619.974,0,0,0,0,453,529,1.290,1.140,0.710,0,0,0,0,0,10,2,0,9,0
19-05 13:15:29,0.750,0.250,98.744,0,0,927140,1625152,167424,5091636,8501.511,1619.907,0,303.983,0,3.000,443,534,1.290,1.140,0.710,0,0,0,0,0,10,2,0,9,0
19-05 13:15:30,0.250,1.750,97.002,0.250,0,923100,1629192,167424,5091636,6610.161,1620.039,0,32716.797,0,633.015,938,911,1.290,1.140,0.710,0,0,0,0,0,10,2,0,9,0
19-05 13:15:31,0.500,0.500,98.750,0,0,919692,1632596,167424,5091640,9908.994,1619.999,0,4.000,0,1.000,503,523,1.180,1.120,0.700,0,0,0,0,0,10,2,0,9,0
19-05 13:15:32,0.500,0,98.249,0,0,916352,1635936,167424,5091640,8369.877,1457.979,0,0,0,0,499,607,1.180,1.120,0.700,0,0,1.000,0,0,10,2,0,9,0
19-05 13:15:33,0.750,0.500,98.245,0,0,911004,1641252,167424,5091672,5789.708,1619.918,0,0,0,0,476,562,1.180,1.120,0.700,0,0,0,0,0,10,2,0,9,0
19-05 13:15:34,0.250,0.250,99.013,0.250,0,905456,1646804,167424,5091672,10738.379,1620.208,0,540.069,0,2.000,484,552,1.180,1.120,0.700,0,0,0,0,0,10,2,0,9,0
19-05 13:15:35,0.250,0.250,98.744,0,0,900944,1651316,167424,5091672,7839.515,1619.900,0,239.985,0,2.000,482,557,1.180,1.120,0.700,0,0,0,0,0,10,2,0,9,0
19-05 13:15:36,0.750,0.250,99.005,0,0,895212,1657048,167424,5091672,9818.477,1620.079,0,0,0,0,494,540,1.090,1.100,0.700,0,0,0,0,0,10,2,0,9,0
19-05 13:15:37,0.250,0.250,98.739,0,0,893380,1658880,167424,5091672,9405.911,1619.812,0,143.983,0,25.997,499,579,1.090,1.100,0.700,0,0,0,0,0,10,2,0,9,0
19-05 13:15:38,0.750,0.500,99.002,0,0,890616,1661644,167424,5091672,6156.152,1620.040,0,0,0,0,443,550,1.090,1.100,0.700,0,0,0,0,0,10,2,0,9,0
19-05 13:15:39,0.250,0,98.498,0,0,890600,1661820,167424,5091672,9820.844,1619.974,0,55.999,0,3.000,481,555,1.090,1.100,0.700,0,0,0,0,0,10,2,0,9,0
19-05 13:15:40,0.750,4.250,94.248,0.750,0,891192,1661228,167424,5091672,7841.794,1457.962,0,74042.051,0,278.993,1288,1149,1.090,1.100,0.700,0,0,0,0,0,10,2,0,9,0
19-05 13:15:41,0.250,0.250,98.753,0,0,890980,1661440,167424,5091672,6642.214,1620.052,0,4.000,0,1.000,471,537,1,1.090,0.700,0,0,0,0,0,10,2,0,9,0
19-05 13:15:42,0.500,0.250,99.009,0,0,890980,1661440,167424,5091672,11738.054,1620.146,0,96.009,0,14.001,589,642,1,1.090,0.700,0,0,1.000,0,0,10,2,0,9,0
19-05 13:15:43,0.250,0.250,98.486,0,0,890788,1661632,167424,5091672,13387.084,1619.768,0,3.999,0,1.000,520,537,1,1.090,0.700,0,0,0,0,0,10,2,0,9,0
19-05 13:15:44,1.250,1.750,96.499,0,0,886988,1665432,167424,5091672,10052.916,1619.986,0,1211.990,0,3.000,739,664,1,1.090,0.700,0,0,6.000,0,0,10,2,0,9,0
19-05 13:15:45,0.500,0.250,98.757,0,0,886884,1665536,167424,5091672,9515.663,1620.113,0,0,0,0,512,547,1,1.090,0.700,0,0,0,0,0,10,2,0,9,0
19-05 13:15:46,0.500,1.000,98.006,0,0,886884,1665536,167424,5091672,7119.458,1662.107,0,10236.659,0,51.003,630,660,0.920,1.070,0.690,0,0,0,0,0,10,2,0,9,0
19-05 13:15:47,0.250,0.250,98.990,0,0,886884,1665536,167424,5091672,10092.945,1619.831,0,4.000,0,1.000,508,567,0.920,1.070,0.690,0,0,0,0,0,10,2,0,8,0
19-05 13:15:48,0.500,0.250,98.506,0,0,886884,1665536,167424,5091672,13260.867,1458.095,0,0,0,0,473,536,0.920,1.070,0.690,0,0,0,0,0,10,2,0,8,0
19-05 13:15:49,0.250,0.250,98.986,0.250,0,886880,1665536,167424,5091676,8516.800,647.909,0,315.955,0,3.000,472,541,0.920,1.070,0.690,0,0,0,0,0,10,2,0,8,0
19-05 13:15:50,14.734,3.496,80.411,0,0,900488,1651928,167424,5091676,364755.238,11824.878,0,0,0,0,2457,1419,0.920,1.070,0.690,2,0,24.972,0,0,10,2,0,8,0
19-05 13:15:51,15.269,4.505,79.347,0.751,0,903264,1649056,167428,5091784,218395.979,10749.091,108.132,100.122,5.006,4.005,2302,1310,0.850,1.050,0.690,0,0,19.023,0,0,10,2,0,4,0
