"pcp-dstat 6.2.0 CSV Output"
"Author:","PCP team <pcp@groups.io> and Dag Wieers <dag@wieers.com>",,,,"URL:","https://pcp.io/ and http://dag.wieers.com/home-made/dstat/"
"Host:","np0000094102",,,,"User:","ubuntu"
"Cmdline:","dstat -tcmndrylpg --tcp --output /tmp/devstack_logs/dstat-csv.log",,,,"Date:","28 Apr 2026 20:56:26 UTC"
"system","total usage",,,,,"memory usage",,,,"net/total",,"dsk/total",,"io/total",,"system",,"load avg",,,"procs",,,"paging",,"tcp sockets",,,,
"time","total usage:usr","total usage:sys","total usage:idl","total usage:wai","total usage:stl","used","free","buf","cach","net/total:recv","net/total:send","dsk/total:read","dsk/total:writ","read","writ","int","csw","1m","5m","15m","run","blk","new","in","out","lis","act","syn","tim","clo"
28-04 20:56:26,,1016752,1656296,161428,4989856,,,,,,,1.550,1.240,0.750,2,0,,,,10,5,0,17,1
28-04 20:56:27,26.996,19.997,51.992,0.500,0,1054372,1618268,161516,4990136,22107.610,7871.793,0,1207.815,0,73.989,5200,3188,1.550,1.240,0.750,3,0,238.963,0,0,10,4,0,17,2
28-04 20:56:28,26.183,21.695,50.621,0.249,0,1056228,1599640,161620,5006292,177932.239,6696.959,0,1117.157,0,26.931,5009,2817,1.590,1.250,0.760,2,0,212.459,0,0,10,4,0,17,2
28-04 20:56:29,30.273,22.017,45.284,0.751,0,1049996,1592320,162464,5016976,5324.037,540.410,0,1733.314,0,74.056,5080,3016,1.590,1.250,0.760,3,0,210.159,0,0,10,4,0,17,2
28-04 20:56:30,34.986,21.241,42.482,0.500,0,1069540,1555328,162940,5032404,13219.544,485.800,0,1411.417,0,33.986,5369,3885,1.590,1.250,0.760,3,0,197.918,0,0,10,4,0,11,2
28-04 20:56:31,33.926,19.707,45.152,0.249,0,1055568,1563716,163080,5036724,7017.771,538.831,0,610.675,0,16.963,4855,2770,1.590,1.250,0.760,2,0,169.632,0,0,10,4,0,11,2
28-04 20:56:32,42.684,16.974,37.941,0.749,0,1070316,1528092,163712,5055108,8712.450,539.161,0,2420.236,0,100.843,5575,5839,1.590,1.250,0.760,2,0,143.776,0,0,10,4,0,11,2
28-04 20:56:33,37.626,16.806,42.392,1.756,0,1079348,1488744,164804,5081500,8843.636,541.816,798.676,2532.487,23.077,84.282,5681,5674,1.620,1.260,0.770,3,0,162.545,0,0,10,4,0,11,2
28-04 20:56:34,35.774,16.011,46.531,1.001,0.250,1057680,1496140,165616,5092644,9315.156,782.517,216.143,12252.097,15.010,81.054,4021,3074,1.620,1.260,0.770,1,0,44.029,0,0,10,4,1,11,2
28-04 20:56:35,20.250,2.000,77.502,0,0,1056304,1514804,165616,5075672,13346.307,3025.070,0,176.004,0,8.000,1529,794,1.620,1.260,0.770,1,0,2.000,0,0,10,2,0,11,0
28-04 20:56:36,22.227,2.997,73.924,0,0,1059080,1512000,165636,5075680,6343.490,539.446,0,0,0,0,1713,875,1.620,1.260,0.770,1,0,16.983,0,0,10,2,0,11,0
28-04 20:56:37,19.269,2.753,77.325,0.250,0,1010644,1555324,165716,5080232,10912.520,2934.829,0,1313.266,0,15.014,1599,836,1.620,1.260,0.770,2,0,17.016,0,0,10,2,0,11,0
28-04 20:56:38,21.496,2.999,74.735,0,0,1000464,1564152,165736,5081404,8771.187,1615.666,0,1279.736,0,70.985,1869,1065,1.570,1.260,0.770,0,0,17.996,0,0,10,3,0,11,0
28-04 20:56:39,20.016,3.503,75.058,0.250,0,994096,1563816,166124,5086488,14326.118,2581.003,0,1196.929,0,18.014,7411,12640,1.570,1.260,0.770,1,0,6.005,0,0,10,2,0,11,0
28-04 20:56:40,22.236,4.997,72.204,0,0,994948,1562308,166192,5086948,9630.864,539.656,0,87.944,0,1.999,6755,11041,1.570,1.260,0.770,1,0,9.994,0,0,10,2,0,11,0
28-04 20:56:41,20.750,7.000,70.249,0,0,995972,1561032,166240,5087112,7953.866,485.992,0,91.998,0,2.000,11981,21440,1.570,1.260,0.770,1,0,19.000,0,0,10,2,0,11,0
28-04 20:56:42,22.262,4.002,72.789,0.250,0,1009728,1560136,166248,5075780,9549.119,540.290,0,15320.212,0,114.061,2021,1187,1.570,1.260,0.770,1,0,5.003,0,0,10,2,0,11,0
28-04 20:56:43,4.247,1.499,93.423,0,0,989200,1580776,166248,5075688,145672.377,132934.837,0,3.997,0,0.999,1137,862,1.530,1.260,0.770,1,0,2.998,0,0,10,2,0,11,0
28-04 20:56:44,15.015,3.754,80.079,0,0,992956,1577020,166248,5075688,291755.193,10147.989,0,0,0,0,2256,1344,1.530,1.260,0.770,2,0,22.022,0,0,10,2,0,11,0
28-04 20:56:45,13.984,3.246,81.407,0.749,0,987600,1582136,166252,5075924,152919.743,9237.474,107.877,3.995,4.994,0.999,2030,1229,1.530,1.260,0.770,1,0,18.978,0,0,10,2,0,11,0
