Jan 15 20:43:12 ubuntu devstack@keystone.service[61961]: DEBUG keystone.common.rbac_enforcer.enforcer [None req-c6a92a58-b3fd-47bc-962e-2731d06aaf5e None admin] RBAC: Authorization granted {{(pid=61961) enforce_call /opt/stack/keystone/keystone/common/rbac_enforcer/enforcer.py:505}}
Jan 15 20:43:12 ubuntu devstack@keystone.service[61961]: [pid: 61961|app: 0|req: 10/21] 10.120.125.138 () {60 vars in 1432 bytes} [Thu Jan 15 20:43:11 2026] PUT /identity/v3/domains/default/users/229a40b372cd418a9e01fd0bc9b28d6e/roles/c11c36247be147a1994d0faa4a0505a0 => generated 0 bytes in 144 msecs (HTTP/1.1 204) 3 headers in 132 bytes (0 switches on core 0)
Jan 15 20:43:13 ubuntu devstack@keystone.service[61962]: DEBUG keystone.server.flask.request_processing.req_logging [None req-d2408f33-19c4-49fa-aab1-9b2f510e6564 None None] REQUEST_METHOD: `GET` {{(pid=61962) log_request_info /opt/stack/keystone/keystone/server/flask/request_processing/req_logging.py:26}}
Jan 15 20:43:13 ubuntu devstack@keystone.service[61962]: DEBUG keystone.server.flask.request_processing.req_logging [None req-d2408f33-19c4-49fa-aab1-9b2f510e6564 None None] SCRIPT_NAME: `/identity` {{(pid=61962) log_request_info /opt/stack/keystone/keystone/server/flask/request_processing/req_logging.py:27}}
Jan 15 20:43:13 ubuntu devstack@keystone.service[61962]: DEBUG keystone.server.flask.request_processing.req_logging [None req-d2408f33-19c4-49fa-aab1-9b2f510e6564 None None] PATH_INFO: `/` {{(pid=61962) log_request_info /opt/stack/keystone/keystone/server/flask/request_processing/req_logging.py:28}}
Jan 15 20:43:13 ubuntu devstack@keystone.service[61962]: [pid: 61962|app: 0|req: 12/22] 10.120.125.138 () {56 vars in 955 bytes} [Thu Jan 15 20:43:13 2026] GET /identity => generated 272 bytes in 1 msecs (HTTP/1.1 300) 6 headers in 236 bytes (1 switches on core 0)
Jan 15 20:43:13 ubuntu devstack@keystone.service[61961]: DEBUG keystone.server.flask.request_processing.req_logging [None req-daf8d975-51a3-49ba-89fe-14b25bd983eb None None] REQUEST_METHOD: `GET` {{(pid=61961) log_request_info /opt/stack/keystone/keystone/server/flask/request_processing/req_logging.py:26}}
Jan 15 20:43:13 ubuntu devstack@keystone.service[61961]: DEBUG keystone.server.flask.request_processing.req_logging [None req-daf8d975-51a3-49ba-89fe-14b25bd983eb None None] SCRIPT_NAME: `/identity` {{(pid=61961) log_request_info /opt/stack/keystone/keystone/server/flask/request_processing/req_logging.py:27}}
Jan 15 20:43:13 ubuntu devstack@keystone.service[61961]: DEBUG keystone.server.flask.request_processing.req_logging [None req-daf8d975-51a3-49ba-89fe-14b25bd983eb None None] PATH_INFO: `/` {{(pid=61961) log_request_info /opt/stack/keystone/keystone/server/flask/request_processing/req_logging.py:28}}
Jan 15 20:43:13 ubuntu devstack@keystone.service[61961]: [pid: 61961|app: 0|req: 11/23] 10.120.125.138 () {56 vars in 955 bytes} [Thu Jan 15 20:43:13 2026] GET /identity => generated 272 bytes in 3 msecs (HTTP/1.1 300) 6 headers in 236 bytes (1 switches on core 0)
Jan 15 20:43:13 ubuntu devstack@keystone.service[61962]: DEBUG keystone.server.flask.request_processing.req_logging [None req-0891990a-749f-42d8-8076-94fa2fd97d04 None None] REQUEST_METHOD: `POST` {{(pid=61962) log_request_info /opt/stack/keystone/keystone/server/flask/request_processing/req_logging.py:26}}
Jan 15 20:43:13 ubuntu devstack@keystone.service[61962]: DEBUG keystone.server.flask.request_processing.req_logging [None req-0891990a-749f-42d8-8076-94fa2fd97d04 None None] SCRIPT_NAME: `/identity` {{(pid=61962) log_request_info /opt/stack/keystone/keystone/server/flask/request_processing/req_logging.py:27}}
Jan 15 20:43:13 ubuntu devstack@keystone.service[61962]: DEBUG keystone.server.flask.request_processing.req_logging [None req-0891990a-749f-42d8-8076-94fa2fd97d04 None None] PATH_INFO: `/v3/auth/tokens` {{(pid=61962) log_request_info /opt/stack/keystone/keystone/server/flask/request_processing/req_logging.py:28}}
Jan 15 20:43:13 ubuntu devstack@keystone.service[61962]: WARNING keystone.common.password_hashing [None req-0891990a-749f-42d8-8076-94fa2fd97d04 None None] Truncating password to algorithm specific maximum length 72 characters.
Jan 15 20:43:13 ubuntu devstack@keystone.service[61962]: DEBUG keystone.auth.core [None req-0891990a-749f-42d8-8076-94fa2fd97d04 None None] MFA Rules not processed for user `229a40b372cd418a9e01fd0bc9b28d6e`. Rule list: `[]` (Enabled: `True`). {{(pid=61962) check_auth_methods_against_rules /opt/stack/keystone/keystone/auth/core.py:476}}
Jan 15 20:43:13 ubuntu devstack@keystone.service[61962]: DEBUG keystone.common.fernet_utils [None req-0891990a-749f-42d8-8076-94fa2fd97d04 None None] Loaded 2 Fernet keys from /etc/keystone/fernet-keys/, but `[fernet_tokens] max_active_keys = 3`; perhaps there have not been enough key rotations to reach `max_active_keys` yet? {{(pid=61962) load_keys /opt/stack/keystone/keystone/common/fernet_utils.py:297}}
Jan 15 20:43:13 ubuntu devstack@keystone.service[61961]: DEBUG keystone.server.flask.request_processing.req_logging [None req-54cf8048-58a5-471f-8ac6-27ef73114199 None None] REQUEST_METHOD: `POST` {{(pid=61961) log_request_info /opt/stack/keystone/keystone/server/flask/request_processing/req_logging.py:26}}
Jan 15 20:43:13 ubuntu devstack@keystone.service[61961]: DEBUG keystone.server.flask.request_processing.req_logging [None req-54cf8048-58a5-471f-8ac6-27ef73114199 None None] SCRIPT_NAME: `/identity` {{(pid=61961) log_request_info /opt/stack/keystone/keystone/server/flask/request_processing/req_logging.py:27}}
Jan 15 20:43:13 ubuntu devstack@keystone.service[61961]: DEBUG keystone.server.flask.request_processing.req_logging [None req-54cf8048-58a5-471f-8ac6-27ef73114199 None None] PATH_INFO: `/v3/auth/tokens` {{(pid=61961) log_request_info /opt/stack/keystone/keystone/server/flask/request_processing/req_logging.py:28}}
Jan 15 20:43:13 ubuntu devstack@keystone.service[61961]: WARNING keystone.common.password_hashing [None req-54cf8048-58a5-471f-8ac6-27ef73114199 None None] Truncating password to algorithm specific maximum length 72 characters.
Jan 15 20:43:13 ubuntu devstack@keystone.service[61961]: DEBUG keystone.auth.core [None req-54cf8048-58a5-471f-8ac6-27ef73114199 None None] MFA Rules not processed for user `229a40b372cd418a9e01fd0bc9b28d6e`. Rule list: `[]` (Enabled: `True`). {{(pid=61961) check_auth_methods_against_rules /opt/stack/keystone/keystone/auth/core.py:476}}
Jan 15 20:43:13 ubuntu devstack@keystone.service[61961]: DEBUG keystone.common.fernet_utils [None req-54cf8048-58a5-471f-8ac6-27ef73114199 None None] Loaded 2 Fernet keys from /etc/keystone/fernet-keys/, but `[fernet_tokens] max_active_keys = 3`; perhaps there have not been enough key rotations to reach `max_active_keys` yet? {{(pid=61961) load_keys /opt/stack/keystone/keystone/common/fernet_utils.py:297}}
Jan 15 20:43:13 ubuntu devstack@keystone.service[61962]: [pid: 61962|app: 0|req: 13/24] 10.120.125.138 () {60 vars in 1052 bytes} [Thu Jan 15 20:43:13 2026] POST /identity/v3/auth/tokens => generated 864 bytes in 68 msecs (HTTP/1.1 201) 6 headers in 363 bytes (1 switches on core 0)
Jan 15 20:43:13 ubuntu devstack@keystone.service[61962]: DEBUG keystone.server.flask.request_processing.req_logging [None req-10dafbce-e0ad-4b10-bb38-2580b8494a77 None None] REQUEST_METHOD: `GET` {{(pid=61962) log_request_info /opt/stack/keystone/keystone/server/flask/request_processing/req_logging.py:26}}
Jan 15 20:43:13 ubuntu devstack@keystone.service[61962]: DEBUG keystone.server.flask.request_processing.req_logging [None req-10dafbce-e0ad-4b10-bb38-2580b8494a77 None None] SCRIPT_NAME: `/identity` {{(pid=61962) log_request_info /opt/stack/keystone/keystone/server/flask/request_processing/req_logging.py:27}}
Jan 15 20:43:13 ubuntu devstack@keystone.service[61962]: DEBUG keystone.server.flask.request_processing.req_logging [None req-10dafbce-e0ad-4b10-bb38-2580b8494a77 None None] PATH_INFO: `/` {{(pid=61962) log_request_info /opt/stack/keystone/keystone/server/flask/request_processing/req_logging.py:28}}
Jan 15 20:43:13 ubuntu devstack@keystone.service[61962]: [pid: 61962|app: 0|req: 14/25] 10.120.125.138 () {56 vars in 955 bytes} [Thu Jan 15 20:43:13 2026] GET /identity => generated 272 bytes in 1 msecs (HTTP/1.1 300) 6 headers in 236 bytes (1 switches on core 0)
Jan 15 20:43:13 ubuntu devstack@keystone.service[61961]: [pid: 61961|app: 0|req: 12/26] 10.120.125.138 () {60 vars in 1052 bytes} [Thu Jan 15 20:43:13 2026] POST /identity/v3/auth/tokens => generated 864 bytes in 76 msecs (HTTP/1.1 201) 6 headers in 363 bytes (2 switches on core 0)
Jan 15 20:43:14 ubuntu devstack@keystone.service[61962]: DEBUG keystone.server.flask.request_processing.req_logging [None req-5e104120-9b70-4834-8a24-b0cba47c7d1d None None] REQUEST_METHOD: `POST` {{(pid=61962) log_request_info /opt/stack/keystone/keystone/server/flask/request_processing/req_logging.py:26}}
Jan 15 20:43:14 ubuntu devstack@keystone.service[61962]: DEBUG keystone.server.flask.request_processing.req_logging [None req-5e104120-9b70-4834-8a24-b0cba47c7d1d None None] SCRIPT_NAME: `/identity` {{(pid=61962) log_request_info /opt/stack/keystone/keystone/server/flask/request_processing/req_logging.py:27}}
Jan 15 20:43:14 ubuntu devstack@keystone.service[61962]: DEBUG keystone.server.flask.request_processing.req_logging [None req-5e104120-9b70-4834-8a24-b0cba47c7d1d None None] PATH_INFO: `/v3/auth/tokens` {{(pid=61962) log_request_info /opt/stack/keystone/keystone/server/flask/request_processing/req_logging.py:28}}
Jan 15 20:43:14 ubuntu devstack@keystone.service[61962]: WARNING keystone.common.password_hashing [None req-5e104120-9b70-4834-8a24-b0cba47c7d1d None None] Truncating password to algorithm specific maximum length 72 characters.
Jan 15 20:43:14 ubuntu devstack@keystone.service[61962]: DEBUG keystone.auth.core [None req-5e104120-9b70-4834-8a24-b0cba47c7d1d None None] MFA Rules not processed for user `229a40b372cd418a9e01fd0bc9b28d6e`. Rule list: `[]` (Enabled: `True`). {{(pid=61962) check_auth_methods_against_rules /opt/stack/keystone/keystone/auth/core.py:476}}
Jan 15 20:43:14 ubuntu devstack@keystone.service[61962]: DEBUG keystone.common.fernet_utils [None req-5e104120-9b70-4834-8a24-b0cba47c7d1d None None] Loaded 2 Fernet keys from /etc/keystone/fernet-keys/, but `[fernet_tokens] max_active_keys = 3`; perhaps there have not been enough key rotations to reach `max_active_keys` yet? {{(pid=61962) load_keys /opt/stack/keystone/keystone/common/fernet_utils.py:297}}
Jan 15 20:43:14 ubuntu devstack@keystone.service[61962]: [pid: 61962|app: 0|req: 15/27] 10.120.125.138 () {60 vars in 1052 bytes} [Thu Jan 15 20:43:14 2026] POST /identity/v3/auth/tokens => generated 864 bytes in 66 msecs (HTTP/1.1 201) 6 headers in 363 bytes (1 switches on core 0)
Jan 15 20:43:14 ubuntu devstack@keystone.service[61961]: DEBUG keystone.server.flask.request_processing.req_logging [None req-4b22eda8-a23f-4184-909e-70b15c48a239 None None] REQUEST_METHOD: `GET` {{(pid=61961) log_request_info /opt/stack/keystone/keystone/server/flask/request_processing/req_logging.py:26}}
Jan 15 20:43:14 ubuntu devstack@keystone.service[61961]: DEBUG keystone.server.flask.request_processing.req_logging [None req-4b22eda8-a23f-4184-909e-70b15c48a239 None None] SCRIPT_NAME: `/identity` {{(pid=61961) log_request_info /opt/stack/keystone/keystone/server/flask/request_processing/req_logging.py:27}}
Jan 15 20:43:14 ubuntu devstack@keystone.service[61961]: DEBUG keystone.server.flask.request_processing.req_logging [None req-4b22eda8-a23f-4184-909e-70b15c48a239 None None] PATH_INFO: `/` {{(pid=61961) log_request_info /opt/stack/keystone/keystone/server/flask/request_processing/req_logging.py:28}}
Jan 15 20:43:14 ubuntu devstack@keystone.service[61961]: [pid: 61961|app: 0|req: 13/28] 10.120.125.138 () {56 vars in 955 bytes} [Thu Jan 15 20:43:14 2026] GET /identity => generated 272 bytes in 1 msecs (HTTP/1.1 300) 6 headers in 236 bytes (1 switches on core 0)
Jan 15 20:43:14 ubuntu devstack@keystone.service[61962]: DEBUG keystone.server.flask.request_processing.req_logging [None req-7d493e99-bc66-4c9f-8044-1a605b5e21a9 None None] REQUEST_METHOD: `GET` {{(pid=61962) log_request_info /opt/stack/keystone/keystone/server/flask/request_processing/req_logging.py:26}}
Jan 15 20:43:14 ubuntu devstack@keystone.service[61962]: DEBUG keystone.server.flask.request_processing.req_logging [None req-7d493e99-bc66-4c9f-8044-1a605b5e21a9 None None] SCRIPT_NAME: `/identity` {{(pid=61962) log_request_info /opt/stack/keystone/keystone/server/flask/request_processing/req_logging.py:27}}
Jan 15 20:43:14 ubuntu devstack@keystone.service[61962]: DEBUG keystone.server.flask.request_processing.req_logging [None req-7d493e99-bc66-4c9f-8044-1a605b5e21a9 None None] PATH_INFO: `/` {{(pid=61962) log_request_info /opt/stack/keystone/keystone/server/flask/request_processing/req_logging.py:28}}
Jan 15 20:43:14 ubuntu devstack@keystone.service[61962]: [pid: 61962|app: 0|req: 16/29] 10.120.125.138 () {56 vars in 955 bytes} [Thu Jan 15 20:43:14 2026] GET /identity => generated 272 bytes in 2 msecs (HTTP/1.1 300) 6 headers in 236 bytes (1 switches on core 0)
Jan 15 20:43:14 ubuntu devstack@keystone.service[61961]: DEBUG keystone.server.flask.request_processing.middleware.auth_context [None req-4b22eda8-a23f-4184-909e-70b15c48a239 None None] Authenticating user token {{(pid=61961) process_request /opt/stack/data/venv/lib/python3.12/site-packages/keystonemiddleware/auth_token/__init__.py:407}}
Jan 15 20:43:14 ubuntu devstack@keystone.service[61961]: DEBUG keystone.server.flask.request_processing.middleware.auth_context [None req-4b22eda8-a23f-4184-909e-70b15c48a239 None None] Validating token access rules against request {{(pid=61961) validate_allowed_request /opt/stack/data/venv/lib/python3.12/site-packages/keystonemiddleware/auth_token/__init__.py:545}}
Jan 15 20:43:14 ubuntu devstack@keystone.service[61961]: DEBUG keystone.server.flask.request_processing.middleware.auth_context [None req-9793f3a9-05c5-4143-8dd8-50d2fa0504c4 None admin] RBAC: auth_context: {'token': <TokenModel (audit_id=BPgd3A5GT7mur_bETBCDkQ, audit_chain_id=['BPgd3A5GT7mur_bETBCDkQ']) at 0x78bae00d0050>, 'domain_id': None, 'trust_id': None, 'trustor_id': None, 'trustee_id': None, 'domain_name': None, 'group_ids': [], 'user_id': '229a40b372cd418a9e01fd0bc9b28d6e', 'user_domain_id': 'default', 'system_scope': 'all', 'project_id': None, 'project_domain_id': None, 'roles': ['admin', 'manager', 'member', 'reader'], 'is_admin_project': True, 'service_user_id': None, 'service_user_domain_id': None, 'service_project_id': None, 'service_project_domain_id': None, 'service_roles': []} {{(pid=61961) fill_context /opt/stack/keystone/keystone/server/flask/request_processing/middleware/auth_context.py:509}}
Jan 15 20:43:14 ubuntu devstack@keystone.service[61961]: DEBUG keystone.server.flask.request_processing.req_logging [None req-9793f3a9-05c5-4143-8dd8-50d2fa0504c4 None admin] REQUEST_METHOD: `GET` {{(pid=61961) log_request_info /opt/stack/keystone/keystone/server/flask/request_processing/req_logging.py:26}}
Jan 15 20:43:14 ubuntu devstack@keystone.service[61961]: DEBUG keystone.server.flask.request_processing.req_logging [None req-9793f3a9-05c5-4143-8dd8-50d2fa0504c4 None admin] SCRIPT_NAME: `/identity` {{(pid=61961) log_request_info /opt/stack/keystone/keystone/server/flask/request_processing/req_logging.py:27}}
Jan 15 20:43:14 ubuntu devstack@keystone.service[61961]: DEBUG keystone.server.flask.request_processing.req_logging [None req-9793f3a9-05c5-4143-8dd8-50d2fa0504c4 None admin] PATH_INFO: `/v3/domains/Default` {{(pid=61961) log_request_info /opt/stack/keystone/keystone/server/flask/request_processing/req_logging.py:28}}
Jan 15 20:43:14 ubuntu devstack@keystone.service[61962]: DEBUG keystone.server.flask.request_processing.req_logging [None req-087e85fb-ae7d-4f1e-aa6f-c5cc5ea9e4b0 None None] REQUEST_METHOD: `POST` {{(pid=61962) log_request_info /opt/stack/keystone/keystone/server/flask/request_processing/req_logging.py:26}}
Jan 15 20:43:14 ubuntu devstack@keystone.service[61962]: DEBUG keystone.server.flask.request_processing.req_logging [None req-087e85fb-ae7d-4f1e-aa6f-c5cc5ea9e4b0 None None] SCRIPT_NAME: `/identity` {{(pid=61962) log_request_info /opt/stack/keystone/keystone/server/flask/request_processing/req_logging.py:27}}
Jan 15 20:43:14 ubuntu devstack@keystone.service[61962]: DEBUG keystone.server.flask.request_processing.req_logging [None req-087e85fb-ae7d-4f1e-aa6f-c5cc5ea9e4b0 None None] PATH_INFO: `/v3/auth/tokens` {{(pid=61962) log_request_info /opt/stack/keystone/keystone/server/flask/request_processing/req_logging.py:28}}
Jan 15 20:43:14 ubuntu devstack@keystone.service[61961]: DEBUG keystone.common.rbac_enforcer.enforcer [None req-9793f3a9-05c5-4143-8dd8-50d2fa0504c4 None admin] RBAC: Authorizing `identity:get_domain(domain_id=Default)` {{(pid=61961) enforce_call /opt/stack/keystone/keystone/common/rbac_enforcer/enforcer.py:494}}
Jan 15 20:43:14 ubuntu devstack@keystone.service[61961]: DEBUG keystone.common.rbac_enforcer.enforcer [None req-9793f3a9-05c5-4143-8dd8-50d2fa0504c4 None admin] RBAC: Authorization granted {{(pid=61961) enforce_call /opt/stack/keystone/keystone/common/rbac_enforcer/enforcer.py:505}}
Jan 15 20:43:14 ubuntu devstack@keystone.service[61962]: WARNING keystone.common.password_hashing [None req-087e85fb-ae7d-4f1e-aa6f-c5cc5ea9e4b0 None None] Truncating password to algorithm specific maximum length 72 characters.
Jan 15 20:43:14 ubuntu devstack@keystone.service[61961]: DEBUG keystone.server.flask.application [None req-9793f3a9-05c5-4143-8dd8-50d2fa0504c4 None admin] Could not find domain: Default. {{(pid=61961) _handle_keystone_exception /opt/stack/keystone/keystone/server/flask/application.py:146}}
Jan 15 20:43:14 ubuntu devstack@keystone.service[61961]: [pid: 61961|app: 0|req: 14/30] 10.120.125.138 () {58 vars in 1137 bytes} [Thu Jan 15 20:43:14 2026] GET /identity/v3/domains/Default => generated 87 bytes in 85 msecs (HTTP/1.1 404) 5 headers in 183 bytes (1 switches on core 0)
Jan 15 20:43:14 ubuntu devstack@keystone.service[61961]: DEBUG keystone.server.flask.request_processing.middleware.auth_context [None req-9793f3a9-05c5-4143-8dd8-50d2fa0504c4 None admin] Authenticating user token {{(pid=61961) process_request /opt/stack/data/venv/lib/python3.12/site-packages/keystonemiddleware/auth_token/__init__.py:407}}
Jan 15 20:43:14 ubuntu devstack@keystone.service[61962]: DEBUG keystone.auth.core [None req-087e85fb-ae7d-4f1e-aa6f-c5cc5ea9e4b0 None None] MFA Rules not processed for user `229a40b372cd418a9e01fd0bc9b28d6e`. Rule list: `[]` (Enabled: `True`). {{(pid=61962) check_auth_methods_against_rules /opt/stack/keystone/keystone/auth/core.py:476}}
Jan 15 20:43:14 ubuntu devstack@keystone.service[61962]: DEBUG keystone.common.fernet_utils [None req-087e85fb-ae7d-4f1e-aa6f-c5cc5ea9e4b0 None None] Loaded 2 Fernet keys from /etc/keystone/fernet-keys/, but `[fernet_tokens] max_active_keys = 3`; perhaps there have not been enough key rotations to reach `max_active_keys` yet? {{(pid=61962) load_keys /opt/stack/keystone/keystone/common/fernet_utils.py:297}}
Jan 15 20:43:14 ubuntu devstack@keystone.service[61961]: DEBUG keystone.server.flask.request_processing.middleware.auth_context [None req-9793f3a9-05c5-4143-8dd8-50d2fa0504c4 None admin] Validating token access rules against request {{(pid=61961) validate_allowed_request /opt/stack/data/venv/lib/python3.12/site-packages/keystonemiddleware/auth_token/__init__.py:545}}
Jan 15 20:43:14 ubuntu devstack@keystone.service[61962]: [pid: 61962|app: 0|req: 17/31] 10.120.125.138 () {60 vars in 1052 bytes} [Thu Jan 15 20:43:14 2026] POST /identity/v3/auth/tokens => generated 864 bytes in 77 msecs (HTTP/1.1 201) 6 headers in 363 bytes (1 switches on core 0)
Jan 15 20:43:14 ubuntu devstack@keystone.service[61962]: DEBUG keystone.server.flask.request_processing.middleware.auth_context [None req-087e85fb-ae7d-4f1e-aa6f-c5cc5ea9e4b0 None None] Authenticating user token {{(pid=61962) process_request /opt/stack/data/venv/lib/python3.12/site-packages/keystonemiddleware/auth_token/__init__.py:407}}
Jan 15 20:43:14 ubuntu devstack@keystone.service[61961]: DEBUG keystone.server.flask.request_processing.middleware.auth_context [None req-8d228b25-e77f-4318-a339-5564061d4799 None admin] RBAC: auth_context: {'token': <TokenModel (audit_id=7YUs7W0-QhOgWvjObXFMow, audit_chain_id=['7YUs7W0-QhOgWvjObXFMow']) at 0x78badbe2d430>, 'domain_id': None, 'trust_id': None, 'trustor_id': None, 'trustee_id': None, 'domain_name': None, 'group_ids': [], 'user_id': '229a40b372cd418a9e01fd0bc9b28d6e', 'user_domain_id': 'default', 'system_scope': 'all', 'project_id': None, 'project_domain_id': None, 'roles': ['admin', 'manager', 'member', 'reader'], 'is_admin_project': True, 'service_user_id': None, 'service_user_domain_id': None, 'service_project_id': None, 'service_project_domain_id': None, 'service_roles': []} {{(pid=61961) fill_context /opt/stack/keystone/keystone/server/flask/request_processing/middleware/auth_context.py:509}}
Jan 15 20:43:14 ubuntu devstack@keystone.service[61961]: DEBUG keystone.server.flask.request_processing.req_logging [None req-8d228b25-e77f-4318-a339-5564061d4799 None admin] REQUEST_METHOD: `GET` {{(pid=61961) log_request_info /opt/stack/keystone/keystone/server/flask/request_processing/req_logging.py:26}}
Jan 15 20:43:14 ubuntu devstack@keystone.service[61961]: DEBUG keystone.server.flask.request_processing.req_logging [None req-8d228b25-e77f-4318-a339-5564061d4799 None admin] SCRIPT_NAME: `/identity` {{(pid=61961) log_request_info /opt/stack/keystone/keystone/server/flask/request_processing/req_logging.py:27}}
Jan 15 20:43:14 ubuntu devstack@keystone.service[61961]: DEBUG keystone.server.flask.request_processing.req_logging [None req-8d228b25-e77f-4318-a339-5564061d4799 None admin] PATH_INFO: `/v3/roles/admin` {{(pid=61961) log_request_info /opt/stack/keystone/keystone/server/flask/request_processing/req_logging.py:28}}
Jan 15 20:43:14 ubuntu devstack@keystone.service[61961]: DEBUG keystone.common.rbac_enforcer.enforcer [None req-8d228b25-e77f-4318-a339-5564061d4799 None admin] Extracting inferred target data resulted in "NOT FOUND (404)". {{(pid=61961) enforce_call /opt/stack/keystone/keystone/common/rbac_enforcer/enforcer.py:445}}
Jan 15 20:43:14 ubuntu devstack@keystone.service[61961]: DEBUG keystone.server.flask.application [None req-8d228b25-e77f-4318-a339-5564061d4799 None admin] Could not find role: admin. {{(pid=61961) _handle_keystone_exception /opt/stack/keystone/keystone/server/flask/application.py:146}}
Jan 15 20:43:14 ubuntu devstack@keystone.service[61961]: [pid: 61961|app: 0|req: 15/32] 10.120.125.138 () {58 vars in 1168 bytes} [Thu Jan 15 20:43:14 2026] GET /identity/v3/roles/admin => generated 83 bytes in 78 msecs (HTTP/1.1 404) 5 headers in 183 bytes (1 switches on core 0)
Jan 15 20:43:14 ubuntu devstack@keystone.service[61961]: DEBUG keystone.server.flask.request_processing.req_logging [None req-cde16a98-96e1-46ea-8458-74b371fa4d12 None None] REQUEST_METHOD: `POST` {{(pid=61961) log_request_info /opt/stack/keystone/keystone/server/flask/request_processing/req_logging.py:26}}
Jan 15 20:43:14 ubuntu devstack@keystone.service[61961]: DEBUG keystone.server.flask.request_processing.req_logging [None req-cde16a98-96e1-46ea-8458-74b371fa4d12 None None] SCRIPT_NAME: `/identity` {{(pid=61961) log_request_info /opt/stack/keystone/keystone/server/flask/request_processing/req_logging.py:27}}
Jan 15 20:43:14 ubuntu devstack@keystone.service[61961]: DEBUG keystone.server.flask.request_processing.req_logging [None req-cde16a98-96e1-46ea-8458-74b371fa4d12 None None] PATH_INFO: `/v3/auth/tokens` {{(pid=61961) log_request_info /opt/stack/keystone/keystone/server/flask/request_processing/req_logging.py:28}}
Jan 15 20:43:14 ubuntu devstack@keystone.service[61961]: WARNING keystone.common.password_hashing [None req-cde16a98-96e1-46ea-8458-74b371fa4d12 None None] Truncating password to algorithm specific maximum length 72 characters.
Jan 15 20:43:14 ubuntu devstack@keystone.service[61961]: DEBUG keystone.auth.core [None req-cde16a98-96e1-46ea-8458-74b371fa4d12 None None] MFA Rules not processed for user `229a40b372cd418a9e01fd0bc9b28d6e`. Rule list: `[]` (Enabled: `True`). {{(pid=61961) check_auth_methods_against_rules /opt/stack/keystone/keystone/auth/core.py:476}}
Jan 15 20:43:14 ubuntu devstack@keystone.service[61961]: DEBUG keystone.common.fernet_utils [None req-cde16a98-96e1-46ea-8458-74b371fa4d12 None None] Loaded 2 Fernet keys from /etc/keystone/fernet-keys/, but `[fernet_tokens] max_active_keys = 3`; perhaps there have not been enough key rotations to reach `max_active_keys` yet? {{(pid=61961) load_keys /opt/stack/keystone/keystone/common/fernet_utils.py:297}}
Jan 15 20:43:14 ubuntu devstack@keystone.service[61962]: DEBUG keystone.server.flask.request_processing.middleware.auth_context [None req-087e85fb-ae7d-4f1e-aa6f-c5cc5ea9e4b0 None None] Validating token access rules against request {{(pid=61962) validate_allowed_request /opt/stack/data/venv/lib/python3.12/site-packages/keystonemiddleware/auth_token/__init__.py:545}}
Jan 15 20:43:14 ubuntu devstack@keystone.service[61962]: DEBUG keystone.server.flask.request_processing.middleware.auth_context [None req-a8dc38a7-7aeb-40c3-a188-3783ba10b4de None admin] RBAC: auth_context: {'token': <TokenModel (audit_id=BPgd3A5GT7mur_bETBCDkQ, audit_chain_id=['BPgd3A5GT7mur_bETBCDkQ']) at 0x78bae022ee40>, 'domain_id': None, 'trust_id': None, 'trustor_id': None, 'trustee_id': None, 'domain_name': None, 'group_ids': [], 'user_id': '229a40b372cd418a9e01fd0bc9b28d6e', 'user_domain_id': 'default', 'system_scope': 'all', 'project_id': None, 'project_domain_id': None, 'roles': ['admin', 'manager', 'member', 'reader'], 'is_admin_project': True, 'service_user_id': None, 'service_user_domain_id': None, 'service_project_id': None, 'service_project_domain_id': None, 'service_roles': []} {{(pid=61962) fill_context /opt/stack/keystone/keystone/server/flask/request_processing/middleware/auth_context.py:509}}
Jan 15 20:43:14 ubuntu devstack@keystone.service[61962]: DEBUG keystone.server.flask.request_processing.req_logging [None req-a8dc38a7-7aeb-40c3-a188-3783ba10b4de None admin] REQUEST_METHOD: `GET` {{(pid=61962) log_request_info /opt/stack/keystone/keystone/server/flask/request_processing/req_logging.py:26}}
Jan 15 20:43:14 ubuntu devstack@keystone.service[61962]: DEBUG keystone.server.flask.request_processing.req_logging [None req-a8dc38a7-7aeb-40c3-a188-3783ba10b4de None admin] SCRIPT_NAME: `/identity` {{(pid=61962) log_request_info /opt/stack/keystone/keystone/server/flask/request_processing/req_logging.py:27}}
Jan 15 20:43:14 ubuntu devstack@keystone.service[61962]: DEBUG keystone.server.flask.request_processing.req_logging [None req-a8dc38a7-7aeb-40c3-a188-3783ba10b4de None admin] PATH_INFO: `/v3/domains` {{(pid=61962) log_request_info /opt/stack/keystone/keystone/server/flask/request_processing/req_logging.py:28}}
Jan 15 20:43:14 ubuntu devstack@keystone.service[61962]: DEBUG keystone.common.rbac_enforcer.enforcer [None req-a8dc38a7-7aeb-40c3-a188-3783ba10b4de None admin] RBAC: Adding query filter params (name=Default) {{(pid=61962) _extract_filter_values /opt/stack/keystone/keystone/common/rbac_enforcer/enforcer.py:176}}
Jan 15 20:43:14 ubuntu devstack@keystone.service[61962]: DEBUG keystone.common.rbac_enforcer.enforcer [None req-a8dc38a7-7aeb-40c3-a188-3783ba10b4de None admin] RBAC: Authorizing `identity:list_domains()` {{(pid=61962) enforce_call /opt/stack/keystone/keystone/common/rbac_enforcer/enforcer.py:494}}
Jan 15 20:43:14 ubuntu devstack@keystone.service[61962]: DEBUG keystone.common.rbac_enforcer.enforcer [None req-a8dc38a7-7aeb-40c3-a188-3783ba10b4de None admin] RBAC: Authorization granted {{(pid=61962) enforce_call /opt/stack/keystone/keystone/common/rbac_enforcer/enforcer.py:505}}
Jan 15 20:43:14 ubuntu devstack@keystone.service[61961]: [pid: 61961|app: 0|req: 16/33] 10.120.125.138 () {60 vars in 1052 bytes} [Thu Jan 15 20:43:14 2026] POST /identity/v3/auth/tokens => generated 864 bytes in 50 msecs (HTTP/1.1 201) 6 headers in 363 bytes (1 switches on core 0)
Jan 15 20:43:14 ubuntu devstack@keystone.service[61961]: DEBUG keystone.server.flask.request_processing.middleware.auth_context [None req-cde16a98-96e1-46ea-8458-74b371fa4d12 None None] Authenticating user token {{(pid=61961) process_request /opt/stack/data/venv/lib/python3.12/site-packages/keystonemiddleware/auth_token/__init__.py:407}}
Jan 15 20:43:14 ubuntu devstack@keystone.service[61962]: [pid: 61962|app: 0|req: 18/34] 10.120.125.138 () {58 vars in 1138 bytes} [Thu Jan 15 20:43:14 2026] GET /identity/v3/domains?name=Default => generated 312 bytes in 75 msecs (HTTP/1.1 200) 5 headers in 177 bytes (1 switches on core 0)
Jan 15 20:43:14 ubuntu devstack@keystone.service[61961]: DEBUG keystone.server.flask.request_processing.middleware.auth_context [None req-cde16a98-96e1-46ea-8458-74b371fa4d12 None None] Validating token access rules against request {{(pid=61961) validate_allowed_request /opt/stack/data/venv/lib/python3.12/site-packages/keystonemiddleware/auth_token/__init__.py:545}}
Jan 15 20:43:14 ubuntu devstack@keystone.service[61961]: DEBUG keystone.server.flask.request_processing.middleware.auth_context [None req-068dd082-aebe-494a-8ecd-32c1cc6c8f2f None admin] RBAC: auth_context: {'token': <TokenModel (audit_id=7YUs7W0-QhOgWvjObXFMow, audit_chain_id=['7YUs7W0-QhOgWvjObXFMow']) at 0x78badbe79700>, 'domain_id': None, 'trust_id': None, 'trustor_id': None, 'trustee_id': None, 'domain_name': None, 'group_ids': [], 'user_id': '229a40b372cd418a9e01fd0bc9b28d6e', 'user_domain_id': 'default', 'system_scope': 'all', 'project_id': None, 'project_domain_id': None, 'roles': ['admin', 'manager', 'member', 'reader'], 'is_admin_project': True, 'service_user_id': None, 'service_user_domain_id': None, 'service_project_id': None, 'service_project_domain_id': None, 'service_roles': []} {{(pid=61961) fill_context /opt/stack/keystone/keystone/server/flask/request_processing/middleware/auth_context.py:509}}
Jan 15 20:43:14 ubuntu devstack@keystone.service[61961]: DEBUG keystone.server.flask.request_processing.req_logging [None req-068dd082-aebe-494a-8ecd-32c1cc6c8f2f None admin] REQUEST_METHOD: `GET` {{(pid=61961) log_request_info /opt/stack/keystone/keystone/server/flask/request_processing/req_logging.py:26}}
Jan 15 20:43:14 ubuntu devstack@keystone.service[61961]: DEBUG keystone.server.flask.request_processing.req_logging [None req-068dd082-aebe-494a-8ecd-32c1cc6c8f2f None admin] SCRIPT_NAME: `/identity` {{(pid=61961) log_request_info /opt/stack/keystone/keystone/server/flask/request_processing/req_logging.py:27}}
Jan 15 20:43:14 ubuntu devstack@keystone.service[61961]: DEBUG keystone.server.flask.request_processing.req_logging [None req-068dd082-aebe-494a-8ecd-32c1cc6c8f2f None admin] PATH_INFO: `/v3/roles` {{(pid=61961) log_request_info /opt/stack/keystone/keystone/server/flask/request_processing/req_logging.py:28}}
Jan 15 20:43:14 ubuntu devstack@keystone.service[61961]: DEBUG keystone.common.rbac_enforcer.enforcer [None req-068dd082-aebe-494a-8ecd-32c1cc6c8f2f None admin] RBAC: Adding query filter params (name=admin) {{(pid=61961) _extract_filter_values /opt/stack/keystone/keystone/common/rbac_enforcer/enforcer.py:176}}
Jan 15 20:43:14 ubuntu devstack@keystone.service[61961]: DEBUG keystone.common.rbac_enforcer.enforcer [None req-068dd082-aebe-494a-8ecd-32c1cc6c8f2f None admin] RBAC: Authorizing `identity:list_roles()` {{(pid=61961) enforce_call /opt/stack/keystone/keystone/common/rbac_enforcer/enforcer.py:494}}
Jan 15 20:43:14 ubuntu devstack@keystone.service[61961]: DEBUG keystone.common.rbac_enforcer.enforcer [None req-068dd082-aebe-494a-8ecd-32c1cc6c8f2f None admin] RBAC: Authorization granted {{(pid=61961) enforce_call /opt/stack/keystone/keystone/common/rbac_enforcer/enforcer.py:505}}
Jan 15 20:43:14 ubuntu devstack@keystone.service[61961]: [pid: 61961|app: 0|req: 17/35] 10.120.125.138 () {58 vars in 1184 bytes} [Thu Jan 15 20:43:14 2026] GET /identity/v3/roles?name=admin => generated 343 bytes in 64 msecs (HTTP/1.1 200) 5 headers in 177 bytes (1 switches on core 0)
Jan 15 20:43:14 ubuntu devstack@keystone.service[61962]: DEBUG keystone.server.flask.request_processing.req_logging [None req-89d8a8a9-aa60-4eae-a582-b4129e5e9a51 None None] REQUEST_METHOD: `GET` {{(pid=61962) log_request_info /opt/stack/keystone/keystone/server/flask/request_processing/req_logging.py:26}}
Jan 15 20:43:14 ubuntu devstack@keystone.service[61962]: DEBUG keystone.server.flask.request_processing.req_logging [None req-89d8a8a9-aa60-4eae-a582-b4129e5e9a51 None None] SCRIPT_NAME: `/identity` {{(pid=61962) log_request_info /opt/stack/keystone/keystone/server/flask/request_processing/req_logging.py:27}}
Jan 15 20:43:14 ubuntu devstack@keystone.service[61962]: DEBUG keystone.server.flask.request_processing.req_logging [None req-89d8a8a9-aa60-4eae-a582-b4129e5e9a51 None None] PATH_INFO: `/` {{(pid=61962) log_request_info /opt/stack/keystone/keystone/server/flask/request_processing/req_logging.py:28}}
Jan 15 20:43:14 ubuntu devstack@keystone.service[61962]: [pid: 61962|app: 0|req: 19/36] 10.120.125.138 () {56 vars in 955 bytes} [Thu Jan 15 20:43:14 2026] GET /identity => generated 272 bytes in 1 msecs (HTTP/1.1 300) 6 headers in 236 bytes (1 switches on core 0)
Jan 15 20:43:14 ubuntu devstack@keystone.service[61961]: DEBUG keystone.server.flask.request_processing.middleware.auth_context [None req-068dd082-aebe-494a-8ecd-32c1cc6c8f2f None admin] Authenticating user token {{(pid=61961) process_request /opt/stack/data/venv/lib/python3.12/site-packages/keystonemiddleware/auth_token/__init__.py:407}}
Jan 15 20:43:14 ubuntu devstack@keystone.service[61962]: DEBUG keystone.server.flask.request_processing.middleware.auth_context [None req-89d8a8a9-aa60-4eae-a582-b4129e5e9a51 None None] Authenticating user token {{(pid=61962) process_request /opt/stack/data/venv/lib/python3.12/site-packages/keystonemiddleware/auth_token/__init__.py:407}}
Jan 15 20:43:14 ubuntu devstack@keystone.service[61961]: DEBUG keystone.server.flask.request_processing.middleware.auth_context [None req-068dd082-aebe-494a-8ecd-32c1cc6c8f2f None admin] Validating token access rules against request {{(pid=61961) validate_allowed_request /opt/stack/data/venv/lib/python3.12/site-packages/keystonemiddleware/auth_token/__init__.py:545}}
Jan 15 20:43:14 ubuntu devstack@keystone.service[61961]: DEBUG keystone.server.flask.request_processing.middleware.auth_context [None req-62487d2b-ffb1-4625-a0e9-8ff56e0830ac None admin] RBAC: auth_context: {'token': <TokenModel (audit_id=7YUs7W0-QhOgWvjObXFMow, audit_chain_id=['7YUs7W0-QhOgWvjObXFMow']) at 0x78badbfc3a10>, 'domain_id': None, 'trust_id': None, 'trustor_id': None, 'trustee_id': None, 'domain_name': None, 'group_ids': [], 'user_id': '229a40b372cd418a9e01fd0bc9b28d6e', 'user_domain_id': 'default', 'system_scope': 'all', 'project_id': None, 'project_domain_id': None, 'roles': ['admin', 'manager', 'member', 'reader'], 'is_admin_project': True, 'service_user_id': None, 'service_user_domain_id': None, 'service_project_id': None, 'service_project_domain_id': None, 'service_roles': []} {{(pid=61961) fill_context /opt/stack/keystone/keystone/server/flask/request_processing/middleware/auth_context.py:509}}
Jan 15 20:43:14 ubuntu devstack@keystone.service[61961]: DEBUG keystone.server.flask.request_processing.req_logging [None req-62487d2b-ffb1-4625-a0e9-8ff56e0830ac None admin] REQUEST_METHOD: `GET` {{(pid=61961) log_request_info /opt/stack/keystone/keystone/server/flask/request_processing/req_logging.py:26}}
Jan 15 20:43:14 ubuntu devstack@keystone.service[61961]: DEBUG keystone.server.flask.request_processing.req_logging [None req-62487d2b-ffb1-4625-a0e9-8ff56e0830ac None admin] SCRIPT_NAME: `/identity` {{(pid=61961) log_request_info /opt/stack/keystone/keystone/server/flask/request_processing/req_logging.py:27}}
Jan 15 20:43:14 ubuntu devstack@keystone.service[61961]: DEBUG keystone.server.flask.request_processing.req_logging [None req-62487d2b-ffb1-4625-a0e9-8ff56e0830ac None admin] PATH_INFO: `/v3/users/229a40b372cd418a9e01fd0bc9b28d6e` {{(pid=61961) log_request_info /opt/stack/keystone/keystone/server/flask/request_processing/req_logging.py:28}}
Jan 15 20:43:14 ubuntu devstack@keystone.service[61961]: DEBUG keystone.common.rbac_enforcer.enforcer [None req-62487d2b-ffb1-4625-a0e9-8ff56e0830ac None admin] RBAC: Authorizing `identity:get_user(user_id=229a40b372cd418a9e01fd0bc9b28d6e)` {{(pid=61961) enforce_call /opt/stack/keystone/keystone/common/rbac_enforcer/enforcer.py:494}}
Jan 15 20:43:14 ubuntu devstack@keystone.service[61961]: DEBUG keystone.common.rbac_enforcer.enforcer [None req-62487d2b-ffb1-4625-a0e9-8ff56e0830ac None admin] RBAC: Authorization granted {{(pid=61961) enforce_call /opt/stack/keystone/keystone/common/rbac_enforcer/enforcer.py:505}}
Jan 15 20:43:14 ubuntu devstack@keystone.service[61961]: [pid: 61961|app: 0|req: 18/37] 10.120.125.138 () {58 vars in 1249 bytes} [Thu Jan 15 20:43:14 2026] GET /identity/v3/users/229a40b372cd418a9e01fd0bc9b28d6e => generated 249 bytes in 67 msecs (HTTP/1.1 200) 5 headers in 177 bytes (1 switches on core 0)
Jan 15 20:43:14 ubuntu devstack@keystone.service[61961]: DEBUG keystone.server.flask.request_processing.middleware.auth_context [None req-62487d2b-ffb1-4625-a0e9-8ff56e0830ac None admin] Authenticating user token {{(pid=61961) process_request /opt/stack/data/venv/lib/python3.12/site-packages/keystonemiddleware/auth_token/__init__.py:407}}
Jan 15 20:43:14 ubuntu devstack@keystone.service[61962]: DEBUG keystone.server.flask.request_processing.middleware.auth_context [None req-89d8a8a9-aa60-4eae-a582-b4129e5e9a51 None None] Validating token access rules against request {{(pid=61962) validate_allowed_request /opt/stack/data/venv/lib/python3.12/site-packages/keystonemiddleware/auth_token/__init__.py:545}}
Jan 15 20:43:14 ubuntu devstack@keystone.service[61962]: DEBUG keystone.server.flask.request_processing.middleware.auth_context [None req-8e57f658-f3e1-4c22-849a-b3c720ecf54e None admin] RBAC: auth_context: {'token': <TokenModel (audit_id=RtUpUTmASP67F-j8fE7P4Q, audit_chain_id=['RtUpUTmASP67F-j8fE7P4Q']) at 0x78bae022c830>, 'domain_id': None, 'trust_id': None, 'trustor_id': None, 'trustee_id': None, 'domain_name': None, 'group_ids': [], 'user_id': '229a40b372cd418a9e01fd0bc9b28d6e', 'user_domain_id': 'default', 'system_scope': 'all', 'project_id': None, 'project_domain_id': None, 'roles': ['admin', 'manager', 'member', 'reader'], 'is_admin_project': True, 'service_user_id': None, 'service_user_domain_id': None, 'service_project_id': None, 'service_project_domain_id': None, 'service_roles': []} {{(pid=61962) fill_context /opt/stack/keystone/keystone/server/flask/request_processing/middleware/auth_context.py:509}}
Jan 15 20:43:14 ubuntu devstack@keystone.service[61962]: DEBUG keystone.server.flask.request_processing.req_logging [None req-8e57f658-f3e1-4c22-849a-b3c720ecf54e None admin] REQUEST_METHOD: `POST` {{(pid=61962) log_request_info /opt/stack/keystone/keystone/server/flask/request_processing/req_logging.py:26}}
Jan 15 20:43:14 ubuntu devstack@keystone.service[61962]: DEBUG keystone.server.flask.request_processing.req_logging [None req-8e57f658-f3e1-4c22-849a-b3c720ecf54e None admin] SCRIPT_NAME: `/identity` {{(pid=61962) log_request_info /opt/stack/keystone/keystone/server/flask/request_processing/req_logging.py:27}}
Jan 15 20:43:14 ubuntu devstack@keystone.service[61962]: DEBUG keystone.server.flask.request_processing.req_logging [None req-8e57f658-f3e1-4c22-849a-b3c720ecf54e None admin] PATH_INFO: `/v3/roles` {{(pid=61962) log_request_info /opt/stack/keystone/keystone/server/flask/request_processing/req_logging.py:28}}
Jan 15 20:43:14 ubuntu devstack@keystone.service[61962]: DEBUG keystone.common.rbac_enforcer.enforcer [None req-8e57f658-f3e1-4c22-849a-b3c720ecf54e None admin] RBAC: Authorizing `identity:create_role()` {{(pid=61962) enforce_call /opt/stack/keystone/keystone/common/rbac_enforcer/enforcer.py:494}}
Jan 15 20:43:14 ubuntu devstack@keystone.service[61962]: DEBUG keystone.common.rbac_enforcer.enforcer [None req-8e57f658-f3e1-4c22-849a-b3c720ecf54e None admin] RBAC: Authorization granted {{(pid=61962) enforce_call /opt/stack/keystone/keystone/common/rbac_enforcer/enforcer.py:505}}
Jan 15 20:43:14 ubuntu devstack@keystone.service[61962]: DEBUG keystone.common.sql.core [None req-8e57f658-f3e1-4c22-849a-b3c720ecf54e None admin] Conflict role: (pymysql.err.IntegrityError) (1062, "Duplicate entry 'service-<<null>>' for key 'role.ixu_role_name_domain_id'")
Jan 15 20:43:14 ubuntu devstack@keystone.service[61962]: [SQL: INSERT INTO `role` (id, name, description, extra) VALUES (%(id)s, %(name)s, %(description)s, %(extra)s)]
Jan 15 20:43:14 ubuntu devstack@keystone.service[61962]: [parameters: {'id': '01b33cb51c6d45679dc866a2e95839a7', 'name': 'service', 'description': None, 'extra': '{}'}]
Jan 15 20:43:14 ubuntu devstack@keystone.service[61962]: (Background on this error at: https://sqlalche.me/e/20/gkpj) {{(pid=61962) wrapper /opt/stack/keystone/keystone/common/sql/core.py:580}}
Jan 15 20:43:14 ubuntu devstack@keystone.service[61961]: DEBUG keystone.server.flask.request_processing.middleware.auth_context [None req-62487d2b-ffb1-4625-a0e9-8ff56e0830ac None admin] Validating token access rules against request {{(pid=61961) validate_allowed_request /opt/stack/data/venv/lib/python3.12/site-packages/keystonemiddleware/auth_token/__init__.py:545}}
Jan 15 20:43:14 ubuntu devstack@keystone.service[61962]: ERROR keystone.server.flask.application [None req-8e57f658-f3e1-4c22-849a-b3c720ecf54e None admin] Conflict occurred attempting to store role - Duplicate entry found with name service.: keystone.exception.Conflict: Conflict occurred attempting to store role - Duplicate entry found with name service.
Jan 15 20:43:14 ubuntu devstack@keystone.service[61962]: ERROR keystone.server.flask.application Traceback (most recent call last):
Jan 15 20:43:14 ubuntu devstack@keystone.service[61962]: ERROR keystone.server.flask.application   File "/opt/stack/data/venv/lib/python3.12/site-packages/sqlalchemy/engine/base.py", line 1967, in _exec_single_context
Jan 15 20:43:14 ubuntu devstack@keystone.service[61962]: ERROR keystone.server.flask.application     self.dialect.do_execute(
Jan 15 20:43:14 ubuntu devstack@keystone.service[61962]: ERROR keystone.server.flask.application   File "/opt/stack/data/venv/lib/python3.12/site-packages/sqlalchemy/engine/default.py", line 951, in do_execute
Jan 15 20:43:14 ubuntu devstack@keystone.service[61962]: ERROR keystone.server.flask.application     cursor.execute(statement, parameters)
Jan 15 20:43:14 ubuntu devstack@keystone.service[61962]: ERROR keystone.server.flask.application   File "/opt/stack/data/venv/lib/python3.12/site-packages/pymysql/cursors.py", line 153, in execute
Jan 15 20:43:14 ubuntu devstack@keystone.service[61962]: ERROR keystone.server.flask.application     result = self._query(query)
Jan 15 20:43:14 ubuntu devstack@keystone.service[61962]: ERROR keystone.server.flask.application              ^^^^^^^^^^^^^^^^^^
Jan 15 20:43:14 ubuntu devstack@keystone.service[61962]: ERROR keystone.server.flask.application   File "/opt/stack/data/venv/lib/python3.12/site-packages/pymysql/cursors.py", line 322, in _query
Jan 15 20:43:14 ubuntu devstack@keystone.service[61962]: ERROR keystone.server.flask.application     conn.query(q)
Jan 15 20:43:14 ubuntu devstack@keystone.service[61962]: ERROR keystone.server.flask.application   File "/opt/stack/data/venv/lib/python3.12/site-packages/pymysql/connections.py", line 575, in query
Jan 15 20:43:14 ubuntu devstack@keystone.service[61962]: ERROR keystone.server.flask.application     self._affected_rows = self._read_query_result(unbuffered=unbuffered)
Jan 15 20:43:14 ubuntu devstack@keystone.service[61962]: ERROR keystone.server.flask.application                           ^^^^^^^^^^^^^^^^^^^^^^^^^^^^^^^^^^^^^^^^^^^^^^
Jan 15 20:43:14 ubuntu devstack@keystone.service[61962]: ERROR keystone.server.flask.application   File "/opt/stack/data/venv/lib/python3.12/site-packages/pymysql/connections.py", line 826, in _read_query_result
Jan 15 20:43:14 ubuntu devstack@keystone.service[61962]: ERROR keystone.server.flask.application     result.read()
Jan 15 20:43:14 ubuntu devstack@keystone.service[61962]: ERROR keystone.server.flask.application   File "/opt/stack/data/venv/lib/python3.12/site-packages/pymysql/connections.py", line 1203, in read
Jan 15 20:43:14 ubuntu devstack@keystone.service[61962]: ERROR keystone.server.flask.application     first_packet = self.connection._read_packet()
Jan 15 20:43:14 ubuntu devstack@keystone.service[61962]: ERROR keystone.server.flask.application                    ^^^^^^^^^^^^^^^^^^^^^^^^^^^^^^
Jan 15 20:43:14 ubuntu devstack@keystone.service[61962]: ERROR keystone.server.flask.application   File "/opt/stack/data/venv/lib/python3.12/site-packages/pymysql/connections.py", line 782, in _read_packet
Jan 15 20:43:14 ubuntu devstack@keystone.service[61962]: ERROR keystone.server.flask.application     packet.raise_for_error()
Jan 15 20:43:14 ubuntu devstack@keystone.service[61962]: ERROR keystone.server.flask.application   File "/opt/stack/data/venv/lib/python3.12/site-packages/pymysql/protocol.py", line 219, in raise_for_error
Jan 15 20:43:14 ubuntu devstack@keystone.service[61962]: ERROR keystone.server.flask.application     err.raise_mysql_exception(self._data)
Jan 15 20:43:14 ubuntu devstack@keystone.service[61962]: ERROR keystone.server.flask.application   File "/opt/stack/data/venv/lib/python3.12/site-packages/pymysql/err.py", line 150, in raise_mysql_exception
Jan 15 20:43:14 ubuntu devstack@keystone.service[61962]: ERROR keystone.server.flask.application     raise errorclass(errno, errval)
Jan 15 20:43:14 ubuntu devstack@keystone.service[61962]: ERROR keystone.server.flask.application pymysql.err.IntegrityError: (1062, "Duplicate entry 'service-<<null>>' for key 'role.ixu_role_name_domain_id'")
Jan 15 20:43:14 ubuntu devstack@keystone.service[61962]: ERROR keystone.server.flask.application 
Jan 15 20:43:14 ubuntu devstack@keystone.service[61962]: ERROR keystone.server.flask.application The above exception was the direct cause of the following exception:
Jan 15 20:43:14 ubuntu devstack@keystone.service[61962]: ERROR keystone.server.flask.application 
Jan 15 20:43:14 ubuntu devstack@keystone.service[61962]: ERROR keystone.server.flask.application Traceback (most recent call last):
Jan 15 20:43:14 ubuntu devstack@keystone.service[61962]: ERROR keystone.server.flask.application   File "/opt/stack/keystone/keystone/common/sql/core.py", line 575, in wrapper
Jan 15 20:43:14 ubuntu devstack@keystone.service[61962]: ERROR keystone.server.flask.application     return method(*args, **kwargs)
Jan 15 20:43:14 ubuntu devstack@keystone.service[61962]: ERROR keystone.server.flask.application            ^^^^^^^^^^^^^^^^^^^^^^^
Jan 15 20:43:14 ubuntu devstack@keystone.service[61962]: ERROR keystone.server.flask.application   File "/opt/stack/keystone/keystone/assignment/role_backends/sql.py", line 25, in create_role
Jan 15 20:43:14 ubuntu devstack@keystone.service[61962]: ERROR keystone.server.flask.application     with sql.session_for_write() as session:
Jan 15 20:43:14 ubuntu devstack@keystone.service[61962]: ERROR keystone.server.flask.application   File "/usr/lib/python3.12/contextlib.py", line 144, in __exit__
Jan 15 20:43:14 ubuntu devstack@keystone.service[61962]: ERROR keystone.server.flask.application     next(self.gen)
Jan 15 20:43:14 ubuntu devstack@keystone.service[61962]: ERROR keystone.server.flask.application   File "/opt/stack/data/venv/lib/python3.12/site-packages/oslo_db/sqlalchemy/enginefacade.py", line 1199, in _transaction_scope
Jan 15 20:43:14 ubuntu devstack@keystone.service[61962]: ERROR keystone.server.flask.application     with current._produce_block(
Jan 15 20:43:14 ubuntu devstack@keystone.service[61962]: ERROR keystone.server.flask.application   File "/usr/lib/python3.12/contextlib.py", line 144, in __exit__
Jan 15 20:43:14 ubuntu devstack@keystone.service[61962]: ERROR keystone.server.flask.application     next(self.gen)
Jan 15 20:43:14 ubuntu devstack@keystone.service[61962]: ERROR keystone.server.flask.application   File "/opt/stack/data/venv/lib/python3.12/site-packages/oslo_db/sqlalchemy/enginefacade.py", line 850, in _session
Jan 15 20:43:14 ubuntu devstack@keystone.service[61962]: ERROR keystone.server.flask.application     with excutils.save_and_reraise_exception():
Jan 15 20:43:14 ubuntu devstack@keystone.service[61962]: ERROR keystone.server.flask.application   File "/opt/stack/data/venv/lib/python3.12/site-packages/oslo_utils/excutils.py", line 256, in __exit__
Jan 15 20:43:14 ubuntu devstack@keystone.service[61962]: ERROR keystone.server.flask.application     self.force_reraise()
Jan 15 20:43:14 ubuntu devstack@keystone.service[61962]: ERROR keystone.server.flask.application   File "/opt/stack/data/venv/lib/python3.12/site-packages/oslo_utils/excutils.py", line 222, in force_reraise
Jan 15 20:43:14 ubuntu devstack@keystone.service[61962]: ERROR keystone.server.flask.application     raise self.value
Jan 15 20:43:14 ubuntu devstack@keystone.service[61962]: ERROR keystone.server.flask.application   File "/opt/stack/data/venv/lib/python3.12/site-packages/oslo_db/sqlalchemy/enginefacade.py", line 848, in _session
Jan 15 20:43:14 ubuntu devstack@keystone.service[61962]: ERROR keystone.server.flask.application     self._end_session_transaction(self.session)
Jan 15 20:43:14 ubuntu devstack@keystone.service[61962]: ERROR keystone.server.flask.application   File "/opt/stack/data/venv/lib/python3.12/site-packages/oslo_db/sqlalchemy/enginefacade.py", line 761, in _end_session_transaction
