"pcp-dstat 6.2.0 CSV Output"
"Author:","PCP team <pcp@groups.io> and Dag Wieers <dag@wieers.com>",,,,"URL:","https://pcp.io/ and http://dag.wieers.com/home-made/dstat/"
"Host:","np0000094516",,,,"User:","ubuntu"
"Cmdline:","dstat -tcmndrylpg --tcp --output /tmp/devstack_logs/dstat-csv.log",,,,"Date:","29 Jun 2026 21:24:13 UTC"
"system","total usage",,,,,"memory usage",,,,"net/total",,"dsk/total",,"io/total",,"system",,"load avg",,,"procs",,,"paging",,"tcp sockets",,,,
"time","total usage:usr","total usage:sys","total usage:idl","total usage:wai","total usage:stl","used","free","buf","cach","net/total:recv","net/total:send","dsk/total:read","dsk/total:writ","read","writ","int","csw","1m","5m","15m","run","blk","new","in","out","lis","act","syn","tim","clo"
29-06 21:24:13,,1082360,1609460,163068,4967572,,,,,,,1.340,1.080,0.660,2,0,,,,10,4,0,17,2
29-06 21:24:14,24.916,20.182,53.319,0.498,0,1072152,1619296,163080,4967884,42769.075,9072.258,0,1176.015,0,35.878,5249,3172,1.340,1.080,0.660,2,0,224.240,0,0,10,4,0,15,2
29-06 21:24:15,25.001,21.001,52.253,0.500,0,1059104,1631992,163096,4968160,19757.078,10378.566,0,1148.063,0,33.002,4900,2801,1.310,1.080,0.660,2,0,208.011,0,0,10,4,0,15,2
29-06 21:24:16,29.222,22.978,46.206,0.500,0,1052028,1617964,163168,4988312,178730.215,5711.574,0,1238.823,0,35.966,4973,2813,1.310,1.080,0.660,2,0,187.822,0,0,10,4,0,15,2
29-06 21:24:17,34.322,22.297,41.588,0.501,0,1036332,1618804,163924,5000640,12823.983,1623.416,0,1402.952,0,58.122,5608,4246,1.310,1.080,0.660,2,0,202.426,0,0,10,4,0,15,2
29-06 21:24:18,35.014,18.007,45.018,0.500,0,998424,1642528,164280,5012712,23006.011,1620.635,0,1416.555,0,35.014,4721,2903,1.310,1.080,0.660,2,0,160.063,0,0,10,4,0,11,2
29-06 21:24:19,51.262,18.004,29.507,0.250,0,1031100,1596452,164544,5024908,10548.493,1620.383,0,808.191,0,24.006,5829,16380,1.310,1.080,0.660,2,0,169.040,0,0,10,4,0,12,2
29-06 21:24:20,37.548,17.022,42.805,2.003,0,1023820,1580676,165576,5044020,5509.101,1513.952,652.842,2595.345,19.025,111.143,5628,6000,1.370,1.100,0.670,3,0,134.173,0,0,10,4,0,12,2
29-06 21:24:21,36.641,15.703,43.620,1.496,0,1012668,1563504,166560,5068292,10224.460,1615.176,358.928,14002.176,18.943,256.235,4974,4188,1.370,1.100,0.670,2,0,80.759,0,0,10,4,0,12,2
29-06 21:24:22,26.520,6.505,66.549,0.751,0,1028024,1552640,167348,5061536,14417.610,2047.507,0,1949.435,0,68.050,2499,1477,1.370,1.100,0.670,1,0,11.008,0,0,10,2,0,11,0
29-06 21:24:23,22.002,4.000,73.757,0,0,1024168,1556612,167368,5061428,8422.808,1512.145,0,24.002,0,2.000,1882,975,1.370,1.100,0.670,1,0,19.002,0,0,10,2,0,11,0
29-06 21:24:24,18.004,2.250,79.266,0,0,1017788,1561940,167376,5062472,17616.556,4627.934,0,508.103,0,7.001,1600,822,1.370,1.100,0.670,1,0,16.003,0,0,10,3,0,11,0
29-06 21:24:25,22.252,4.500,71.256,0.250,0,1003100,1570336,167500,5067824,10088.815,1740.141,0,16537.336,0,75.006,5210,7716,1.500,1.130,0.680,2,0,8.001,0,0,10,2,0,11,0
29-06 21:24:26,22.495,4.749,71.235,0,0,1002236,1569964,167520,5068828,10231.882,1605.668,0,87.982,0,1.000,8594,14801,1.500,1.130,0.680,1,0,8.998,0,0,10,2,0,11,0
29-06 21:24:27,22.751,5.750,69.502,0,0,1015960,1556172,167560,5068824,7377.207,1566.044,0,88.002,0,1.000,8017,14757,1.500,1.130,0.680,1,0,17.000,0,0,10,2,0,11,0
29-06 21:24:28,21.249,4.250,73.745,0.250,0,989220,1590876,167584,5061532,5539.635,1511.900,0,1283.915,0,12.999,1834,1002,1.500,1.130,0.680,1,0,7.999,0,0,10,2,0,11,0
29-06 21:24:29,3.498,0.749,94.936,0,0,963948,1616244,167584,5061436,14306.364,131601.364,0,3.997,0,0.999,923,659,1.500,1.130,0.680,0,0,0,0,0,10,2,0,11,0
29-06 21:24:30,0.250,0.250,98.803,0,0,962036,1618156,167584,5061436,22900.251,1566.838,0,4.002,0,1.001,516,561,1.380,1.110,0.680,0,0,0,0,0,10,2,0,11,0
29-06 21:24:31,0.999,1.499,97.201,0,0,953068,1627124,167584,5061436,10312.803,1511.238,0,9883.020,0,42.978,807,759,1.380,1.110,0.680,0,0,0,0,0,10,2,0,10,0
29-06 21:24:32,0.500,0.250,98.806,0,0,944496,1635696,167584,5061436,11278.403,1620.920,0,0,0,0,518,546,1.380,1.110,0.680,0,0,0,0,0,10,2,0,10,0
29-06 21:24:33,0.250,0.250,98.992,0,0,937852,1642340,167584,5061436,10737.173,1565.879,0,0,0,0,518,549,1.380,1.110,0.680,0,0,0,0,0,10,2,0,10,0
29-06 21:24:34,0.250,0.500,98.465,0.250,0,932188,1648000,167584,5061440,12351.659,1619.431,0,843.703,0,2.999,557,567,1.380,1.110,0.680,0,0,0,0,0,10,2,0,10,0
29-06 21:24:35,0.250,0,99.032,0,0,927244,1652944,167584,5061440,7045.267,1512.487,0,2260.727,0,14.005,519,567,1.270,1.090,0.670,0,0,0,0,0,10,2,0,9,0
29-06 21:24:36,0.500,1.250,97.262,0,0,922612,1657572,167588,5061440,6148.764,1620.201,0,28183.500,0,141.018,891,956,1.270,1.090,0.670,0,0,1.000,0,0,10,2,0,9,0
29-06 21:24:37,0.250,0.500,98.747,0,0,919688,1660496,167588,5061440,10414.636,1619.943,0,139.995,0,25.999,517,560,1.270,1.090,0.670,0,0,0,0,0,10,2,0,9,0
29-06 21:24:38,0.500,0.500,98.998,0,0,917504,1662680,167588,5061440,8350.812,1619.964,0,0,0,0,503,563,1.270,1.090,0.670,0,0,0,0,0,10,2,0,9,0
29-06 21:24:39,0.250,0,98.534,0,0,915620,1664560,167592,5061440,11259.940,1620.567,0,640.224,0,2.001,549,581,1.270,1.090,0.670,0,0,0,0,0,10,2,0,9,0
29-06 21:24:40,0.500,0.250,98.744,0,0,913624,1666556,167592,5061440,9274.446,1619.903,0,4.000,0,1.000,476,542,1.170,1.070,0.670,1,0,0,0,0,10,2,0,9,0
29-06 21:24:41,0.749,0.749,97.655,0.250,0,906596,1673552,167592,5061472,9819.437,1456.582,0,15197.200,0,476.536,762,728,1.170,1.070,0.670,0,0,0,0,0,10,2,0,9,0
29-06 21:24:42,0,0.250,98.561,0,0,903296,1676852,167592,5061472,22388.915,1621.007,0,92.057,0,16.010,522,557,1.170,1.070,0.670,0,0,0,0,0,10,2,0,9,0
29-06 21:24:43,0.500,0.750,98.754,0,0,897340,1682808,167592,5061472,5572.227,1458.060,0,0,0,0,461,560,1.170,1.070,0.670,0,0,0,0,0,10,2,0,9,0
29-06 21:24:44,0.250,0.250,98.744,0,0,885044,1695248,167600,5061476,7279.586,1619.908,0,75.996,0,3.000,470,565,1.170,1.070,0.670,0,0,0,0,0,10,2,0,9,0
29-06 21:24:45,0.500,0.250,98.756,0,0,880932,1699360,167600,5061476,11228.698,1620.101,0,0,0,0,510,538,1.070,1.050,0.660,0,0,0,0,0,10,2,0,9,0
29-06 21:24:46,0.500,0.500,97.999,0,0,869560,1710892,167604,5061472,8631.883,1457.980,0,167.998,0,8.000,741,1064,1.070,1.050,0.660,0,0,1.000,0,0,10,2,0,9,0
29-06 21:24:47,0.500,0.500,98.737,0,0,867676,1712776,167604,5061472,10527.592,1619.783,0,0,0,0,515,574,1.070,1.050,0.660,0,0,0,0,0,10,2,0,9,0
29-06 21:24:48,0.750,0,99.049,0,0,867012,1713440,167604,5061472,7310.614,1458.721,0,100.049,0,17.008,466,577,1.070,1.050,0.660,0,0,0,0,0,10,2,0,9,0
29-06 21:24:49,0.250,0.250,98.942,0,0,867012,1713440,167604,5061472,9686.336,1619.053,0,0,0,0,485,564,1.070,1.050,0.660,1,0,0,0,0,10,2,0,9,0
29-06 21:24:50,0.500,0.250,98.756,0,0,867012,1713440,167604,5061472,8216.473,1620.093,0,0,0,0,462,535,0.990,1.040,0.660,2,0,0,0,0,10,2,0,9,0
29-06 21:24:51,0.750,4.251,94.517,0.500,0,864060,1716392,167604,5061472,7969.450,1458.265,0,69288.607,0,331.060,1382,1349,0.990,1.040,0.660,0,0,0,0,0,10,2,0,9,0
29-06 21:24:52,0.250,0.250,99.004,0,0,863988,1716488,167604,5061472,10901.404,1662.062,0,4.000,0,1.000,488,545,0.990,1.040,0.660,0,0,0,0,0,10,2,0,9,0
29-06 21:24:53,0.250,0.250,98.487,0,0,863988,1716488,167604,5061472,20249.302,1619.784,0,91.988,0,13.998,466,570,0.990,1.040,0.660,0,0,0,0,0,10,2,0,9,0
29-06 21:24:54,0.750,0,98.759,0,0,863988,1716488,167604,5061472,7454.645,1620.140,0,4.000,0,1.000,490,576,0.990,1.040,0.660,0,0,0,0,0,10,2,0,9,0
29-06 21:24:55,0.250,0.500,98.989,0,0,863988,1716488,167604,5061472,9757.936,1619.823,0,0,0,0,480,561,0.910,1.020,0.660,0,0,0,0,0,10,2,0,8,0
29-06 21:24:56,0,0.250,98.760,0,0,864240,1716236,167604,5061472,7601.794,1458.152,0,0,0,0,504,638,0.910,1.020,0.660,0,0,1.000,0,0,10,2,0,8,0
29-06 21:24:57,0.500,1.750,97.258,0,0,864272,1716208,167608,5061472,11949.927,1620.126,0,24389.892,0,95.007,763,794,0.910,1.020,0.660,0,0,0,0,0,10,2,0,8,0
29-06 21:24:58,0.500,0.250,98.998,0,0,864188,1716292,167608,5061472,8257.853,1619.971,0,4.000,0,1.000,483,584,0.910,1.020,0.660,0,0,0,0,0,10,2,0,8,0
29-06 21:24:59,1.000,1.000,97.259,0,0,865164,1715316,167608,5061472,138355.487,3476.339,0,96.009,0,15.001,771,762,0.910,1.020,0.660,1,0,3.000,0,0,10,2,0,4,0
29-06 21:25:00,15.001,3.250,80.755,0,0,852944,1727532,167608,5061476,296209.418,10204.635,0,4.000,0,1.000,2339,1379,0.830,1,0.650,1,0,22.001,0,0,10,2,0,4,0
29-06 21:25:01,16.003,4.001,78.765,0.250,0,857772,1722668,167612,5061508,162859.699,9231.740,108.020,4.001,5.001,1.000,2404,1357,0.830,1,0.650,0,0,22.004,0,0,10,2,0,4,0
29-06 21:25:02,12.498,10.998,74.989,0.250,0,864144,1715732,167612,5062072,150221.623,3859.425,0,535.920,0,4.999,3026,1674,0.830,1,0.650,1,0,38.994,0,0,10,2,0,4,0
