Jan 16 20:53:00 ubuntu systemd[1]: Starting devstack@g-api.service - Devstack devstack@g-api.service...
Jan 16 20:53:00 ubuntu devstack@g-api.service[109169]: [uWSGI] getting INI configuration from /etc/glance/glance-uwsgi.ini
Jan 16 20:53:00 ubuntu devstack@g-api.service[109169]: *** Starting uWSGI 2.0.24-debian (64bit) on [Fri Jan 16 20:53:00 2026] ***
Jan 16 20:53:00 ubuntu devstack@g-api.service[109169]: compiled with version: 13.2.0 on 17 April 2024 16:23:48
Jan 16 20:53:00 ubuntu devstack@g-api.service[109169]: os: Linux-6.8.0-90-generic #91-Ubuntu SMP PREEMPT_DYNAMIC Tue Nov 18 14:14:30 UTC 2025
Jan 16 20:53:00 ubuntu devstack@g-api.service[109169]: nodename: ubuntu
Jan 16 20:53:00 ubuntu devstack@g-api.service[109169]: machine: x86_64
Jan 16 20:53:00 ubuntu devstack@g-api.service[109169]: clock source: unix
Jan 16 20:53:00 ubuntu devstack@g-api.service[109169]: pcre jit disabled
Jan 16 20:53:00 ubuntu devstack@g-api.service[109169]: detected number of CPU cores: 4
Jan 16 20:53:00 ubuntu devstack@g-api.service[109169]: current working directory: /
Jan 16 20:53:00 ubuntu devstack@g-api.service[109169]: detected binary path: /usr/bin/uwsgi-core
Jan 16 20:53:00 ubuntu devstack@g-api.service[109169]: your processes number limit is 31446
Jan 16 20:53:00 ubuntu devstack@g-api.service[109169]: your memory page size is 4096 bytes
Jan 16 20:53:00 ubuntu devstack@g-api.service[109169]: detected max file descriptor number: 2048
Jan 16 20:53:00 ubuntu devstack@g-api.service[109169]: lock engine: pthread robust mutexes
Jan 16 20:53:00 ubuntu devstack@g-api.service[109169]: thunder lock: enabled
Jan 16 20:53:00 ubuntu devstack@g-api.service[109169]: uwsgi socket 0 bound to TCP address 127.0.0.1:60999 fd 4
Jan 16 20:53:00 ubuntu devstack@g-api.service[109169]: Python version: 3.12.3 (main, Jan  8 2026, 11:30:50) [GCC 13.3.0]
Jan 16 20:53:00 ubuntu devstack@g-api.service[109169]: PEP 405 virtualenv detected: /opt/stack/data/venv
Jan 16 20:53:00 ubuntu devstack@g-api.service[109169]: Set PythonHome to /opt/stack/data/venv
Jan 16 20:53:00 ubuntu devstack@g-api.service[109169]: Python main interpreter initialized at 0x7281c30a3668
Jan 16 20:53:00 ubuntu devstack@g-api.service[109169]: python threads support enabled
Jan 16 20:53:00 ubuntu devstack@g-api.service[109169]: your server socket listen backlog is limited to 100 connections
Jan 16 20:53:00 ubuntu devstack@g-api.service[109169]: your mercy for graceful operations on workers is 80 seconds
Jan 16 20:53:00 ubuntu devstack@g-api.service[109169]: mapped 403077 bytes (393 KB) for 2 cores
Jan 16 20:53:00 ubuntu devstack@g-api.service[109169]: *** Operational MODE: preforking ***
Jan 16 20:53:00 ubuntu devstack@g-api.service[109169]: *** uWSGI is running in multiple interpreter mode ***
Jan 16 20:53:00 ubuntu devstack@g-api.service[109169]: spawned uWSGI master process (pid: 109169)
Jan 16 20:53:00 ubuntu devstack@g-api.service[109169]: spawned uWSGI worker 1 (pid: 109171, cores: 1)
Jan 16 20:53:00 ubuntu devstack@g-api.service[109169]: spawned uWSGI worker 2 (pid: 109172, cores: 1)
Jan 16 20:53:00 ubuntu devstack@g-api.service[109169]: running "unix_signal:15 gracefully_kill_them_all" (master-start)...
Jan 16 20:53:00 ubuntu systemd[1]: Started devstack@g-api.service - Devstack devstack@g-api.service.
Jan 16 20:53:01 ubuntu devstack@g-api.service[109172]: INFO glance.async_ [-] Threadpool model set to 'NativeThreadPoolModel'
Jan 16 20:53:01 ubuntu devstack@g-api.service[109171]: INFO glance.async_ [-] Threadpool model set to 'NativeThreadPoolModel'
Jan 16 20:53:01 ubuntu devstack@g-api.service[109172]: DEBUG oslo_concurrency.processutils [-] Running cmd (subprocess): grep -F node.session.scan /sbin/iscsiadm {{(pid=109172) execute /opt/stack/data/venv/lib/python3.12/site-packages/oslo_concurrency/processutils.py:349}}
Jan 16 20:53:01 ubuntu devstack@g-api.service[109171]: DEBUG oslo_concurrency.processutils [-] Running cmd (subprocess): grep -F node.session.scan /sbin/iscsiadm {{(pid=109171) execute /opt/stack/data/venv/lib/python3.12/site-packages/oslo_concurrency/processutils.py:349}}
Jan 16 20:53:01 ubuntu devstack@g-api.service[109172]: DEBUG oslo_concurrency.processutils [-] CMD "grep -F node.session.scan /sbin/iscsiadm" returned: 0 in 0.009s {{(pid=109172) execute /opt/stack/data/venv/lib/python3.12/site-packages/oslo_concurrency/processutils.py:372}}
Jan 16 20:53:01 ubuntu devstack@g-api.service[109171]: DEBUG oslo_concurrency.processutils [-] CMD "grep -F node.session.scan /sbin/iscsiadm" returned: 0 in 0.008s {{(pid=109171) execute /opt/stack/data/venv/lib/python3.12/site-packages/oslo_concurrency/processutils.py:372}}
Jan 16 20:53:01 ubuntu devstack@g-api.service[109172]: DEBUG glance_store.backend [-] Attempting to import store cinder {{(pid=109172) _load_store /opt/stack/data/venv/lib/python3.12/site-packages/glance_store/backend.py:215}}
Jan 16 20:53:01 ubuntu devstack@g-api.service[109172]: DEBUG glance_store.backend [-] Attempting to import store file {{(pid=109172) _load_store /opt/stack/data/venv/lib/python3.12/site-packages/glance_store/backend.py:215}}
Jan 16 20:53:01 ubuntu devstack@g-api.service[109172]: DEBUG glance_store.backend [-] Attempting to import store glance.store.cinder.Store {{(pid=109172) _load_store /opt/stack/data/venv/lib/python3.12/site-packages/glance_store/backend.py:215}}
Jan 16 20:53:01 ubuntu devstack@g-api.service[109172]: DEBUG glance_store.backend [-] Attempting to import store glance.store.filesystem.Store {{(pid=109172) _load_store /opt/stack/data/venv/lib/python3.12/site-packages/glance_store/backend.py:215}}
Jan 16 20:53:01 ubuntu devstack@g-api.service[109172]: DEBUG glance_store.backend [-] Attempting to import store glance.store.http.Store {{(pid=109172) _load_store /opt/stack/data/venv/lib/python3.12/site-packages/glance_store/backend.py:215}}
Jan 16 20:53:01 ubuntu devstack@g-api.service[109172]: DEBUG glance_store.backend [-] Attempting to import store glance.store.rbd.Store {{(pid=109172) _load_store /opt/stack/data/venv/lib/python3.12/site-packages/glance_store/backend.py:215}}
Jan 16 20:53:01 ubuntu devstack@g-api.service[109172]: DEBUG glance_store.backend [-] Attempting to import store glance.store.s3.Store {{(pid=109172) _load_store /opt/stack/data/venv/lib/python3.12/site-packages/glance_store/backend.py:215}}
Jan 16 20:53:01 ubuntu devstack@g-api.service[109172]: DEBUG glance_store.backend [-] Attempting to import store glance.store.swift.Store {{(pid=109172) _load_store /opt/stack/data/venv/lib/python3.12/site-packages/glance_store/backend.py:215}}
Jan 16 20:53:01 ubuntu devstack@g-api.service[109172]: DEBUG glance_store.backend [-] Attempting to import store glance.store.vmware_datastore.Store {{(pid=109172) _load_store /opt/stack/data/venv/lib/python3.12/site-packages/glance_store/backend.py:215}}
Jan 16 20:53:01 ubuntu devstack@g-api.service[109172]: DEBUG glance_store.backend [-] Attempting to import store http {{(pid=109172) _load_store /opt/stack/data/venv/lib/python3.12/site-packages/glance_store/backend.py:215}}
Jan 16 20:53:01 ubuntu devstack@g-api.service[109172]: DEBUG glance_store.backend [-] Attempting to import store no_conf {{(pid=109172) _load_store /opt/stack/data/venv/lib/python3.12/site-packages/glance_store/backend.py:215}}
Jan 16 20:53:01 ubuntu devstack@g-api.service[109172]: DEBUG glance_store.backend [-] Attempting to import store rbd {{(pid=109172) _load_store /opt/stack/data/venv/lib/python3.12/site-packages/glance_store/backend.py:215}}
Jan 16 20:53:01 ubuntu devstack@g-api.service[109172]: DEBUG glance_store.backend [-] Attempting to import store s3 {{(pid=109172) _load_store /opt/stack/data/venv/lib/python3.12/site-packages/glance_store/backend.py:215}}
Jan 16 20:53:01 ubuntu devstack@g-api.service[109172]: DEBUG glance_store.backend [-] Attempting to import store swift {{(pid=109172) _load_store /opt/stack/data/venv/lib/python3.12/site-packages/glance_store/backend.py:215}}
Jan 16 20:53:01 ubuntu devstack@g-api.service[109172]: DEBUG glance_store.backend [-] Attempting to import store vmware {{(pid=109172) _load_store /opt/stack/data/venv/lib/python3.12/site-packages/glance_store/backend.py:215}}
Jan 16 20:53:01 ubuntu devstack@g-api.service[109172]: DEBUG glance_store.backend [-] Registering options for group glance_store {{(pid=109172) register_opts /opt/stack/data/venv/lib/python3.12/site-packages/glance_store/backend.py:144}}
Jan 16 20:53:01 ubuntu devstack@g-api.service[109172]: DEBUG glance_store.backend [-] Registering options for group glance_store {{(pid=109172) register_opts /opt/stack/data/venv/lib/python3.12/site-packages/glance_store/backend.py:144}}
Jan 16 20:53:01 ubuntu devstack@g-api.service[109172]: DEBUG glance_store.backend [-] Attempting to import store http {{(pid=109172) _load_store /opt/stack/data/venv/lib/python3.12/site-packages/glance_store/backend.py:215}}
Jan 16 20:53:01 ubuntu devstack@g-api.service[109172]: DEBUG glance_store.capabilities [-] Store glance_store._drivers.http.Store doesn't support updating dynamic storage capabilities. Please overwrite 'update_capabilities' method of the store to implement updating logics if needed. {{(pid=109172) update_capabilities /opt/stack/data/venv/lib/python3.12/site-packages/glance_store/capabilities.py:91}}
Jan 16 20:53:01 ubuntu devstack@g-api.service[109172]: DEBUG glance_store.backend [-] Registering store http with schemes ('http', 'https') {{(pid=109172) create_stores /opt/stack/data/venv/lib/python3.12/site-packages/glance_store/backend.py:261}}
Jan 16 20:53:01 ubuntu devstack@g-api.service[109172]: DEBUG glance_store.driver [-] Late loading location class glance_store._drivers.http.StoreLocation {{(pid=109172) get_store_location_class /opt/stack/data/venv/lib/python3.12/site-packages/glance_store/driver.py:134}}
Jan 16 20:53:01 ubuntu devstack@g-api.service[109172]: DEBUG glance_store.location [-] Registering scheme http with {'store': <glance_store._drivers.http.Store object at 0x7281be2625d0>, 'location_class': <class 'glance_store._drivers.http.StoreLocation'>, 'store_entry': 'http'} {{(pid=109172) register_scheme_map /opt/stack/data/venv/lib/python3.12/site-packages/glance_store/location.py:146}}
Jan 16 20:53:01 ubuntu devstack@g-api.service[109172]: DEBUG glance_store.location [-] Registering scheme https with {'store': <glance_store._drivers.http.Store object at 0x7281be2625d0>, 'location_class': <class 'glance_store._drivers.http.StoreLocation'>, 'store_entry': 'http'} {{(pid=109172) register_scheme_map /opt/stack/data/venv/lib/python3.12/site-packages/glance_store/location.py:146}}
Jan 16 20:53:01 ubuntu devstack@g-api.service[109172]: DEBUG glance_store.backend [-] Attempting to import store file {{(pid=109172) _load_store /opt/stack/data/venv/lib/python3.12/site-packages/glance_store/backend.py:215}}
Jan 16 20:53:01 ubuntu devstack@g-api.service[109172]: DEBUG glance_store.capabilities [-] Store glance_store._drivers.filesystem.Store doesn't support updating dynamic storage capabilities. Please overwrite 'update_capabilities' method of the store to implement updating logics if needed. {{(pid=109172) update_capabilities /opt/stack/data/venv/lib/python3.12/site-packages/glance_store/capabilities.py:91}}
Jan 16 20:53:01 ubuntu devstack@g-api.service[109172]: DEBUG glance_store.backend [-] Registering store file with schemes ('file', 'filesystem') {{(pid=109172) create_stores /opt/stack/data/venv/lib/python3.12/site-packages/glance_store/backend.py:261}}
Jan 16 20:53:01 ubuntu devstack@g-api.service[109172]: DEBUG glance_store.driver [-] Late loading location class glance_store._drivers.filesystem.StoreLocation {{(pid=109172) get_store_location_class /opt/stack/data/venv/lib/python3.12/site-packages/glance_store/driver.py:134}}
Jan 16 20:53:01 ubuntu devstack@g-api.service[109172]: DEBUG glance_store.location [-] Registering scheme file with {'store': <glance_store._drivers.filesystem.Store object at 0x7281be29ab10>, 'location_class': <class 'glance_store._drivers.filesystem.StoreLocation'>, 'store_entry': 'file'} {{(pid=109172) register_scheme_map /opt/stack/data/venv/lib/python3.12/site-packages/glance_store/location.py:146}}
Jan 16 20:53:01 ubuntu devstack@g-api.service[109172]: DEBUG glance_store.location [-] Registering scheme filesystem with {'store': <glance_store._drivers.filesystem.Store object at 0x7281be29ab10>, 'location_class': <class 'glance_store._drivers.filesystem.StoreLocation'>, 'store_entry': 'file'} {{(pid=109172) register_scheme_map /opt/stack/data/venv/lib/python3.12/site-packages/glance_store/location.py:146}}
Jan 16 20:53:01 ubuntu devstack@g-api.service[109172]: DEBUG glance.sqlite_migration [-] SQLite caching database not located, skipping migration {{(pid=109172) get_db_path /opt/stack/glance/glance/sqlite_migration.py:68}}
Jan 16 20:53:01 ubuntu devstack@g-api.service[109172]: WARNING glance.common.wsgi_app [-] Import methods are enabled but staging directory /tmp/staging/ does not exist; Imports will fail!
Jan 16 20:53:01 ubuntu devstack@g-api.service[109171]: DEBUG glance_store.backend [-] Attempting to import store cinder {{(pid=109171) _load_store /opt/stack/data/venv/lib/python3.12/site-packages/glance_store/backend.py:215}}
Jan 16 20:53:01 ubuntu devstack@g-api.service[109171]: DEBUG glance_store.backend [-] Attempting to import store file {{(pid=109171) _load_store /opt/stack/data/venv/lib/python3.12/site-packages/glance_store/backend.py:215}}
Jan 16 20:53:01 ubuntu devstack@g-api.service[109171]: DEBUG glance_store.backend [-] Attempting to import store glance.store.cinder.Store {{(pid=109171) _load_store /opt/stack/data/venv/lib/python3.12/site-packages/glance_store/backend.py:215}}
Jan 16 20:53:01 ubuntu devstack@g-api.service[109171]: DEBUG glance_store.backend [-] Attempting to import store glance.store.filesystem.Store {{(pid=109171) _load_store /opt/stack/data/venv/lib/python3.12/site-packages/glance_store/backend.py:215}}
Jan 16 20:53:01 ubuntu devstack@g-api.service[109171]: DEBUG glance_store.backend [-] Attempting to import store glance.store.http.Store {{(pid=109171) _load_store /opt/stack/data/venv/lib/python3.12/site-packages/glance_store/backend.py:215}}
Jan 16 20:53:01 ubuntu devstack@g-api.service[109171]: DEBUG glance_store.backend [-] Attempting to import store glance.store.rbd.Store {{(pid=109171) _load_store /opt/stack/data/venv/lib/python3.12/site-packages/glance_store/backend.py:215}}
Jan 16 20:53:01 ubuntu devstack@g-api.service[109171]: DEBUG glance_store.backend [-] Attempting to import store glance.store.s3.Store {{(pid=109171) _load_store /opt/stack/data/venv/lib/python3.12/site-packages/glance_store/backend.py:215}}
Jan 16 20:53:01 ubuntu devstack@g-api.service[109171]: DEBUG glance_store.backend [-] Attempting to import store glance.store.swift.Store {{(pid=109171) _load_store /opt/stack/data/venv/lib/python3.12/site-packages/glance_store/backend.py:215}}
Jan 16 20:53:01 ubuntu devstack@g-api.service[109171]: DEBUG glance_store.backend [-] Attempting to import store glance.store.vmware_datastore.Store {{(pid=109171) _load_store /opt/stack/data/venv/lib/python3.12/site-packages/glance_store/backend.py:215}}
Jan 16 20:53:01 ubuntu devstack@g-api.service[109171]: DEBUG glance_store.backend [-] Attempting to import store http {{(pid=109171) _load_store /opt/stack/data/venv/lib/python3.12/site-packages/glance_store/backend.py:215}}
Jan 16 20:53:01 ubuntu devstack@g-api.service[109171]: DEBUG glance_store.backend [-] Attempting to import store no_conf {{(pid=109171) _load_store /opt/stack/data/venv/lib/python3.12/site-packages/glance_store/backend.py:215}}
Jan 16 20:53:01 ubuntu devstack@g-api.service[109171]: DEBUG glance_store.backend [-] Attempting to import store rbd {{(pid=109171) _load_store /opt/stack/data/venv/lib/python3.12/site-packages/glance_store/backend.py:215}}
Jan 16 20:53:01 ubuntu devstack@g-api.service[109171]: DEBUG glance_store.backend [-] Attempting to import store s3 {{(pid=109171) _load_store /opt/stack/data/venv/lib/python3.12/site-packages/glance_store/backend.py:215}}
Jan 16 20:53:01 ubuntu devstack@g-api.service[109171]: DEBUG glance_store.backend [-] Attempting to import store swift {{(pid=109171) _load_store /opt/stack/data/venv/lib/python3.12/site-packages/glance_store/backend.py:215}}
Jan 16 20:53:01 ubuntu devstack@g-api.service[109171]: DEBUG glance_store.backend [-] Attempting to import store vmware {{(pid=109171) _load_store /opt/stack/data/venv/lib/python3.12/site-packages/glance_store/backend.py:215}}
Jan 16 20:53:01 ubuntu devstack@g-api.service[109171]: DEBUG glance_store.backend [-] Registering options for group glance_store {{(pid=109171) register_opts /opt/stack/data/venv/lib/python3.12/site-packages/glance_store/backend.py:144}}
Jan 16 20:53:01 ubuntu devstack@g-api.service[109171]: DEBUG glance_store.backend [-] Registering options for group glance_store {{(pid=109171) register_opts /opt/stack/data/venv/lib/python3.12/site-packages/glance_store/backend.py:144}}
Jan 16 20:53:01 ubuntu devstack@g-api.service[109171]: DEBUG glance_store.backend [-] Attempting to import store http {{(pid=109171) _load_store /opt/stack/data/venv/lib/python3.12/site-packages/glance_store/backend.py:215}}
Jan 16 20:53:01 ubuntu devstack@g-api.service[109171]: DEBUG glance_store.capabilities [-] Store glance_store._drivers.http.Store doesn't support updating dynamic storage capabilities. Please overwrite 'update_capabilities' method of the store to implement updating logics if needed. {{(pid=109171) update_capabilities /opt/stack/data/venv/lib/python3.12/site-packages/glance_store/capabilities.py:91}}
Jan 16 20:53:01 ubuntu devstack@g-api.service[109171]: DEBUG glance_store.backend [-] Registering store http with schemes ('http', 'https') {{(pid=109171) create_stores /opt/stack/data/venv/lib/python3.12/site-packages/glance_store/backend.py:261}}
Jan 16 20:53:01 ubuntu devstack@g-api.service[109171]: DEBUG glance_store.driver [-] Late loading location class glance_store._drivers.http.StoreLocation {{(pid=109171) get_store_location_class /opt/stack/data/venv/lib/python3.12/site-packages/glance_store/driver.py:134}}
Jan 16 20:53:01 ubuntu devstack@g-api.service[109171]: DEBUG glance_store.location [-] Registering scheme http with {'store': <glance_store._drivers.http.Store object at 0x7281beaa74d0>, 'location_class': <class 'glance_store._drivers.http.StoreLocation'>, 'store_entry': 'http'} {{(pid=109171) register_scheme_map /opt/stack/data/venv/lib/python3.12/site-packages/glance_store/location.py:146}}
Jan 16 20:53:01 ubuntu devstack@g-api.service[109171]: DEBUG glance_store.location [-] Registering scheme https with {'store': <glance_store._drivers.http.Store object at 0x7281beaa74d0>, 'location_class': <class 'glance_store._drivers.http.StoreLocation'>, 'store_entry': 'http'} {{(pid=109171) register_scheme_map /opt/stack/data/venv/lib/python3.12/site-packages/glance_store/location.py:146}}
Jan 16 20:53:01 ubuntu devstack@g-api.service[109171]: DEBUG glance_store.backend [-] Attempting to import store file {{(pid=109171) _load_store /opt/stack/data/venv/lib/python3.12/site-packages/glance_store/backend.py:215}}
Jan 16 20:53:01 ubuntu devstack@g-api.service[109171]: DEBUG glance_store.capabilities [-] Store glance_store._drivers.filesystem.Store doesn't support updating dynamic storage capabilities. Please overwrite 'update_capabilities' method of the store to implement updating logics if needed. {{(pid=109171) update_capabilities /opt/stack/data/venv/lib/python3.12/site-packages/glance_store/capabilities.py:91}}
Jan 16 20:53:01 ubuntu devstack@g-api.service[109171]: DEBUG glance_store.backend [-] Registering store file with schemes ('file', 'filesystem') {{(pid=109171) create_stores /opt/stack/data/venv/lib/python3.12/site-packages/glance_store/backend.py:261}}
Jan 16 20:53:01 ubuntu devstack@g-api.service[109171]: DEBUG glance_store.driver [-] Late loading location class glance_store._drivers.filesystem.StoreLocation {{(pid=109171) get_store_location_class /opt/stack/data/venv/lib/python3.12/site-packages/glance_store/driver.py:134}}
Jan 16 20:53:01 ubuntu devstack@g-api.service[109171]: DEBUG glance_store.location [-] Registering scheme file with {'store': <glance_store._drivers.filesystem.Store object at 0x7281beb76ff0>, 'location_class': <class 'glance_store._drivers.filesystem.StoreLocation'>, 'store_entry': 'file'} {{(pid=109171) register_scheme_map /opt/stack/data/venv/lib/python3.12/site-packages/glance_store/location.py:146}}
Jan 16 20:53:01 ubuntu devstack@g-api.service[109171]: DEBUG glance_store.location [-] Registering scheme filesystem with {'store': <glance_store._drivers.filesystem.Store object at 0x7281beb76ff0>, 'location_class': <class 'glance_store._drivers.filesystem.StoreLocation'>, 'store_entry': 'file'} {{(pid=109171) register_scheme_map /opt/stack/data/venv/lib/python3.12/site-packages/glance_store/location.py:146}}
Jan 16 20:53:01 ubuntu devstack@g-api.service[109171]: DEBUG glance.sqlite_migration [-] SQLite caching database not located, skipping migration {{(pid=109171) get_db_path /opt/stack/glance/glance/sqlite_migration.py:68}}
Jan 16 20:53:01 ubuntu devstack@g-api.service[109171]: WARNING glance.common.wsgi_app [-] Import methods are enabled but staging directory /tmp/staging/ does not exist; Imports will fail!
Jan 16 20:53:02 ubuntu devstack@g-api.service[109172]: DEBUG glance.common.config [None req-49cdf0cf-a321-4e3e-a425-cd479cd25b23 None None] Loading glance-api-keystone+cachemanagement from /etc/glance/glance-api-paste.ini {{(pid=109172) load_paste_app /opt/stack/glance/glance/common/config.py:750}}
Jan 16 20:53:02 ubuntu devstack@g-api.service[109171]: DEBUG glance.common.config [None req-7f5320bc-0e48-430a-80c5-129b10d9fb39 None None] Loading glance-api-keystone+cachemanagement from /etc/glance/glance-api-paste.ini {{(pid=109171) load_paste_app /opt/stack/glance/glance/common/config.py:750}}
Jan 16 20:53:03 ubuntu devstack@g-api.service[109172]: INFO glance.image_cache [None req-49cdf0cf-a321-4e3e-a425-cd479cd25b23 None None] Image cache loaded driver 'centralized_db'.
Jan 16 20:53:03 ubuntu devstack@g-api.service[109171]: INFO glance.image_cache [None req-7f5320bc-0e48-430a-80c5-129b10d9fb39 None None] Image cache loaded driver 'centralized_db'.
Jan 16 20:53:03 ubuntu devstack@g-api.service[109172]: INFO dbcounter [None req-49cdf0cf-a321-4e3e-a425-cd479cd25b23 None None] Registered counter for database glance
Jan 16 20:53:03 ubuntu devstack@g-api.service[109171]: INFO dbcounter [None req-7f5320bc-0e48-430a-80c5-129b10d9fb39 None None] Registered counter for database glance
Jan 16 20:53:03 ubuntu devstack@g-api.service[109172]: DEBUG oslo_db.sqlalchemy.engines [None req-49cdf0cf-a321-4e3e-a425-cd479cd25b23 None None] MySQL server mode set to STRICT_TRANS_TABLES,STRICT_ALL_TABLES,NO_ZERO_IN_DATE,NO_ZERO_DATE,ERROR_FOR_DIVISION_BY_ZERO,TRADITIONAL,NO_ENGINE_SUBSTITUTION {{(pid=109172) _check_effective_sql_mode /opt/stack/data/venv/lib/python3.12/site-packages/oslo_db/sqlalchemy/engines.py:397}}
Jan 16 20:53:03 ubuntu devstack@g-api.service[109171]: DEBUG oslo_db.sqlalchemy.engines [None req-7f5320bc-0e48-430a-80c5-129b10d9fb39 None None] MySQL server mode set to STRICT_TRANS_TABLES,STRICT_ALL_TABLES,NO_ZERO_IN_DATE,NO_ZERO_DATE,ERROR_FOR_DIVISION_BY_ZERO,TRADITIONAL,NO_ENGINE_SUBSTITUTION {{(pid=109171) _check_effective_sql_mode /opt/stack/data/venv/lib/python3.12/site-packages/oslo_db/sqlalchemy/engines.py:397}}
Jan 16 20:53:03 ubuntu devstack@g-api.service[109172]: DEBUG dbcounter [-] [109172] Writer thread running {{(pid=109172) stat_writer /opt/stack/data/venv/lib/python3.12/site-packages/dbcounter.py:102}}
Jan 16 20:53:03 ubuntu devstack@g-api.service[109171]: DEBUG dbcounter [-] [109171] Writer thread running {{(pid=109171) stat_writer /opt/stack/data/venv/lib/python3.12/site-packages/dbcounter.py:102}}
Jan 16 20:53:03 ubuntu devstack@g-api.service[109171]: DEBUG glance.image_cache.drivers.centralized_db [None req-7f5320bc-0e48-430a-80c5-129b10d9fb39 None None] Node reference is already recorded, ignoring it {{(pid=109171) configure /opt/stack/glance/glance/image_cache/drivers/centralized_db.py:71}}
Jan 16 20:53:03 ubuntu devstack@g-api.service[109172]: INFO glance.image_cache [None req-49cdf0cf-a321-4e3e-a425-cd479cd25b23 None None] Image cache loaded driver 'centralized_db'.
Jan 16 20:53:03 ubuntu devstack@g-api.service[109171]: INFO glance.image_cache [None req-7f5320bc-0e48-430a-80c5-129b10d9fb39 None None] Image cache loaded driver 'centralized_db'.
Jan 16 20:53:03 ubuntu devstack@g-api.service[109172]: DEBUG glance.image_cache.drivers.centralized_db [None req-49cdf0cf-a321-4e3e-a425-cd479cd25b23 None None] Node reference is already recorded, ignoring it {{(pid=109172) configure /opt/stack/glance/glance/image_cache/drivers/centralized_db.py:71}}
Jan 16 20:53:03 ubuntu devstack@g-api.service[109171]: DEBUG glance.image_cache.drivers.centralized_db [None req-7f5320bc-0e48-430a-80c5-129b10d9fb39 None None] Node reference is already recorded, ignoring it {{(pid=109171) configure /opt/stack/glance/glance/image_cache/drivers/centralized_db.py:71}}
Jan 16 20:53:03 ubuntu devstack@g-api.service[109172]: DEBUG glance.api.v2.cached_images [None req-49cdf0cf-a321-4e3e-a425-cd479cd25b23 None None] Started cache worker thread {{(pid=109172) __init__ /opt/stack/glance/glance/api/v2/cached_images.py:69}}
Jan 16 20:53:03 ubuntu devstack@g-api.service[109172]: INFO glance.image_cache [None req-49cdf0cf-a321-4e3e-a425-cd479cd25b23 None None] Image cache loaded driver 'centralized_db'.
Jan 16 20:53:03 ubuntu devstack@g-api.service[109171]: DEBUG glance.api.v2.cached_images [None req-7f5320bc-0e48-430a-80c5-129b10d9fb39 None None] Started cache worker thread {{(pid=109171) __init__ /opt/stack/glance/glance/api/v2/cached_images.py:69}}
Jan 16 20:53:03 ubuntu devstack@g-api.service[109171]: INFO glance.image_cache [None req-7f5320bc-0e48-430a-80c5-129b10d9fb39 None None] Image cache loaded driver 'centralized_db'.
Jan 16 20:53:03 ubuntu devstack@g-api.service[109172]: DEBUG glance.image_cache.drivers.centralized_db [None req-49cdf0cf-a321-4e3e-a425-cd479cd25b23 None None] Node reference is already recorded, ignoring it {{(pid=109172) configure /opt/stack/glance/glance/image_cache/drivers/centralized_db.py:71}}
Jan 16 20:53:03 ubuntu devstack@g-api.service[109171]: DEBUG glance.image_cache.drivers.centralized_db [None req-7f5320bc-0e48-430a-80c5-129b10d9fb39 None None] Node reference is already recorded, ignoring it {{(pid=109171) configure /opt/stack/glance/glance/image_cache/drivers/centralized_db.py:71}}
Jan 16 20:53:03 ubuntu devstack@g-api.service[109172]: INFO glance.api.middleware.cache_manage [None req-49cdf0cf-a321-4e3e-a425-cd479cd25b23 None None] Initialized image cache management middleware
Jan 16 20:53:03 ubuntu devstack@g-api.service[109172]: INFO glance.image_cache [None req-49cdf0cf-a321-4e3e-a425-cd479cd25b23 None None] Image cache loaded driver 'centralized_db'.
Jan 16 20:53:03 ubuntu devstack@g-api.service[109171]: INFO glance.api.middleware.cache_manage [None req-7f5320bc-0e48-430a-80c5-129b10d9fb39 None None] Initialized image cache management middleware
Jan 16 20:53:03 ubuntu devstack@g-api.service[109171]: INFO glance.image_cache [None req-7f5320bc-0e48-430a-80c5-129b10d9fb39 None None] Image cache loaded driver 'centralized_db'.
Jan 16 20:53:03 ubuntu devstack@g-api.service[109172]: DEBUG glance.image_cache.drivers.centralized_db [None req-49cdf0cf-a321-4e3e-a425-cd479cd25b23 None None] Node reference is already recorded, ignoring it {{(pid=109172) configure /opt/stack/glance/glance/image_cache/drivers/centralized_db.py:71}}
Jan 16 20:53:03 ubuntu devstack@g-api.service[109172]: INFO glance.api.middleware.cache [None req-49cdf0cf-a321-4e3e-a425-cd479cd25b23 None None] Initialized image cache middleware
Jan 16 20:53:03 ubuntu devstack@g-api.service[109171]: DEBUG glance.image_cache.drivers.centralized_db [None req-7f5320bc-0e48-430a-80c5-129b10d9fb39 None None] Node reference is already recorded, ignoring it {{(pid=109171) configure /opt/stack/glance/glance/image_cache/drivers/centralized_db.py:71}}
Jan 16 20:53:03 ubuntu devstack@g-api.service[109171]: INFO glance.api.middleware.cache [None req-7f5320bc-0e48-430a-80c5-129b10d9fb39 None None] Initialized image cache middleware
Jan 16 20:53:03 ubuntu devstack@g-api.service[109172]: WARNING keystonemiddleware.auth_token [None req-49cdf0cf-a321-4e3e-a425-cd479cd25b23 None None] AuthToken middleware is set with keystone_authtoken.service_token_roles_required set to False. This is backwards compatible but deprecated behaviour. Please set this to True.
Jan 16 20:53:03 ubuntu devstack@g-api.service[109172]: WARNING keystonemiddleware.auth_token [None req-49cdf0cf-a321-4e3e-a425-cd479cd25b23 None None] Configuring www_authenticate_uri to point to the public identity endpoint is required; clients may not be able to authenticate against an admin endpoint
Jan 16 20:53:03 ubuntu devstack@g-api.service[109171]: WARNING keystonemiddleware.auth_token [None req-7f5320bc-0e48-430a-80c5-129b10d9fb39 None None] AuthToken middleware is set with keystone_authtoken.service_token_roles_required set to False. This is backwards compatible but deprecated behaviour. Please set this to True.
Jan 16 20:53:03 ubuntu devstack@g-api.service[109172]: DEBUG glance.common.config [None req-49cdf0cf-a321-4e3e-a425-cd479cd25b23 None None] ******************************************************************************** {{(pid=109172) log_opt_values /opt/stack/data/venv/lib/python3.12/site-packages/oslo_config/cfg.py:2804}}
Jan 16 20:53:03 ubuntu devstack@g-api.service[109172]: DEBUG glance.common.config [None req-49cdf0cf-a321-4e3e-a425-cd479cd25b23 None None] Configuration options gathered from: {{(pid=109172) log_opt_values /opt/stack/data/venv/lib/python3.12/site-packages/oslo_config/cfg.py:2805}}
Jan 16 20:53:03 ubuntu devstack@g-api.service[109172]: DEBUG glance.common.config [None req-49cdf0cf-a321-4e3e-a425-cd479cd25b23 None None] command line args: [] {{(pid=109172) log_opt_values /opt/stack/data/venv/lib/python3.12/site-packages/oslo_config/cfg.py:2806}}
Jan 16 20:53:03 ubuntu devstack@g-api.service[109172]: DEBUG glance.common.config [None req-49cdf0cf-a321-4e3e-a425-cd479cd25b23 None None] config files: ['/etc/glance/glance-image-import.conf', '/etc/glance/glance-api.conf'] {{(pid=109172) log_opt_values /opt/stack/data/venv/lib/python3.12/site-packages/oslo_config/cfg.py:2807}}
Jan 16 20:53:03 ubuntu devstack@g-api.service[109172]: DEBUG glance.common.config [None req-49cdf0cf-a321-4e3e-a425-cd479cd25b23 None None] ================================================================================ {{(pid=109172) log_opt_values /opt/stack/data/venv/lib/python3.12/site-packages/oslo_config/cfg.py:2809}}
Jan 16 20:53:03 ubuntu devstack@g-api.service[109172]: DEBUG glance.common.config [None req-49cdf0cf-a321-4e3e-a425-cd479cd25b23 None None] allow_anonymous_access         = False {{(pid=109172) log_opt_values /opt/stack/data/venv/lib/python3.12/site-packages/oslo_config/cfg.py:2817}}
Jan 16 20:53:03 ubuntu devstack@g-api.service[109172]: DEBUG glance.common.config [None req-49cdf0cf-a321-4e3e-a425-cd479cd25b23 None None] api_limit_max                  = 1000 {{(pid=109172) log_opt_values /opt/stack/data/venv/lib/python3.12/site-packages/oslo_config/cfg.py:2817}}
Jan 16 20:53:03 ubuntu devstack@g-api.service[109172]: DEBUG glance.common.config [None req-49cdf0cf-a321-4e3e-a425-cd479cd25b23 None None] backlog                        = 4096 {{(pid=109172) log_opt_values /opt/stack/data/venv/lib/python3.12/site-packages/oslo_config/cfg.py:2817}}
Jan 16 20:53:03 ubuntu devstack@g-api.service[109172]: DEBUG glance.common.config [None req-49cdf0cf-a321-4e3e-a425-cd479cd25b23 None None] bind_host                      = 0.0.0.0 {{(pid=109172) log_opt_values /opt/stack/data/venv/lib/python3.12/site-packages/oslo_config/cfg.py:2817}}
Jan 16 20:53:03 ubuntu devstack@g-api.service[109172]: DEBUG glance.common.config [None req-49cdf0cf-a321-4e3e-a425-cd479cd25b23 None None] bind_port                      = None {{(pid=109172) log_opt_values /opt/stack/data/venv/lib/python3.12/site-packages/oslo_config/cfg.py:2817}}
Jan 16 20:53:03 ubuntu devstack@g-api.service[109172]: DEBUG glance.common.config [None req-49cdf0cf-a321-4e3e-a425-cd479cd25b23 None None] client_socket_timeout          = 900 {{(pid=109172) log_opt_values /opt/stack/data/venv/lib/python3.12/site-packages/oslo_config/cfg.py:2817}}
Jan 16 20:53:03 ubuntu devstack@g-api.service[109172]: DEBUG glance.common.config [None req-49cdf0cf-a321-4e3e-a425-cd479cd25b23 None None] config_dir                     = [] {{(pid=109172) log_opt_values /opt/stack/data/venv/lib/python3.12/site-packages/oslo_config/cfg.py:2817}}
Jan 16 20:53:03 ubuntu devstack@g-api.service[109172]: DEBUG glance.common.config [None req-49cdf0cf-a321-4e3e-a425-cd479cd25b23 None None] config_file                    = ['/etc/glance/glance-image-import.conf', '/etc/glance/glance-api.conf'] {{(pid=109172) log_opt_values /opt/stack/data/venv/lib/python3.12/site-packages/oslo_config/cfg.py:2817}}
Jan 16 20:53:03 ubuntu devstack@g-api.service[109172]: DEBUG glance.common.config [None req-49cdf0cf-a321-4e3e-a425-cd479cd25b23 None None] config_source                  = [] {{(pid=109172) log_opt_values /opt/stack/data/venv/lib/python3.12/site-packages/oslo_config/cfg.py:2817}}
Jan 16 20:53:03 ubuntu devstack@g-api.service[109172]: DEBUG glance.common.config [None req-49cdf0cf-a321-4e3e-a425-cd479cd25b23 None None] control_exchange               = glance {{(pid=109172) log_opt_values /opt/stack/data/venv/lib/python3.12/site-packages/oslo_config/cfg.py:2817}}
Jan 16 20:53:03 ubuntu devstack@g-api.service[109172]: DEBUG glance.common.config [None req-49cdf0cf-a321-4e3e-a425-cd479cd25b23 None None] debug                          = True {{(pid=109172) log_opt_values /opt/stack/data/venv/lib/python3.12/site-packages/oslo_config/cfg.py:2817}}
Jan 16 20:53:03 ubuntu devstack@g-api.service[109172]: DEBUG glance.common.config [None req-49cdf0cf-a321-4e3e-a425-cd479cd25b23 None None] default_log_levels             = ['amqp=WARN', 'amqplib=WARN', 'boto=WARN', 'qpid=WARN', 'sqlalchemy=WARN', 'suds=INFO', 'oslo.messaging=INFO', 'oslo_messaging=INFO', 'iso8601=WARN', 'requests.packages.urllib3.connectionpool=WARN', 'urllib3.connectionpool=WARN', 'websocket=WARN', 'requests.packages.urllib3.util.retry=WARN', 'urllib3.util.retry=WARN', 'keystonemiddleware=WARN', 'routes.middleware=WARN', 'stevedore=WARN', 'taskflow=WARN', 'keystoneauth=WARN', 'oslo.cache=INFO', 'oslo_policy=INFO', 'dogpile.core.dogpile=INFO'] {{(pid=109172) log_opt_values /opt/stack/data/venv/lib/python3.12/site-packages/oslo_config/cfg.py:2817}}
Jan 16 20:53:03 ubuntu devstack@g-api.service[109172]: DEBUG glance.common.config [None req-49cdf0cf-a321-4e3e-a425-cd479cd25b23 None None] default_publisher_id           = image.localhost {{(pid=109172) log_opt_values /opt/stack/data/venv/lib/python3.12/site-packages/oslo_config/cfg.py:2817}}
Jan 16 20:53:03 ubuntu devstack@g-api.service[109172]: DEBUG glance.common.config [None req-49cdf0cf-a321-4e3e-a425-cd479cd25b23 None None] delayed_delete                 = False {{(pid=109172) log_opt_values /opt/stack/data/venv/lib/python3.12/site-packages/oslo_config/cfg.py:2817}}
Jan 16 20:53:03 ubuntu devstack@g-api.service[109172]: DEBUG glance.common.config [None req-49cdf0cf-a321-4e3e-a425-cd479cd25b23 None None] digest_algorithm               = sha256 {{(pid=109172) log_opt_values /opt/stack/data/venv/lib/python3.12/site-packages/oslo_config/cfg.py:2817}}
Jan 16 20:53:03 ubuntu devstack@g-api.service[109172]: DEBUG glance.common.config [None req-49cdf0cf-a321-4e3e-a425-cd479cd25b23 None None] disabled_notifications         = [] {{(pid=109172) log_opt_values /opt/stack/data/venv/lib/python3.12/site-packages/oslo_config/cfg.py:2817}}
Jan 16 20:53:03 ubuntu devstack@g-api.service[109171]: WARNING keystonemiddleware.auth_token [None req-7f5320bc-0e48-430a-80c5-129b10d9fb39 None None] Configuring www_authenticate_uri to point to the public identity endpoint is required; clients may not be able to authenticate against an admin endpoint
Jan 16 20:53:03 ubuntu devstack@g-api.service[109172]: DEBUG glance.common.config [None req-49cdf0cf-a321-4e3e-a425-cd479cd25b23 None None] do_secure_hash                 = True {{(pid=109172) log_opt_values /opt/stack/data/venv/lib/python3.12/site-packages/oslo_config/cfg.py:2817}}
Jan 16 20:53:03 ubuntu devstack@g-api.service[109172]: DEBUG glance.common.config [None req-49cdf0cf-a321-4e3e-a425-cd479cd25b23 None None] enabled_backends               = None {{(pid=109172) log_opt_values /opt/stack/data/venv/lib/python3.12/site-packages/oslo_config/cfg.py:2817}}
Jan 16 20:53:03 ubuntu devstack@g-api.service[109172]: DEBUG glance.common.config [None req-49cdf0cf-a321-4e3e-a425-cd479cd25b23 None None] enabled_import_methods         = ['glance-direct', 'web-download', 'copy-image'] {{(pid=109172) log_opt_values /opt/stack/data/venv/lib/python3.12/site-packages/oslo_config/cfg.py:2817}}
Jan 16 20:53:03 ubuntu devstack@g-api.service[109172]: DEBUG glance.common.config [None req-49cdf0cf-a321-4e3e-a425-cd479cd25b23 None None] hashing_algorithm              = sha512 {{(pid=109172) log_opt_values /opt/stack/data/venv/lib/python3.12/site-packages/oslo_config/cfg.py:2817}}
Jan 16 20:53:03 ubuntu devstack@g-api.service[109172]: DEBUG glance.common.config [None req-49cdf0cf-a321-4e3e-a425-cd479cd25b23 None None] http_keepalive                 = True {{(pid=109172) log_opt_values /opt/stack/data/venv/lib/python3.12/site-packages/oslo_config/cfg.py:2817}}
Jan 16 20:53:03 ubuntu devstack@g-api.service[109172]: DEBUG glance.common.config [None req-49cdf0cf-a321-4e3e-a425-cd479cd25b23 None None] http_retries                   = 3 {{(pid=109172) log_opt_values /opt/stack/data/venv/lib/python3.12/site-packages/oslo_config/cfg.py:2817}}
Jan 16 20:53:03 ubuntu devstack@g-api.service[109172]: DEBUG glance.common.config [None req-49cdf0cf-a321-4e3e-a425-cd479cd25b23 None None] image_cache_dir                = /opt/stack/data/glance/cache/ {{(pid=109172) log_opt_values /opt/stack/data/venv/lib/python3.12/site-packages/oslo_config/cfg.py:2817}}
Jan 16 20:53:03 ubuntu devstack@g-api.service[109172]: DEBUG glance.common.config [None req-49cdf0cf-a321-4e3e-a425-cd479cd25b23 None None] image_cache_driver             = centralized_db {{(pid=109172) log_opt_values /opt/stack/data/venv/lib/python3.12/site-packages/oslo_config/cfg.py:2817}}
Jan 16 20:53:03 ubuntu devstack@g-api.service[109172]: DEBUG glance.common.config [None req-49cdf0cf-a321-4e3e-a425-cd479cd25b23 None None] image_cache_max_size           = 10737418240 {{(pid=109172) log_opt_values /opt/stack/data/venv/lib/python3.12/site-packages/oslo_config/cfg.py:2817}}
Jan 16 20:53:03 ubuntu devstack@g-api.service[109172]: DEBUG glance.common.config [None req-49cdf0cf-a321-4e3e-a425-cd479cd25b23 None None] image_cache_sqlite_db          = cache.db {{(pid=109172) log_opt_values /opt/stack/data/venv/lib/python3.12/site-packages/oslo_config/cfg.py:2817}}
Jan 16 20:53:03 ubuntu devstack@g-api.service[109172]: DEBUG glance.common.config [None req-49cdf0cf-a321-4e3e-a425-cd479cd25b23 None None] image_cache_stall_time         = 86400 {{(pid=109172) log_opt_values /opt/stack/data/venv/lib/python3.12/site-packages/oslo_config/cfg.py:2817}}
Jan 16 20:53:03 ubuntu devstack@g-api.service[109172]: DEBUG glance.common.config [None req-49cdf0cf-a321-4e3e-a425-cd479cd25b23 None None] image_location_quota           = 10 {{(pid=109172) log_opt_values /opt/stack/data/venv/lib/python3.12/site-packages/oslo_config/cfg.py:2817}}
Jan 16 20:53:03 ubuntu devstack@g-api.service[109172]: DEBUG glance.common.config [None req-49cdf0cf-a321-4e3e-a425-cd479cd25b23 None None] image_member_quota             = 128 {{(pid=109172) log_opt_values /opt/stack/data/venv/lib/python3.12/site-packages/oslo_config/cfg.py:2817}}
Jan 16 20:53:03 ubuntu devstack@g-api.service[109172]: DEBUG glance.common.config [None req-49cdf0cf-a321-4e3e-a425-cd479cd25b23 None None] image_property_quota           = 128 {{(pid=109172) log_opt_values /opt/stack/data/venv/lib/python3.12/site-packages/oslo_config/cfg.py:2817}}
Jan 16 20:53:03 ubuntu devstack@g-api.service[109172]: DEBUG glance.common.config [None req-49cdf0cf-a321-4e3e-a425-cd479cd25b23 None None] image_size_cap                 = 1099511627776 {{(pid=109172) log_opt_values /opt/stack/data/venv/lib/python3.12/site-packages/oslo_config/cfg.py:2817}}
Jan 16 20:53:03 ubuntu devstack@g-api.service[109172]: DEBUG glance.common.config [None req-49cdf0cf-a321-4e3e-a425-cd479cd25b23 None None] image_tag_quota                = 128 {{(pid=109172) log_opt_values /opt/stack/data/venv/lib/python3.12/site-packages/oslo_config/cfg.py:2817}}
Jan 16 20:53:03 ubuntu devstack@g-api.service[109172]: DEBUG glance.common.config [None req-49cdf0cf-a321-4e3e-a425-cd479cd25b23 None None] instance_format                = [instance: %(uuid)s]  {{(pid=109172) log_opt_values /opt/stack/data/venv/lib/python3.12/site-packages/oslo_config/cfg.py:2817}}
Jan 16 20:53:03 ubuntu devstack@g-api.service[109172]: DEBUG glance.common.config [None req-49cdf0cf-a321-4e3e-a425-cd479cd25b23 None None] instance_uuid_format           = [instance: %(uuid)s]  {{(pid=109172) log_opt_values /opt/stack/data/venv/lib/python3.12/site-packages/oslo_config/cfg.py:2817}}
Jan 16 20:53:03 ubuntu devstack@g-api.service[109172]: DEBUG glance.common.config [None req-49cdf0cf-a321-4e3e-a425-cd479cd25b23 None None] limit_param_default            = 25 {{(pid=109172) log_opt_values /opt/stack/data/venv/lib/python3.12/site-packages/oslo_config/cfg.py:2817}}
Jan 16 20:53:03 ubuntu devstack@g-api.service[109172]: DEBUG glance.common.config [None req-49cdf0cf-a321-4e3e-a425-cd479cd25b23 None None] log_color                      = True {{(pid=109172) log_opt_values /opt/stack/data/venv/lib/python3.12/site-packages/oslo_config/cfg.py:2817}}
Jan 16 20:53:03 ubuntu devstack@g-api.service[109172]: DEBUG glance.common.config [None req-49cdf0cf-a321-4e3e-a425-cd479cd25b23 None None] log_config_append              = None {{(pid=109172) log_opt_values /opt/stack/data/venv/lib/python3.12/site-packages/oslo_config/cfg.py:2817}}
Jan 16 20:53:03 ubuntu devstack@g-api.service[109172]: DEBUG glance.common.config [None req-49cdf0cf-a321-4e3e-a425-cd479cd25b23 None None] log_date_format                = %Y-%m-%d %H:%M:%S {{(pid=109172) log_opt_values /opt/stack/data/venv/lib/python3.12/site-packages/oslo_config/cfg.py:2817}}
Jan 16 20:53:03 ubuntu devstack@g-api.service[109172]: DEBUG glance.common.config [None req-49cdf0cf-a321-4e3e-a425-cd479cd25b23 None None] log_dir                        = None {{(pid=109172) log_opt_values /opt/stack/data/venv/lib/python3.12/site-packages/oslo_config/cfg.py:2817}}
Jan 16 20:53:03 ubuntu devstack@g-api.service[109172]: DEBUG glance.common.config [None req-49cdf0cf-a321-4e3e-a425-cd479cd25b23 None None] log_file                       = None {{(pid=109172) log_opt_values /opt/stack/data/venv/lib/python3.12/site-packages/oslo_config/cfg.py:2817}}
Jan 16 20:53:03 ubuntu devstack@g-api.service[109172]: DEBUG glance.common.config [None req-49cdf0cf-a321-4e3e-a425-cd479cd25b23 None None] log_rotate_interval            = 1 {{(pid=109172) log_opt_values /opt/stack/data/venv/lib/python3.12/site-packages/oslo_config/cfg.py:2817}}
Jan 16 20:53:03 ubuntu devstack@g-api.service[109172]: DEBUG glance.common.config [None req-49cdf0cf-a321-4e3e-a425-cd479cd25b23 None None] log_rotate_interval_type       = days {{(pid=109172) log_opt_values /opt/stack/data/venv/lib/python3.12/site-packages/oslo_config/cfg.py:2817}}
Jan 16 20:53:03 ubuntu devstack@g-api.service[109172]: DEBUG glance.common.config [None req-49cdf0cf-a321-4e3e-a425-cd479cd25b23 None None] log_rotation_type              = none {{(pid=109172) log_opt_values /opt/stack/data/venv/lib/python3.12/site-packages/oslo_config/cfg.py:2817}}
Jan 16 20:53:03 ubuntu devstack@g-api.service[109172]: DEBUG glance.common.config [None req-49cdf0cf-a321-4e3e-a425-cd479cd25b23 None None] logging_context_format_string  = %(color)s%(levelname)s %(name)s [%(global_request_id)s %(request_id)s %(project_name)s %(user_name)s%(color)s] %(instance)s%(color)s%(message)s {{(pid=109172) log_opt_values /opt/stack/data/venv/lib/python3.12/site-packages/oslo_config/cfg.py:2817}}
Jan 16 20:53:03 ubuntu devstack@g-api.service[109172]: DEBUG glance.common.config [None req-49cdf0cf-a321-4e3e-a425-cd479cd25b23 None None] logging_debug_format_suffix    = {{(pid=%(process)d) %(funcName)s %(pathname)s:%(lineno)d}} {{(pid=109172) log_opt_values /opt/stack/data/venv/lib/python3.12/site-packages/oslo_config/cfg.py:2817}}
Jan 16 20:53:03 ubuntu devstack@g-api.service[109172]: DEBUG glance.common.config [None req-49cdf0cf-a321-4e3e-a425-cd479cd25b23 None None] logging_default_format_string  = %(color)s%(levelname)s %(name)s [-%(color)s] %(instance)s%(color)s%(message)s {{(pid=109172) log_opt_values /opt/stack/data/venv/lib/python3.12/site-packages/oslo_config/cfg.py:2817}}
Jan 16 20:53:03 ubuntu devstack@g-api.service[109172]: DEBUG glance.common.config [None req-49cdf0cf-a321-4e3e-a425-cd479cd25b23 None None] logging_exception_prefix       = ERROR %(name)s %(instance)s {{(pid=109172) log_opt_values /opt/stack/data/venv/lib/python3.12/site-packages/oslo_config/cfg.py:2817}}
Jan 16 20:53:03 ubuntu devstack@g-api.service[109172]: DEBUG glance.common.config [None req-49cdf0cf-a321-4e3e-a425-cd479cd25b23 None None] logging_user_identity_format   = %(user)s %(project)s %(domain)s %(system_scope)s %(user_domain)s %(project_domain)s {{(pid=109172) log_opt_values /opt/stack/data/venv/lib/python3.12/site-packages/oslo_config/cfg.py:2817}}
Jan 16 20:53:03 ubuntu devstack@g-api.service[109172]: DEBUG glance.common.config [None req-49cdf0cf-a321-4e3e-a425-cd479cd25b23 None None] max_header_line                = 16384 {{(pid=109172) log_opt_values /opt/stack/data/venv/lib/python3.12/site-packages/oslo_config/cfg.py:2817}}
Jan 16 20:53:03 ubuntu devstack@g-api.service[109172]: DEBUG glance.common.config [None req-49cdf0cf-a321-4e3e-a425-cd479cd25b23 None None] max_logfile_count              = 30 {{(pid=109172) log_opt_values /opt/stack/data/venv/lib/python3.12/site-packages/oslo_config/cfg.py:2817}}
Jan 16 20:53:03 ubuntu devstack@g-api.service[109172]: DEBUG glance.common.config [None req-49cdf0cf-a321-4e3e-a425-cd479cd25b23 None None] max_logfile_size_mb            = 200 {{(pid=109172) log_opt_values /opt/stack/data/venv/lib/python3.12/site-packages/oslo_config/cfg.py:2817}}
Jan 16 20:53:03 ubuntu devstack@g-api.service[109172]: DEBUG glance.common.config [None req-49cdf0cf-a321-4e3e-a425-cd479cd25b23 None None] max_request_id_length          = 64 {{(pid=109172) log_opt_values /opt/stack/data/venv/lib/python3.12/site-packages/oslo_config/cfg.py:2817}}
Jan 16 20:53:03 ubuntu devstack@g-api.service[109172]: DEBUG glance.common.config [None req-49cdf0cf-a321-4e3e-a425-cd479cd25b23 None None] metadata_encryption_key        = **** {{(pid=109172) log_opt_values /opt/stack/data/venv/lib/python3.12/site-packages/oslo_config/cfg.py:2817}}
Jan 16 20:53:03 ubuntu devstack@g-api.service[109172]: DEBUG glance.common.config [None req-49cdf0cf-a321-4e3e-a425-cd479cd25b23 None None] node_staging_uri               = file:///tmp/staging/ {{(pid=109172) log_opt_values /opt/stack/data/venv/lib/python3.12/site-packages/oslo_config/cfg.py:2817}}
Jan 16 20:53:03 ubuntu devstack@g-api.service[109172]: DEBUG glance.common.config [None req-49cdf0cf-a321-4e3e-a425-cd479cd25b23 None None] property_protection_file       = None {{(pid=109172) log_opt_values /opt/stack/data/venv/lib/python3.12/site-packages/oslo_config/cfg.py:2817}}
Jan 16 20:53:03 ubuntu devstack@g-api.service[109172]: DEBUG glance.common.config [None req-49cdf0cf-a321-4e3e-a425-cd479cd25b23 None None] property_protection_rule_format = roles {{(pid=109172) log_opt_values /opt/stack/data/venv/lib/python3.12/site-packages/oslo_config/cfg.py:2817}}
Jan 16 20:53:03 ubuntu devstack@g-api.service[109172]: DEBUG glance.common.config [None req-49cdf0cf-a321-4e3e-a425-cd479cd25b23 None None] public_endpoint                = http://10.132.44.205/image {{(pid=109172) log_opt_values /opt/stack/data/venv/lib/python3.12/site-packages/oslo_config/cfg.py:2817}}
Jan 16 20:53:03 ubuntu devstack@g-api.service[109172]: DEBUG glance.common.config [None req-49cdf0cf-a321-4e3e-a425-cd479cd25b23 None None] publish_errors                 = False {{(pid=109172) log_opt_values /opt/stack/data/venv/lib/python3.12/site-packages/oslo_config/cfg.py:2817}}
Jan 16 20:53:03 ubuntu devstack@g-api.service[109172]: DEBUG glance.common.config [None req-49cdf0cf-a321-4e3e-a425-cd479cd25b23 None None] pydev_worker_debug_host        = None {{(pid=109172) log_opt_values /opt/stack/data/venv/lib/python3.12/site-packages/oslo_config/cfg.py:2817}}
Jan 16 20:53:03 ubuntu devstack@g-api.service[109171]: DEBUG glance.common.config [None req-7f5320bc-0e48-430a-80c5-129b10d9fb39 None None] ******************************************************************************** {{(pid=109171) log_opt_values /opt/stack/data/venv/lib/python3.12/site-packages/oslo_config/cfg.py:2804}}
Jan 16 20:53:03 ubuntu devstack@g-api.service[109172]: DEBUG glance.common.config [None req-49cdf0cf-a321-4e3e-a425-cd479cd25b23 None None] pydev_worker_debug_port        = 5678 {{(pid=109172) log_opt_values /opt/stack/data/venv/lib/python3.12/site-packages/oslo_config/cfg.py:2817}}
Jan 16 20:53:03 ubuntu devstack@g-api.service[109171]: DEBUG glance.common.config [None req-7f5320bc-0e48-430a-80c5-129b10d9fb39 None None] Configuration options gathered from: {{(pid=109171) log_opt_values /opt/stack/data/venv/lib/python3.12/site-packages/oslo_config/cfg.py:2805}}
