"pcp-dstat 6.2.0 CSV Output"
"Author:","PCP team <pcp@groups.io> and Dag Wieers <dag@wieers.com>",,,,"URL:","https://pcp.io/ and http://dag.wieers.com/home-made/dstat/"
"Host:","np0000094327",,,,"User:","ubuntu"
"Cmdline:","dstat -tcmndrylpg --tcp --output /tmp/devstack_logs/dstat-csv.log",,,,"Date:","11 Jun 2026 16:38:44 UTC"
"system","total usage",,,,,"memory usage",,,,"net/total",,"dsk/total",,"io/total",,"system",,"load avg",,,"procs",,,"paging",,"tcp sockets",,,,
"time","total usage:usr","total usage:sys","total usage:idl","total usage:wai","total usage:stl","used","free","buf","cach","net/total:recv","net/total:send","dsk/total:read","dsk/total:writ","read","writ","int","csw","1m","5m","15m","run","blk","new","in","out","lis","act","syn","tim","clo"
11-06 16:38:44,,1017908,1626668,161196,5016932,,,,,,,1.250,1.060,0.670,2,0,,,,10,6,0,17,0
11-06 16:38:45,26.914,19.936,51.584,0.498,0,1037884,1606124,161320,5017276,26208.781,10833.189,0,1299.823,0,38.875,5338,3669,1.250,1.060,0.670,2,0,231.257,0,0,10,6,0,17,0
11-06 16:38:46,26.006,20.004,51.761,0.500,0,1046508,1597060,161432,5017496,33757.289,10473.262,0,992.214,0,30.006,5031,2893,1.250,1.060,0.670,1,0,214.046,0,0,10,5,0,13,1
11-06 16:38:47,27.899,20.675,48.824,0.498,0,1046852,1596324,161540,5017740,37037.507,8243.289,0,2204.056,0,125.547,4914,2838,1.250,1.060,0.670,2,0,187.325,0,0,10,4,0,13,2
11-06 16:38:48,29.635,21.599,48.220,0.502,0,1040428,1596716,161684,5023872,25265.276,12120.301,0,1510.894,0,43.197,5314,3859,1.250,1.060,0.670,10,0,193.885,0,0,10,4,0,13,2
11-06 16:38:49,35.253,17.751,45.004,0.500,0,1051008,1569228,161820,5039360,174676.596,7264.565,0,1244.097,0,71.006,4391,2650,1.230,1.060,0.670,2,0,121.009,0,0,10,4,0,13,2
11-06 16:38:50,38.902,17.456,41.645,0.748,0,1042428,1565456,162568,5049044,12612.288,1657.832,0,1364.569,0,56.857,5183,4312,1.230,1.060,0.670,2,0,131.669,0,0,10,4,0,11,2
11-06 16:38:51,39.561,18.028,40.813,0.250,0,1040436,1549780,163060,5064352,10825.744,1514.342,0,1394.156,0,30.046,6143,6202,1.230,1.060,0.670,3,0,183.283,0,0,10,4,0,11,2
11-06 16:38:52,38.889,13.960,41.381,3.989,0,1051980,1516024,163536,5084116,12342.641,1615.372,793.726,1627.338,22.934,49.857,5216,5005,1.230,1.060,0.670,1,1,84.757,0,0,10,4,0,11,2
11-06 16:38:53,31.108,13.045,54.189,1.505,0,1052120,1498508,164612,5097604,13274.285,1625.668,216.756,13125.767,15.052,119.416,3100,1856,1.230,1.060,0.670,1,0,16.056,0,0,10,4,0,11,2
11-06 16:38:54,22.498,1.750,73.745,0.750,0,1050964,1469940,165532,5123760,13141.064,1619.885,0,2915.792,0,182.987,1988,1380,1.210,1.060,0.680,1,0,0,0,0,10,4,0,11,2
11-06 16:38:55,22.736,2.498,73.704,0.750,0,1049424,1482936,166000,5111144,13546.599,2098.698,0,1295.197,0,44.972,1952,1219,1.210,1.060,0.680,1,0,1.999,0,0,10,2,0,11,0
11-06 16:38:56,18.512,3.502,78.049,0,0,1059136,1473188,166028,5111152,12395.767,2905.821,0,8.005,0,1.001,1756,937,1.210,1.060,0.680,0,0,33.021,0,0,10,3,0,11,0
11-06 16:38:57,21.550,2.756,74.674,0.251,0,1036044,1489544,166144,5117124,11652.115,3471.077,0,1948.534,0,20.047,1742,1025,1.210,1.060,0.680,1,0,3.007,0,0,10,2,0,11,0
11-06 16:38:58,22.948,6.236,68.594,0,0,1031568,1493384,166152,5117548,14115.807,1508.560,0,0,0,0,11991,21460,1.210,1.060,0.680,1,0,12.970,0,0,10,2,0,11,0
11-06 16:38:59,21.780,4.506,72.849,0,0,1021648,1502020,166204,5118552,10974.869,1622.198,0,15120.485,0,83.113,2026,1063,1.270,1.070,0.680,1,0,8.011,0,0,10,2,0,11,0
11-06 16:39:00,22.220,7.240,68.907,0,0,1020388,1503140,166212,5118648,13292.090,1617.820,0,87.882,0,0.999,10332,18354,1.270,1.070,0.680,1,0,18.974,0,0,10,2,0,11,0
11-06 16:39:01,21.756,4.001,73.770,0,0,981868,1549572,166232,5111384,10043.789,1566.435,0,1728.480,0,14.004,1750,912,1.270,1.070,0.680,1,0,5.001,0,0,10,2,0,11,0
11-06 16:39:02,3.498,1.249,93.952,0,0,947628,1583892,166232,5111320,18032.760,131382.679,0,1091.441,0,92.952,1023,743,1.270,1.070,0.680,0,0,0,0,0,10,2,0,10,0
11-06 16:39:03,0.500,0,98.991,0,0,941268,1590252,166232,5111320,11692.965,1619.857,0,7.999,0,1.000,528,574,1.270,1.070,0.680,0,0,0,0,0,10,2,0,10,0
11-06 16:39:04,0.250,1.750,97.495,0,0,935552,1595968,166232,5111320,8955.530,1457.923,0,9827.484,0,41.998,759,764,1.170,1.060,0.680,0,0,0,0,0,10,2,0,10,0
11-06 16:39:05,0.250,0.250,99.006,0,0,928728,1602788,166232,5111324,11922.727,1620.099,0,0,0,0,528,574,1.170,1.060,0.680,0,0,0,0,0,10,2,0,10,0
11-06 16:39:06,0.500,0.500,98.750,0,0,922760,1608776,166232,5111324,11593.995,1619.999,0,1072.000,0,3.000,530,567,1.170,1.060,0.680,0,0,0,0,0,10,2,0,10,0
11-06 16:39:07,0.500,0.750,97.762,0.500,0,911228,1620316,166240,5111308,9214.169,1620.206,0,264.034,0,14.002,665,1230,1.170,1.060,0.680,0,0,1.000,0,0,10,2,0,9,0
11-06 16:39:08,0.250,0,98.742,0,0,907968,1623576,166240,5111308,12725.992,1619.872,0,0,0,0,537,551,1.170,1.060,0.680,0,0,0,0,0,10,2,0,9,0
11-06 16:39:09,0.750,2.500,96.503,0,0,906420,1625120,166244,5111308,14263.465,1620.053,0,46257.506,0,706.023,1219,976,1.080,1.040,0.680,1,0,0,0,0,10,2,0,9,0
11-06 16:39:10,0.500,0.250,98.759,0,0,904004,1627536,166244,5111308,14654.346,1566.144,0,0,0,0,583,591,1.080,1.040,0.680,0,0,0,0,0,10,2,0,9,0
11-06 16:39:11,0,0.500,98.479,0,0,902648,1628892,166244,5111308,11637.537,1619.657,0,2259.522,0,13.997,569,590,1.080,1.040,0.680,0,0,0,0,0,10,2,0,9,0
11-06 16:39:12,0.750,0.250,98.771,0.250,0,901460,1630076,166248,5111308,8144.703,1512.316,0,752.157,0,4.001,545,590,1.080,1.040,0.680,0,0,0,0,0,10,2,0,9,0
11-06 16:39:13,0.750,0.500,98.755,0,0,897552,1633984,166248,5111308,24686.223,1620.080,0,120.006,0,22.001,563,587,1.080,1.040,0.680,0,0,0,0,0,10,2,0,9,0
11-06 16:39:14,0.250,0,98.748,0,0,894272,1637264,166248,5111308,12195.750,1619.967,0,0,0,0,536,540,0.990,1.020,0.670,0,0,0,0,0,10,2,0,9,0
11-06 16:39:15,0,0.250,98.758,0,0,891404,1640132,166248,5111308,9115.774,1458.124,0,2012.171,0,5.000,523,589,0.990,1.020,0.670,0,0,0,0,0,10,2,0,9,0
11-06 16:39:16,0.500,0.250,98.740,0,0,887072,1644464,166248,5111308,12425.767,1619.839,0,0,0,0,542,562,0.990,1.020,0.670,0,0,0,0,0,10,2,0,9,0
11-06 16:39:17,0.750,0.500,98.504,0,0,881828,1649704,166248,5111312,9859.401,1566.064,0,0,0,0,557,623,0.990,1.020,0.670,1,0,1.000,0,0,10,2,0,9,0
11-06 16:39:18,0.250,0.250,98.747,0,0,877080,1654500,166248,5111312,12507.583,1511.950,0,47.998,0,3.000,552,589,0.990,1.020,0.670,0,0,0,0,0,10,2,0,9,0
11-06 16:39:19,0.500,0.250,98.496,0,0,875472,1656108,166248,5111312,11173.522,1619.931,0,4.000,0,1.000,518,558,0.910,1,0.670,1,0,0,0,0,10,2,0,9,0
11-06 16:39:20,0.750,0.500,96.253,2.250,0,873120,1658460,166248,5111312,8707.257,1458.043,0,7436.219,0,56.002,628,679,0.910,1,0.670,0,0,0,0,0,10,2,0,9,0
11-06 16:39:21,0,0,98.758,0,0,871300,1660280,166248,5111312,14374.206,1620.136,0,8.001,0,1.000,542,566,0.910,1,0.670,0,0,0,0,0,10,2,0,9,0
11-06 16:39:22,0,0.500,98.745,0,0,870184,1661396,166248,5111312,11665.414,1457.927,0,0,0,0,508,555,0.910,1,0.670,0,0,0,0,0,10,2,0,9,0
11-06 16:39:23,0.750,0.500,98.255,0.250,0,870020,1661652,166248,5111312,12432.621,1620.081,0,288.014,0,23.001,533,593,0.910,1,0.670,0,0,0,0,0,10,2,0,9,0
11-06 16:39:24,0.500,0.250,99.246,0,0,870020,1661652,166248,5111312,10331.573,1619.933,0,0,0,0,496,587,0.840,0.990,0.660,0,0,0,0,0,10,2,0,9,0
11-06 16:39:25,0,4.499,91.983,1.750,0,863720,1667952,166248,5111312,12414.745,1661.698,0,84948.567,0,369.933,1557,1432,0.840,0.990,0.660,0,0,0,0,0,10,2,0,9,0
11-06 16:39:26,0.500,0.500,98.738,0,0,863972,1667700,166248,5111312,11993.527,1619.801,0,0,0,0,502,572,0.840,0.990,0.660,0,0,0,0,0,10,2,0,9,0
11-06 16:39:27,0,0.250,98.258,0,0,864472,1667200,166248,5111312,11095.912,1620.133,0,4.000,0,1.000,547,641,0.840,0.990,0.660,0,0,1.000,0,0,10,2,0,9,0
11-06 16:39:28,0.250,0.250,98.996,0,0,864472,1667200,166248,5111312,8705.642,1457.940,0,0,0,0,478,573,0.840,0.990,0.660,0,0,0,0,0,10,2,0,9,0
11-06 16:39:29,1.000,0.500,98.772,0,0,864804,1666860,166256,5111312,12769.797,1620.355,0,1572.344,0,18.004,530,588,0.770,0.970,0.660,0,0,0,0,0,10,2,0,9,0
11-06 16:39:30,0,0,98.747,0,0,864552,1667112,166256,5111312,11197.678,1619.953,0,0,0,0,515,580,0.770,0.970,0.660,0,0,0,0,0,10,2,0,9,0
11-06 16:39:31,0.250,0.250,98.752,0,0,864552,1667112,166256,5111312,12555.270,1350.029,0,4.000,0,1.000,529,570,0.770,0.970,0.660,0,0,0,0,0,10,2,0,4,0
11-06 16:39:32,2.505,1.002,96.174,0,0,868328,1663336,166256,5111312,145485.089,3301.971,0,0,0,0,871,795,0.770,0.970,0.660,1,0,3.005,0,0,10,2,0,4,0
11-06 16:39:33,14.963,3.741,80.549,0,0,873340,1658304,166268,5111320,295158.875,9981.141,0,39.901,0,1.995,2307,1355,0.770,0.970,0.660,1,0,21.945,0,0,10,2,0,4,0
11-06 16:39:34,14.010,4.003,80.555,0.500,0,881048,1650500,166272,5111428,158586.402,9188.281,108.074,392.268,5.003,38.026,2190,1279,0.790,0.970,0.660,0,0,19.013,0,0,10,2,0,4,0
