"pcp-dstat 6.2.0 CSV Output"
"Author:","PCP team <pcp@groups.io> and Dag Wieers <dag@wieers.com>",,,,"URL:","https://pcp.io/ and http://dag.wieers.com/home-made/dstat/"
"Host:","np0000094514",,,,"User:","ubuntu"
"Cmdline:","dstat -tcmndrylpg --tcp --output /tmp/devstack_logs/dstat-csv.log",,,,"Date:","29 Jun 2026 20:12:36 UTC"
"system","total usage",,,,,"memory usage",,,,"net/total",,"dsk/total",,"io/total",,"system",,"load avg",,,"procs",,,"paging",,"tcp sockets",,,,
"time","total usage:usr","total usage:sys","total usage:idl","total usage:wai","total usage:stl","used","free","buf","cach","net/total:recv","net/total:send","dsk/total:read","dsk/total:writ","read","writ","int","csw","1m","5m","15m","run","blk","new","in","out","lis","act","syn","tim","clo"
29-06 20:12:36,,1090636,1584436,162780,4984544,,,,,,,1.560,1.100,0.690,2,0,,,,10,5,0,17,1
29-06 20:12:37,16.962,20.454,60.863,0,0,1090684,1584188,162868,4984628,17505.524,6478.391,0,770.263,0,20.953,4959,3306,1.590,1.120,0.700,3,0,229.483,0,0,10,4,0,17,2
29-06 20:12:38,24.741,19.993,52.731,0.500,0,1085612,1588760,162964,4984940,35945.741,9111.639,0,1063.608,0,36.986,4943,2871,1.590,1.120,0.700,2,0,211.922,0,0,10,4,0,17,2
29-06 20:12:39,27.216,20.225,50.437,0.499,0,1079096,1594808,163088,4985216,20721.022,11235.914,0,1326.337,0,36.954,4838,2751,1.590,1.120,0.700,2,0,196.753,0,0,10,4,0,17,2
29-06 20:12:40,30.925,21.448,46.388,0.249,0,1065412,1587204,163256,5005804,191638.074,5258.325,0,1484.422,0,77.812,5418,3729,1.590,1.120,0.700,3,0,183.558,0,0,10,4,0,11,2
29-06 20:12:41,37.795,17.020,42.550,0.751,0,1033224,1603628,164100,5018008,10853.787,1621.911,0,1333.571,0,56.066,4756,3337,1.590,1.120,0.700,2,0,136.160,0,0,10,4,0,11,2
29-06 20:12:42,39.930,17.579,42.190,0.251,0,1034876,1583988,164544,5033652,13287.877,1518.844,0,1474.645,0,35.158,5252,4446,1.630,1.130,0.710,2,0,126.570,0,0,10,4,0,11,2
29-06 20:12:43,38.501,18.500,40.751,1.000,0,1032368,1564848,165152,5052824,8826.216,1620.040,0,2468.060,0,90.002,6622,6969,1.630,1.130,0.710,2,0,188.005,0,0,10,4,0,11,2
29-06 20:12:44,39.436,16.224,41.433,1.997,0,1043344,1540176,165964,5063504,11790.977,1617.391,1010.370,3714.008,37.939,62.899,5161,5046,1.630,1.130,0.710,2,0,88.857,0,0,10,4,0,11,2
29-06 20:12:45,26.036,7.761,65.340,0.501,0,1023744,1535072,166664,5085304,8640.912,1622.236,0,9533.142,0,60.083,2396,1447,1.630,1.130,0.710,1,0,12.017,0,0,10,4,0,11,2
29-06 20:12:46,22.708,1.747,73.615,0.749,0,1013188,1533712,167320,5095044,6155.732,1563.139,0,2287.812,0,168.691,1960,1403,1.630,1.130,0.710,1,0,0,0,0,10,4,0,11,2
29-06 20:12:47,22.004,3.751,73.764,0,0,1052068,1511316,167452,5078476,8582.672,2034.396,0,516.101,0,16.003,1956,1130,1.580,1.130,0.710,1,0,19.004,0,0,10,2,0,11,0
29-06 20:12:48,17.994,2.499,78.475,0,0,1074996,1488360,167472,5078488,19039.934,4505.565,0,455.855,0,6.998,1597,897,1.580,1.130,0.710,1,0,15.995,0,0,10,3,0,11,0
29-06 20:12:49,22.805,2.506,74.178,0.501,0,1087636,1468756,167640,5084612,8515.477,1690.064,0,1070.574,0,15.036,1789,1029,1.580,1.130,0.710,1,0,3.007,0,0,10,2,0,11,0
29-06 20:12:50,22.462,5.491,69.383,0,0,1083836,1471220,167692,5085700,11682.266,1617.268,0,0,0,0,11084,20167,1.580,1.130,0.710,2,0,8.985,0,0,10,2,0,11,0
29-06 20:12:51,23.037,6.510,69.862,0,0,1074440,1480220,167700,5085876,8753.087,1568.524,0,88.142,0,1.002,5903,9376,1.580,1.130,0.710,2,0,15.024,0,0,10,2,0,11,0
29-06 20:12:52,20.759,8.754,69.531,0,0,1063796,1490792,167708,5085892,13218.829,1512.667,0,25475.233,0,118.052,7022,10950,1.530,1.130,0.710,1,0,17.007,0,0,10,2,0,11,0
29-06 20:12:53,14.964,2.743,81.058,0,0,990400,1572276,167708,5078480,27283.210,131916.734,0,1827.660,0,11.972,1664,963,1.530,1.130,0.710,0,0,4.988,0,0,10,2,0,11,0
29-06 20:12:54,0.500,0.250,98.746,0,0,975004,1587672,167708,5078480,6654.758,1511.945,0,4.000,0,1.000,473,546,1.530,1.130,0.710,0,0,0,0,0,10,2,0,11,0
29-06 20:12:55,8.500,4.000,86.248,0,0,979248,1583428,167708,5081832,10853.686,1619.953,0,4.000,0,1.000,1714,9755,1.530,1.130,0.710,3,0,35.999,0,0,11,3,0,11,0
29-06 20:12:56,1.250,1.250,96.490,0,0,944252,1618424,167708,5078480,7897.211,1565.844,0,0,0,0,739,4001,1.530,1.130,0.710,0,0,0,0,0,10,2,0,9,0
29-06 20:12:57,0.250,0.750,97.504,0.250,0,932768,1629904,167708,5078484,6134.266,1512.066,0,26769.162,0,588.026,833,745,1.410,1.110,0.710,0,0,0,0,0,10,2,0,9,0
29-06 20:12:58,0.250,0.250,98.829,0.250,0,928660,1634028,167708,5078484,10494.830,1617.200,0,614.935,0,2.995,534,580,1.410,1.110,0.710,0,0,0,0,0,10,2,0,9,0
29-06 20:12:59,0.501,0.501,98.899,0,0,922568,1640120,167708,5078484,9044.639,1622.447,0,0,0,0,510,523,1.410,1.110,0.710,0,0,0,0,0,10,2,0,9,0
29-06 20:13:00,0.250,0.250,98.748,0,0,918232,1644456,167708,5078484,10509.816,1619.972,0,8.000,0,2.000,515,551,1.410,1.110,0.710,0,0,0,0,0,10,2,0,9,0
29-06 20:13:01,0.500,0,99.005,0,0,912940,1649748,167708,5078484,8069.413,1620.083,0,4.000,0,1.000,476,551,1.410,1.110,0.710,0,0,0,0,0,10,2,0,9,0
29-06 20:13:02,1.250,2.500,95.994,0,0,908496,1654152,167712,5078520,6305.612,1565.904,0,19354.810,0,103.994,913,890,1.290,1.090,0.700,0,0,1.000,0,0,10,2,0,9,0
29-06 20:13:03,0.250,0.250,98.499,0,0,905056,1657592,167712,5078520,9741.949,1511.992,0,535.997,0,3.000,488,562,1.290,1.090,0.700,0,0,0,0,0,10,2,0,9,0
29-06 20:13:04,0.500,0.250,98.995,0,0,904716,1657932,167712,5078520,18147.124,1565.924,0,1323.936,0,67.997,455,533,1.290,1.090,0.700,0,0,0,0,0,10,2,0,9,0
29-06 20:13:05,0,0.250,98.535,0,0,904368,1658280,167712,5078520,6088.151,1512.534,0,0,0,0,429,538,1.290,1.090,0.700,0,0,0,0,0,10,2,0,9,0
29-06 20:13:06,0.250,0.250,98.971,0,0,904368,1658280,167712,5078520,11845.496,1349.601,0,3.999,0,1.000,512,540,1.290,1.090,0.700,0,0,0,0,0,10,2,0,9,0
29-06 20:13:07,0.500,0.250,98.773,0,0,901792,1660856,167712,5078520,8407.991,1296.307,0,276.065,0,7.002,493,567,1.190,1.070,0.700,0,0,0,0,0,10,2,0,9,0
29-06 20:13:08,0.250,0.250,98.484,0,0,899500,1663148,167712,5078520,10844.239,1565.746,0,0,0,0,541,544,1.190,1.070,0.700,0,0,0,0,0,10,2,0,9,0
29-06 20:13:09,0,0.250,99.001,0,0,897652,1665220,167712,5078520,10761.160,1566.023,0,72.001,0,3.000,519,542,1.190,1.070,0.700,0,0,0,0,0,10,2,0,9,0
29-06 20:13:10,0.500,0,98.494,0,0,895904,1666968,167712,5078520,6447.579,1511.901,0,0,0,0,478,544,1.190,1.070,0.700,0,0,0,0,0,10,2,0,9,0
29-06 20:13:11,0.500,0.250,98.981,0,0,894988,1667884,167712,5078520,12456.656,1619.695,0,0,0,0,514,535,1.190,1.070,0.700,0,0,0,0,0,10,2,0,9,0
29-06 20:13:12,0.500,2.250,97.019,0,0,886668,1676204,167712,5078520,8838.709,1458.282,0,30541.905,0,161.031,959,992,1.100,1.050,0.690,0,0,1.000,0,0,10,2,0,9,0
29-06 20:13:13,0.750,0.250,98.264,0,0,886668,1676204,167712,5078520,11299.572,1620.225,0,4.001,0,1.000,542,550,1.100,1.050,0.690,0,0,0,0,0,10,2,0,9,0
29-06 20:13:14,0,0.250,98.748,0.250,0,886668,1676204,167712,5078520,8819.805,1661.963,0,547.988,0,2.000,513,551,1.100,1.050,0.690,1,0,0,0,0,10,2,0,9,0
29-06 20:13:15,0.250,0.250,98.991,0,0,886668,1676204,167712,5078520,22000.945,1619.849,0,0,0,0,512,541,1.100,1.050,0.690,0,0,0,0,0,10,2,0,9,0
29-06 20:13:16,0.500,0.250,98.476,0,0,886412,1676460,167712,5078520,10100.535,1565.618,0,0,0,0,508,533,1.100,1.050,0.690,0,0,0,0,0,10,2,0,9,0
29-06 20:13:17,0.250,2.505,96.432,0.250,0.250,881016,1681856,167712,5078520,5513.405,1623.063,0,51721.612,0,239.452,1053,1081,1.010,1.040,0.690,2,0,0,0,0,10,2,0,9,0
29-06 20:13:18,0.250,0.499,98.611,0,0,880660,1682212,167712,5078520,5727.931,1617.721,0,10201.629,0,30.956,559,606,1.010,1.040,0.690,0,0,0,0,0,10,2,0,9,0
29-06 20:13:19,0.500,0.250,98.469,0,0,880660,1682212,167712,5078524,9511.018,863.729,0,1103.654,0,25.992,544,561,1.010,1.040,0.690,0,0,0,0,0,10,2,0,9,0
29-06 20:13:20,0.500,0.250,98.540,0,0,880660,1682212,167712,5078524,7330.011,810.333,0,0,0,0,514,556,1.010,1.040,0.690,0,0,0,0,0,10,2,0,8,0
29-06 20:13:21,0.250,0.750,98.724,0,0,880660,1682212,167712,5078524,10212.322,1565.590,0,0,0,0,526,559,1.010,1.040,0.690,0,0,0,0,0,10,2,0,8,0
29-06 20:13:22,0.750,0,98.754,0,0,880660,1682212,167712,5078524,8192.367,1512.068,0,0,0,0,553,621,0.930,1.020,0.690,0,0,1.000,0,0,10,2,0,8,0
29-06 20:13:23,0.250,0.250,98.762,0,0,880660,1682212,167712,5078524,10881.274,1242.145,0,0,0,0,519,568,0.930,1.020,0.690,0,0,0,0,0,10,2,0,8,0
29-06 20:13:24,8.250,2.000,88.750,0,0,899828,1663068,167712,5078524,286265.908,6799.974,0,36.000,0,3.000,1542,1019,0.930,1.020,0.690,1,0,7.000,0,0,10,2,0,8,0
29-06 20:13:25,15.953,3.739,78.520,0.499,0,911560,1651328,167716,5078528,149839.488,9494.215,107.685,3.988,4.985,0.997,2234,1323,0.930,1.020,0.690,1,0,23.930,0,0,10,2,0,4,0
29-06 20:13:26,14.818,3.516,81.376,0,0,916432,1646348,167716,5078636,301367.313,9248.698,0,4.019,0,1.005,2036,1274,0.930,1.020,0.690,1,0,16.074,0,0,10,2,0,4,0
