"pcp-dstat 6.2.0 CSV Output"
"Author:","PCP team <pcp@groups.io> and Dag Wieers <dag@wieers.com>",,,,"URL:","https://pcp.io/ and http://dag.wieers.com/home-made/dstat/"
"Host:","np0000094460",,,,"User:","ubuntu"
"Cmdline:","dstat -tcmndrylpg --tcp --output /tmp/devstack_logs/dstat-csv.log",,,,"Date:","24 Jun 2026 12:28:17 UTC"
"system","total usage",,,,,"memory usage",,,,"net/total",,"dsk/total",,"io/total",,"system",,"load avg",,,"procs",,,"paging",,"tcp sockets",,,,
"time","total usage:usr","total usage:sys","total usage:idl","total usage:wai","total usage:stl","used","free","buf","cach","net/total:recv","net/total:send","dsk/total:read","dsk/total:writ","read","writ","int","csw","1m","5m","15m","run","blk","new","in","out","lis","act","syn","tim","clo"
24-06 12:28:17,,1038344,1648508,163252,4972020,,,,,,,1.810,1.260,0.760,4,0,,,,10,4,0,13,2
24-06 12:28:18,25.922,19.691,52.094,0.249,0,1039260,1647092,163356,4972320,22503.572,11687.979,0,1240.284,0,35.892,4977,2920,1.810,1.260,0.760,1,0,215.355,0,0,10,4,0,13,2
24-06 12:28:19,29.530,20.521,47.799,0.501,0,1038524,1625948,163472,4993140,179553.119,7073.293,0,1149.185,0,31.032,5170,2953,1.810,1.260,0.760,3,0,211.218,0,0,10,4,0,13,2
24-06 12:28:20,32.001,22.001,44.251,0.250,0,1036828,1612748,163956,5005244,11665.278,1620.039,0,1428.034,0,58.001,5155,2947,1.980,1.310,0.780,5,0,197.005,0,0,10,4,0,11,2
24-06 12:28:21,34.431,22.205,42.165,0.249,0,1052756,1579248,164360,5020972,7783.315,1616.742,0,1425.128,0,35.928,5767,4532,1.980,1.310,0.780,16,0,199.598,0,0,10,4,0,11,2
24-06 12:28:22,35.331,17.791,44.602,1.503,0,1033300,1574488,165132,5041844,7108.270,1623.717,0,2994.855,0,111.255,4485,3001,1.980,1.310,0.780,3,0,119.273,0,0,10,4,0,11,2
24-06 12:28:23,40.485,16.393,40.485,0.497,0,1030956,1561588,165964,5054232,10411.889,1609.471,0,1955.210,0,61.597,5049,4204,1.980,1.310,0.780,6,0,120.214,0,0,10,4,0,11,2
24-06 12:28:24,40.731,17.851,40.479,0.754,0,1030712,1532872,166968,5079172,8450.832,1629.221,0,2554.458,0,80.455,5762,6062,1.980,1.310,0.780,3,0,181.025,0,0,10,4,0,11,2
24-06 12:28:25,40.279,13.760,42.030,3.002,0,1073148,1503720,167276,5065228,10462.536,2101.514,812.585,2878.073,24.017,240.173,5363,4968,2.070,1.340,0.790,1,1,90.065,0,0,10,2,0,11,0
24-06 12:28:26,30.484,14.992,51.972,1.999,0,1078696,1497672,167308,5065464,13396.758,2794.489,199.892,34801.187,13.992,890.519,3412,1550,2.070,1.340,0.790,0,0,47.974,0,0,10,3,0,11,0
24-06 12:28:27,19.752,2.500,76.757,0.500,0,1062584,1507340,167600,5070972,26866.350,3463.303,0,1604.140,0,19.002,1670,946,2.070,1.340,0.790,1,0,2.000,0,0,10,2,0,11,0
24-06 12:28:28,23.000,4.500,69.749,0,0,1056900,1511664,167676,5072020,10550.805,1619.970,0,4.000,0,1.000,12125,21875,2.070,1.340,0.790,1,0,7.000,0,0,10,2,0,11,0
24-06 12:28:29,21.280,5.257,73.354,0,0,1044248,1523208,167744,5072868,9083.825,1664.350,0,88.124,0,1.001,3550,4487,2.070,1.340,0.790,2,0,12.017,0,0,10,2,0,11,0
24-06 12:28:30,20.763,6.754,70.543,0,0,1039764,1527516,167788,5072960,12275.423,1620.980,0,112.068,0,3.002,10686,18633,2.060,1.350,0.800,1,0,15.009,0,0,10,2,0,11,0
24-06 12:28:31,21.443,4.488,72.806,0,0,999992,1575432,167804,5065568,10320.497,1454.125,0,9474.751,0,58.843,1879,1036,2.060,1.350,0.800,1,0,4.987,0,0,10,2,0,11,0
24-06 12:28:32,5.004,2.001,92.816,0,0,952952,1622660,167804,5065472,13296.517,131586.184,0,8822.315,0,39.028,1144,823,2.060,1.350,0.800,0,0,0,0,0,10,2,0,10,0
24-06 12:28:33,0.250,0.500,98.252,0,0,945648,1629964,167804,5065472,11139.188,1620.027,0,0,0,0,480,542,2.060,1.350,0.800,0,0,0,0,0,10,2,0,10,0
24-06 12:28:34,0.500,0.250,98.992,0,0.250,939476,1636136,167804,5065472,9181.300,1619.876,0,4.000,0,1.000,475,556,2.060,1.350,0.800,0,0,0,0,0,10,2,0,10,0
24-06 12:28:35,0.500,0.750,98.518,0,0,933128,1642484,167804,5065472,12566.320,1620.299,0,8.001,0,1.000,555,619,1.980,1.340,0.800,0,0,1.000,0,0,10,2,0,10,0
24-06 12:28:36,0.250,0.250,98.517,0,0,927936,1647680,167808,5065472,8881.490,1620.272,0,1244.209,0,4.001,515,581,1.980,1.340,0.800,0,0,0,0,0,10,2,0,9,0
24-06 12:28:37,0.500,0.750,98.219,0,0,917308,1658304,167812,5065472,6377.963,1457.535,0,13187.789,0,52.983,591,664,1.980,1.340,0.800,0,0,0,0,0,10,2,0,9,0
24-06 12:28:38,3.001,2.251,93.774,0,0,914516,1661092,167812,5066084,22770.779,1620.411,0,0,0,0,1053,4018,1.980,1.340,0.800,2,0,34.009,0,0,10,2,0,9,0
24-06 12:28:39,7.498,2.999,88.476,0,0,904932,1670676,167812,5065476,9522.434,1619.564,0,0,0,0,1837,9520,1.980,1.340,0.800,0,0,1.999,0,0,10,2,0,10,0
24-06 12:28:40,0.250,0.500,98.776,0,0,902872,1672736,167812,5065476,9304.441,1620.425,0,8.002,0,2.001,481,562,1.900,1.340,0.800,0,0,0,0,0,10,2,0,9,0
24-06 12:28:41,0.500,0,98.987,0.250,0,902596,1673012,167812,5065476,11665.447,1619.784,0,863.885,0,99.987,540,589,1.900,1.340,0.800,0,0,0,0,0,10,2,0,9,0
24-06 12:28:42,0,2.000,97.003,0,0,900392,1675216,167812,5065476,9434.251,1620.043,0,19256.511,0,119.003,817,825,1.900,1.340,0.800,0,0,0,0,0,10,2,0,9,0
24-06 12:28:43,0.250,0.250,98.746,0,0,898876,1676732,167812,5065476,12026.454,1619.926,0,2259.897,0,13.999,529,545,1.900,1.340,0.800,0,0,0,0,0,10,2,0,9,0
24-06 12:28:44,0.750,1.000,97.772,0,0,896252,1679356,167812,5065476,8541.892,1458.323,0,0,0,0,586,606,1.900,1.340,0.800,1,0,3.001,0,0,10,2,0,9,0
24-06 12:28:45,0.750,0.750,97.757,0,0,886788,1688816,167812,5065480,8220.611,1620.120,0,0,0,0,592,603,1.830,1.330,0.800,3,0,4.000,0,0,10,2,0,9,0
24-06 12:28:46,0.250,0,98.714,0,0,885892,1689712,167812,5065480,12004.649,1619.413,0,535.806,0,2.999,542,575,1.830,1.330,0.800,0,0,0,0,0,10,2,0,9,0
24-06 12:28:47,0.500,0.750,98.512,0,0,885892,1689712,167812,5065480,8857.040,1620.190,0,236.028,0,3.000,523,554,1.830,1.330,0.800,0,0,0,0,0,10,2,0,9,0
24-06 12:28:48,0.750,0.250,98.761,0,0,885892,1689712,167812,5065480,10408.131,1620.176,0,8.001,0,1.000,496,549,1.830,1.330,0.800,0,0,0,0,0,10,2,0,9,0
24-06 12:28:49,0,0.250,98.982,0,0,885864,1689740,167812,5065480,8987.333,1619.700,0,0,0,0,455,533,1.830,1.330,0.800,0,0,0,0,0,10,2,0,9,0
24-06 12:28:50,0.500,0,98.975,0,0,885672,1689932,167812,5065480,22535.255,1457.628,0,0,0,0,488,539,1.760,1.330,0.800,0,0,0,0,0,10,2,0,9,0
24-06 12:28:51,0.250,0.250,98.772,0,0,885832,1689772,167812,5065480,10513.315,1620.357,0,164.036,0,22.005,475,563,1.760,1.330,0.800,0,0,0,0,0,10,2,0,9,0
24-06 12:28:52,0.999,0.999,97.694,0,0,885892,1689712,167812,5065480,6461.275,1619.067,0,13396.278,0,97.944,698,768,1.760,1.330,0.800,1,0,0,0,0,10,2,0,9,0
24-06 12:28:53,0.250,2.251,96.784,0,0,886060,1689548,167812,5065480,6510.281,1620.568,0,40810.301,0,185.065,919,913,1.760,1.330,0.800,0,0,0,0,0,10,2,0,9,0
24-06 12:28:54,0.250,0.500,98.540,0,0,886060,1689548,167812,5065480,10876.392,1620.654,0,4.002,0,1.000,521,528,1.760,1.330,0.800,0,0,0,0,0,10,2,0,9,0
24-06 12:28:55,0.500,0,98.747,0,0,885856,1689752,167812,5065480,11775.684,1619.956,0,0,0,0,493,551,1.620,1.300,0.800,0,0,0,0,0,10,2,0,9,0
24-06 12:28:56,0.500,0.500,98.488,0.250,0,886252,1689356,167812,5065480,11033.695,1661.803,0,951.887,0,2.000,562,608,1.620,1.300,0.800,0,0,1.000,0,0,10,2,0,9,0
24-06 12:28:57,0.500,0.250,98.747,0,0,886220,1689388,167812,5065480,10584.684,1457.957,0,95.997,0,15.000,496,558,1.620,1.300,0.800,0,0,0,0,0,10,2,0,9,0
24-06 12:28:58,0.250,2.500,96.766,0,0,886696,1688912,167812,5065480,13315.191,1620.267,0,41058.756,0,231.038,921,815,1.620,1.300,0.800,0,0,0,0,0,10,2,0,9,0
24-06 12:28:59,0.250,0.250,98.480,0,0,886600,1689008,167812,5065480,12537.428,1619.668,0,0,0,0,527,545,1.620,1.300,0.800,0,0,0,0,0,10,2,0,9,0
24-06 12:29:00,0.500,0.250,98.758,0,0,886600,1689008,167812,5065480,6595.533,1620.131,0,4.000,0,1.000,476,574,1.490,1.280,0.790,0,0,0,0,0,10,2,0,9,0
24-06 12:29:01,0.750,0.500,98.740,0,0,886104,1689468,167812,5065516,9804.986,1619.833,0,0,0,0,536,571,1.490,1.280,0.790,0,0,0,0,0,10,2,0,7,0
24-06 12:29:02,1.000,1.000,97.474,0,0,887440,1688132,167812,5065516,154658.913,3409.094,0,807.785,0,15.996,784,754,1.490,1.280,0.790,1,0,2.999,0,0,10,2,0,7,0
24-06 12:29:03,15.489,3.248,79.695,0,0,871644,1703924,167816,5065516,220651.911,8482.153,0,95.934,0,5.996,2257,1242,1.490,1.280,0.790,1,0,21.985,0,0,10,2,0,7,0
24-06 12:29:04,15.768,4.004,79.338,0.501,0,887412,1688048,167820,5065624,231896.594,10285.425,108.120,8.009,5.006,2.002,2365,1336,1.490,1.280,0.790,0,0,19.021,0,0,10,2,0,7,0
