"pcp-dstat 6.2.0 CSV Output"
"Author:","PCP team <pcp@groups.io> and Dag Wieers <dag@wieers.com>",,,,"URL:","https://pcp.io/ and http://dag.wieers.com/home-made/dstat/"
"Host:","np0000094279",,,,"User:","ubuntu"
"Cmdline:","dstat -tcmndrylpg --tcp --output /tmp/devstack_logs/dstat-csv.log",,,,"Date:","08 Jun 2026 17:13:10 UTC"
"system","total usage",,,,,"memory usage",,,,"net/total",,"dsk/total",,"io/total",,"system",,"load avg",,,"procs",,,"paging",,"tcp sockets",,,,
"time","total usage:usr","total usage:sys","total usage:idl","total usage:wai","total usage:stl","used","free","buf","cach","net/total:recv","net/total:send","dsk/total:read","dsk/total:writ","read","writ","int","csw","1m","5m","15m","run","blk","new","in","out","lis","act","syn","tim","clo"
08-06 17:13:10,,980444,1451896,165808,5214832,,,,,,,1.580,1.210,0.740,3,0,,,,10,6,0,17,0
08-06 17:13:11,24.688,20.698,52.868,0.499,0,990676,1440964,165956,5215280,30748.065,13249.847,0,1512.216,0,47.880,5245,3541,1.580,1.210,0.740,3,0,235.411,0,0,10,6,0,17,0
08-06 17:13:12,28.218,20.477,49.694,0.749,0,1007044,1424276,166064,5215436,35716.822,9669.123,0,930.953,0,27.969,5436,3377,1.610,1.220,0.740,1,0,281.683,0,0,10,5,0,17,1
08-06 17:13:13,26.067,21.054,51.132,0.501,0,1008756,1422036,166200,5215748,44809.881,10309.661,0,2883.457,0,195.506,5041,2949,1.610,1.220,0.740,3,0,207.537,0,0,10,4,0,17,2
08-06 17:13:14,35.452,16.727,46.188,0.250,0,1003884,1426404,166300,5216448,23669.032,10364.002,0,998.651,0,31.957,5236,4755,1.610,1.220,0.740,1,0,143.806,0,0,10,4,0,13,2
08-06 17:13:15,30.723,21.731,46.210,0.500,0,1009796,1398696,166492,5236680,181640.790,5634.093,0,1302.865,0,37.967,5139,2880,1.610,1.220,0.740,2,0,170.851,0,0,10,4,0,13,2
08-06 17:13:16,45.327,15.777,38.065,0.501,0,1022932,1369524,167392,5249820,10644.164,1622.769,0,1290.202,0,54.092,5395,5270,1.610,1.220,0.740,2,0,122.209,0,0,10,4,0,13,2
08-06 17:13:17,38.739,15.996,41.738,1.750,0,1032788,1341408,167800,5265440,15532.639,1619.545,651.817,1407.605,18.995,31.991,5595,5451,1.640,1.240,0.750,2,0,134.962,0,0,10,4,0,13,2
08-06 17:13:18,34.410,16.956,44.633,2.244,0,1031236,1317708,168596,5287304,9189.978,1454.199,359.061,13041.909,18.950,126.669,4791,4362,1.640,1.240,0.750,2,0,81.786,0,0,10,4,0,11,2
08-06 17:13:19,25.313,6.266,67.168,0.752,0,1032276,1297728,169448,5302928,11684.139,1624.050,0,3284.190,0,287.718,2474,1489,1.640,1.240,0.750,1,0,11.028,0,0,10,4,0,11,2
08-06 17:13:20,23.255,3.001,71.765,1.000,0,1042580,1261892,170536,5324836,10696.175,1620.330,0,2384.485,0,96.020,2152,1532,1.640,1.240,0.750,1,0,6.001,0,0,10,4,0,11,2
08-06 17:13:21,22.501,3.000,74.002,0.500,0,992780,1326780,170724,5309400,13513.400,2100.062,0,608.018,0,24.001,1851,1108,1.640,1.240,0.750,1,0,2.000,0,0,10,2,0,11,0
08-06 17:13:22,21.917,4.234,72.723,0.249,0,1004244,1315280,170752,5309408,12551.198,1854.935,0,16174.398,0,594.735,2146,1000,1.590,1.230,0.750,0,0,32.875,0,0,10,2,1,11,0
08-06 17:13:23,18.068,2.258,78.545,0.251,0,1008652,1304512,170852,5315296,19968.052,4509.951,0,1903.153,0,20.075,1613,928,1.590,1.230,0.750,1,0,2.008,0,0,10,2,0,11,0
08-06 17:13:24,22.493,5.498,70.227,0,0,1015608,1295964,170876,5316652,13960.378,1619.464,0,7.997,0,1.000,11882,21467,1.590,1.230,0.750,1,0,6.998,0,0,10,2,0,11,0
08-06 17:13:25,21.547,5.512,70.903,0,0,1005344,1305896,170888,5316796,8461.297,1623.511,0,849.838,0,13.028,7223,12577,1.590,1.230,0.750,1,0,13.028,0,0,10,2,0,11,0
08-06 17:13:26,20.195,6.233,72.054,0,0,988340,1322724,170932,5316888,10433.598,1454.042,0,183.500,0,2.992,6371,10314,1.590,1.230,0.750,1,0,14.959,0,0,10,2,0,11,0
08-06 17:13:27,18.516,4.254,76.816,0.250,0,933624,1385748,170956,5309400,16609.224,131700.784,0,15985.690,0,87.075,2078,1141,1.540,1.230,0.750,0,0,5.004,0,0,10,2,0,11,0
08-06 17:13:28,0.250,0,98.707,0,0,931324,1388048,170956,5309400,11627.959,1457.368,0,0,0,0,507,583,1.540,1.230,0.750,0,0,0,0,0,10,2,0,11,0
08-06 17:13:29,0.250,0.250,98.513,0,0,930468,1388904,170956,5309400,10833.462,648.087,0,976.132,0,101.014,529,577,1.540,1.230,0.750,0,0,0,0,0,10,2,0,11,0
08-06 17:13:30,0.750,0.250,98.999,0,0,928900,1390472,170956,5309400,11091.851,1619.978,0,24.000,0,3.000,499,550,1.540,1.230,0.750,0,0,0,0,0,10,2,0,11,0
08-06 17:13:31,0.250,0.250,98.508,0,0,927524,1391844,170956,5309404,11722.008,1566.135,0,0,0,0,514,570,1.540,1.230,0.750,0,0,0,0,0,10,2,0,10,0
08-06 17:13:32,0,1.750,96.014,1.000,0,926080,1393296,170956,5309404,13045.849,1620.230,0,23555.339,0,88.012,917,872,1.500,1.220,0.760,0,0,0,0,0,10,2,0,10,0
08-06 17:13:33,0.750,0.500,98.747,0,0,925512,1393864,170956,5309404,9098.685,1511.948,0,75.997,0,3.000,502,568,1.500,1.220,0.760,0,0,0,0,0,10,2,0,10,0
08-06 17:13:34,0.250,0.250,98.716,0,0,925512,1393864,170956,5309404,11617.946,1619.435,0,0,0,0,512,568,1.500,1.220,0.760,0,0,0,0,0,10,2,0,10,0
08-06 17:13:35,0,0.500,98.790,0,0,920072,1399304,170956,5309404,14589.864,1620.651,0,0,0,0,582,626,1.500,1.220,0.760,0,0,1.000,0,0,10,2,0,9,0
08-06 17:13:36,0.750,0.250,99.004,0,0,914316,1405060,170956,5309404,9324.413,1566.069,0,4.000,0,1.000,506,572,1.500,1.220,0.760,0,0,0,0,0,10,2,0,9,0
08-06 17:13:37,0.250,0.250,98.496,0,0,909572,1409804,170956,5309404,18206.201,1619.929,0,2259.901,0,13.999,566,553,1.460,1.220,0.760,0,0,0,0,0,10,2,0,9,0
08-06 17:13:38,0.500,1.250,95.737,1.500,0,905216,1414164,170956,5309404,11225.478,1619.780,0,22029.014,0,115.984,860,850,1.460,1.220,0.760,0,0,0,0,0,10,2,0,9,0
08-06 17:13:39,0.250,0.250,98.770,0,0,901560,1417820,170956,5309404,11905.420,1620.329,0,4.001,0,1.000,533,563,1.460,1.220,0.760,0,0,0,0,0,10,2,0,9,0
08-06 17:13:40,0.250,0.500,98.495,0,0,895020,1424356,170956,5309408,13614.300,1511.922,0,0,0,0,538,560,1.460,1.220,0.760,0,0,0,0,0,10,2,0,9,0
08-06 17:13:41,0.250,0,98.998,0,0,889936,1429440,170956,5309408,12333.715,1619.963,0,0,0,0,492,533,1.460,1.220,0.760,0,0,0,0,0,10,2,0,9,0
08-06 17:13:42,0.750,0.250,98.231,0,0,887988,1431356,170956,5309440,12732.500,1619.682,0,7.998,0,1.000,592,578,1.340,1.200,0.750,0,0,0,0,0,10,2,0,9,0
08-06 17:13:43,0.500,0.750,98.492,0.250,0,886260,1433084,170956,5309440,11727.083,1619.873,0,735.942,0,6.999,565,574,1.340,1.200,0.750,0,0,0,0,0,10,2,0,9,0
08-06 17:13:44,0.250,0.250,98.749,0,0,886028,1433316,170956,5309440,8478.898,1565.981,0,0,0,0,500,568,1.340,1.200,0.750,0,0,0,0,0,10,2,0,9,0
08-06 17:13:45,0.250,0.250,98.746,0,0,885844,1433500,170956,5309440,12208.537,1619.939,0,4.000,0,1.000,595,635,1.340,1.200,0.750,0,0,1.000,0,0,10,2,0,9,0
08-06 17:13:46,0.500,0.250,98.995,0,0,885652,1433692,170956,5309440,12456.367,1511.923,0,0,0,0,538,548,1.340,1.200,0.750,0,0,0,0,0,10,2,0,9,0
08-06 17:13:47,0.500,0.500,98.759,0,0,885780,1433564,170956,5309440,14703.341,1566.143,0,0,0,0,582,561,1.240,1.180,0.750,0,0,0,0,0,10,2,0,9,0
08-06 17:13:48,0.250,0.500,98.490,0,0,885588,1433756,170960,5309436,10998.839,1187.875,0,43.995,0,3.000,561,610,1.240,1.180,0.750,1,0,0,0,0,10,2,0,9,0
08-06 17:13:49,0.250,3.496,95.384,0,0,876752,1442588,170960,5309440,8466.682,1456.225,0,55048.911,0,258.685,1105,1048,1.240,1.180,0.750,1,0,0,0,0,10,2,0,9,0
08-06 17:13:50,0.501,0,98.886,0,0,876752,1442588,170960,5309440,14850.387,1460.004,0,176.242,0,31.043,529,567,1.240,1.180,0.750,0,0,0,0,0,10,2,0,9,0
08-06 17:13:51,0.250,0.500,98.996,0,0,876760,1442588,170960,5309440,11130.606,1619.943,0,4.000,0,1.000,507,572,1.240,1.180,0.750,0,0,0,0,0,10,2,0,9,0
08-06 17:13:52,0.250,0.250,98.506,0,0,876760,1442588,170960,5309440,14785.914,1620.100,0,0,0,0,550,586,1.140,1.160,0.740,0,0,0,0,0,10,2,0,9,0
08-06 17:13:53,0.250,0.250,98.870,0,0,876760,1442588,170960,5309440,11799.371,1459.778,0,893.088,0,2.002,535,573,1.140,1.160,0.740,0,0,0,0,0,10,2,0,9,0
08-06 17:13:54,0.499,2.497,96.373,0.250,0,877016,1442332,170960,5309440,13436.303,1617.869,0,40107.174,0,233.692,991,938,1.140,1.160,0.740,0,0,0,0,0,10,2,0,9,0
08-06 17:13:55,0.500,0.500,98.508,0,0,878160,1441188,170960,5309440,11273.892,1458.115,0,0,0,0,555,605,1.140,1.160,0.740,0,0,1.000,0,0,10,2,0,8,0
08-06 17:13:56,0,0.250,98.753,0,0,878160,1441188,170960,5309440,8860.313,1662.059,0,0,0,0,488,559,1.140,1.160,0.740,0,0,0,0,0,10,2,0,8,0
08-06 17:13:57,0.500,0,98.999,0,0,878156,1441188,170960,5309444,27823.788,1457.989,0,4.000,0,1.000,544,563,1.040,1.140,0.740,0,0,0,0,0,10,2,0,8,0
08-06 17:13:58,17.747,5.749,74.988,0,0.250,879600,1439652,170960,5309612,144888.531,3545.450,0,0,0,0,2557,12520,1.040,1.140,0.740,0,0,39.994,0,0,10,2,0,9,0
08-06 17:13:59,16.252,4.751,78.010,0.750,0,892492,1426720,170980,5309556,294267.928,11171.478,20.003,776.103,2.000,5.001,2496,1433,1.040,1.140,0.740,1,0,25.003,0,0,10,2,0,4,0
08-06 17:14:00,15.502,3.250,80.012,0.250,0,905980,1413244,170988,5309552,305288.418,11275.714,88.013,16.002,3.000,3.000,2326,1385,1.040,1.140,0.740,1,0,18.003,0,0,10,2,0,4,0
