"pcp-dstat 6.2.0 CSV Output"
"Author:","PCP team <pcp@groups.io> and Dag Wieers <dag@wieers.com>",,,,"URL:","https://pcp.io/ and http://dag.wieers.com/home-made/dstat/"
"Host:","np0000094346",,,,"User:","ubuntu"
"Cmdline:","dstat -tcmndrylpg --tcp --output /tmp/devstack_logs/dstat-csv.log",,,,"Date:","15 Jun 2026 06:19:10 UTC"
"system","total usage",,,,,"memory usage",,,,"net/total",,"dsk/total",,"io/total",,"system",,"load avg",,,"procs",,,"paging",,"tcp sockets",,,,
"time","total usage:usr","total usage:sys","total usage:idl","total usage:wai","total usage:stl","used","free","buf","cach","net/total:recv","net/total:send","dsk/total:read","dsk/total:writ","read","writ","int","csw","1m","5m","15m","run","blk","new","in","out","lis","act","syn","tim","clo"
15-06 06:19:10,,982408,1704444,162660,4972956,,,,,,,1.730,1.110,0.710,1,0,,,,10,4,0,13,0
15-06 06:19:11,29.479,20.985,47.715,0.749,0,1002892,1683980,162664,4972988,234344.399,5195.240,0,6235.487,0,351.745,5911,4244,1.730,1.110,0.710,2,0,270.804,0,0,10,4,0,13,0
15-06 06:19:12,36.189,19.966,42.678,0,0,1013296,1673288,162664,4973276,11689.358,2265.194,0,3.993,0,0.998,5256,2977,1.730,1.110,0.710,3,0,239.597,0,0,10,4,0,13,0
15-06 06:19:13,30.008,21.756,47.013,0,0,989036,1697468,162700,4973276,26040.970,5560.488,0,268.072,0,15.004,4942,2905,1.670,1.110,0.710,3,0,219.059,0,0,10,5,0,11,0
15-06 06:19:14,26.480,17.237,55.208,0.250,0,1015732,1670620,162744,4973344,23707.116,7294.497,0,703.469,0,19.985,4446,3476,1.670,1.110,0.710,2,0,127.904,0,0,10,5,0,11,0
15-06 06:19:15,23.019,20.517,54.044,0.250,0,1017712,1668520,162804,4973420,27645.347,6960.626,0,656.531,0,23.019,5160,3821,1.670,1.110,0.710,1,0,175.142,0,0,10,6,0,11,0
15-06 06:19:16,29.305,15.279,53.100,0.250,0,1006352,1679552,162888,4973932,31453.500,7500.188,0,865.638,0,53.100,4753,5519,1.670,1.110,0.710,1,0,120.227,0,0,10,6,0,11,0
15-06 06:19:17,28.886,15.439,53.291,0.996,0,1004564,1680296,162956,4974492,24599.323,8654.985,649.448,1211.240,18.926,31.875,5819,5880,1.670,1.110,0.710,2,0,136.464,0,0,10,6,0,11,0
15-06 06:19:18,32.359,16.556,49.918,1.003,0,1012444,1671592,163020,4975020,17359.563,7362.839,361.219,3929.255,19.064,21.071,4782,3898,1.620,1.110,0.710,1,0,85.288,0,0,10,5,0,11,1
15-06 06:19:19,16.723,6.739,74.629,0.499,0,1004892,1678680,163092,4975216,32551.019,8219.621,0,6968.658,0,28.953,1948,1044,1.620,1.110,0.710,0,0,11.981,0,0,10,5,0,11,1
15-06 06:19:20,12.997,1.000,84.983,0.500,0,1005008,1678176,163192,4975436,33136.458,8139.393,0,883.826,0,29.994,1221,802,1.620,1.110,0.710,0,0,0,0,0,10,4,0,11,2
15-06 06:19:21,15.498,0.500,82.988,0.250,0,1006952,1675960,163260,4975584,20876.040,7111.991,0,803.886,0,23.997,1317,770,1.620,1.110,0.710,0,0,0,0,0,10,4,0,11,2
15-06 06:19:22,12.001,1.500,85.008,0.250,0,997100,1674900,163368,4986148,153693.358,8884.888,0,1036.104,0,31.003,1247,804,1.620,1.110,0.710,1,0,0,0,0,10,4,0,11,2
15-06 06:19:23,22.548,1.503,75.160,0.251,0,1010208,1649308,163504,4997728,56234.540,3228.864,0,585.244,0,18.038,1660,875,1.490,1.090,0.710,1,0,1.002,0,0,10,4,0,11,2
15-06 06:19:24,22.246,2.750,73.988,0.750,0,1010372,1634124,164420,5009588,18983.800,1619.727,0,1215.795,0,53.991,1918,1292,1.490,1.090,0.710,1,0,0,0,0,10,4,0,11,2
15-06 06:19:25,23.206,1.996,73.610,0.250,0,1002364,1624444,164808,5024924,9258.383,1616.923,0,1293.539,0,29.943,1826,1297,1.490,1.090,0.710,1,0,0.998,0,0,10,4,0,11,2
15-06 06:19:26,21.782,3.255,72.607,1.753,0,1004428,1596544,165676,5047400,9270.702,1622.398,0,19681.089,0,317.469,2379,1953,1.490,1.090,0.710,1,0,0,0,0,10,4,0,11,2
15-06 06:19:27,23.010,2.251,73.282,0.750,0,1002420,1580136,166672,5062368,13572.010,1620.718,0,3489.545,0,119.053,1950,1385,1.490,1.090,0.710,1,0,0,0,0,10,4,0,11,2
15-06 06:19:28,22.711,1.747,73.624,0.749,0,1008432,1547884,167644,5085008,10689.693,1455.507,0,4392.478,0,85.853,1910,1394,1.450,1.090,0.710,1,0,0,0,0,10,4,0,11,2
15-06 06:19:29,24.012,3.502,72.285,0,0,1005660,1568288,167692,5067604,17762.699,135990.598,0,244.120,0,8.004,2156,1073,1.450,1.090,0.710,1,0,19.009,0,0,10,2,0,11,0
15-06 06:19:30,14.241,1.749,82.949,0.250,0,1018836,1555100,167700,5067616,19105.306,4624.170,0,595.635,0,5.996,1390,781,1.450,1.090,0.710,1,0,15.990,0,0,10,3,0,9,0
15-06 06:19:31,22.254,4.501,72.764,0,0,1002964,1564032,167808,5073708,12951.468,1632.311,0,11130.121,0,52.010,2069,1173,1.450,1.090,0.710,1,0,4.001,0,0,10,2,0,9,0
15-06 06:19:32,21.751,6.000,69.753,0,0,1002256,1563012,167832,5075056,11433.497,1620.070,0,88.004,0,1.000,12082,21907,1.450,1.090,0.710,1,0,12.001,0,0,10,2,0,9,0
15-06 06:19:33,23.308,5.514,69.421,0,0,1015884,1549372,167852,5075000,21176.276,1624.009,0,8.020,0,2.005,10356,18723,1.410,1.080,0.710,1,0,10.025,0,0,10,2,0,9,0
15-06 06:19:34,20.496,5.499,73.486,0.250,0,955684,1617524,167908,5067688,10882.867,1457.714,0,2359.538,0,14.997,1873,1067,1.410,1.080,0.710,1,0,10.998,0,0,10,2,0,9,0
15-06 06:19:35,7.482,1.496,90.031,0,0,939780,1633428,167908,5067712,12486.558,1616.060,0,3.990,0,0.998,1063,782,1.410,1.080,0.710,0,0,4.988,0,0,10,2,0,9,0
15-06 06:19:36,0.250,0.750,98.255,0,0,938012,1635192,167908,5067716,15403.738,1620.078,0,13024.624,0,44.002,683,674,1.410,1.080,0.710,0,0,0,0,0,10,2,0,9,0
15-06 06:19:37,0.500,0.250,98.738,0,0,935580,1637624,167908,5067716,14528.236,1457.823,0,0,0,0,509,573,1.410,1.080,0.710,0,0,0,0,0,10,2,0,9,0
15-06 06:19:38,0.750,0.500,98.741,0,0,933220,1639984,167908,5067716,12682.872,1619.856,0,111.990,0,20.998,552,564,1.300,1.070,0.710,0,0,0,0,0,10,2,0,9,0
15-06 06:19:39,10.500,4.750,83.501,0,0,936992,1636212,167908,5067716,12627.115,1620.015,0,4.000,0,1.000,1995,7064,1.300,1.070,0.710,0,0,36.000,0,0,10,2,0,10,0
15-06 06:19:40,0.250,0,98.477,0,0,934120,1639084,167908,5067716,14726.605,1457.664,0,659.848,0,2.999,559,583,1.300,1.070,0.710,0,0,0,0,0,10,2,0,10,0
15-06 06:19:41,0.750,1.000,98.529,0,0,931824,1641380,167908,5067716,9681.829,1620.474,0,2068.604,0,7.002,559,618,1.300,1.070,0.710,0,0,0,0,0,10,2,0,10,0
15-06 06:19:42,0.250,1.499,96.932,0,0,930576,1642628,167908,5067716,14763.666,1618.867,0,32469.272,0,628.560,976,860,1.300,1.070,0.710,0,0,0,0,0,10,2,0,9,0
15-06 06:19:43,0.500,0.500,98.561,0,0,929540,1643536,167908,5067844,12866.917,1620.997,0,92.057,0,15.009,524,563,1.200,1.050,0.710,0,0,0,0,0,10,2,0,9,0
15-06 06:19:44,0.250,0.250,99.003,0,0,929540,1643536,167908,5067844,15678.499,1620.052,0,0,0,0,514,556,1.200,1.050,0.710,0,0,0,0,0,10,2,0,9,0
15-06 06:19:45,0.250,0.500,98.498,0,0,928116,1644956,167912,5067844,23944.583,647.989,0,467.992,0,3.000,559,664,1.200,1.050,0.710,0,0,1.000,0,0,10,2,0,9,0
15-06 06:19:46,0.250,0.500,98.751,0,0,922892,1650180,167912,5067844,11121.133,540.006,0,4.000,0,1.000,509,571,1.200,1.050,0.710,0,0,0,0,0,10,2,0,9,0
15-06 06:19:47,0.250,0,98.997,0,0,916132,1656940,167912,5067844,12350.575,1079.963,0,231.992,0,1.000,535,585,1.200,1.050,0.710,0,0,0,0,0,10,2,0,9,0
15-06 06:19:48,0.500,0.250,98.752,0,0,910636,1662436,167912,5067844,12944.294,1458.033,0,0,0,0,514,546,1.100,1.030,0.700,0,0,0,0,0,10,2,0,9,0
15-06 06:19:49,0,0.500,98.759,0,0,905892,1667180,167912,5067844,8653.781,1620.146,0,100.009,0,16.001,486,581,1.100,1.030,0.700,0,0,0,0,0,10,2,0,9,0
15-06 06:19:50,0.500,0,98.501,0,0,901536,1671848,167912,5067844,12074.141,1566.018,0,40.000,0,3.000,548,583,1.100,1.030,0.700,0,0,0,0,0,10,2,0,9,0
15-06 06:19:51,0.750,0.500,98.995,0,0,895780,1677604,167912,5067844,11172.465,1511.928,0,4.000,0,1.000,529,579,1.100,1.030,0.700,0,0,0,0,0,10,2,0,9,0
15-06 06:19:52,0.250,0.500,98.759,0,0,893404,1679980,167912,5067844,13487.206,1566.140,0,88.008,0,2.000,532,558,1.100,1.030,0.700,0,0,0,0,0,10,2,0,9,0
15-06 06:19:53,0.500,0.250,98.486,0,0,891500,1681880,167912,5067848,14747.881,1511.783,0,0,0,0,519,570,1.010,1.010,0.700,0,0,0,0,0,10,2,0,9,0
15-06 06:19:54,0,0,98.999,0,0,889904,1683476,167912,5067848,13952.903,1619.989,0,87.999,0,14.000,542,548,1.010,1.010,0.700,0,0,0,0,0,10,2,0,9,0
15-06 06:19:55,0.250,0.750,98.751,0,0,889636,1683744,167912,5067848,12453.139,1566.017,0,0,0,0,549,628,1.010,1.010,0.700,0,0,1.000,0,0,10,2,0,9,0
15-06 06:19:56,0.750,0.500,97.972,0,0,889352,1684028,167916,5067888,10366.046,1619.539,0,27.992,0,1.999,629,644,1.010,1.010,0.700,0,0,0,0,0,10,2,0,9,0
15-06 06:19:57,0.750,4.251,92.281,2.501,0,889252,1684128,167916,5067888,20393.937,1512.515,0,61564.942,0,299.102,1285,1196,1.010,1.010,0.700,0,0,0,0,0,10,2,0,9,0
15-06 06:19:58,0.250,0,98.487,0,0,889248,1684128,167916,5067892,12474.348,1619.786,0,51.993,0,2.000,556,578,0.930,1,0.690,0,0,0,0,0,10,2,0,5,0
15-06 06:19:59,0.500,0.250,99.006,0,0,889248,1684128,167916,5067892,9971.607,1014.062,0,0,0,0,509,564,0.930,1,0.690,0,0,0,0,0,10,2,0,5,0
15-06 06:20:00,11.254,2.751,85.781,0,0,889648,1683728,167916,5067892,289259.800,7330.681,0,96.035,0,15.005,1545,1135,0.930,1,0.690,1,0,7.003,0,0,10,2,0,5,0
15-06 06:20:01,13.765,4.505,79.835,0.751,0,899804,1673476,167924,5067980,298861.879,13380.187,108.115,1197.269,5.005,3.003,2484,1589,0.930,1,0.690,1,0,32.034,0,0,10,2,0,5,0
15-06 06:20:02,15.479,7.240,76.648,0,0,901516,1671604,167924,5068140,157801.143,5516.663,0,7470.066,0,23.968,2373,1349,0.930,1,0.690,2,0,25.965,0,0,10,2,0,4,0
