"pcp-dstat 6.2.0 CSV Output"
"Author:","PCP team <pcp@groups.io> and Dag Wieers <dag@wieers.com>",,,,"URL:","https://pcp.io/ and http://dag.wieers.com/home-made/dstat/"
"Host:","np0000093826",,,,"User:","ubuntu"
"Cmdline:","dstat -tcmndrylpg --tcp --output /tmp/devstack_logs/dstat-csv.log",,,,"Date:","02 Apr 2026 07:10:27 UTC"
"system","total usage",,,,,"memory usage",,,,"net/total",,"dsk/total",,"io/total",,"system",,"load avg",,,"procs",,,"paging",,"tcp sockets",,,,
"time","total usage:usr","total usage:sys","total usage:idl","total usage:wai","total usage:stl","used","free","buf","cach","net/total:recv","net/total:send","dsk/total:read","dsk/total:writ","read","writ","int","csw","1m","5m","15m","run","blk","new","in","out","lis","act","syn","tim","clo"
02-04 07:10:27,,999820,1669844,162276,4991596,,,,,,,1.390,1.120,0.670,3,0,,,,10,4,0,17,2
02-04 07:10:28,30.193,21.958,45.414,0.749,0,1019400,1637220,162540,5003208,51659.087,2623.028,0,1569.026,0,59.886,5631,4912,1.390,1.120,0.670,2,0,231.561,0,0,10,4,0,11,2
02-04 07:10:29,30.499,21.749,45.748,0.500,0,1038836,1593852,163416,5023192,10772.498,1565.927,0,2911.864,0,195.991,5370,3097,1.430,1.130,0.680,2,0,225.989,0,0,10,4,0,11,2
02-04 07:10:30,32.995,20.497,44.993,0.500,0,1044408,1567244,163872,5041980,29273.241,1511.754,0,1447.765,0,53.991,5273,2870,1.430,1.130,0.680,3,0,196.968,0,0,10,4,0,11,2
02-04 07:10:31,34.827,22.800,40.589,1.503,0,1062688,1532372,164800,5055524,40349.954,1569.460,0,3002.619,0,124.274,5881,5455,1.430,1.130,0.680,4,0,209.462,0,0,10,4,0,11,2
02-04 07:10:32,36.071,16.916,44.280,0.746,0,1072112,1493860,165816,5080628,11439.193,1504.528,0,2392.121,0,82.590,4626,2796,1.430,1.130,0.680,2,0,116.422,0,0,10,4,0,11,2
02-04 07:10:33,36.392,16.314,45.678,0.502,0,1056456,1523276,166112,5066732,23535.932,4243.575,0,959.749,0,34.133,5298,5051,1.430,1.130,0.680,4,0,125.490,0,0,10,2,0,11,0
02-04 07:10:34,40.552,17.022,40.803,0.751,0,1044268,1535156,166140,5066588,9473.219,1081.395,264.341,8.010,12.015,1.001,5723,5541,1.480,1.150,0.690,3,0,204.263,0,0,10,2,0,11,0
02-04 07:10:35,31.741,16.746,48.737,1.750,0,1050696,1522280,166212,5072344,13524.371,3848.967,747.799,2059.447,25.993,12.997,5187,4818,1.480,1.150,0.690,2,0,99.973,0,0,10,2,0,11,0
02-04 07:10:36,28.183,9.727,61.354,0,0,1043412,1528252,166228,5073272,17941.224,1486.456,0,0,0,0,2559,1139,1.480,1.150,0.690,2,0,14.964,0,0,10,2,0,11,0
02-04 07:10:37,17.007,3.001,79.285,0.250,0,1029540,1535644,166616,5078208,17320.548,4358.900,0,10896.749,0,142.062,1729,994,1.480,1.150,0.690,1,0,17.007,0,0,10,2,0,11,0
02-04 07:10:38,22.794,5.010,70.386,0,0,1045384,1519012,166668,5078820,10462.254,1569.037,0,88.171,0,2.004,7641,14480,1.480,1.150,0.690,1,0,12.023,0,0,10,2,0,11,0
02-04 07:10:39,22.458,5.739,69.369,0,0,1039916,1524264,166740,5078928,12729.001,1616.951,0,83.842,0,0.998,12096,21346,1.440,1.140,0.690,2,0,13.974,0,0,10,2,0,11,0
02-04 07:10:40,20.787,5.009,73.883,0.250,0,960840,1616092,166764,5067668,9916.872,1622.925,0,540.975,0,13.023,1736,977,1.440,1.140,0.690,2,0,8.014,0,0,10,2,0,11,0
02-04 07:10:41,8.982,2.744,87.075,0,0,953508,1623500,166764,5067592,13124.579,131637.005,0,29891.826,0,639.712,1666,909,1.440,1.140,0.690,1,0,3.992,0,0,10,2,0,11,0
02-04 07:10:42,0.750,1.250,97.241,0,0,951764,1625244,166764,5067592,9978.089,1565.857,0,0,0,0,701,639,1.440,1.140,0.690,1,0,11.999,0,0,10,2,0,11,0
02-04 07:10:43,9.250,3.250,86.253,0,0,928136,1648872,166764,5067592,9664.336,1566.054,0,0,0,0,2103,7194,1.440,1.140,0.690,1,0,24.001,0,0,10,2,0,12,0
02-04 07:10:44,0.500,0.250,98.749,0,0,926892,1650116,166764,5067592,9924.897,1565.984,0,4.000,0,1.000,489,554,1.330,1.130,0.690,0,0,0,0,0,10,2,0,12,0
02-04 07:10:45,0.250,0.750,98.730,0,0,925776,1651228,166768,5067592,15566.880,1607.678,0,2011.597,0,88.982,583,594,1.330,1.130,0.690,0,0,0,0,0,10,2,0,10,0
02-04 07:10:46,0.750,1.250,96.988,0,0,925660,1651340,166772,5067592,6187.262,1511.820,0,20553.550,0,79.990,784,805,1.330,1.130,0.690,0,0,0,0,0,10,2,0,10,0
02-04 07:10:47,0.250,0,98.753,0,0,922232,1654768,166772,5067592,5783.159,1566.043,0,0,0,0,430,536,1.330,1.130,0.690,0,0,0,0,0,10,2,0,10,0
02-04 07:10:48,0.500,0.500,99.005,0,0,917308,1659688,166772,5067596,13215.707,1566.084,0,2260.121,0,14.001,517,534,1.330,1.130,0.690,0,0,0,0,0,10,2,0,10,0
02-04 07:10:49,0.750,0,98.249,0,0,913280,1663716,166772,5067596,7763.905,1565.981,0,0,0,0,483,589,1.220,1.110,0.680,0,0,1.000,0,0,10,2,0,9,0
02-04 07:10:50,0,0.250,98.995,0,0,909568,1667428,166772,5067596,9651.505,1565.920,0,8.000,0,2.000,479,534,1.220,1.110,0.680,0,0,0,0,0,10,2,0,9,0
02-04 07:10:51,0.750,1.500,97.508,0,0,896404,1680592,166772,5067596,8271.705,1566.133,0,19553.666,0,101.009,756,772,1.220,1.110,0.680,0,0,0,0,0,10,2,0,9,0
02-04 07:10:52,0.250,0,98.766,0,0,892464,1684532,166772,5067596,9718.606,1566.259,0,4.001,0,1.000,491,545,1.220,1.110,0.680,0,0,0,0,0,10,2,0,9,0
02-04 07:10:53,0.250,0.500,98.996,0,0,887260,1689736,166772,5067596,9482.641,1241.953,0,0,0,0,473,540,1.220,1.110,0.680,0,0,0,0,0,10,2,0,9,0
02-04 07:10:54,0.500,0,98.751,0,0,882928,1694068,166772,5067596,6179.052,1458.012,0,0,0,0,440,528,1.120,1.090,0.680,0,0,0,0,0,10,2,0,9,0
02-04 07:10:55,0.249,0.498,98.617,0,0,879208,1697788,166772,5067596,5780.527,1613.726,0,0,0,0,425,522,1.120,1.090,0.680,0,0,0,0,0,10,2,0,9,0
02-04 07:10:56,0.502,0.251,98.840,0,0,877508,1699484,166772,5067600,10366.685,1571.409,0,746.570,0,5.017,519,567,1.120,1.090,0.680,0,0,0,0,0,10,2,0,9,0
02-04 07:10:57,0,0.250,98.686,0,0,876184,1700808,166772,5067600,8926.215,1564.986,0,0,0,0,466,541,1.120,1.090,0.680,0,0,0,0,0,10,2,0,9,0
02-04 07:10:58,0.500,0,98.839,0,0,876064,1700928,166772,5067600,9734.753,1621.458,0,8.007,0,1.001,507,537,1.120,1.090,0.680,0,0,0,0,0,10,2,0,9,0
02-04 07:10:59,0.500,0.750,98.751,0,0,875816,1701176,166772,5067600,7845.103,1620.021,0,0,0,0,500,584,1.030,1.070,0.670,0,0,1.000,0,0,10,2,0,9,0
02-04 07:11:00,0.250,0.250,99.003,0,0,875784,1701208,166772,5067600,9517.270,1566.044,0,0,0,0,479,542,1.030,1.070,0.670,0,0,0,0,0,10,2,0,9,0
02-04 07:11:01,0.250,3.249,95.484,0.250,0,874980,1702068,166772,5067600,38440.592,1511.748,0,52307.281,0,237.960,1234,1171,1.030,1.070,0.670,0,0,0,0,0,10,2,0,9,0
02-04 07:11:02,0.500,0.250,98.753,0,0,874932,1702116,166772,5067600,10490.345,1620.053,0,4.000,0,1.000,455,554,1.030,1.070,0.670,0,0,0,0,0,10,2,0,9,0
02-04 07:11:03,0.250,0.250,99.261,0,0,874932,1702116,166772,5067600,12220.305,1566.167,0,0,0,0,488,533,1.030,1.070,0.670,0,0,0,0,0,10,2,0,9,0
02-04 07:11:04,0,0.250,98.249,0,0,874932,1702116,166772,5067600,7379.918,1511.983,0,4.000,0,1.000,449,566,0.950,1.050,0.670,0,0,0,0,0,10,2,0,9,0
02-04 07:11:05,0.750,0,98.993,0,0,874932,1702116,166772,5067600,6230.551,1565.887,0,0,0,0,423,550,0.950,1.050,0.670,0,0,0,0,0,10,2,0,9,0
02-04 07:11:06,0.250,0.500,99.003,0,0,874932,1702116,166772,5067600,9843.257,1512.039,0,0,0,0,483,547,0.950,1.050,0.670,0,0,0,0,0,10,2,0,9,0
02-04 07:11:07,0.250,1.750,97.006,0,0,875184,1701864,166772,5067600,9213.528,1620.093,0,32989.892,0,111.006,816,813,0.950,1.050,0.670,0,0,0,0,0,10,2,0,9,0
02-04 07:11:08,0.250,0,98.748,0,0,875184,1701864,166772,5067600,9903.819,1457.973,0,4.000,0,1.000,484,545,0.950,1.050,0.670,0,0,0,0,0,10,2,0,9,0
02-04 07:11:09,0.750,0.500,98.755,0,0,875184,1701864,166772,5067600,8029.379,1620.076,0,0,0,0,519,630,0.870,1.030,0.670,0,0,1.000,0,0,10,2,0,8,0
02-04 07:11:10,0.500,0,98.983,0,0,875184,1701864,166772,5067600,6336.918,1619.723,0,3.999,0,1.000,456,549,0.870,1.030,0.670,0,0,0,0,0,10,2,0,8,0
02-04 07:11:11,0.250,0.500,98.510,0,0,875184,1701864,166772,5067600,8115.790,648.063,0,0,0,0,454,540,0.870,1.030,0.670,0,0,0,0,0,10,2,0,8,0
02-04 07:11:12,13.503,2.751,84.018,0.250,0,890772,1686276,166772,5067600,284534.436,7263.594,0,608.133,0,5.001,1751,1146,0.870,1.030,0.670,1,0,7.002,0,0,10,2,0,8,0
02-04 07:11:13,12.000,4.500,81.247,0.500,0,893868,1683060,166776,5067716,293063.157,13563.452,107.996,0,5.000,0,2553,1557,0.870,1.030,0.670,1,0,31.999,0,0,10,2,0,4,0
02-04 07:11:14,15.728,6.241,77.393,0,0,891040,1685760,166776,5067844,154424.559,5714.065,0,7.989,0,1.997,2432,1333,0.880,1.030,0.670,1,0,24.965,0,0,10,2,0,4,0
