Jan 13 13:27:33 ubuntu devstack@c-api.service[118667]: DEBUG cinder.api.extensions [-] Ext alias: os-hosts {{(pid=118667) _check_extension /opt/stack/cinder/cinder/api/extensions.py:175}}
Jan 13 13:27:33 ubuntu devstack@c-api.service[118667]: DEBUG cinder.api.extensions [-] Ext description: Admin-only host administration. {{(pid=118667) _check_extension /opt/stack/cinder/cinder/api/extensions.py:176}}
Jan 13 13:27:33 ubuntu devstack@c-api.service[118667]: DEBUG cinder.api.extensions [-] Ext updated: 2011-06-29T00:00:00+00:00 {{(pid=118667) _check_extension /opt/stack/cinder/cinder/api/extensions.py:178}}
Jan 13 13:27:33 ubuntu devstack@c-api.service[118667]: DEBUG cinder.api.extensions [-] Loaded extension: os-hosts {{(pid=118667) register /opt/stack/cinder/cinder/api/extensions.py:135}}
Jan 13 13:27:33 ubuntu devstack@c-api.service[118667]: DEBUG cinder.api.extensions [-] Loading extension cinder.api.contrib.services.Services {{(pid=118667) load_extension /opt/stack/cinder/cinder/api/extensions.py:194}}
Jan 13 13:27:33 ubuntu devstack@c-api.service[118666]: DEBUG cinder.api.extensions [-] Calling extension factory cinder.api.contrib.volume_actions.Volume_actions {{(pid=118666) load_extension /opt/stack/cinder/cinder/api/extensions.py:200}}
Jan 13 13:27:33 ubuntu devstack@c-api.service[118666]: DEBUG cinder.api.extensions [-] Ext name: VolumeActions {{(pid=118666) _check_extension /opt/stack/cinder/cinder/api/extensions.py:174}}
Jan 13 13:27:33 ubuntu devstack@c-api.service[118666]: DEBUG cinder.api.extensions [-] Ext alias: os-volume-actions {{(pid=118666) _check_extension /opt/stack/cinder/cinder/api/extensions.py:175}}
Jan 13 13:27:33 ubuntu devstack@c-api.service[118666]: DEBUG cinder.api.extensions [-] Ext description: Enable volume actions. {{(pid=118666) _check_extension /opt/stack/cinder/cinder/api/extensions.py:176}}
Jan 13 13:27:33 ubuntu devstack@c-api.service[118667]: DEBUG cinder.api.extensions [-] Calling extension factory cinder.api.contrib.services.Services {{(pid=118667) load_extension /opt/stack/cinder/cinder/api/extensions.py:200}}
Jan 13 13:27:33 ubuntu devstack@c-api.service[118666]: DEBUG cinder.api.extensions [-] Ext updated: 2012-05-31T00:00:00+00:00 {{(pid=118666) _check_extension /opt/stack/cinder/cinder/api/extensions.py:178}}
Jan 13 13:27:33 ubuntu devstack@c-api.service[118666]: DEBUG cinder.api.extensions [-] Loaded extension: os-volume-actions {{(pid=118666) register /opt/stack/cinder/cinder/api/extensions.py:135}}
Jan 13 13:27:33 ubuntu devstack@c-api.service[118667]: DEBUG cinder.api.extensions [-] Ext name: Services {{(pid=118667) _check_extension /opt/stack/cinder/cinder/api/extensions.py:174}}
Jan 13 13:27:33 ubuntu devstack@c-api.service[118666]: DEBUG cinder.api.extensions [-] Loading extension cinder.api.contrib.volume_type_access.Volume_type_access {{(pid=118666) load_extension /opt/stack/cinder/cinder/api/extensions.py:194}}
Jan 13 13:27:33 ubuntu devstack@c-api.service[118667]: DEBUG cinder.api.extensions [-] Ext alias: os-services {{(pid=118667) _check_extension /opt/stack/cinder/cinder/api/extensions.py:175}}
Jan 13 13:27:33 ubuntu devstack@c-api.service[118667]: DEBUG cinder.api.extensions [-] Ext description: Services support. {{(pid=118667) _check_extension /opt/stack/cinder/cinder/api/extensions.py:176}}
Jan 13 13:27:33 ubuntu devstack@c-api.service[118667]: DEBUG cinder.api.extensions [-] Ext updated: 2012-10-28T00:00:00-00:00 {{(pid=118667) _check_extension /opt/stack/cinder/cinder/api/extensions.py:178}}
Jan 13 13:27:33 ubuntu devstack@c-api.service[118667]: DEBUG cinder.api.extensions [-] Loaded extension: os-services {{(pid=118667) register /opt/stack/cinder/cinder/api/extensions.py:135}}
Jan 13 13:27:33 ubuntu devstack@c-api.service[118666]: DEBUG cinder.api.extensions [-] Calling extension factory cinder.api.contrib.volume_type_access.Volume_type_access {{(pid=118666) load_extension /opt/stack/cinder/cinder/api/extensions.py:200}}
Jan 13 13:27:33 ubuntu devstack@c-api.service[118666]: DEBUG cinder.api.extensions [-] Ext name: VolumeTypeAccess {{(pid=118666) _check_extension /opt/stack/cinder/cinder/api/extensions.py:174}}
Jan 13 13:27:33 ubuntu devstack@c-api.service[118666]: DEBUG cinder.api.extensions [-] Ext alias: os-volume-type-access {{(pid=118666) _check_extension /opt/stack/cinder/cinder/api/extensions.py:175}}
Jan 13 13:27:33 ubuntu devstack@c-api.service[118666]: DEBUG cinder.api.extensions [-] Ext description: Volume type access support. {{(pid=118666) _check_extension /opt/stack/cinder/cinder/api/extensions.py:176}}
Jan 13 13:27:33 ubuntu devstack@c-api.service[118666]: DEBUG cinder.api.extensions [-] Ext updated: 2014-06-26T00:00:00Z {{(pid=118666) _check_extension /opt/stack/cinder/cinder/api/extensions.py:178}}
Jan 13 13:27:33 ubuntu devstack@c-api.service[118666]: DEBUG cinder.api.extensions [-] Loaded extension: os-volume-type-access {{(pid=118666) register /opt/stack/cinder/cinder/api/extensions.py:135}}
Jan 13 13:27:33 ubuntu devstack@c-api.service[118666]: DEBUG cinder.api.extensions [-] Loading extension cinder.api.contrib.snapshot_unmanage.Snapshot_unmanage {{(pid=118666) load_extension /opt/stack/cinder/cinder/api/extensions.py:194}}
Jan 13 13:27:33 ubuntu devstack@c-api.service[118666]: DEBUG cinder.api.extensions [-] Calling extension factory cinder.api.contrib.snapshot_unmanage.Snapshot_unmanage {{(pid=118666) load_extension /opt/stack/cinder/cinder/api/extensions.py:200}}
Jan 13 13:27:33 ubuntu devstack@c-api.service[118666]: DEBUG cinder.api.extensions [-] Ext name: SnapshotUnmanage {{(pid=118666) _check_extension /opt/stack/cinder/cinder/api/extensions.py:174}}
Jan 13 13:27:33 ubuntu devstack@c-api.service[118666]: DEBUG cinder.api.extensions [-] Ext alias: os-snapshot-unmanage {{(pid=118666) _check_extension /opt/stack/cinder/cinder/api/extensions.py:175}}
Jan 13 13:27:33 ubuntu devstack@c-api.service[118666]: DEBUG cinder.api.extensions [-] Ext description: Enable volume unmanage operation. {{(pid=118666) _check_extension /opt/stack/cinder/cinder/api/extensions.py:176}}
Jan 13 13:27:33 ubuntu devstack@c-api.service[118666]: DEBUG cinder.api.extensions [-] Ext updated: 2014-12-31T00:00:00+00:00 {{(pid=118666) _check_extension /opt/stack/cinder/cinder/api/extensions.py:178}}
Jan 13 13:27:33 ubuntu devstack@c-api.service[118666]: DEBUG cinder.api.extensions [-] Loaded extension: os-snapshot-unmanage {{(pid=118666) register /opt/stack/cinder/cinder/api/extensions.py:135}}
Jan 13 13:27:33 ubuntu devstack@c-api.service[118666]: DEBUG cinder.api.extensions [-] Loading extension cinder.api.contrib.volume_transfer.Volume_transfer {{(pid=118666) load_extension /opt/stack/cinder/cinder/api/extensions.py:194}}
Jan 13 13:27:33 ubuntu devstack@c-api.service[118666]: DEBUG cinder.api.extensions [-] Calling extension factory cinder.api.contrib.volume_transfer.Volume_transfer {{(pid=118666) load_extension /opt/stack/cinder/cinder/api/extensions.py:200}}
Jan 13 13:27:33 ubuntu devstack@c-api.service[118666]: DEBUG cinder.api.extensions [-] Ext name: VolumeTransfer {{(pid=118666) _check_extension /opt/stack/cinder/cinder/api/extensions.py:174}}
Jan 13 13:27:33 ubuntu devstack@c-api.service[118666]: DEBUG cinder.api.extensions [-] Ext alias: os-volume-transfer {{(pid=118666) _check_extension /opt/stack/cinder/cinder/api/extensions.py:175}}
Jan 13 13:27:33 ubuntu devstack@c-api.service[118666]: DEBUG cinder.api.extensions [-] Ext description: Volume transfer management support. {{(pid=118666) _check_extension /opt/stack/cinder/cinder/api/extensions.py:176}}
Jan 13 13:27:33 ubuntu devstack@c-api.service[118666]: DEBUG cinder.api.extensions [-] Ext updated: 2013-05-29T00:00:00+00:00 {{(pid=118666) _check_extension /opt/stack/cinder/cinder/api/extensions.py:178}}
Jan 13 13:27:33 ubuntu devstack@c-api.service[118666]: DEBUG cinder.api.extensions [-] Loaded extension: os-volume-transfer {{(pid=118666) register /opt/stack/cinder/cinder/api/extensions.py:135}}
Jan 13 13:27:33 ubuntu devstack@c-api.service[118666]: DEBUG cinder.api.extensions [-] Loading extension cinder.api.contrib.backups.Backups {{(pid=118666) load_extension /opt/stack/cinder/cinder/api/extensions.py:194}}
Jan 13 13:27:33 ubuntu devstack@c-api.service[118666]: DEBUG cinder.api.extensions [-] Calling extension factory cinder.api.contrib.backups.Backups {{(pid=118666) load_extension /opt/stack/cinder/cinder/api/extensions.py:200}}
Jan 13 13:27:33 ubuntu devstack@c-api.service[118666]: DEBUG cinder.api.extensions [-] Ext name: Backups {{(pid=118666) _check_extension /opt/stack/cinder/cinder/api/extensions.py:174}}
Jan 13 13:27:33 ubuntu devstack@c-api.service[118666]: DEBUG cinder.api.extensions [-] Ext alias: backups {{(pid=118666) _check_extension /opt/stack/cinder/cinder/api/extensions.py:175}}
Jan 13 13:27:33 ubuntu devstack@c-api.service[118666]: DEBUG cinder.api.extensions [-] Ext description: Backups support. {{(pid=118666) _check_extension /opt/stack/cinder/cinder/api/extensions.py:176}}
Jan 13 13:27:33 ubuntu devstack@c-api.service[118666]: DEBUG cinder.api.extensions [-] Ext updated: 2012-12-12T00:00:00+00:00 {{(pid=118666) _check_extension /opt/stack/cinder/cinder/api/extensions.py:178}}
Jan 13 13:27:33 ubuntu devstack@c-api.service[118666]: DEBUG cinder.api.extensions [-] Loaded extension: backups {{(pid=118666) register /opt/stack/cinder/cinder/api/extensions.py:135}}
Jan 13 13:27:33 ubuntu devstack@c-api.service[118666]: DEBUG cinder.api.extensions [-] Loading extension cinder.api.contrib.volume_host_attribute.Volume_host_attribute {{(pid=118666) load_extension /opt/stack/cinder/cinder/api/extensions.py:194}}
Jan 13 13:27:33 ubuntu devstack@c-api.service[118666]: DEBUG cinder.api.extensions [-] Calling extension factory cinder.api.contrib.volume_host_attribute.Volume_host_attribute {{(pid=118666) load_extension /opt/stack/cinder/cinder/api/extensions.py:200}}
Jan 13 13:27:33 ubuntu devstack@c-api.service[118666]: DEBUG cinder.api.extensions [-] Ext name: VolumeHostAttribute {{(pid=118666) _check_extension /opt/stack/cinder/cinder/api/extensions.py:174}}
Jan 13 13:27:33 ubuntu devstack@c-api.service[118666]: DEBUG cinder.api.extensions [-] Ext alias: os-vol-host-attr {{(pid=118666) _check_extension /opt/stack/cinder/cinder/api/extensions.py:175}}
Jan 13 13:27:33 ubuntu devstack@c-api.service[118666]: DEBUG cinder.api.extensions [-] Ext description: Expose host as an attribute of a volume. {{(pid=118666) _check_extension /opt/stack/cinder/cinder/api/extensions.py:176}}
Jan 13 13:27:33 ubuntu devstack@c-api.service[118666]: DEBUG cinder.api.extensions [-] Ext updated: 2011-11-03T00:00:00+00:00 {{(pid=118666) _check_extension /opt/stack/cinder/cinder/api/extensions.py:178}}
Jan 13 13:27:33 ubuntu devstack@c-api.service[118666]: DEBUG cinder.api.extensions [-] Loaded extension: os-vol-host-attr {{(pid=118666) register /opt/stack/cinder/cinder/api/extensions.py:135}}
Jan 13 13:27:33 ubuntu devstack@c-api.service[118666]: DEBUG cinder.api.extensions [-] Loading extension cinder.api.contrib.volume_tenant_attribute.Volume_tenant_attribute {{(pid=118666) load_extension /opt/stack/cinder/cinder/api/extensions.py:194}}
Jan 13 13:27:33 ubuntu devstack@c-api.service[118666]: DEBUG cinder.api.extensions [-] Calling extension factory cinder.api.contrib.volume_tenant_attribute.Volume_tenant_attribute {{(pid=118666) load_extension /opt/stack/cinder/cinder/api/extensions.py:200}}
Jan 13 13:27:33 ubuntu devstack@c-api.service[118666]: DEBUG cinder.api.extensions [-] Ext name: VolumeTenantAttribute {{(pid=118666) _check_extension /opt/stack/cinder/cinder/api/extensions.py:174}}
Jan 13 13:27:33 ubuntu devstack@c-api.service[118666]: DEBUG cinder.api.extensions [-] Ext alias: os-vol-tenant-attr {{(pid=118666) _check_extension /opt/stack/cinder/cinder/api/extensions.py:175}}
Jan 13 13:27:33 ubuntu devstack@c-api.service[118666]: DEBUG cinder.api.extensions [-] Ext description: Expose the internal project_id as an attribute of a volume. {{(pid=118666) _check_extension /opt/stack/cinder/cinder/api/extensions.py:176}}
Jan 13 13:27:33 ubuntu devstack@c-api.service[118666]: DEBUG cinder.api.extensions [-] Ext updated: 2011-11-03T00:00:00+00:00 {{(pid=118666) _check_extension /opt/stack/cinder/cinder/api/extensions.py:178}}
Jan 13 13:27:33 ubuntu devstack@c-api.service[118666]: DEBUG cinder.api.extensions [-] Loaded extension: os-vol-tenant-attr {{(pid=118666) register /opt/stack/cinder/cinder/api/extensions.py:135}}
Jan 13 13:27:33 ubuntu devstack@c-api.service[118666]: DEBUG cinder.api.extensions [-] Loading extension cinder.api.contrib.extended_services.Extended_services {{(pid=118666) load_extension /opt/stack/cinder/cinder/api/extensions.py:194}}
Jan 13 13:27:33 ubuntu devstack@c-api.service[118666]: DEBUG cinder.api.extensions [-] Calling extension factory cinder.api.contrib.extended_services.Extended_services {{(pid=118666) load_extension /opt/stack/cinder/cinder/api/extensions.py:200}}
Jan 13 13:27:33 ubuntu devstack@c-api.service[118666]: DEBUG cinder.api.extensions [-] Ext name: ExtendedServices {{(pid=118666) _check_extension /opt/stack/cinder/cinder/api/extensions.py:174}}
Jan 13 13:27:33 ubuntu devstack@c-api.service[118666]: DEBUG cinder.api.extensions [-] Ext alias: os-extended-services {{(pid=118666) _check_extension /opt/stack/cinder/cinder/api/extensions.py:175}}
Jan 13 13:27:33 ubuntu devstack@c-api.service[118666]: DEBUG cinder.api.extensions [-] Ext description: Extended services support. {{(pid=118666) _check_extension /opt/stack/cinder/cinder/api/extensions.py:176}}
Jan 13 13:27:33 ubuntu devstack@c-api.service[118666]: DEBUG cinder.api.extensions [-] Ext updated: 2014-01-10T00:00:00-00:00 {{(pid=118666) _check_extension /opt/stack/cinder/cinder/api/extensions.py:178}}
Jan 13 13:27:33 ubuntu devstack@c-api.service[118666]: DEBUG cinder.api.extensions [-] Loaded extension: os-extended-services {{(pid=118666) register /opt/stack/cinder/cinder/api/extensions.py:135}}
Jan 13 13:27:33 ubuntu devstack@c-api.service[118666]: DEBUG cinder.api.extensions [-] Loading extension cinder.api.contrib.volume_mig_status_attribute.Volume_mig_status_attribute {{(pid=118666) load_extension /opt/stack/cinder/cinder/api/extensions.py:194}}
Jan 13 13:27:33 ubuntu devstack@c-api.service[118666]: DEBUG cinder.api.extensions [-] Calling extension factory cinder.api.contrib.volume_mig_status_attribute.Volume_mig_status_attribute {{(pid=118666) load_extension /opt/stack/cinder/cinder/api/extensions.py:200}}
Jan 13 13:27:33 ubuntu devstack@c-api.service[118666]: DEBUG cinder.api.extensions [-] Ext name: VolumeMigStatusAttribute {{(pid=118666) _check_extension /opt/stack/cinder/cinder/api/extensions.py:174}}
Jan 13 13:27:33 ubuntu devstack@c-api.service[118666]: DEBUG cinder.api.extensions [-] Ext alias: os-vol-mig-status-attr {{(pid=118666) _check_extension /opt/stack/cinder/cinder/api/extensions.py:175}}
Jan 13 13:27:33 ubuntu devstack@c-api.service[118666]: DEBUG cinder.api.extensions [-] Ext description: Expose migration_status as an attribute of a volume. {{(pid=118666) _check_extension /opt/stack/cinder/cinder/api/extensions.py:176}}
Jan 13 13:27:33 ubuntu devstack@c-api.service[118666]: DEBUG cinder.api.extensions [-] Ext updated: 2013-08-08T00:00:00+00:00 {{(pid=118666) _check_extension /opt/stack/cinder/cinder/api/extensions.py:178}}
Jan 13 13:27:33 ubuntu devstack@c-api.service[118666]: DEBUG cinder.api.extensions [-] Loaded extension: os-vol-mig-status-attr {{(pid=118666) register /opt/stack/cinder/cinder/api/extensions.py:135}}
Jan 13 13:27:33 ubuntu devstack@c-api.service[118666]: DEBUG cinder.api.extensions [-] Loading extension cinder.api.contrib.scheduler_hints.Scheduler_hints {{(pid=118666) load_extension /opt/stack/cinder/cinder/api/extensions.py:194}}
Jan 13 13:27:33 ubuntu devstack@c-api.service[118666]: DEBUG cinder.api.extensions [-] Calling extension factory cinder.api.contrib.scheduler_hints.Scheduler_hints {{(pid=118666) load_extension /opt/stack/cinder/cinder/api/extensions.py:200}}
Jan 13 13:27:33 ubuntu devstack@c-api.service[118666]: DEBUG cinder.api.extensions [-] Ext name: SchedulerHints {{(pid=118666) _check_extension /opt/stack/cinder/cinder/api/extensions.py:174}}
Jan 13 13:27:33 ubuntu devstack@c-api.service[118666]: DEBUG cinder.api.extensions [-] Ext alias: OS-SCH-HNT {{(pid=118666) _check_extension /opt/stack/cinder/cinder/api/extensions.py:175}}
Jan 13 13:27:33 ubuntu devstack@c-api.service[118666]: DEBUG cinder.api.extensions [-] Ext description: Pass arbitrary key/value pairs to the scheduler. {{(pid=118666) _check_extension /opt/stack/cinder/cinder/api/extensions.py:176}}
Jan 13 13:27:33 ubuntu devstack@c-api.service[118666]: DEBUG cinder.api.extensions [-] Ext updated: 2013-04-18T00:00:00+00:00 {{(pid=118666) _check_extension /opt/stack/cinder/cinder/api/extensions.py:178}}
Jan 13 13:27:33 ubuntu devstack@c-api.service[118666]: DEBUG cinder.api.extensions [-] Loaded extension: OS-SCH-HNT {{(pid=118666) register /opt/stack/cinder/cinder/api/extensions.py:135}}
Jan 13 13:27:33 ubuntu devstack@c-api.service[118666]: DEBUG cinder.api.extensions [-] Loading extension cinder.api.contrib.volume_type_encryption.Volume_type_encryption {{(pid=118666) load_extension /opt/stack/cinder/cinder/api/extensions.py:194}}
Jan 13 13:27:33 ubuntu devstack@c-api.service[118666]: DEBUG cinder.api.extensions [-] Calling extension factory cinder.api.contrib.volume_type_encryption.Volume_type_encryption {{(pid=118666) load_extension /opt/stack/cinder/cinder/api/extensions.py:200}}
Jan 13 13:27:33 ubuntu devstack@c-api.service[118666]: DEBUG cinder.api.extensions [-] Ext name: VolumeTypeEncryption {{(pid=118666) _check_extension /opt/stack/cinder/cinder/api/extensions.py:174}}
Jan 13 13:27:33 ubuntu devstack@c-api.service[118666]: DEBUG cinder.api.extensions [-] Ext alias: encryption {{(pid=118666) _check_extension /opt/stack/cinder/cinder/api/extensions.py:175}}
Jan 13 13:27:33 ubuntu devstack@c-api.service[118666]: DEBUG cinder.api.extensions [-] Ext description: Encryption support for volume types. {{(pid=118666) _check_extension /opt/stack/cinder/cinder/api/extensions.py:176}}
Jan 13 13:27:33 ubuntu devstack@c-api.service[118666]: DEBUG cinder.api.extensions [-] Ext updated: 2013-07-01T00:00:00+00:00 {{(pid=118666) _check_extension /opt/stack/cinder/cinder/api/extensions.py:178}}
Jan 13 13:27:33 ubuntu devstack@c-api.service[118666]: DEBUG cinder.api.extensions [-] Loaded extension: encryption {{(pid=118666) register /opt/stack/cinder/cinder/api/extensions.py:135}}
Jan 13 13:27:33 ubuntu devstack@c-api.service[118666]: DEBUG cinder.api.extensions [-] Loading extension cinder.api.contrib.volume_encryption_metadata.Volume_encryption_metadata {{(pid=118666) load_extension /opt/stack/cinder/cinder/api/extensions.py:194}}
Jan 13 13:27:33 ubuntu devstack@c-api.service[118666]: DEBUG cinder.api.extensions [-] Calling extension factory cinder.api.contrib.volume_encryption_metadata.Volume_encryption_metadata {{(pid=118666) load_extension /opt/stack/cinder/cinder/api/extensions.py:200}}
Jan 13 13:27:33 ubuntu devstack@c-api.service[118666]: DEBUG cinder.api.extensions [-] Ext name: VolumeEncryptionMetadata {{(pid=118666) _check_extension /opt/stack/cinder/cinder/api/extensions.py:174}}
Jan 13 13:27:33 ubuntu devstack@c-api.service[118666]: DEBUG cinder.api.extensions [-] Ext alias: os-volume-encryption-metadata {{(pid=118666) _check_extension /opt/stack/cinder/cinder/api/extensions.py:175}}
Jan 13 13:27:33 ubuntu devstack@c-api.service[118666]: DEBUG cinder.api.extensions [-] Ext description: Volume encryption metadata retrieval support. {{(pid=118666) _check_extension /opt/stack/cinder/cinder/api/extensions.py:176}}
Jan 13 13:27:33 ubuntu devstack@c-api.service[118666]: DEBUG cinder.api.extensions [-] Ext updated: 2013-07-10T00:00:00+00:00 {{(pid=118666) _check_extension /opt/stack/cinder/cinder/api/extensions.py:178}}
Jan 13 13:27:33 ubuntu devstack@c-api.service[118666]: DEBUG cinder.api.extensions [-] Loaded extension: os-volume-encryption-metadata {{(pid=118666) register /opt/stack/cinder/cinder/api/extensions.py:135}}
Jan 13 13:27:33 ubuntu devstack@c-api.service[118666]: DEBUG cinder.api.extensions [-] Loading extension cinder.api.contrib.quotas.Quotas {{(pid=118666) load_extension /opt/stack/cinder/cinder/api/extensions.py:194}}
Jan 13 13:27:33 ubuntu devstack@c-api.service[118666]: DEBUG cinder.api.extensions [-] Calling extension factory cinder.api.contrib.quotas.Quotas {{(pid=118666) load_extension /opt/stack/cinder/cinder/api/extensions.py:200}}
Jan 13 13:27:33 ubuntu devstack@c-api.service[118666]: DEBUG cinder.api.extensions [-] Ext name: Quotas {{(pid=118666) _check_extension /opt/stack/cinder/cinder/api/extensions.py:174}}
Jan 13 13:27:33 ubuntu devstack@c-api.service[118666]: DEBUG cinder.api.extensions [-] Ext alias: os-quota-sets {{(pid=118666) _check_extension /opt/stack/cinder/cinder/api/extensions.py:175}}
Jan 13 13:27:33 ubuntu devstack@c-api.service[118666]: DEBUG cinder.api.extensions [-] Ext description: Quota management support. {{(pid=118666) _check_extension /opt/stack/cinder/cinder/api/extensions.py:176}}
Jan 13 13:27:33 ubuntu devstack@c-api.service[118666]: DEBUG cinder.api.extensions [-] Ext updated: 2011-08-08T00:00:00+00:00 {{(pid=118666) _check_extension /opt/stack/cinder/cinder/api/extensions.py:178}}
Jan 13 13:27:33 ubuntu devstack@c-api.service[118666]: DEBUG cinder.api.extensions [-] Loaded extension: os-quota-sets {{(pid=118666) register /opt/stack/cinder/cinder/api/extensions.py:135}}
Jan 13 13:27:33 ubuntu devstack@c-api.service[118666]: DEBUG cinder.api.extensions [-] Loading extension cinder.api.contrib.admin_actions.Admin_actions {{(pid=118666) load_extension /opt/stack/cinder/cinder/api/extensions.py:194}}
Jan 13 13:27:33 ubuntu devstack@c-api.service[118666]: DEBUG cinder.api.extensions [-] Calling extension factory cinder.api.contrib.admin_actions.Admin_actions {{(pid=118666) load_extension /opt/stack/cinder/cinder/api/extensions.py:200}}
Jan 13 13:27:33 ubuntu devstack@c-api.service[118666]: DEBUG cinder.api.extensions [-] Ext name: AdminActions {{(pid=118666) _check_extension /opt/stack/cinder/cinder/api/extensions.py:174}}
Jan 13 13:27:33 ubuntu devstack@c-api.service[118666]: DEBUG cinder.api.extensions [-] Ext alias: os-admin-actions {{(pid=118666) _check_extension /opt/stack/cinder/cinder/api/extensions.py:175}}
Jan 13 13:27:33 ubuntu devstack@c-api.service[118666]: DEBUG cinder.api.extensions [-] Ext description: Enable admin actions. {{(pid=118666) _check_extension /opt/stack/cinder/cinder/api/extensions.py:176}}
Jan 13 13:27:33 ubuntu devstack@c-api.service[118666]: DEBUG cinder.api.extensions [-] Ext updated: 2012-08-25T00:00:00+00:00 {{(pid=118666) _check_extension /opt/stack/cinder/cinder/api/extensions.py:178}}
Jan 13 13:27:33 ubuntu devstack@c-api.service[118666]: DEBUG cinder.api.extensions [-] Loaded extension: os-admin-actions {{(pid=118666) register /opt/stack/cinder/cinder/api/extensions.py:135}}
Jan 13 13:27:33 ubuntu devstack@c-api.service[118666]: DEBUG cinder.api.extensions [-] Loading extension cinder.api.contrib.types_manage.Types_manage {{(pid=118666) load_extension /opt/stack/cinder/cinder/api/extensions.py:194}}
Jan 13 13:27:33 ubuntu devstack@c-api.service[118666]: DEBUG cinder.api.extensions [-] Calling extension factory cinder.api.contrib.types_manage.Types_manage {{(pid=118666) load_extension /opt/stack/cinder/cinder/api/extensions.py:200}}
Jan 13 13:27:33 ubuntu devstack@c-api.service[118666]: DEBUG cinder.api.extensions [-] Ext name: TypesManage {{(pid=118666) _check_extension /opt/stack/cinder/cinder/api/extensions.py:174}}
Jan 13 13:27:33 ubuntu devstack@c-api.service[118666]: DEBUG cinder.api.extensions [-] Ext alias: os-types-manage {{(pid=118666) _check_extension /opt/stack/cinder/cinder/api/extensions.py:175}}
Jan 13 13:27:33 ubuntu devstack@c-api.service[118666]: DEBUG cinder.api.extensions [-] Ext description: Types manage support. {{(pid=118666) _check_extension /opt/stack/cinder/cinder/api/extensions.py:176}}
Jan 13 13:27:33 ubuntu devstack@c-api.service[118666]: DEBUG cinder.api.extensions [-] Ext updated: 2011-08-24T00:00:00+00:00 {{(pid=118666) _check_extension /opt/stack/cinder/cinder/api/extensions.py:178}}
Jan 13 13:27:33 ubuntu devstack@c-api.service[118666]: DEBUG cinder.api.extensions [-] Loaded extension: os-types-manage {{(pid=118666) register /opt/stack/cinder/cinder/api/extensions.py:135}}
Jan 13 13:27:33 ubuntu devstack@c-api.service[118666]: DEBUG cinder.api.extensions [-] Loading extension cinder.api.contrib.scheduler_stats.Scheduler_stats {{(pid=118666) load_extension /opt/stack/cinder/cinder/api/extensions.py:194}}
Jan 13 13:27:33 ubuntu devstack@c-api.service[118666]: DEBUG cinder.api.extensions [-] Calling extension factory cinder.api.contrib.scheduler_stats.Scheduler_stats {{(pid=118666) load_extension /opt/stack/cinder/cinder/api/extensions.py:200}}
Jan 13 13:27:33 ubuntu devstack@c-api.service[118666]: DEBUG cinder.api.extensions [-] Ext name: Scheduler_stats {{(pid=118666) _check_extension /opt/stack/cinder/cinder/api/extensions.py:174}}
Jan 13 13:27:33 ubuntu devstack@c-api.service[118666]: DEBUG cinder.api.extensions [-] Ext alias: scheduler-stats {{(pid=118666) _check_extension /opt/stack/cinder/cinder/api/extensions.py:175}}
Jan 13 13:27:33 ubuntu devstack@c-api.service[118666]: DEBUG cinder.api.extensions [-] Ext description: Scheduler stats support. {{(pid=118666) _check_extension /opt/stack/cinder/cinder/api/extensions.py:176}}
Jan 13 13:27:33 ubuntu devstack@c-api.service[118666]: DEBUG cinder.api.extensions [-] Ext updated: 2014-09-07T00:00:00+00:00 {{(pid=118666) _check_extension /opt/stack/cinder/cinder/api/extensions.py:178}}
Jan 13 13:27:33 ubuntu devstack@c-api.service[118666]: DEBUG cinder.api.extensions [-] Loaded extension: scheduler-stats {{(pid=118666) register /opt/stack/cinder/cinder/api/extensions.py:135}}
Jan 13 13:27:33 ubuntu devstack@c-api.service[118666]: DEBUG cinder.api.extensions [-] Loading extension cinder.api.contrib.snapshot_manage.Snapshot_manage {{(pid=118666) load_extension /opt/stack/cinder/cinder/api/extensions.py:194}}
Jan 13 13:27:33 ubuntu devstack@c-api.service[118666]: DEBUG cinder.api.extensions [-] Calling extension factory cinder.api.contrib.snapshot_manage.Snapshot_manage {{(pid=118666) load_extension /opt/stack/cinder/cinder/api/extensions.py:200}}
Jan 13 13:27:33 ubuntu devstack@c-api.service[118666]: DEBUG cinder.api.extensions [-] Ext name: SnapshotManage {{(pid=118666) _check_extension /opt/stack/cinder/cinder/api/extensions.py:174}}
Jan 13 13:27:33 ubuntu devstack@c-api.service[118666]: DEBUG cinder.api.extensions [-] Ext alias: os-snapshot-manage {{(pid=118666) _check_extension /opt/stack/cinder/cinder/api/extensions.py:175}}
Jan 13 13:27:33 ubuntu devstack@c-api.service[118666]: DEBUG cinder.api.extensions [-] Ext description: Allows existing backend storage to be 'managed' by Cinder. {{(pid=118666) _check_extension /opt/stack/cinder/cinder/api/extensions.py:176}}
Jan 13 13:27:33 ubuntu devstack@c-api.service[118666]: DEBUG cinder.api.extensions [-] Ext updated: 2014-12-31T00:00:00+00:00 {{(pid=118666) _check_extension /opt/stack/cinder/cinder/api/extensions.py:178}}
Jan 13 13:27:33 ubuntu devstack@c-api.service[118666]: DEBUG cinder.api.extensions [-] Loaded extension: os-snapshot-manage {{(pid=118666) register /opt/stack/cinder/cinder/api/extensions.py:135}}
Jan 13 13:27:33 ubuntu devstack@c-api.service[118666]: DEBUG cinder.api.extensions [-] Loading extension cinder.api.contrib.used_limits.Used_limits {{(pid=118666) load_extension /opt/stack/cinder/cinder/api/extensions.py:194}}
Jan 13 13:27:33 ubuntu devstack@c-api.service[118666]: DEBUG cinder.api.extensions [-] Calling extension factory cinder.api.contrib.used_limits.Used_limits {{(pid=118666) load_extension /opt/stack/cinder/cinder/api/extensions.py:200}}
Jan 13 13:27:33 ubuntu devstack@c-api.service[118666]: DEBUG cinder.api.extensions [-] Ext name: UsedLimits {{(pid=118666) _check_extension /opt/stack/cinder/cinder/api/extensions.py:174}}
Jan 13 13:27:33 ubuntu devstack@c-api.service[118666]: DEBUG cinder.api.extensions [-] Ext alias: os-used-limits {{(pid=118666) _check_extension /opt/stack/cinder/cinder/api/extensions.py:175}}
Jan 13 13:27:33 ubuntu devstack@c-api.service[118666]: DEBUG cinder.api.extensions [-] Ext description: Provide data on limited resources that are being used. {{(pid=118666) _check_extension /opt/stack/cinder/cinder/api/extensions.py:176}}
Jan 13 13:27:33 ubuntu devstack@c-api.service[118666]: DEBUG cinder.api.extensions [-] Ext updated: 2013-10-03T00:00:00+00:00 {{(pid=118666) _check_extension /opt/stack/cinder/cinder/api/extensions.py:178}}
Jan 13 13:27:33 ubuntu devstack@c-api.service[118666]: DEBUG cinder.api.extensions [-] Loaded extension: os-used-limits {{(pid=118666) register /opt/stack/cinder/cinder/api/extensions.py:135}}
Jan 13 13:27:33 ubuntu devstack@c-api.service[118666]: DEBUG cinder.api.extensions [-] Loading extension cinder.api.contrib.hosts.Hosts {{(pid=118666) load_extension /opt/stack/cinder/cinder/api/extensions.py:194}}
Jan 13 13:27:33 ubuntu devstack@c-api.service[118666]: DEBUG cinder.api.extensions [-] Calling extension factory cinder.api.contrib.hosts.Hosts {{(pid=118666) load_extension /opt/stack/cinder/cinder/api/extensions.py:200}}
Jan 13 13:27:33 ubuntu devstack@c-api.service[118666]: DEBUG cinder.api.extensions [-] Ext name: Hosts {{(pid=118666) _check_extension /opt/stack/cinder/cinder/api/extensions.py:174}}
Jan 13 13:27:33 ubuntu devstack@c-api.service[118666]: DEBUG cinder.api.extensions [-] Ext alias: os-hosts {{(pid=118666) _check_extension /opt/stack/cinder/cinder/api/extensions.py:175}}
Jan 13 13:27:33 ubuntu devstack@c-api.service[118666]: DEBUG cinder.api.extensions [-] Ext description: Admin-only host administration. {{(pid=118666) _check_extension /opt/stack/cinder/cinder/api/extensions.py:176}}
Jan 13 13:27:33 ubuntu devstack@c-api.service[118666]: DEBUG cinder.api.extensions [-] Ext updated: 2011-06-29T00:00:00+00:00 {{(pid=118666) _check_extension /opt/stack/cinder/cinder/api/extensions.py:178}}
Jan 13 13:27:33 ubuntu devstack@c-api.service[118666]: DEBUG cinder.api.extensions [-] Loaded extension: os-hosts {{(pid=118666) register /opt/stack/cinder/cinder/api/extensions.py:135}}
Jan 13 13:27:33 ubuntu devstack@c-api.service[118666]: DEBUG cinder.api.extensions [-] Loading extension cinder.api.contrib.services.Services {{(pid=118666) load_extension /opt/stack/cinder/cinder/api/extensions.py:194}}
Jan 13 13:27:33 ubuntu devstack@c-api.service[118666]: DEBUG cinder.api.extensions [-] Calling extension factory cinder.api.contrib.services.Services {{(pid=118666) load_extension /opt/stack/cinder/cinder/api/extensions.py:200}}
Jan 13 13:27:33 ubuntu devstack@c-api.service[118666]: DEBUG cinder.api.extensions [-] Ext name: Services {{(pid=118666) _check_extension /opt/stack/cinder/cinder/api/extensions.py:174}}
Jan 13 13:27:33 ubuntu devstack@c-api.service[118666]: DEBUG cinder.api.extensions [-] Ext alias: os-services {{(pid=118666) _check_extension /opt/stack/cinder/cinder/api/extensions.py:175}}
Jan 13 13:27:33 ubuntu devstack@c-api.service[118667]: DEBUG oslo_db.sqlalchemy.engines [None req-c2ea7970-347b-4fff-8237-d19cc3fa9b2e None None] MySQL server mode set to STRICT_TRANS_TABLES,STRICT_ALL_TABLES,NO_ZERO_IN_DATE,NO_ZERO_DATE,ERROR_FOR_DIVISION_BY_ZERO,TRADITIONAL,NO_ENGINE_SUBSTITUTION {{(pid=118667) _check_effective_sql_mode /opt/stack/data/venv/lib/python3.12/site-packages/oslo_db/sqlalchemy/engines.py:397}}
Jan 13 13:27:33 ubuntu devstack@c-api.service[118666]: DEBUG cinder.api.extensions [-] Ext description: Services support. {{(pid=118666) _check_extension /opt/stack/cinder/cinder/api/extensions.py:176}}
Jan 13 13:27:33 ubuntu devstack@c-api.service[118666]: DEBUG cinder.api.extensions [-] Ext updated: 2012-10-28T00:00:00-00:00 {{(pid=118666) _check_extension /opt/stack/cinder/cinder/api/extensions.py:178}}
Jan 13 13:27:33 ubuntu devstack@c-api.service[118666]: DEBUG cinder.api.extensions [-] Loaded extension: os-services {{(pid=118666) register /opt/stack/cinder/cinder/api/extensions.py:135}}
Jan 13 13:27:34 ubuntu devstack@c-api.service[118666]: DEBUG oslo_db.sqlalchemy.engines [None req-c38962b7-b827-4de6-82c7-c722b401b040 None None] MySQL server mode set to STRICT_TRANS_TABLES,STRICT_ALL_TABLES,NO_ZERO_IN_DATE,NO_ZERO_DATE,ERROR_FOR_DIVISION_BY_ZERO,TRADITIONAL,NO_ENGINE_SUBSTITUTION {{(pid=118666) _check_effective_sql_mode /opt/stack/data/venv/lib/python3.12/site-packages/oslo_db/sqlalchemy/engines.py:397}}
Jan 13 13:27:34 ubuntu devstack@c-api.service[118667]: INFO cinder.rpc [None req-c2ea7970-347b-4fff-8237-d19cc3fa9b2e None None] Automatically selected cinder-scheduler objects version 1.39 as minimum service version.
Jan 13 13:27:34 ubuntu devstack@c-api.service[118667]: INFO cinder.rpc [None req-c2ea7970-347b-4fff-8237-d19cc3fa9b2e None None] Automatically selected cinder-scheduler RPC version 3.12 as minimum service version.
Jan 13 13:27:34 ubuntu devstack@c-api.service[118667]: INFO cinder.rpc [None req-c2ea7970-347b-4fff-8237-d19cc3fa9b2e None None] Automatically selected cinder-volume objects version 1.39 as minimum service version.
Jan 13 13:27:34 ubuntu devstack@c-api.service[118667]: INFO cinder.rpc [None req-c2ea7970-347b-4fff-8237-d19cc3fa9b2e None None] Automatically selected cinder-volume RPC version 3.20 as minimum service version.
Jan 13 13:27:34 ubuntu devstack@c-api.service[118667]: WARNING stevedore.named [None req-c2ea7970-347b-4fff-8237-d19cc3fa9b2e None None] Could not load cinder.keymgr.conf_key_mgr.ConfKeyManager
Jan 13 13:27:34 ubuntu devstack@c-api.service[118667]: WARNING castellan.key_manager [None req-c2ea7970-347b-4fff-8237-d19cc3fa9b2e None None] Deprecation Warning : cinder.keymgr.conf_key_mgr.ConfKeyManager is not a stevedore based driver, trying to load it as a class: stevedore.exception.NoMatches: No 'castellan.drivers' driver found, looking for 'cinder.keymgr.conf_key_mgr.ConfKeyManager'
Jan 13 13:27:34 ubuntu devstack@c-api.service[118667]: WARNING cinder.keymgr.conf_key_mgr [None req-c2ea7970-347b-4fff-8237-d19cc3fa9b2e None None] This key manager is insecure and is not recommended for production deployments: stevedore.exception.NoMatches: No 'castellan.drivers' driver found, looking for 'cinder.keymgr.conf_key_mgr.ConfKeyManager'
Jan 13 13:27:34 ubuntu devstack@c-api.service[118667]: WARNING stevedore.named [None req-c2ea7970-347b-4fff-8237-d19cc3fa9b2e None None] Could not load cinder.keymgr.conf_key_mgr.ConfKeyManager
Jan 13 13:27:34 ubuntu devstack@c-api.service[118667]: WARNING castellan.key_manager [None req-c2ea7970-347b-4fff-8237-d19cc3fa9b2e None None] Deprecation Warning : cinder.keymgr.conf_key_mgr.ConfKeyManager is not a stevedore based driver, trying to load it as a class: stevedore.exception.NoMatches: No 'castellan.drivers' driver found, looking for 'cinder.keymgr.conf_key_mgr.ConfKeyManager'
Jan 13 13:27:34 ubuntu devstack@c-api.service[118667]: DEBUG oslo_db.sqlalchemy.engines [None req-c2ea7970-347b-4fff-8237-d19cc3fa9b2e None None] MySQL server mode set to STRICT_TRANS_TABLES,STRICT_ALL_TABLES,NO_ZERO_IN_DATE,NO_ZERO_DATE,ERROR_FOR_DIVISION_BY_ZERO,TRADITIONAL,NO_ENGINE_SUBSTITUTION {{(pid=118667) _check_effective_sql_mode /opt/stack/data/venv/lib/python3.12/site-packages/oslo_db/sqlalchemy/engines.py:397}}
Jan 13 13:27:34 ubuntu devstack@c-api.service[118667]: INFO cinder.rpc [None req-c2ea7970-347b-4fff-8237-d19cc3fa9b2e None None] Automatically selected cinder-backup objects version 1.39 as minimum service version.
Jan 13 13:27:34 ubuntu devstack@c-api.service[118667]: INFO cinder.rpc [None req-c2ea7970-347b-4fff-8237-d19cc3fa9b2e None None] Automatically selected cinder-backup RPC version 2.4 as minimum service version.
Jan 13 13:27:34 ubuntu devstack@c-api.service[118667]: WARNING stevedore.named [None req-c2ea7970-347b-4fff-8237-d19cc3fa9b2e None None] Could not load cinder.keymgr.conf_key_mgr.ConfKeyManager
Jan 13 13:27:34 ubuntu devstack@c-api.service[118667]: WARNING castellan.key_manager [None req-c2ea7970-347b-4fff-8237-d19cc3fa9b2e None None] Deprecation Warning : cinder.keymgr.conf_key_mgr.ConfKeyManager is not a stevedore based driver, trying to load it as a class: stevedore.exception.NoMatches: No 'castellan.drivers' driver found, looking for 'cinder.keymgr.conf_key_mgr.ConfKeyManager'
Jan 13 13:27:34 ubuntu devstack@c-api.service[118667]: WARNING stevedore.named [None req-c2ea7970-347b-4fff-8237-d19cc3fa9b2e None None] Could not load cinder.keymgr.conf_key_mgr.ConfKeyManager
Jan 13 13:27:34 ubuntu devstack@c-api.service[118667]: WARNING castellan.key_manager [None req-c2ea7970-347b-4fff-8237-d19cc3fa9b2e None None] Deprecation Warning : cinder.keymgr.conf_key_mgr.ConfKeyManager is not a stevedore based driver, trying to load it as a class: stevedore.exception.NoMatches: No 'castellan.drivers' driver found, looking for 'cinder.keymgr.conf_key_mgr.ConfKeyManager'
Jan 13 13:27:34 ubuntu devstack@c-api.service[118666]: INFO cinder.rpc [None req-c38962b7-b827-4de6-82c7-c722b401b040 None None] Automatically selected cinder-scheduler objects version 1.39 as minimum service version.
Jan 13 13:27:34 ubuntu devstack@c-api.service[118666]: INFO cinder.rpc [None req-c38962b7-b827-4de6-82c7-c722b401b040 None None] Automatically selected cinder-scheduler RPC version 3.12 as minimum service version.
Jan 13 13:27:34 ubuntu devstack@c-api.service[118667]: WARNING stevedore.named [None req-c2ea7970-347b-4fff-8237-d19cc3fa9b2e None None] Could not load cinder.keymgr.conf_key_mgr.ConfKeyManager
Jan 13 13:27:34 ubuntu devstack@c-api.service[118667]: WARNING castellan.key_manager [None req-c2ea7970-347b-4fff-8237-d19cc3fa9b2e None None] Deprecation Warning : cinder.keymgr.conf_key_mgr.ConfKeyManager is not a stevedore based driver, trying to load it as a class: stevedore.exception.NoMatches: No 'castellan.drivers' driver found, looking for 'cinder.keymgr.conf_key_mgr.ConfKeyManager'
Jan 13 13:27:34 ubuntu devstack@c-api.service[118666]: INFO cinder.rpc [None req-c38962b7-b827-4de6-82c7-c722b401b040 None None] Automatically selected cinder-volume objects version 1.39 as minimum service version.
Jan 13 13:27:34 ubuntu devstack@c-api.service[118666]: INFO cinder.rpc [None req-c38962b7-b827-4de6-82c7-c722b401b040 None None] Automatically selected cinder-volume RPC version 3.20 as minimum service version.
Jan 13 13:27:34 ubuntu devstack@c-api.service[118666]: WARNING stevedore.named [None req-c38962b7-b827-4de6-82c7-c722b401b040 None None] Could not load cinder.keymgr.conf_key_mgr.ConfKeyManager
Jan 13 13:27:34 ubuntu devstack@c-api.service[118666]: WARNING castellan.key_manager [None req-c38962b7-b827-4de6-82c7-c722b401b040 None None] Deprecation Warning : cinder.keymgr.conf_key_mgr.ConfKeyManager is not a stevedore based driver, trying to load it as a class: stevedore.exception.NoMatches: No 'castellan.drivers' driver found, looking for 'cinder.keymgr.conf_key_mgr.ConfKeyManager'
Jan 13 13:27:34 ubuntu devstack@c-api.service[118667]: WARNING stevedore.named [None req-c2ea7970-347b-4fff-8237-d19cc3fa9b2e None None] Could not load cinder.keymgr.conf_key_mgr.ConfKeyManager
Jan 13 13:27:34 ubuntu devstack@c-api.service[118666]: WARNING cinder.keymgr.conf_key_mgr [None req-c38962b7-b827-4de6-82c7-c722b401b040 None None] This key manager is insecure and is not recommended for production deployments: stevedore.exception.NoMatches: No 'castellan.drivers' driver found, looking for 'cinder.keymgr.conf_key_mgr.ConfKeyManager'
Jan 13 13:27:34 ubuntu devstack@c-api.service[118667]: WARNING castellan.key_manager [None req-c2ea7970-347b-4fff-8237-d19cc3fa9b2e None None] Deprecation Warning : cinder.keymgr.conf_key_mgr.ConfKeyManager is not a stevedore based driver, trying to load it as a class: stevedore.exception.NoMatches: No 'castellan.drivers' driver found, looking for 'cinder.keymgr.conf_key_mgr.ConfKeyManager'
Jan 13 13:27:34 ubuntu devstack@c-api.service[118666]: WARNING stevedore.named [None req-c38962b7-b827-4de6-82c7-c722b401b040 None None] Could not load cinder.keymgr.conf_key_mgr.ConfKeyManager
Jan 13 13:27:34 ubuntu devstack@c-api.service[118666]: WARNING castellan.key_manager [None req-c38962b7-b827-4de6-82c7-c722b401b040 None None] Deprecation Warning : cinder.keymgr.conf_key_mgr.ConfKeyManager is not a stevedore based driver, trying to load it as a class: stevedore.exception.NoMatches: No 'castellan.drivers' driver found, looking for 'cinder.keymgr.conf_key_mgr.ConfKeyManager'
Jan 13 13:27:34 ubuntu devstack@c-api.service[118667]: WARNING stevedore.named [None req-c2ea7970-347b-4fff-8237-d19cc3fa9b2e None None] Could not load cinder.keymgr.conf_key_mgr.ConfKeyManager
Jan 13 13:27:34 ubuntu devstack@c-api.service[118666]: DEBUG oslo_db.sqlalchemy.engines [None req-c38962b7-b827-4de6-82c7-c722b401b040 None None] MySQL server mode set to STRICT_TRANS_TABLES,STRICT_ALL_TABLES,NO_ZERO_IN_DATE,NO_ZERO_DATE,ERROR_FOR_DIVISION_BY_ZERO,TRADITIONAL,NO_ENGINE_SUBSTITUTION {{(pid=118666) _check_effective_sql_mode /opt/stack/data/venv/lib/python3.12/site-packages/oslo_db/sqlalchemy/engines.py:397}}
Jan 13 13:27:34 ubuntu devstack@c-api.service[118667]: WARNING castellan.key_manager [None req-c2ea7970-347b-4fff-8237-d19cc3fa9b2e None None] Deprecation Warning : cinder.keymgr.conf_key_mgr.ConfKeyManager is not a stevedore based driver, trying to load it as a class: stevedore.exception.NoMatches: No 'castellan.drivers' driver found, looking for 'cinder.keymgr.conf_key_mgr.ConfKeyManager'
Jan 13 13:27:34 ubuntu devstack@c-api.service[118666]: INFO cinder.rpc [None req-c38962b7-b827-4de6-82c7-c722b401b040 None None] Automatically selected cinder-backup objects version 1.39 as minimum service version.
Jan 13 13:27:34 ubuntu devstack@c-api.service[118667]: WARNING stevedore.named [None req-c2ea7970-347b-4fff-8237-d19cc3fa9b2e None None] Could not load cinder.keymgr.conf_key_mgr.ConfKeyManager
Jan 13 13:27:34 ubuntu devstack@c-api.service[118666]: INFO cinder.rpc [None req-c38962b7-b827-4de6-82c7-c722b401b040 None None] Automatically selected cinder-backup RPC version 2.4 as minimum service version.
Jan 13 13:27:34 ubuntu devstack@c-api.service[118666]: WARNING stevedore.named [None req-c38962b7-b827-4de6-82c7-c722b401b040 None None] Could not load cinder.keymgr.conf_key_mgr.ConfKeyManager
Jan 13 13:27:34 ubuntu devstack@c-api.service[118666]: WARNING castellan.key_manager [None req-c38962b7-b827-4de6-82c7-c722b401b040 None None] Deprecation Warning : cinder.keymgr.conf_key_mgr.ConfKeyManager is not a stevedore based driver, trying to load it as a class: stevedore.exception.NoMatches: No 'castellan.drivers' driver found, looking for 'cinder.keymgr.conf_key_mgr.ConfKeyManager'
Jan 13 13:27:34 ubuntu devstack@c-api.service[118667]: WARNING castellan.key_manager [None req-c2ea7970-347b-4fff-8237-d19cc3fa9b2e None None] Deprecation Warning : cinder.keymgr.conf_key_mgr.ConfKeyManager is not a stevedore based driver, trying to load it as a class: stevedore.exception.NoMatches: No 'castellan.drivers' driver found, looking for 'cinder.keymgr.conf_key_mgr.ConfKeyManager'
Jan 13 13:27:34 ubuntu devstack@c-api.service[118667]: WARNING stevedore.named [None req-c2ea7970-347b-4fff-8237-d19cc3fa9b2e None None] Could not load cinder.keymgr.conf_key_mgr.ConfKeyManager
Jan 13 13:27:34 ubuntu devstack@c-api.service[118667]: WARNING castellan.key_manager [None req-c2ea7970-347b-4fff-8237-d19cc3fa9b2e None None] Deprecation Warning : cinder.keymgr.conf_key_mgr.ConfKeyManager is not a stevedore based driver, trying to load it as a class: stevedore.exception.NoMatches: No 'castellan.drivers' driver found, looking for 'cinder.keymgr.conf_key_mgr.ConfKeyManager'
Jan 13 13:27:34 ubuntu devstack@c-api.service[118666]: WARNING stevedore.named [None req-c38962b7-b827-4de6-82c7-c722b401b040 None None] Could not load cinder.keymgr.conf_key_mgr.ConfKeyManager
Jan 13 13:27:34 ubuntu devstack@c-api.service[118666]: WARNING castellan.key_manager [None req-c38962b7-b827-4de6-82c7-c722b401b040 None None] Deprecation Warning : cinder.keymgr.conf_key_mgr.ConfKeyManager is not a stevedore based driver, trying to load it as a class: stevedore.exception.NoMatches: No 'castellan.drivers' driver found, looking for 'cinder.keymgr.conf_key_mgr.ConfKeyManager'
Jan 13 13:27:34 ubuntu devstack@c-api.service[118667]: WARNING stevedore.named [None req-c2ea7970-347b-4fff-8237-d19cc3fa9b2e None None] Could not load cinder.keymgr.conf_key_mgr.ConfKeyManager
Jan 13 13:27:34 ubuntu devstack@c-api.service[118667]: WARNING castellan.key_manager [None req-c2ea7970-347b-4fff-8237-d19cc3fa9b2e None None] Deprecation Warning : cinder.keymgr.conf_key_mgr.ConfKeyManager is not a stevedore based driver, trying to load it as a class: stevedore.exception.NoMatches: No 'castellan.drivers' driver found, looking for 'cinder.keymgr.conf_key_mgr.ConfKeyManager'
Jan 13 13:27:34 ubuntu devstack@c-api.service[118666]: WARNING stevedore.named [None req-c38962b7-b827-4de6-82c7-c722b401b040 None None] Could not load cinder.keymgr.conf_key_mgr.ConfKeyManager
Jan 13 13:27:34 ubuntu devstack@c-api.service[118666]: WARNING castellan.key_manager [None req-c38962b7-b827-4de6-82c7-c722b401b040 None None] Deprecation Warning : cinder.keymgr.conf_key_mgr.ConfKeyManager is not a stevedore based driver, trying to load it as a class: stevedore.exception.NoMatches: No 'castellan.drivers' driver found, looking for 'cinder.keymgr.conf_key_mgr.ConfKeyManager'
Jan 13 13:27:34 ubuntu devstack@c-api.service[118666]: WARNING stevedore.named [None req-c38962b7-b827-4de6-82c7-c722b401b040 None None] Could not load cinder.keymgr.conf_key_mgr.ConfKeyManager
Jan 13 13:27:34 ubuntu devstack@c-api.service[118666]: WARNING castellan.key_manager [None req-c38962b7-b827-4de6-82c7-c722b401b040 None None] Deprecation Warning : cinder.keymgr.conf_key_mgr.ConfKeyManager is not a stevedore based driver, trying to load it as a class: stevedore.exception.NoMatches: No 'castellan.drivers' driver found, looking for 'cinder.keymgr.conf_key_mgr.ConfKeyManager'
Jan 13 13:27:34 ubuntu devstack@c-api.service[118667]: WARNING stevedore.named [None req-c2ea7970-347b-4fff-8237-d19cc3fa9b2e None None] Could not load cinder.keymgr.conf_key_mgr.ConfKeyManager
Jan 13 13:27:34 ubuntu devstack@c-api.service[118667]: WARNING castellan.key_manager [None req-c2ea7970-347b-4fff-8237-d19cc3fa9b2e None None] Deprecation Warning : cinder.keymgr.conf_key_mgr.ConfKeyManager is not a stevedore based driver, trying to load it as a class: stevedore.exception.NoMatches: No 'castellan.drivers' driver found, looking for 'cinder.keymgr.conf_key_mgr.ConfKeyManager'
Jan 13 13:27:34 ubuntu devstack@c-api.service[118666]: WARNING stevedore.named [None req-c38962b7-b827-4de6-82c7-c722b401b040 None None] Could not load cinder.keymgr.conf_key_mgr.ConfKeyManager
Jan 13 13:27:34 ubuntu devstack@c-api.service[118666]: WARNING castellan.key_manager [None req-c38962b7-b827-4de6-82c7-c722b401b040 None None] Deprecation Warning : cinder.keymgr.conf_key_mgr.ConfKeyManager is not a stevedore based driver, trying to load it as a class: stevedore.exception.NoMatches: No 'castellan.drivers' driver found, looking for 'cinder.keymgr.conf_key_mgr.ConfKeyManager'
Jan 13 13:27:34 ubuntu devstack@c-api.service[118667]: WARNING stevedore.named [None req-c2ea7970-347b-4fff-8237-d19cc3fa9b2e None None] Could not load cinder.keymgr.conf_key_mgr.ConfKeyManager
Jan 13 13:27:34 ubuntu devstack@c-api.service[118667]: WARNING castellan.key_manager [None req-c2ea7970-347b-4fff-8237-d19cc3fa9b2e None None] Deprecation Warning : cinder.keymgr.conf_key_mgr.ConfKeyManager is not a stevedore based driver, trying to load it as a class: stevedore.exception.NoMatches: No 'castellan.drivers' driver found, looking for 'cinder.keymgr.conf_key_mgr.ConfKeyManager'
Jan 13 13:27:34 ubuntu devstack@c-api.service[118667]: WARNING stevedore.named [None req-c2ea7970-347b-4fff-8237-d19cc3fa9b2e None None] Could not load cinder.keymgr.conf_key_mgr.ConfKeyManager
Jan 13 13:27:34 ubuntu devstack@c-api.service[118666]: WARNING stevedore.named [None req-c38962b7-b827-4de6-82c7-c722b401b040 None None] Could not load cinder.keymgr.conf_key_mgr.ConfKeyManager
Jan 13 13:27:34 ubuntu devstack@c-api.service[118667]: WARNING castellan.key_manager [None req-c2ea7970-347b-4fff-8237-d19cc3fa9b2e None None] Deprecation Warning : cinder.keymgr.conf_key_mgr.ConfKeyManager is not a stevedore based driver, trying to load it as a class: stevedore.exception.NoMatches: No 'castellan.drivers' driver found, looking for 'cinder.keymgr.conf_key_mgr.ConfKeyManager'
Jan 13 13:27:34 ubuntu devstack@c-api.service[118666]: WARNING castellan.key_manager [None req-c38962b7-b827-4de6-82c7-c722b401b040 None None] Deprecation Warning : cinder.keymgr.conf_key_mgr.ConfKeyManager is not a stevedore based driver, trying to load it as a class: stevedore.exception.NoMatches: No 'castellan.drivers' driver found, looking for 'cinder.keymgr.conf_key_mgr.ConfKeyManager'
Jan 13 13:27:34 ubuntu devstack@c-api.service[118666]: WARNING stevedore.named [None req-c38962b7-b827-4de6-82c7-c722b401b040 None None] Could not load cinder.keymgr.conf_key_mgr.ConfKeyManager
Jan 13 13:27:34 ubuntu devstack@c-api.service[118666]: WARNING castellan.key_manager [None req-c38962b7-b827-4de6-82c7-c722b401b040 None None] Deprecation Warning : cinder.keymgr.conf_key_mgr.ConfKeyManager is not a stevedore based driver, trying to load it as a class: stevedore.exception.NoMatches: No 'castellan.drivers' driver found, looking for 'cinder.keymgr.conf_key_mgr.ConfKeyManager'
Jan 13 13:27:34 ubuntu devstack@c-api.service[118667]: WARNING stevedore.named [None req-c2ea7970-347b-4fff-8237-d19cc3fa9b2e None None] Could not load cinder.keymgr.conf_key_mgr.ConfKeyManager
