"pcp-dstat 6.2.0 CSV Output"
"Author:","PCP team <pcp@groups.io> and Dag Wieers <dag@wieers.com>",,,,"URL:","https://pcp.io/ and http://dag.wieers.com/home-made/dstat/"
"Host:","np0000094265",,,,"User:","ubuntu"
"Cmdline:","dstat -tcmndrylpg --tcp --output /tmp/devstack_logs/dstat-csv.log",,,,"Date:","08 Jun 2026 08:19:46 UTC"
"system","total usage",,,,,"memory usage",,,,"net/total",,"dsk/total",,"io/total",,"system",,"load avg",,,"procs",,,"paging",,"tcp sockets",,,,
"time","total usage:usr","total usage:sys","total usage:idl","total usage:wai","total usage:stl","used","free","buf","cach","net/total:recv","net/total:send","dsk/total:read","dsk/total:writ","read","writ","int","csw","1m","5m","15m","run","blk","new","in","out","lis","act","syn","tim","clo"
08-06 08:19:46,,1033420,1609640,160720,5019436,,,,,,,1.630,1.130,0.710,4,0,,,,10,3,1,17,0
08-06 08:19:47,29.462,20.973,47.688,0,0.749,1035468,1607124,160744,5019828,22529.870,4329.402,0,295.618,0,14.981,6083,5024,1.630,1.130,0.710,1,0,295.618,0,0,10,5,1,17,0
08-06 08:19:48,15.977,19.971,61.410,0,0.250,1019632,1623208,160744,5019580,18414.919,4238.766,0,127.812,0,8.987,4873,2858,1.630,1.130,0.710,2,0,226.667,0,0,10,4,1,11,0
08-06 08:19:49,25.517,21.264,51.284,0.250,1.001,1020076,1622344,160792,5019872,24915.735,6115.107,0,616.414,0,20.013,4665,2598,1.630,1.130,0.710,1,0,180.121,0,0,10,5,1,11,0
08-06 08:19:50,26.952,16.471,54.154,0.250,0,1033540,1608724,160864,5019940,17238.298,6230.903,0,666.812,0,20.963,4308,3349,1.630,1.130,0.710,2,0,144.742,0,0,10,5,1,11,0
08-06 08:19:51,16.538,20.297,61.142,0.501,1.002,1034964,1607112,160928,5020016,38004.430,6270.591,0,593.381,0,23.054,4883,2791,1.660,1.140,0.710,1,0,175.408,0,0,10,6,1,11,0
08-06 08:19:52,29.995,15.997,52.491,0,0.250,1023892,1617668,161004,5020796,19921.489,7270.719,0,2303.594,0,170.970,4695,5064,1.660,1.140,0.710,1,0,120.979,0,0,10,5,1,11,1
08-06 08:19:53,30.457,15.478,49.680,1.748,0.250,1026644,1613860,161112,5021256,25445.177,9556.546,651.083,1126.414,18.973,34.951,5608,5617,1.660,1.140,0.710,2,0,134.810,0,0,10,5,1,11,1
08-06 08:19:54,30.050,14.274,53.088,2.003,0.250,1027132,1612532,161184,5021772,21839.149,7197.914,360.597,5721.470,19.032,24.040,4404,3843,1.660,1.140,0.710,1,0,80.133,0,0,10,4,1,11,2
08-06 08:19:55,16.280,6.762,75.639,0.250,0.250,1023972,1615184,161312,5021996,47166.563,9793.974,0,5421.951,0,46.085,1989,1140,1.660,1.140,0.710,1,0,12.022,0,0,10,4,1,11,2
08-06 08:19:56,19.461,0.749,78.594,0.499,0,1029324,1609360,161416,5022284,23438.405,9613.888,0,826.357,0,26.946,1411,750,1.610,1.140,0.710,0,0,0,0,0,10,4,1,11,2
08-06 08:19:57,18.249,1.500,78.746,0.500,0,1021156,1599952,161524,5039128,179120.914,8093.544,0,1151.935,0,31.998,1410,773,1.610,1.140,0.710,1,0,0,0,0,10,4,1,11,2
08-06 08:19:58,22.002,2.500,74.005,0.750,0,1024260,1579848,162356,5053176,14819.072,1620.117,0,2188.158,0,177.013,1959,1323,1.610,1.140,0.710,1,0,1.000,0,0,10,4,1,11,2
08-06 08:19:59,23.009,2.001,73.530,0.500,0,1022640,1562996,162884,5069028,13373.455,1620.661,0,1316.537,0,32.013,1858,1210,1.610,1.140,0.710,1,0,0,0,0,10,4,1,11,2
08-06 08:20:00,23.501,2.250,73.003,0.750,0,1036188,1527676,163416,5088400,9108.352,1620.063,0,1592.062,0,60.002,2027,1556,1.610,1.140,0.710,1,0,3.000,0,0,10,4,0,11,2
08-06 08:20:01,21.996,3.249,72.736,1.250,0,1031728,1513884,164488,5102820,11974.713,1619.691,0,18080.547,0,181.965,2209,1757,1.560,1.140,0.720,1,0,0,0,0,10,4,0,11,2
08-06 08:20:02,22.250,2.000,73.750,1.000,0,1030268,1486704,165464,5127892,12298.067,1620.009,0,2040.011,0,77.000,1932,1433,1.560,1.140,0.720,1,0,0,0,0,10,4,0,11,2
08-06 08:20:03,22.252,3.500,73.507,0.250,0.250,1022940,1506716,165816,5114360,13629.254,1938.178,0,916.084,0,39.004,2043,1183,1.560,1.140,0.720,2,0,18.002,0,0,10,2,0,11,0
08-06 08:20:04,18.490,2.499,77.958,0,0,1055200,1474408,165836,5114392,16808.925,4624.503,0,659.644,0,6.996,1714,981,1.560,1.140,0.720,1,0,16.991,0,0,10,3,0,11,0
08-06 08:20:05,23.256,3.751,72.019,0.500,0,1032976,1489784,165940,5120400,12231.260,131767.117,0,1192.318,0,15.004,1951,1012,1.560,1.140,0.720,1,0,3.001,0,0,10,2,0,10,0
08-06 08:20:06,24.016,6.504,67.796,0.250,0,1055660,1465708,165964,5121560,11630.953,1621.109,0,16979.611,0,634.434,9263,16280,1.600,1.150,0.720,1,0,13.009,0,0,10,2,0,10,0
08-06 08:20:07,23.491,4.998,70.223,0,0,1039592,1481564,165976,5121684,10100.158,1457.446,0,87.967,0,1.000,11997,21702,1.600,1.150,0.720,1,0,5.998,0,0,10,2,0,10,0
08-06 08:20:08,20.024,6.007,73.088,0.250,0,985020,1544012,166040,5114612,12685.231,1621.947,0,2450.943,0,93.112,2118,1124,1.600,1.150,0.720,1,0,14.017,0,0,10,2,0,10,0
08-06 08:20:09,11.481,2.246,85.356,0,0.250,933176,1595960,166040,5114552,9873.344,1617.272,0,23.960,0,3.993,1363,935,1.600,1.150,0.720,0,0,6.988,0,0,10,2,0,9,0
08-06 08:20:10,0.500,0.250,98.722,0,0.250,930924,1598212,166040,5114552,11435.727,1457.583,0,3.999,0,1.000,562,615,1.600,1.150,0.720,0,0,1.000,0,0,10,2,0,9,0
08-06 08:20:11,0,1.250,97.744,0,0,927088,1602048,166040,5114552,11109.357,1619.906,0,10007.420,0,44.997,763,743,1.470,1.130,0.720,0,0,0,0,0,10,2,0,9,0
08-06 08:20:12,0.750,0.250,98.202,0,0,923572,1605564,166040,5114552,12520.849,1619.205,0,0,0,0,504,525,1.470,1.130,0.720,0,0,0,0,0,10,2,0,9,0
08-06 08:20:13,0.501,0.250,99.119,0,0,919572,1609560,166044,5114552,9141.982,1459.754,0,36.043,0,1.001,485,539,1.470,1.130,0.720,0,0,0,0,0,10,2,0,9,0
08-06 08:20:14,0.250,0,98.709,0,0,916760,1612384,166048,5114552,18188.399,1619.323,0,3290.625,0,16.993,591,579,1.470,1.130,0.720,0,0,0,0,0,10,2,0,9,0
08-06 08:20:15,0.250,0.500,98.219,0,0,914576,1614568,166048,5114552,12776.981,1619.491,0,3.999,0,1.000,500,534,1.470,1.130,0.720,0,0,0,0,0,10,2,0,9,0
08-06 08:20:16,0.250,2.001,97.281,0,0,914160,1614984,166048,5114552,13079.173,1458.465,0,33986.844,0,159.051,994,919,1.350,1.110,0.720,0,0,0,0,0,10,2,0,9,0
08-06 08:20:17,0.250,0.250,98.516,0,0,914384,1614760,166048,5114552,12100.924,1620.258,0,0,0,0,514,525,1.350,1.110,0.720,0,0,0,0,0,10,2,0,9,0
08-06 08:20:18,0.500,0.250,99.244,0,0,914380,1614760,166048,5114556,12358.306,1619.909,0,0,0,0,534,555,1.350,1.110,0.720,0,0,0,0,0,10,2,0,9,0
08-06 08:20:19,0.250,0.500,98.239,0,0,914376,1614760,166052,5114556,11002.742,1619.815,0,759.913,0,20.998,514,556,1.350,1.110,0.720,0,0,0,0,0,10,2,0,9,0
08-06 08:20:20,0.750,0.500,99.011,0,0,914624,1614512,166052,5114556,8794.943,1620.174,0,0,0,0,532,583,1.350,1.110,0.720,0,0,1.000,0,0,10,2,0,9,0
08-06 08:20:21,0.250,0.250,98.479,0,0,911888,1617248,166052,5114556,8096.259,1457.687,0,235.949,0,2.000,496,556,1.240,1.100,0.710,0,0,0,0,0,10,2,0,9,0
08-06 08:20:22,0.501,0.501,98.905,0,0.250,908388,1620748,166052,5114556,12451.477,1622.538,0,8.013,0,1.002,538,538,1.240,1.100,0.710,0,0,0,0,0,10,2,0,9,0
08-06 08:20:23,0.250,0,98.828,0,0,905324,1623812,166052,5114556,11515.959,1617.186,0,0,0,0,494,523,1.240,1.100,0.710,0,0,0,0,0,10,2,0,9,0
08-06 08:20:24,0.500,0.250,98.529,0.250,0,902264,1626872,166052,5114556,14261.183,1620.475,0,44.013,0,2.001,507,536,1.240,1.100,0.710,0,0,0,0,0,10,2,0,9,0
08-06 08:20:25,0.750,0,99.223,0,0,900304,1628832,166052,5114556,11781.777,1457.601,0,0,0,0,516,530,1.240,1.100,0.710,0,0,0,0,0,10,2,0,9,0
08-06 08:20:26,0,0.500,98.493,0,0,895860,1633276,166052,5114556,12796.077,1619.883,0,83.994,0,1.000,519,544,1.140,1.080,0.710,0,0,0,0,0,10,2,0,9,0
08-06 08:20:27,0.750,0.250,98.763,0,0,893556,1635580,166052,5114556,11272.504,1458.195,0,4.001,0,1.000,513,507,1.140,1.080,0.710,0,0,0,0,0,10,2,0,9,0
08-06 08:20:28,0.250,0.250,98.739,0,0,890380,1638756,166052,5114556,7977.101,1619.817,0,4.000,0,1.000,467,518,1.140,1.080,0.710,0,0,0,0,0,10,2,0,9,0
08-06 08:20:29,0.500,0.500,98.467,0,0,890380,1638756,166052,5114556,11290.181,1619.452,0,127.957,0,21.993,494,510,1.140,1.080,0.710,1,0,0,0,0,10,2,0,9,0
08-06 08:20:30,0.250,0,98.813,0,0,889348,1639788,166052,5114556,10941.972,1458.930,0,44.028,0,2.001,560,598,1.140,1.080,0.710,0,0,1.001,0,0,10,2,0,9,0
08-06 08:20:31,0.750,4.000,94.997,0.250,0.250,889400,1639736,166052,5114556,10050.664,1619.946,0,61753.938,0,350.988,1335,1225,1.050,1.060,0.700,0,0,0,0,0,10,2,0,9,0
08-06 08:20:32,1.250,1.250,97.016,0,0,889304,1639832,166052,5114556,15226.463,1458.236,0,0,0,0,777,619,1.050,1.060,0.700,0,0,6.001,0,0,10,2,0,9,0
08-06 08:20:33,0,0.500,98.734,0,0,889232,1639904,166052,5114556,11221.224,1619.744,0,3.999,0,1.000,495,531,1.050,1.060,0.700,0,0,0,0,0,10,2,0,7,0
08-06 08:20:34,0.500,0,98.776,0,0.250,889228,1639904,166052,5114560,18335.739,1620.419,0,100.026,0,17.004,594,553,1.050,1.060,0.700,0,0,0,0,0,10,2,0,7,0
08-06 08:20:35,0.250,0.250,98.980,0,0,889228,1639904,166052,5114560,16519.608,809.834,0,1067.781,0,2.999,552,522,1.050,1.060,0.700,0,0,0,0,0,10,2,0,7,0
08-06 08:20:36,14.754,2.501,81.770,0,0,894236,1634892,166052,5114564,285709.639,8009.924,0,0,0,0,1629,1119,1.050,1.060,0.710,1,0,7.002,0,0,10,2,0,7,0
08-06 08:20:37,12.267,6.509,78.110,1.502,0.501,891784,1637216,166076,5114668,298866.518,12571.731,108.153,30795.434,5.007,128.181,2609,1730,1.050,1.060,0.710,1,0,32.045,0,0,10,2,0,4,0
08-06 08:20:38,16.226,6.740,76.638,0,0,874064,1654784,166084,5114812,157875.016,5581.833,0,3.994,0,0.999,2431,1343,1.050,1.060,0.710,1,0,25.962,0,0,10,2,0,4,0
