"pcp-dstat 6.2.0 CSV Output"
"Author:","PCP team <pcp@groups.io> and Dag Wieers <dag@wieers.com>",,,,"URL:","https://pcp.io/ and http://dag.wieers.com/home-made/dstat/"
"Host:","np0000093939",,,,"User:","ubuntu"
"Cmdline:","dstat -tcmndrylpg --tcp --output /tmp/devstack_logs/dstat-csv.log",,,,"Date:","14 Apr 2026 07:54:49 UTC"
"system","total usage",,,,,"memory usage",,,,"net/total",,"dsk/total",,"io/total",,"system",,"load avg",,,"procs",,,"paging",,"tcp sockets",,,,
"time","total usage:usr","total usage:sys","total usage:idl","total usage:wai","total usage:stl","used","free","buf","cach","net/total:recv","net/total:send","dsk/total:read","dsk/total:writ","read","writ","int","csw","1m","5m","15m","run","blk","new","in","out","lis","act","syn","tim","clo"
14-04 07:54:49,,996032,1682456,162104,4982900,,,,,,,1.980,1.270,0.790,4,0,,,,10,6,0,17,0
14-04 07:54:50,26.427,21.440,50.111,0.249,0,1019872,1658268,162184,4983104,21469.328,8801.537,0,1104.929,0,72.798,5470,4372,1.980,1.270,0.790,1,0,244.321,0,0,10,5,0,17,1
14-04 07:54:51,22.971,21.223,53.682,0.749,0,1019736,1657964,162324,4983312,40090.902,10078.155,0,1286.360,0,41.947,4874,2831,1.980,1.270,0.790,2,0,206.737,0,0,10,4,0,17,2
14-04 07:54:52,28.052,20.288,50.093,0.250,0,1040876,1636488,162412,4983528,19885.997,7893.686,0,937.745,0,31.058,4860,2704,1.980,1.280,0.800,2,0,193.360,0,0,10,4,0,17,2
14-04 07:54:53,25.524,20.269,52.549,0.500,0,1034672,1633712,162536,4992404,178181.711,10931.289,0,1513.424,0,41.039,4979,2930,1.980,1.280,0.800,3,0,188.177,0,0,10,4,0,17,2
14-04 07:54:54,38.467,18.484,41.465,0.749,0,1035608,1614472,163216,5007820,53306.525,2691.704,0,1834.435,0,67.942,5052,4851,1.980,1.280,0.800,4,0,155.867,0,0,10,4,0,11,2
14-04 07:54:55,39.589,16.682,42.577,0.249,0,1053876,1575968,163840,5024980,5990.599,1559.647,0,2816.528,0,84.655,4845,4532,1.980,1.280,0.800,5,0,131.465,0,0,10,4,0,11,2
14-04 07:54:56,42.038,17.015,39.536,0.500,0,1043376,1565928,164296,5043332,10986.943,1513.370,0,1461.322,0,48.043,6398,7277,1.980,1.280,0.800,4,0,177.160,0,0,10,4,0,11,2
14-04 07:54:57,37.147,16.566,41.665,2.761,0,1064600,1532896,164944,5052912,8725.588,1572.232,1016.027,3136.433,38.151,94.374,5571,5427,1.980,1.290,0.800,3,0,99.394,0,0,10,4,0,11,2
14-04 07:54:58,27.969,9.739,60.433,0.999,0,1035656,1533792,165840,5077296,10178.723,1510.327,0,11527.229,0,82.908,2744,1593,1.980,1.290,0.800,1,0,11.987,0,0,10,4,0,11,2
14-04 07:54:59,17.500,2.000,77.751,2.250,0,1036332,1521816,166588,5086060,48859.690,2838.040,0,3180.045,0,237.003,1913,1341,1.980,1.290,0.800,1,0,0,0,0,10,5,0,11,2
14-04 07:55:00,21.496,2.999,74.735,0,0,1007568,1568008,166588,5068976,11948.669,3074.400,0,167.967,0,10.998,1674,858,1.980,1.290,0.800,1,0,2.000,0,0,10,2,0,11,0
14-04 07:55:01,18.256,2.751,77.775,0.250,0,998160,1577376,166616,5068988,17826.678,3665.167,0,532.170,0,19.006,1882,1027,1.980,1.290,0.800,1,0,34.011,0,0,10,3,0,11,0
14-04 07:55:02,22.990,4.498,70.971,1.000,0,991092,1578232,166764,5074656,10761.553,1859.232,0,31554.961,0,776.679,2328,1170,1.900,1.290,0.800,2,0,5.998,0,0,10,2,0,11,0
14-04 07:55:03,17.531,2.254,80.140,0.250,0,993592,1570036,167112,5079372,19327.777,4502.869,0,849.485,0,8.014,1591,806,1.900,1.290,0.800,1,0,17.030,0,0,10,3,0,11,0
14-04 07:55:04,22.719,5.492,68.406,0.250,0,963184,1599060,167328,5080092,14826.694,1737.620,0,770.944,0,11.984,10050,18292,1.900,1.290,0.800,1,0,11.984,0,0,10,2,0,11,0
14-04 07:55:05,23.291,5.760,70.123,0,0,974896,1587056,167384,5080252,10244.024,1514.665,0,84.148,0,1.002,6079,11092,1.900,1.290,0.800,2,0,6.011,0,0,10,2,0,11,0
14-04 07:55:06,19.967,5.990,73.131,0,0,978680,1583052,167428,5080416,9024.287,1617.363,0,167.727,0,1.997,2401,1979,1.900,1.290,0.800,1,0,14.976,0,0,10,2,0,10,0
14-04 07:55:07,21.481,7.493,69.937,0.250,0,950852,1623592,167440,5069000,9936.072,132564.880,0,10530.538,0,64.942,2640,1645,1.830,1.280,0.810,1,0,58.947,0,0,10,2,0,10,0
14-04 07:55:08,8.507,18.515,71.807,0,0,940440,1634036,167440,5068992,12693.103,1621.290,0,16.013,0,3.002,4760,3115,1.830,1.280,0.810,0,0,278.221,0,0,10,2,0,10,0
14-04 07:55:09,0.500,0.250,98.742,0,0,934536,1639940,167440,5068992,9866.247,1511.885,0,0,0,0,523,562,1.830,1.280,0.810,0,0,0,0,0,10,2,0,10,0
14-04 07:55:10,0.250,0.250,98.710,0,0,926960,1647512,167440,5068996,10749.603,1619.338,0,0,0,0,498,542,1.830,1.280,0.810,0,0,0,0,0,10,2,0,9,0
14-04 07:55:11,0.500,0,98.756,0,0,917692,1656780,167440,5068996,10227.657,1566.101,0,2260.145,0,14.001,520,600,1.830,1.280,0.810,1,0,1.000,0,0,10,2,0,9,0
14-04 07:55:12,0.500,1.751,96.780,0,0,905500,1668972,167440,5068996,10282.224,1512.474,0,27044.479,0,129.040,923,884,1.680,1.260,0.800,0,0,0,0,0,10,2,0,9,0
14-04 07:55:13,0.250,0.250,99.249,0,0,898956,1675516,167440,5068996,10710.904,1241.989,0,295.997,0,54.000,502,571,1.680,1.260,0.800,0,0,0,0,0,10,2,0,9,0
14-04 07:55:14,0.250,0.250,98.496,0,0,894756,1679716,167440,5068996,7569.718,1511.944,0,523.981,0,74.997,500,577,1.680,1.260,0.800,0,0,0,0,0,10,2,0,9,0
14-04 07:55:15,12.003,8.752,78.771,0,0,902172,1672300,167440,5068996,11330.957,1620.423,0,8.002,0,2.001,2668,7825,1.680,1.260,0.800,0,0,122.032,0,0,10,2,0,10,0
14-04 07:55:16,0.250,0.250,98.701,0,0,900600,1673872,167440,5068996,12561.825,1619.204,0,0,0,0,543,563,1.680,1.260,0.800,1,0,0,0,0,10,2,0,10,0
14-04 07:55:17,1.250,0.250,98.515,0.250,0,899880,1674588,167444,5068996,6005.895,1620.241,0,4892.729,0,28.004,541,626,1.550,1.240,0.800,0,0,0,0,0,10,2,0,10,0
14-04 07:55:18,0.250,0.250,98.464,0,0,897964,1676504,167444,5068996,13563.090,1565.433,0,0,0,0,517,546,1.550,1.240,0.800,0,0,0,0,0,10,2,0,10,0
14-04 07:55:19,0.250,0.250,99.049,0,0,893872,1680596,167444,5068996,12270.098,1458.725,0,4.002,0,1.000,561,582,1.550,1.240,0.800,0,0,0,0,0,10,2,0,9,0
14-04 07:55:20,0.500,0.500,98.501,0,0,891220,1683216,167444,5069028,10682.134,1188.015,0,188.002,0,36.000,554,596,1.550,1.240,0.800,0,0,0,0,0,10,2,0,9,0
14-04 07:55:21,0.500,0.500,98.746,0,0,888252,1686184,167444,5069028,12135.539,1511.943,0,35.999,0,1.000,523,561,1.550,1.240,0.800,0,0,0,0,0,10,2,0,9,0
14-04 07:55:22,0.500,0.500,98.747,0,0,885648,1688784,167444,5069032,6149.793,1565.947,0,0,0,0,512,585,1.420,1.220,0.790,0,0,1.000,0,0,10,2,0,9,0
14-04 07:55:23,0.250,0,98.756,0,0,883344,1691088,167444,5069032,47388.826,1512.090,0,144.009,0,2.000,591,565,1.420,1.220,0.790,0,0,0,0,0,10,2,0,9,0
14-04 07:55:24,0.500,0.250,98.985,0,0,881320,1693112,167444,5069032,13418.913,1565.756,0,0,0,0,556,571,1.420,1.220,0.790,0,0,0,0,0,10,2,0,9,0
14-04 07:55:25,0.750,1.750,96.741,0,0,879664,1694768,167444,5069032,7553.333,1619.857,0,4.000,0,1.000,703,624,1.420,1.220,0.790,0,0,5.999,0,0,10,2,0,9,0
14-04 07:55:26,0.500,0,98.770,0,0,879296,1695136,167444,5069032,15213.060,1458.293,0,8.002,0,1.000,560,563,1.420,1.220,0.790,0,0,0,0,0,10,2,0,9,0
14-04 07:55:27,0.250,3.000,96.242,0.250,0,879104,1695328,167444,5069032,7551.365,1619.864,0,45540.172,0,201.983,1016,1005,1.310,1.200,0.790,1,0,0,0,0,10,2,0,9,0
14-04 07:55:28,0.250,0.750,98.246,0,0,878912,1695392,167444,5069160,12321.445,1457.934,0,7027.683,0,40.998,646,637,1.310,1.200,0.790,1,0,0,0,0,10,2,0,9,0
14-04 07:55:29,0.250,0.250,98.741,0,0,878912,1695392,167444,5069160,45795.953,1619.857,0,0,0,0,554,539,1.310,1.200,0.790,0,0,0,0,0,10,2,0,9,0
14-04 07:55:30,0.500,0,99.004,0,0,878912,1695392,167444,5069160,6710.258,1512.058,0,0,0,0,455,535,1.310,1.200,0.790,0,0,0,0,0,10,2,0,9,0
14-04 07:55:31,0.500,0.500,98.749,0,0,878912,1695392,167444,5069160,14859.872,1619.986,0,4.000,0,1.000,556,558,1.310,1.200,0.790,0,0,0,0,0,10,2,0,9,0
14-04 07:55:32,0.250,0.500,98.525,0,0,878912,1695392,167444,5069160,10878.721,1620.405,0,4.001,0,1.000,585,612,1.210,1.180,0.780,0,0,1.000,0,0,10,2,0,9,0
14-04 07:55:33,0.500,1.750,96.745,0,0,878840,1695464,167444,5069160,12766.290,1565.913,0,33314.148,0,117.993,879,843,1.210,1.180,0.780,0,0,0,0,0,10,2,0,9,0
14-04 07:55:34,0.250,0.500,99.252,0,0,878840,1695464,167444,5069160,11682.275,1620.038,0,0,0,0,507,545,1.210,1.180,0.780,0,0,0,0,0,10,2,0,9,0
14-04 07:55:35,0.250,0,98.501,0,0,878840,1695464,167444,5069160,11453.144,1134.014,0,0,0,0,489,533,1.210,1.180,0.780,1,0,0,0,0,10,2,0,5,0
14-04 07:55:36,0.250,0.500,99.251,0,0,878840,1695464,167444,5069160,9847.148,1458.022,0,0,0,0,518,568,1.210,1.180,0.780,1,0,0,0,0,10,2,0,5,0
14-04 07:55:37,0.500,0.250,98.750,0,0,878836,1695464,167444,5069164,6390.022,1512.005,0,8.000,0,2.000,461,538,1.110,1.160,0.780,0,0,0,0,0,10,2,0,5,0
14-04 07:55:38,6.500,2.000,90.757,0.250,0,881348,1692948,167448,5069164,139404.385,3488.260,0,3656.272,0,84.006,1078,849,1.110,1.160,0.780,1,0,3.000,0,0,10,2,0,5,0
14-04 07:55:39,14.999,3.000,80.495,0,0,874248,1700040,167452,5069168,296188.770,9837.361,0,0,0,0,2380,1345,1.110,1.160,0.780,1,0,21.999,0,0,10,2,0,4,0
14-04 07:55:40,12.501,4.000,82.004,0.250,0,891276,1682904,167456,5069272,300023.356,12808.698,108.006,4.000,5.000,1.000,2356,1472,1.110,1.160,0.780,1,0,22.001,0,0,10,2,0,4,0
