"pcp-dstat 6.2.0 CSV Output"
"Author:","PCP team <pcp@groups.io> and Dag Wieers <dag@wieers.com>",,,,"URL:","https://pcp.io/ and http://dag.wieers.com/home-made/dstat/"
"Host:","np0000094373",,,,"User:","ubuntu"
"Cmdline:","dstat -tcmndrylpg --tcp --output /tmp/devstack_logs/dstat-csv.log",,,,"Date:","17 Jun 2026 02:37:36 UTC"
"system","total usage",,,,,"memory usage",,,,"net/total",,"dsk/total",,"io/total",,"system",,"load avg",,,"procs",,,"paging",,"tcp sockets",,,,
"time","total usage:usr","total usage:sys","total usage:idl","total usage:wai","total usage:stl","used","free","buf","cach","net/total:recv","net/total:send","dsk/total:read","dsk/total:writ","read","writ","int","csw","1m","5m","15m","run","blk","new","in","out","lis","act","syn","tim","clo"
17-06 02:37:36,,1046824,1644572,162420,4968684,,,,,,,1.570,1.150,0.690,3,0,,,,10,6,0,17,0
17-06 02:37:37,23.969,20.224,53.681,0.499,0,1066600,1624328,162536,4968956,23880.288,10008.129,0,1210.443,0,35.954,5073,3320,1.570,1.150,0.690,3,0,231.702,0,0,10,6,0,17,0
17-06 02:37:38,25.490,20.992,51.229,0.250,0,1059456,1631132,162644,4969096,19388.168,9003.363,0,919.629,0,26.989,4936,2863,1.570,1.150,0.690,2,0,217.912,0,0,10,5,0,17,1
17-06 02:37:39,24.728,20.732,52.954,0.500,0,1042752,1647336,162760,4969412,42938.432,10034.221,0,1250.906,0,43.962,4876,2784,1.570,1.150,0.690,2,0,189.834,0,0,10,4,0,11,2
17-06 02:37:40,28.752,20.002,49.504,0.500,0,1038132,1651488,162872,4970100,22813.922,10150.855,0,1136.096,0,35.003,5412,4691,1.570,1.150,0.690,10,0,211.018,0,0,10,4,0,11,2
17-06 02:37:41,34.463,17.981,46.201,0.499,0,1007004,1661724,163060,4989488,178348.121,5698.901,0,1290.619,0,36.960,4537,2845,1.680,1.180,0.710,2,0,128.862,0,0,10,4,0,11,2
17-06 02:37:42,39.888,16.703,41.633,0.499,0,1014712,1638116,163660,5002684,10259.226,1615.469,0,1324.286,0,56.841,4968,4132,1.680,1.180,0.710,2,0,120.662,0,0,10,4,0,11,2
17-06 02:37:43,40.200,17.085,42.210,0.251,0,995720,1639352,164024,5018044,8148.540,1628.100,0,1350.720,0,30.150,5604,5419,1.680,1.180,0.710,3,0,170.850,0,0,10,4,0,11,2
17-06 02:37:44,38.733,13.744,40.982,4.498,0,1024380,1585512,164780,5040144,10552.456,1457.372,1011.564,5281.726,37.984,296.872,5955,6363,1.680,1.180,0.710,4,0,99.957,0,0,10,4,0,11,2
17-06 02:37:45,31.267,9.755,57.281,1.251,0,1009060,1588444,165572,5049572,12296.580,1620.867,0,11802.316,0,113.060,2850,1599,1.680,1.180,0.710,3,0,12.006,0,0,10,4,0,11,2
17-06 02:37:46,21.504,2.250,71.263,4.001,0.250,1008156,1560532,166468,5075236,23063.146,1620.291,0,18547.334,0,986.177,2117,1389,1.710,1.190,0.710,2,0,0,0,0,10,4,0,11,2
17-06 02:37:47,22.241,2.749,73.719,0.250,0,1002204,1577764,166956,5062792,13566.239,2099.109,0,1271.460,0,43.981,1821,1213,1.710,1.190,0.710,2,0,2.999,0,0,10,2,0,11,0
17-06 02:37:48,22.004,3.251,74.763,0,0,1001212,1578716,166984,5062804,10929.908,2696.471,0,4.001,0,1.000,1897,983,1.710,1.190,0.710,0,0,33.006,0,0,10,3,0,11,0
17-06 02:37:49,17.755,2.751,78.022,0.500,0,994908,1577796,167328,5068992,16283.648,3726.064,0,1940.554,0,18.005,1579,921,1.710,1.190,0.710,1,0,3.001,0,0,10,2,0,11,0
17-06 02:37:50,21.751,6.000,70.253,0,0,991772,1579432,167380,5070084,7518.345,1620.074,0,0,0,0,11954,21728,1.710,1.190,0.710,1,0,13.001,0,0,10,2,0,11,0
17-06 02:37:51,23.249,5.500,68.996,0,0,990816,1580164,167432,5070204,7638.571,1619.909,0,15539.126,0,78.996,11821,21300,1.650,1.190,0.720,1,0,6.000,0,0,10,2,0,11,0
17-06 02:37:52,19.743,6.248,73.223,0,0,987736,1583060,167476,5070328,12039.569,1457.464,0,175.935,0,1.999,1958,959,1.650,1.190,0.720,1,0,13.995,0,0,10,2,0,11,0
17-06 02:37:53,20.247,3.000,75.990,0.250,0,928796,1650220,167484,5062840,13940.102,132785.917,0,1715.766,0,12.998,1868,959,1.650,1.190,0.720,2,0,4.999,0,0,10,2,0,11,0
17-06 02:37:54,0.250,0.500,98.756,0,0,926600,1652416,167484,5062840,10850.689,1620.103,0,4.000,0,1.000,502,542,1.650,1.190,0.720,0,0,0,0,0,10,2,0,11,0
17-06 02:37:55,0,0.250,99.232,0,0,922000,1657016,167484,5062840,9729.257,1457.739,0,0,0,0,466,530,1.650,1.190,0.720,0,0,0,0,0,10,2,0,9,0
17-06 02:37:56,0.750,2.000,96.510,0.250,0,904748,1674320,167492,5062824,10159.005,1620.160,0,11093.098,0,57.006,1045,1201,1.520,1.170,0.710,0,0,0,0,0,10,2,0,9,0
17-06 02:37:57,0.751,0.250,98.643,0,0,899204,1679860,167492,5062828,9741.141,1460.120,0,2267.291,0,15.022,550,614,1.520,1.170,0.710,0,0,1.001,0,0,10,2,0,9,0
17-06 02:37:58,0.250,0,98.853,0,0,894400,1684664,167492,5062828,19587.878,1617.595,0,0,0,0,467,541,1.520,1.170,0.710,0,0,0,0,0,10,2,0,9,0
17-06 02:37:59,0,0.750,98.737,0,0,890420,1688644,167492,5062828,7868.940,1457.804,0,0,0,0,471,551,1.520,1.170,0.710,0,0,0,0,0,10,2,0,9,0
17-06 02:38:00,1.000,0,98.743,0,0,887764,1691300,167492,5062828,13445.034,1619.884,0,7.999,0,2.000,520,532,1.520,1.170,0.710,0,0,0,0,0,10,2,0,9,0
17-06 02:38:01,0.250,2.250,97.000,0,0,878852,1700208,167492,5062828,10173.956,1619.993,0,32279.862,0,164.999,961,984,1.400,1.150,0.710,0,0,0,0,0,10,2,0,9,0
17-06 02:38:02,0,0.250,98.738,0,0,877176,1701884,167492,5062828,10429.727,1457.822,0,723.912,0,4.000,519,554,1.400,1.150,0.710,0,0,0,0,0,10,2,0,9,0
17-06 02:38:03,0.500,0.250,98.517,0,0,875512,1703548,167492,5062828,10091.745,1620.280,0,4.001,0,1.000,535,561,1.400,1.150,0.710,0,0,0,0,0,10,2,0,9,0
17-06 02:38:04,0.750,1.750,97.249,0,0,877580,1701480,167492,5062828,11557.914,1619.988,0,0,0,0,710,623,1.400,1.150,0.710,0,0,6.000,0,0,10,2,0,9,0
17-06 02:38:05,0.250,0.250,98.521,0,0,875328,1703728,167492,5062832,11570.481,1620.347,0,800.172,0,138.030,549,590,1.400,1.150,0.710,0,0,0,0,0,10,2,0,9,0
17-06 02:38:06,0.500,0.250,98.999,0,0,869616,1709440,167492,5062832,8691.887,1457.981,0,4.000,0,1.000,469,558,1.290,1.130,0.700,0,0,0,0,0,10,2,0,9,0
17-06 02:38:07,0.250,0,98.488,0,0,867780,1711272,167496,5062832,11496.611,1619.804,0,415.950,0,7.999,588,627,1.290,1.130,0.700,0,0,1.000,0,0,10,2,0,9,0
17-06 02:38:08,0.500,1.000,98.502,0,0,865672,1713380,167496,5062832,9718.215,1620.036,0,0,0,0,497,539,1.290,1.130,0.700,0,0,0,0,0,10,2,0,9,0
17-06 02:38:09,0.250,0.250,99.128,0,0,864436,1714616,167496,5062832,8027.405,1622.103,0,8.010,0,1.001,453,545,1.290,1.130,0.700,0,0,0,0,0,10,2,0,9,0
17-06 02:38:10,0.250,0.250,98.619,0,0,864212,1714840,167496,5062832,22828.791,1617.859,0,0,0,0,478,515,1.290,1.130,0.700,0,0,0,0,0,10,2,0,9,0
17-06 02:38:11,0,0.250,99.011,0,0,864212,1714840,167496,5062832,12661.443,1620.185,0,0,0,0,494,539,1.180,1.110,0.700,0,0,0,0,0,10,2,0,9,0
17-06 02:38:12,0.750,0.500,97.975,0.250,0,864132,1714920,167496,5062832,11035.178,1619.586,0,6654.298,0,48.987,673,679,1.180,1.110,0.700,0,0,0,0,0,10,2,0,9,0
17-06 02:38:13,0.500,0.500,99.004,0,0,864132,1714920,167496,5062832,13022.568,1458.064,0,0,0,0,506,544,1.180,1.110,0.700,0,0,0,0,0,10,2,0,9,0
17-06 02:38:14,0.500,0.250,98.729,0,0,864132,1714920,167496,5062832,8597.129,1619.648,0,0,0,0,479,542,1.180,1.110,0.700,0,0,0,0,0,10,2,0,9,0
17-06 02:38:15,0.250,0,98.612,0,0,864132,1714920,167496,5062832,11760.507,1455.958,0,115.838,0,19.972,528,560,1.180,1.110,0.700,0,0,0,0,0,10,2,0,9,0
17-06 02:38:16,0.250,0.250,98.668,0,0,864136,1714920,167496,5062832,11642.798,1622.759,0,0,0,0,535,560,1.090,1.090,0.700,1,0,0,0,0,10,2,0,9,0
17-06 02:38:17,0.250,4.999,91.987,1.750,0,864336,1714700,167496,5062832,7272.958,1619.768,0,89299.205,0,506.927,1517,1306,1.090,1.090,0.700,0,0,1.000,0,0,10,2,0,9,0
17-06 02:38:18,0.750,0,98.520,0,0,864560,1714476,167496,5062832,11622.355,1458.296,0,4.001,0,1.000,535,550,1.090,1.090,0.700,0,0,0,0,0,10,2,0,9,0
17-06 02:38:19,0.500,0.500,99.245,0,0,864528,1714508,167496,5062832,8635.528,1619.911,0,0,0,0,493,544,1.090,1.090,0.700,0,0,0,0,0,10,2,0,9,0
17-06 02:38:20,0.250,0.500,98.495,0,0,864528,1714508,167496,5062832,11876.436,1457.931,0,0,0,0,507,527,1.090,1.090,0.700,0,0,0,0,0,10,2,0,8,0
17-06 02:38:21,0.500,0.500,99.016,0,0,864528,1714508,167496,5062832,23123.682,1620.258,0,96.015,0,13.002,539,563,1,1.080,0.690,0,0,0,0,0,10,2,0,8,0
17-06 02:38:22,0.500,0.250,98.490,0.250,0,864524,1714508,167496,5062836,7148.278,1619.836,0,1519.847,0,3.000,480,550,1,1.080,0.690,0,0,0,0,0,10,2,0,8,0
17-06 02:38:23,0.250,0.500,98.513,0,0,864524,1714508,167496,5062836,13331.699,1458.186,0,0,0,0,523,551,1,1.080,0.690,0,0,0,0,0,10,2,0,8,0
17-06 02:38:24,7.497,1.250,90.470,0,0,867088,1711944,167496,5062836,140960.890,3618.791,0,3.999,0,1.000,1115,831,1,1.080,0.690,3,0,3.999,0,0,10,2,0,4,0
17-06 02:38:25,15.756,3.501,80.279,0,0,877912,1701108,167508,5062836,294169.436,9841.494,0,0,0,0,2308,1334,1,1.080,0.690,1,0,21.007,0,0,10,2,0,4,0
17-06 02:38:26,12.753,4.251,81.021,1.000,0,862868,1716032,167520,5062944,305658.369,12943.403,108.028,268.070,5.001,38.010,2422,1449,0.920,1.060,0.690,1,0,22.006,0,0,10,2,0,4,0
