"pcp-dstat 6.2.0 CSV Output"
"Author:","PCP team <pcp@groups.io> and Dag Wieers <dag@wieers.com>",,,,"URL:","https://pcp.io/ and http://dag.wieers.com/home-made/dstat/"
"Host:","np0000094404",,,,"User:","ubuntu"
"Cmdline:","dstat -tcmndrylpg --tcp --output /tmp/devstack_logs/dstat-csv.log",,,,"Date:","18 Jun 2026 21:16:15 UTC"
"system","total usage",,,,,"memory usage",,,,"net/total",,"dsk/total",,"io/total",,"system",,"load avg",,,"procs",,,"paging",,"tcp sockets",,,,
"time","total usage:usr","total usage:sys","total usage:idl","total usage:wai","total usage:stl","used","free","buf","cach","net/total:recv","net/total:send","dsk/total:read","dsk/total:writ","read","writ","int","csw","1m","5m","15m","run","blk","new","in","out","lis","act","syn","tim","clo"
18-06 21:16:15,,1032088,1640876,160664,4988332,,,,,,,1.650,1.170,0.720,3,0,,,,10,5,1,11,1
18-06 21:16:16,23.699,19.957,54.632,0.249,0,1038976,1633756,160708,4988472,27478.454,8110.425,0,702.478,0,20.955,5260,3493,1.650,1.170,0.720,2,0,249.459,0,0,10,4,1,11,2
18-06 21:16:17,19.002,21.002,57.505,0.750,0,1042976,1629532,160764,4988660,43272.883,8954.803,0,7608.683,0,573.051,5100,2883,1.680,1.190,0.730,2,0,224.020,0,0,10,4,1,11,2
18-06 21:16:18,27.258,20.006,52.015,0.250,0,1050036,1622120,160800,4988928,16327.669,7203.060,0,780.223,0,27.008,4770,2658,1.680,1.190,0.730,1,0,179.051,0,0,10,4,1,11,2
18-06 21:16:19,26.489,21.241,50.479,0.250,0,1041072,1623532,160844,4996512,18482.415,8878.357,0,1047.570,0,30.987,5443,4630,1.680,1.190,0.730,1,0,192.921,0,0,10,4,1,11,2
18-06 21:16:20,33.751,16.501,48.752,0.500,0,1033528,1616328,160968,5010072,176025.762,3036.134,0,992.044,0,27.001,4261,2576,1.680,1.190,0.730,2,0,120.005,0,0,10,4,1,11,2
18-06 21:16:21,42.225,16.740,39.727,0.500,0,1045344,1588392,161884,5023260,10761.725,1619.056,0,1411.177,0,56.967,5251,6063,1.680,1.190,0.730,8,0,141.917,0,0,10,4,1,11,2
18-06 21:16:22,40.782,16.263,41.783,0.250,0,1037388,1578268,162316,5038604,36924.149,1621.280,8.006,1485.172,2.002,34.027,5514,4991,1.700,1.200,0.740,1,1,163.129,0,0,10,4,1,11,2
18-06 21:16:23,36.811,17.278,42.069,2.504,0,1042900,1543580,163316,5063776,61388.968,1664.738,1005.654,11126.300,36.059,211.348,5834,5664,1.700,1.200,0.740,2,0,88.145,0,0,10,4,1,11,2
18-06 21:16:24,28.196,8.234,62.880,1.248,0,1045784,1512024,164360,5088552,87093.320,1658.825,0,6495.569,0,80.845,3456,2094,1.700,1.200,0.740,1,0,12.975,0,0,10,4,1,11,2
18-06 21:16:25,22.490,2.499,72.968,1.249,0,1057532,1503712,165188,5082464,32066.969,2099.082,0,2235.022,0,71.969,2178,1493,1.700,1.200,0.740,1,0,0,0,0,10,2,1,11,0
18-06 21:16:26,22.044,3.507,74.149,0,0,1070684,1490688,165208,5082348,39805.248,1623.273,0,24.048,0,2.004,2249,998,1.700,1.200,0.740,1,0,19.038,0,0,10,2,1,11,0
18-06 21:16:27,16.226,2.996,79.132,0,0,1083880,1475064,165216,5084764,65700.987,4500.286,0,16431.487,0,81.878,2239,979,1.810,1.230,0.750,2,0,16.975,0,0,10,3,1,11,0
18-06 21:16:28,22.506,3.251,73.519,0,0,1077664,1476236,165408,5088744,60867.903,1794.469,0,1244.325,0,14.004,2633,2171,1.810,1.230,0.750,3,0,7.002,0,0,10,2,1,11,0
18-06 21:16:29,22.278,6.758,69.086,0,0,1091612,1461212,165440,5089628,10685.341,1622.025,0,20.025,0,2.003,8492,15811,1.810,1.230,0.750,1,0,8.010,0,0,10,2,1,11,0
18-06 21:16:30,23.264,4.753,70.292,0,0,1071232,1481400,165492,5089748,29479.732,1458.878,0,88.053,0,1.001,6762,11799,1.810,1.230,0.750,2,0,5.003,0,0,10,2,1,11,0
18-06 21:16:31,20.012,6.504,72.544,0,0,1057460,1495036,165532,5089840,14851.024,1620.985,0,88.054,0,1.001,4374,6160,1.810,1.230,0.750,1,0,15.009,0,0,10,2,1,11,0
18-06 21:16:32,21.933,4.486,72.281,0.249,0,1009200,1551344,165540,5082448,12903.837,1615.098,0,11349.555,0,64.803,1866,1132,1.820,1.240,0.760,1,0,4.985,0,0,10,2,1,10,0
18-06 21:16:33,5.004,1.001,93.570,0,0,986708,1573948,165540,5082352,14884.062,131259.556,0,444.330,0,66.049,961,676,1.820,1.240,0.760,0,0,0,0,0,10,2,1,10,0
18-06 21:16:34,0.749,0.500,98.427,0,0,978452,1582204,165540,5082352,9688.816,1618.800,0,3.997,0,0.999,572,622,1.820,1.240,0.760,0,0,0.999,0,0,10,2,1,10,0
18-06 21:16:35,0.250,0.250,99.254,0,0,969696,1590960,165540,5082352,12419.536,1694.073,0,0,0,0,509,546,1.820,1.240,0.760,0,0,0,0,0,10,2,1,10,0
18-06 21:16:36,0.250,0.250,98.503,0,0,959448,1601204,165540,5082356,10121.264,1458.038,0,2260.059,0,14.000,502,561,1.820,1.240,0.760,0,0,0,0,0,10,2,1,9,0
18-06 21:16:37,0.500,2.250,94.517,2.000,0,951312,1609340,165540,5082356,12106.190,1620.293,0,29925.414,0,133.024,894,850,1.680,1.220,0.750,0,0,0,0,0,10,2,1,9,0
18-06 21:16:38,0.250,0.250,99.251,0,0,944044,1616608,165540,5082356,9550.129,1620.022,0,0,0,0,455,537,1.680,1.220,0.750,0,0,0,0,0,10,2,1,9,0
18-06 21:16:39,0.750,0.250,98.487,0,0,939008,1621644,165540,5082356,7268.005,1619.778,0,843.884,0,128.982,600,619,1.680,1.220,0.750,0,0,0,0,0,10,2,1,9,0
18-06 21:16:40,0.250,0.250,98.715,0,0,935728,1624924,165540,5082356,18757.341,1457.483,0,3.999,0,1.000,462,551,1.680,1.220,0.750,0,0,0,0,0,10,2,1,9,0
18-06 21:16:41,0.500,0.250,98.779,0,0,933784,1626864,165540,5082360,10359.022,1620.473,0,0,0,0,515,548,1.680,1.220,0.750,0,0,0,0,0,10,2,1,9,0
18-06 21:16:42,0.250,0.500,98.745,0.250,0,926648,1634000,165540,5082360,9018.533,1619.916,0,599.969,0,2.000,484,552,1.540,1.200,0.750,0,0,0,0,0,10,2,1,9,0
18-06 21:16:43,0.250,0.500,98.742,0,0,921480,1639168,165540,5082360,11162.114,1619.871,0,3667.709,0,24.998,605,604,1.540,1.200,0.750,0,0,0,0,0,10,2,1,9,0
18-06 21:16:44,0.750,0.250,98.534,0,0,914476,1646172,165540,5082360,8926.112,1620.565,0,0,0,0,548,619,1.540,1.200,0.750,0,0,1.000,0,0,10,2,1,9,0
18-06 21:16:45,0.500,0.500,98.751,0,0,911996,1648652,165540,5082360,10720.099,1620.015,0,4.000,0,1.000,487,538,1.540,1.200,0.750,0,0,0,0,0,10,2,1,9,0
18-06 21:16:46,0,0.500,98.478,0,0,907472,1653176,165540,5082360,8696.025,1457.669,0,7.998,0,1.000,484,559,1.540,1.200,0.750,0,0,0,0,0,10,2,1,9,0
18-06 21:16:47,0.500,0.250,99.012,0,0,905856,1654792,165540,5082360,8876.087,1620.198,0,0,0,0,462,538,1.420,1.180,0.750,0,0,0,0,0,10,2,1,9,0
18-06 21:16:48,0.250,0.500,95.441,2.498,0,904072,1656576,165540,5082360,9433.193,1619.003,0,13851.473,0,523.678,618,645,1.420,1.180,0.750,1,0,0,0,0,10,2,1,9,0
18-06 21:16:49,0.500,0.500,98.748,0,0,904284,1656364,165540,5082360,11242.748,1619.964,0,0,0,0,493,526,1.420,1.180,0.750,0,0,0,0,0,10,2,1,9,0
18-06 21:16:50,1.001,1.251,96.810,0,0,903888,1656764,165540,5082360,10859.703,1621.000,0,0,0,0,700,623,1.420,1.180,0.750,1,0,6.004,0,0,10,2,1,9,0
18-06 21:16:51,0.500,0.500,98.506,0,0,903608,1657044,165540,5082360,23591.458,1458.090,0,4.000,0,1.000,499,559,1.420,1.180,0.750,0,0,0,0,0,10,2,1,9,0
18-06 21:16:52,0.250,0.250,99.017,0,0,903608,1657044,165540,5082360,9751.672,1620.278,0,4.001,0,1.000,499,574,1.310,1.160,0.740,0,0,0,0,0,10,2,1,9,0
18-06 21:16:53,0.250,0.500,95.739,2.750,0,896008,1665000,165544,5082360,11733.623,1619.810,0,6991.179,0,50.994,608,660,1.310,1.160,0.740,3,0,0,0,0,10,2,1,9,0
18-06 21:16:54,0.500,3.000,95.507,0,0,895752,1665256,165544,5082360,10532.789,1620.121,0,50839.808,0,273.020,1195,1169,1.310,1.160,0.740,0,0,1.000,0,0,10,2,1,9,0
18-06 21:16:55,0.750,0,98.739,0,0,895752,1665256,165544,5082360,6517.256,1619.815,0,0,0,0,423,560,1.310,1.160,0.740,0,0,0,0,0,10,2,1,9,0
18-06 21:16:56,0.250,0.750,99.251,0,0,895756,1665256,165544,5082360,12110.086,1620.011,0,0,0,0,536,594,1.310,1.160,0.740,0,0,0,0,0,10,2,1,8,0
18-06 21:16:57,10.502,5.251,83.018,0,0,872328,1688684,165544,5082376,10681.330,1458.318,0,4.001,0,1.000,2096,10592,1.200,1.140,0.740,0,0,36.008,0,0,10,2,1,9,0
18-06 21:16:58,0.750,0,98.732,0.500,0,865188,1695816,165548,5082364,9694.281,1619.713,0,1039.816,0,3.999,530,580,1.200,1.140,0.740,1,0,0,0,0,10,2,1,9,0
18-06 21:16:59,0.250,2.249,96.714,0,0,862040,1698964,165548,5082364,13353.077,1619.403,0,34711.203,0,127.953,924,862,1.200,1.140,0.740,0,0,0,0,0,10,2,1,9,0
18-06 21:17:00,0.750,0.500,98.749,0,0,862040,1698964,165548,5082360,10245.907,1619.985,0,0,0,0,601,623,1.200,1.140,0.740,0,0,2.000,0,0,10,2,0,9,0
18-06 21:17:01,0.250,0.250,98.759,0,0,862040,1698964,165548,5082360,11930.084,1620.147,0,0,0,0,488,528,1.200,1.140,0.740,0,0,0,0,0,10,2,0,4,0
18-06 21:17:02,0.500,0.500,98.256,0,0,864072,1696952,165552,5082348,7231.457,1620.102,4.000,0,1.000,0,581,582,1.100,1.120,0.730,0,0,3.000,0,0,10,2,0,4,0
18-06 21:17:03,1.750,1.250,96.256,0,0,867844,1693172,165552,5082356,150941.477,3554.223,0,680.043,0,4.000,801,769,1.100,1.120,0.730,1,0,3.000,0,0,10,2,0,4,0
18-06 21:17:04,13.255,2.251,83.531,0,0,889004,1672004,165572,5082344,154609.777,6858.519,0,96.035,0,4.001,1880,1145,1.100,1.120,0.730,0,0,18.007,0,0,10,2,0,4,0
18-06 21:17:05,13.994,4.248,80.714,0.750,0,888876,1672004,165584,5082460,294581.107,10965.091,107.952,0,4.998,0,2331,1418,1.100,1.120,0.730,1,0,18.991,0,0,10,2,0,4,0
18-06 21:17:06,13.510,8.006,77.307,0,0,889316,1671272,165584,5082752,156351.548,5780.272,0,4.003,0,1.001,2741,1477,1.100,1.120,0.730,1,0,33.024,0,0,10,2,0,4,0
