"pcp-dstat 6.2.0 CSV Output"
"Author:","PCP team <pcp@groups.io> and Dag Wieers <dag@wieers.com>",,,,"URL:","https://pcp.io/ and http://dag.wieers.com/home-made/dstat/"
"Host:","np0000094397",,,,"User:","ubuntu"
"Cmdline:","dstat -tcmndrylpg --tcp --output /tmp/devstack_logs/dstat-csv.log",,,,"Date:","18 Jun 2026 16:33:42 UTC"
"system","total usage",,,,,"memory usage",,,,"net/total",,"dsk/total",,"io/total",,"system",,"load avg",,,"procs",,,"paging",,"tcp sockets",,,,
"time","total usage:usr","total usage:sys","total usage:idl","total usage:wai","total usage:stl","used","free","buf","cach","net/total:recv","net/total:send","dsk/total:read","dsk/total:writ","read","writ","int","csw","1m","5m","15m","run","blk","new","in","out","lis","act","syn","tim","clo"
18-06 16:33:42,,1092508,1599120,161596,4970028,,,,,,,1.310,0.980,0.660,1,0,,,,10,3,1,15,0
18-06 16:33:43,11.208,19.925,66.996,0,0,1083964,1607628,161600,4970056,17075.306,3790.638,0,199.245,0,8.966,5525,4652,1.310,0.980,0.660,1,0,219.170,0,0,10,4,1,15,0
18-06 16:33:44,24.525,20.521,53.054,0.250,0,1068736,1622492,161652,4970332,21359.907,5441.581,0,496.509,0,15.015,4953,2810,1.310,0.980,0.660,2,0,218.224,0,0,10,5,1,15,0
18-06 16:33:45,21.732,20.733,55.454,0.250,0,1055872,1635056,161744,4970436,26638.133,8363.135,0,1003.177,0,29.975,4829,2901,1.310,0.980,0.660,2,0,202.833,0,0,10,5,1,11,0
18-06 16:33:46,21.769,21.018,55.298,0.500,0,1059424,1631040,161892,4970732,36562.876,11605.118,0,1365.190,0,40.035,4704,2731,1.450,1.010,0.670,3,0,182.159,0,0,10,6,1,11,0
18-06 16:33:47,30.450,17.222,50.916,0.250,0,1050900,1639128,161984,4970964,20002.028,8681.689,0,1521.492,0,113.812,4515,3447,1.450,1.010,0.670,3,0,138.771,0,0,10,6,1,11,0
18-06 16:33:48,33.813,17.282,47.088,0,0,1061228,1628468,162108,4971440,32280.529,8825.549,0,921.728,0,28.053,4648,3551,1.450,1.010,0.670,1,0,157.295,0,0,10,5,1,11,1
18-06 16:33:49,34.680,15.469,48.402,0.499,0.249,1044312,1644800,162240,4971400,41704.438,9729.272,0,1329.305,0,40.917,5110,5305,1.450,1.010,0.670,4,0,117.761,0,0,10,4,1,11,2
18-06 16:33:50,34.319,15.281,46.594,2.505,0,1051368,1636240,162368,4972644,23542.437,10875.914,797.607,1390.802,23.046,33.067,5711,6251,1.450,1.010,0.670,1,0,137.277,0,0,10,4,1,11,2
18-06 16:33:51,25.244,13.997,58.987,1.000,0,1041028,1628764,162448,4989532,182031.228,5491.770,215.952,9617.846,14.997,29.993,3098,1510,1.490,1.030,0.680,1,0,33.992,0,0,10,4,1,11,2
18-06 16:33:52,22.751,1.750,73.754,0.750,0.250,1042020,1613992,163072,5001076,65585.744,1500.086,0,1524.087,0,67.004,2490,1318,1.490,1.030,0.680,1,0,1.000,0,0,10,4,1,11,2
18-06 16:33:53,23.003,2.000,73.510,0,0,1028260,1606588,163808,5018932,48677.896,1620.230,0,1284.182,0,30.004,2002,1239,1.490,1.030,0.680,1,0,0,0,0,10,4,1,11,2
18-06 16:33:54,23.497,1.750,73.489,0.750,0,1040580,1573424,164256,5037668,62273.050,1457.790,0,1343.807,0,50.993,2483,1377,1.490,1.030,0.680,2,0,0,0,0,10,4,1,11,2
18-06 16:33:55,22.503,2.000,73.511,1.000,0,1039724,1558272,165288,5050052,44692.489,1662.241,0,2484.361,0,102.015,2395,1695,1.490,1.030,0.680,1,0,1.000,0,0,10,4,1,11,2
18-06 16:33:56,21.241,3.748,72.468,1.000,0,1038052,1530816,166192,5075740,14919.419,1619.286,0,17892.108,0,137.939,2231,1617,1.450,1.030,0.680,1,0,0,0,0,10,4,1,11,2
18-06 16:33:57,23.510,2.251,73.281,0.500,0,1053012,1525200,166748,5064852,45745.062,1980.825,0,3497.457,0,237.099,2547,1407,1.450,1.030,0.680,1,0,4.002,0,0,10,2,0,11,0
18-06 16:33:58,21.005,4.251,74.267,0,0,1062232,1515944,166776,5064860,65536.276,2155.502,0,0,0,0,2439,1003,1.450,1.030,0.680,1,0,33.008,0,0,10,3,0,11,0
18-06 16:33:59,17.500,2.500,78.748,0.500,0,1047396,1525084,166884,5069792,58127.412,4145.887,0,1487.959,0,18.000,1671,825,1.450,1.030,0.680,1,0,2.000,0,0,10,2,0,11,0
18-06 16:34:00,22.499,3.250,72.746,0,0,1041588,1529212,166956,5071256,10767.375,1619.906,0,8.000,0,2.000,4202,5891,1.450,1.030,0.680,1,0,6.000,0,0,10,2,0,11,0
18-06 16:34:01,24.489,4.498,69.968,0,0,1034440,1535120,166996,5072260,15370.961,131241.896,0,131.940,0,4.998,10103,17443,1.410,1.030,0.680,2,0,7.996,0,0,10,2,0,11,0
18-06 16:34:02,22.756,7.002,68.267,0,0,1052368,1517248,166996,5072188,13791.495,1942.492,0,0,0,0,12267,21694,1.410,1.030,0.680,1,0,19.005,0,0,10,2,0,10,0
18-06 16:34:03,20.762,4.503,73.792,0,0,1009316,1568228,167008,5064844,7284.194,1620.933,0,1777.023,0,13.007,1775,1035,1.410,1.030,0.680,1,0,8.005,0,0,10,2,0,10,0
18-06 16:34:04,8.493,1.499,89.676,0.250,0,952512,1625084,167016,5064852,13200.162,1618.671,0,535.560,0,12.989,1319,1209,1.410,1.030,0.680,1,0,3.997,0,0,10,2,0,10,0
18-06 16:34:05,0.250,0.500,98.496,0,0,945780,1631816,167016,5064852,13909.443,1457.942,0,0,0,0,578,621,1.410,1.030,0.680,0,0,1.000,0,0,10,2,0,10,0
18-06 16:34:06,0.500,1.250,96.762,0,0,939236,1638356,167020,5064852,13341.649,1620.200,0,25227.118,0,570.070,905,768,1.300,1.010,0.680,0,0,0,0,0,10,2,0,9,0
18-06 16:34:07,0.250,0,99.249,0,0,932800,1644792,167020,5064852,11195.884,1619.983,0,0,0,0,508,552,1.300,1.010,0.680,0,0,0,0,0,10,2,0,9,0
18-06 16:34:08,4.000,2.750,93.005,0,0,932408,1645184,167020,5065740,7598.412,1458.079,0,0,0,0,980,3545,1.300,1.010,0.680,2,0,34.002,0,0,10,2,0,9,0
18-06 16:34:09,7.749,2.500,89.236,0,0,920320,1657272,167020,5064852,11274.175,1619.738,0,2259.634,0,13.998,1478,5282,1.300,1.010,0.680,0,0,2.000,0,0,10,2,0,10,0
18-06 16:34:10,0.250,0.250,98.490,0,0,915992,1661588,167028,5064856,9527.028,1619.835,0,619.937,0,4.000,496,591,1.300,1.010,0.680,0,0,0,0,0,10,2,0,9,0
18-06 16:34:11,0.750,2.250,96.502,0,0,908840,1668740,167028,5064856,21443.527,1458.036,0,32244.792,0,137.003,891,857,1.280,1.010,0.680,0,0,0,0,0,10,2,0,9,0
18-06 16:34:12,0.250,0,98.267,0,0,902612,1674968,167028,5064856,13385.371,1620.287,0,12.002,0,2.000,511,573,1.280,1.010,0.680,0,0,0,0,0,10,2,0,9,0
18-06 16:34:13,0.250,0.750,99.001,0,0,897136,1680444,167028,5064856,10081.094,1458.014,0,136.001,0,27.000,455,552,1.280,1.010,0.680,0,0,0,0,0,10,2,0,9,0
18-06 16:34:14,0.250,0.250,98.757,0,0.250,892124,1685456,167028,5064856,13450.963,1620.116,0,0,0,0,534,580,1.280,1.010,0.680,0,0,0,0,0,10,2,0,9,0
18-06 16:34:15,0.250,0.250,98.757,0,0,887956,1689624,167028,5064856,10205.772,1620.123,0,604.046,0,2.000,552,614,1.280,1.010,0.680,0,0,1.000,0,0,10,2,0,9,0
18-06 16:34:16,0.500,0.250,98.477,0,0,884392,1693188,167028,5064856,7304.277,1457.656,0,231.945,0,2.999,463,535,1.170,0.990,0.680,0,0,0,0,0,10,2,0,9,0
18-06 16:34:17,0.750,0.500,98.464,0,0,879640,1697908,167028,5064888,11246.856,1619.403,0,0,0,0,564,569,1.170,0.990,0.680,0,0,0,0,0,10,2,0,9,0
18-06 16:34:18,0.500,0.250,98.502,0,0,877180,1700368,167028,5064888,8461.149,1026.018,0,100.002,0,17.000,475,551,1.170,0.990,0.680,2,0,0,0,0,10,2,0,9,0
18-06 16:34:19,0.250,0.500,99.008,0,0,875268,1702280,167028,5064888,10776.846,1566.123,0,0,0,0,537,561,1.170,0.990,0.680,0,0,0,0,0,10,2,0,9,0
18-06 16:34:20,0,0.500,98.528,0.250,0,873364,1704504,167028,5064888,9705.764,1620.461,0,52.015,0,3.001,495,547,1.170,0.990,0.680,0,0,0,0,0,10,2,0,9,0
18-06 16:34:21,0.250,0.500,99.004,0,0,872380,1705488,167028,5064888,12083.513,1620.069,0,0,0,0,482,538,1.080,0.980,0.670,0,0,0,0,0,10,2,0,9,0
18-06 16:34:22,0.751,0.250,98.597,0,0,872128,1705740,167028,5064888,10541.352,1621.593,0,120.118,0,3.003,495,553,1.080,0.980,0.670,0,0,0,0,0,10,2,0,9,0
18-06 16:34:23,0,0.250,99.144,0,0,872096,1705772,167028,5064888,19095.534,1456.439,0,0,0,0,450,533,1.080,0.980,0.670,0,0,0,0,0,10,2,0,9,0
18-06 16:34:24,0.500,0.250,99.013,0.250,0,871904,1705964,167028,5064888,7512.950,1620.205,0,104.013,0,17.002,481,558,1.080,0.980,0.670,0,0,0,0,0,10,2,0,9,0
18-06 16:34:25,0.500,0.250,98.243,0,0,872104,1705800,167028,5064888,10781.276,1661.888,0,63.996,0,2.000,567,609,1.080,0.980,0.670,0,0,1.000,0,0,10,2,0,9,0
18-06 16:34:26,0.250,0.250,99.000,0,0,872104,1705800,167028,5064888,12489.969,1457.996,0,0,0,0,536,552,0.990,0.960,0.670,0,0,0,0,0,10,2,0,9,0
18-06 16:34:27,1.000,4.499,93.472,0.250,0,872576,1705324,167028,5064892,10199.952,1619.516,0,89205.339,0,409.877,1554,1420,0.990,0.960,0.670,0,0,0,0,0,10,2,0,9,0
18-06 16:34:28,0,0.500,99.273,0,0,872576,1705324,167028,5064892,10998.541,1620.374,0,0,0,0,472,525,0.990,0.960,0.670,0,0,0,0,0,10,2,0,9,0
18-06 16:34:29,0.500,0.250,98.492,0,0,872576,1705324,167028,5064892,10315.136,1457.878,0,87.993,0,14.999,514,557,0.990,0.960,0.670,0,0,0,0,0,10,2,0,9,0
18-06 16:34:30,0.250,0.250,98.752,0,0,872572,1705324,167028,5064896,9752.186,1620.031,0,16.000,0,3.000,503,556,0.990,0.960,0.670,0,0,0,0,0,10,2,0,5,0
18-06 16:34:31,0,0.250,99.000,0,0,872568,1705324,167032,5064896,7277.013,1458.003,0,1388.002,0,3.000,490,568,0.910,0.950,0.670,0,0,0,0,0,10,2,0,5,0
18-06 16:34:32,3.757,1.252,94.417,0,0,873404,1704488,167032,5064896,139309.667,3355.942,0,3057.414,0,14.025,928,797,0.910,0.950,0.670,1,0,3.005,0,0,10,2,0,5,0
18-06 16:34:33,13.977,3.494,81.868,0,0,861156,1716736,167032,5064896,293791.344,9923.967,0,0,0,0,2012,1271,0.910,0.950,0.670,1,0,21.965,0,0,10,2,0,5,0
18-06 16:34:34,14.499,3.500,80.245,0.250,0,884920,1692796,167044,5065060,168509.949,9247.394,107.993,4.000,5.000,1.000,2106,1266,0.910,0.950,0.670,0,0,18.999,0,0,10,2,0,4,0
18-06 16:34:35,13.506,10.755,74.532,0.250,0,886156,1691048,167060,5065556,156800.237,3873.661,0,260.112,0,37.016,2943,1690,0.910,0.950,0.670,1,0,42.018,0,0,10,2,0,4,0
