"pcp-dstat 6.2.0 CSV Output"
"Author:","PCP team <pcp@groups.io> and Dag Wieers <dag@wieers.com>",,,,"URL:","https://pcp.io/ and http://dag.wieers.com/home-made/dstat/"
"Host:","np0000094007",,,,"User:","ubuntu"
"Cmdline:","dstat -tcmndrylpg --tcp --output /tmp/devstack_logs/dstat-csv.log",,,,"Date:","17 Apr 2026 10:23:28 UTC"
"system","total usage",,,,,"memory usage",,,,"net/total",,"dsk/total",,"io/total",,"system",,"load avg",,,"procs",,,"paging",,"tcp sockets",,,,
"time","total usage:usr","total usage:sys","total usage:idl","total usage:wai","total usage:stl","used","free","buf","cach","net/total:recv","net/total:send","dsk/total:read","dsk/total:writ","read","writ","int","csw","1m","5m","15m","run","blk","new","in","out","lis","act","syn","tim","clo"
17-04 10:23:28,,1028976,1640452,161960,4992108,,,,,,,1.340,1.070,0.660,3,0,,,,10,6,0,18,0
17-04 10:23:29,23.804,19.837,53.559,0.496,0.248,1023196,1645756,161980,4992496,23384.467,11755.215,0,1313.188,0,38.682,5125,3513,1.340,1.070,0.660,2,0,225.146,0,0,10,6,0,17,0
17-04 10:23:30,27.152,20.867,50.030,0.251,0,1038316,1630424,161992,4992648,16520.484,7379.311,0,683.828,0,21.118,4987,2954,1.550,1.110,0.670,2,0,228.278,0,0,10,5,0,17,1
17-04 10:23:31,25.008,20.256,52.016,0.500,0,1027756,1640616,162036,4992856,43745.272,9974.026,0,1296.393,0,43.013,4733,2755,1.550,1.110,0.670,3,0,193.059,0,0,10,4,0,17,2
17-04 10:23:32,31.527,21.519,44.789,1.001,0,1038408,1629796,162052,4993496,19468.923,7897.865,0,7482.504,0,404.351,5668,4101,1.550,1.110,0.670,2,0,197.171,0,0,10,4,0,17,2
17-04 10:23:33,27.959,15.727,54.170,0.250,0,1025920,1634004,162080,5001024,143210.568,10677.236,0,1477.818,0,40.940,4120,2533,1.550,1.110,0.670,3,0,114.830,0,0,10,4,0,11,2
17-04 10:23:34,39.041,17.769,41.543,0.501,0,1025152,1620596,162388,5013820,72672.707,2720.834,0,1529.593,0,57.059,5340,4810,1.550,1.110,0.670,2,0,126.131,0,0,10,4,0,11,2
17-04 10:23:35,39.715,18.484,40.714,0.500,0,1033516,1588068,163368,5033968,22386.333,1564.625,0,1706.501,0,41.963,6104,6241,1.590,1.130,0.680,2,0,182.839,0,0,10,4,0,11,2
17-04 10:23:36,40.110,14.791,42.116,1.003,0,1050892,1551864,163672,5050976,7725.188,1624.455,1014.783,1151.157,38.105,26.072,5143,5049,1.590,1.130,0.680,2,0,87.239,0,0,10,4,0,11,2
17-04 10:23:37,27.449,10.980,59.391,1.497,0,1060960,1525584,164684,5063612,18334.209,1455.318,0,11778.292,0,136.748,2982,1924,1.590,1.130,0.680,1,0,11.978,0,0,10,4,0,11,2
17-04 10:23:38,22.741,2.499,73.720,0.750,0,1050104,1507368,165592,5089236,30251.551,1619.334,0,2107.133,0,72.970,2004,1453,1.590,1.130,0.680,2,0,0,0,0,10,4,0,11,2
17-04 10:23:39,18.504,1.500,79.019,0.250,0,1052492,1496628,166136,5095616,15426.693,3651.874,0,1516.363,0,51.012,1688,1226,1.590,1.130,0.680,3,0,0,0,0,10,5,0,11,2
17-04 10:23:40,22.483,3.248,73.445,0,0,1070900,1495692,166136,5078528,8891.364,2218.344,0,79.940,0,5.996,1720,856,1.540,1.130,0.680,1,0,1.999,0,0,10,2,0,11,0
17-04 10:23:41,17.260,3.502,78.544,0,0,1079968,1486612,166136,5078536,13379.482,2909.627,0,2049.146,0,200.112,1826,1096,1.540,1.130,0.680,0,0,33.018,0,0,10,3,0,11,0
17-04 10:23:42,22.503,4.501,72.010,0.500,0.250,1064604,1495900,166144,5084168,11037.585,1482.213,0,15702.255,0,174.025,2446,1609,1.540,1.130,0.680,1,0,8.001,0,0,10,2,0,11,0
17-04 10:23:43,18.250,2.250,78.749,0.250,0,1057920,1500936,166144,5085648,16629.734,4626.926,0,579.991,0,6.000,1632,857,1.540,1.130,0.680,1,0,18.000,0,0,10,3,0,11,0
17-04 10:23:44,23.171,5.730,69.264,0,0,1042264,1511328,166156,5089644,8522.932,1787.902,0,769.376,0,11.959,12353,22854,1.540,1.130,0.680,1,0,13.952,0,0,10,2,0,11,0
17-04 10:23:45,22.835,5.521,70.262,0,0,1039700,1513592,166164,5089896,6064.638,1626.070,0,84.315,0,1.004,11826,21505,1.580,1.140,0.690,2,0,13.049,0,0,10,2,0,11,0
17-04 10:23:46,20.494,4.749,73.980,0,0,1025372,1540764,166180,5078636,5902.377,1619.555,0,1151.683,0,12.996,1879,1081,1.580,1.140,0.690,1,0,11.997,0,0,10,2,0,11,0
17-04 10:23:47,3.250,2.000,93.744,0,0,980516,1585736,166180,5078540,15855.001,132349.661,0,9643.392,0,43.997,1127,861,1.580,1.140,0.690,0,0,0,0,0,10,2,0,11,0
17-04 10:23:48,0.500,0.250,98.918,0,0,975920,1590332,166180,5078540,7012.168,1456.788,0,0,0,0,481,562,1.580,1.140,0.690,0,0,0,0,0,10,2,0,11,0
17-04 10:23:49,0.250,0,98.739,0,0,972844,1593404,166180,5078544,12415.660,1619.825,0,2259.756,0,13.998,554,594,1.580,1.140,0.690,0,0,0,0,0,10,2,0,9,0
17-04 10:23:50,0.751,0.250,98.577,0,0,970156,1596092,166180,5078544,11394.914,1621.268,0,0,0,0,547,587,1.450,1.120,0.690,0,0,0,0,0,10,2,0,9,0
17-04 10:23:51,0,0.250,98.983,0,0,963336,1602912,166180,5078544,11208.050,1457.746,0,0,0,0,497,562,1.450,1.120,0.690,1,0,0,0,0,10,2,0,9,0
17-04 10:23:52,0.500,0.250,98.500,0.250,0,952664,1613584,166180,5078544,8284.959,1619.992,0,943.995,0,4.000,527,581,1.450,1.120,0.690,0,0,0,0,0,10,2,0,9,0
17-04 10:23:53,0.750,2.000,97.268,0,0,934720,1631524,166180,5078548,5880.078,1620.297,0,25872.743,0,125.023,817,843,1.450,1.120,0.690,0,0,0,0,0,10,2,0,9,0
17-04 10:23:54,0.250,0.250,97.987,0,0,922532,1643728,166180,5078532,5692.242,1619.784,0,715.905,0,11.998,619,1293,1.450,1.120,0.690,0,0,1.000,0,0,10,2,0,9,0
17-04 10:23:55,0.750,0.500,98.751,0,0,913504,1652756,166180,5078532,10225.149,1458.021,0,0,0,0,519,565,1.340,1.100,0.680,0,0,0,0,0,10,2,0,9,0
17-04 10:23:56,0.250,0.250,98.747,0,0,905916,1660344,166180,5078532,9690.754,1619.959,0,0,0,0,472,563,1.340,1.100,0.680,0,0,0,0,0,10,2,0,9,0
17-04 10:23:57,0.250,0,98.741,0,0,900076,1666184,166180,5078532,10354.035,1457.864,0,0,0,0,500,558,1.340,1.100,0.680,0,0,0,0,0,10,2,0,9,0
17-04 10:23:58,0.500,1.000,98.510,0,0,895076,1671184,166180,5078532,8191.807,1620.160,0,4368.431,0,29.003,532,597,1.340,1.100,0.680,0,0,0,0,0,10,2,0,9,0
17-04 10:23:59,0.500,0.500,98.750,0.250,0,892296,1673960,166184,5078532,11040.051,1620.007,0,204.001,0,5.000,537,576,1.340,1.100,0.680,0,0,0,0,0,10,2,0,9,0
17-04 10:24:00,0.500,0.250,98.748,0,0,889768,1676488,166184,5078532,10154.782,1619.965,0,0,0,0,474,554,1.230,1.080,0.680,0,0,0,0,0,10,2,0,9,0
17-04 10:24:01,0.500,0,98.988,0,0,887360,1678896,166184,5078532,6572.185,1619.799,0,0,0,0,442,538,1.230,1.080,0.680,0,0,0,0,0,10,2,0,9,0
17-04 10:24:02,0.500,0.250,98.522,0,0,885584,1680672,166184,5078532,10440.346,1620.364,0,0,0,0,497,565,1.230,1.080,0.680,0,0,0,0,0,10,2,0,9,0
17-04 10:24:03,0.500,0.500,98.504,0,0,883696,1682560,166184,5078532,10385.421,1620.066,0,13124.532,0,397.016,602,615,1.230,1.080,0.680,0,0,0,0,0,10,2,0,9,0
17-04 10:24:04,0.250,0.500,98.751,0,0,883620,1682972,166184,5078532,6347.052,1620.013,0,36.000,0,4.000,513,670,1.230,1.080,0.680,0,0,1.000,0,0,10,2,0,9,0
17-04 10:24:05,0.500,0,98.759,0,0,883428,1683164,166184,5078532,45891.270,1458.136,0,4.000,0,1.000,570,582,1.130,1.070,0.680,0,0,0,0,0,10,2,0,9,0
17-04 10:24:06,0.250,0.500,98.981,0,0,883432,1683032,166184,5078660,7660.534,1619.690,0,0,0,0,471,558,1.130,1.070,0.680,0,0,0,0,0,10,2,0,9,0
17-04 10:24:07,0.750,0,98.743,0,0,883448,1683032,166184,5078660,16681.881,1619.891,0,0,0,0,493,559,1.130,1.070,0.680,0,0,0,0,0,10,2,0,9,0
17-04 10:24:08,0.250,3.751,94.524,0.250,0,870076,1696404,166184,5078660,38334.651,1620.408,0,72970.371,0,297.075,1218,1133,1.130,1.070,0.680,0,0,0,0,0,10,2,0,9,0
17-04 10:24:09,0.750,0.250,99.226,0,0,870548,1695928,166184,5078664,6185.501,1619.607,0,0,0,0,451,568,1.130,1.070,0.680,0,0,0,0,0,10,2,0,9,0
17-04 10:24:10,0.500,0.250,98.755,0,0,870552,1695928,166184,5078664,10392.556,1620.087,0,1084.058,0,4.000,523,562,1.040,1.050,0.670,0,0,0,0,0,10,2,0,9,0
17-04 10:24:11,0.500,0.500,98.731,0,0,870552,1695928,166184,5078664,8493.358,1619.687,0,7.998,0,1.000,461,573,1.040,1.050,0.670,0,0,0,0,0,10,2,0,9,0
17-04 10:24:12,0.250,0,98.742,0,0,870552,1695928,166184,5078664,9915.241,1619.876,0,203.984,0,36.997,518,588,1.040,1.050,0.670,0,0,0,0,0,10,2,0,9,0
17-04 10:24:13,0.500,0.250,98.761,0,0,870552,1695928,166184,5078664,8343.903,1620.175,0,0,0,0,456,536,1.040,1.050,0.670,0,0,0,0,0,10,2,0,9,0
17-04 10:24:14,0.500,1.500,97.491,0,0,870552,1695928,166184,5078664,5718.448,1527.853,0,11534.887,0,56.995,721,774,1.040,1.050,0.670,0,0,1.000,0,0,10,2,0,8,0
17-04 10:24:15,0.250,0.500,98.763,0,0,870552,1695928,166184,5078664,11318.493,1620.214,0,336.044,0,2.000,511,571,0.960,1.030,0.670,0,0,0,0,0,10,2,0,8,0
17-04 10:24:16,0.250,0.250,98.760,0,0,870552,1695928,166184,5078664,10644.088,1620.166,0,4.000,0,1.000,507,557,0.960,1.030,0.670,0,0,0,0,0,10,2,0,8,0
17-04 10:24:17,2.500,0.750,96.500,0,0,870796,1695680,166184,5078668,140682.993,3512.000,0,104.000,0,18.000,827,788,0.960,1.030,0.670,1,0,3.000,0,0,10,2,0,8,0
17-04 10:24:18,14.757,3.752,80.541,0,0,878972,1687504,166188,5078668,296181.828,10209.164,0,0,0,0,2329,1327,0.960,1.030,0.670,1,0,22.011,0,0,10,2,0,4,0
17-04 10:24:19,14.246,3.999,79.979,0.500,0,892208,1674160,166192,5078772,155768.402,9245.590,107.972,91.976,4.999,2.999,2220,1266,0.960,1.030,0.670,0,0,18.995,0,0,10,2,0,4,0
