"pcp-dstat 6.2.0 CSV Output"
"Author:","PCP team <pcp@groups.io> and Dag Wieers <dag@wieers.com>",,,,"URL:","https://pcp.io/ and http://dag.wieers.com/home-made/dstat/"
"Host:","np0000094331",,,,"User:","ubuntu"
"Cmdline:","dstat -tcmndrylpg --tcp --output /tmp/devstack_logs/dstat-csv.log",,,,"Date:","12 Jun 2026 10:10:44 UTC"
"system","total usage",,,,,"memory usage",,,,"net/total",,"dsk/total",,"io/total",,"system",,"load avg",,,"procs",,,"paging",,"tcp sockets",,,,
"time","total usage:usr","total usage:sys","total usage:idl","total usage:wai","total usage:stl","used","free","buf","cach","net/total:recv","net/total:send","dsk/total:read","dsk/total:writ","read","writ","int","csw","1m","5m","15m","run","blk","new","in","out","lis","act","syn","tim","clo"
12-06 10:10:44,,999376,1623524,161708,5036900,,,,,,,2,1.240,0.730,1,0,,,,10,5,0,17,0
12-06 10:10:45,17.423,20.907,59.984,0.249,0,999856,1622780,161800,5037016,42291.115,8975.126,0,856.196,0,28.872,5219,3334,2,1.240,0.730,3,0,217.036,0,0,10,6,0,17,0
12-06 10:10:46,23.809,20.551,53.383,0.501,0,1006416,1615624,161924,5037372,34425.671,10782.834,0,1287.203,0,38.095,4942,2741,2,1.240,0.730,2,0,204.509,0,0,10,6,0,17,0
12-06 10:10:47,24.491,21.242,52.480,0.250,0,1024328,1597480,161976,5037500,18845.991,6217.688,0,795.704,0,26.990,4799,2663,2,1.240,0.730,3,0,188.930,0,0,10,5,0,11,1
12-06 10:10:48,24.697,20.207,53.635,0.499,0,1033236,1588100,162116,5038084,41804.012,11290.696,0,1385.019,0,43.905,4995,3055,2,1.240,0.730,2,0,187.596,0,0,10,4,0,11,2
12-06 10:10:49,37.208,16.481,44.449,0.250,0,1039720,1581320,162168,5037928,30658.107,6389.728,0,962.904,0,66.924,5318,4508,2,1.250,0.740,2,0,135.845,0,0,10,4,0,11,2
12-06 10:10:50,31.349,18.559,48.654,0.251,0,1031344,1589136,162316,5038564,26984.411,11970.890,0,1444.572,0,42.133,4794,4164,2,1.250,0.740,2,0,152.483,0,0,10,4,0,11,2
12-06 10:10:51,40.011,16.505,41.762,0.500,0,1031564,1566476,162472,5059520,176209.475,3611.014,0,980.275,0,26.007,5376,5417,2,1.250,0.740,2,0,119.033,0,0,10,4,0,11,2
12-06 10:10:52,40.153,15.961,40.153,1.496,0,1052356,1529560,163376,5072380,15119.528,1217.064,794.084,1492.400,22.945,55.865,6032,6129,2,1.250,0.740,4,0,137.668,0,0,10,4,0,11,2
12-06 10:10:53,34.845,15.041,49.635,0.752,0,1043944,1521200,163764,5086820,12031.715,1570.270,216.589,6216.904,15.041,36.098,3483,1882,2,1.250,0.740,1,0,34.093,0,0,10,4,0,11,2
12-06 10:10:54,22.743,1.999,73.726,0.750,0,1046376,1496440,164388,5106548,10976.495,1511.517,0,7241.688,0,197.937,2060,1529,1.920,1.250,0.740,1,0,0,0,0,10,4,0,11,2
12-06 10:10:55,22.259,2.501,73.531,0.750,0,1041816,1483956,165380,5120032,10528.386,1620.675,0,2364.985,0,90.038,2006,1517,1.920,1.250,0.740,1,0,0,0,0,10,4,0,11,2
12-06 10:10:56,22.441,2.992,72.809,0.997,0.249,1048556,1447964,166408,5145660,14269.522,1615.756,0,18766.711,0,242.363,2287,1622,1.920,1.250,0.740,1,0,0,0,0,10,4,0,11,2
12-06 10:10:57,22.549,2.756,73.661,0.251,0,1072860,1437348,166700,5131316,13524.546,2190.786,0,813.778,0,28.061,1863,1073,1.920,1.250,0.740,1,0,2.004,0,0,10,2,0,11,0
12-06 10:10:58,20.992,3.249,74.973,0,0,1078252,1431920,166728,5131324,21289.368,2890.964,0,0,0,0,1990,945,1.920,1.250,0.740,0,0,32.988,0,0,10,3,0,11,0
12-06 10:10:59,18.016,3.003,77.320,0.250,0,1062716,1440332,166836,5137668,14652.187,3412.071,0,1929.737,0,38.034,1693,986,1.850,1.240,0.740,1,0,3.003,0,0,10,2,0,11,0
12-06 10:11:00,23.248,5.999,69.993,0,0,1064480,1437336,166856,5138692,10399.983,1565.847,0,0,0,0,11321,20463,1.850,1.240,0.740,1,0,9.999,0,0,10,2,0,11,0
12-06 10:11:01,21.784,6.510,69.108,0.250,0,1054292,1447092,166868,5138856,25214.225,1568.440,0,25707.993,0,910.416,10147,16877,1.850,1.240,0.740,1,0,9.014,0,0,10,2,0,11,0
12-06 10:11:02,20.216,6.489,72.878,0.250,0,1046084,1455408,166928,5138940,13112.016,1617.288,0,3370.349,0,88.851,4748,6316,1.850,1.240,0.740,1,0,14.975,0,0,10,2,0,11,0
12-06 10:11:03,18.240,2.998,77.709,0,0,1013412,1496384,166928,5131460,25753.474,131392.991,0,23.987,0,2.998,1781,908,1.850,1.240,0.740,0,0,4.997,0,0,10,2,0,10,0
12-06 10:11:04,0.250,0.250,99.006,0,0,1008524,1501272,166928,5131460,21315.202,1620.091,0,0,0,0,671,546,1.700,1.220,0.740,0,0,0,0,0,10,2,0,10,0
12-06 10:11:05,0.250,0.500,98.487,0,0,1002128,1507664,166928,5131464,11945.426,1511.801,0,0,0,0,531,557,1.700,1.220,0.740,0,0,0,0,0,10,2,0,10,0
12-06 10:11:06,0.500,0.250,98.711,0,0,992308,1517488,166928,5131464,8938.489,1565.385,0,1623.362,0,12.995,576,603,1.700,1.220,0.740,1,0,0,0,0,10,2,0,10,0
12-06 10:11:07,0.250,1.000,96.288,1.501,0,983400,1526400,166928,5131464,13880.547,1242.497,0,11556.618,0,32.013,717,656,1.700,1.220,0.740,0,0,0,0,0,10,2,0,9,0
12-06 10:11:08,0.500,0,98.759,0,0,975620,1534176,166932,5131464,8262.739,1404.126,0,820.073,0,4.000,507,557,1.700,1.220,0.740,0,0,0,0,0,10,2,0,9,0
12-06 10:11:09,0.500,0.250,98.748,0,0,968816,1540980,166932,5131464,12492.764,1565.970,0,4.000,0,1.000,572,554,1.560,1.200,0.730,0,0,0,0,0,10,2,0,9,0
12-06 10:11:10,0.250,0.250,98.751,0,0,958700,1551096,166932,5131464,10955.077,1512.011,0,0,0,0,518,538,1.560,1.200,0.730,0,0,0,0,0,10,2,0,9,0
12-06 10:11:11,0.500,0.500,98.517,0,0,948420,1561376,166932,5131464,9159.538,1620.272,0,2260.379,0,14.002,604,617,1.560,1.200,0.730,0,0,1.000,0,0,10,2,0,9,0
12-06 10:11:12,0.500,1.750,95.985,1.500,0,938268,1571528,166932,5131464,12985.978,1565.756,0,21096.715,0,126.980,896,810,1.560,1.200,0.730,0,0,0,0,0,10,2,0,9,0
12-06 10:11:13,0.500,0,98.763,0,0,927104,1582692,166932,5131464,10250.347,1620.213,0,524.069,0,2.000,517,555,1.560,1.200,0.730,0,0,0,0,0,10,2,0,9,0
12-06 10:11:14,1.499,1.499,96.206,0,0,912988,1596808,166932,5131808,14304.479,1619.262,0,3.998,0,1.000,830,682,1.440,1.180,0.730,1,0,13.994,0,0,10,2,0,9,0
12-06 10:11:15,9.754,5.002,84.286,0,0,892484,1617328,166932,5131464,12207.207,1620.691,0,4.002,0,1.000,1841,7826,1.440,1.180,0.730,0,0,28.012,0,0,10,2,0,9,0
12-06 10:11:16,0.250,0.500,99.499,0,0,892484,1617328,166932,5131464,13984.859,1511.985,0,0,0,0,534,543,1.440,1.180,0.730,0,0,0,0,0,10,2,0,9,0
12-06 10:11:17,0.500,0.250,98.519,0,0,890732,1619080,166932,5131464,10765.076,1512.292,0,232.045,0,1.000,527,554,1.440,1.180,0.730,0,0,0,0,0,10,2,0,9,0
12-06 10:11:18,0.250,0,98.721,0,0,888716,1621088,166936,5131468,11308.712,1187.655,0,135.960,0,17.995,508,566,1.440,1.180,0.730,1,0,0,0,0,10,2,0,9,0
12-06 10:11:19,0.250,0.250,98.753,0,0,886660,1623144,166936,5131468,8374.293,1512.053,0,0,0,0,473,536,1.320,1.160,0.730,0,0,0,0,0,10,2,0,9,0
12-06 10:11:20,0.750,0.250,98.729,0,0,886660,1623144,166936,5131468,12838.279,1619.657,0,3.999,0,1.000,526,546,1.320,1.160,0.730,0,0,0,0,0,10,2,0,9,0
12-06 10:11:21,0.500,0.750,98.018,0,0,886848,1622924,166936,5131500,11161.995,1458.261,0,8.001,0,1.000,650,635,1.320,1.160,0.730,0,0,1.000,0,0,10,2,0,9,0
12-06 10:11:22,0.500,0.500,98.484,0,0,886596,1623176,166936,5131500,13987.752,1619.740,0,8386.652,0,63.990,705,677,1.320,1.160,0.730,0,0,0,0,0,10,2,0,9,0
12-06 10:11:23,0.250,0.500,98.507,0.250,0,886416,1623356,166936,5131500,12708.917,1620.117,0,280.020,0,16.001,542,554,1.320,1.160,0.730,0,0,0,0,0,10,2,0,9,0
12-06 10:11:24,0.500,0.250,98.742,0,0,886416,1623356,166936,5131500,12835.006,1457.887,0,0,0,0,494,546,1.220,1.140,0.720,0,0,0,0,0,10,2,0,9,0
12-06 10:11:25,0.500,0.250,98.761,0,0,886416,1623356,166936,5131500,11404.319,1620.187,0,0,0,0,521,545,1.220,1.140,0.720,0,0,0,0,0,10,2,0,9,0
12-06 10:11:26,0.500,0.250,98.762,0,0,886416,1623356,166936,5131500,9198.147,1458.182,0,4.000,0,1.000,506,555,1.220,1.140,0.720,0,0,0,0,0,10,2,0,9,0
12-06 10:11:27,0.250,4.750,91.748,2.500,0,887144,1622628,166936,5131500,8557.768,1565.958,0,84009.722,0,366.990,1577,1422,1.220,1.140,0.720,0,0,0,0,0,10,2,0,8,0
12-06 10:11:28,0.500,0.250,98.745,0.250,0,886984,1622808,166940,5131500,13054.333,1229.937,0,1467.925,0,3.000,566,566,1.220,1.140,0.720,0,0,0,0,0,10,2,0,8,0
12-06 10:11:29,0.500,0.250,98.486,0,0,886984,1622808,166940,5131500,12148.226,1511.779,0,95.986,0,14.998,544,554,1.120,1.120,0.720,0,0,0,0,0,10,2,0,8,0
12-06 10:11:30,0.250,0,98.792,0,0,886984,1622808,166940,5131500,12679.327,1620.681,0,0,0,0,545,553,1.120,1.120,0.720,0,0,0,0,0,10,2,0,8,0
12-06 10:11:31,0.250,0.500,98.726,0,0,886984,1622808,166940,5131500,10501.405,1565.613,0,0,0,0,554,589,1.120,1.120,0.720,0,0,1.000,0,0,10,2,0,8,0
12-06 10:11:32,0.750,0,98.761,0,0,886980,1622808,166940,5131504,17175.829,1620.172,0,8.001,0,2.000,582,550,1.120,1.120,0.720,0,0,0,0,0,10,2,0,4,0
12-06 10:11:33,0.250,0.250,98.446,0,0,886804,1622984,166940,5131504,9714.626,1457.194,0,3218.220,0,73.959,556,572,1.120,1.120,0.720,2,0,0,0,0,10,2,0,4,0
12-06 10:11:34,7.498,1.250,90.975,0,0,895028,1614760,166940,5131504,141404.213,3874.937,0,0,0,0,1169,845,1.110,1.120,0.720,0,0,3.999,0,0,10,2,0,4,0
12-06 10:11:35,16.256,4.252,78.028,0.250,0,895480,1614188,166944,5131620,298672.798,12978.684,108.039,96.035,5.002,15.005,2601,1482,1.110,1.120,0.720,1,0,28.010,0,0,10,2,0,4,0
12-06 10:11:36,14.759,3.502,81.301,0,0,901520,1608148,166944,5131620,302007.505,9277.791,0,4.002,0,1.001,2119,1226,1.110,1.120,0.720,1,0,15.009,0,0,10,2,0,4,0
