"pcp-dstat 6.2.0 CSV Output"
"Author:","PCP team <pcp@groups.io> and Dag Wieers <dag@wieers.com>",,,,"URL:","https://pcp.io/ and http://dag.wieers.com/home-made/dstat/"
"Host:","np0000094504",,,,"User:","ubuntu"
"Cmdline:","dstat -tcmndrylpg --tcp --output /tmp/devstack_logs/dstat-csv.log",,,,"Date:","28 Jun 2026 15:16:52 UTC"
"system","total usage",,,,,"memory usage",,,,"net/total",,"dsk/total",,"io/total",,"system",,"load avg",,,"procs",,,"paging",,"tcp sockets",,,,
"time","total usage:usr","total usage:sys","total usage:idl","total usage:wai","total usage:stl","used","free","buf","cach","net/total:recv","net/total:send","dsk/total:read","dsk/total:writ","read","writ","int","csw","1m","5m","15m","run","blk","new","in","out","lis","act","syn","tim","clo"
28-06 15:16:52,,1017172,1661360,161796,4981852,,,,,,,1.580,1.150,0.710,2,0,,,,10,6,0,17,0
28-06 15:16:53,26.750,21.000,50.999,0.500,0,1024836,1653264,161912,4982072,36358.580,10482.879,0,1007.988,0,30.000,5957,4534,1.580,1.150,0.710,1,0,233.997,0,0,10,5,0,17,1
28-06 15:16:54,28.555,19.788,49.595,0.501,0,1022588,1655104,162012,4982328,24679.350,8222.776,0,2063.960,0,134.258,5036,2753,1.580,1.150,0.710,2,0,205.394,0,0,10,4,0,15,2
28-06 15:16:55,24.695,21.452,52.134,0.748,0,1001372,1660172,162192,4997652,144822.260,16406.438,0,1732.140,0,47.893,4881,2880,1.580,1.150,0.710,1,0,190.575,0,0,10,4,0,15,2
28-06 15:16:56,32.515,21.510,43.770,0.500,0,1022376,1629976,162404,5006388,52326.413,2677.249,0,1232.575,0,80.037,5160,3287,1.610,1.160,0.720,3,0,174.081,0,0,10,4,0,15,2
28-06 15:16:57,38.716,18.234,41.464,0.500,0,1026236,1607168,163328,5021568,10465.890,1618.591,0,9559.679,0,594.483,5019,3775,1.610,1.160,0.720,3,0,158.862,0,0,10,4,0,15,2
28-06 15:16:58,40.181,17.719,41.678,0.499,0,1027528,1590536,163744,5034500,8364.570,1659.138,0,1010.257,0,32.943,4932,3768,1.610,1.160,0.720,6,0,130.774,0,0,10,4,0,11,2
28-06 15:16:59,40.057,17.275,40.307,0.751,0.250,1024200,1567108,164692,5057760,10185.449,1460.071,0,2719.858,0,114.162,5939,6300,1.610,1.160,0.720,3,0,157.223,0,0,10,4,0,11,2
28-06 15:17:00,38.934,17.720,39.932,1.997,0,1039540,1520652,165392,5085160,11480.495,1617.252,1010.284,3114.708,37.936,85.854,6116,6573,1.610,1.160,0.720,3,0,119.796,0,0,10,4,0,11,2
28-06 15:17:01,31.086,11.031,55.905,0.501,0,1046152,1521344,166028,5075712,11987.159,2105.825,0,11620.144,0,61.169,2794,1441,1.560,1.160,0.720,1,0,13.036,0,0,10,2,0,11,0
28-06 15:17:02,21.991,4.498,73.469,0,0,1091232,1476224,166048,5075728,11127.276,1457.381,0,107.954,0,2.999,1930,1018,1.560,1.160,0.720,2,0,20.991,0,0,10,2,0,11,0
28-06 15:17:03,17.767,3.253,78.073,0.250,0,1098536,1463180,166144,5080768,13809.890,4805.486,0,1849.727,0,18.017,1626,959,1.560,1.160,0.720,1,0,18.017,0,0,10,2,0,11,0
28-06 15:17:04,23.553,3.007,72.913,0,0,1096956,1463180,166172,5082124,20728.229,1503.353,0,4.009,0,1.002,5528,8649,1.560,1.160,0.720,2,0,6.013,0,0,10,2,0,11,0
28-06 15:17:05,21.437,5.235,71.540,0,0,1093416,1465400,166244,5083128,9989.702,1615.263,0,111.672,0,2.991,7731,13017,1.560,1.160,0.720,1,0,8.974,0,0,10,2,0,11,0
28-06 15:17:06,22.001,6.250,69.003,0,0,1079548,1479224,166252,5083156,7997.312,1458.057,0,0,0,0,9627,17815,1.520,1.160,0.720,1,0,12.000,0,0,10,2,0,11,0
28-06 15:17:07,20.505,6.502,72.268,0.500,0,1027392,1539332,166304,5075808,10005.560,1620.415,0,17392.449,0,228.058,2166,1155,1.520,1.160,0.720,1,0,8.002,0,0,10,2,0,11,0
28-06 15:17:08,7.996,1.249,90.204,0,0,993884,1572948,166304,5075732,12688.533,131716.872,0,3.998,0,0.999,1239,824,1.520,1.160,0.720,0,0,4.997,0,0,10,2,0,11,0
28-06 15:17:09,0.250,0,98.489,0,0,979676,1587156,166304,5075732,10541.823,1457.837,0,0,0,0,492,561,1.520,1.160,0.720,0,0,0,0,0,10,2,0,11,0
28-06 15:17:10,0.250,0.500,98.754,0,0,966544,1600288,166304,5075732,8585.370,1620.070,0,1024.044,0,94.004,523,611,1.520,1.160,0.720,0,0,0,0,0,10,2,0,10,0
28-06 15:17:11,0.500,0.749,98.407,0,0,955336,1611496,166304,5075732,8096.310,1618.463,0,3.996,0,0.999,561,627,1.560,1.170,0.730,2,0,8.991,0,0,10,2,0,10,0
28-06 15:17:12,10.256,5.003,83.546,0,0,955128,1611696,166308,5075736,12349.776,1620.889,0,1921.054,0,10.005,1936,10509,1.560,1.170,0.730,1,0,27.015,0,0,10,2,0,11,0
28-06 15:17:13,0.250,1.751,97.577,0.250,0,950836,1615976,166312,5075740,10411.254,1621.285,0,11445.074,0,58.046,723,767,1.560,1.170,0.730,0,0,0,0,0,10,2,0,11,0
28-06 15:17:14,0.750,0.250,98.995,0,0,946868,1619944,166312,5075740,6563.637,1619.910,0,0,0,0,431,556,1.560,1.170,0.730,0,0,0,0,0,10,2,0,9,0
28-06 15:17:15,0.250,0.250,98.750,0,0,940320,1626492,166312,5075740,21654.998,1458.000,0,0,0,0,445,553,1.560,1.170,0.730,0,0,0,0,0,10,2,0,9,0
28-06 15:17:16,0.500,0,98.748,0,0,934300,1632512,166312,5075740,7038.869,1619.970,0,8.000,0,2.000,435,546,1.430,1.150,0.730,0,0,0,0,0,10,2,0,9,0
28-06 15:17:17,0.500,0.250,98.998,0,0,930072,1636740,166312,5075740,10376.836,1619.974,0,8.000,0,1.000,482,559,1.430,1.150,0.730,0,0,0,0,0,10,2,0,9,0
28-06 15:17:18,0.750,2.000,96.505,0,0,925856,1640952,166312,5075740,8270.398,1620.078,0,29541.421,0,132.006,951,970,1.430,1.150,0.730,0,0,1.000,0,0,10,2,0,9,0
28-06 15:17:19,0.500,0.250,98.988,0,0,918256,1648552,166312,5075740,6223.255,1619.806,0,7.999,0,1.000,434,550,1.430,1.150,0.730,1,0,0,0,0,10,2,0,9,0
28-06 15:17:20,0.750,0,98.741,0,0,911496,1655312,166312,5075740,9579.166,1457.873,0,103.991,0,17.998,502,560,1.430,1.150,0.730,0,0,0,0,0,10,2,0,9,0
28-06 15:17:21,0.500,0.500,98.740,0,0,907320,1659488,166312,5075740,9671.982,1619.830,0,0,0,0,449,539,1.320,1.130,0.720,0,0,0,0,0,10,2,0,9,0
28-06 15:17:22,0.250,0.250,98.997,0,0,904028,1662780,166312,5075740,6291.809,1619.951,0,4.000,0,1.000,438,549,1.320,1.130,0.720,0,0,0,0,0,10,2,0,9,0
28-06 15:17:23,0.750,0,98.512,0,0,901596,1665212,166312,5075740,10303.306,1458.185,0,852.108,0,4.001,529,597,1.320,1.130,0.720,0,0,0,0,0,10,2,0,9,0
28-06 15:17:24,0,0.500,98.770,0,0,898500,1668308,166312,5075740,8394.658,1620.320,0,0,0,0,428,529,1.320,1.130,0.720,0,0,0,0,0,10,2,0,9,0
28-06 15:17:25,0.500,0.250,98.748,0,0,894692,1672116,166312,5075740,10719.782,1457.970,0,0,0,0,480,549,1.320,1.130,0.720,0,0,0,0,0,10,2,0,9,0
28-06 15:17:26,0.250,0.250,99.237,0,0,893352,1673456,166312,5075740,7668.027,1619.794,0,0,0,0,423,531,1.210,1.110,0.720,0,0,0,0,0,10,2,0,9,0
28-06 15:17:27,0.750,0,98.506,0,0,893352,1673456,166312,5075740,18998.068,1620.091,0,0,0,0,412,529,1.210,1.110,0.720,0,0,0,0,0,10,2,0,9,0
28-06 15:17:28,0,2.250,95.504,0.750,0,893084,1673720,166312,5075740,10329.395,1458.056,0,43045.646,0,757.029,1131,1043,1.210,1.110,0.720,0,0,1.000,0,0,10,2,0,9,0
28-06 15:17:29,0.250,0.500,98.729,0,0,892888,1673912,166312,5075744,8139.294,1661.652,0,7.998,0,1.000,447,543,1.210,1.110,0.720,0,0,0,0,0,10,2,0,9,0
28-06 15:17:30,1.000,0.250,98.735,0,0,893020,1673780,166312,5075744,10271.476,1457.784,0,0,0,0,477,559,1.210,1.110,0.720,0,0,0,0,0,10,2,0,9,0
28-06 15:17:31,0.250,0.250,99.035,0.250,0,893020,1673780,166312,5075744,8143.868,1620.571,0,120.042,0,19.007,454,573,1.110,1.100,0.720,0,0,0,0,0,10,2,0,9,0
28-06 15:17:32,0.500,0.250,98.990,0,0,893020,1673780,166312,5075744,10428.904,1619.830,0,0,0,0,460,544,1.110,1.100,0.720,0,0,0,0,0,10,2,0,9,0
28-06 15:17:33,0.250,0.999,97.885,0.499,0,893020,1673780,166312,5075744,10070.211,1618.106,0,8478.075,0,35.958,595,669,1.110,1.100,0.720,0,1,0,0,0,10,2,0,9,0
28-06 15:17:34,1.001,3.003,95.347,0,0,892864,1673904,166312,5075776,6174.289,1621.652,0,54079.080,0,200.204,1013,949,1.110,1.100,0.720,0,0,0,0,0,10,2,0,9,0
28-06 15:17:35,0,0.250,99.252,0,0,892864,1673904,166312,5075776,7027.150,1620.034,0,4.000,0,1.000,441,551,1.110,1.100,0.720,0,0,0,0,0,10,2,0,8,0
28-06 15:17:36,0.500,0.250,98.518,0,0,892864,1673904,166312,5075776,10931.992,1620.295,0,0,0,0,469,561,1.020,1.080,0.710,0,0,0,0,0,10,2,0,8,0
28-06 15:17:37,0.250,0,98.732,0,0,892864,1673904,166312,5075776,10656.011,1457.728,0,0,0,0,469,552,1.020,1.080,0.710,0,0,0,0,0,10,2,0,8,0
28-06 15:17:38,0.750,0.500,98.264,0,0,892860,1673904,166316,5075776,8638.216,648.091,0,988.139,0,2.000,523,644,1.020,1.080,0.710,0,0,1.000,0,0,10,2,0,8,0
28-06 15:17:39,15.730,2.497,80.647,0,0,881784,1684992,166320,5075776,297413.438,8121.581,0,95.877,0,2.996,1855,1200,1.020,1.080,0.710,0,0,7.990,0,0,10,2,0,4,0
28-06 15:17:40,12.780,5.262,80.441,0.501,0,888384,1678276,166332,5075880,296851.218,12062.616,108.257,40.095,5.012,2.005,2303,1494,1.020,1.080,0.710,1,0,31.074,0,0,10,2,0,4,0
28-06 15:17:41,14.996,6.248,77.977,0,0,899196,1667204,166332,5076140,155101.981,5456.381,0,295.912,0,42.987,2317,1366,1.020,1.080,0.710,1,0,25.992,0,0,10,2,0,4,0
