"pcp-dstat 6.2.0 CSV Output"
"Author:","PCP team <pcp@groups.io> and Dag Wieers <dag@wieers.com>",,,,"URL:","https://pcp.io/ and http://dag.wieers.com/home-made/dstat/"
"Host:","np0000094132",,,,"User:","ubuntu"
"Cmdline:","dstat -tcmndrylpg --tcp --output /tmp/devstack_logs/dstat-csv.log",,,,"Date:","19 May 2026 17:25:57 UTC"
"system","total usage",,,,,"memory usage",,,,"net/total",,"dsk/total",,"io/total",,"system",,"load avg",,,"procs",,,"paging",,"tcp sockets",,,,
"time","total usage:usr","total usage:sys","total usage:idl","total usage:wai","total usage:stl","used","free","buf","cach","net/total:recv","net/total:send","dsk/total:read","dsk/total:writ","read","writ","int","csw","1m","5m","15m","run","blk","new","in","out","lis","act","syn","tim","clo"
19-05 17:25:57,,1029036,1636336,160804,4997164,,,,,,,1.750,1.180,0.720,2,0,,,,10,5,1,17,1
19-05 17:25:58,23.664,20.675,53.057,0.747,0,1027012,1637792,160876,4997524,45431.148,12493.665,0,1530.447,0,47.826,5470,4046,1.750,1.180,0.720,3,0,245.111,0,0,10,4,1,17,2
19-05 17:25:59,25.255,20.504,52.011,0.500,0,1025800,1631376,160920,5004812,77670.229,11379.378,0,1224.256,0,36.008,4900,2825,1.750,1.180,0.720,3,0,209.044,0,0,10,4,1,17,2
19-05 17:26:00,31.030,22.021,45.294,0.751,0,1014292,1628424,161192,5017960,116278.020,2486.417,0,1713.666,0,62.060,4959,2820,1.750,1.180,0.720,3,0,186.181,0,0,10,4,1,17,2
19-05 17:26:01,34.324,22.298,42.342,0.251,0,1028272,1596700,162044,5032920,8727.912,1082.345,0,1763.822,0,50.109,5769,5000,1.750,1.180,0.720,1,1,204.443,0,0,10,4,1,17,2
19-05 17:26:02,34.596,19.164,44.302,0,0,1022384,1590916,162324,5042424,8385.578,1075.202,0,211.058,0,11.947,4682,2699,1.850,1.210,0.740,4,0,154.311,0,0,10,4,1,11,2
19-05 17:26:03,43.081,17.784,38.072,1.252,0,1054868,1533092,163188,5064952,9370.680,1156.181,0,3021.701,0,127.240,6519,7417,1.850,1.210,0.740,2,0,141.267,0,0,10,4,1,11,2
19-05 17:26:04,38.518,16.508,41.770,1.251,0,1044756,1512848,164212,5090916,19151.139,1080.516,512.244,2341.117,16.008,78.037,5774,5718,1.850,1.210,0.740,1,1,135.064,0,0,10,4,1,11,2
19-05 17:26:05,36.269,14.758,43.523,3.502,0,1058280,1505472,164956,5082960,11681.235,1654.883,500.267,12746.804,22.012,543.290,5109,4106,1.850,1.210,0.740,2,0,81.043,0,0,10,2,1,11,0
19-05 17:26:06,35.029,12.760,51.542,0,0,1078424,1485052,164956,5083016,6473.316,972.799,0,4.003,0,1.001,3340,12314,1.850,1.210,0.740,1,0,66.054,0,0,10,2,1,11,0
19-05 17:26:07,18.497,2.750,78.488,0,0,1085964,1471976,164964,5088176,10749.367,3189.515,0,9258.593,0,11.998,1473,746,1.780,1.210,0.740,1,0,15.998,0,0,10,3,1,11,0
19-05 17:26:08,22.466,2.746,73.637,0.250,0,1071888,1485188,164992,5088736,8835.457,1252.081,0,962.525,0,6.989,1781,1033,1.780,1.210,0.740,1,0,2.995,0,0,10,2,1,11,0
19-05 17:26:09,18.492,2.999,77.967,0,0,1067592,1482888,165368,5093764,13257.417,4193.234,0,1239.478,0,17.992,1806,1106,1.780,1.210,0.740,1,0,21.991,0,0,10,2,1,11,0
19-05 17:26:10,22.515,6.254,68.797,0,0,1056804,1492924,165436,5094288,9434.423,1080.736,0,15182.336,0,91.062,11793,21049,1.780,1.210,0.740,1,0,9.006,0,0,10,2,1,11,0
19-05 17:26:11,21.753,6.501,70.261,0,0,1046804,1502680,165484,5094448,8832.366,1080.167,0,88.014,0,1.000,12327,21789,1.780,1.210,0.740,1,0,19.003,0,0,10,2,1,11,0
19-05 17:26:12,21.273,4.004,73.578,0.501,0,1016636,1545632,165500,5083116,11116.842,1081.152,0,1914.039,0,139.148,1777,945,1.720,1.200,0.740,1,0,4.004,0,0,10,2,1,11,0
19-05 17:26:13,6.243,0.999,92.397,0,0,978052,1584328,165500,5083024,12725.840,130542.749,0,3.996,0,0.999,1102,770,1.720,1.200,0.740,0,0,1.998,0,0,10,2,1,11,0
19-05 17:26:14,0.500,0.750,97.951,0,0,968952,1593396,165500,5083056,5253.373,1079.460,0,3.998,0,1.000,485,568,1.720,1.200,0.740,2,0,0,0,0,10,2,1,11,0
19-05 17:26:15,0.750,1.499,97.692,0,0,950768,1611580,165500,5083056,5058.994,971.423,0,9846.150,0,48.971,673,717,1.720,1.200,0.740,1,0,0,0,0,10,2,1,11,0
19-05 17:26:16,0.250,0,98.828,0,0,939540,1622808,165500,5083056,8606.799,1080.854,0,0,0,0,490,554,1.720,1.200,0.740,0,0,0,0,0,10,2,1,11,0
19-05 17:26:17,0.250,0.500,98.741,0,0,924448,1637900,165508,5083056,8382.254,1079.904,0,1123.900,0,3.000,494,586,1.580,1.180,0.740,0,0,0,0,0,10,2,1,11,0
19-05 17:26:18,1.500,0.750,96.997,0,0,918004,1644340,165508,5083060,8694.752,1079.969,0,0,0,0,712,666,1.580,1.180,0.740,0,0,6.000,0,0,10,2,1,9,0
19-05 17:26:19,0.250,0.750,98.756,0,0,910068,1652276,165508,5083060,11328.666,1080.063,0,36.002,0,1.000,514,569,1.580,1.180,0.740,0,0,0,0,0,10,2,1,9,0
19-05 17:26:20,0.500,2.000,96.492,0,0,904824,1657516,165512,5083060,8151.365,1153.910,0,29485.703,0,158.988,961,982,1.580,1.180,0.740,0,0,0,0,0,10,2,1,9,0
19-05 17:26:21,0.250,0.500,99.038,0,0,902300,1660040,165512,5083060,8761.356,1080.414,0,0,0,0,485,561,1.580,1.180,0.740,0,0,0,0,0,10,2,1,9,0
19-05 17:26:22,0.500,0,98.735,0,0,900372,1661968,165512,5083060,6751.942,1079.831,0,0,0,0,459,562,1.450,1.160,0.730,0,0,0,0,0,10,2,1,9,0
19-05 17:26:23,0.500,0.250,98.504,0.500,0,898756,1663456,165512,5083188,7311.311,1080.046,0,2932.125,0,16.001,531,638,1.450,1.160,0.730,0,0,1.000,0,0,10,2,1,9,0
19-05 17:26:24,0.249,0.249,98.047,0,0,898464,1663748,165512,5083188,8841.693,969.992,0,1305.297,0,75.843,514,591,1.450,1.160,0.730,0,0,0,0,0,10,2,1,9,0
19-05 17:26:25,0.501,0.501,98.956,0,0,895760,1666452,165512,5083188,8361.373,1082.249,0,3138.521,0,18.037,559,618,1.450,1.160,0.730,0,0,0,0,0,10,2,1,9,0
19-05 17:26:26,0.750,0,98.481,0,0,892776,1669436,165512,5083188,8501.336,1079.789,0,3.999,0,1.000,470,549,1.450,1.160,0.730,1,0,0,0,0,10,2,1,9,0
19-05 17:26:27,0.500,0.500,99.023,0,0,892776,1669436,165512,5083188,7149.632,1080.247,0,0,0,0,456,537,1.340,1.140,0.730,0,0,0,0,0,10,2,1,9,0
19-05 17:26:28,0.250,0,98.491,0,0,890180,1672032,165512,5083188,9590.077,1079.896,0,111.989,0,2.000,504,573,1.340,1.140,0.730,0,0,0,0,0,10,2,1,9,0
19-05 17:26:29,0.750,0.750,99.252,0,0,887908,1674304,165512,5083188,6960.142,1080.022,0,0,0,0,474,556,1.340,1.140,0.730,0,0,0,0,0,10,2,1,9,0
19-05 17:26:30,0.250,0,98.742,0,0,885920,1676288,165512,5083192,6300.459,1079.907,0,0,0,0,448,552,1.340,1.140,0.730,0,0,0,0,0,10,2,1,9,0
19-05 17:26:31,0.500,0.500,98.252,0,0,883872,1678336,165512,5083192,8774.217,1080.027,0,4652.115,0,26.001,563,615,1.340,1.140,0.730,0,0,0,0,0,10,2,1,9,0
19-05 17:26:32,0.500,0.500,99.011,0,0.250,883380,1678828,165512,5083192,8715.931,972.104,0,4.000,0,1.000,456,534,1.230,1.120,0.720,0,0,0,0,0,10,2,1,9,0
19-05 17:26:33,0.500,0.250,98.409,0,0,883380,1678828,165512,5083192,4757.608,1079.004,0,143.867,0,1.998,505,639,1.230,1.120,0.720,0,0,0.999,0,0,10,2,1,9,0
19-05 17:26:34,0.250,0,99.344,0,0,883380,1678828,165512,5083192,10745.138,1081.020,0,0,0,0,463,536,1.230,1.120,0.720,0,0,0,0,0,10,2,1,9,0
19-05 17:26:35,0.500,0.500,98.486,0,0,883380,1678828,165512,5083192,7229.952,1079.843,0,0,0,0,431,536,1.230,1.120,0.720,0,0,0,0,0,10,2,1,9,0
19-05 17:26:36,0.250,4.751,93.761,0.250,0,883388,1678820,165512,5083192,9298.103,1080.128,0,89038.564,0,665.079,1496,1329,1.230,1.120,0.720,0,0,0,0,0,10,2,1,9,0
19-05 17:26:37,0.748,0,98.738,0,0,883388,1678820,165512,5083192,10681.634,1077.140,0,0,0,0,456,547,1.130,1.100,0.720,0,0,0,0,0,10,2,1,9,0
19-05 17:26:38,0.251,0.501,98.757,0,0,883388,1678820,165512,5083192,5136.370,1082.819,0,4.010,0,1.003,435,568,1.130,1.100,0.720,0,0,0,0,0,10,2,1,9,0
19-05 17:26:39,0.500,0.750,98.517,0.250,0,883384,1678820,165516,5083192,8856.536,1122.195,0,1272.221,0,3.001,489,560,1.130,1.100,0.720,0,0,0,0,0,10,2,1,9,0
19-05 17:26:40,0.500,0,98.986,0,0,883384,1678820,165516,5083192,7947.881,971.863,0,0,0,0,427,547,1.130,1.100,0.720,0,0,0,0,0,10,2,1,9,0
19-05 17:26:41,0.500,0,98.751,0,0,883384,1678820,165516,5083192,9806.099,1080.011,0,52.001,0,2.000,456,543,1.130,1.100,0.720,0,0,0,0,0,10,2,1,9,0
19-05 17:26:42,0.250,0.250,98.750,0,0,883384,1678820,165516,5083192,9332.026,1080.003,0,0,0,0,460,537,1.040,1.090,0.720,0,0,0,0,0,10,2,1,9,0
19-05 17:26:43,0.500,0.250,98.766,0,0,883400,1678804,165516,5083192,20765.359,836.135,0,0,0,0,530,624,1.040,1.090,0.720,2,0,2.000,0,0,10,2,1,6,0
19-05 17:26:44,15.750,4.000,79.501,0,0,876588,1685692,165516,5083180,274624.369,9592.083,0,48.000,0,3.000,2426,1463,1.040,1.090,0.720,2,0,24.000,0,0,10,2,0,6,0
19-05 17:26:45,16.234,3.746,76.425,2.997,0,881080,1681084,165520,5083292,294354.679,10513.630,107.894,0,4.995,0,2310,1370,1.040,1.090,0.720,1,0,15.984,0,0,10,2,0,6,0
19-05 17:26:46,13.763,9.509,76.570,0,0,879040,1682964,165520,5083452,151774.560,5637.146,0,100.091,0,4.004,2815,1548,1.040,1.090,0.720,1,0,36.033,0,0,10,2,0,6,0
