Jan 19 12:43:36 ubuntu devstack@keystone.service[61679]: ERROR keystone.server.flask.application     rv = self.dispatch_request()
Jan 19 12:43:36 ubuntu devstack@keystone.service[61679]: ERROR keystone.server.flask.application          ^^^^^^^^^^^^^^^^^^^^^^^
Jan 19 12:43:36 ubuntu devstack@keystone.service[61679]: ERROR keystone.server.flask.application   File "/opt/stack/data/venv/lib/python3.12/site-packages/flask/app.py", line 902, in dispatch_request
Jan 19 12:43:36 ubuntu devstack@keystone.service[61679]: ERROR keystone.server.flask.application     return self.ensure_sync(self.view_functions[rule.endpoint])(**view_args)  # type: ignore[no-any-return]
Jan 19 12:43:36 ubuntu devstack@keystone.service[61679]: ERROR keystone.server.flask.application            ^^^^^^^^^^^^^^^^^^^^^^^^^^^^^^^^^^^^^^^^^^^^^^^^^^^^^^^^^^^^^^^^^
Jan 19 12:43:36 ubuntu devstack@keystone.service[61679]: ERROR keystone.server.flask.application   File "/opt/stack/data/venv/lib/python3.12/site-packages/flask_restful/__init__.py", line 489, in wrapper
Jan 19 12:43:36 ubuntu devstack@keystone.service[61679]: ERROR keystone.server.flask.application     resp = resource(*args, **kwargs)
Jan 19 12:43:36 ubuntu devstack@keystone.service[61679]: ERROR keystone.server.flask.application            ^^^^^^^^^^^^^^^^^^^^^^^^^
Jan 19 12:43:36 ubuntu devstack@keystone.service[61679]: ERROR keystone.server.flask.application   File "/opt/stack/data/venv/lib/python3.12/site-packages/flask/views.py", line 110, in view
Jan 19 12:43:36 ubuntu devstack@keystone.service[61679]: ERROR keystone.server.flask.application     return current_app.ensure_sync(self.dispatch_request)(**kwargs)  # type: ignore[no-any-return]
Jan 19 12:43:36 ubuntu devstack@keystone.service[61679]: ERROR keystone.server.flask.application            ^^^^^^^^^^^^^^^^^^^^^^^^^^^^^^^^^^^^^^^^^^^^^^^^^^^^^^^^
Jan 19 12:43:36 ubuntu devstack@keystone.service[61679]: ERROR keystone.server.flask.application   File "/opt/stack/data/venv/lib/python3.12/site-packages/flask_restful/__init__.py", line 604, in dispatch_request
Jan 19 12:43:36 ubuntu devstack@keystone.service[61679]: ERROR keystone.server.flask.application     resp = meth(*args, **kwargs)
Jan 19 12:43:36 ubuntu devstack@keystone.service[61679]: ERROR keystone.server.flask.application            ^^^^^^^^^^^^^^^^^^^^^
Jan 19 12:43:36 ubuntu devstack@keystone.service[61679]: ERROR keystone.server.flask.application   File "/opt/stack/keystone/keystone/api/validation/__init__.py", line 86, in wrapper
Jan 19 12:43:36 ubuntu devstack@keystone.service[61679]: ERROR keystone.server.flask.application     return func(*args, **kwargs)
Jan 19 12:43:36 ubuntu devstack@keystone.service[61679]: ERROR keystone.server.flask.application            ^^^^^^^^^^^^^^^^^^^^^
Jan 19 12:43:36 ubuntu devstack@keystone.service[61679]: ERROR keystone.server.flask.application   File "/opt/stack/keystone/keystone/api/validation/__init__.py", line 145, in wrapper
Jan 19 12:43:36 ubuntu devstack@keystone.service[61679]: ERROR keystone.server.flask.application     response = func(*args, **kwargs)
Jan 19 12:43:36 ubuntu devstack@keystone.service[61679]: ERROR keystone.server.flask.application                ^^^^^^^^^^^^^^^^^^^^^
Jan 19 12:43:36 ubuntu devstack@keystone.service[61679]: ERROR keystone.server.flask.application   File "/opt/stack/keystone/keystone/api/roles.py", line 91, in post
Jan 19 12:43:36 ubuntu devstack@keystone.service[61679]: ERROR keystone.server.flask.application     ref = PROVIDERS.role_api.create_role(
Jan 19 12:43:36 ubuntu devstack@keystone.service[61679]: ERROR keystone.server.flask.application           ^^^^^^^^^^^^^^^^^^^^^^^^^^^^^^^
Jan 19 12:43:36 ubuntu devstack@keystone.service[61679]: ERROR keystone.server.flask.application   File "/opt/stack/keystone/keystone/common/manager.py", line 114, in wrapped
Jan 19 12:43:36 ubuntu devstack@keystone.service[61679]: ERROR keystone.server.flask.application     __ret_val = __f(*args, **kwargs)
Jan 19 12:43:36 ubuntu devstack@keystone.service[61679]: ERROR keystone.server.flask.application                 ^^^^^^^^^^^^^^^^^^^^
Jan 19 12:43:36 ubuntu devstack@keystone.service[61679]: ERROR keystone.server.flask.application   File "/opt/stack/keystone/keystone/assignment/core.py", line 1526, in create_role
Jan 19 12:43:36 ubuntu devstack@keystone.service[61679]: ERROR keystone.server.flask.application     ret = self.driver.create_role(role_id, role)
Jan 19 12:43:36 ubuntu devstack@keystone.service[61679]: ERROR keystone.server.flask.application           ^^^^^^^^^^^^^^^^^^^^^^^^^^^^^^^^^^^^^^
Jan 19 12:43:36 ubuntu devstack@keystone.service[61679]: ERROR keystone.server.flask.application   File "/opt/stack/keystone/keystone/common/sql/core.py", line 614, in wrapper
Jan 19 12:43:36 ubuntu devstack@keystone.service[61679]: ERROR keystone.server.flask.application     raise exception.Conflict(type=conflict_type, details=msg)
Jan 19 12:43:36 ubuntu devstack@keystone.service[61679]: ERROR keystone.server.flask.application keystone.exception.Conflict: Conflict occurred attempting to store role - Duplicate entry found with name service.
Jan 19 12:43:36 ubuntu devstack@keystone.service[61679]: ERROR keystone.server.flask.application 
Jan 19 12:43:36 ubuntu devstack@keystone.service[61679]: [pid: 61679|app: 0|req: 17/34] 10.120.125.138 () {62 vars in 1203 bytes} [Mon Jan 19 12:43:36 2026] POST /identity/v3/roles => generated 140 bytes in 73 msecs (HTTP/1.1 409) 5 headers in 183 bytes (1 switches on core 0)
Jan 19 12:43:36 ubuntu devstack@keystone.service[61679]: DEBUG keystone.server.flask.request_processing.middleware.auth_context [None req-4bb13703-f347-46d7-90eb-94166e3de5ba None admin] Authenticating user token {{(pid=61679) process_request /opt/stack/data/venv/lib/python3.12/site-packages/keystonemiddleware/auth_token/__init__.py:407}}
Jan 19 12:43:36 ubuntu devstack@keystone.service[61678]: DEBUG keystone.server.flask.request_processing.middleware.auth_context [None req-8da00bfd-5417-49ad-9c00-df508caed132 None admin] Validating token access rules against request {{(pid=61678) validate_allowed_request /opt/stack/data/venv/lib/python3.12/site-packages/keystonemiddleware/auth_token/__init__.py:545}}
Jan 19 12:43:36 ubuntu devstack@keystone.service[61678]: DEBUG keystone.server.flask.request_processing.middleware.auth_context [None req-51634789-6f84-4343-8a22-182830ef8b7a None admin] RBAC: auth_context: {'token': <TokenModel (audit_id=CjxEhldXTAWHlH2Dy9j8Ig, audit_chain_id=['CjxEhldXTAWHlH2Dy9j8Ig']) at 0x71d2423ae780>, 'domain_id': None, 'trust_id': None, 'trustor_id': None, 'trustee_id': None, 'domain_name': None, 'group_ids': [], 'user_id': 'c0ded3b442c74270895f3d32641663de', 'user_domain_id': 'default', 'system_scope': 'all', 'project_id': None, 'project_domain_id': None, 'roles': ['admin', 'manager', 'member', 'reader'], 'is_admin_project': True, 'service_user_id': None, 'service_user_domain_id': None, 'service_project_id': None, 'service_project_domain_id': None, 'service_roles': []} {{(pid=61678) fill_context /opt/stack/keystone/keystone/server/flask/request_processing/middleware/auth_context.py:509}}
Jan 19 12:43:36 ubuntu devstack@keystone.service[61678]: DEBUG keystone.server.flask.request_processing.req_logging [None req-51634789-6f84-4343-8a22-182830ef8b7a None admin] REQUEST_METHOD: `GET` {{(pid=61678) log_request_info /opt/stack/keystone/keystone/server/flask/request_processing/req_logging.py:26}}
Jan 19 12:43:36 ubuntu devstack@keystone.service[61678]: DEBUG keystone.server.flask.request_processing.req_logging [None req-51634789-6f84-4343-8a22-182830ef8b7a None admin] SCRIPT_NAME: `/identity` {{(pid=61678) log_request_info /opt/stack/keystone/keystone/server/flask/request_processing/req_logging.py:27}}
Jan 19 12:43:36 ubuntu devstack@keystone.service[61678]: DEBUG keystone.server.flask.request_processing.req_logging [None req-51634789-6f84-4343-8a22-182830ef8b7a None admin] PATH_INFO: `/v3/roles/admin` {{(pid=61678) log_request_info /opt/stack/keystone/keystone/server/flask/request_processing/req_logging.py:28}}
Jan 19 12:43:36 ubuntu devstack@keystone.service[61679]: DEBUG keystone.server.flask.request_processing.middleware.auth_context [None req-4bb13703-f347-46d7-90eb-94166e3de5ba None admin] Validating token access rules against request {{(pid=61679) validate_allowed_request /opt/stack/data/venv/lib/python3.12/site-packages/keystonemiddleware/auth_token/__init__.py:545}}
Jan 19 12:43:36 ubuntu devstack@keystone.service[61678]: DEBUG keystone.common.rbac_enforcer.enforcer [None req-51634789-6f84-4343-8a22-182830ef8b7a None admin] Extracting inferred target data resulted in "NOT FOUND (404)". {{(pid=61678) enforce_call /opt/stack/keystone/keystone/common/rbac_enforcer/enforcer.py:445}}
Jan 19 12:43:36 ubuntu devstack@keystone.service[61678]: DEBUG keystone.server.flask.application [None req-51634789-6f84-4343-8a22-182830ef8b7a None admin] Could not find role: admin. {{(pid=61678) _handle_keystone_exception /opt/stack/keystone/keystone/server/flask/application.py:146}}
Jan 19 12:43:36 ubuntu devstack@keystone.service[61678]: [pid: 61678|app: 0|req: 18/35] 10.120.125.138 () {58 vars in 1168 bytes} [Mon Jan 19 12:43:36 2026] GET /identity/v3/roles/admin => generated 83 bytes in 73 msecs (HTTP/1.1 404) 5 headers in 183 bytes (1 switches on core 0)
Jan 19 12:43:36 ubuntu devstack@keystone.service[61678]: DEBUG keystone.server.flask.request_processing.middleware.auth_context [None req-51634789-6f84-4343-8a22-182830ef8b7a None admin] Authenticating user token {{(pid=61678) process_request /opt/stack/data/venv/lib/python3.12/site-packages/keystonemiddleware/auth_token/__init__.py:407}}
Jan 19 12:43:36 ubuntu devstack@keystone.service[61679]: DEBUG keystone.server.flask.request_processing.middleware.auth_context [None req-58140c22-3b0e-4bf0-beaa-f1239dbdc017 None admin] RBAC: auth_context: {'token': <TokenModel (audit_id=CuqOGCSBTdirI5lOJ48Gaw, audit_chain_id=['CuqOGCSBTdirI5lOJ48Gaw']) at 0x71d242415670>, 'domain_id': None, 'trust_id': None, 'trustor_id': None, 'trustee_id': None, 'domain_name': None, 'group_ids': [], 'user_id': 'c0ded3b442c74270895f3d32641663de', 'user_domain_id': 'default', 'system_scope': 'all', 'project_id': None, 'project_domain_id': None, 'roles': ['admin', 'manager', 'member', 'reader'], 'is_admin_project': True, 'service_user_id': None, 'service_user_domain_id': None, 'service_project_id': None, 'service_project_domain_id': None, 'service_roles': []} {{(pid=61679) fill_context /opt/stack/keystone/keystone/server/flask/request_processing/middleware/auth_context.py:509}}
Jan 19 12:43:36 ubuntu devstack@keystone.service[61679]: DEBUG keystone.server.flask.request_processing.req_logging [None req-58140c22-3b0e-4bf0-beaa-f1239dbdc017 None admin] REQUEST_METHOD: `GET` {{(pid=61679) log_request_info /opt/stack/keystone/keystone/server/flask/request_processing/req_logging.py:26}}
Jan 19 12:43:36 ubuntu devstack@keystone.service[61679]: DEBUG keystone.server.flask.request_processing.req_logging [None req-58140c22-3b0e-4bf0-beaa-f1239dbdc017 None admin] SCRIPT_NAME: `/identity` {{(pid=61679) log_request_info /opt/stack/keystone/keystone/server/flask/request_processing/req_logging.py:27}}
Jan 19 12:43:36 ubuntu devstack@keystone.service[61679]: DEBUG keystone.server.flask.request_processing.req_logging [None req-58140c22-3b0e-4bf0-beaa-f1239dbdc017 None admin] PATH_INFO: `/v3/domains` {{(pid=61679) log_request_info /opt/stack/keystone/keystone/server/flask/request_processing/req_logging.py:28}}
Jan 19 12:43:36 ubuntu devstack@keystone.service[61679]: DEBUG keystone.common.rbac_enforcer.enforcer [None req-58140c22-3b0e-4bf0-beaa-f1239dbdc017 None admin] RBAC: Adding query filter params (name=Default) {{(pid=61679) _extract_filter_values /opt/stack/keystone/keystone/common/rbac_enforcer/enforcer.py:176}}
Jan 19 12:43:36 ubuntu devstack@keystone.service[61679]: DEBUG keystone.common.rbac_enforcer.enforcer [None req-58140c22-3b0e-4bf0-beaa-f1239dbdc017 None admin] RBAC: Authorizing `identity:list_domains()` {{(pid=61679) enforce_call /opt/stack/keystone/keystone/common/rbac_enforcer/enforcer.py:494}}
Jan 19 12:43:36 ubuntu devstack@keystone.service[61679]: DEBUG keystone.common.rbac_enforcer.enforcer [None req-58140c22-3b0e-4bf0-beaa-f1239dbdc017 None admin] RBAC: Authorization granted {{(pid=61679) enforce_call /opt/stack/keystone/keystone/common/rbac_enforcer/enforcer.py:505}}
Jan 19 12:43:36 ubuntu devstack@keystone.service[61679]: [pid: 61679|app: 0|req: 18/36] 10.120.125.138 () {58 vars in 1138 bytes} [Mon Jan 19 12:43:36 2026] GET /identity/v3/domains?name=Default => generated 312 bytes in 62 msecs (HTTP/1.1 200) 5 headers in 177 bytes (1 switches on core 0)
Jan 19 12:43:36 ubuntu devstack@keystone.service[61679]: DEBUG keystone.server.flask.request_processing.middleware.auth_context [None req-58140c22-3b0e-4bf0-beaa-f1239dbdc017 None admin] Authenticating user token {{(pid=61679) process_request /opt/stack/data/venv/lib/python3.12/site-packages/keystonemiddleware/auth_token/__init__.py:407}}
Jan 19 12:43:36 ubuntu devstack@keystone.service[61678]: DEBUG keystone.server.flask.request_processing.middleware.auth_context [None req-51634789-6f84-4343-8a22-182830ef8b7a None admin] Validating token access rules against request {{(pid=61678) validate_allowed_request /opt/stack/data/venv/lib/python3.12/site-packages/keystonemiddleware/auth_token/__init__.py:545}}
Jan 19 12:43:36 ubuntu devstack@keystone.service[61678]: DEBUG keystone.server.flask.request_processing.middleware.auth_context [None req-312b700d-526f-48b6-9de7-a73060e06be4 None admin] RBAC: auth_context: {'token': <TokenModel (audit_id=OG2yZCdYSneHAxOyGPV5sA, audit_chain_id=['OG2yZCdYSneHAxOyGPV5sA']) at 0x71d2423af380>, 'domain_id': None, 'trust_id': None, 'trustor_id': None, 'trustee_id': None, 'domain_name': None, 'group_ids': [], 'user_id': 'c0ded3b442c74270895f3d32641663de', 'user_domain_id': 'default', 'system_scope': 'all', 'project_id': None, 'project_domain_id': None, 'roles': ['admin', 'manager', 'member', 'reader'], 'is_admin_project': True, 'service_user_id': None, 'service_user_domain_id': None, 'service_project_id': None, 'service_project_domain_id': None, 'service_roles': []} {{(pid=61678) fill_context /opt/stack/keystone/keystone/server/flask/request_processing/middleware/auth_context.py:509}}
Jan 19 12:43:36 ubuntu devstack@keystone.service[61678]: DEBUG keystone.server.flask.request_processing.req_logging [None req-312b700d-526f-48b6-9de7-a73060e06be4 None admin] REQUEST_METHOD: `GET` {{(pid=61678) log_request_info /opt/stack/keystone/keystone/server/flask/request_processing/req_logging.py:26}}
Jan 19 12:43:36 ubuntu devstack@keystone.service[61678]: DEBUG keystone.server.flask.request_processing.req_logging [None req-312b700d-526f-48b6-9de7-a73060e06be4 None admin] SCRIPT_NAME: `/identity` {{(pid=61678) log_request_info /opt/stack/keystone/keystone/server/flask/request_processing/req_logging.py:27}}
Jan 19 12:43:36 ubuntu devstack@keystone.service[61678]: DEBUG keystone.server.flask.request_processing.req_logging [None req-312b700d-526f-48b6-9de7-a73060e06be4 None admin] PATH_INFO: `/v3/roles/service` {{(pid=61678) log_request_info /opt/stack/keystone/keystone/server/flask/request_processing/req_logging.py:28}}
Jan 19 12:43:36 ubuntu devstack@keystone.service[61678]: DEBUG keystone.common.rbac_enforcer.enforcer [None req-312b700d-526f-48b6-9de7-a73060e06be4 None admin] Extracting inferred target data resulted in "NOT FOUND (404)". {{(pid=61678) enforce_call /opt/stack/keystone/keystone/common/rbac_enforcer/enforcer.py:445}}
Jan 19 12:43:36 ubuntu devstack@keystone.service[61678]: DEBUG keystone.server.flask.application [None req-312b700d-526f-48b6-9de7-a73060e06be4 None admin] Could not find role: service. {{(pid=61678) _handle_keystone_exception /opt/stack/keystone/keystone/server/flask/application.py:146}}
Jan 19 12:43:36 ubuntu devstack@keystone.service[61678]: [pid: 61678|app: 0|req: 19/37] 10.120.125.138 () {58 vars in 1174 bytes} [Mon Jan 19 12:43:36 2026] GET /identity/v3/roles/service => generated 85 bytes in 60 msecs (HTTP/1.1 404) 5 headers in 183 bytes (1 switches on core 0)
Jan 19 12:43:36 ubuntu devstack@keystone.service[61678]: DEBUG keystone.server.flask.request_processing.req_logging [None req-75d00e79-b747-4ee5-8804-63ba5862a31d None None] REQUEST_METHOD: `POST` {{(pid=61678) log_request_info /opt/stack/keystone/keystone/server/flask/request_processing/req_logging.py:26}}
Jan 19 12:43:36 ubuntu devstack@keystone.service[61678]: DEBUG keystone.server.flask.request_processing.req_logging [None req-75d00e79-b747-4ee5-8804-63ba5862a31d None None] SCRIPT_NAME: `/identity` {{(pid=61678) log_request_info /opt/stack/keystone/keystone/server/flask/request_processing/req_logging.py:27}}
Jan 19 12:43:36 ubuntu devstack@keystone.service[61678]: DEBUG keystone.server.flask.request_processing.req_logging [None req-75d00e79-b747-4ee5-8804-63ba5862a31d None None] PATH_INFO: `/v3/auth/tokens` {{(pid=61678) log_request_info /opt/stack/keystone/keystone/server/flask/request_processing/req_logging.py:28}}
Jan 19 12:43:36 ubuntu devstack@keystone.service[61679]: DEBUG keystone.server.flask.request_processing.middleware.auth_context [None req-58140c22-3b0e-4bf0-beaa-f1239dbdc017 None admin] Validating token access rules against request {{(pid=61679) validate_allowed_request /opt/stack/data/venv/lib/python3.12/site-packages/keystonemiddleware/auth_token/__init__.py:545}}
Jan 19 12:43:36 ubuntu devstack@keystone.service[61678]: WARNING keystone.common.password_hashing [None req-75d00e79-b747-4ee5-8804-63ba5862a31d None None] Truncating password to algorithm specific maximum length 72 characters.
Jan 19 12:43:36 ubuntu devstack@keystone.service[61678]: DEBUG keystone.auth.core [None req-75d00e79-b747-4ee5-8804-63ba5862a31d None None] MFA Rules not processed for user `c0ded3b442c74270895f3d32641663de`. Rule list: `[]` (Enabled: `True`). {{(pid=61678) check_auth_methods_against_rules /opt/stack/keystone/keystone/auth/core.py:476}}
Jan 19 12:43:36 ubuntu devstack@keystone.service[61678]: DEBUG keystone.common.fernet_utils [None req-75d00e79-b747-4ee5-8804-63ba5862a31d None None] Loaded 2 Fernet keys from /etc/keystone/fernet-keys/, but `[fernet_tokens] max_active_keys = 3`; perhaps there have not been enough key rotations to reach `max_active_keys` yet? {{(pid=61678) load_keys /opt/stack/keystone/keystone/common/fernet_utils.py:297}}
Jan 19 12:43:36 ubuntu devstack@keystone.service[61679]: DEBUG keystone.server.flask.request_processing.middleware.auth_context [None req-396a9b60-c1e5-4b8f-a668-b57efe752976 None admin] RBAC: auth_context: {'token': <TokenModel (audit_id=LtkJ53XmRHmETusi-4lWSg, audit_chain_id=['LtkJ53XmRHmETusi-4lWSg']) at 0x71d2423be000>, 'domain_id': None, 'trust_id': None, 'trustor_id': None, 'trustee_id': None, 'domain_name': None, 'group_ids': [], 'user_id': 'c0ded3b442c74270895f3d32641663de', 'user_domain_id': 'default', 'system_scope': 'all', 'project_id': None, 'project_domain_id': None, 'roles': ['admin', 'manager', 'member', 'reader'], 'is_admin_project': True, 'service_user_id': None, 'service_user_domain_id': None, 'service_project_id': None, 'service_project_domain_id': None, 'service_roles': []} {{(pid=61679) fill_context /opt/stack/keystone/keystone/server/flask/request_processing/middleware/auth_context.py:509}}
Jan 19 12:43:36 ubuntu devstack@keystone.service[61679]: DEBUG keystone.server.flask.request_processing.req_logging [None req-396a9b60-c1e5-4b8f-a668-b57efe752976 None admin] REQUEST_METHOD: `POST` {{(pid=61679) log_request_info /opt/stack/keystone/keystone/server/flask/request_processing/req_logging.py:26}}
Jan 19 12:43:36 ubuntu devstack@keystone.service[61679]: DEBUG keystone.server.flask.request_processing.req_logging [None req-396a9b60-c1e5-4b8f-a668-b57efe752976 None admin] SCRIPT_NAME: `/identity` {{(pid=61679) log_request_info /opt/stack/keystone/keystone/server/flask/request_processing/req_logging.py:27}}
Jan 19 12:43:36 ubuntu devstack@keystone.service[61679]: DEBUG keystone.server.flask.request_processing.req_logging [None req-396a9b60-c1e5-4b8f-a668-b57efe752976 None admin] PATH_INFO: `/v3/roles` {{(pid=61679) log_request_info /opt/stack/keystone/keystone/server/flask/request_processing/req_logging.py:28}}
Jan 19 12:43:36 ubuntu devstack@keystone.service[61679]: DEBUG keystone.common.rbac_enforcer.enforcer [None req-396a9b60-c1e5-4b8f-a668-b57efe752976 None admin] RBAC: Authorizing `identity:create_role()` {{(pid=61679) enforce_call /opt/stack/keystone/keystone/common/rbac_enforcer/enforcer.py:494}}
Jan 19 12:43:36 ubuntu devstack@keystone.service[61679]: DEBUG keystone.common.rbac_enforcer.enforcer [None req-396a9b60-c1e5-4b8f-a668-b57efe752976 None admin] RBAC: Authorization granted {{(pid=61679) enforce_call /opt/stack/keystone/keystone/common/rbac_enforcer/enforcer.py:505}}
Jan 19 12:43:36 ubuntu devstack@keystone.service[61678]: [pid: 61678|app: 0|req: 20/38] 10.120.125.138 () {60 vars in 1052 bytes} [Mon Jan 19 12:43:36 2026] POST /identity/v3/auth/tokens => generated 864 bytes in 48 msecs (HTTP/1.1 201) 6 headers in 363 bytes (1 switches on core 0)
Jan 19 12:43:36 ubuntu devstack@keystone.service[61678]: DEBUG keystone.server.flask.request_processing.middleware.auth_context [None req-75d00e79-b747-4ee5-8804-63ba5862a31d None None] Authenticating user token {{(pid=61678) process_request /opt/stack/data/venv/lib/python3.12/site-packages/keystonemiddleware/auth_token/__init__.py:407}}
Jan 19 12:43:36 ubuntu devstack@keystone.service[61678]: DEBUG keystone.server.flask.request_processing.middleware.auth_context [None req-75d00e79-b747-4ee5-8804-63ba5862a31d None None] Validating token access rules against request {{(pid=61678) validate_allowed_request /opt/stack/data/venv/lib/python3.12/site-packages/keystonemiddleware/auth_token/__init__.py:545}}
Jan 19 12:43:36 ubuntu devstack@keystone.service[61678]: DEBUG keystone.server.flask.request_processing.middleware.auth_context [None req-11341689-64b8-4aea-9851-8c35686132de None admin] RBAC: auth_context: {'token': <TokenModel (audit_id=CjxEhldXTAWHlH2Dy9j8Ig, audit_chain_id=['CjxEhldXTAWHlH2Dy9j8Ig']) at 0x71d2423afe90>, 'domain_id': None, 'trust_id': None, 'trustor_id': None, 'trustee_id': None, 'domain_name': None, 'group_ids': [], 'user_id': 'c0ded3b442c74270895f3d32641663de', 'user_domain_id': 'default', 'system_scope': 'all', 'project_id': None, 'project_domain_id': None, 'roles': ['admin', 'manager', 'member', 'reader'], 'is_admin_project': True, 'service_user_id': None, 'service_user_domain_id': None, 'service_project_id': None, 'service_project_domain_id': None, 'service_roles': []} {{(pid=61678) fill_context /opt/stack/keystone/keystone/server/flask/request_processing/middleware/auth_context.py:509}}
Jan 19 12:43:36 ubuntu devstack@keystone.service[61678]: DEBUG keystone.server.flask.request_processing.req_logging [None req-11341689-64b8-4aea-9851-8c35686132de None admin] REQUEST_METHOD: `GET` {{(pid=61678) log_request_info /opt/stack/keystone/keystone/server/flask/request_processing/req_logging.py:26}}
Jan 19 12:43:36 ubuntu devstack@keystone.service[61678]: DEBUG keystone.server.flask.request_processing.req_logging [None req-11341689-64b8-4aea-9851-8c35686132de None admin] SCRIPT_NAME: `/identity` {{(pid=61678) log_request_info /opt/stack/keystone/keystone/server/flask/request_processing/req_logging.py:27}}
Jan 19 12:43:36 ubuntu devstack@keystone.service[61678]: DEBUG keystone.server.flask.request_processing.req_logging [None req-11341689-64b8-4aea-9851-8c35686132de None admin] PATH_INFO: `/v3/roles` {{(pid=61678) log_request_info /opt/stack/keystone/keystone/server/flask/request_processing/req_logging.py:28}}
Jan 19 12:43:36 ubuntu devstack@keystone.service[61678]: DEBUG keystone.common.rbac_enforcer.enforcer [None req-11341689-64b8-4aea-9851-8c35686132de None admin] RBAC: Adding query filter params (name=admin) {{(pid=61678) _extract_filter_values /opt/stack/keystone/keystone/common/rbac_enforcer/enforcer.py:176}}
Jan 19 12:43:36 ubuntu devstack@keystone.service[61678]: DEBUG keystone.common.rbac_enforcer.enforcer [None req-11341689-64b8-4aea-9851-8c35686132de None admin] RBAC: Authorizing `identity:list_roles()` {{(pid=61678) enforce_call /opt/stack/keystone/keystone/common/rbac_enforcer/enforcer.py:494}}
Jan 19 12:43:36 ubuntu devstack@keystone.service[61678]: DEBUG keystone.common.rbac_enforcer.enforcer [None req-11341689-64b8-4aea-9851-8c35686132de None admin] RBAC: Authorization granted {{(pid=61678) enforce_call /opt/stack/keystone/keystone/common/rbac_enforcer/enforcer.py:505}}
Jan 19 12:43:36 ubuntu devstack@keystone.service[61679]: [pid: 61679|app: 0|req: 19/39] 10.120.125.138 () {62 vars in 1203 bytes} [Mon Jan 19 12:43:36 2026] POST /identity/v3/roles => generated 227 bytes in 139 msecs (HTTP/1.1 201) 5 headers in 182 bytes (2 switches on core 0)
Jan 19 12:43:36 ubuntu devstack@keystone.service[61679]: DEBUG keystone.server.flask.request_processing.middleware.auth_context [None req-396a9b60-c1e5-4b8f-a668-b57efe752976 None admin] Authenticating user token {{(pid=61679) process_request /opt/stack/data/venv/lib/python3.12/site-packages/keystonemiddleware/auth_token/__init__.py:407}}
Jan 19 12:43:36 ubuntu devstack@keystone.service[61678]: [pid: 61678|app: 0|req: 21/40] 10.120.125.138 () {58 vars in 1184 bytes} [Mon Jan 19 12:43:36 2026] GET /identity/v3/roles?name=admin => generated 343 bytes in 59 msecs (HTTP/1.1 200) 5 headers in 177 bytes (1 switches on core 0)
Jan 19 12:43:36 ubuntu devstack@keystone.service[61678]: DEBUG keystone.server.flask.request_processing.middleware.auth_context [None req-11341689-64b8-4aea-9851-8c35686132de None admin] Authenticating user token {{(pid=61678) process_request /opt/stack/data/venv/lib/python3.12/site-packages/keystonemiddleware/auth_token/__init__.py:407}}
Jan 19 12:43:36 ubuntu devstack@keystone.service[61679]: DEBUG keystone.server.flask.request_processing.middleware.auth_context [None req-396a9b60-c1e5-4b8f-a668-b57efe752976 None admin] Validating token access rules against request {{(pid=61679) validate_allowed_request /opt/stack/data/venv/lib/python3.12/site-packages/keystonemiddleware/auth_token/__init__.py:545}}
Jan 19 12:43:36 ubuntu devstack@keystone.service[61678]: DEBUG keystone.server.flask.request_processing.middleware.auth_context [None req-11341689-64b8-4aea-9851-8c35686132de None admin] Validating token access rules against request {{(pid=61678) validate_allowed_request /opt/stack/data/venv/lib/python3.12/site-packages/keystonemiddleware/auth_token/__init__.py:545}}
Jan 19 12:43:36 ubuntu devstack@keystone.service[61679]: DEBUG keystone.server.flask.request_processing.middleware.auth_context [None req-dd6f2874-4e7b-412a-b8e7-5210db589e71 None admin] RBAC: auth_context: {'token': <TokenModel (audit_id=OG2yZCdYSneHAxOyGPV5sA, audit_chain_id=['OG2yZCdYSneHAxOyGPV5sA']) at 0x71d2421b3a70>, 'domain_id': None, 'trust_id': None, 'trustor_id': None, 'trustee_id': None, 'domain_name': None, 'group_ids': [], 'user_id': 'c0ded3b442c74270895f3d32641663de', 'user_domain_id': 'default', 'system_scope': 'all', 'project_id': None, 'project_domain_id': None, 'roles': ['admin', 'manager', 'member', 'reader'], 'is_admin_project': True, 'service_user_id': None, 'service_user_domain_id': None, 'service_project_id': None, 'service_project_domain_id': None, 'service_roles': []} {{(pid=61679) fill_context /opt/stack/keystone/keystone/server/flask/request_processing/middleware/auth_context.py:509}}
Jan 19 12:43:36 ubuntu devstack@keystone.service[61679]: DEBUG keystone.server.flask.request_processing.req_logging [None req-dd6f2874-4e7b-412a-b8e7-5210db589e71 None admin] REQUEST_METHOD: `GET` {{(pid=61679) log_request_info /opt/stack/keystone/keystone/server/flask/request_processing/req_logging.py:26}}
Jan 19 12:43:36 ubuntu devstack@keystone.service[61679]: DEBUG keystone.server.flask.request_processing.req_logging [None req-dd6f2874-4e7b-412a-b8e7-5210db589e71 None admin] SCRIPT_NAME: `/identity` {{(pid=61679) log_request_info /opt/stack/keystone/keystone/server/flask/request_processing/req_logging.py:27}}
Jan 19 12:43:36 ubuntu devstack@keystone.service[61679]: DEBUG keystone.server.flask.request_processing.req_logging [None req-dd6f2874-4e7b-412a-b8e7-5210db589e71 None admin] PATH_INFO: `/v3/roles` {{(pid=61679) log_request_info /opt/stack/keystone/keystone/server/flask/request_processing/req_logging.py:28}}
Jan 19 12:43:36 ubuntu devstack@keystone.service[61679]: DEBUG keystone.common.rbac_enforcer.enforcer [None req-dd6f2874-4e7b-412a-b8e7-5210db589e71 None admin] RBAC: Adding query filter params (name=service) {{(pid=61679) _extract_filter_values /opt/stack/keystone/keystone/common/rbac_enforcer/enforcer.py:176}}
Jan 19 12:43:36 ubuntu devstack@keystone.service[61679]: DEBUG keystone.common.rbac_enforcer.enforcer [None req-dd6f2874-4e7b-412a-b8e7-5210db589e71 None admin] RBAC: Authorizing `identity:list_roles()` {{(pid=61679) enforce_call /opt/stack/keystone/keystone/common/rbac_enforcer/enforcer.py:494}}
Jan 19 12:43:36 ubuntu devstack@keystone.service[61678]: DEBUG keystone.server.flask.request_processing.middleware.auth_context [None req-2319f082-5d5f-484a-92bc-50e50d859227 None admin] RBAC: auth_context: {'token': <TokenModel (audit_id=CuqOGCSBTdirI5lOJ48Gaw, audit_chain_id=['CuqOGCSBTdirI5lOJ48Gaw']) at 0x71d24303f410>, 'domain_id': None, 'trust_id': None, 'trustor_id': None, 'trustee_id': None, 'domain_name': None, 'group_ids': [], 'user_id': 'c0ded3b442c74270895f3d32641663de', 'user_domain_id': 'default', 'system_scope': 'all', 'project_id': None, 'project_domain_id': None, 'roles': ['admin', 'manager', 'member', 'reader'], 'is_admin_project': True, 'service_user_id': None, 'service_user_domain_id': None, 'service_project_id': None, 'service_project_domain_id': None, 'service_roles': []} {{(pid=61678) fill_context /opt/stack/keystone/keystone/server/flask/request_processing/middleware/auth_context.py:509}}
Jan 19 12:43:36 ubuntu devstack@keystone.service[61679]: DEBUG keystone.common.rbac_enforcer.enforcer [None req-dd6f2874-4e7b-412a-b8e7-5210db589e71 None admin] RBAC: Authorization granted {{(pid=61679) enforce_call /opt/stack/keystone/keystone/common/rbac_enforcer/enforcer.py:505}}
Jan 19 12:43:36 ubuntu devstack@keystone.service[61678]: DEBUG keystone.server.flask.request_processing.req_logging [None req-2319f082-5d5f-484a-92bc-50e50d859227 None admin] REQUEST_METHOD: `POST` {{(pid=61678) log_request_info /opt/stack/keystone/keystone/server/flask/request_processing/req_logging.py:26}}
Jan 19 12:43:36 ubuntu devstack@keystone.service[61678]: DEBUG keystone.server.flask.request_processing.req_logging [None req-2319f082-5d5f-484a-92bc-50e50d859227 None admin] SCRIPT_NAME: `/identity` {{(pid=61678) log_request_info /opt/stack/keystone/keystone/server/flask/request_processing/req_logging.py:27}}
Jan 19 12:43:36 ubuntu devstack@keystone.service[61678]: DEBUG keystone.server.flask.request_processing.req_logging [None req-2319f082-5d5f-484a-92bc-50e50d859227 None admin] PATH_INFO: `/v3/projects` {{(pid=61678) log_request_info /opt/stack/keystone/keystone/server/flask/request_processing/req_logging.py:28}}
Jan 19 12:43:36 ubuntu devstack@keystone.service[61678]: DEBUG keystone.common.rbac_enforcer.enforcer [None req-2319f082-5d5f-484a-92bc-50e50d859227 None admin] RBAC: Authorizing `identity:create_project()` {{(pid=61678) enforce_call /opt/stack/keystone/keystone/common/rbac_enforcer/enforcer.py:494}}
Jan 19 12:43:36 ubuntu devstack@keystone.service[61678]: DEBUG keystone.common.rbac_enforcer.enforcer [None req-2319f082-5d5f-484a-92bc-50e50d859227 None admin] RBAC: Authorization granted {{(pid=61678) enforce_call /opt/stack/keystone/keystone/common/rbac_enforcer/enforcer.py:505}}
Jan 19 12:43:36 ubuntu devstack@keystone.service[61679]: [pid: 61679|app: 0|req: 20/41] 10.120.125.138 () {58 vars in 1188 bytes} [Mon Jan 19 12:43:36 2026] GET /identity/v3/roles?name=service => generated 347 bytes in 70 msecs (HTTP/1.1 200) 5 headers in 177 bytes (1 switches on core 0)
Jan 19 12:43:36 ubuntu devstack@keystone.service[61679]: DEBUG keystone.server.flask.request_processing.middleware.auth_context [None req-dd6f2874-4e7b-412a-b8e7-5210db589e71 None admin] Authenticating user token {{(pid=61679) process_request /opt/stack/data/venv/lib/python3.12/site-packages/keystonemiddleware/auth_token/__init__.py:407}}
Jan 19 12:43:36 ubuntu devstack@keystone.service[61678]: [pid: 61678|app: 0|req: 22/42] 10.120.125.138 () {62 vars in 1170 bytes} [Mon Jan 19 12:43:36 2026] POST /identity/v3/projects => generated 303 bytes in 78 msecs (HTTP/1.1 201) 5 headers in 182 bytes (1 switches on core 0)
Jan 19 12:43:36 ubuntu devstack@keystone.service[61678]: DEBUG keystone.server.flask.request_processing.middleware.auth_context [None req-2319f082-5d5f-484a-92bc-50e50d859227 None admin] Authenticating user token {{(pid=61678) process_request /opt/stack/data/venv/lib/python3.12/site-packages/keystonemiddleware/auth_token/__init__.py:407}}
Jan 19 12:43:36 ubuntu devstack@keystone.service[61679]: DEBUG keystone.server.flask.request_processing.middleware.auth_context [None req-dd6f2874-4e7b-412a-b8e7-5210db589e71 None admin] Validating token access rules against request {{(pid=61679) validate_allowed_request /opt/stack/data/venv/lib/python3.12/site-packages/keystonemiddleware/auth_token/__init__.py:545}}
Jan 19 12:43:36 ubuntu devstack@keystone.service[61678]: DEBUG keystone.server.flask.request_processing.middleware.auth_context [None req-2319f082-5d5f-484a-92bc-50e50d859227 None admin] Validating token access rules against request {{(pid=61678) validate_allowed_request /opt/stack/data/venv/lib/python3.12/site-packages/keystonemiddleware/auth_token/__init__.py:545}}
Jan 19 12:43:36 ubuntu devstack@keystone.service[61679]: DEBUG keystone.server.flask.request_processing.middleware.auth_context [None req-f367985f-c235-40a0-8ab7-38437c39603a None admin] RBAC: auth_context: {'token': <TokenModel (audit_id=p6vcOzmPSmSZl5KNn_fduw, audit_chain_id=['p6vcOzmPSmSZl5KNn_fduw']) at 0x71d242417140>, 'domain_id': None, 'trust_id': None, 'trustor_id': None, 'trustee_id': None, 'domain_name': None, 'group_ids': [], 'user_id': 'c0ded3b442c74270895f3d32641663de', 'user_domain_id': 'default', 'system_scope': 'all', 'project_id': None, 'project_domain_id': None, 'roles': ['admin', 'manager', 'member', 'reader'], 'is_admin_project': True, 'service_user_id': None, 'service_user_domain_id': None, 'service_project_id': None, 'service_project_domain_id': None, 'service_roles': []} {{(pid=61679) fill_context /opt/stack/keystone/keystone/server/flask/request_processing/middleware/auth_context.py:509}}
Jan 19 12:43:36 ubuntu devstack@keystone.service[61679]: DEBUG keystone.server.flask.request_processing.req_logging [None req-f367985f-c235-40a0-8ab7-38437c39603a None admin] REQUEST_METHOD: `GET` {{(pid=61679) log_request_info /opt/stack/keystone/keystone/server/flask/request_processing/req_logging.py:26}}
Jan 19 12:43:36 ubuntu devstack@keystone.service[61679]: DEBUG keystone.server.flask.request_processing.req_logging [None req-f367985f-c235-40a0-8ab7-38437c39603a None admin] SCRIPT_NAME: `/identity` {{(pid=61679) log_request_info /opt/stack/keystone/keystone/server/flask/request_processing/req_logging.py:27}}
Jan 19 12:43:36 ubuntu devstack@keystone.service[61679]: DEBUG keystone.server.flask.request_processing.req_logging [None req-f367985f-c235-40a0-8ab7-38437c39603a None admin] PATH_INFO: `/v3/domains/default` {{(pid=61679) log_request_info /opt/stack/keystone/keystone/server/flask/request_processing/req_logging.py:28}}
Jan 19 12:43:36 ubuntu devstack@keystone.service[61679]: DEBUG keystone.common.rbac_enforcer.enforcer [None req-f367985f-c235-40a0-8ab7-38437c39603a None admin] RBAC: Authorizing `identity:get_domain(domain_id=default)` {{(pid=61679) enforce_call /opt/stack/keystone/keystone/common/rbac_enforcer/enforcer.py:494}}
Jan 19 12:43:36 ubuntu devstack@keystone.service[61679]: DEBUG keystone.common.rbac_enforcer.enforcer [None req-f367985f-c235-40a0-8ab7-38437c39603a None admin] RBAC: Authorization granted {{(pid=61679) enforce_call /opt/stack/keystone/keystone/common/rbac_enforcer/enforcer.py:505}}
Jan 19 12:43:36 ubuntu devstack@keystone.service[61679]: [pid: 61679|app: 0|req: 21/43] 10.120.125.138 () {58 vars in 1136 bytes} [Mon Jan 19 12:43:36 2026] GET /identity/v3/domains/default => generated 201 bytes in 63 msecs (HTTP/1.1 200) 5 headers in 177 bytes (1 switches on core 0)
Jan 19 12:43:36 ubuntu devstack@keystone.service[61678]: DEBUG keystone.server.flask.request_processing.middleware.auth_context [None req-23ac363a-581d-4551-b1a1-a54298a8dc53 None admin] RBAC: auth_context: {'token': <TokenModel (audit_id=CjxEhldXTAWHlH2Dy9j8Ig, audit_chain_id=['CjxEhldXTAWHlH2Dy9j8Ig']) at 0x71d2423acc50>, 'domain_id': None, 'trust_id': None, 'trustor_id': None, 'trustee_id': None, 'domain_name': None, 'group_ids': [], 'user_id': 'c0ded3b442c74270895f3d32641663de', 'user_domain_id': 'default', 'system_scope': 'all', 'project_id': None, 'project_domain_id': None, 'roles': ['admin', 'manager', 'member', 'reader'], 'is_admin_project': True, 'service_user_id': None, 'service_user_domain_id': None, 'service_project_id': None, 'service_project_domain_id': None, 'service_roles': []} {{(pid=61678) fill_context /opt/stack/keystone/keystone/server/flask/request_processing/middleware/auth_context.py:509}}
Jan 19 12:43:36 ubuntu devstack@keystone.service[61678]: DEBUG keystone.server.flask.request_processing.req_logging [None req-23ac363a-581d-4551-b1a1-a54298a8dc53 None admin] REQUEST_METHOD: `GET` {{(pid=61678) log_request_info /opt/stack/keystone/keystone/server/flask/request_processing/req_logging.py:26}}
Jan 19 12:43:36 ubuntu devstack@keystone.service[61678]: DEBUG keystone.server.flask.request_processing.req_logging [None req-23ac363a-581d-4551-b1a1-a54298a8dc53 None admin] SCRIPT_NAME: `/identity` {{(pid=61678) log_request_info /opt/stack/keystone/keystone/server/flask/request_processing/req_logging.py:27}}
Jan 19 12:43:36 ubuntu devstack@keystone.service[61678]: DEBUG keystone.server.flask.request_processing.req_logging [None req-23ac363a-581d-4551-b1a1-a54298a8dc53 None admin] PATH_INFO: `/v3/users/c0ded3b442c74270895f3d32641663de` {{(pid=61678) log_request_info /opt/stack/keystone/keystone/server/flask/request_processing/req_logging.py:28}}
Jan 19 12:43:36 ubuntu devstack@keystone.service[61678]: DEBUG keystone.common.rbac_enforcer.enforcer [None req-23ac363a-581d-4551-b1a1-a54298a8dc53 None admin] RBAC: Authorizing `identity:get_user(user_id=c0ded3b442c74270895f3d32641663de)` {{(pid=61678) enforce_call /opt/stack/keystone/keystone/common/rbac_enforcer/enforcer.py:494}}
Jan 19 12:43:36 ubuntu devstack@keystone.service[61678]: DEBUG keystone.common.rbac_enforcer.enforcer [None req-23ac363a-581d-4551-b1a1-a54298a8dc53 None admin] RBAC: Authorization granted {{(pid=61678) enforce_call /opt/stack/keystone/keystone/common/rbac_enforcer/enforcer.py:505}}
Jan 19 12:43:36 ubuntu devstack@keystone.service[61678]: [pid: 61678|app: 0|req: 23/44] 10.120.125.138 () {58 vars in 1248 bytes} [Mon Jan 19 12:43:36 2026] GET /identity/v3/users/c0ded3b442c74270895f3d32641663de => generated 249 bytes in 59 msecs (HTTP/1.1 200) 5 headers in 177 bytes (1 switches on core 0)
Jan 19 12:43:36 ubuntu devstack@keystone.service[61679]: DEBUG keystone.server.flask.request_processing.middleware.auth_context [None req-f367985f-c235-40a0-8ab7-38437c39603a None admin] Authenticating user token {{(pid=61679) process_request /opt/stack/data/venv/lib/python3.12/site-packages/keystonemiddleware/auth_token/__init__.py:407}}
Jan 19 12:43:37 ubuntu devstack@keystone.service[61679]: DEBUG keystone.server.flask.request_processing.middleware.auth_context [None req-f367985f-c235-40a0-8ab7-38437c39603a None admin] Validating token access rules against request {{(pid=61679) validate_allowed_request /opt/stack/data/venv/lib/python3.12/site-packages/keystonemiddleware/auth_token/__init__.py:545}}
Jan 19 12:43:37 ubuntu devstack@keystone.service[61679]: DEBUG keystone.server.flask.request_processing.middleware.auth_context [None req-acd0f245-2375-4cdc-ae73-bd25d847b88e None admin] RBAC: auth_context: {'token': <TokenModel (audit_id=CjxEhldXTAWHlH2Dy9j8Ig, audit_chain_id=['CjxEhldXTAWHlH2Dy9j8Ig']) at 0x71d24319c680>, 'domain_id': None, 'trust_id': None, 'trustor_id': None, 'trustee_id': None, 'domain_name': None, 'group_ids': [], 'user_id': 'c0ded3b442c74270895f3d32641663de', 'user_domain_id': 'default', 'system_scope': 'all', 'project_id': None, 'project_domain_id': None, 'roles': ['admin', 'manager', 'member', 'reader'], 'is_admin_project': True, 'service_user_id': None, 'service_user_domain_id': None, 'service_project_id': None, 'service_project_domain_id': None, 'service_roles': []} {{(pid=61679) fill_context /opt/stack/keystone/keystone/server/flask/request_processing/middleware/auth_context.py:509}}
Jan 19 12:43:37 ubuntu devstack@keystone.service[61679]: DEBUG keystone.server.flask.request_processing.req_logging [None req-acd0f245-2375-4cdc-ae73-bd25d847b88e None admin] REQUEST_METHOD: `GET` {{(pid=61679) log_request_info /opt/stack/keystone/keystone/server/flask/request_processing/req_logging.py:26}}
Jan 19 12:43:37 ubuntu devstack@keystone.service[61679]: DEBUG keystone.server.flask.request_processing.req_logging [None req-acd0f245-2375-4cdc-ae73-bd25d847b88e None admin] SCRIPT_NAME: `/identity` {{(pid=61679) log_request_info /opt/stack/keystone/keystone/server/flask/request_processing/req_logging.py:27}}
Jan 19 12:43:37 ubuntu devstack@keystone.service[61679]: DEBUG keystone.server.flask.request_processing.req_logging [None req-acd0f245-2375-4cdc-ae73-bd25d847b88e None admin] PATH_INFO: `/v3/domains/default` {{(pid=61679) log_request_info /opt/stack/keystone/keystone/server/flask/request_processing/req_logging.py:28}}
Jan 19 12:43:37 ubuntu devstack@keystone.service[61678]: DEBUG keystone.server.flask.request_processing.middleware.auth_context [None req-23ac363a-581d-4551-b1a1-a54298a8dc53 None admin] Authenticating user token {{(pid=61678) process_request /opt/stack/data/venv/lib/python3.12/site-packages/keystonemiddleware/auth_token/__init__.py:407}}
Jan 19 12:43:37 ubuntu devstack@keystone.service[61679]: DEBUG keystone.common.rbac_enforcer.enforcer [None req-acd0f245-2375-4cdc-ae73-bd25d847b88e None admin] RBAC: Authorizing `identity:get_domain(domain_id=default)` {{(pid=61679) enforce_call /opt/stack/keystone/keystone/common/rbac_enforcer/enforcer.py:494}}
Jan 19 12:43:37 ubuntu devstack@keystone.service[61679]: DEBUG keystone.common.rbac_enforcer.enforcer [None req-acd0f245-2375-4cdc-ae73-bd25d847b88e None admin] RBAC: Authorization granted {{(pid=61679) enforce_call /opt/stack/keystone/keystone/common/rbac_enforcer/enforcer.py:505}}
Jan 19 12:43:37 ubuntu devstack@keystone.service[61679]: [pid: 61679|app: 0|req: 22/45] 10.120.125.138 () {58 vars in 1179 bytes} [Mon Jan 19 12:43:36 2026] GET /identity/v3/domains/default => generated 201 bytes in 89 msecs (HTTP/1.1 200) 5 headers in 177 bytes (1 switches on core 0)
Jan 19 12:43:37 ubuntu devstack@keystone.service[61679]: DEBUG keystone.server.flask.request_processing.middleware.auth_context [None req-acd0f245-2375-4cdc-ae73-bd25d847b88e None admin] Authenticating user token {{(pid=61679) process_request /opt/stack/data/venv/lib/python3.12/site-packages/keystonemiddleware/auth_token/__init__.py:407}}
Jan 19 12:43:37 ubuntu devstack@keystone.service[61678]: DEBUG keystone.server.flask.request_processing.middleware.auth_context [None req-23ac363a-581d-4551-b1a1-a54298a8dc53 None admin] Validating token access rules against request {{(pid=61678) validate_allowed_request /opt/stack/data/venv/lib/python3.12/site-packages/keystonemiddleware/auth_token/__init__.py:545}}
Jan 19 12:43:37 ubuntu devstack@keystone.service[61678]: DEBUG keystone.server.flask.request_processing.middleware.auth_context [None req-cd3e6d0a-1230-4947-a09a-bb31a7e64763 None admin] RBAC: auth_context: {'token': <TokenModel (audit_id=p6vcOzmPSmSZl5KNn_fduw, audit_chain_id=['p6vcOzmPSmSZl5KNn_fduw']) at 0x71d242590da0>, 'domain_id': None, 'trust_id': None, 'trustor_id': None, 'trustee_id': None, 'domain_name': None, 'group_ids': [], 'user_id': 'c0ded3b442c74270895f3d32641663de', 'user_domain_id': 'default', 'system_scope': 'all', 'project_id': None, 'project_domain_id': None, 'roles': ['admin', 'manager', 'member', 'reader'], 'is_admin_project': True, 'service_user_id': None, 'service_user_domain_id': None, 'service_project_id': None, 'service_project_domain_id': None, 'service_roles': []} {{(pid=61678) fill_context /opt/stack/keystone/keystone/server/flask/request_processing/middleware/auth_context.py:509}}
Jan 19 12:43:37 ubuntu devstack@keystone.service[61678]: DEBUG keystone.server.flask.request_processing.req_logging [None req-cd3e6d0a-1230-4947-a09a-bb31a7e64763 None admin] REQUEST_METHOD: `POST` {{(pid=61678) log_request_info /opt/stack/keystone/keystone/server/flask/request_processing/req_logging.py:26}}
Jan 19 12:43:37 ubuntu devstack@keystone.service[61678]: DEBUG keystone.server.flask.request_processing.req_logging [None req-cd3e6d0a-1230-4947-a09a-bb31a7e64763 None admin] SCRIPT_NAME: `/identity` {{(pid=61678) log_request_info /opt/stack/keystone/keystone/server/flask/request_processing/req_logging.py:27}}
Jan 19 12:43:37 ubuntu devstack@keystone.service[61678]: DEBUG keystone.server.flask.request_processing.req_logging [None req-cd3e6d0a-1230-4947-a09a-bb31a7e64763 None admin] PATH_INFO: `/v3/projects` {{(pid=61678) log_request_info /opt/stack/keystone/keystone/server/flask/request_processing/req_logging.py:28}}
Jan 19 12:43:37 ubuntu devstack@keystone.service[61678]: DEBUG keystone.common.rbac_enforcer.enforcer [None req-cd3e6d0a-1230-4947-a09a-bb31a7e64763 None admin] RBAC: Authorizing `identity:create_project()` {{(pid=61678) enforce_call /opt/stack/keystone/keystone/common/rbac_enforcer/enforcer.py:494}}
Jan 19 12:43:37 ubuntu devstack@keystone.service[61678]: DEBUG keystone.common.rbac_enforcer.enforcer [None req-cd3e6d0a-1230-4947-a09a-bb31a7e64763 None admin] RBAC: Authorization granted {{(pid=61678) enforce_call /opt/stack/keystone/keystone/common/rbac_enforcer/enforcer.py:505}}
Jan 19 12:43:37 ubuntu devstack@keystone.service[61679]: DEBUG keystone.server.flask.request_processing.middleware.auth_context [None req-acd0f245-2375-4cdc-ae73-bd25d847b88e None admin] Validating token access rules against request {{(pid=61679) validate_allowed_request /opt/stack/data/venv/lib/python3.12/site-packages/keystonemiddleware/auth_token/__init__.py:545}}
Jan 19 12:43:37 ubuntu devstack@keystone.service[61678]: [pid: 61678|app: 0|req: 24/46] 10.120.125.138 () {62 vars in 1169 bytes} [Mon Jan 19 12:43:37 2026] POST /identity/v3/projects => generated 314 bytes in 130 msecs (HTTP/1.1 201) 5 headers in 182 bytes (2 switches on core 0)
Jan 19 12:43:37 ubuntu devstack@keystone.service[61679]: DEBUG keystone.server.flask.request_processing.middleware.auth_context [None req-a0d13f6c-8050-44b1-962b-975c16777eea None admin] RBAC: auth_context: {'token': <TokenModel (audit_id=CjxEhldXTAWHlH2Dy9j8Ig, audit_chain_id=['CjxEhldXTAWHlH2Dy9j8Ig']) at 0x71d242414c80>, 'domain_id': None, 'trust_id': None, 'trustor_id': None, 'trustee_id': None, 'domain_name': None, 'group_ids': [], 'user_id': 'c0ded3b442c74270895f3d32641663de', 'user_domain_id': 'default', 'system_scope': 'all', 'project_id': None, 'project_domain_id': None, 'roles': ['admin', 'manager', 'member', 'reader'], 'is_admin_project': True, 'service_user_id': None, 'service_user_domain_id': None, 'service_project_id': None, 'service_project_domain_id': None, 'service_roles': []} {{(pid=61679) fill_context /opt/stack/keystone/keystone/server/flask/request_processing/middleware/auth_context.py:509}}
Jan 19 12:43:37 ubuntu devstack@keystone.service[61679]: DEBUG keystone.server.flask.request_processing.req_logging [None req-a0d13f6c-8050-44b1-962b-975c16777eea None admin] REQUEST_METHOD: `GET` {{(pid=61679) log_request_info /opt/stack/keystone/keystone/server/flask/request_processing/req_logging.py:26}}
Jan 19 12:43:37 ubuntu devstack@keystone.service[61679]: DEBUG keystone.server.flask.request_processing.req_logging [None req-a0d13f6c-8050-44b1-962b-975c16777eea None admin] SCRIPT_NAME: `/identity` {{(pid=61679) log_request_info /opt/stack/keystone/keystone/server/flask/request_processing/req_logging.py:27}}
Jan 19 12:43:37 ubuntu devstack@keystone.service[61679]: DEBUG keystone.server.flask.request_processing.req_logging [None req-a0d13f6c-8050-44b1-962b-975c16777eea None admin] PATH_INFO: `/v3/role_assignments` {{(pid=61679) log_request_info /opt/stack/keystone/keystone/server/flask/request_processing/req_logging.py:28}}
Jan 19 12:43:37 ubuntu devstack@keystone.service[61679]: DEBUG keystone.common.rbac_enforcer.enforcer [None req-a0d13f6c-8050-44b1-962b-975c16777eea None admin] RBAC: Adding query filter params (role.id=49459513f1304092baec965561b17ab3, scope.domain.id=default, user.id=c0ded3b442c74270895f3d32641663de) {{(pid=61679) _extract_filter_values /opt/stack/keystone/keystone/common/rbac_enforcer/enforcer.py:176}}
Jan 19 12:43:37 ubuntu devstack@keystone.service[61679]: DEBUG keystone.common.rbac_enforcer.enforcer [None req-a0d13f6c-8050-44b1-962b-975c16777eea None admin] RBAC: Authorizing `identity:list_role_assignments()` {{(pid=61679) enforce_call /opt/stack/keystone/keystone/common/rbac_enforcer/enforcer.py:494}}
Jan 19 12:43:37 ubuntu devstack@keystone.service[61679]: DEBUG keystone.common.rbac_enforcer.enforcer [None req-a0d13f6c-8050-44b1-962b-975c16777eea None admin] RBAC: Authorization granted {{(pid=61679) enforce_call /opt/stack/keystone/keystone/common/rbac_enforcer/enforcer.py:505}}
