"pcp-dstat 6.2.0 CSV Output"
"Author:","PCP team <pcp@groups.io> and Dag Wieers <dag@wieers.com>",,,,"URL:","https://pcp.io/ and http://dag.wieers.com/home-made/dstat/"
"Host:","np0000094084",,,,"User:","ubuntu"
"Cmdline:","dstat -tcmndrylpg --tcp --output /tmp/devstack_logs/dstat-csv.log",,,,"Date:","27 Apr 2026 10:26:30 UTC"
"system","total usage",,,,,"memory usage",,,,"net/total",,"dsk/total",,"io/total",,"system",,"load avg",,,"procs",,,"paging",,"tcp sockets",,,,
"time","total usage:usr","total usage:sys","total usage:idl","total usage:wai","total usage:stl","used","free","buf","cach","net/total:recv","net/total:send","dsk/total:read","dsk/total:writ","read","writ","int","csw","1m","5m","15m","run","blk","new","in","out","lis","act","syn","tim","clo"
27-04 10:26:30,,1013212,1660508,161820,4988496,,,,,,,1.430,1.070,0.690,1,0,,,,10,5,0,17,0
27-04 10:26:31,12.229,19.716,66.636,0,0,1029760,1643836,161860,4988544,16679.459,4092.996,0,391.330,0,9.983,4706,2899,1.430,1.070,0.690,1,0,235.597,0,0,10,5,0,17,0
27-04 10:26:32,16.243,20.491,62.222,0.250,0,1033916,1639440,161932,4988672,33232.231,7165.815,0,611.728,0,21.990,4771,2859,1.430,1.070,0.690,1,1,216.904,0,0,10,5,0,17,1
27-04 10:26:33,15.459,20.446,61.588,0.499,0,1030612,1642376,162004,4988916,22299.295,7128.234,0,793.910,0,24.934,4548,2600,1.430,1.070,0.690,2,0,179.527,0,0,10,4,0,17,2
27-04 10:26:34,18.554,19.808,59.926,0.251,0,1034884,1637932,162040,4989360,17747.005,4728.857,0,549.611,0,18.053,4517,2613,1.430,1.070,0.690,3,0,161.473,0,0,10,4,0,17,2
27-04 10:26:35,22.737,13.742,62.216,0,0,1037448,1635244,162060,4989080,11014.910,3244.206,0,247.863,0,7.996,3935,3965,1.480,1.090,0.690,3,0,126.930,0,0,10,4,0,17,2
27-04 10:26:36,29.276,19.017,51.045,0,0,1058948,1613628,162092,4989536,11601.146,3975.477,0,356.312,0,13.011,4545,3092,1.480,1.090,0.690,1,0,159.139,0,0,10,4,0,11,2
27-04 10:26:37,22.996,13.748,61.490,0.250,0,1032680,1639836,162116,4989164,16043.305,3227.458,0,2259.620,0,134.977,4954,5644,1.480,1.090,0.690,1,0,109.982,0,0,10,4,0,11,2
27-04 10:26:38,24.733,16.488,56.210,0.749,0,1049252,1622272,162156,4990048,19235.463,4031.163,795.440,459.677,22.984,8.994,5881,6201,1.480,1.090,0.690,2,0,149.895,0,0,10,4,0,11,2
27-04 10:26:39,14.257,12.006,71.537,1.001,0,1039640,1631276,162184,4990356,12534.492,4051.098,216.112,9132.730,15.008,18.009,2401,1323,1.480,1.090,0.690,0,0,28.015,0,0,10,4,0,11,2
27-04 10:26:40,8.004,0.500,90.797,0.250,0,1018756,1651936,162248,4990468,42765.961,4986.561,0,584.300,0,21.011,960,689,1.440,1.090,0.700,2,0,0,0,0,10,4,0,11,2
27-04 10:26:41,2.498,0.250,96.180,0.250,0,1010872,1659760,162276,4990504,17234.480,3970.116,0,323.765,0,9.993,672,618,1.440,1.090,0.700,0,0,0,0,0,10,4,0,11,2
27-04 10:26:42,0.250,0.250,98.987,0,0,1007324,1663308,162276,4990504,13107.302,1619.790,0,7.999,0,1.000,510,556,1.440,1.090,0.700,0,0,0,0,0,10,4,0,11,2
27-04 10:26:43,0.500,0.500,99.010,0,0,1003580,1667052,162276,4990504,12775.314,1620.167,0,0,0,0,516,543,1.440,1.090,0.700,0,0,0,0,0,10,4,0,11,2
27-04 10:26:44,0.250,0.250,98.758,0,0,999404,1671212,162276,4990504,10784.841,1620.126,0,0,0,0,562,618,1.440,1.090,0.700,0,0,1.000,0,0,10,4,0,11,2
27-04 10:26:45,0.500,0.250,98.492,0,0,996664,1673952,162276,4990504,11743.105,1619.877,0,4.000,0,1.000,480,522,1.320,1.070,0.690,0,0,0,0,0,10,4,0,11,2
27-04 10:26:46,0.250,1.000,97.772,0,0,994324,1676288,162276,4990508,20643.729,1620.371,0,14707.369,0,76.017,780,727,1.320,1.070,0.690,0,0,0,0,0,10,4,0,11,2
27-04 10:26:47,0.250,0.250,98.736,0,0,993356,1677256,162276,4990508,44617.795,1619.775,0,3.999,0,1.000,522,550,1.320,1.070,0.690,0,0,0,0,0,10,4,0,11,2
27-04 10:26:48,0.500,0.500,99.006,0,0,993356,1677256,162276,4990508,12339.714,1620.094,0,0,0,0,490,539,1.320,1.070,0.690,0,0,0,0,0,10,4,0,10,2
27-04 10:26:49,1.250,0.500,97.025,0,0,995236,1675492,162276,4990408,29555.693,131562.242,0,0,0,0,814,591,1.320,1.070,0.690,0,0,0,0,0,10,4,0,10,2
27-04 10:26:50,5.748,0.750,93.216,0,0,995320,1675240,162312,4990528,14400.699,4030.516,0,271.900,0,8.997,756,585,1.300,1.070,0.690,1,0,0,0,0,10,4,0,10,2
27-04 10:26:51,11.247,2.249,85.477,0.250,0,1013500,1656916,162352,4990620,15443.804,4779.701,0,9997.283,0,56.985,1236,809,1.300,1.070,0.690,0,0,0,0,0,10,4,0,10,2
27-04 10:26:52,0.250,0.250,99.044,0,0,1013496,1656916,162352,4990624,14134.298,1620.722,0,2261.007,0,14.006,552,542,1.300,1.070,0.690,0,0,0,0,0,10,4,0,9,2
27-04 10:26:53,1.750,0,97.496,0,0,1013420,1656916,162360,4990656,15835.359,2434.901,0,571.977,0,5.000,570,576,1.300,1.070,0.690,0,0,0,0,0,10,4,0,9,2
27-04 10:26:54,6.749,0.750,91.484,0.250,0,1006676,1663544,162396,4990736,15653.305,4038.305,0,579.900,0,20.996,1135,1096,1.300,1.070,0.690,0,0,1.000,0,0,10,4,0,9,2
27-04 10:26:55,2.750,0.500,96.506,0.250,0,1003928,1666228,162428,4990768,20795.337,3323.214,0,196.013,0,6.000,689,574,1.190,1.050,0.690,0,0,0,0,0,10,4,0,9,2
27-04 10:26:56,19.234,2.748,76.438,0.500,0,1001156,1649736,162676,5008868,180444.071,7480.909,0,14935.838,0,95.922,1882,1114,1.190,1.050,0.690,3,0,0.999,0,0,10,4,0,9,2
27-04 10:26:57,22.778,3.254,72.340,0.751,0,1015076,1621404,163328,5020532,9811.149,1459.808,0,28238.967,0,616.764,2149,1412,1.190,1.050,0.690,1,0,0,0,0,10,4,0,9,2
27-04 10:26:58,22.995,1.750,73.734,0.250,0,1015080,1603928,163736,5035680,19656.805,1619.654,0,1631.652,0,32.993,1944,1219,1.190,1.050,0.690,1,0,0,0,0,10,4,0,9,2
27-04 10:26:59,21.993,2.749,73.976,1.749,0,1024624,1568608,164584,5058256,8555.256,1619.481,0,2923.063,0,132.957,2090,1723,1.190,1.050,0.690,0,1,0,0,0,10,4,0,9,2
27-04 10:27:00,22.506,1.751,73.521,1.000,0,1013532,1550924,165556,5083408,6371.821,1706.488,0,2120.606,0,71.020,1856,1354,1.180,1.050,0.690,1,0,0,0,0,10,4,0,9,2
27-04 10:27:01,19.253,1.500,77.511,0.750,0,1012864,1540404,166280,5092084,19132.655,3759.522,0,1840.255,0,63.009,1760,1246,1.180,1.050,0.690,1,0,0,0,0,10,5,0,9,2
27-04 10:27:02,22.501,3.500,73.754,0,0,1015088,1555644,166304,5075004,11655.572,2274.112,0,2064.101,0,7.000,1884,915,1.180,1.050,0.690,1,0,19.001,0,0,10,2,0,9,0
27-04 10:27:03,18.751,2.750,77.505,0,0,1037432,1530008,166320,5078280,16693.031,3730.230,0,376.023,0,4.000,1638,822,1.180,1.050,0.690,1,0,16.001,0,0,10,3,0,9,0
27-04 10:27:04,21.498,3.250,73.992,0,0,1010456,1553784,166400,5080732,17793.160,2328.759,0,835.914,0,5.999,2049,1141,1.180,1.050,0.690,1,0,19.998,0,0,10,3,0,9,0
27-04 10:27:05,19.243,4.748,74.974,0.250,0,1014168,1543244,166792,5085944,18160.663,4144.554,0,1215.576,0,18.993,4760,7213,1.160,1.050,0.690,2,0,11.996,0,0,10,2,0,9,0
27-04 10:27:06,22.003,5.001,71.760,0,0,1003624,1553132,166860,5086404,10410.408,1620.219,0,84.011,0,1.000,9288,16703,1.160,1.050,0.690,1,0,9.001,0,0,10,2,0,9,0
27-04 10:27:07,21.253,6.751,69.761,0,0,996280,1560212,166908,5086568,8628.386,1620.260,0,84.013,0,1.000,12178,22088,1.160,1.050,0.690,1,0,19.003,0,0,10,2,0,9,0
27-04 10:27:08,19.998,4.000,74.493,0.250,0,945904,1623432,166920,5075240,5897.408,1619.837,0,2767.722,0,215.978,1832,1007,1.160,1.050,0.690,0,0,4.999,0,0,10,2,0,9,0
27-04 10:27:09,0.750,0.500,98.740,0,0,944444,1624892,166920,5075240,14421.505,1619.832,0,4.000,0,1.000,521,576,1.160,1.050,0.690,0,0,0,0,0,10,2,0,9,0
27-04 10:27:10,0.250,0.250,99.244,0,0,943620,1625716,166920,5075240,13964.216,1619.909,0,0,0,0,519,533,1.070,1.030,0.690,0,0,0,0,0,10,2,0,9,0
27-04 10:27:11,0.250,0.250,98.753,0,0,934880,1634456,166920,5075240,10709.315,1620.048,0,4.000,0,1.000,493,552,1.070,1.030,0.690,0,0,0,0,0,10,2,0,9,0
27-04 10:27:12,0.250,0,98.767,0,0,930292,1639044,166920,5075240,11516.027,1620.285,0,84.015,0,1.000,485,547,1.070,1.030,0.690,0,0,0,0,0,10,2,0,9,0
27-04 10:27:13,0.500,0.250,98.733,0,0,922956,1646388,166920,5075240,11049.050,1457.743,0,475.916,0,2.000,474,543,1.070,1.030,0.690,0,0,0,0,0,10,2,0,9,0
27-04 10:27:14,0.250,0.250,98.738,0,0,919228,1650116,166920,5075240,16677.908,1619.797,0,0,0,0,593,608,1.070,1.030,0.690,0,0,1.000,0,0,10,2,0,9,0
27-04 10:27:15,0.750,0.500,98.774,0,0,913576,1655768,166920,5075240,8423.055,1620.395,0,4.001,0,1.000,449,531,0.980,1.010,0.690,0,0,0,0,0,10,2,0,9,0
27-04 10:27:16,0.250,0,98.725,0,0,908636,1660708,166920,5075240,14683.323,1619.594,0,0,0,0,494,552,0.980,1.010,0.690,0,0,0,0,0,10,2,0,9,0
27-04 10:27:17,0.750,0.500,98.264,0,0,906200,1663144,166920,5075240,49986.195,1620.233,0,4.001,0,1.000,591,565,0.980,1.010,0.690,0,0,0,0,0,10,2,0,8,0
27-04 10:27:18,0.500,0,98.744,0,0,899220,1670088,166920,5075276,7611.555,1619.905,0,27.998,0,2.000,444,560,0.980,1.010,0.690,0,0,0,0,0,10,2,0,8,0
27-04 10:27:19,0.250,0.500,99.013,0,0,894712,1674592,166920,5075280,13711.838,1620.217,0,0,0,0,521,547,0.980,1.010,0.690,0,0,0,0,0,10,2,0,8,0
27-04 10:27:20,6.000,1.250,92.249,0,0,889084,1680220,166920,5075280,146580.817,3187.953,0,0,0,0,953,787,0.980,1.010,0.690,1,0,3.000,0,0,10,2,0,8,0
27-04 10:27:21,15.499,3.250,79.997,0,0,883300,1686004,166920,5075280,294218.394,10137.669,0,8.000,0,1.000,2255,1342,0.980,1.010,0.690,1,0,21.999,0,0,10,2,0,4,0
27-04 10:27:22,13.999,4.250,81.244,0.500,0,884168,1685024,166924,5075388,306514.534,12675.030,107.992,7.999,5.000,2.000,2278,1433,0.980,1.010,0.690,1,0,21.998,0,0,10,2,0,4,0
