"pcp-dstat 6.2.0 CSV Output"
"Author:","PCP team <pcp@groups.io> and Dag Wieers <dag@wieers.com>",,,,"URL:","https://pcp.io/ and http://dag.wieers.com/home-made/dstat/"
"Host:","np0000093909",,,,"User:","ubuntu"
"Cmdline:","dstat -tcmndrylpg --tcp --output /tmp/devstack_logs/dstat-csv.log",,,,"Date:","10 Apr 2026 14:56:59 UTC"
"system","total usage",,,,,"memory usage",,,,"net/total",,"dsk/total",,"io/total",,"system",,"load avg",,,"procs",,,"paging",,"tcp sockets",,,,
"time","total usage:usr","total usage:sys","total usage:idl","total usage:wai","total usage:stl","used","free","buf","cach","net/total:recv","net/total:send","dsk/total:read","dsk/total:writ","read","writ","int","csw","1m","5m","15m","run","blk","new","in","out","lis","act","syn","tim","clo"
10-04 14:56:59,,1042280,1638920,162092,4982040,,,,,,,1.310,1.100,0.690,2,0,,,,10,5,0,17,1
10-04 14:57:00,23.745,21.995,52.239,0.750,0,1052388,1628316,162232,4982268,38318.155,11747.595,0,1363.721,0,39.992,5064,3129,1.310,1.100,0.690,1,0,232.952,0,0,10,4,0,17,2
10-04 14:57:01,25.980,20.983,50.960,0.250,0,1068672,1611624,162324,4982532,22730.114,8868.022,0,1051.173,0,29.976,4965,2736,1.290,1.100,0.690,2,0,207.836,0,0,10,4,0,15,2
10-04 14:57:02,26.751,21.251,50.003,0.500,0,1056292,1607148,162432,4998704,176262.774,8676.481,0,1388.077,0,38.002,4915,2720,1.290,1.100,0.690,3,0,192.011,0,0,10,4,0,15,2
10-04 14:57:03,32.491,21.494,43.487,0.750,0,1062300,1587176,163272,5009952,6049.249,1457.578,0,1795.480,0,107.969,5115,3515,1.290,1.100,0.690,5,0,194.944,0,0,10,4,0,15,2
10-04 14:57:04,40.025,16.510,43.027,0.500,0,1070064,1561316,163768,5025320,9319.790,1621.007,0,1356.843,0,34.021,5020,4134,1.290,1.100,0.690,2,0,136.085,0,0,10,4,0,15,2
10-04 14:57:05,39.190,16.122,41.422,0.992,0,1064352,1543288,164448,5046508,43933.277,1553.703,0,2416.871,0,99.215,5347,4846,1.290,1.100,0.690,3,0,128.979,0,0,10,4,0,11,2
10-04 14:57:06,39.648,18.067,40.400,1.255,0,1055064,1524300,165480,5070708,8641.167,650.421,0,2714.103,0,102.381,5885,5877,2.140,1.280,0.750,3,0,181.676,0,0,10,4,0,11,2
10-04 14:57:07,39.398,14.555,43.413,2.008,0,1058984,1502584,166456,5084956,10338.715,2012.536,1015.804,2497.352,38.143,74.278,5373,5371,2.140,1.280,0.750,2,0,86.323,0,0,10,5,0,11,2
10-04 14:57:08,26.478,10.491,61.948,0.500,0,1028112,1550720,166460,5067912,11793.020,3796.787,0,8496.809,0,16.986,2408,1081,2.140,1.280,0.750,1,0,15.986,0,0,10,2,0,11,0
10-04 14:57:09,17.257,3.501,78.532,0,0,1027864,1550940,166488,5067924,15680.446,3623.490,0,1556.640,0,4.002,1745,943,2.140,1.280,0.750,1,0,31.013,0,0,10,3,0,11,0
10-04 14:57:10,22.984,3.248,72.950,0,0,1015532,1556952,166572,5073512,8387.215,1738.801,0,9489.455,0,35.975,1869,972,2.140,1.280,0.750,1,0,2.998,0,0,10,2,0,11,0
10-04 14:57:11,16.772,2.003,80.854,0,0,1009040,1562056,166580,5074852,16618.316,4458.719,0,1870.399,0,88.113,1642,943,2.130,1.290,0.760,1,0,17.022,0,0,10,3,0,11,0
10-04 14:57:12,22.006,5.751,70.018,0.250,0,1002544,1562696,166976,5079028,8255.136,1794.464,0,784.203,0,14.004,11902,21331,2.130,1.290,0.760,1,0,13.003,0,0,10,2,0,11,0
10-04 14:57:13,22.491,4.748,69.973,0,0,999388,1565468,167040,5079276,11980.432,1457.444,0,83.968,0,1.000,12258,22569,2.130,1.290,0.760,1,0,9.996,0,0,10,2,0,11,0
10-04 14:57:14,20.250,5.500,73.752,0.250,0,969096,1608372,167088,5068000,8388.203,1620.039,0,596.014,0,12.000,1969,1070,2.130,1.290,0.760,1,0,11.000,0,0,10,2,0,11,0
10-04 14:57:15,8.752,2.750,87.766,0,0,949336,1628344,167088,5067924,10696.944,131515.895,0,15326.785,0,79.014,1514,1064,2.130,1.290,0.760,0,0,5.001,0,0,10,2,0,11,0
10-04 14:57:16,0.500,0,98.727,0,0,947380,1630300,167088,5067924,5971.580,1619.615,0,879.791,0,127.970,500,573,2.040,1.290,0.760,0,0,0,0,0,10,2,0,11,0
10-04 14:57:17,0.750,0.500,98.997,0,0,945668,1632012,167088,5067924,9748.674,1619.946,0,0,0,0,503,537,2.040,1.290,0.760,0,0,0,0,0,10,2,0,10,0
10-04 14:57:18,0.500,0.250,98.504,0,0,942864,1634816,167088,5067924,9659.348,1620.058,0,4.000,0,1.000,511,543,2.040,1.290,0.760,0,0,0,0,0,10,2,0,10,0
10-04 14:57:19,0.500,0.250,99.252,0,0,937908,1639768,167088,5067928,9617.216,1566.035,0,0,0,0,495,526,2.040,1.290,0.760,0,0,0,0,0,10,2,0,10,0
10-04 14:57:20,0.500,0.250,98.470,0,0,931120,1646552,167088,5067932,8284.502,1511.544,0,3307.003,0,16.995,496,557,2.040,1.290,0.760,0,0,0,0,0,10,2,0,10,0
10-04 14:57:21,0.500,0.750,97.756,0,0,928688,1648984,167088,5067932,11643.698,1620.097,0,25737.542,0,558.033,788,677,1.960,1.280,0.760,0,0,0,0,0,10,2,0,9,0
10-04 14:57:22,0.750,0.250,99.003,0,0,924776,1652896,167088,5067932,9912.331,1458.049,0,8.000,0,2.000,497,538,1.960,1.280,0.760,0,0,0,0,0,10,2,0,9,0
10-04 14:57:23,0.250,0.250,98.770,0,0,921476,1656196,167088,5067932,6181.246,1620.327,0,0,0,0,444,515,1.960,1.280,0.760,0,0,0,0,0,10,2,0,9,0
10-04 14:57:24,0.750,0.500,98.756,0,0,915348,1662324,167088,5067932,5868.385,1566.103,0,8.001,0,1.000,449,546,1.960,1.280,0.760,0,0,0,0,0,10,2,0,9,0
10-04 14:57:25,0.500,0.500,98.748,0,0,910140,1667528,167092,5067932,9898.842,1511.976,0,291.995,0,2.000,564,628,1.960,1.280,0.760,0,0,1.000,0,0,10,2,0,9,0
10-04 14:57:26,0.750,1.000,97.501,0.250,0,905520,1672148,167092,5067932,8380.045,1620.009,0,19116.102,0,110.001,795,812,1.880,1.280,0.760,0,0,0,0,0,10,2,0,9,0
10-04 14:57:27,0.500,0,98.485,0,0,901508,1676160,167092,5067932,9794.467,1457.772,0,0,0,0,471,520,1.880,1.280,0.760,0,0,0,0,0,10,2,0,9,0
10-04 14:57:28,10.502,5.001,84.262,0,0,877172,1700496,167092,5067932,7687.127,1620.238,0,4.001,0,1.000,1985,7080,1.880,1.280,0.760,0,0,36.005,0,0,10,2,0,10,0
10-04 14:57:29,0.750,0.250,99.000,0,0,877172,1700496,167092,5067932,9955.026,1458.004,0,0,0,0,485,533,1.880,1.280,0.760,0,0,0,0,0,10,2,0,9,0
10-04 14:57:30,0.500,0.250,98.753,0,0,876468,1701200,167092,5067932,9695.259,1620.043,0,4.000,0,1.000,520,547,1.880,1.280,0.760,0,0,0,0,0,10,2,0,9,0
10-04 14:57:31,0.750,0.500,98.711,0,0,872368,1705300,167092,5067932,5395.849,1619.355,0,511.796,0,1.999,450,540,1.810,1.270,0.760,0,0,0,0,0,10,2,0,9,0
10-04 14:57:32,1.000,0.250,98.749,0,0,867712,1709956,167092,5067932,10186.946,1619.991,0,131.999,0,26.000,497,547,1.810,1.270,0.760,0,0,0,0,0,10,2,0,9,0
10-04 14:57:33,0.500,0.250,98.765,0,0,863828,1713840,167092,5067932,7940.243,1620.254,0,0,0,0,480,539,1.810,1.270,0.760,0,0,0,0,0,10,2,0,9,0
10-04 14:57:34,0.500,0,99.255,0,0,862160,1715508,167092,5067932,6540.300,1620.074,0,4.000,0,1.000,449,542,1.810,1.270,0.760,0,0,0,0,0,10,2,0,9,0
10-04 14:57:35,1.000,0.250,98.493,0,0,860676,1716992,167092,5067932,42668.841,1457.892,0,0,0,0,599,609,1.810,1.270,0.760,0,0,1.000,0,0,10,2,0,9,0
10-04 14:57:36,0.250,3.001,95.266,0,0,858224,1719764,167092,5067936,9845.680,1620.276,0,53909.199,0,237.040,1169,1152,1.670,1.250,0.760,0,0,0,0,0,10,2,0,9,0
10-04 14:57:37,0.750,0.250,99.044,0,0,858224,1719636,167092,5068064,10115.491,1458.648,0,92.041,0,14.006,471,525,1.670,1.250,0.760,0,0,0,0,0,10,2,0,9,0
10-04 14:57:38,0.250,0.500,98.716,0,0,858196,1719664,167092,5068064,11462.037,1619.440,0,0,0,0,512,544,1.670,1.250,0.760,0,0,0,0,0,10,2,0,9,0
10-04 14:57:39,0.250,0.250,99.248,0,0,858196,1719664,167092,5068064,6267.867,1619.966,0,0,0,0,411,514,1.670,1.250,0.760,0,0,0,0,0,10,2,0,9,0
10-04 14:57:40,0.250,0.250,98.516,0,0,858004,1719856,167092,5068064,9948.639,1500.247,0,4.001,0,1.000,487,544,1.670,1.250,0.760,0,0,0,0,0,10,2,0,9,0
10-04 14:57:41,0.500,0.250,98.757,0.250,0,858168,1719692,167092,5068064,9697.687,1620.115,0,952.067,0,2.000,498,556,1.530,1.230,0.760,0,0,0,0,0,10,2,0,9,0
10-04 14:57:42,0.500,1.500,97.480,0,0,858392,1719468,167092,5068064,8307.292,1619.667,0,30617.706,0,99.979,719,754,1.530,1.230,0.760,0,0,0,0,0,10,2,0,8,0
10-04 14:57:43,0.750,0,98.761,0,0,858392,1719468,167092,5068064,12880.461,1458.165,0,92.010,0,15.002,498,536,1.530,1.230,0.760,0,0,0,0,0,10,2,0,8,0
10-04 14:57:44,0.250,0.500,98.982,0,0,857628,1720232,167092,5068064,8253.460,1619.698,0,0,0,0,473,532,1.530,1.230,0.760,0,0,0,0,0,10,2,0,8,0
10-04 14:57:45,1.000,0,99.007,0,0,857628,1720232,167092,5068064,8851.641,648.047,0,0,0,0,488,583,1.530,1.230,0.760,0,0,1.000,0,0,10,2,0,8,0
10-04 14:57:46,15.028,3.757,80.650,0,0,876676,1701184,167092,5068064,287954.624,9609.909,0,4.007,0,1.002,2156,1273,1.410,1.210,0.750,0,0,20.037,0,0,10,2,0,4,0
10-04 14:57:47,16.234,3.496,78.671,0.250,0,875932,1701816,167096,5068172,291403.737,12227.736,107.892,635.363,4.995,5.994,2372,1421,1.410,1.210,0.750,0,0,19.980,0,0,10,2,0,4,0
10-04 14:57:48,12.492,9.744,76.699,0.250,0,882292,1695276,167096,5068352,154804.719,4544.997,0,431.715,0,65.956,2877,1539,1.410,1.210,0.750,1,0,37.975,0,0,10,2,0,4,0
