"pcp-dstat 6.2.0 CSV Output"
"Author:","PCP team <pcp@groups.io> and Dag Wieers <dag@wieers.com>",,,,"URL:","https://pcp.io/ and http://dag.wieers.com/home-made/dstat/"
"Host:","np0000093887",,,,"User:","ubuntu"
"Cmdline:","dstat -tcmndrylpg --tcp --output /tmp/devstack_logs/dstat-csv.log",,,,"Date:","09 Apr 2026 14:46:51 UTC"
"system","total usage",,,,,"memory usage",,,,"net/total",,"dsk/total",,"io/total",,"system",,"load avg",,,"procs",,,"paging",,"tcp sockets",,,,
"time","total usage:usr","total usage:sys","total usage:idl","total usage:wai","total usage:stl","used","free","buf","cach","net/total:recv","net/total:send","dsk/total:read","dsk/total:writ","read","writ","int","csw","1m","5m","15m","run","blk","new","in","out","lis","act","syn","tim","clo"
09-04 14:46:51,,1076808,1604640,162580,4981500,,,,,,,1.410,1.120,0.710,1,0,,,,10,3,0,17,1
09-04 14:46:52,8.235,19.714,70.122,0,0,1074852,1606572,162580,4981524,6669.867,1617.058,0,0,0,0,4737,2673,1.410,1.120,0.710,1,0,218.602,0,0,10,3,0,17,1
09-04 14:46:53,9.003,19.506,70.021,0,0,1066508,1614900,162580,4981540,6014.839,1458.446,0,0,0,0,4366,2530,1.300,1.100,0.710,1,0,206.063,0,0,10,3,0,15,1
09-04 14:46:54,9.003,21.007,68.773,0,0,1061624,1619636,162580,4981692,12433.213,1620.549,0,28.009,0,7.002,4576,2540,1.300,1.100,0.710,1,0,196.066,0,0,10,3,0,15,1
09-04 14:46:55,9.750,20.000,68.749,0,0,1046244,1635000,162580,4981704,12507.808,1589.976,0,183.997,0,7.000,4475,2502,1.300,1.100,0.710,1,0,176.997,0,0,10,3,0,15,1
09-04 14:46:56,31.749,16.750,49.749,0,0,1013748,1667168,162608,4981940,12332.729,2178.952,0,147.997,0,7.000,5229,5119,1.300,1.100,0.710,2,0,135.997,0,0,10,4,0,15,1
09-04 14:46:57,26.513,19.009,53.776,0.250,0,999740,1681088,162616,4982436,19669.416,7820.744,0,696.333,0,22.011,5094,4155,1.300,1.100,0.710,3,0,155.074,0,0,10,4,0,11,1
09-04 14:46:58,34.707,12.734,51.186,0.499,0,996668,1683892,162660,4982128,38838.375,10055.411,0,950.810,0,29.962,5225,5974,1.520,1.150,0.730,3,0,90.886,0,0,10,5,0,11,1
09-04 14:46:59,33.520,17.010,46.778,0.750,0,1014944,1664256,162688,4983304,22260.438,10382.268,796.481,1536.928,23.014,42.025,5667,5976,1.520,1.150,0.730,4,0,159.096,0,0,10,5,0,11,1
09-04 14:47:00,30.489,13.495,54.981,1.000,0,1038456,1639828,162700,4983856,15915.404,7777.265,215.924,8840.891,14.995,31.989,3254,1707,1.520,1.150,0.730,1,0,37.987,0,0,10,5,0,11,1
09-04 14:47:01,15.001,1.000,82.506,0.250,0,1036592,1641376,162768,4984044,40942.811,10199.700,0,1068.073,0,36.002,1360,844,1.520,1.150,0.730,1,0,0,0,0,10,4,0,11,2
09-04 14:47:02,17.751,0.500,80.756,0.500,0,1042376,1635200,162868,4984288,21816.721,9546.753,0,952.075,0,30.002,1377,791,1.520,1.150,0.730,1,0,0,0,0,10,4,0,11,2
09-04 14:47:03,15.999,1.250,80.743,0.500,0,1043404,1617264,162972,5000484,177287.121,10063.099,0,1323.881,0,36.997,1374,848,1.480,1.150,0.730,1,0,0,0,0,10,4,0,11,2
09-04 14:47:04,23.255,3.001,73.017,0.750,0,1038852,1608024,163828,5011336,10437.361,1620.366,0,16935.830,0,216.049,2003,1415,1.480,1.150,0.730,1,0,1.000,0,0,10,4,0,11,2
09-04 14:47:05,23.500,2.250,73.251,0.250,0,1040136,1588344,164316,5027172,7882.061,1620.013,0,2624.020,0,156.001,1913,1283,1.480,1.150,0.730,1,0,1.000,0,0,10,4,0,11,2
09-04 14:47:06,22.252,2.250,73.506,1.000,0,1055224,1549048,165028,5048436,10066.800,1620.129,0,2544.202,0,102.008,2125,1677,1.480,1.150,0.730,1,0,0,0,0,10,4,0,11,2
09-04 14:47:07,21.751,2.750,73.753,1.250,0,1043312,1530668,166188,5074632,7752.272,1500.053,0,2584.091,0,96.003,2026,1612,1.480,1.150,0.730,1,0,0,0,0,10,4,0,11,2
09-04 14:47:08,21.247,1.250,75.490,0.750,0,1039052,1520992,167004,5085624,7929.949,1433.810,0,2215.706,0,71.990,1836,1454,1.440,1.150,0.730,0,0,0,0,0,10,5,0,11,2
09-04 14:47:09,19.251,4.250,75.754,0,0,1041520,1536000,167016,5068528,12228.703,3075.177,0,9784.562,0,58.003,1861,1084,1.440,1.150,0.730,1,0,18.001,0,0,10,2,0,10,0
09-04 14:47:10,18.996,3.499,77.235,0.250,0,1040152,1532440,167044,5072976,19651.245,140887.079,0,1875.642,0,9.998,1809,979,1.440,1.150,0.730,1,0,16.997,0,0,10,2,0,10,1
09-04 14:47:11,20.755,3.001,75.267,0,0,1021940,1549224,167136,5074172,11347.608,2904.668,0,0,0,0,1828,1034,1.440,1.150,0.730,0,0,19.004,0,0,10,3,0,10,0
09-04 14:47:12,19.735,3.747,75.442,0,0,1001516,1563020,167452,5079248,12905.085,3460.342,0,1219.063,0,17.986,1969,1283,1.440,1.150,0.730,2,0,11.991,0,0,10,2,0,10,0
09-04 14:47:13,22.766,5.003,70.299,0,0,1000632,1563244,167520,5079720,44109.717,1459.016,0,84.059,0,1.001,11739,21698,1.400,1.140,0.730,1,0,9.006,0,0,10,2,0,9,0
09-04 14:47:14,21.255,6.252,70.768,0,0,995308,1568312,167568,5079884,10376.583,1620.403,0,84.021,0,1.000,12173,22931,1.400,1.140,0.730,1,0,19.005,0,0,10,2,0,9,0
09-04 14:47:15,20.763,5.754,72.795,0,0,922028,1654416,167596,5068552,9412.877,1458.911,0,32036.003,0,155.097,2221,1354,1.400,1.140,0.730,0,0,6.004,0,0,10,2,0,9,0
09-04 14:47:16,0,0.250,98.405,0,0,922164,1654312,167596,5068556,6686.528,1618.434,0,3.996,0,0.999,458,565,1.400,1.140,0.730,0,0,0,0,0,10,2,0,9,0
09-04 14:47:17,0.750,0.250,98.752,0,0,918092,1658384,167596,5068556,12204.189,1620.025,0,2260.035,0,14.000,504,550,1.400,1.140,0.730,0,0,0,0,0,10,2,0,9,0
09-04 14:47:18,9.756,5.003,84.552,0,0,894844,1681632,167596,5068572,8081.959,1458.895,0,0,0,0,1841,7763,1.290,1.130,0.730,1,0,36.022,0,0,10,2,0,10,0
09-04 14:47:19,0.250,0,98.937,0,0,891652,1684824,167596,5068556,9735.759,1618.962,0,0,0,0,502,585,1.290,1.130,0.730,0,0,0,0,0,10,2,0,10,0
09-04 14:47:20,0.500,0.500,98.255,0.750,0,888928,1687552,167596,5068556,9742.462,1620.077,0,13924.661,0,510.024,755,719,1.290,1.130,0.730,0,0,0,0,0,10,2,0,10,0
09-04 14:47:21,0.250,0.500,98.496,0,0,886540,1689940,167596,5068556,10613.602,1619.939,0,4.000,0,1.000,528,572,1.290,1.130,0.730,0,0,0,0,0,10,2,0,9,0
09-04 14:47:22,0.250,0,98.999,0,0,884448,1692028,167596,5068560,8540.894,1619.980,0,4.000,0,1.000,465,552,1.290,1.130,0.730,0,0,0,0,0,10,2,0,9,0
09-04 14:47:23,0.250,0.500,98.991,0,0,882620,1693856,167596,5068560,6110.433,1619.850,0,0,0,0,455,551,1.190,1.110,0.720,0,0,0,0,0,10,2,0,9,0
09-04 14:47:24,0.750,0,98.508,0,0,881020,1695456,167596,5068560,6874.565,1620.133,0,0,0,0,415,543,1.190,1.110,0.720,0,0,0,0,0,10,2,0,9,0
09-04 14:47:25,0.750,0.750,98.210,0,0,879760,1696856,167600,5068588,9737.014,1619.337,0,123.949,0,17.993,627,666,1.190,1.110,0.720,0,0,1.000,0,0,10,2,0,9,0
09-04 14:47:26,0.500,0.250,98.784,0,0,876376,1700372,167600,5068592,9809.337,1458.496,0,0,0,0,504,551,1.190,1.110,0.720,0,0,0,0,0,10,2,0,9,0
09-04 14:47:27,0.500,0.250,99.010,0,0,872760,1703988,167600,5068592,9459.960,1620.164,0,4.000,0,1.000,471,562,1.190,1.110,0.720,1,0,0,0,0,10,2,0,9,0
09-04 14:47:28,0,0,98.757,0,0,870376,1706372,167600,5068592,7401.516,1458.102,0,8.001,0,1.000,442,556,1.090,1.090,0.720,0,0,0,0,0,10,2,0,9,0
09-04 14:47:29,0.500,0.250,98.997,0,0,868288,1708460,167600,5068592,10045.696,1619.951,0,0,0,0,474,545,1.090,1.090,0.720,0,0,0,0,0,10,2,0,9,0
09-04 14:47:30,0.750,0.750,98.252,0,0,866436,1710316,167600,5068592,7676.133,1620.028,0,300.005,0,2.000,482,569,1.090,1.090,0.720,0,0,0,0,0,10,2,0,9,0
09-04 14:47:31,0,0.500,98.749,0,0,865052,1711696,167604,5068592,5813.934,1457.983,0,167.998,0,17.000,485,597,1.090,1.090,0.720,0,0,0,0,0,10,2,0,9,0
09-04 14:47:32,0.250,0,99.000,0,0,865276,1711472,167604,5068592,6038.005,1662.002,0,0,0,0,434,544,1.090,1.090,0.720,0,0,0,0,0,10,2,0,9,0
09-04 14:47:33,0.750,0,98.749,0,0,865276,1711472,167604,5068592,9497.862,1457.979,0,8.000,0,2.000,475,558,1,1.070,0.720,0,0,0,0,0,10,2,0,8,0
09-04 14:47:34,0.250,0.500,98.974,0,0,865248,1711500,167604,5068592,8663.764,755.805,0,0,0,0,481,549,1,1.070,0.720,0,0,0,0,0,10,2,0,8,0
09-04 14:47:35,0.500,1.500,97.276,0,0,865248,1711500,167604,5068592,10048.660,1512.400,0,19049.042,0,73.019,785,819,1,1.070,0.720,0,0,1.000,0,0,10,2,0,8,0
09-04 14:47:36,0,0.250,98.976,0,0,865244,1711500,167608,5068592,9121.828,1457.653,0,499.881,0,15.996,506,572,1,1.070,0.720,0,0,0,0,0,10,2,0,8,0
09-04 14:47:37,0.750,0.250,99.022,0,0,865244,1711500,167608,5068592,9923.172,1620.355,0,0,0,0,495,548,1,1.070,0.720,0,0,0,0,0,10,2,0,8,0
09-04 14:47:38,0.250,0,98.758,0,0,865244,1711500,167608,5068592,5793.466,1620.130,0,0,0,0,460,534,0.920,1.050,0.710,0,0,0,0,0,10,2,0,4,0
09-04 14:47:39,0.250,0.250,99.003,0,0,865244,1711500,167608,5068592,6231.159,1620.041,0,4.000,0,1.000,466,556,0.920,1.050,0.710,0,0,0,0,0,10,2,0,4,0
09-04 14:47:40,0.500,3.500,95.237,0,0,865460,1711276,167608,5068600,9223.773,1619.785,0,65403.302,0,283.962,1227,1165,0.920,1.050,0.710,0,0,0,0,0,10,2,0,4,0
09-04 14:47:41,5.752,1.250,92.777,0,0,877820,1698928,167612,5068600,139315.458,3122.907,0,1028.299,0,3.001,989,793,0.920,1.050,0.710,1,0,3.001,0,0,10,2,0,4,0
09-04 14:47:42,14.247,2.999,81.732,0,0,888860,1687888,167612,5068600,289079.416,10267.706,0,95.979,0,14.997,2266,1321,0.920,1.050,0.710,1,0,21.995,0,0,10,2,0,4,0
09-04 14:47:43,12.499,3.750,82.745,0.750,0,890908,1685728,167616,5068708,192149.053,9169.430,107.993,4.000,5.000,1.000,2092,1200,0.850,1.030,0.710,0,0,18.999,0,0,10,2,0,4,0
