"pcp-dstat 6.2.0 CSV Output"
"Author:","PCP team <pcp@groups.io> and Dag Wieers <dag@wieers.com>",,,,"URL:","https://pcp.io/ and http://dag.wieers.com/home-made/dstat/"
"Host:","np0000094239",,,,"User:","ubuntu"
"Cmdline:","dstat -tcmndrylpg --tcp --output /tmp/devstack_logs/dstat-csv.log",,,,"Date:","04 Jun 2026 06:03:50 UTC"
"system","total usage",,,,,"memory usage",,,,"net/total",,"dsk/total",,"io/total",,"system",,"load avg",,,"procs",,,"paging",,"tcp sockets",,,,
"time","total usage:usr","total usage:sys","total usage:idl","total usage:wai","total usage:stl","used","free","buf","cach","net/total:recv","net/total:send","dsk/total:read","dsk/total:writ","read","writ","int","csw","1m","5m","15m","run","blk","new","in","out","lis","act","syn","tim","clo"
04-06 06:03:50,,1071352,1583172,161052,5006700,,,,,,,1.370,1,0.660,2,0,,,,10,3,0,15,0
04-06 06:03:51,36.384,19.438,43.113,0,0,1078712,1575616,161052,5006896,10293.311,2100.330,0,23.924,0,3.987,5236,2948,1.370,1,0.660,2,0,241.234,0,0,10,3,0,15,0
04-06 06:03:52,27.281,21.524,49.807,0.250,0,1078992,1575444,161052,5006752,19373.991,6127.956,0,224.255,0,9.010,5070,3005,1.370,1,0.660,1,0,252.286,0,0,10,4,0,15,0
04-06 06:03:53,21.468,20.220,55.418,0,0,1080604,1573520,161080,5007016,19502.076,3211.237,0,191.716,0,9.985,4562,2531,1.370,1,0.660,2,0,174.741,0,0,10,5,0,15,0
04-06 06:03:54,27.836,22.319,48.399,0.251,0,1077584,1576248,161168,5007568,26270.708,10500.258,0,1051.230,0,31.096,5646,4918,1.370,1,0.660,2,1,191.589,0,0,10,5,0,11,0
04-06 06:03:55,26.214,16.977,54.176,0.749,0,1064704,1588448,161344,5007528,45435.193,14662.055,0,1813.533,0,57.921,4660,3193,1.420,1.020,0.660,3,0,149.796,0,0,10,6,0,11,0
04-06 06:03:56,40.750,18.750,39.500,0.500,0,1059964,1590456,161472,5010396,21391.062,9578.028,2128.006,912.003,38.000,28.000,5535,5232,1.420,1.020,0.660,1,0,151.000,0,0,10,6,0,11,0
04-06 06:03:57,41.766,15.256,38.514,2.751,0,1021188,1625872,161724,5012972,44825.756,10956.095,2817.053,1896.709,53.020,65.024,5242,4650,1.420,1.020,0.660,2,1,129.048,0,0,10,5,0,11,1
04-06 06:03:58,39.247,14.749,39.747,4.750,0.250,1048532,1594328,161864,5016788,20655.240,8944.238,3259.722,1671.858,73.994,41.996,5390,5338,1.420,1.020,0.660,2,0,95.992,0,0,10,4,1,11,2
04-06 06:03:59,25.237,9.495,64.217,0.750,0,1029016,1596780,162008,5032928,180848.251,9249.308,0,9343.260,0,39.980,2478,1104,1.420,1.020,0.660,1,0,11.994,0,0,10,4,1,11,2
04-06 06:04:00,22.258,3.001,73.528,0.750,0,1013288,1596996,162940,5045116,5527.098,1532.582,0,1540.585,0,66.025,1916,1451,1.390,1.020,0.670,2,0,1.000,0,0,10,4,1,11,2
04-06 06:04:01,23.249,1.750,73.747,1.000,0,1010248,1581824,163392,5060828,5245.781,1693.929,0,2603.891,0,101.996,1807,1252,1.390,1.020,0.670,2,0,0,0,0,10,4,1,11,2
04-06 06:04:02,21.799,2.506,73.665,1.253,0,1013752,1553144,164220,5082848,9648.623,1697.805,0,3283.358,0,127.285,2149,1817,1.390,1.020,0.670,2,0,0,0,0,10,4,1,11,2
04-06 06:04:03,21.494,2.749,73.978,1.250,0,1019340,1517488,165268,5108892,7260.889,1531.555,0,2483.278,0,83.976,1985,1514,1.390,1.020,0.670,1,0,0,0,0,10,4,1,11,2
04-06 06:04:04,22.459,3.244,71.869,0.499,0,1013500,1514184,166012,5116104,21435.801,1880.561,0,33594.567,0,878.394,2344,1498,1.390,1.020,0.670,1,0,0,0,0,10,2,1,11,2
04-06 06:04:05,22.493,3.999,72.726,0.250,0,1015724,1526972,166020,5101272,8135.302,1747.421,0,1539.489,0,145.952,2268,1474,1.360,1.020,0.670,1,0,19.993,0,0,10,2,1,11,0
04-06 06:04:06,18.506,2.251,78.776,0,0,1040876,1501800,166028,5101284,22260.338,4628.526,0,404.133,0,6.002,1572,823,1.360,1.020,0.670,2,0,16.005,0,0,10,3,1,11,0
04-06 06:04:07,22.996,2.500,73.488,0.250,0,1029648,1505820,166404,5107336,11441.108,1793.703,0,1231.796,0,12.998,1723,979,1.360,1.020,0.670,1,0,2.000,0,0,10,2,1,11,0
04-06 06:04:08,22.752,5.250,70.755,0,0,1023116,1511100,166460,5108496,5815.415,1620.116,0,8.001,0,1.000,12168,22544,1.360,1.020,0.670,1,0,11.001,0,0,10,2,1,11,0
04-06 06:04:09,32.750,9.000,55.250,0,0,992728,1541172,166512,5108572,9382.017,131632.244,0,232.000,0,7.000,8111,25622,1.360,1.020,0.670,2,0,45.000,0,0,10,2,1,12,0
04-06 06:04:10,19.508,6.003,74.032,0.250,0,974736,1567076,166572,5101248,10589.592,1620.703,0,1892.821,0,15.007,1959,1153,1.330,1.020,0.670,1,0,14.006,0,0,10,2,1,9,0
04-06 06:04:11,16.490,1.999,80.949,0,0,951496,1590288,166572,5101280,9587.010,1457.090,0,15.990,0,1.999,1448,845,1.330,1.020,0.670,0,0,4.997,0,0,10,2,1,9,0
04-06 06:04:12,0,0.500,98.498,0,0,950124,1591532,166572,5101408,9107.850,1619.973,0,2259.963,0,14.000,487,569,1.330,1.020,0.670,0,0,0,0,0,10,2,1,9,0
04-06 06:04:13,0.250,0.250,98.998,0,0,940072,1601584,166572,5101408,9302.854,1619.975,0,8.000,0,2.000,510,593,1.330,1.020,0.670,0,0,0,0,0,10,2,1,9,0
04-06 06:04:14,1.000,1.750,96.738,0,0,938288,1603324,166572,5101440,9232.832,1619.795,0,9930.744,0,48.994,770,737,1.330,1.020,0.670,0,0,0,0,0,10,2,1,9,0
04-06 06:04:15,0.250,0.500,98.480,0,0,936792,1604848,166572,5101440,8068.398,1619.678,0,1067.788,0,2.999,551,647,1.220,1,0.670,0,0,1.000,0,0,10,2,1,9,0
04-06 06:04:16,0.500,0.250,98.760,0,0,935460,1606180,166572,5101440,5530.558,1620.163,0,0,0,0,472,578,1.220,1,0.670,0,0,0,0,0,10,2,1,9,0
04-06 06:04:17,0.750,0.250,98.762,0,0,932564,1609076,166572,5101440,9213.120,1620.197,0,0,0,0,505,571,1.220,1,0.670,0,0,0,0,0,10,2,1,9,0
04-06 06:04:18,0.250,0.500,98.754,0,0,928848,1612792,166572,5101440,7629.329,1694.073,0,0,0,0,462,575,1.220,1,0.670,0,0,0,0,0,10,2,1,9,0
04-06 06:04:19,0.500,2.000,96.753,0,0,928848,1612792,166572,5101440,5263.140,1458.039,0,32084.854,0,162.004,912,953,1.220,1,0.670,1,0,0,0,0,10,2,1,9,0
04-06 06:04:20,0.500,0.250,98.705,0.250,0,925560,1616064,166572,5101444,9574.656,809.633,0,687.688,0,2.999,508,584,1.120,0.980,0.660,0,0,0,0,0,10,2,1,9,0
04-06 06:04:21,0.250,0.250,99.050,0,0,921976,1619648,166572,5101444,7728.925,972.494,0,0,0,0,467,542,1.120,0.980,0.660,0,0,0,0,0,10,2,1,9,0
04-06 06:04:22,0.250,0.500,98.728,0,0,918616,1623008,166572,5101444,9227.987,1619.647,0,171.962,0,30.993,512,580,1.120,0.980,0.660,0,0,0,0,0,10,2,1,9,0
04-06 06:04:23,0.250,0,98.656,0,0,915560,1626064,166572,5101444,9411.072,1618.465,0,0,0,0,479,571,1.120,0.980,0.660,0,0,0,0,0,10,2,1,9,0
04-06 06:04:24,0.501,0.501,99.100,0,0,909688,1631936,166572,5101444,5564.587,1459.465,0,0,0,0,419,579,1.120,0.980,0.660,0,0,0,0,0,10,2,1,9,0
04-06 06:04:25,0.500,0.250,98.258,0,0,904268,1637356,166572,5101444,9172.774,1620.137,0,2204.186,0,7.001,582,659,1.030,0.970,0.660,0,0,1.000,0,0,10,2,1,9,0
04-06 06:04:26,0.250,0.500,98.727,0,0,899640,1641984,166572,5101444,13049.971,1619.624,0,3.999,0,1.000,533,571,1.030,0.970,0.660,0,0,0,0,0,10,2,1,9,0
04-06 06:04:27,0.250,0.250,98.775,0,0,896040,1645584,166572,5101444,11553.866,1458.362,0,88.022,0,14.003,512,590,1.030,0.970,0.660,0,0,0,0,0,10,2,1,9,0
04-06 06:04:28,0.500,0,98.750,0,0,892752,1648872,166572,5101444,9219.976,1619.996,0,0,0,0,505,586,1.030,0.970,0.660,0,0,0,0,0,10,2,1,9,0
04-06 06:04:29,0.250,0.500,99.008,0,0,891964,1649660,166572,5101444,9336.790,1458.123,0,0,0,0,486,561,1.030,0.970,0.660,0,0,0,0,0,10,2,1,9,0
04-06 06:04:30,0.749,0.749,98.162,0,0,891932,1649692,166572,5101444,7638.163,1618.551,0,2677.603,0,12.988,552,625,0.950,0.950,0.650,0,0,0,0,0,10,2,1,9,0
04-06 06:04:31,0.250,0.250,98.825,0,0,891704,1649916,166576,5101444,5866.451,1621.230,0,104.079,0,3.002,437,557,0.950,0.950,0.650,0,0,0,0,0,10,2,1,9,0
04-06 06:04:32,1.000,1.500,96.495,0,0,883432,1658188,166576,5101444,5937.718,1619.923,0,4.000,0,1.000,703,687,0.950,0.950,0.650,0,0,6.000,0,0,10,2,1,9,0
04-06 06:04:33,0.500,0.500,98.990,0,0,883432,1658188,166576,5101444,9551.049,1457.855,0,103.990,0,15.998,516,578,0.950,0.950,0.650,0,0,0,0,0,10,2,1,9,0
04-06 06:04:34,0.250,0.250,98.760,0,0,883432,1658188,166576,5101444,7726.804,1694.176,0,0,0,0,434,558,0.950,0.950,0.650,0,0,0,0,0,10,2,1,9,0
04-06 06:04:35,0.500,4.500,93.490,0.250,0,883640,1657968,166576,5101444,10489.887,1619.828,0,84763.006,0,432.954,1476,1316,0.870,0.940,0.650,0,0,1.000,0,0,10,2,1,9,0
04-06 06:04:36,0.500,0.250,98.514,0.250,0,883860,1657744,166576,5101448,10745.546,1620.233,0,1428.206,0,3.000,499,568,0.870,0.940,0.650,0,0,0,0,0,10,2,1,9,0
04-06 06:04:37,0.250,0.250,99.000,0,0,883572,1658032,166576,5101448,10491.979,1619.997,0,4.000,0,1.000,506,567,0.870,0.940,0.650,0,0,0,0,0,10,2,1,9,0
04-06 06:04:38,0.750,0.500,98.741,0,0,883568,1658032,166576,5101452,7391.298,1619.846,0,7.999,0,1.000,462,570,0.870,0.940,0.650,0,0,0,0,0,10,2,1,9,0
04-06 06:04:39,0.250,0.500,98.506,0,0.250,883568,1658032,166576,5101452,4832.282,1042.061,0,96.006,0,15.001,423,570,0.870,0.940,0.650,0,0,0,0,0,10,2,1,5,0
04-06 06:04:40,11.250,2.000,86.004,0,0,887284,1654316,166576,5101452,282658.202,7130.308,0,0,0,0,1607,1118,0.800,0.920,0.650,1,0,7.000,0,0,10,2,1,5,0
04-06 06:04:41,12.746,3.999,81.474,1.000,0,884756,1656856,166580,5101448,154250.628,10206.799,107.966,67.979,4.998,1.999,2254,1373,0.800,0.920,0.650,1,0,29.991,0,0,10,2,1,5,0
04-06 06:04:42,16.998,4.749,76.989,0,0,898972,1642400,166584,5101684,297623.640,8756.754,0,127.982,0,3.000,2485,1452,0.800,0.920,0.650,1,0,21.997,0,0,10,2,1,5,0
