"pcp-dstat 6.2.0 CSV Output"
"Author:","PCP team <pcp@groups.io> and Dag Wieers <dag@wieers.com>",,,,"URL:","https://pcp.io/ and http://dag.wieers.com/home-made/dstat/"
"Host:","np0000094315",,,,"User:","ubuntu"
"Cmdline:","dstat -tcmndrylpg --tcp --output /tmp/devstack_logs/dstat-csv.log",,,,"Date:","11 Jun 2026 09:29:02 UTC"
"system","total usage",,,,,"memory usage",,,,"net/total",,"dsk/total",,"io/total",,"system",,"load avg",,,"procs",,,"paging",,"tcp sockets",,,,
"time","total usage:usr","total usage:sys","total usage:idl","total usage:wai","total usage:stl","used","free","buf","cach","net/total:recv","net/total:send","dsk/total:read","dsk/total:writ","read","writ","int","csw","1m","5m","15m","run","blk","new","in","out","lis","act","syn","tim","clo"
11-06 09:29:02,,1079552,1564700,162008,5015900,,,,,,,1.260,1.030,0.660,6,0,,,,10,4,0,17,0
11-06 09:29:03,34.406,19.945,43.630,0,0,1095680,1548328,162016,5016116,17256.649,3338.838,0,207.431,0,10.970,5275,3047,1.480,1.080,0.680,2,0,228.373,0,0,10,4,0,17,0
11-06 09:29:04,33.822,21.296,43.844,0.251,0,1041856,1601928,162060,5016224,27332.494,7052.092,0,416.892,0,14.030,5442,3476,1.480,1.080,0.680,1,0,304.652,0,0,10,5,0,17,0
11-06 09:29:05,24.380,20.648,53.238,0.746,0,1056404,1587120,162176,5016360,35847.381,10360.952,0,1249.842,0,41.794,4969,2944,1.480,1.080,0.680,1,0,196.034,0,0,10,6,0,17,0
11-06 09:29:06,32.361,16.807,48.666,0.251,0,1050772,1592140,162332,5016732,36166.588,12409.405,0,1469.020,0,47.161,5062,4944,1.480,1.080,0.680,2,0,133.456,0,0,10,6,0,17,0
11-06 09:29:07,28.868,20.406,49.274,0.498,0.498,1042304,1600236,162452,5017276,21436.662,9506.390,0,1106.922,0,33.845,5073,3398,1.480,1.080,0.680,3,0,181.169,0,0,10,5,0,11,1
11-06 09:29:08,36.910,14.312,47.959,0.502,0,1033180,1608892,162608,5017572,48010.736,12409.955,0,1402.096,0,46.201,4374,4851,1.440,1.080,0.680,2,0,90.393,0,0,10,5,0,11,1
11-06 09:29:09,35.271,16.510,45.277,1.001,0,1033564,1607320,162708,5018088,21888.841,8888.214,652.383,1000.587,19.011,24.014,6090,6372,1.440,1.080,0.680,1,0,149.087,0,0,10,4,0,11,2
11-06 09:29:10,31.039,15.520,50.814,1.502,0,1020376,1602344,162848,5035260,186407.561,8951.360,360.457,6039.665,19.024,168.213,4317,2959,1.440,1.080,0.680,2,0,64.081,0,0,10,4,0,11,2
11-06 09:29:11,26.700,7.236,64.628,0.499,0,1024640,1587468,163232,5044408,10204.757,1616.951,0,6643.473,0,60.885,2474,1453,1.440,1.080,0.680,1,0,18.964,0,0,10,4,0,11,2
11-06 09:29:12,22.250,3.000,73.499,0.500,0,1019964,1568424,164164,5064004,10925.918,1619.988,0,1579.988,0,42.000,1849,1250,1.440,1.080,0.680,1,0,0,0,0,10,4,0,11,2
11-06 09:29:13,23.494,1.750,73.731,0.250,0,1032704,1535764,164508,5082168,13136.699,1619.593,0,1143.713,0,33.991,1925,1277,1.410,1.070,0.690,1,0,0,0,0,10,4,0,11,2
11-06 09:29:14,22.511,2.251,73.536,1.751,0,1021232,1530808,165200,5095364,11351.489,1620.784,0,3129.513,0,136.066,2090,1746,1.410,1.070,0.690,1,0,0,0,0,10,4,0,11,2
11-06 09:29:15,22.751,1.750,73.753,1.000,0,1018308,1504720,165996,5120780,12580.584,1458.068,0,2800.130,0,153.007,2074,1548,1.410,1.070,0.690,0,1,1.000,0,0,10,4,0,11,2
11-06 09:29:16,22.007,3.251,73.774,0.500,0,1028692,1502836,166528,5110660,14717.790,2100.684,0,1544.503,0,62.020,1944,1306,1.410,1.070,0.690,1,0,2.001,0,0,10,2,0,11,0
11-06 09:29:17,22.237,3.498,73.209,0,0,1052348,1479152,166548,5110668,12675.862,1619.088,0,1067.399,0,97.945,1914,1010,1.410,1.070,0.690,1,0,16.990,0,0,10,2,0,11,0
11-06 09:29:18,27.997,7.749,62.993,0.250,0,1021016,1504484,166828,5115812,18695.842,4734.453,0,33624.118,0,841.903,3475,11140,1.370,1.070,0.690,2,0,53.994,0,0,10,2,0,12,0
11-06 09:29:19,23.505,4.751,70.016,0,0,1020816,1503040,166916,5117188,21579.918,1620.369,0,0,0,0,12142,22084,1.370,1.070,0.690,1,0,7.002,0,0,10,2,0,11,0
11-06 09:29:20,21.289,4.508,73.634,0,0,1017468,1505076,166996,5118196,11017.088,1622.959,0,92.168,0,2.004,2427,2203,1.370,1.070,0.690,2,0,12.022,0,0,10,2,0,11,0
11-06 09:29:21,23.012,7.004,68.036,0,0,998808,1523704,167028,5118188,20745.985,131619.691,0,88.047,0,1.001,10054,18137,1.370,1.070,0.690,1,0,15.008,0,0,10,2,0,11,0
11-06 09:29:22,21.448,4.240,73.074,0.249,0,970700,1560152,167032,5110808,12064.023,1616.118,0,2246.604,0,16.959,1816,977,1.370,1.070,0.690,1,0,0.998,0,0,10,2,0,11,0
11-06 09:29:23,5.749,0.750,92.986,0,0,946088,1584740,167032,5110836,12821.035,1457.777,0,135.979,0,4.999,957,680,1.260,1.050,0.680,0,0,3.999,0,0,10,2,0,10,0
11-06 09:29:24,0.500,0.500,98.991,0,0,941768,1589060,167032,5110836,12199.909,1619.855,0,0,0,0,528,556,1.260,1.050,0.680,0,0,0,0,0,10,2,0,10,0
11-06 09:29:25,0.250,0.250,98.497,0,0,936572,1594256,167032,5110836,12726.599,1619.949,0,0,0,0,594,619,1.260,1.050,0.680,0,0,1.000,0,0,10,2,0,10,0
11-06 09:29:26,0.500,0.500,98.988,0,0,932052,1598776,167032,5110836,12811.509,1457.830,0,7.999,0,2.000,525,546,1.260,1.050,0.680,1,0,0,0,0,10,2,0,10,0
11-06 09:29:27,0.250,0.500,98.492,0.250,0,929900,1600924,167036,5110836,9012.226,1619.861,0,639.945,0,4.000,520,588,1.260,1.050,0.680,0,0,0,0,0,10,2,0,10,0
11-06 09:29:28,0.500,0,99.011,0,0,926592,1604232,167036,5110836,9813.112,1620.184,0,120.014,0,22.002,502,549,1.160,1.040,0.680,0,0,0,0,0,10,2,0,9,0
11-06 09:29:29,0.750,1.750,96.757,0,0,916652,1614168,167036,5110840,12200.914,1458.109,0,22917.717,0,103.008,955,900,1.160,1.040,0.680,0,0,0,0,0,10,2,0,9,0
11-06 09:29:30,0.250,0.500,98.998,0,0,915060,1615760,167036,5110840,10914.764,1619.965,0,0,0,0,520,546,1.160,1.040,0.680,0,0,0,0,0,10,2,0,9,0
11-06 09:29:31,0.500,0.250,98.510,0,0,912296,1618524,167036,5110840,12455.224,1458.143,0,2260.222,0,14.001,541,564,1.160,1.040,0.680,0,0,0,0,0,10,2,0,9,0
11-06 09:29:32,0.250,0.500,98.487,0.250,0,904596,1626224,167036,5110840,12477.343,1619.785,0,791.895,0,3.999,545,566,1.160,1.040,0.680,0,0,0,0,0,10,2,0,9,0
11-06 09:29:33,0.750,0.500,99.004,0,0,895332,1635488,167036,5110840,12814.521,1620.066,0,0,0,0,540,545,1.070,1.020,0.680,0,0,0,0,0,10,2,0,9,0
11-06 09:29:34,0.500,1.750,97.254,0,0,891440,1639380,167036,5110840,10841.409,1458.055,0,21328.804,0,144.005,890,830,1.070,1.020,0.680,0,0,0,0,0,10,2,0,9,0
11-06 09:29:35,0.250,0.750,98.512,0,0,887568,1643252,167036,5110840,9395.153,1620.199,0,0,0,0,542,608,1.070,1.020,0.680,0,0,1.000,0,0,10,2,0,9,0
11-06 09:29:36,0.250,0.500,98.752,0,0,884544,1646276,167036,5110840,12387.195,1620.026,0,0,0,0,516,528,1.070,1.020,0.680,0,0,0,0,0,10,2,0,9,0
11-06 09:29:37,0.500,0,98.968,0,0,883472,1647348,167036,5110840,10640.511,1619.469,0,0,0,0,499,543,1.070,1.020,0.680,0,0,0,0,0,10,2,0,9,0
11-06 09:29:38,0.500,0.250,98.514,0,0,883720,1647100,167036,5110840,11384.637,1620.233,0,576.083,0,3.000,496,549,0.980,1,0.670,0,0,0,0,0,10,2,0,9,0
11-06 09:29:39,0.250,0.500,98.694,0,0,883692,1647128,167036,5110840,12434.920,1457.170,0,0,0,0,537,562,0.980,1,0.670,0,0,0,0,0,10,2,0,9,0
11-06 09:29:40,0.500,0.250,99.039,0,0,883500,1647320,167036,5110840,10748.213,1620.635,0,312.122,0,57.022,560,568,0.980,1,0.670,0,0,0,0,0,10,2,0,9,0
11-06 09:29:41,0.250,0.500,98.781,0,0,883660,1647160,167036,5110840,13790.299,1620.505,0,0,0,0,541,543,0.980,1,0.670,0,0,0,0,0,10,2,0,9,0
11-06 09:29:42,0.250,0.500,98.733,0,0,883660,1647160,167036,5110840,12277.900,1337.771,0,0,0,0,517,540,0.980,1,0.670,0,0,0,0,0,10,2,0,9,0
11-06 09:29:43,0.250,0.250,99.010,0,0,883660,1647160,167036,5110840,7458.730,486.048,0,32.003,0,2.000,477,558,0.900,0.980,0.670,0,0,0,0,0,10,2,0,9,0
11-06 09:29:44,0.499,0.998,97.586,0,0,883660,1647160,167036,5110840,12258.436,1455.558,0,11440.808,0,107.819,748,770,0.900,0.980,0.670,4,0,0,0,0,10,2,0,9,0
11-06 09:29:45,0.501,3.005,95.912,0,0,883628,1647192,167036,5110840,11702.719,1622.734,0,50084.394,0,243.410,1172,1106,0.900,0.980,0.670,0,0,1.002,0,0,10,2,0,9,0
11-06 09:29:46,0.750,0,98.937,0,0,883624,1647192,167036,5110844,8955.323,1457.076,0,7.995,0,0.999,471,544,0.900,0.980,0.670,0,0,0,0,0,10,2,0,9,0
11-06 09:29:47,0.250,0.250,98.571,0,0,883848,1646968,167036,5110844,12279.818,1621.164,0,0,0,0,524,541,0.900,0.980,0.670,0,0,0,0,0,10,2,0,9,0
11-06 09:29:48,0.250,1.000,98.997,0.250,0,883440,1647376,167036,5110844,10576.716,1457.961,0,1127.970,0,3.000,487,555,0.830,0.970,0.660,0,0,0,0,0,10,2,0,9,0
11-06 09:29:49,0.500,0,98.504,0,0,883676,1647152,167036,5110844,14643.615,1662.070,0,0,0,0,547,555,0.830,0.970,0.660,0,0,0,0,0,10,2,0,9,0
11-06 09:29:50,0.500,2.000,96.991,0,0,883668,1647156,167036,5110848,13443.754,1619.850,0,31157.112,0,126.988,848,809,0.830,0.970,0.660,0,0,0,0,0,10,2,0,9,0
11-06 09:29:51,0.250,0,99.008,0,0,883668,1647156,167036,5110848,7421.595,648.052,0,0,0,0,448,540,0.830,0.970,0.660,0,0,0,0,0,10,2,0,9,0
11-06 09:29:52,14.750,3.250,80.750,0,0,887332,1643492,167036,5110848,291145.423,9658.047,0,4.000,0,1.000,2234,1260,0.830,0.970,0.660,0,0,20.000,0,0,10,2,0,5,0
11-06 09:29:53,17.033,4.759,76.898,0.751,0,881356,1649256,167040,5111056,296847.694,12489.970,108.208,4.008,5.010,1.002,2539,1486,0.840,0.970,0.670,0,0,24.046,0,0,10,2,0,5,0
11-06 09:29:54,12.456,9.965,75.731,0,0,892140,1638468,167040,5111072,158734.657,3977.858,0,593.889,0,1.993,2807,1554,0.840,0.970,0.670,1,0,34.876,0,0,10,2,0,5,0
