"pcp-dstat 6.2.0 CSV Output"
"Author:","PCP team <pcp@groups.io> and Dag Wieers <dag@wieers.com>",,,,"URL:","https://pcp.io/ and http://dag.wieers.com/home-made/dstat/"
"Host:","np0000093882",,,,"User:","ubuntu"
"Cmdline:","dstat -tcmndrylpg --tcp --output /tmp/devstack_logs/dstat-csv.log",,,,"Date:","09 Apr 2026 11:23:27 UTC"
"system","total usage",,,,,"memory usage",,,,"net/total",,"dsk/total",,"io/total",,"system",,"load avg",,,"procs",,,"paging",,"tcp sockets",,,,
"time","total usage:usr","total usage:sys","total usage:idl","total usage:wai","total usage:stl","used","free","buf","cach","net/total:recv","net/total:send","dsk/total:read","dsk/total:writ","read","writ","int","csw","1m","5m","15m","run","blk","new","in","out","lis","act","syn","tim","clo"
09-04 11:23:27,,1002576,1678324,162944,4981508,,,,,,,1.420,1.110,0.690,2,0,,,,10,5,0,18,1
09-04 11:23:28,26.436,20.450,51.126,0.249,0,1028076,1652636,162952,4981648,16964.880,7187.579,0,714.269,0,20.949,5273,3184,1.390,1.110,0.690,1,0,255.381,0,0,10,4,0,18,2
09-04 11:23:29,22.686,21.938,53.847,0.499,0,1028412,1651936,162996,4981852,41156.177,9838.074,0,1220.535,0,38.890,5036,2879,1.390,1.110,0.690,2,0,217.383,0,0,10,4,0,18,2
09-04 11:23:30,27.710,20.970,49.679,0.499,0,1052136,1627752,163004,4982248,16376.604,8808.416,0,1122.397,0,34.950,4844,2720,1.390,1.110,0.690,4,0,191.726,0,0,10,4,0,14,2
09-04 11:23:31,31.646,20.846,46.464,0.251,0,1052996,1609920,163116,4998852,174957.719,7866.226,0,1173.404,0,30.139,5130,4049,1.390,1.110,0.690,2,0,174.805,0,0,10,4,0,14,2
09-04 11:23:32,35.371,18.184,44.338,0.747,0,1058852,1590704,163916,5008976,10383.173,1614.120,0,1458.686,0,63.768,4762,2827,1.390,1.110,0.690,3,0,137.499,0,0,10,4,0,14,2
09-04 11:23:33,43.296,18.019,37.290,0.250,0,1055576,1575804,164400,5025020,7768.239,1621.720,0,1301.380,0,31.033,5634,5571,1.440,1.120,0.700,2,0,155.165,0,0,10,4,0,14,2
09-04 11:23:34,38.359,15.795,43.874,1.003,0,1076780,1532080,165028,5044576,11795.437,1624.605,0,2126.027,0,78.222,5414,4768,1.440,1.120,0.700,3,0,127.361,0,0,10,4,0,12,2
09-04 11:23:35,39.696,16.228,41.194,2.746,0,1071036,1513108,166164,5065260,9272.377,1617.798,1010.624,8895.890,37.948,408.444,5850,5731,1.440,1.120,0.700,3,1,89.878,0,0,10,4,0,12,2
09-04 11:23:36,29.276,10.009,59.552,0.751,0,1072912,1488340,167132,5084672,10526.250,2060.811,0,17171.090,0,320.281,2908,1629,1.440,1.120,0.700,1,0,16.014,0,0,10,5,0,12,2
09-04 11:23:37,19.499,1.500,77.746,0,0,1042892,1535812,167144,5067588,13020.283,3745.794,0,163.991,0,8.000,1515,817,1.440,1.120,0.700,1,0,2.000,0,0,10,2,0,12,0
09-04 11:23:38,18.001,3.000,78.254,0,0,1058076,1520604,167152,5067600,11663.582,3664.183,0,464.023,0,4.000,1713,968,1.400,1.120,0.700,1,0,33.002,0,0,10,3,0,12,0
09-04 11:23:39,22.001,3.250,74.003,0.250,0,1041360,1530900,167176,5073324,39279.748,1698.076,0,916.041,0,6.000,1751,888,1.400,1.120,0.700,1,0,2.000,0,0,10,2,0,12,0
09-04 11:23:40,18.249,2.500,78.496,0.250,0,1042388,1523152,167352,5078864,17953.972,4560.739,0,1071.939,0,13.999,1680,913,1.400,1.120,0.700,1,0,17.999,0,0,10,3,0,12,0
09-04 11:23:41,21.502,7.001,69.506,0.250,0,1025524,1539564,167492,5078856,8224.715,1524.133,0,16985.477,0,249.022,12617,22426,1.400,1.120,0.700,1,0,13.001,0,0,10,2,0,12,0
09-04 11:23:42,22.998,5.500,68.994,0,0,1013220,1551684,167532,5078956,9491.205,1283.892,0,0,0,0,10735,19278,1.400,1.120,0.700,1,0,12.999,0,0,10,2,0,12,0
09-04 11:23:43,20.749,5.000,73.746,0,0,966040,1611564,167596,5067676,8129.566,1619.913,0,1199.936,0,11.999,1841,993,1.370,1.120,0.700,1,0,8.000,0,0,10,2,0,12,0
09-04 11:23:44,8.997,1.250,89.223,0,0,956772,1620960,167596,5067600,15367.387,139624.091,0,7.998,0,1.999,1294,745,1.370,1.120,0.700,1,0,3.999,0,0,10,2,0,12,0
09-04 11:23:45,0.250,0.500,98.268,0.250,0,956136,1621612,167596,5067584,10433.889,1566.284,0,788.143,0,12.002,771,982,1.370,1.120,0.700,0,0,0,0,0,10,2,0,12,0
09-04 11:23:46,0.500,1.500,97.248,0,0,943728,1634020,167596,5067584,8675.788,1619.960,0,9623.765,0,38.999,786,788,1.370,1.120,0.700,0,0,1.000,0,0,10,2,0,12,0
09-04 11:23:47,0.500,0.250,98.699,0,0,920652,1657096,167596,5067584,7234.297,1565.199,0,0,0,0,463,532,1.370,1.120,0.700,0,0,0,0,0,10,2,0,11,0
09-04 11:23:48,0.250,0.500,98.807,0,0,914448,1663292,167596,5067592,12036.896,1620.929,0,0,0,0,529,542,1.260,1.100,0.700,1,0,0,0,0,10,2,0,11,0
09-04 11:23:49,0.749,0.250,98.926,0,0,912056,1665680,167600,5067592,6754.949,1510.870,0,35.973,0,0.999,483,546,1.260,1.100,0.700,1,0,0,0,0,10,2,0,11,0
09-04 11:23:50,0.500,0,98.792,0,0,904072,1673656,167608,5067592,9755.185,1620.695,0,568.244,0,6.003,517,577,1.260,1.100,0.700,0,0,0,0,0,10,2,0,11,0
09-04 11:23:51,0.250,2.250,96.752,0,0,900408,1677312,167608,5067592,7476.173,1620.038,0,29992.696,0,154.004,886,910,1.260,1.100,0.700,0,0,0,0,0,10,2,0,10,0
09-04 11:23:52,0.250,0,98.759,0,0,899480,1678240,167608,5067592,10069.881,1458.128,0,16.001,0,2.000,521,551,1.260,1.100,0.700,1,0,0,0,0,10,2,0,10,0
09-04 11:23:53,0.750,0.500,99.015,0,0,894320,1683400,167608,5067592,11349.776,1620.253,0,2260.354,0,16.003,494,540,1.160,1.080,0.690,0,0,0,0,0,10,2,0,10,0
09-04 11:23:54,0.500,0.500,98.745,0,0,891520,1686200,167608,5067592,6596.667,1619.918,0,0,0,0,489,546,1.160,1.080,0.690,0,0,0,0,0,10,2,0,10,0
09-04 11:23:55,0.250,0.500,98.502,0.250,0,891012,1686708,167608,5067592,11126.242,1620.035,0,704.015,0,2.000,536,555,1.160,1.080,0.690,0,0,0,0,0,10,2,0,10,0
09-04 11:23:56,0.250,0,98.981,0,0,891076,1686644,167608,5067592,10732.952,1565.701,0,227.957,0,2.999,570,605,1.160,1.080,0.690,0,0,1.000,0,0,10,2,0,10,0
09-04 11:23:57,0.500,0.250,98.749,0,0,891076,1686644,167608,5067592,9365.890,1511.982,0,0,0,0,488,526,1.160,1.080,0.690,1,0,0,0,0,10,2,0,10,0
09-04 11:23:58,0.250,0.250,98.734,0,0,891012,1686708,167608,5067592,10190.370,1619.741,0,3.999,0,1.000,503,565,1.060,1.060,0.690,1,0,0,0,0,10,2,0,10,0
09-04 11:23:59,0.500,0.250,98.774,0,0,890760,1686960,167608,5067592,9278.269,1620.396,0,0,0,0,475,545,1.060,1.060,0.690,0,0,0,0,0,10,2,0,10,0
09-04 11:24:00,0.250,0.250,98.982,0,0,890532,1687188,167608,5067592,9301.346,1619.712,0,0,0,0,468,538,1.060,1.060,0.690,1,0,0,0,0,10,2,0,10,0
09-04 11:24:01,0,0.250,98.762,0,0,888460,1689260,167608,5067592,10586.306,1620.200,0,40.005,0,2.000,491,560,1.060,1.060,0.690,0,0,0,0,0,10,2,0,10,0
09-04 11:24:02,0.750,0,98.747,0,0,888496,1689224,167608,5067592,5763.826,1457.956,0,4.000,0,1.000,441,556,1.060,1.060,0.690,4,0,0,0,0,10,2,0,10,0
09-04 11:24:03,0.250,0.500,99.246,0,0,888468,1689252,167608,5067592,9951.611,1619.937,0,0,0,0,468,543,0.980,1.040,0.690,0,0,0,0,0,10,2,0,10,0
09-04 11:24:04,0.250,0.500,98.511,0,0,888296,1689424,167608,5067592,6305.714,1620.184,0,4.000,0,1.000,426,534,0.980,1.040,0.690,0,0,0,0,0,10,2,0,10,0
09-04 11:24:05,0.250,0,99.004,0,0,887928,1689788,167608,5067596,7009.282,1188.048,0,0,0,0,418,537,0.980,1.040,0.690,0,0,0,0,0,10,2,0,10,0
09-04 11:24:06,0,4.750,93.509,0.250,0,874720,1702972,167608,5067596,11123.058,918.087,0,93592.906,0,704.067,1591,1460,0.980,1.040,0.690,0,0,1.000,0,0,10,2,0,10,0
09-04 11:24:07,0.750,0.500,98.484,0,0,874972,1702720,167608,5067596,6132.020,1619.741,0,0,0,0,450,542,0.980,1.040,0.690,2,0,0,0,0,10,2,0,10,0
09-04 11:24:08,0.250,0,99.001,0,0,874972,1702720,167608,5067596,9536.070,1566.011,0,4.000,0,1.000,468,533,0.900,1.030,0.680,0,0,0,0,0,10,2,0,10,0
09-04 11:24:09,0.750,0.500,98.758,0,0,874972,1702720,167608,5067596,34051.723,1512.121,0,0,0,0,534,538,0.900,1.030,0.680,0,0,0,0,0,10,2,0,10,0
09-04 11:24:10,0.250,0.250,98.507,0,0,874972,1702720,167608,5067596,17377.218,1620.114,0,8.001,0,1.000,460,558,0.900,1.030,0.680,0,0,0,0,0,10,2,0,10,0
09-04 11:24:11,0.250,0.250,99.009,0,0,874972,1702720,167608,5067596,11313.001,1458.129,0,0,0,0,459,529,0.900,1.030,0.680,1,0,0,0,0,10,2,0,9,0
09-04 11:24:12,0.750,0.750,98.247,0.250,0,874968,1702720,167612,5067596,7916.738,1619.946,0,1863.938,0,44.999,493,587,0.900,1.030,0.680,0,0,0,0,0,10,2,0,9,0
09-04 11:24:13,0.250,0,99.253,0,0,874968,1702720,167612,5067596,10916.364,1566.052,0,0,0,0,478,537,0.830,1.010,0.680,0,0,0,0,0,10,2,0,9,0
09-04 11:24:14,0.250,0.250,98.496,0,0,874968,1702720,167612,5067596,7561.676,647.972,0,4.000,0,1.000,428,541,0.830,1.010,0.680,0,0,0,0,0,10,2,0,9,0
09-04 11:24:15,14.007,2.751,83.293,0,0,898908,1678680,167612,5067696,286822.681,7265.741,0,0,0,0,1755,1120,0.830,1.010,0.680,1,0,7.004,0,0,10,2,0,4,0
09-04 11:24:16,13.997,4.999,79.732,0.250,0,908188,1669276,167624,5067808,297449.395,13486.935,107.975,7.998,4.999,2.000,2622,1541,0.830,1.010,0.680,2,0,32.993,0,0,10,2,0,4,0
09-04 11:24:17,14.750,7.250,77.001,0.250,0,913672,1663860,167624,5067864,151538.635,5776.062,0,248.003,0,5.000,2560,1414,0.830,1.010,0.680,3,0,31.000,0,0,10,2,0,4,0
