"pcp-dstat 6.2.0 CSV Output"
"Author:","PCP team <pcp@groups.io> and Dag Wieers <dag@wieers.com>",,,,"URL:","https://pcp.io/ and http://dag.wieers.com/home-made/dstat/"
"Host:","np0000094202",,,,"User:","ubuntu"
"Cmdline:","dstat -tcmndrylpg --tcp --output /tmp/devstack_logs/dstat-csv.log",,,,"Date:","01 Jun 2026 18:37:15 UTC"
"system","total usage",,,,,"memory usage",,,,"net/total",,"dsk/total",,"io/total",,"system",,"load avg",,,"procs",,,"paging",,"tcp sockets",,,,
"time","total usage:usr","total usage:sys","total usage:idl","total usage:wai","total usage:stl","used","free","buf","cach","net/total:recv","net/total:send","dsk/total:read","dsk/total:writ","read","writ","int","csw","1m","5m","15m","run","blk","new","in","out","lis","act","syn","tim","clo"
01-06 18:37:15,,1044420,1599552,162480,5016180,,,,,,,1.550,1.260,0.770,2,0,,,,10,4,0,17,2
01-06 18:37:16,27.679,20.199,50.621,0.249,0,1055840,1587712,162524,5016496,20325.224,8568.174,0,981.500,0,26.931,5087,3386,1.550,1.260,0.770,1,0,231.411,0,0,10,4,0,17,2
01-06 18:37:17,25.559,21.549,50.365,0.501,0,1053460,1572148,162672,5033548,180326.146,7645.517,0,2393.484,0,126.289,4987,2786,1.590,1.270,0.770,2,0,211.485,0,0,10,4,0,17,2
01-06 18:37:18,31.160,22.186,44.622,0.748,0,1027412,1582996,163612,5045416,10260.495,1657.235,0,1467.779,0,64.814,5094,3005,1.590,1.270,0.770,3,0,196.435,0,0,10,4,0,11,2
01-06 18:37:19,34.787,21.523,42.295,0.501,0,1014956,1577876,164008,5061168,7153.576,1621.717,0,1401.484,0,34.036,5540,4743,1.590,1.270,0.770,2,0,210.223,0,0,10,4,0,11,2
01-06 18:37:20,33.765,19.508,45.269,0.750,0,997784,1576024,164444,5077888,9193.953,1620.697,0,1776.764,0,60.026,4569,2732,1.590,1.270,0.770,2,0,155.067,0,0,10,4,0,11,2
01-06 18:37:21,41.498,17.999,38.498,1.250,0,996472,1561640,165344,5090708,7359.558,1619.903,0,2635.842,0,108.993,5527,5793,1.590,1.270,0.770,2,0,140.992,0,0,10,4,0,11,2
01-06 18:37:22,39.752,16.251,42.252,1.000,0,1013760,1513956,166516,5116700,5176.285,1458.080,108.006,2912.160,6.000,90.005,5605,5728,1.700,1.300,0.790,1,1,136.007,0,0,10,4,0,11,2
01-06 18:37:23,37.772,16.260,44.276,1.001,0,1053096,1488492,166660,5102320,6349.720,2195.286,904.530,580.340,32.019,17.010,4781,3890,1.700,1.300,0.790,2,0,98.057,0,0,10,2,0,11,0
01-06 18:37:24,23.964,9.236,65.902,0.250,0,1050068,1491384,166696,5102376,14028.150,4326.569,0,10057.052,0,110.835,2460,1219,1.700,1.300,0.790,0,0,28.957,0,0,10,3,0,11,0
01-06 18:37:25,22.509,3.751,72.778,0.250,0,1042480,1491988,166812,5108580,8892.471,1860.726,0,25782.064,0,766.299,2061,1150,1.700,1.300,0.790,1,0,4.002,0,0,10,2,0,11,0
01-06 18:37:26,22.504,5.751,69.264,0,0,1037884,1494916,166876,5109768,10591.108,1620.322,0,92.018,0,2.000,11001,19803,1.700,1.300,0.790,1,0,12.002,0,0,10,2,0,11,0
01-06 18:37:27,21.243,6.748,70.478,0,0,1028188,1504432,166956,5109860,7159.719,1457.536,0,87.972,0,1.000,12267,21705,1.640,1.300,0.790,1,0,19.994,0,0,10,2,0,11,0
01-06 18:37:28,17.746,3.499,77.981,0.250,0,968676,1572596,166968,5102372,14838.470,131498.716,0,983.766,0,15.996,1805,1000,1.640,1.300,0.790,0,0,4.999,0,0,10,2,0,11,0
01-06 18:37:29,0.250,0.500,99.009,0,0,968552,1572720,166968,5102372,11088.010,1458.133,0,0,0,0,518,572,1.640,1.300,0.790,0,0,0,0,0,10,2,0,11,0
01-06 18:37:30,0.750,1.500,97.006,0.250,0,951812,1589460,166968,5102376,7398.478,1620.105,0,16777.085,0,85.005,848,911,1.640,1.300,0.790,0,0,1.000,0,0,10,2,0,11,0
01-06 18:37:31,0.500,0.500,98.237,0,0,949308,1591932,166968,5102408,9751.699,1619.784,0,0,0,0,575,603,1.640,1.300,0.790,0,0,0,0,0,10,2,0,11,0
01-06 18:37:32,0.500,0.250,98.760,0,0,946740,1594500,166968,5102408,8090.803,1134.113,0,4.000,0,1.000,467,572,1.510,1.270,0.780,0,0,0,0,0,10,2,0,11,0
01-06 18:37:33,6.251,3.001,89.768,0.250,0,963868,1577376,166972,5104732,4510.927,972.200,0,3000.616,0,218.045,1345,4836,1.510,1.270,0.780,1,0,34.007,0,0,10,2,0,11,0
01-06 18:37:34,5.249,2.249,91.480,0,0,961524,1579720,166972,5102408,15041.637,1619.638,0,7.998,0,1.000,1316,6170,1.510,1.270,0.780,0,0,2.000,0,0,10,2,0,12,0
01-06 18:37:35,0.500,0.750,98.265,0,0,958788,1582456,166972,5102408,9243.431,1620.251,0,12986.010,0,47.007,639,683,1.510,1.270,0.780,0,0,0,0,0,10,2,0,9,0
01-06 18:37:36,0.500,0.250,99.233,0,0,950768,1590472,166972,5102412,9565.394,1619.728,0,35.994,0,1.000,511,575,1.510,1.270,0.780,0,0,0,0,0,10,2,0,9,0
01-06 18:37:37,0.250,0.250,98.753,0,0,941284,1599956,166972,5102412,7748.263,1620.055,0,0,0,0,478,583,1.390,1.250,0.780,0,0,0,0,0,10,2,0,9,0
01-06 18:37:38,0.500,0.500,98.744,0,0,933252,1607988,166972,5102412,6020.658,1457.917,0,8.000,0,2.000,453,569,1.390,1.250,0.780,0,0,0,0,0,10,2,0,9,0
01-06 18:37:39,0.500,0.250,98.510,0.250,0,926948,1614164,166972,5102540,13669.355,1620.161,0,268.027,0,2.000,529,569,1.390,1.250,0.780,0,0,0,0,0,10,2,0,9,0
01-06 18:37:40,0.250,1.750,97.508,0,0,918676,1622436,166972,5102540,6784.568,1620.136,0,21029.759,0,111.009,815,896,1.390,1.250,0.780,0,0,1.000,0,0,10,2,0,9,0
01-06 18:37:41,0.250,0.250,98.742,0,0,914156,1626956,166972,5102540,6939.423,1295.892,0,2259.812,0,13.999,477,585,1.390,1.250,0.780,0,0,0,0,0,10,2,0,9,0
01-06 18:37:42,0.500,0.500,98.747,0,0,909524,1631588,166972,5102540,7709.730,323.989,0,0,0,0,468,556,1.280,1.230,0.770,0,0,0,0,0,10,2,0,9,0
01-06 18:37:43,0.250,0.250,98.998,0,0,903364,1637748,166972,5102540,8885.837,1619.970,0,0,0,0,486,573,1.280,1.230,0.770,0,0,0,0,0,10,2,0,9,0
01-06 18:37:44,0.250,0.250,98.507,0,0,899624,1641484,166976,5102540,9183.661,1458.105,0,512.037,0,3.000,483,573,1.280,1.230,0.770,0,0,0,0,0,10,2,0,9,0
01-06 18:37:45,0.500,0.500,98.756,0,0,899404,1641704,166980,5102536,10850.661,1620.099,0,376.023,0,6.000,506,580,1.280,1.230,0.770,0,0,0,0,0,10,2,0,9,0
01-06 18:37:46,0.500,0,98.996,0,0,897168,1643936,166980,5102540,4867.826,1457.948,0,4.000,0,1.000,437,562,1.280,1.230,0.770,0,0,0,0,0,10,2,0,9,0
01-06 18:37:47,0.500,0.500,98.998,0,0,895256,1645844,166980,5102544,9506.763,1619.960,0,0,0,0,477,554,1.180,1.210,0.770,0,0,0,0,0,10,2,0,9,0
01-06 18:37:48,0.250,0.250,98.765,0,0,893688,1647412,166980,5102544,6768.999,1620.239,0,0,0,0,455,558,1.180,1.210,0.770,0,0,0,0,0,10,2,0,9,0
01-06 18:37:49,0.500,0.250,98.460,0,0,893576,1647520,166984,5102544,8731.450,1457.408,0,71.971,0,1.999,473,562,1.180,1.210,0.770,0,0,0,0,0,10,2,0,9,0
01-06 18:37:50,0,0,98.770,0,0,893540,1647556,166984,5102544,6830.385,1620.329,0,4.001,0,1.000,505,599,1.180,1.210,0.770,0,0,1.000,0,0,10,2,0,9,0
01-06 18:37:51,1.000,2.750,95.750,0,0,893012,1648084,166984,5102544,9549.954,1619.992,0,51611.750,0,262.999,1293,1246,1.180,1.210,0.770,0,0,0,0,0,10,2,0,9,0
01-06 18:37:52,0.250,0.500,99.002,0,0,892820,1648276,166984,5102544,6941.121,1620.028,0,8.000,0,1.000,462,559,1.080,1.190,0.770,0,0,0,0,0,10,2,0,9,0
01-06 18:37:53,0.250,0,98.756,0,0,892952,1648144,166984,5102544,7586.497,1620.106,0,0,0,0,482,567,1.080,1.190,0.770,1,0,0,0,0,10,2,0,9,0
01-06 18:37:54,1.000,0,98.744,0,0,892952,1648144,166984,5102544,13391.181,1619.901,0,0,0,0,481,547,1.080,1.190,0.770,0,0,0,0,0,10,2,0,9,0
01-06 18:37:55,0,0.750,98.250,0.250,0,892952,1648144,166984,5102544,12054.036,1458.004,0,952.003,0,2.000,524,559,1.080,1.190,0.770,0,0,0,0,0,10,2,0,9,0
01-06 18:37:56,0.750,2.000,97.266,0,0,893032,1648064,166984,5102544,9533.540,1662.269,0,33321.384,0,136.022,879,848,1.080,1.190,0.770,0,0,0,0,0,10,2,0,9,0
01-06 18:37:57,0,0.500,98.736,0,0,892952,1648144,166984,5102544,8863.736,1661.763,0,0,0,0,493,540,1,1.170,0.760,0,0,0,0,0,10,2,0,9,0
01-06 18:37:58,0.500,0.500,98.743,0,0,892952,1648144,166984,5102544,21189.447,1295.905,0,4.000,0,1.000,505,533,1,1.170,0.760,0,0,0,0,0,10,2,0,9,0
01-06 18:37:59,8.001,1.000,90.509,0,0,894984,1646128,166984,5102544,140850.919,3678.363,0,0,0,0,1145,836,1,1.170,0.760,0,0,4.000,0,0,10,2,0,7,0
01-06 18:38:00,17.502,5.751,75.258,0.250,0,904568,1636528,166988,5102556,292484.998,9969.057,16.002,628.067,1.000,2.000,2495,1415,1,1.170,0.760,1,0,31.003,0,0,10,2,0,7,0
01-06 18:38:01,13.756,3.501,80.783,0.250,0,912232,1628768,166988,5102652,298652.065,11086.568,92.038,3273.349,4.002,56.023,2066,1371,1,1.170,0.760,1,0,19.008,0,0,10,2,0,7,0
