"pcp-dstat 6.2.0 CSV Output"
"Author:","PCP team <pcp@groups.io> and Dag Wieers <dag@wieers.com>",,,,"URL:","https://pcp.io/ and http://dag.wieers.com/home-made/dstat/"
"Host:","np0000094518",,,,"User:","ubuntu"
"Cmdline:","dstat -tcmndrylpg --tcp --output /tmp/devstack_logs/dstat-csv.log",,,,"Date:","30 Jun 2026 06:31:59 UTC"
"system","total usage",,,,,"memory usage",,,,"net/total",,"dsk/total",,"io/total",,"system",,"load avg",,,"procs",,,"paging",,"tcp sockets",,,,
"time","total usage:usr","total usage:sys","total usage:idl","total usage:wai","total usage:stl","used","free","buf","cach","net/total:recv","net/total:send","dsk/total:read","dsk/total:writ","read","writ","int","csw","1m","5m","15m","run","blk","new","in","out","lis","act","syn","tim","clo"
30-06 06:31:59,,1053096,1639264,163236,4966784,,,,,,,1.480,1.060,0.650,2,0,,,,10,5,0,17,1
30-06 06:32:00,26.742,20.494,51.235,0.250,0,1075120,1616992,163276,4966976,17454.046,7922.751,0,803.772,0,23.993,5029,2932,1.480,1.060,0.650,2,0,219.938,0,0,10,4,0,17,2
30-06 06:32:01,21.226,20.726,56.935,0.250,0,1074928,1616936,163312,4967108,18340.148,7501.471,0,719.182,0,20.976,4840,2847,1.360,1.040,0.640,1,0,217.752,0,0,10,4,0,17,2
30-06 06:32:02,21.481,19.983,56.701,0.500,0.250,1061556,1629924,163396,4967312,41852.527,9000.157,0,1330.840,0,43.962,4762,2781,1.360,1.040,0.640,2,0,179.843,0,0,10,4,0,11,2
30-06 06:32:03,29.424,19.699,48.625,0.249,0,1048524,1642548,163444,4968028,15487.065,8007.352,0,949.551,0,27.928,4924,3173,1.360,1.040,0.640,7,0,165.573,0,0,10,4,0,11,2
30-06 06:32:04,32.591,18.552,46.630,0,0,1037008,1636628,163508,4984308,185064.336,9569.648,0,3469.662,0,179.500,4842,3558,1.360,1.040,0.640,2,0,142.397,0,0,10,4,0,11,2
30-06 06:32:05,39.039,17.517,42.542,0.751,0,1033128,1629668,163804,4993740,9747.712,1243.239,0,1329.324,0,56.056,4756,4024,1.360,1.040,0.640,3,0,145.145,0,0,10,4,0,11,2
30-06 06:32:06,39.674,18.714,40.422,0.499,0,1028504,1617020,164600,5007996,9946.900,1347.413,0,1620.888,0,41.920,5383,4514,1.490,1.080,0.660,4,0,144.722,0,0,10,4,0,11,2
30-06 06:32:07,41.840,15.784,40.587,1.253,0,1026608,1601544,164960,5023180,20297.676,1352.911,797.716,994.139,23.050,26.056,5927,6152,1.490,1.080,0.660,3,0,125.270,0,0,10,4,0,11,2
30-06 06:32:08,30.985,12.244,53.224,1.499,0,1029256,1574892,165532,5043804,9964.160,1295.371,215.895,12837.764,14.993,114.944,3229,1974,1.490,1.080,0.660,2,0,18.991,0,0,10,4,0,11,2
30-06 06:32:09,22.500,3.000,72.750,1.250,0,1031288,1546600,166020,5067432,7950.022,1566.004,0,19920.055,0,983.003,2321,1449,1.490,1.080,0.660,1,0,0,0,0,10,4,0,11,2
30-06 06:32:10,22.002,2.500,73.758,1.000,0,1020404,1561804,166540,5060844,6487.725,2100.235,0,2136.239,0,73.008,1907,1402,1.490,1.080,0.660,1,0,0,0,0,10,2,0,11,0
30-06 06:32:11,23.003,3.000,73.509,0,0,1021228,1561084,166560,5060824,6219.752,1620.196,0,24.003,0,2.000,1849,983,1.450,1.080,0.660,1,0,19.002,0,0,10,2,0,11,0
30-06 06:32:12,18.246,2.000,78.731,0,0,1018296,1561764,166564,5063072,17669.747,4517.913,0,707.830,0,7.998,1689,947,1.450,1.080,0.660,1,0,17.996,0,0,10,3,0,11,0
30-06 06:32:13,22.758,3.501,73.524,0,0,1005240,1569844,166680,5067100,10480.476,1794.595,0,1248.414,0,12.004,1826,1037,1.450,1.080,0.660,1,0,3.001,0,0,10,2,0,11,0
30-06 06:32:14,22.001,7.500,68.253,0,0,1018292,1555396,166704,5068224,10471.399,1620.062,0,25376.967,0,229.009,12223,21855,1.450,1.080,0.660,1,0,12.000,0,0,10,2,0,11,0
30-06 06:32:15,23.250,5.250,69.749,0,0,1018464,1555188,166704,5068252,7367.886,1619.975,0,2259.965,0,14.000,11754,21470,1.450,1.080,0.660,1,0,13.000,0,0,10,2,0,11,0
30-06 06:32:16,20.998,4.750,73.494,0.250,0,978944,1602796,166712,5060904,10603.108,1619.864,0,2407.797,0,14.999,1846,1008,1.410,1.070,0.660,1,0,7.999,0,0,10,2,0,11,0
30-06 06:32:17,10.996,1.499,86.718,0,0,976548,1605356,166712,5060828,16367.882,131772.747,0,3.999,0,1.000,1315,751,1.410,1.070,0.660,0,0,3.999,0,0,10,2,0,11,0
30-06 06:32:18,0.250,0.250,99.025,0,0,974252,1607652,166712,5060828,23709.012,1620.411,0,4.001,0,1.000,454,527,1.410,1.070,0.660,0,0,0,0,0,10,2,0,9,0
30-06 06:32:19,0.750,0,98.957,0,0,971648,1610256,166712,5060828,5687.549,1565.325,0,0,0,0,442,547,1.410,1.070,0.660,2,0,0,0,0,10,2,0,9,0
30-06 06:32:20,0.250,1.250,97.986,0,0,963096,1618796,166712,5060832,10676.437,1511.779,0,9970.541,0,44.993,602,630,1.410,1.070,0.660,0,0,0,0,0,10,2,0,9,0
30-06 06:32:21,0,0,98.785,0,0,953040,1628852,166712,5060832,9859.454,1620.568,0,0,0,0,485,548,1.300,1.060,0.660,0,0,0,0,0,10,2,0,9,0
30-06 06:32:22,0.750,0.500,98.241,0,0,944612,1637280,166712,5060832,10764.980,1565.852,0,843.920,0,4.000,577,623,1.300,1.060,0.660,0,0,1.000,0,0,10,2,0,9,0
30-06 06:32:23,0,0.250,99.013,0,0,936772,1645120,166712,5060832,8146.074,1512.199,0,0,0,0,464,524,1.300,1.060,0.660,0,0,0,0,0,10,2,0,9,0
30-06 06:32:24,0.250,0.250,98.739,0,0,929288,1652600,166712,5060836,10475.807,1565.822,0,7.999,0,1.000,498,549,1.300,1.060,0.660,0,0,0,0,0,10,2,0,9,0
30-06 06:32:25,10.501,6.001,82.012,0.500,0,882068,1699820,166712,5060820,10295.470,1512.216,0,20030.860,0,202.029,2319,11573,1.300,1.060,0.660,0,0,36.005,0,0,10,2,0,10,0
30-06 06:32:26,0.250,0.250,98.752,0,0,882068,1699820,166712,5060836,6740.127,1620.031,0,0,0,0,434,527,1.200,1.040,0.650,0,0,0,0,0,10,2,0,9,0
30-06 06:32:27,0.500,0.999,98.195,0.250,0,882036,1699820,166712,5060868,9974.378,1565.118,0,503.716,0,1.999,574,586,1.200,1.040,0.650,0,0,0,0,0,10,2,0,9,0
30-06 06:32:28,0.500,0,98.788,0,0,879460,1702396,166712,5060868,7952.031,1512.577,0,4.002,0,1.000,468,538,1.200,1.040,0.650,0,0,0,0,0,10,2,0,9,0
30-06 06:32:29,0.500,0,99.005,0,0,875976,1705880,166712,5060868,5705.281,1620.080,0,0,0,0,457,537,1.200,1.040,0.650,0,0,0,0,0,10,2,0,9,0
30-06 06:32:30,0.500,0.250,98.496,0,0,872984,1708872,166712,5060868,23264.077,1619.936,0,235.991,0,2.000,515,550,1.200,1.040,0.650,0,0,0,0,0,10,2,0,9,0
30-06 06:32:31,0.250,0.500,98.503,0,0,870560,1711296,166712,5060868,10566.375,1620.057,0,0,0,0,519,543,1.100,1.020,0.650,0,0,0,0,0,10,2,0,9,0
30-06 06:32:32,0.250,0.500,98.759,0,0,868440,1713416,166712,5060868,11620.031,1620.144,0,44.004,0,2.000,589,612,1.100,1.020,0.650,0,0,1.000,0,0,10,2,0,9,0
30-06 06:32:33,0.500,0.500,98.992,0,0,866568,1715288,166712,5060868,8223.335,1565.873,0,35.997,0,1.000,513,553,1.100,1.020,0.650,0,0,0,0,0,10,2,0,9,0
30-06 06:32:34,0.250,0.250,98.962,0,0,865172,1716684,166712,5060868,5687.806,1241.521,0,3.998,0,1.000,477,540,1.100,1.020,0.650,0,0,0,0,0,10,2,0,9,0
30-06 06:32:35,0.250,0.250,98.270,0.250,0,865424,1716432,166712,5060868,11257.331,1404.291,0,3136.650,0,53.011,599,607,1.100,1.020,0.650,0,0,0,0,0,10,2,0,9,0
30-06 06:32:36,0.500,0.250,98.756,0,0,865116,1716740,166712,5060868,10255.639,1512.094,0,4.000,0,1.000,539,552,1.010,1,0.640,0,0,0,0,0,10,2,0,9,0
30-06 06:32:37,0.250,0.250,99.006,0,0,864924,1716932,166712,5060868,9930.622,1566.098,0,0,0,0,532,553,1.010,1,0.640,0,0,0,0,0,10,2,0,9,0
30-06 06:32:38,0.250,0.250,98.766,0,0,865052,1716804,166712,5060868,36669.820,1620.257,0,116.018,0,2.000,824,538,1.010,1,0.640,0,0,0,0,0,10,2,0,9,0
30-06 06:32:39,0.250,0.250,98.485,0,0,865052,1716804,166712,5060868,9910.460,1457.773,0,0,0,0,524,543,1.010,1,0.640,0,0,0,0,0,10,2,0,9,0
30-06 06:32:40,1.750,6.751,91.759,0,0,862192,1719664,166712,5060868,12575.173,1620.151,0,92536.629,0,503.047,1923,1484,1.010,1,0.640,0,0,6.001,0,0,10,2,0,9,0
30-06 06:32:41,0.250,0.250,98.743,0,0,861772,1720068,166712,5060872,8361.403,1619.884,0,0,0,0,521,547,0.930,0.990,0.640,0,0,0,0,0,10,2,0,9,0
30-06 06:32:42,0.250,0.250,98.500,0,0,861028,1720812,166712,5060872,21417.042,1566.003,0,8.000,0,1.000,559,592,0.930,0.990,0.640,0,0,1.000,0,0,10,2,0,9,0
30-06 06:32:43,0.500,0.500,98.749,0.250,0,861028,1720812,166712,5060872,9800.940,1295.992,0,1519.991,0,3.000,522,547,0.930,0.990,0.640,0,0,0,0,0,10,2,0,8,0
30-06 06:32:44,0.500,0.250,98.986,0,0,861028,1720812,166712,5060872,8867.755,1349.810,0,0,0,0,506,547,0.930,0.990,0.640,0,0,0,0,0,10,2,0,8,0
30-06 06:32:45,0.250,0.250,98.772,0,0,861028,1720812,166712,5060872,11720.654,1566.355,0,0,0,0,526,532,0.930,0.990,0.640,0,0,0,0,0,10,2,0,8,0
30-06 06:32:46,0.250,0.250,98.256,0,0,861028,1720812,166712,5060872,13893.785,1620.092,0,172.010,0,22.001,581,555,0.860,0.970,0.640,0,0,0,0,0,10,2,0,8,0
30-06 06:32:47,0.500,0.500,98.753,0,0,861028,1720812,166712,5060872,9456.294,864.027,0,0,0,0,494,548,0.860,0.970,0.640,0,0,0,0,0,10,2,0,4,0
30-06 06:32:48,15.004,2.751,82.024,0,0,865196,1716636,166716,5060876,287444.509,8398.469,0,84.025,0,3.001,1934,1181,0.860,0.970,0.640,0,0,8.002,0,0,10,2,0,4,0
30-06 06:32:49,13.998,4.499,79.987,0.500,0,877016,1704696,166732,5060980,293484.637,12559.887,107.982,0,4.999,0,2522,1517,0.860,0.970,0.640,1,0,30.995,0,0,10,2,0,4,0
30-06 06:32:50,13.256,9.004,76.785,0,0,871512,1709932,166740,5061240,153822.506,5766.643,0,4.002,0,1.000,2711,1488,0.860,0.970,0.640,1,0,36.017,0,0,10,2,0,4,0
