"pcp-dstat 6.2.0 CSV Output"
"Author:","PCP team <pcp@groups.io> and Dag Wieers <dag@wieers.com>",,,,"URL:","https://pcp.io/ and http://dag.wieers.com/home-made/dstat/"
"Host:","np0000094482",,,,"User:","ubuntu"
"Cmdline:","dstat -tcmndrylpg --tcp --output /tmp/devstack_logs/dstat-csv.log",,,,"Date:","26 Jun 2026 00:11:30 UTC"
"system","total usage",,,,,"memory usage",,,,"net/total",,"dsk/total",,"io/total",,"system",,"load avg",,,"procs",,,"paging",,"tcp sockets",,,,
"time","total usage:usr","total usage:sys","total usage:idl","total usage:wai","total usage:stl","used","free","buf","cach","net/total:recv","net/total:send","dsk/total:read","dsk/total:writ","read","writ","int","csw","1m","5m","15m","run","blk","new","in","out","lis","act","syn","tim","clo"
26-06 00:11:30,,1099496,1578440,161900,4981480,,,,,,,1.040,0.930,0.650,1,0,,,,10,5,0,11,0
26-06 00:11:31,21.192,19.696,56.845,0.249,0,1073720,1603728,162032,4981780,35828.076,11862.578,0,1188.751,0,35.902,4990,3520,1.040,0.930,0.650,2,0,223.389,0,0,10,5,0,11,1
26-06 00:11:32,27.198,19.962,49.905,0.250,0.250,1063484,1613560,162116,4982024,19448.934,8679.458,0,934.220,0,30.941,4939,2849,1.040,0.930,0.650,2,0,212.595,0,0,10,5,0,11,1
26-06 00:11:33,25.423,20.687,51.095,0.498,0,1049004,1627592,162248,4982256,36155.012,10678.515,0,1339.924,0,39.879,4691,2725,1.040,0.930,0.650,4,0,184.439,0,0,10,5,0,11,1
26-06 00:11:34,28.843,19.312,49.159,0.502,0,1041016,1635208,162336,4982912,19458.897,7938.660,0,999.230,0,31.101,4641,2581,1.110,0.950,0.660,5,0,159.516,0,0,10,4,0,11,2
26-06 00:11:35,33.796,17.274,47.315,0.501,0.250,1036296,1632116,162484,4989788,51799.003,12746.472,0,1437.971,0,42.058,4607,3964,1.110,0.950,0.660,2,0,152.209,0,0,10,4,0,11,2
26-06 00:11:36,37.325,17.285,44.088,0.251,0,1036656,1616544,162624,5004100,161717.549,3294.592,0,1014.029,0,26.052,4853,3733,1.110,0.950,0.660,2,0,138.277,0,0,10,4,0,11,2
26-06 00:11:37,39.961,18.119,40.209,0.496,0,1042800,1597060,163412,5014548,11806.501,1608.353,0,2636.904,0,149.914,5500,4974,1.110,0.950,0.660,3,0,138.993,0,0,10,4,0,11,2
26-06 00:11:38,41.504,14.841,39.743,2.767,0,1024960,1596164,163916,5030872,8536.208,814.984,800.898,1581.674,23.142,32.197,5722,6024,1.110,0.950,0.660,2,0,120.738,0,0,10,4,0,11,2
26-06 00:11:39,32.757,14.003,50.761,1.250,0,1011360,1589388,164352,5048888,9111.993,810.177,216.047,10894.383,15.003,63.014,3441,1842,1.180,0.970,0.670,1,0,33.007,0,0,10,4,0,11,2
26-06 00:11:40,33.247,6.999,57.994,1.000,0,1017960,1570660,165048,5058460,9787.973,1619.830,0,1951.795,0,83.991,3591,14111,1.180,0.970,0.670,1,0,35.996,0,0,10,4,0,12,2
26-06 00:11:41,22.966,2.496,73.391,0.499,0,1003880,1571236,165584,5069960,6807.859,1711.451,0,1585.638,0,48.927,1889,1321,1.180,0.970,0.670,2,0,0,0,0,10,4,0,12,2
26-06 00:11:42,22.563,2.006,74.207,1.003,0,990252,1560612,166540,5090908,7121.829,1624.523,0,2246.254,0,97.271,1936,1429,1.180,0.970,0.670,2,0,0,0,0,10,4,0,12,2
26-06 00:11:43,20.211,2.495,71.860,3.992,0,947704,1617616,166832,5075940,10646.261,2095.917,0,2319.482,0,235.541,1890,1102,1.180,0.970,0.670,2,0,7.984,0,0,10,2,0,12,0
26-06 00:11:44,18.262,4.753,76.550,0.500,0,986864,1578424,166860,5075956,15241.879,4630.001,0,32332.957,0,729.473,1953,1177,1.170,0.970,0.670,1,0,27.018,0,0,10,3,0,11,0
26-06 00:11:45,21.999,2.750,73.996,0,0,994636,1563516,167172,5082200,16317.095,1793.901,0,1111.938,0,13.999,1755,1056,1.170,0.970,0.670,1,0,3.000,0,0,10,2,0,11,0
26-06 00:11:46,21.986,5.996,69.706,0,0,1000744,1556076,167228,5083232,11745.521,1457.072,0,0,0,0,11997,21730,1.170,0.970,0.670,2,0,13.991,0,0,10,2,0,11,0
26-06 00:11:47,22.220,5.742,70.155,0,0,984508,1572124,167284,5083352,10323.948,1617.798,0,91.875,0,1.997,12141,22125,1.170,0.970,0.670,1,0,9.986,0,0,10,2,0,11,0
26-06 00:11:48,19.756,5.252,73.522,0.250,0,967428,1597084,167340,5076032,22868.974,1620.494,0,1536.469,0,13.004,1949,1094,1.170,0.970,0.670,1,0,11.003,0,0,10,2,0,10,0
26-06 00:11:49,9.248,3.249,87.229,0,0,912216,1652416,167340,5075956,10370.475,131394.010,0,9849.602,0,39.990,1400,950,1.080,0.950,0.670,0,0,3.999,0,0,10,2,0,10,0
26-06 00:11:50,0.500,0.250,98.717,0,0,905256,1659376,167340,5075956,7000.669,1457.515,0,0,0,0,471,609,1.080,0.950,0.670,2,0,0,0,0,10,2,0,10,0
26-06 00:11:51,0.501,0.501,98.927,0,0.250,903508,1661120,167340,5075960,12345.138,1622.910,0,2264.060,0,14.025,489,559,1.080,0.950,0.670,0,0,0,0,0,10,2,0,10,0
26-06 00:11:52,0.250,0.250,98.505,0,0,896376,1668252,167340,5075960,8245.422,1620.083,0,0,0,0,470,571,1.080,0.950,0.670,0,0,0,0,0,10,2,0,9,0
26-06 00:11:53,0.250,0.250,98.957,0,0,895248,1669380,167340,5075960,10774.334,1619.299,0,7.997,0,1.999,503,557,1.080,0.950,0.670,0,0,0,0,0,10,2,0,9,0
26-06 00:11:54,0.500,2.251,96.549,0,0,894572,1670064,167340,5075960,6153.147,1620.829,0,30083.385,0,137.070,890,906,0.990,0.940,0.660,0,0,0,0,0,10,2,0,9,0
26-06 00:11:55,0.250,0.500,98.744,0,0,894084,1670552,167340,5075960,12336.286,1619.906,0,4.000,0,1.000,514,584,0.990,0.940,0.660,0,0,0,0,0,10,2,0,9,0
26-06 00:11:56,0.750,0.250,98.744,0,0,894084,1670552,167340,5075960,8885.476,1457.914,0,0,0,0,510,625,0.990,0.940,0.660,0,0,1.000,0,0,10,2,0,9,0
26-06 00:11:57,0.250,0.500,99.001,0,0,894084,1670552,167340,5075960,6247.060,1620.016,0,0,0,0,417,530,0.990,0.940,0.660,0,0,0,0,0,10,2,0,9,0
26-06 00:11:58,0.250,0,99.000,0,0,894084,1670552,167340,5075960,10916.946,1619.992,0,0,0,0,485,568,0.990,0.940,0.660,0,0,0,0,0,10,2,0,9,0
26-06 00:11:59,0.250,0.250,98.508,0,0,893568,1671068,167340,5075960,20577.620,1620.128,0,856.067,0,5.000,471,558,0.910,0.920,0.660,0,0,0,0,0,10,2,0,9,0
26-06 00:12:00,0.750,0.500,98.745,0,0,893476,1671160,167340,5075960,6382.665,1619.915,0,0,0,0,477,574,0.910,0.920,0.660,0,0,0,0,0,10,2,0,9,0
26-06 00:12:01,0.500,0.250,98.737,0,0,893476,1671160,167340,5075960,10497.583,1619.781,0,3.999,0,1.000,490,566,0.910,0.920,0.660,0,0,0,0,0,10,2,0,9,0
26-06 00:12:02,0.500,0.500,98.265,0,0,893472,1671160,167340,5075964,9880.508,1620.247,0,0,0,0,546,587,0.910,0.920,0.660,0,0,0,0,0,10,2,0,9,0
26-06 00:12:03,0.250,0.250,98.727,0,0,893612,1670988,167340,5075996,10618.576,1457.667,0,0,0,0,483,548,0.910,0.920,0.660,0,0,0,0,0,10,2,0,9,0
26-06 00:12:04,0.250,0,99.000,0,0,891492,1673108,167340,5075996,7394.018,1620.004,0,0,0,0,469,574,0.840,0.900,0.650,0,0,0,0,0,10,2,0,9,0
26-06 00:12:05,0.500,0.750,98.758,0,0,889584,1675016,167340,5075996,8062.641,1620.129,0,52.004,0,3.000,471,574,0.840,0.900,0.650,0,0,0,0,0,10,2,0,9,0
26-06 00:12:06,0.250,0,98.767,0,0,886072,1678528,167340,5075996,10018.737,1620.281,0,0,0,0,530,623,0.840,0.900,0.650,0,0,1.000,0,0,10,2,0,9,0
26-06 00:12:07,0.500,0.250,98.746,0,0,886244,1678356,167340,5075996,7226.713,1619.936,0,43.998,0,2.000,450,570,0.840,0.900,0.650,0,0,0,0,0,10,2,0,9,0
26-06 00:12:08,0.250,0.750,98.754,0.250,0,885912,1678688,167340,5075996,10385.445,1620.069,0,528.023,0,77.003,522,621,0.840,0.900,0.650,0,0,0,0,0,10,2,0,9,0
26-06 00:12:09,0.250,0.500,98.680,0,0,885884,1678716,167340,5075996,10187.776,1456.967,0,1175.167,0,7.994,494,557,0.770,0.890,0.650,0,1,0,0,0,10,2,0,9,0
26-06 00:12:10,1.001,2.502,93.815,2.001,0,886136,1678464,167340,5075996,10362.165,1621.121,0,48197.329,0,233.161,1128,1093,0.770,0.890,0.650,0,0,0,0,0,10,2,0,9,0
26-06 00:12:11,0,0.250,99.004,0,0,886112,1678488,167340,5075996,17881.748,1620.068,0,4.000,0,1.000,439,549,0.770,0.890,0.650,1,0,0,0,0,10,2,0,9,0
26-06 00:12:12,0.500,0.250,98.511,0,0,886080,1678520,167340,5075996,7604.830,1620.177,0,0,0,0,442,564,0.770,0.890,0.650,0,0,0,0,0,10,2,0,9,0
26-06 00:12:13,0.500,0.250,98.983,0,0,886080,1678520,167340,5075996,6470.917,1619.729,0,3.999,0,1.000,442,550,0.770,0.890,0.650,2,0,0,0,0,10,2,0,8,0
26-06 00:12:14,0.500,0.250,98.756,0,0,885908,1678692,167340,5075996,10343.644,1620.101,0,0,0,0,448,545,0.710,0.870,0.650,0,0,0,0,0,10,2,0,8,0
26-06 00:12:15,0.249,2.988,94.607,1.743,0,886304,1678296,167340,5075996,7835.426,1613.293,0,37966.163,0,251.953,1030,1010,0.710,0.870,0.650,1,0,0,0,0,10,2,0,8,0
26-06 00:12:16,0.502,0.251,98.642,0,0,886556,1678044,167340,5075996,10498.670,1463.810,0,8401.346,0,18.072,570,677,0.710,0.870,0.650,0,0,1.004,0,0,10,2,0,8,0
26-06 00:12:17,0.500,0.250,98.522,0,0,886556,1678044,167340,5075996,8020.810,1620.366,0,4.001,0,1.000,453,554,0.710,0.870,0.650,0,0,0,0,0,10,2,0,4,0
26-06 00:12:18,0.750,0.250,98.740,0,0,886556,1678044,167340,5075996,10264.990,1619.841,0,0,0,0,488,543,0.710,0.870,0.650,0,0,0,0,0,10,2,0,4,0
26-06 00:12:19,0.250,0.500,99.259,0,0,886548,1678044,167340,5076004,8058.760,810.076,0,8.001,0,1.000,441,546,0.650,0.860,0.640,0,0,0,0,0,10,2,0,4,0
26-06 00:12:20,14.754,2.251,81.271,0,0,895552,1669040,167340,5076004,286129.041,8332.185,0,872.229,0,2.001,1923,1236,0.650,0.860,0.640,1,0,8.002,0,0,10,2,0,4,0
26-06 00:12:21,12.754,4.502,80.777,1.501,0,895468,1669012,167344,5076112,297179.611,12500.232,108.037,88.030,5.002,2.001,2451,1498,0.650,0.860,0.640,1,0,31.010,0,0,10,2,0,4,0
26-06 00:12:22,14.741,6.746,77.201,0,0.250,897928,1666284,167344,5076380,168242.919,5718.394,0,3.997,0,0.999,2399,1366,0.650,0.860,0.640,1,0,25.984,0,0,10,2,0,4,0
