"pcp-dstat 6.2.0 CSV Output"
"Author:","PCP team <pcp@groups.io> and Dag Wieers <dag@wieers.com>",,,,"URL:","https://pcp.io/ and http://dag.wieers.com/home-made/dstat/"
"Host:","np0000094333",,,,"User:","ubuntu"
"Cmdline:","dstat -tcmndrylpg --tcp --output /tmp/devstack_logs/dstat-csv.log",,,,"Date:","12 Jun 2026 17:27:11 UTC"
"system","total usage",,,,,"memory usage",,,,"net/total",,"dsk/total",,"io/total",,"system",,"load avg",,,"procs",,,"paging",,"tcp sockets",,,,
"time","total usage:usr","total usage:sys","total usage:idl","total usage:wai","total usage:stl","used","free","buf","cach","net/total:recv","net/total:send","dsk/total:read","dsk/total:writ","read","writ","int","csw","1m","5m","15m","run","blk","new","in","out","lis","act","syn","tim","clo"
12-06 17:27:11,,982940,1685056,161724,4993912,,,,,,,1.240,1.020,0.650,3,0,,,,10,2,1,13,0
12-06 17:27:12,54.006,23.003,22.503,0,0,1016044,1638328,162400,5004832,12434.450,1554.181,8.001,28.003,1.000,4.000,6287,4446,1.240,1.020,0.650,4,0,470.055,0,0,10,2,1,13,0
12-06 17:27:13,31.723,22.231,44.962,0,0,1014404,1637808,162440,5006772,24532.044,6725.255,0,2246.081,0,16.985,5598,3771,1.240,1.020,0.650,2,0,348.702,0,0,10,3,1,13,0
12-06 17:27:14,39.630,17.946,41.125,0,0.498,1017760,1634388,162440,5006776,234228.512,5377.688,0,39.879,0,5.982,4937,3796,1.380,1.050,0.660,5,0,137.583,0,0,10,3,1,11,0
12-06 17:27:15,40.802,17.772,39.800,0,0,1021064,1630784,162456,5007408,15816.970,3661.623,0,196.248,0,8.010,5056,3905,1.380,1.050,0.660,3,0,176.222,0,0,10,5,1,11,0
12-06 17:27:16,31.806,15.654,50.193,0.497,0,1014244,1637808,162460,5006812,23944.740,4557.164,0,290.227,0,10.933,5290,5475,1.380,1.050,0.660,5,0,137.162,0,0,10,4,1,11,0
12-06 17:27:17,34.155,15.822,47.214,1.507,0,1019272,1631448,162528,5007944,20948.824,7828.435,799.619,807.656,23.105,18.082,5375,5562,1.380,1.050,0.660,3,0,131.596,0,0,10,5,1,11,0
12-06 17:27:18,24.784,12.267,60.832,0.751,0,1019576,1630244,162672,5008380,44924.796,12196.505,216.293,11347.356,15.020,105.142,3023,1446,1.380,1.050,0.660,1,0,28.038,0,0,10,6,1,11,0
12-06 17:27:19,16.996,1.000,80.233,0.500,0,1019668,1629548,162812,5008756,30452.409,12469.301,0,1443.688,0,46.990,1458,882,1.350,1.050,0.660,1,0,0,0,0,10,6,1,11,0
12-06 17:27:20,18.250,1.500,79.752,0.750,0,1017456,1631320,162952,5008976,46627.975,11410.239,0,1240.026,0,42.001,1546,901,1.350,1.050,0.660,1,0,0,0,0,10,5,1,11,1
12-06 17:27:21,19.750,0.750,77.999,0.500,0,1015216,1633092,163056,5009240,23438.563,10483.805,0,939.982,0,29.999,1517,796,1.350,1.050,0.660,0,0,0,0,0,10,4,1,11,2
12-06 17:27:22,17.501,1.500,79.753,0.500,0,999876,1630892,163212,5026016,190901.063,12765.539,0,1540.065,0,43.002,1638,950,1.350,1.050,0.660,1,0,0,0,0,10,4,1,11,2
12-06 17:27:23,22.752,2.000,73.506,0.750,0,1006980,1613192,163420,5035256,13633.103,1458.118,0,1296.105,0,54.004,1862,1159,1.350,1.050,0.660,2,0,1.000,0,0,10,4,1,11,2
12-06 17:27:24,23.003,2.500,73.508,0.500,0,1008116,1588632,163940,5055148,9584.067,1242.138,0,1600.178,0,42.005,1834,1223,1.320,1.050,0.670,1,0,0,0,0,10,4,1,11,2
12-06 17:27:25,22.999,2.000,73.497,0.500,0,1010940,1564692,164376,5074116,11450.604,1511.948,0,1371.953,0,48.998,1941,1353,1.320,1.050,0.670,2,0,0,0,0,10,4,1,11,2
12-06 17:27:26,21.749,2.500,73.245,1.500,0,1010720,1548408,165436,5087004,12747.124,1565.892,0,2923.799,0,107.993,2112,1668,1.320,1.050,0.670,1,0,0,0,0,10,4,1,11,2
12-06 17:27:27,22.249,3.000,73.497,0.750,0,1011324,1518432,166332,5112788,13381.474,1511.941,0,1951.923,0,65.997,2020,1440,1.320,1.050,0.670,1,0,1.000,0,0,10,4,1,11,2
12-06 17:27:28,24.009,2.751,71.778,0.500,0,1018644,1521444,166876,5101464,16549.449,139148.226,0,18411.175,0,842.328,2379,1322,1.320,1.050,0.670,1,0,2.001,0,0,10,2,1,11,0
12-06 17:27:29,22.238,3.248,73.462,0,0,1035784,1504276,166896,5101472,13069.217,1511.216,0,911.527,0,136.929,1907,1027,1.290,1.050,0.670,1,0,16.991,0,0,10,2,1,11,0
12-06 17:27:30,17.504,2.751,79.269,0.250,0,1036372,1497572,166960,5107028,18241.466,4574.120,0,720.176,0,7.002,1552,805,1.290,1.050,0.670,1,1,17.004,0,0,10,3,1,9,0
12-06 17:27:31,22.501,3.250,73.502,0,0,1020272,1512608,167004,5107716,12379.339,1794.049,0,1224.034,0,12.000,1846,1082,1.290,1.050,0.670,2,0,3.000,0,0,10,2,1,9,0
12-06 17:27:32,22.553,6.265,68.662,0,0,1031724,1499940,167028,5108744,8920.075,1515.581,0,0,0,0,9766,17995,1.290,1.050,0.670,1,0,14.033,0,0,10,2,0,9,0
12-06 17:27:33,23.234,3.997,71.201,0,0.250,998300,1533220,167036,5108864,12864.215,1564.931,0,183.874,0,3.997,5750,9582,1.290,1.050,0.670,1,0,4.997,0,0,10,2,0,9,0
12-06 17:27:34,20.956,6.486,71.598,0,0,986316,1544936,167076,5109044,12128.282,1616.572,0,183.611,0,3.992,5816,9289,1.270,1.050,0.670,1,0,14.968,0,0,10,2,0,9,0
12-06 17:27:35,20.753,3.250,75.011,0.250,0,904548,1634912,167088,5101568,9351.363,1554.226,0,1772.258,0,12.002,1788,971,1.270,1.050,0.670,0,0,5.001,0,0,10,2,0,9,0
12-06 17:27:36,0.250,0.250,98.737,0,0.250,903152,1636308,167088,5101568,12450.415,1619.794,0,7.999,0,1.000,556,589,1.270,1.050,0.670,0,0,0,0,0,10,2,0,9,0
12-06 17:27:37,0.250,0.250,98.508,0,0,901512,1637948,167088,5101568,9873.813,1620.133,0,2264.186,0,15.001,610,658,1.270,1.050,0.670,0,0,1.000,0,0,10,2,0,9,0
12-06 17:27:38,0.500,1.250,96.965,0,0,900080,1639392,167088,5101568,24664.223,1619.424,0,9832.501,0,45.984,772,737,1.270,1.050,0.670,0,0,0,0,0,10,2,0,9,0
12-06 17:27:39,0.250,0.250,99.016,0,0,899080,1640392,167088,5101568,11293.829,1566.254,0,0,0,0,507,551,1.170,1.030,0.670,0,0,0,0,0,10,2,0,9,0
12-06 17:27:40,10.502,5.001,83.763,0,0.250,899760,1639732,167088,5101572,8346.295,1188.184,0,1064.165,0,4.001,1995,8149,1.170,1.030,0.670,0,0,36.006,0,0,10,2,0,10,0
12-06 17:27:41,0.500,0,98.982,0,0,899760,1639732,167088,5101572,13409.571,1457.736,0,0,0,0,557,569,1.170,1.030,0.670,0,0,0,0,0,10,2,0,10,0
12-06 17:27:42,0.500,0.500,98.507,0,0,899760,1639732,167088,5101572,13640.912,1458.098,0,0,0,0,542,578,1.170,1.030,0.670,0,0,0,0,0,10,2,0,9,0
12-06 17:27:43,0,2.000,94.752,1.750,0,893112,1646376,167088,5101572,13379.314,1620.038,0,32204.755,0,165.004,998,961,1.170,1.030,0.670,0,0,0,0,0,10,2,0,9,0
12-06 17:27:44,0.750,0.500,98.761,0.250,0,886840,1652648,167088,5101572,11922.360,1620.185,0,348.040,0,66.008,572,584,1.070,1.010,0.660,0,0,0,0,0,10,2,0,9,0
12-06 17:27:45,0.250,0.250,98.493,0,0,881328,1658160,167088,5101572,11848.117,1457.891,0,643.952,0,2.000,566,589,1.070,1.010,0.660,0,0,0,0,0,10,2,0,9,0
12-06 17:27:46,0.750,0.750,98.256,0,0,876524,1662932,167088,5101604,14284.864,1620.098,0,4.000,0,1.000,638,603,1.070,1.010,0.660,0,0,0,0,0,10,2,0,9,0
12-06 17:27:47,0.500,0.250,98.494,0,0,872552,1666904,167088,5101604,10957.372,1457.916,0,0,0,0,587,634,1.070,1.010,0.660,1,0,1.000,0,0,10,2,0,9,0
12-06 17:27:48,0.500,0.500,98.712,0,0,865300,1674156,167088,5101604,8797.608,1619.376,0,3.998,0,1.000,484,572,1.070,1.010,0.660,0,0,0,0,0,10,2,0,9,0
12-06 17:27:49,0.250,0.250,98.804,0,0,862316,1677140,167088,5101604,12765.001,1620.889,0,2185.198,0,16.009,551,579,0.990,1,0.660,0,0,0,0,0,10,2,0,9,0
12-06 17:27:50,0.500,0.250,98.487,0,0,859924,1679532,167088,5101604,9821.654,1499.795,0,59.992,0,2.000,515,592,0.990,1,0.660,0,0,0,0,0,10,2,0,9,0
12-06 17:27:51,0.500,0.250,99.004,0,0,857920,1681536,167088,5101604,12802.487,1620.062,0,0,0,0,516,554,0.990,1,0.660,0,0,0,0,0,10,2,0,9,0
12-06 17:27:52,0,0.250,98.491,0,0,855864,1683592,167088,5101604,9865.137,1619.858,0,39.997,0,2.000,511,588,0.990,1,0.660,0,0,0,0,0,10,2,0,9,0
12-06 17:27:53,0.250,0.250,99.010,0,0,854028,1685428,167088,5101604,13861.385,1620.162,0,0,0,0,516,560,0.990,1,0.660,0,0,0,0,0,10,2,0,9,0
12-06 17:27:54,0.250,1.000,97.757,0.250,0,853000,1686456,167088,5101604,10654.718,1620.109,0,14060.947,0,87.006,726,754,0.910,0.980,0.650,0,0,0,0,0,10,2,0,9,0
12-06 17:27:55,0.500,0,98.491,0.250,0,853000,1686456,167092,5101600,10081.036,1619.845,0,447.957,0,17.998,482,591,0.910,0.980,0.650,0,0,0,0,0,10,2,0,9,0
12-06 17:27:56,0.500,0.750,98.751,0,0,852996,1686456,167092,5101604,8314.083,1620.016,0,0,0,0,471,573,0.910,0.980,0.650,0,0,0,0,0,10,2,0,9,0
12-06 17:27:57,0.250,0.500,98.759,0,0.250,852968,1686484,167092,5101604,13187.177,1620.145,0,0,0,0,562,637,0.910,0.980,0.650,0,0,1.000,0,0,10,2,0,9,0
12-06 17:27:58,0.500,0.250,99.000,0,0,852964,1686484,167092,5101608,11587.972,1457.996,0,4.000,0,1.000,492,563,0.910,0.980,0.650,0,0,0,0,0,10,2,0,9,0
12-06 17:27:59,7.000,5.750,84.746,1.250,0.250,867612,1671820,167092,5101612,144233.022,3619.850,0,80748.653,0,433.982,2085,1588,0.920,0.980,0.660,1,0,3.000,0,0,10,2,0,6,0
12-06 17:28:00,15.502,3.501,79.512,0.250,0,879016,1660416,167092,5101612,291660.426,9773.455,0,1580.235,0,32.005,2304,1393,0.920,0.980,0.660,1,0,23.003,0,0,10,2,0,6,0
12-06 17:28:01,12.248,3.749,81.737,0.750,0,882092,1657228,167096,5101720,306184.669,12805.979,107.983,15.997,4.999,3.000,2458,1481,0.920,0.980,0.660,1,0,20.997,0,0,10,2,0,6,0
