"pcp-dstat 6.2.0 CSV Output"
"Author:","PCP team <pcp@groups.io> and Dag Wieers <dag@wieers.com>",,,,"URL:","https://pcp.io/ and http://dag.wieers.com/home-made/dstat/"
"Host:","np0000094036",,,,"User:","ubuntu"
"Cmdline:","dstat -tcmndrylpg --tcp --output /tmp/devstack_logs/dstat-csv.log",,,,"Date:","21 Apr 2026 06:18:46 UTC"
"system","total usage",,,,,"memory usage",,,,"net/total",,"dsk/total",,"io/total",,"system",,"load avg",,,"procs",,,"paging",,"tcp sockets",,,,
"time","total usage:usr","total usage:sys","total usage:idl","total usage:wai","total usage:stl","used","free","buf","cach","net/total:recv","net/total:send","dsk/total:read","dsk/total:writ","read","writ","int","csw","1m","5m","15m","run","blk","new","in","out","lis","act","syn","tim","clo"
21-04 06:18:46,,1004324,1661652,163316,4993888,,,,,,,1.710,0.790,0.470,2,0,,,,10,6,0,17,0
21-04 06:18:47,31.749,24.499,41.998,0.250,0,1045420,1620168,163328,4994152,26151.943,10380.580,0,1219.951,0,33.999,5756,14834,1.710,0.790,0.470,2,0,298.988,0,0,10,5,0,15,1
21-04 06:18:48,25.209,21.964,50.917,0.499,0,1073264,1591980,163360,4994376,38051.325,8439.321,0,2276.310,0,106.827,5091,2972,1.710,0.790,0.470,2,0,220.642,0,0,10,4,0,15,2
21-04 06:18:49,25.922,21.186,50.847,0.498,0,1074392,1590472,163364,4994664,24521.025,11207.190,0,1431.681,0,43.868,4856,2790,1.710,0.790,0.470,2,0,186.438,0,0,10,4,0,15,2
21-04 06:18:50,35.098,20.307,42.619,0.752,0,1074604,1569784,163600,5014288,171469.592,4053.337,0,1520.252,0,51.143,5217,4704,1.710,0.790,0.470,2,0,164.460,0,0,10,4,0,15,2
21-04 06:18:51,34.720,18.484,45.211,0.250,0,1085916,1546660,164344,5023068,6912.001,1510.689,0,607.473,0,27.976,4926,2891,1.730,0.810,0.480,2,0,151.868,0,0,10,4,0,11,2
21-04 06:18:52,43.044,15.516,40.041,0.501,0.250,1074668,1540908,164732,5038248,5851.960,1621.651,0,1385.411,0,34.035,5831,7575,1.730,0.810,0.480,3,0,144.147,0,0,10,4,0,11,2
21-04 06:18:53,37.673,16.965,41.415,2.245,0,1084024,1506284,165504,5060092,10720.126,1616.701,650.672,2973.932,18.961,107.780,6243,6777,1.730,0.810,0.480,2,0,157.678,0,0,10,4,0,11,2
21-04 06:18:54,36.571,15.530,46.089,1.753,0,1079520,1480068,166624,5086400,8980.424,1623.149,360.700,11041.423,19.037,99.192,4242,3328,1.730,0.810,0.480,2,0,61.119,0,0,10,4,0,11,2
21-04 06:18:55,23.001,4.750,70.752,1.000,0,1076604,1469424,167432,5097076,14895.472,2904.092,0,3852.122,0,73.002,2230,1482,1.730,0.810,0.480,1,0,11.000,0,0,10,5,0,11,2
21-04 06:18:56,19.746,2.750,75.987,0,0,1045780,1517772,167432,5080000,10050.218,2966.474,0,151.973,0,7.999,1761,923,1.590,0.800,0.470,1,0,18.997,0,0,10,2,0,11,0
21-04 06:18:57,19.195,2.742,77.277,0,0,1068356,1495192,167436,5080004,16343.811,3878.801,0,502.549,0,5.983,1659,881,1.590,0.800,0.470,2,0,18.945,0,0,10,3,0,11,0
21-04 06:18:58,23.822,4.263,72.468,0,0,1056040,1501128,167436,5085720,8645.989,1799.409,0,858.581,0,6.018,1931,1039,1.590,0.800,0.470,2,0,6.018,0,0,10,2,0,11,0
21-04 06:18:59,17.749,2.250,78.494,0.250,0,1044088,1506708,167568,5090768,13397.968,4734.635,0,2235.828,0,115.991,1662,943,1.590,0.800,0.470,1,0,17.999,0,0,10,2,0,11,0
21-04 06:19:00,22.749,5.750,70.495,0,0,1027516,1522496,167656,5091272,6054.601,1457.904,0,83.994,0,1.000,10627,19312,1.590,0.800,0.470,1,0,12.999,0,0,10,2,0,11,0
21-04 06:19:01,21.503,6.751,70.009,0,0,1022984,1526784,167700,5091432,47011.764,1620.199,0,84.010,0,1.000,12069,21420,1.540,0.800,0.480,1,0,17.002,0,0,10,2,0,11,0
21-04 06:19:02,20.730,5.245,72.680,0.250,0,978096,1584656,167728,5080104,8286.018,1564.493,0,15009.542,0,83.919,2002,1155,1.540,0.800,0.480,1,0,5.994,0,0,10,2,0,11,0
21-04 06:19:03,7.005,1.251,92.320,0,0,906608,1656272,167728,5080008,14401.906,131645.694,0,8.006,0,2.002,1071,710,1.540,0.800,0.480,0,0,2.002,0,0,10,2,0,11,0
21-04 06:19:04,1.000,0.250,98.732,0,0,898608,1664272,167728,5080008,8324.513,1619.711,0,0,0,0,498,555,1.540,0.800,0.480,0,0,0,0,0,10,2,0,10,0
21-04 06:19:05,1.000,0.250,99.013,0,0,891140,1671740,167728,5080008,9789.249,1458.186,0,4.001,0,1.000,510,536,1.540,0.800,0.480,0,0,0,0,0,10,2,0,10,0
21-04 06:19:06,0.500,0.500,98.250,0,0,884604,1678276,167728,5080008,8375.997,1619.999,0,764.000,0,112.000,525,605,1.420,0.790,0.470,0,0,0,0,0,10,2,0,10,0
21-04 06:19:07,0.500,1.750,93.758,4.000,0,880112,1682768,167732,5080012,6773.575,1458.124,0,12793.086,0,195.017,790,784,1.420,0.790,0.470,0,1,0,0,0,10,2,0,10,0
21-04 06:19:08,0.500,1.000,95.244,2.250,0,875396,1687484,167732,5080012,12052.257,1619.900,0,23682.539,0,565.965,840,762,1.420,0.790,0.470,0,0,0,0,0,10,2,0,9,0
21-04 06:19:09,0.750,0.500,98.993,0,0,869024,1693856,167732,5080012,8418.381,1295.905,0,7.999,0,2.000,497,575,1.420,0.790,0.470,0,0,0,0,0,10,2,0,9,0
21-04 06:19:10,0.250,0.250,98.471,0,0,865880,1697000,167732,5080012,7003.933,1295.618,0,0,0,0,473,571,1.420,0.790,0.470,0,0,0,0,0,10,2,0,9,0
21-04 06:19:11,0.500,0.500,98.737,0,0,862876,1700004,167732,5080012,11480.488,1619.787,0,3.999,0,1.000,578,632,1.310,0.770,0.470,2,0,1.000,0,0,10,2,0,9,0
21-04 06:19:12,0.750,0.250,98.799,0.500,0,861944,1700932,167736,5080012,9818.856,1620.802,0,2969.468,0,16.008,519,579,1.310,0.770,0.470,0,0,0,0,0,10,2,0,9,0
21-04 06:19:13,1.000,2.250,97.243,0,0,861592,1701284,167736,5080012,11049.256,1619.891,0,18798.734,0,92.994,818,784,1.310,0.770,0.470,0,0,0,0,0,10,2,0,9,0
21-04 06:19:14,0.500,0,98.496,0,0,861200,1701676,167736,5080012,8563.647,1619.933,0,131.995,0,22.999,503,585,1.310,0.770,0.470,0,0,0,0,0,10,2,0,9,0
21-04 06:19:15,0.500,1.000,98.735,0,0,861008,1701868,167736,5080012,7319.922,1457.785,0,3.999,0,1.000,482,546,1.310,0.770,0.470,0,0,0,0,0,10,2,0,9,0
21-04 06:19:16,1.000,0,98.991,0,0,860940,1701932,167736,5080016,11433.988,1619.857,0,0,0,0,514,544,1.200,0.760,0.470,0,0,0,0,0,10,2,0,9,0
21-04 06:19:17,0.500,0.500,98.764,0,0,860940,1701932,167736,5080016,10142.420,1458.204,0,8.001,0,1.000,526,584,1.200,0.760,0.470,0,0,0,0,0,10,2,0,9,0
21-04 06:19:18,0.500,0.500,98.757,0,0,860940,1701932,167736,5080016,6394.436,1620.111,0,688.047,0,3.000,474,579,1.200,0.760,0.470,0,0,0,0,0,10,2,0,9,0
21-04 06:19:19,0.500,0.250,98.752,0,0,860940,1701932,167736,5080016,10166.249,1458.036,0,0,0,0,514,557,1.200,0.760,0.470,0,0,0,0,0,10,2,0,9,0
21-04 06:19:20,0.750,0.500,98.745,0,0,860940,1701932,167736,5080016,9207.553,1619.921,0,95.995,0,13.999,493,556,1.200,0.760,0.470,0,0,0,0,0,10,2,0,9,0
21-04 06:19:21,0.750,0.500,98.770,0,0,861192,1701680,167736,5080016,10782.140,1620.322,0,4.001,0,1.000,547,570,1.100,0.750,0.470,0,0,1.000,0,0,10,2,0,9,0
21-04 06:19:22,0.250,0.750,98.739,0,0,861192,1701680,167736,5080016,10388.811,1457.833,0,0,0,0,487,572,1.100,0.750,0.470,0,0,0,0,0,10,2,0,9,0
21-04 06:19:23,0.250,2.750,96.258,0,0,861432,1701680,167736,5080016,5873.483,1620.133,0,44807.687,0,206.017,1023,1021,1.100,0.750,0.470,0,0,0,0,0,10,2,0,9,0
21-04 06:19:24,0.750,0.250,98.740,0,0,861276,1701708,167736,5080144,9932.965,1457.848,0,0,0,0,518,546,1.100,0.750,0.470,0,0,0,0,0,10,2,0,9,0
21-04 06:19:25,0.750,0.750,99.010,0,0,861276,1701708,167736,5080144,9961.032,1620.168,0,88.009,0,13.001,498,564,1.100,0.750,0.470,0,0,0,0,0,10,2,0,9,0
21-04 06:19:26,0.750,0.500,98.480,0,0,861276,1701708,167736,5080144,9794.979,1619.666,0,0,0,0,500,560,1.020,0.740,0.460,0,0,0,0,0,10,2,0,9,0
21-04 06:19:27,0.500,0.250,98.772,0,0,861276,1701708,167736,5080144,10825.373,1620.355,0,4.001,0,1.000,508,555,1.020,0.740,0.460,0,0,0,0,0,10,2,0,9,0
21-04 06:19:28,0.750,0.750,98.990,0.250,0,861276,1701708,167736,5080144,9696.023,1619.837,0,787.921,0,2.000,491,567,1.020,0.740,0.460,0,0,0,0,0,10,2,0,9,0
21-04 06:19:29,0.250,2.250,95.742,0.500,0,860992,1701992,167736,5080144,9594.237,1619.871,0,39728.841,0,171.986,1004,937,1.020,0.740,0.460,0,0,0,0,0,10,2,0,9,0
21-04 06:19:30,0.500,0.500,99.007,0,0,860992,1701992,167736,5080144,5679.381,1620.109,0,0,0,0,437,541,1.020,0.740,0.460,0,0,0,0,0,10,2,0,9,0
21-04 06:19:31,1.000,0.250,98.501,0,0,860740,1702244,167736,5080144,41733.502,1458.018,0,0,0,0,576,601,0.930,0.720,0.460,0,0,1.000,0,0,10,2,0,9,0
21-04 06:19:32,0.500,0.750,98.755,0,0,860740,1702244,167736,5080144,12346.624,1620.082,0,0,0,0,504,552,0.930,0.720,0.460,0,0,0,0,0,10,2,0,8,0
21-04 06:19:33,0.750,0.250,98.753,0,0,860736,1702244,167736,5080148,8512.246,648.019,0,4.000,0,1.000,487,566,0.930,0.720,0.460,0,0,0,0,0,10,2,0,8,0
21-04 06:19:34,15.751,3.250,80.256,0,0,891964,1671004,167748,5080148,288262.711,9724.766,0,840.066,0,5.000,2316,1324,0.930,0.720,0.460,0,0,20.002,0,0,10,2,0,8,0
21-04 06:19:35,9.495,3.498,79.707,6.496,0,893600,1669252,167752,5080260,151331.933,7875.729,107.941,11.993,4.997,1.999,1781,1137,0.930,0.720,0.460,1,0,17.990,0,0,10,2,0,8,0
21-04 06:19:36,17.010,5.503,77.045,0,0.250,904032,1658700,167752,5080380,299482.356,8895.238,0,4.002,0,1.001,2458,1439,0.940,0.730,0.460,1,0,22.013,0,0,10,2,0,4,0
