"pcp-dstat 6.2.0 CSV Output"
"Author:","PCP team <pcp@groups.io> and Dag Wieers <dag@wieers.com>",,,,"URL:","https://pcp.io/ and http://dag.wieers.com/home-made/dstat/"
"Host:","np0000094507",,,,"User:","ubuntu"
"Cmdline:","dstat -tcmndrylpg --tcp --output /tmp/devstack_logs/dstat-csv.log",,,,"Date:","29 Jun 2026 07:43:28 UTC"
"system","total usage",,,,,"memory usage",,,,"net/total",,"dsk/total",,"io/total",,"system",,"load avg",,,"procs",,,"paging",,"tcp sockets",,,,
"time","total usage:usr","total usage:sys","total usage:idl","total usage:wai","total usage:stl","used","free","buf","cach","net/total:recv","net/total:send","dsk/total:read","dsk/total:writ","read","writ","int","csw","1m","5m","15m","run","blk","new","in","out","lis","act","syn","tim","clo"
29-06 07:43:28,,992480,1705304,162136,4963592,,,,,,,1.950,1.490,0.880,2,0,,,,10,4,0,15,2
29-06 07:43:29,24.907,20.423,51.557,0.498,0.249,1022084,1675224,162244,4963844,22854.246,9414.674,0,1195.514,0,33.873,5131,3256,1.950,1.490,0.880,3,0,218.181,0,0,10,4,0,15,2
29-06 07:43:30,22.787,20.533,54.589,0.751,0.501,1028344,1668432,162400,4964100,41373.451,12102.731,0,1458.378,0,47.077,4887,2904,1.950,1.490,0.880,2,0,214.349,0,0,10,4,0,15,2
29-06 07:43:31,29.208,19.971,48.929,0,0.499,1029792,1666640,162468,4964328,14803.465,7073.709,0,698.983,0,20.969,4738,2613,1.950,1.500,0.890,2,0,183.733,0,0,10,4,0,15,2
29-06 07:43:32,25.009,20.007,51.769,0.500,0.250,1036096,1654548,162600,4970100,36929.565,11262.137,0,1568.576,0,44.016,4770,2809,1.950,1.500,0.890,3,0,176.065,0,0,10,4,0,11,2
29-06 07:43:33,37.529,18.264,43.033,0.751,0.250,1041728,1628584,162900,4988672,181665.280,4045.124,0,3030.340,0,199.154,5292,4562,1.950,1.500,0.890,5,0,152.117,0,0,10,4,0,11,2
29-06 07:43:34,37.520,17.259,39.270,5.253,0.250,1055832,1600604,163700,4999488,12052.265,1566.814,0,7491.895,0,457.238,5300,4594,1.950,1.500,0.890,1,2,136.071,0,0,10,4,0,11,2
29-06 07:43:35,36.716,17.484,38.714,5.994,0.250,1048452,1593408,164052,5012356,10306.353,1564.535,0,2134.002,0,93.912,5525,5470,1.950,1.500,0.890,2,0,141.867,0,0,10,4,0,11,2
29-06 07:43:36,38.562,16.527,40.816,2.003,0.250,1070248,1547472,164732,5033600,11216.154,1568.539,797.290,2716.397,23.037,92.149,5950,6243,2.120,1.540,0.900,1,1,129.209,0,0,10,4,0,11,2
29-06 07:43:37,32.187,12.975,53.396,1.497,0,1072928,1528160,165676,5046564,10426.657,1616.845,215.579,11381.794,14.971,86.831,3223,1810,2.120,1.540,0.900,1,0,18.963,0,0,10,4,0,11,2
29-06 07:43:38,22.262,2.251,73.541,1.001,0,1069368,1502468,166696,5072184,6122.393,1620.898,0,2329.291,0,78.043,1860,1429,2.120,1.540,0.900,1,0,0,0,0,10,4,0,11,2
29-06 07:43:39,22.004,3.251,73.514,0.250,0,1056440,1529212,167008,5057692,11305.169,2046.393,0,756.145,0,27.005,2001,1174,2.120,1.540,0.900,1,0,19.004,0,0,10,2,0,11,0
29-06 07:43:40,17.501,3.250,78.754,0,0.250,1081484,1504148,167020,5057704,17229.924,4561.244,0,11200.600,0,55.003,1659,978,2.120,1.540,0.900,1,0,16.001,0,0,10,3,0,11,0
29-06 07:43:41,22.504,3.001,73.763,0.250,0,1073828,1504724,167140,5063904,12746.241,1794.316,0,1060.186,0,12.002,1818,1001,2.030,1.530,0.900,1,0,4.001,0,0,10,2,0,11,0
29-06 07:43:42,22.500,5.750,69.751,0,0,1065576,1511524,167164,5065092,11064.102,1620.015,0,108.001,0,3.000,12294,22354,2.030,1.530,0.900,1,0,12.000,0,0,10,2,0,11,0
29-06 07:43:43,22.244,6.248,69.230,0,0,1059840,1517212,167176,5065124,11249.769,1565.550,0,0,0,0,11303,20944,2.030,1.530,0.900,1,0,12.996,0,0,10,2,0,11,0
29-06 07:43:44,20.506,5.002,73.523,0,0,981448,1603592,167224,5057776,24832.772,1620.507,0,1240.388,0,12.004,1924,1119,2.030,1.530,0.900,2,0,9.003,0,0,10,2,0,11,0
29-06 07:43:45,8.249,2.750,89.235,0,0,932560,1652604,167224,5057700,15446.352,131283.491,0,14977.432,0,74.987,1440,967,2.030,1.530,0.900,0,0,3.999,0,0,10,2,0,10,0
29-06 07:43:46,0.250,0,98.514,0,0,931928,1653236,167224,5057700,6103.868,1566.223,0,0,0,0,471,530,1.870,1.500,0.900,0,0,0,0,0,10,2,0,10,0
29-06 07:43:47,9.000,3.750,86.746,0,0,930760,1654404,167224,5060568,10402.515,1511.929,0,0,0,0,1531,5027,1.870,1.500,0.900,1,0,35.998,0,0,10,2,0,10,0
29-06 07:43:48,1.999,1.249,95.460,0,0,922812,1662352,167224,5057700,11487.176,1565.343,0,7.997,0,1.000,1027,3561,1.870,1.500,0.900,1,0,0,0,0,10,2,0,11,0
29-06 07:43:49,0.750,0.500,98.015,0.250,0.250,917504,1667660,167224,5057704,13386.988,1566.233,0,4744.705,0,242.036,721,709,1.870,1.500,0.900,0,0,0,0,0,10,2,0,9,0
29-06 07:43:50,0.250,0.500,98.003,0,0,906652,1678508,167228,5057704,10812.364,1566.053,0,10108.340,0,40.001,650,659,1.870,1.500,0.900,0,0,0,0,0,10,2,0,9,0
29-06 07:43:51,0.500,0.250,99.000,0,0,902384,1682776,167228,5057704,16343.066,1566.006,0,8.000,0,2.000,583,549,1.720,1.480,0.890,0,0,0,0,0,10,2,0,9,0
29-06 07:43:52,0.250,0.750,98.739,0,0,898484,1686676,167228,5057704,10846.742,1619.812,0,0,0,0,555,576,1.720,1.480,0.890,0,0,0,0,0,10,2,0,9,0
29-06 07:43:53,0.750,0.500,98.727,0,0,895044,1690116,167228,5057704,8802.931,1565.632,0,0,0,0,519,573,1.720,1.480,0.890,0,0,0,0,0,10,2,0,9,0
29-06 07:43:54,0.500,0.250,98.264,0,0,892780,1692380,167228,5057704,8326.225,1512.222,0,4.001,0,1.000,556,637,1.720,1.480,0.890,0,0,1.000,0,0,10,2,0,9,0
29-06 07:43:55,0.750,1.750,97.502,0.250,0,888128,1697032,167228,5057704,11790.219,1566.029,0,19536.362,0,101.002,865,836,1.720,1.480,0.890,0,0,0,0,0,10,2,0,9,0
29-06 07:43:56,0.750,1.750,96.769,0,0.250,884584,1700576,167228,5057704,22025.331,1566.308,0,0,0,0,726,629,1.580,1.450,0.890,0,0,6.001,0,0,10,2,0,9,0
29-06 07:43:57,0.750,0.250,98.238,0,0,881172,1703988,167228,5057704,10746.657,1565.804,0,4.000,0,1.000,577,569,1.580,1.450,0.890,0,0,0,0,0,10,2,0,9,0
29-06 07:43:58,0.250,0.250,98.753,0,0.250,877852,1707308,167228,5057704,13209.428,1620.052,0,0,0,0,558,568,1.580,1.450,0.890,0,0,0,0,0,10,2,0,9,0
29-06 07:43:59,0.250,0.250,98.729,0,0,875168,1709992,167228,5057704,12863.299,1619.660,0,0,0,0,545,557,1.580,1.450,0.890,0,0,0,0,0,10,2,0,9,0
29-06 07:44:00,0.250,0.500,98.969,0,0.250,872596,1712564,167228,5057708,9952.932,1619.501,0,731.774,0,3.999,535,599,1.580,1.450,0.890,0,0,0,0,0,10,2,0,9,0
29-06 07:44:01,0.750,0.250,98.533,0,0,870568,1714592,167228,5057708,6771.246,1188.394,0,0,0,0,514,581,1.450,1.430,0.880,0,0,0,0,0,10,2,0,9,0
29-06 07:44:02,0.750,0.500,98.763,0,0,870568,1714592,167228,5057708,7480.999,1458.195,0,0,0,0,482,534,1.450,1.430,0.880,0,0,0,0,0,10,2,0,9,0
29-06 07:44:03,0,0.250,98.744,0,0,868572,1716588,167228,5057708,16756.030,1565.909,0,4.000,0,1.000,581,569,1.450,1.430,0.880,0,0,0,0,0,10,2,0,9,0
29-06 07:44:04,0.750,0,98.768,0,0,867820,1717340,167228,5057708,20087.734,1512.281,0,128.024,0,24.004,616,627,1.450,1.430,0.880,0,0,1.000,0,0,10,2,0,9,0
29-06 07:44:05,0.500,0.500,98.230,0,0.250,867816,1717340,167232,5057708,11318.652,1565.675,0,47.990,0,2.000,551,563,1.450,1.430,0.880,0,0,0,0,0,10,2,0,9,0
29-06 07:44:06,0.500,2.750,92.510,4.000,0,867816,1717340,167232,5057708,10330.157,1620.181,0,45501.096,0,590.066,1181,1009,1.340,1.410,0.880,0,0,0,0,0,10,2,0,9,0
29-06 07:44:07,0.250,0.500,98.472,0,0,867816,1717340,167232,5057708,25363.885,1565.561,0,0,0,0,545,553,1.340,1.410,0.880,0,0,0,0,0,10,2,0,9,0
29-06 07:44:08,0.500,0.500,98.521,0,0,868036,1717088,167232,5057740,6616.430,1566.339,0,0,0,0,552,606,1.340,1.410,0.880,2,0,0,0,0,10,2,0,9,0
29-06 07:44:09,0.500,0.250,98.751,0,0,867816,1717308,167232,5057740,6957.103,1566.023,0,4.000,0,1.000,508,562,1.340,1.410,0.880,0,0,0,0,0,10,2,0,9,0
29-06 07:44:10,0.250,0.500,98.756,0,0,867816,1717308,167232,5057740,10935.663,1566.095,0,96.006,0,15.001,533,580,1.340,1.410,0.880,0,0,0,0,0,10,2,0,9,0
29-06 07:44:11,1.000,3.500,94.505,0.250,0,868036,1717084,167236,5057740,10684.583,1566.085,0,59855.266,0,237.013,1237,1079,1.230,1.380,0.870,0,0,0,0,0,10,2,0,9,0
29-06 07:44:12,0.250,0.499,98.629,0,0,868260,1716860,167236,5057740,8814.206,1552.099,0,3.995,0,0.999,513,574,1.230,1.380,0.870,0,0,0,0,0,10,2,0,9,0
29-06 07:44:13,1.251,0.250,98.596,0,0,868260,1716860,167236,5057740,17204.780,1621.582,0,36.035,0,1.001,579,557,1.230,1.380,0.870,0,0,0,0,0,10,2,0,8,0
29-06 07:44:14,0.250,1.000,98.782,0,0,868260,1716860,167236,5057740,12673.064,1620.520,0,0,0,0,589,624,1.230,1.380,0.870,0,0,1.000,0,0,10,2,0,8,0
29-06 07:44:15,0.250,0,98.499,0,0,868260,1716860,167236,5057740,9730.886,593.993,0,95.999,0,15.000,522,551,1.230,1.380,0.870,0,0,0,0,0,10,2,0,8,0
29-06 07:44:16,14.749,3.250,80.746,0.250,0,876568,1708544,167236,5057748,292141.831,9547.570,0,979.956,0,2.000,2068,1302,1.210,1.380,0.880,1,0,19.999,0,0,10,2,0,8,0
29-06 07:44:17,15.250,4.250,79.251,0.500,0.250,888756,1696260,167240,5057840,297280.047,11146.189,108.002,96.002,5.000,3.000,2244,1438,1.210,1.380,0.880,1,0,19.000,0,0,10,2,0,4,0
29-06 07:44:18,13.004,8.752,76.521,0,0.750,890676,1694172,167240,5058008,173542.957,5765.593,0,16.004,0,3.001,2855,1492,1.210,1.380,0.880,1,0,35.010,0,0,10,2,0,4,0
