"pcp-dstat 6.2.0 CSV Output"
"Author:","PCP team <pcp@groups.io> and Dag Wieers <dag@wieers.com>",,,,"URL:","https://pcp.io/ and http://dag.wieers.com/home-made/dstat/"
"Host:","np0000094447",,,,"User:","ubuntu"
"Cmdline:","dstat -tcmndrylpg --tcp --output /tmp/devstack_logs/dstat-csv.log",,,,"Date:","23 Jun 2026 16:31:06 UTC"
"system","total usage",,,,,"memory usage",,,,"net/total",,"dsk/total",,"io/total",,"system",,"load avg",,,"procs",,,"paging",,"tcp sockets",,,,
"time","total usage:usr","total usage:sys","total usage:idl","total usage:wai","total usage:stl","used","free","buf","cach","net/total:recv","net/total:send","dsk/total:read","dsk/total:writ","read","writ","int","csw","1m","5m","15m","run","blk","new","in","out","lis","act","syn","tim","clo"
23-06 16:31:06,,980564,1708052,163188,4971200,,,,,,,1.590,1.240,0.750,2,0,,,,10,4,0,18,2
23-06 16:31:07,25.677,19.944,52.601,0.499,0,1004748,1683416,163244,4971508,25023.230,11152.459,0,1188.638,0,32.907,5140,3714,1.590,1.240,0.750,1,0,258.270,0,0,10,4,0,18,2
23-06 16:31:08,28.501,22.251,48.002,0.250,0,1013992,1652432,163352,4992180,175454.252,4833.200,0,1152.048,0,30.001,5096,2854,1.590,1.240,0.750,2,0,214.009,0,0,10,4,0,18,2
23-06 16:31:09,30.848,23.074,44.141,0.752,0,1019648,1633948,164036,5002556,7113.706,1625.187,0,1412.509,0,62.199,5121,2997,1.590,1.240,0.750,3,0,201.644,0,0,10,4,0,18,2
23-06 16:31:10,35.478,21.487,41.225,0.500,0,1027628,1607436,164552,5018800,7425.423,1619.002,0,1555.041,0,37.977,5630,5027,1.590,1.240,0.750,2,0,196.879,0,0,10,4,0,12,2
23-06 16:31:11,35.147,17.449,45.118,0.748,0,1052732,1560480,165116,5037728,10210.052,1453.736,0,1958.256,0,69.795,4522,2799,1.620,1.250,0.760,2,0,122.640,0,0,10,4,0,12,2
23-06 16:31:12,42.082,17.033,39.327,1.002,0,1059732,1541024,165868,5048040,8689.951,1623.166,0,2003.909,0,80.156,5239,5172,1.620,1.250,0.760,5,0,145.283,0,0,10,4,0,12,2
23-06 16:31:13,36.561,17.780,43.823,0.751,0,1068664,1504916,166740,5071440,10069.819,1622.710,0,2075.467,0,66.110,5215,5041,1.620,1.250,0.760,2,0,151.253,0,0,10,4,0,12,2
23-06 16:31:14,40.145,13.963,43.137,2.244,0,1077036,1485884,167320,5080192,24763.205,1615.772,1009.359,1512.044,37.901,44.883,5198,5005,1.620,1.250,0.760,2,0,87.770,0,0,10,4,0,12,2
23-06 16:31:15,30.003,11.251,57.755,0,0,1047132,1530768,167500,5064648,11539.968,2142.180,0,3736.313,0,25.002,2584,1138,1.620,1.250,0.760,1,0,14.001,0,0,10,2,0,12,0
23-06 16:31:16,18.449,3.490,77.286,0,0,1062668,1515188,167532,5064656,16912.219,3646.912,0,6924.845,0,8.975,1808,973,1.570,1.250,0.760,1,0,32.909,0,0,10,3,0,12,0
23-06 16:31:17,22.586,2.761,74.033,0.251,0,1067496,1503220,167688,5070900,9700.017,2708.336,0,1120.275,0,16.061,1783,1071,1.570,1.250,0.760,1,0,5.019,0,0,10,2,0,12,0
23-06 16:31:18,22.983,5.246,69.699,0,0,1092284,1477144,167712,5071936,11127.805,1618.808,0,2322.290,0,199.853,7206,13977,1.570,1.250,0.760,1,0,11.991,0,0,10,2,0,12,0
23-06 16:31:19,22.804,5.764,69.915,0,0,1092292,1476948,167716,5072056,9492.453,1461.457,0,108.256,0,3.007,8844,16070,1.570,1.250,0.760,2,0,5.012,0,0,10,2,0,12,0
23-06 16:31:20,20.472,7.989,70.654,0.250,0,1087032,1487412,167736,5066744,7730.510,1617.805,0,16573.511,0,80.890,3384,3554,1.570,1.250,0.760,1,0,20.972,0,0,10,2,0,12,0
23-06 16:31:21,14.729,2.247,81.386,0,0,1039456,1537784,167736,5064664,14078.211,132062.367,0,15.978,0,1.997,1589,892,1.530,1.240,0.760,0,0,4.993,0,0,10,2,0,12,0
23-06 16:31:22,0.250,0.750,98.746,0,0,1039456,1537784,167736,5064664,8644.665,1619.937,0,0,0,0,469,566,1.530,1.240,0.760,0,0,0,0,0,10,2,0,11,0
23-06 16:31:23,0.500,0.250,99.256,0,0,1011772,1565468,167736,5064664,11110.696,1620.102,0,4.000,0,1.000,502,585,1.530,1.240,0.760,0,0,0,0,0,10,2,0,11,0
23-06 16:31:24,0.500,0.250,98.478,0,0,992376,1584864,167736,5064664,9296.951,1619.643,0,0,0,0,471,564,1.530,1.240,0.760,0,0,0,0,0,10,2,0,11,0
23-06 16:31:25,0.249,1.746,97.011,0,0,980560,1596676,167736,5064664,6783.314,1616.025,0,22815.877,0,83.794,790,845,1.530,1.240,0.760,0,0,0,0,0,10,2,0,11,0
23-06 16:31:26,0.501,0.250,98.696,0,0,957116,1620112,167744,5064664,23279.141,1623.217,0,1001.986,0,2.004,520,579,1.400,1.220,0.760,0,0,0,0,0,10,2,0,10,0
23-06 16:31:27,0.500,0.500,98.546,0,0,946536,1630692,167744,5064668,11608.391,1458.677,0,2261.050,0,16.007,561,641,1.400,1.220,0.760,1,0,1.000,0,0,10,2,0,10,0
23-06 16:31:28,0.250,0.500,98.523,0,0,939308,1637920,167744,5064668,10429.458,1620.382,0,0,0,0,501,556,1.400,1.220,0.760,1,0,0,0,0,10,2,0,10,0
23-06 16:31:29,0.250,0.250,98.998,0,0,932732,1644496,167744,5064668,11671.799,1619.972,0,8.000,0,2.000,505,551,1.400,1.220,0.760,0,0,0,0,0,10,2,0,10,0
23-06 16:31:30,11.747,6.498,80.729,0.250,0,913572,1663656,167744,5064668,12566.672,1619.571,0,32903.287,0,589.844,2372,9309,1.400,1.220,0.760,0,0,35.990,0,0,10,2,0,10,0
23-06 16:31:31,0.500,0.250,98.503,0,0,902784,1674444,167744,5064668,8853.291,1620.053,0,480.016,0,3.000,508,601,1.290,1.200,0.750,0,0,0,0,0,10,2,0,10,0
23-06 16:31:32,0.500,0.750,98.748,0,0,897420,1679808,167744,5064668,7208.821,1619.960,0,0,0,0,506,575,1.290,1.200,0.750,0,0,0,0,0,10,2,0,10,0
23-06 16:31:33,0.250,0,98.978,0,0,895848,1681380,167744,5064668,13370.977,1457.670,0,0,0,0,501,553,1.290,1.200,0.750,0,0,0,0,0,10,2,0,10,0
23-06 16:31:34,0.250,0.250,98.520,0,0,883712,1693516,167744,5064668,17124.472,1620.328,0,0,0,0,529,557,1.290,1.200,0.750,0,0,0,0,0,10,2,0,10,0
23-06 16:31:35,0.500,0,98.757,0,0,883460,1693768,167744,5064668,8210.594,1620.117,0,296.021,0,7.001,488,577,1.290,1.200,0.750,1,0,0,0,0,10,2,0,10,0
23-06 16:31:36,0.500,0.500,98.766,0,0,880496,1696732,167744,5064668,10921.744,1620.259,0,52.008,0,2.000,503,569,1.270,1.200,0.750,0,0,0,0,0,10,2,0,10,0
23-06 16:31:37,0.500,0.500,98.748,0,0,880064,1697160,167744,5064672,21978.639,1619.973,0,8.000,0,1.000,517,637,1.270,1.200,0.750,0,0,1.000,0,0,10,2,0,10,0
23-06 16:31:38,0,0.250,99.001,0,0,880236,1696988,167744,5064672,10734.162,1620.024,0,0,0,0,476,546,1.270,1.200,0.750,0,0,0,0,0,10,2,0,10,0
23-06 16:31:39,0.750,0.250,98.501,0,0,879948,1697276,167744,5064672,8925.071,1620.013,0,0,0,0,454,559,1.270,1.200,0.750,0,0,0,0,0,10,2,0,10,0
23-06 16:31:40,0,2.250,97.010,0,0,879948,1697276,167744,5064672,6708.695,1620.168,0,30027.110,0,142.015,872,883,1.270,1.200,0.750,0,0,0,0,0,10,2,0,10,0
23-06 16:31:41,0.500,0,98.989,0,0,879696,1697528,167744,5064672,6362.303,1457.840,0,4.000,0,1.000,441,563,1.170,1.180,0.750,0,0,0,0,0,10,2,0,10,0
23-06 16:31:42,0.749,0.250,98.415,0,0,879696,1697528,167744,5064672,11933.730,1618.607,0,567.512,0,1.998,515,571,1.170,1.180,0.750,0,0,0,0,0,10,2,0,10,0
23-06 16:31:43,0.250,0.500,99.035,0,0,879696,1697528,167744,5064672,13261.717,1620.576,0,4.001,0,1.000,478,549,1.170,1.180,0.750,0,0,0,0,0,10,2,0,10,0
23-06 16:31:44,0.500,0,98.522,0,0,879696,1697528,167744,5064672,12680.888,1620.369,0,0,0,0,508,548,1.170,1.180,0.750,0,0,0,0,0,10,2,0,10,0
23-06 16:31:45,0.250,0.250,98.778,0,0,879696,1697528,167744,5064672,10542.962,1620.455,0,0,0,0,462,544,1.170,1.180,0.750,0,0,0,0,0,10,2,0,10,0
23-06 16:31:46,0.750,3.750,95.241,0.250,0,866564,1710660,167744,5064672,10976.928,1619.842,0,62349.912,0,257.975,1225,1147,1.070,1.160,0.740,0,0,0,0,0,10,2,0,10,0
23-06 16:31:47,0.500,0.500,98.510,0.250,0,867312,1709908,167748,5064672,10746.095,1732.176,0,968.099,0,3.000,570,655,1.070,1.160,0.740,0,0,1.000,0,0,10,2,0,10,0
23-06 16:31:48,0.500,0.250,98.732,0,0,867536,1709684,167748,5064672,6451.816,1457.733,0,0,0,0,450,554,1.070,1.160,0.740,0,0,0,0,0,10,2,0,10,0
23-06 16:31:49,0.250,0.250,99.269,0,0,867536,1709684,167748,5064672,19001.585,1620.306,0,200.038,0,37.007,446,557,1.070,1.160,0.740,0,0,0,0,0,10,2,0,10,0
23-06 16:31:50,0.500,0,98.750,0,0,867536,1709684,167748,5064672,11056.971,1619.996,0,0,0,0,501,543,1.070,1.160,0.740,0,0,0,0,0,10,2,0,10,0
23-06 16:31:51,0.500,0.500,98.754,0,0,867536,1709684,167748,5064672,9159.396,1134.049,0,88.004,0,2.000,472,587,0.990,1.140,0.740,0,0,0,0,0,10,2,0,7,0
23-06 16:31:52,8.250,2.500,88.251,0,0,881112,1696076,167748,5064704,288653.155,7262.054,0,0,0,0,1607,1073,0.990,1.140,0.740,1,0,7.000,0,0,10,2,0,7,0
23-06 16:31:53,14.992,4.248,79.708,0.250,0,906524,1670724,167756,5064812,152107.429,9890.761,107.943,95.949,4.997,3.998,2346,1355,0.990,1.140,0.740,0,0,26.986,0,0,10,2,0,7,0
23-06 16:31:54,15.692,5.231,77.711,0,0,906796,1670332,167756,5064932,298492.318,9169.879,0,3.985,0,0.996,2405,1399,0.990,1.140,0.740,1,0,21.918,0,0,10,2,0,7,0
