"pcp-dstat 6.2.0 CSV Output"
"Author:","PCP team <pcp@groups.io> and Dag Wieers <dag@wieers.com>",,,,"URL:","https://pcp.io/ and http://dag.wieers.com/home-made/dstat/"
"Host:","np0000093984",,,,"User:","ubuntu"
"Cmdline:","dstat -tcmndrylpg --tcp --output /tmp/devstack_logs/dstat-csv.log",,,,"Date:","16 Apr 2026 10:55:24 UTC"
"system","total usage",,,,,"memory usage",,,,"net/total",,"dsk/total",,"io/total",,"system",,"load avg",,,"procs",,,"paging",,"tcp sockets",,,,
"time","total usage:usr","total usage:sys","total usage:idl","total usage:wai","total usage:stl","used","free","buf","cach","net/total:recv","net/total:send","dsk/total:read","dsk/total:writ","read","writ","int","csw","1m","5m","15m","run","blk","new","in","out","lis","act","syn","tim","clo"
16-04 10:55:24,,971820,1705316,163000,4984644,,,,,,,1.500,0.960,0.630,2,0,,,,10,6,0,17,0
16-04 10:55:25,27.431,20.448,49.625,0.499,0,980988,1695872,163084,4984776,16601.117,8039.716,0,829.906,0,23.940,5002,2911,1.500,0.960,0.630,1,0,222.439,0,0,10,5,0,17,1
16-04 10:55:26,24.294,20.788,52.846,0.501,0,991236,1685136,163216,4985040,45032.940,11636.173,0,1366.486,0,42.077,5037,3125,1.500,0.960,0.630,2,0,232.423,0,0,10,4,0,17,2
16-04 10:55:27,28.700,20.464,49.663,0.499,0,1018872,1656964,163328,4985356,22104.116,8868.399,0,1225.844,0,38.932,5186,3248,1.500,0.960,0.630,2,0,255.550,0,0,10,4,0,17,2
16-04 10:55:28,34.541,18.522,44.803,0.501,0.250,1011740,1645640,163524,5003312,177201.523,7000.356,0,1485.774,0,44.053,5218,5072,1.500,0.960,0.630,2,0,144.172,0,0,10,4,0,17,2
16-04 10:55:29,33.308,22.123,42.754,0.497,0,1036300,1605332,164448,5015128,10254.992,1610.732,0,1849.359,0,52.697,5084,3098,1.540,0.980,0.640,2,0,175.987,0,0,10,4,0,11,2
16-04 10:55:30,46.756,15.585,36.701,0.251,0,1042380,1581268,164860,5031188,6488.535,1520.326,0,1053.771,0,36.198,5071,6230,1.540,0.980,0.640,2,0,122.672,0,0,10,4,0,11,2
16-04 10:55:31,38.718,16.736,41.216,2.498,0,1056776,1541760,165660,5052772,10565.289,1702.596,795.344,2733.746,22.981,113.906,6459,7287,1.540,0.980,0.640,2,0,183.848,0,0,10,4,0,11,2
16-04 10:55:32,35.271,15.009,48.028,1.001,0,1044944,1523124,166716,5079028,8783.156,1566.920,216.127,11278.621,15.009,96.056,4064,3020,1.540,0.980,0.640,1,0,44.026,0,0,10,4,0,11,2
16-04 10:55:33,18.746,1.750,77.984,0.750,0,1042948,1513952,167428,5087824,12005.561,3758.236,0,2483.495,0,125.974,1696,1305,1.540,0.980,0.640,1,0,0,0,0,10,5,0,11,2
16-04 10:55:34,22.256,3.251,73.771,0,0,1047412,1526928,167448,5070744,11006.078,2274.636,0,88.025,0,6.002,1911,985,1.500,0.980,0.640,1,0,19.005,0,0,10,2,0,11,0
16-04 10:55:35,18.746,2.250,77.985,0.250,0,1036632,1536832,167460,5071608,13564.397,3687.293,0,371.929,0,3.999,1586,790,1.500,0.980,0.640,1,0,15.997,0,0,10,3,0,11,0
16-04 10:55:36,22.253,3.501,73.261,0.250,0,1034716,1533336,167540,5076348,10985.610,1794.263,0,900.132,0,22.003,1833,1011,1.500,0.980,0.640,1,0,4.001,0,0,10,2,0,11,0
16-04 10:55:37,18.000,2.250,78.750,0.250,0,1028796,1532552,167920,5081496,21546.029,4735.006,0,1208.002,0,23.000,1736,929,1.500,0.980,0.640,1,0,18.000,0,0,10,2,0,11,0
16-04 10:55:38,23.496,5.499,68.739,0,0,1019008,1541604,167972,5082012,6429.944,1619.734,0,31278.861,0,590.903,11554,20557,1.500,0.980,0.640,2,0,11.998,0,0,10,2,0,11,0
16-04 10:55:39,22.000,6.000,69.999,0,0,1015540,1544932,168016,5082104,10354.816,1619.971,0,2207.961,0,196.997,12578,22808,1.460,0.980,0.640,1,0,13.000,0,0,10,2,0,11,0
16-04 10:55:40,21.251,4.500,74.253,0,0,973780,1599696,168060,5070824,44998.075,1566.072,0,1200.055,0,13.001,1939,1045,1.460,0.980,0.640,2,0,8.000,0,0,10,2,0,11,0
16-04 10:55:41,5.749,1.500,91.983,0,0,935272,1638348,168060,5070784,15682.053,131143.358,0,7.998,0,2.000,1127,751,1.460,0.980,0.640,0,0,3.999,0,0,10,2,0,11,0
16-04 10:55:42,0.250,0.250,99.001,0,0,929764,1643856,168060,5070784,8253.046,1350.008,0,4.000,0,1.000,478,556,1.460,0.980,0.640,0,0,0,0,0,10,2,0,11,0
16-04 10:55:43,0,1.250,97.497,0,0,923800,1649820,168060,5070784,10757.693,1619.954,0,9635.725,0,42.999,721,719,1.460,0.980,0.640,0,0,0,0,0,10,2,0,11,0
16-04 10:55:44,0.750,0,99.003,0,0,918396,1655224,168060,5070784,8480.233,1620.044,0,0,0,0,488,552,1.340,0.960,0.640,0,0,0,0,0,10,2,0,11,0
16-04 10:55:45,0.500,0.500,98.747,0.500,0,913884,1659728,168064,5070792,42365.765,1619.953,0,3207.906,0,16.000,552,557,1.340,0.960,0.640,0,0,0,0,0,10,2,0,11,0
16-04 10:55:46,0.250,0.250,98.500,0,0,909080,1664532,168064,5070792,6464.996,1619.999,0,0,0,0,521,605,1.340,0.960,0.640,0,0,1.000,0,0,10,2,0,9,0
16-04 10:55:47,0.500,0.250,99.004,0,0,903752,1669860,168064,5070792,10527.449,1620.069,0,8.000,0,2.000,508,548,1.340,0.960,0.640,0,0,0,0,0,10,2,0,9,0
16-04 10:55:48,0.750,2.250,96.497,0,0,891028,1682584,168064,5070792,10439.631,1457.949,0,29862.945,0,138.995,939,903,1.340,0.960,0.640,0,0,0,0,0,10,2,0,9,0
16-04 10:55:49,0.250,0,99.014,0,0,889192,1684420,168064,5070792,10046.461,1620.236,0,8.001,0,1.000,508,559,1.230,0.940,0.630,0,0,0,0,0,10,2,0,9,0
16-04 10:55:50,0.500,0.250,98.735,0.250,0,887404,1686212,168064,5070792,7616.814,1133.823,0,607.905,0,2.000,477,541,1.230,0.940,0.630,0,0,0,0,0,10,2,0,9,0
16-04 10:55:51,0.250,0,98.752,0,0,886216,1687400,168064,5070792,10043.155,1620.025,0,0,0,0,521,545,1.230,0.940,0.630,0,0,0,0,0,10,2,0,9,0
16-04 10:55:52,0.500,0.250,99.003,0,0,886216,1687400,168064,5070792,8435.221,1458.038,0,0,0,0,460,535,1.230,0.940,0.630,0,0,0,0,0,10,2,0,9,0
16-04 10:55:53,0.500,0,98.753,0,0,885200,1688416,168064,5070792,6022.200,1620.054,0,324.011,0,6.000,494,569,1.230,0.940,0.630,0,0,0,0,0,10,2,0,9,0
16-04 10:55:54,0.750,0.500,98.994,0,0,882324,1691292,168064,5070792,11812.343,1619.910,0,0,0,0,547,552,1.130,0.930,0.630,0,0,0,0,0,10,2,0,9,0
16-04 10:55:55,0.500,0.250,98.759,0,0,879716,1693900,168064,5070792,7978.752,1620.153,0,4.000,0,1.000,482,545,1.130,0.930,0.630,0,0,0,0,0,10,2,0,9,0
16-04 10:55:56,0.250,0.250,98.496,0,0,877552,1696064,168064,5070792,5929.753,1619.933,0,71.997,0,2.000,519,604,1.130,0.930,0.630,0,0,1.000,0,0,10,2,0,9,0
16-04 10:55:57,0.500,0.250,98.496,0,0,875792,1697824,168064,5070792,9521.635,1511.942,0,0,0,0,494,539,1.130,0.930,0.630,0,0,0,0,0,10,2,0,9,0
16-04 10:55:58,0.250,0.250,99.008,0,0,874312,1699304,168064,5070792,9924.777,1566.123,0,0,0,0,503,545,1.130,0.930,0.630,0,0,0,0,0,10,2,0,9,0
16-04 10:55:59,0.500,0.250,99.000,0,0,873812,1699804,168064,5070792,10150.983,1619.997,0,4.000,0,1.000,532,547,1.040,0.910,0.630,0,0,0,0,0,10,2,0,9,0
16-04 10:56:00,0.750,0,98.743,0,0,873564,1700052,168064,5070792,7897.429,1619.883,0,0,0,0,473,534,1.040,0.910,0.630,0,0,0,0,0,10,2,0,9,0
16-04 10:56:01,0,0.500,98.762,0,0,873432,1700056,168064,5070920,7799.933,1620.194,0,28.003,0,3.000,480,569,1.040,0.910,0.630,0,0,0,0,0,10,2,0,9,0
16-04 10:56:02,0.500,0,98.990,0,0,873404,1700084,168064,5070920,10731.940,1619.840,0,0,0,0,493,542,1.040,0.910,0.630,0,0,0,0,0,10,2,0,9,0
16-04 10:56:03,0.250,0.750,98.260,0,0,873684,1699800,168064,5070924,7746.822,1620.172,0,4776.507,0,24.003,550,625,1.040,0.910,0.630,0,0,0,0,0,10,2,0,9,0
16-04 10:56:04,0.500,4.249,94.235,0.250,0,866176,1707308,168064,5070924,6434.963,1661.732,0,79691.159,0,321.948,1391,1320,0.960,0.900,0.620,0,0,0,0,0,10,2,0,9,0
16-04 10:56:05,0.500,0,99.003,0,0,866144,1707340,168064,5070924,9944.310,1458.046,0,188.006,0,35.001,507,577,0.960,0.900,0.620,0,0,0,0,0,10,2,0,9,0
16-04 10:56:06,0.750,0.750,98.500,0.250,0,866396,1707088,168064,5070924,6217.976,1619.994,0,1367.995,0,3.000,527,632,0.960,0.900,0.620,0,0,1.000,0,0,10,2,0,9,0
16-04 10:56:07,0.250,0.250,98.747,0,0,866168,1707316,168064,5070924,10957.676,1511.955,0,8.000,0,1.000,505,592,0.960,0.900,0.620,0,0,0,0,0,10,2,0,9,0
16-04 10:56:08,0.750,0,98.752,0,0,866168,1707316,168064,5070924,10608.194,1566.029,0,0,0,0,506,562,0.960,0.900,0.620,0,0,0,0,0,10,2,0,9,0
16-04 10:56:09,0.250,0.250,99.020,0,0,866168,1707316,168064,5070924,6423.314,1350.276,0,8.002,0,2.000,471,596,0.880,0.880,0.620,0,0,0,0,0,10,2,0,9,0
16-04 10:56:10,0.500,0.250,98.483,0,0,866168,1707316,168064,5070924,47369.035,1241.791,0,0,0,0,569,554,0.880,0.880,0.620,0,0,0,0,0,10,2,0,7,0
16-04 10:56:11,0.250,0.750,98.532,0,0,866672,1706812,168064,5070924,76233.741,1988.645,0,48.016,0,3.001,625,632,0.880,0.880,0.620,1,0,3.001,0,0,10,2,0,7,0
16-04 10:56:12,15.250,3.250,80.252,0,0,884788,1688696,168064,5070924,224598.265,8602.202,0,40.001,0,1.000,2187,1296,0.880,0.880,0.620,1,0,21.000,0,0,10,2,0,7,0
16-04 10:56:13,15.999,4.750,77.995,0.500,0,890016,1683356,168068,5071032,294509.161,12283.256,107.993,11.999,5.000,3.000,2421,1454,0.880,0.880,0.620,1,0,19.999,0,0,10,2,0,7,0
16-04 10:56:14,12.998,9.248,76.487,0,0,890376,1682852,168068,5071176,154939.708,3871.343,0,3143.467,0,36.994,2784,1509,0.890,0.880,0.620,2,0,34.994,0,0,10,2,0,4,0
