Jan 19 17:08:11 ubuntu devstack@keystone.service[61734]: DEBUG keystone.common.rbac_enforcer.enforcer [None req-c15887c7-f29d-4c4d-8437-2bff8d850178 None admin] RBAC: Authorizing `identity:create_grant(domain_id=default, user_id=a7cbed4f4beb48dc81a799144c615cb0, role_id=a6eb7e29d1a94a09a75d967b0a72f96a)` {{(pid=61734) enforce_call /opt/stack/keystone/keystone/common/rbac_enforcer/enforcer.py:494}}
Jan 19 17:08:11 ubuntu devstack@keystone.service[61734]: DEBUG keystone.common.rbac_enforcer.enforcer [None req-c15887c7-f29d-4c4d-8437-2bff8d850178 None admin] RBAC: Authorization granted {{(pid=61734) enforce_call /opt/stack/keystone/keystone/common/rbac_enforcer/enforcer.py:505}}
Jan 19 17:08:11 ubuntu devstack@keystone.service[61734]: [pid: 61734|app: 0|req: 11/21] 10.120.125.138 () {60 vars in 1433 bytes} [Mon Jan 19 17:08:11 2026] PUT /identity/v3/domains/default/users/a7cbed4f4beb48dc81a799144c615cb0/roles/a6eb7e29d1a94a09a75d967b0a72f96a => generated 0 bytes in 141 msecs (HTTP/1.1 204) 3 headers in 132 bytes (0 switches on core 0)
Jan 19 17:08:12 ubuntu devstack@keystone.service[61733]: DEBUG keystone.server.flask.request_processing.req_logging [None req-af76ebda-da1e-4ebb-a224-f22b9ae0fefc None None] REQUEST_METHOD: `GET` {{(pid=61733) log_request_info /opt/stack/keystone/keystone/server/flask/request_processing/req_logging.py:26}}
Jan 19 17:08:12 ubuntu devstack@keystone.service[61733]: DEBUG keystone.server.flask.request_processing.req_logging [None req-af76ebda-da1e-4ebb-a224-f22b9ae0fefc None None] SCRIPT_NAME: `/identity` {{(pid=61733) log_request_info /opt/stack/keystone/keystone/server/flask/request_processing/req_logging.py:27}}
Jan 19 17:08:12 ubuntu devstack@keystone.service[61733]: DEBUG keystone.server.flask.request_processing.req_logging [None req-af76ebda-da1e-4ebb-a224-f22b9ae0fefc None None] PATH_INFO: `/` {{(pid=61733) log_request_info /opt/stack/keystone/keystone/server/flask/request_processing/req_logging.py:28}}
Jan 19 17:08:12 ubuntu devstack@keystone.service[61733]: [pid: 61733|app: 0|req: 11/22] 10.120.125.138 () {56 vars in 955 bytes} [Mon Jan 19 17:08:12 2026] GET /identity => generated 272 bytes in 1 msecs (HTTP/1.1 300) 6 headers in 236 bytes (1 switches on core 0)
Jan 19 17:08:12 ubuntu devstack@keystone.service[61734]: DEBUG keystone.server.flask.request_processing.req_logging [None req-67674bea-1167-4a2d-a22b-546ae84db700 None None] REQUEST_METHOD: `POST` {{(pid=61734) log_request_info /opt/stack/keystone/keystone/server/flask/request_processing/req_logging.py:26}}
Jan 19 17:08:12 ubuntu devstack@keystone.service[61734]: DEBUG keystone.server.flask.request_processing.req_logging [None req-67674bea-1167-4a2d-a22b-546ae84db700 None None] SCRIPT_NAME: `/identity` {{(pid=61734) log_request_info /opt/stack/keystone/keystone/server/flask/request_processing/req_logging.py:27}}
Jan 19 17:08:12 ubuntu devstack@keystone.service[61734]: DEBUG keystone.server.flask.request_processing.req_logging [None req-67674bea-1167-4a2d-a22b-546ae84db700 None None] PATH_INFO: `/v3/auth/tokens` {{(pid=61734) log_request_info /opt/stack/keystone/keystone/server/flask/request_processing/req_logging.py:28}}
Jan 19 17:08:12 ubuntu devstack@keystone.service[61734]: WARNING keystone.common.password_hashing [None req-67674bea-1167-4a2d-a22b-546ae84db700 None None] Truncating password to algorithm specific maximum length 72 characters.
Jan 19 17:08:12 ubuntu devstack@keystone.service[61734]: DEBUG keystone.auth.core [None req-67674bea-1167-4a2d-a22b-546ae84db700 None None] MFA Rules not processed for user `a7cbed4f4beb48dc81a799144c615cb0`. Rule list: `[]` (Enabled: `True`). {{(pid=61734) check_auth_methods_against_rules /opt/stack/keystone/keystone/auth/core.py:476}}
Jan 19 17:08:12 ubuntu devstack@keystone.service[61734]: DEBUG keystone.common.fernet_utils [None req-67674bea-1167-4a2d-a22b-546ae84db700 None None] Loaded 2 Fernet keys from /etc/keystone/fernet-keys/, but `[fernet_tokens] max_active_keys = 3`; perhaps there have not been enough key rotations to reach `max_active_keys` yet? {{(pid=61734) load_keys /opt/stack/keystone/keystone/common/fernet_utils.py:297}}
Jan 19 17:08:13 ubuntu devstack@keystone.service[61734]: [pid: 61734|app: 0|req: 12/23] 10.120.125.138 () {60 vars in 1052 bytes} [Mon Jan 19 17:08:12 2026] POST /identity/v3/auth/tokens => generated 864 bytes in 61 msecs (HTTP/1.1 201) 6 headers in 363 bytes (1 switches on core 0)
Jan 19 17:08:13 ubuntu devstack@keystone.service[61733]: DEBUG keystone.server.flask.request_processing.req_logging [None req-bbc9ae56-9c56-4418-ac8d-585eda08ff9a None None] REQUEST_METHOD: `GET` {{(pid=61733) log_request_info /opt/stack/keystone/keystone/server/flask/request_processing/req_logging.py:26}}
Jan 19 17:08:13 ubuntu devstack@keystone.service[61733]: DEBUG keystone.server.flask.request_processing.req_logging [None req-bbc9ae56-9c56-4418-ac8d-585eda08ff9a None None] SCRIPT_NAME: `/identity` {{(pid=61733) log_request_info /opt/stack/keystone/keystone/server/flask/request_processing/req_logging.py:27}}
Jan 19 17:08:13 ubuntu devstack@keystone.service[61733]: DEBUG keystone.server.flask.request_processing.req_logging [None req-bbc9ae56-9c56-4418-ac8d-585eda08ff9a None None] PATH_INFO: `/` {{(pid=61733) log_request_info /opt/stack/keystone/keystone/server/flask/request_processing/req_logging.py:28}}
Jan 19 17:08:13 ubuntu devstack@keystone.service[61733]: [pid: 61733|app: 0|req: 12/24] 10.120.125.138 () {56 vars in 954 bytes} [Mon Jan 19 17:08:13 2026] GET /identity => generated 272 bytes in 1 msecs (HTTP/1.1 300) 6 headers in 236 bytes (1 switches on core 0)
Jan 19 17:08:13 ubuntu devstack@keystone.service[61734]: DEBUG keystone.server.flask.request_processing.req_logging [None req-8d9924f9-226b-404d-805a-b31e47708c6c None None] REQUEST_METHOD: `GET` {{(pid=61734) log_request_info /opt/stack/keystone/keystone/server/flask/request_processing/req_logging.py:26}}
Jan 19 17:08:13 ubuntu devstack@keystone.service[61734]: DEBUG keystone.server.flask.request_processing.req_logging [None req-8d9924f9-226b-404d-805a-b31e47708c6c None None] SCRIPT_NAME: `/identity` {{(pid=61734) log_request_info /opt/stack/keystone/keystone/server/flask/request_processing/req_logging.py:27}}
Jan 19 17:08:13 ubuntu devstack@keystone.service[61734]: DEBUG keystone.server.flask.request_processing.req_logging [None req-8d9924f9-226b-404d-805a-b31e47708c6c None None] PATH_INFO: `/` {{(pid=61734) log_request_info /opt/stack/keystone/keystone/server/flask/request_processing/req_logging.py:28}}
Jan 19 17:08:13 ubuntu devstack@keystone.service[61734]: [pid: 61734|app: 0|req: 13/25] 10.120.125.138 () {56 vars in 955 bytes} [Mon Jan 19 17:08:13 2026] GET /identity => generated 272 bytes in 1 msecs (HTTP/1.1 300) 6 headers in 236 bytes (1 switches on core 0)
Jan 19 17:08:13 ubuntu devstack@keystone.service[61733]: DEBUG keystone.server.flask.request_processing.req_logging [None req-8b8d7150-6818-415c-96bb-bd6b60df14a6 None None] REQUEST_METHOD: `POST` {{(pid=61733) log_request_info /opt/stack/keystone/keystone/server/flask/request_processing/req_logging.py:26}}
Jan 19 17:08:13 ubuntu devstack@keystone.service[61733]: DEBUG keystone.server.flask.request_processing.req_logging [None req-8b8d7150-6818-415c-96bb-bd6b60df14a6 None None] SCRIPT_NAME: `/identity` {{(pid=61733) log_request_info /opt/stack/keystone/keystone/server/flask/request_processing/req_logging.py:27}}
Jan 19 17:08:13 ubuntu devstack@keystone.service[61733]: DEBUG keystone.server.flask.request_processing.req_logging [None req-8b8d7150-6818-415c-96bb-bd6b60df14a6 None None] PATH_INFO: `/v3/auth/tokens` {{(pid=61733) log_request_info /opt/stack/keystone/keystone/server/flask/request_processing/req_logging.py:28}}
Jan 19 17:08:13 ubuntu devstack@keystone.service[61733]: WARNING keystone.common.password_hashing [None req-8b8d7150-6818-415c-96bb-bd6b60df14a6 None None] Truncating password to algorithm specific maximum length 72 characters.
Jan 19 17:08:13 ubuntu devstack@keystone.service[61733]: DEBUG keystone.auth.core [None req-8b8d7150-6818-415c-96bb-bd6b60df14a6 None None] MFA Rules not processed for user `a7cbed4f4beb48dc81a799144c615cb0`. Rule list: `[]` (Enabled: `True`). {{(pid=61733) check_auth_methods_against_rules /opt/stack/keystone/keystone/auth/core.py:476}}
Jan 19 17:08:13 ubuntu devstack@keystone.service[61733]: DEBUG keystone.common.fernet_utils [None req-8b8d7150-6818-415c-96bb-bd6b60df14a6 None None] Loaded 2 Fernet keys from /etc/keystone/fernet-keys/, but `[fernet_tokens] max_active_keys = 3`; perhaps there have not been enough key rotations to reach `max_active_keys` yet? {{(pid=61733) load_keys /opt/stack/keystone/keystone/common/fernet_utils.py:297}}
Jan 19 17:08:13 ubuntu devstack@keystone.service[61733]: [pid: 61733|app: 0|req: 13/26] 10.120.125.138 () {60 vars in 1052 bytes} [Mon Jan 19 17:08:13 2026] POST /identity/v3/auth/tokens => generated 864 bytes in 63 msecs (HTTP/1.1 201) 6 headers in 363 bytes (1 switches on core 0)
Jan 19 17:08:13 ubuntu devstack@keystone.service[61734]: DEBUG keystone.server.flask.request_processing.req_logging [None req-8d8f8a58-5967-49d8-beaa-e3cc0ef58cce None None] REQUEST_METHOD: `POST` {{(pid=61734) log_request_info /opt/stack/keystone/keystone/server/flask/request_processing/req_logging.py:26}}
Jan 19 17:08:13 ubuntu devstack@keystone.service[61734]: DEBUG keystone.server.flask.request_processing.req_logging [None req-8d8f8a58-5967-49d8-beaa-e3cc0ef58cce None None] SCRIPT_NAME: `/identity` {{(pid=61734) log_request_info /opt/stack/keystone/keystone/server/flask/request_processing/req_logging.py:27}}
Jan 19 17:08:13 ubuntu devstack@keystone.service[61734]: DEBUG keystone.server.flask.request_processing.req_logging [None req-8d8f8a58-5967-49d8-beaa-e3cc0ef58cce None None] PATH_INFO: `/v3/auth/tokens` {{(pid=61734) log_request_info /opt/stack/keystone/keystone/server/flask/request_processing/req_logging.py:28}}
Jan 19 17:08:13 ubuntu devstack@keystone.service[61734]: WARNING keystone.common.password_hashing [None req-8d8f8a58-5967-49d8-beaa-e3cc0ef58cce None None] Truncating password to algorithm specific maximum length 72 characters.
Jan 19 17:08:13 ubuntu devstack@keystone.service[61734]: DEBUG keystone.auth.core [None req-8d8f8a58-5967-49d8-beaa-e3cc0ef58cce None None] MFA Rules not processed for user `a7cbed4f4beb48dc81a799144c615cb0`. Rule list: `[]` (Enabled: `True`). {{(pid=61734) check_auth_methods_against_rules /opt/stack/keystone/keystone/auth/core.py:476}}
Jan 19 17:08:13 ubuntu devstack@keystone.service[61734]: DEBUG keystone.common.fernet_utils [None req-8d8f8a58-5967-49d8-beaa-e3cc0ef58cce None None] Loaded 2 Fernet keys from /etc/keystone/fernet-keys/, but `[fernet_tokens] max_active_keys = 3`; perhaps there have not been enough key rotations to reach `max_active_keys` yet? {{(pid=61734) load_keys /opt/stack/keystone/keystone/common/fernet_utils.py:297}}
Jan 19 17:08:13 ubuntu devstack@keystone.service[61734]: [pid: 61734|app: 0|req: 14/27] 10.120.125.138 () {60 vars in 1052 bytes} [Mon Jan 19 17:08:13 2026] POST /identity/v3/auth/tokens => generated 864 bytes in 66 msecs (HTTP/1.1 201) 6 headers in 363 bytes (1 switches on core 0)
Jan 19 17:08:13 ubuntu devstack@keystone.service[61733]: DEBUG keystone.server.flask.request_processing.middleware.auth_context [None req-8b8d7150-6818-415c-96bb-bd6b60df14a6 None None] Authenticating user token {{(pid=61733) process_request /opt/stack/data/venv/lib/python3.12/site-packages/keystonemiddleware/auth_token/__init__.py:407}}
Jan 19 17:08:13 ubuntu devstack@keystone.service[61733]: DEBUG keystone.server.flask.request_processing.middleware.auth_context [None req-8b8d7150-6818-415c-96bb-bd6b60df14a6 None None] Validating token access rules against request {{(pid=61733) validate_allowed_request /opt/stack/data/venv/lib/python3.12/site-packages/keystonemiddleware/auth_token/__init__.py:545}}
Jan 19 17:08:13 ubuntu devstack@keystone.service[61733]: DEBUG keystone.server.flask.request_processing.middleware.auth_context [None req-b271fe43-4c04-4e25-9719-af92d9221fc2 None admin] RBAC: auth_context: {'token': <TokenModel (audit_id=EkPjKOpjRIm3y_AaDMcP3Q, audit_chain_id=['EkPjKOpjRIm3y_AaDMcP3Q']) at 0x7be4bcadc380>, 'domain_id': None, 'trust_id': None, 'trustor_id': None, 'trustee_id': None, 'domain_name': None, 'group_ids': [], 'user_id': 'a7cbed4f4beb48dc81a799144c615cb0', 'user_domain_id': 'default', 'system_scope': 'all', 'project_id': None, 'project_domain_id': None, 'roles': ['admin', 'manager', 'member', 'reader'], 'is_admin_project': True, 'service_user_id': None, 'service_user_domain_id': None, 'service_project_id': None, 'service_project_domain_id': None, 'service_roles': []} {{(pid=61733) fill_context /opt/stack/keystone/keystone/server/flask/request_processing/middleware/auth_context.py:509}}
Jan 19 17:08:13 ubuntu devstack@keystone.service[61733]: DEBUG keystone.server.flask.request_processing.req_logging [None req-b271fe43-4c04-4e25-9719-af92d9221fc2 None admin] REQUEST_METHOD: `GET` {{(pid=61733) log_request_info /opt/stack/keystone/keystone/server/flask/request_processing/req_logging.py:26}}
Jan 19 17:08:13 ubuntu devstack@keystone.service[61733]: DEBUG keystone.server.flask.request_processing.req_logging [None req-b271fe43-4c04-4e25-9719-af92d9221fc2 None admin] SCRIPT_NAME: `/identity` {{(pid=61733) log_request_info /opt/stack/keystone/keystone/server/flask/request_processing/req_logging.py:27}}
Jan 19 17:08:13 ubuntu devstack@keystone.service[61733]: DEBUG keystone.server.flask.request_processing.req_logging [None req-b271fe43-4c04-4e25-9719-af92d9221fc2 None admin] PATH_INFO: `/v3/roles/admin` {{(pid=61733) log_request_info /opt/stack/keystone/keystone/server/flask/request_processing/req_logging.py:28}}
Jan 19 17:08:13 ubuntu devstack@keystone.service[61733]: DEBUG keystone.common.rbac_enforcer.enforcer [None req-b271fe43-4c04-4e25-9719-af92d9221fc2 None admin] Extracting inferred target data resulted in "NOT FOUND (404)". {{(pid=61733) enforce_call /opt/stack/keystone/keystone/common/rbac_enforcer/enforcer.py:445}}
Jan 19 17:08:13 ubuntu devstack@keystone.service[61733]: DEBUG keystone.server.flask.application [None req-b271fe43-4c04-4e25-9719-af92d9221fc2 None admin] Could not find role: admin. {{(pid=61733) _handle_keystone_exception /opt/stack/keystone/keystone/server/flask/application.py:146}}
Jan 19 17:08:13 ubuntu devstack@keystone.service[61733]: [pid: 61733|app: 0|req: 14/28] 10.120.125.138 () {58 vars in 1168 bytes} [Mon Jan 19 17:08:13 2026] GET /identity/v3/roles/admin => generated 83 bytes in 77 msecs (HTTP/1.1 404) 5 headers in 183 bytes (1 switches on core 0)
Jan 19 17:08:13 ubuntu devstack@keystone.service[61734]: DEBUG keystone.server.flask.request_processing.middleware.auth_context [None req-8d8f8a58-5967-49d8-beaa-e3cc0ef58cce None None] Authenticating user token {{(pid=61734) process_request /opt/stack/data/venv/lib/python3.12/site-packages/keystonemiddleware/auth_token/__init__.py:407}}
Jan 19 17:08:13 ubuntu devstack@keystone.service[61734]: DEBUG keystone.server.flask.request_processing.middleware.auth_context [None req-8d8f8a58-5967-49d8-beaa-e3cc0ef58cce None None] Validating token access rules against request {{(pid=61734) validate_allowed_request /opt/stack/data/venv/lib/python3.12/site-packages/keystonemiddleware/auth_token/__init__.py:545}}
Jan 19 17:08:13 ubuntu devstack@keystone.service[61733]: DEBUG keystone.server.flask.request_processing.req_logging [None req-84e7c281-8d0e-40c0-b063-0d9b415624b9 None None] REQUEST_METHOD: `GET` {{(pid=61733) log_request_info /opt/stack/keystone/keystone/server/flask/request_processing/req_logging.py:26}}
Jan 19 17:08:13 ubuntu devstack@keystone.service[61733]: DEBUG keystone.server.flask.request_processing.req_logging [None req-84e7c281-8d0e-40c0-b063-0d9b415624b9 None None] SCRIPT_NAME: `/identity` {{(pid=61733) log_request_info /opt/stack/keystone/keystone/server/flask/request_processing/req_logging.py:27}}
Jan 19 17:08:13 ubuntu devstack@keystone.service[61733]: DEBUG keystone.server.flask.request_processing.req_logging [None req-84e7c281-8d0e-40c0-b063-0d9b415624b9 None None] PATH_INFO: `/` {{(pid=61733) log_request_info /opt/stack/keystone/keystone/server/flask/request_processing/req_logging.py:28}}
Jan 19 17:08:13 ubuntu devstack@keystone.service[61733]: [pid: 61733|app: 0|req: 15/29] 10.120.125.138 () {56 vars in 955 bytes} [Mon Jan 19 17:08:13 2026] GET /identity => generated 272 bytes in 4 msecs (HTTP/1.1 300) 6 headers in 236 bytes (1 switches on core 0)
Jan 19 17:08:13 ubuntu devstack@keystone.service[61734]: DEBUG keystone.server.flask.request_processing.middleware.auth_context [None req-b51bf02a-1d48-4eb2-a2dc-1fa5d9026274 None admin] RBAC: auth_context: {'token': <TokenModel (audit_id=EkPjKOpjRIm3y_AaDMcP3Q, audit_chain_id=['EkPjKOpjRIm3y_AaDMcP3Q']) at 0x7be4bc9ded20>, 'domain_id': None, 'trust_id': None, 'trustor_id': None, 'trustee_id': None, 'domain_name': None, 'group_ids': [], 'user_id': 'a7cbed4f4beb48dc81a799144c615cb0', 'user_domain_id': 'default', 'system_scope': 'all', 'project_id': None, 'project_domain_id': None, 'roles': ['admin', 'manager', 'member', 'reader'], 'is_admin_project': True, 'service_user_id': None, 'service_user_domain_id': None, 'service_project_id': None, 'service_project_domain_id': None, 'service_roles': []} {{(pid=61734) fill_context /opt/stack/keystone/keystone/server/flask/request_processing/middleware/auth_context.py:509}}
Jan 19 17:08:13 ubuntu devstack@keystone.service[61733]: DEBUG keystone.server.flask.request_processing.req_logging [None req-19730173-1d01-421a-8c80-2417e73ef815 None None] REQUEST_METHOD: `GET` {{(pid=61733) log_request_info /opt/stack/keystone/keystone/server/flask/request_processing/req_logging.py:26}}
Jan 19 17:08:13 ubuntu devstack@keystone.service[61733]: DEBUG keystone.server.flask.request_processing.req_logging [None req-19730173-1d01-421a-8c80-2417e73ef815 None None] SCRIPT_NAME: `/identity` {{(pid=61733) log_request_info /opt/stack/keystone/keystone/server/flask/request_processing/req_logging.py:27}}
Jan 19 17:08:13 ubuntu devstack@keystone.service[61733]: DEBUG keystone.server.flask.request_processing.req_logging [None req-19730173-1d01-421a-8c80-2417e73ef815 None None] PATH_INFO: `/` {{(pid=61733) log_request_info /opt/stack/keystone/keystone/server/flask/request_processing/req_logging.py:28}}
Jan 19 17:08:13 ubuntu devstack@keystone.service[61734]: DEBUG keystone.server.flask.request_processing.req_logging [None req-b51bf02a-1d48-4eb2-a2dc-1fa5d9026274 None admin] REQUEST_METHOD: `GET` {{(pid=61734) log_request_info /opt/stack/keystone/keystone/server/flask/request_processing/req_logging.py:26}}
Jan 19 17:08:13 ubuntu devstack@keystone.service[61734]: DEBUG keystone.server.flask.request_processing.req_logging [None req-b51bf02a-1d48-4eb2-a2dc-1fa5d9026274 None admin] SCRIPT_NAME: `/identity` {{(pid=61734) log_request_info /opt/stack/keystone/keystone/server/flask/request_processing/req_logging.py:27}}
Jan 19 17:08:13 ubuntu devstack@keystone.service[61734]: DEBUG keystone.server.flask.request_processing.req_logging [None req-b51bf02a-1d48-4eb2-a2dc-1fa5d9026274 None admin] PATH_INFO: `/v3/roles` {{(pid=61734) log_request_info /opt/stack/keystone/keystone/server/flask/request_processing/req_logging.py:28}}
Jan 19 17:08:13 ubuntu devstack@keystone.service[61733]: [pid: 61733|app: 0|req: 16/30] 10.120.125.138 () {56 vars in 955 bytes} [Mon Jan 19 17:08:13 2026] GET /identity => generated 272 bytes in 1 msecs (HTTP/1.1 300) 6 headers in 236 bytes (1 switches on core 0)
Jan 19 17:08:13 ubuntu devstack@keystone.service[61734]: DEBUG keystone.common.rbac_enforcer.enforcer [None req-b51bf02a-1d48-4eb2-a2dc-1fa5d9026274 None admin] RBAC: Adding query filter params (name=admin) {{(pid=61734) _extract_filter_values /opt/stack/keystone/keystone/common/rbac_enforcer/enforcer.py:176}}
Jan 19 17:08:13 ubuntu devstack@keystone.service[61734]: DEBUG keystone.common.rbac_enforcer.enforcer [None req-b51bf02a-1d48-4eb2-a2dc-1fa5d9026274 None admin] RBAC: Authorizing `identity:list_roles()` {{(pid=61734) enforce_call /opt/stack/keystone/keystone/common/rbac_enforcer/enforcer.py:494}}
Jan 19 17:08:13 ubuntu devstack@keystone.service[61734]: DEBUG keystone.common.rbac_enforcer.enforcer [None req-b51bf02a-1d48-4eb2-a2dc-1fa5d9026274 None admin] RBAC: Authorization granted {{(pid=61734) enforce_call /opt/stack/keystone/keystone/common/rbac_enforcer/enforcer.py:505}}
Jan 19 17:08:13 ubuntu devstack@keystone.service[61734]: [pid: 61734|app: 0|req: 15/31] 10.120.125.138 () {58 vars in 1184 bytes} [Mon Jan 19 17:08:13 2026] GET /identity/v3/roles?name=admin => generated 343 bytes in 70 msecs (HTTP/1.1 200) 5 headers in 177 bytes (1 switches on core 0)
Jan 19 17:08:13 ubuntu devstack@keystone.service[61733]: DEBUG keystone.server.flask.request_processing.req_logging [None req-e1b6083a-96d7-4abb-8e7e-2b56f33bfbf8 None None] REQUEST_METHOD: `GET` {{(pid=61733) log_request_info /opt/stack/keystone/keystone/server/flask/request_processing/req_logging.py:26}}
Jan 19 17:08:13 ubuntu devstack@keystone.service[61733]: DEBUG keystone.server.flask.request_processing.req_logging [None req-e1b6083a-96d7-4abb-8e7e-2b56f33bfbf8 None None] SCRIPT_NAME: `/identity` {{(pid=61733) log_request_info /opt/stack/keystone/keystone/server/flask/request_processing/req_logging.py:27}}
Jan 19 17:08:13 ubuntu devstack@keystone.service[61733]: DEBUG keystone.server.flask.request_processing.req_logging [None req-e1b6083a-96d7-4abb-8e7e-2b56f33bfbf8 None None] PATH_INFO: `/` {{(pid=61733) log_request_info /opt/stack/keystone/keystone/server/flask/request_processing/req_logging.py:28}}
Jan 19 17:08:13 ubuntu devstack@keystone.service[61733]: [pid: 61733|app: 0|req: 17/32] 10.120.125.138 () {56 vars in 955 bytes} [Mon Jan 19 17:08:13 2026] GET /identity => generated 272 bytes in 1 msecs (HTTP/1.1 300) 6 headers in 236 bytes (1 switches on core 0)
Jan 19 17:08:13 ubuntu devstack@keystone.service[61734]: DEBUG keystone.server.flask.request_processing.middleware.auth_context [None req-b51bf02a-1d48-4eb2-a2dc-1fa5d9026274 None admin] Authenticating user token {{(pid=61734) process_request /opt/stack/data/venv/lib/python3.12/site-packages/keystonemiddleware/auth_token/__init__.py:407}}
Jan 19 17:08:13 ubuntu devstack@keystone.service[61734]: DEBUG keystone.server.flask.request_processing.middleware.auth_context [None req-b51bf02a-1d48-4eb2-a2dc-1fa5d9026274 None admin] Validating token access rules against request {{(pid=61734) validate_allowed_request /opt/stack/data/venv/lib/python3.12/site-packages/keystonemiddleware/auth_token/__init__.py:545}}
Jan 19 17:08:13 ubuntu devstack@keystone.service[61734]: DEBUG keystone.server.flask.request_processing.middleware.auth_context [None req-bd3d72dc-2779-4005-be9a-f2c4ec9db82e None admin] RBAC: auth_context: {'token': <TokenModel (audit_id=EkPjKOpjRIm3y_AaDMcP3Q, audit_chain_id=['EkPjKOpjRIm3y_AaDMcP3Q']) at 0x7be4bd880740>, 'domain_id': None, 'trust_id': None, 'trustor_id': None, 'trustee_id': None, 'domain_name': None, 'group_ids': [], 'user_id': 'a7cbed4f4beb48dc81a799144c615cb0', 'user_domain_id': 'default', 'system_scope': 'all', 'project_id': None, 'project_domain_id': None, 'roles': ['admin', 'manager', 'member', 'reader'], 'is_admin_project': True, 'service_user_id': None, 'service_user_domain_id': None, 'service_project_id': None, 'service_project_domain_id': None, 'service_roles': []} {{(pid=61734) fill_context /opt/stack/keystone/keystone/server/flask/request_processing/middleware/auth_context.py:509}}
Jan 19 17:08:13 ubuntu devstack@keystone.service[61734]: DEBUG keystone.server.flask.request_processing.req_logging [None req-bd3d72dc-2779-4005-be9a-f2c4ec9db82e None admin] REQUEST_METHOD: `GET` {{(pid=61734) log_request_info /opt/stack/keystone/keystone/server/flask/request_processing/req_logging.py:26}}
Jan 19 17:08:13 ubuntu devstack@keystone.service[61734]: DEBUG keystone.server.flask.request_processing.req_logging [None req-bd3d72dc-2779-4005-be9a-f2c4ec9db82e None admin] SCRIPT_NAME: `/identity` {{(pid=61734) log_request_info /opt/stack/keystone/keystone/server/flask/request_processing/req_logging.py:27}}
Jan 19 17:08:13 ubuntu devstack@keystone.service[61734]: DEBUG keystone.server.flask.request_processing.req_logging [None req-bd3d72dc-2779-4005-be9a-f2c4ec9db82e None admin] PATH_INFO: `/v3/users/a7cbed4f4beb48dc81a799144c615cb0` {{(pid=61734) log_request_info /opt/stack/keystone/keystone/server/flask/request_processing/req_logging.py:28}}
Jan 19 17:08:13 ubuntu devstack@keystone.service[61734]: DEBUG keystone.common.rbac_enforcer.enforcer [None req-bd3d72dc-2779-4005-be9a-f2c4ec9db82e None admin] RBAC: Authorizing `identity:get_user(user_id=a7cbed4f4beb48dc81a799144c615cb0)` {{(pid=61734) enforce_call /opt/stack/keystone/keystone/common/rbac_enforcer/enforcer.py:494}}
Jan 19 17:08:13 ubuntu devstack@keystone.service[61734]: DEBUG keystone.common.rbac_enforcer.enforcer [None req-bd3d72dc-2779-4005-be9a-f2c4ec9db82e None admin] RBAC: Authorization granted {{(pid=61734) enforce_call /opt/stack/keystone/keystone/common/rbac_enforcer/enforcer.py:505}}
Jan 19 17:08:13 ubuntu devstack@keystone.service[61734]: [pid: 61734|app: 0|req: 16/33] 10.120.125.138 () {58 vars in 1249 bytes} [Mon Jan 19 17:08:13 2026] GET /identity/v3/users/a7cbed4f4beb48dc81a799144c615cb0 => generated 249 bytes in 67 msecs (HTTP/1.1 200) 5 headers in 177 bytes (1 switches on core 0)
Jan 19 17:08:13 ubuntu devstack@keystone.service[61733]: DEBUG keystone.server.flask.request_processing.req_logging [None req-91427ad3-f0d7-48b1-8808-d106f291e5a2 None None] REQUEST_METHOD: `POST` {{(pid=61733) log_request_info /opt/stack/keystone/keystone/server/flask/request_processing/req_logging.py:26}}
Jan 19 17:08:13 ubuntu devstack@keystone.service[61733]: DEBUG keystone.server.flask.request_processing.req_logging [None req-91427ad3-f0d7-48b1-8808-d106f291e5a2 None None] SCRIPT_NAME: `/identity` {{(pid=61733) log_request_info /opt/stack/keystone/keystone/server/flask/request_processing/req_logging.py:27}}
Jan 19 17:08:13 ubuntu devstack@keystone.service[61733]: DEBUG keystone.server.flask.request_processing.req_logging [None req-91427ad3-f0d7-48b1-8808-d106f291e5a2 None None] PATH_INFO: `/v3/auth/tokens` {{(pid=61733) log_request_info /opt/stack/keystone/keystone/server/flask/request_processing/req_logging.py:28}}
Jan 19 17:08:13 ubuntu devstack@keystone.service[61734]: DEBUG keystone.server.flask.request_processing.req_logging [None req-965a90cb-1cd7-4f2b-8785-f4e1ff789431 None None] REQUEST_METHOD: `POST` {{(pid=61734) log_request_info /opt/stack/keystone/keystone/server/flask/request_processing/req_logging.py:26}}
Jan 19 17:08:13 ubuntu devstack@keystone.service[61734]: DEBUG keystone.server.flask.request_processing.req_logging [None req-965a90cb-1cd7-4f2b-8785-f4e1ff789431 None None] SCRIPT_NAME: `/identity` {{(pid=61734) log_request_info /opt/stack/keystone/keystone/server/flask/request_processing/req_logging.py:27}}
Jan 19 17:08:13 ubuntu devstack@keystone.service[61734]: DEBUG keystone.server.flask.request_processing.req_logging [None req-965a90cb-1cd7-4f2b-8785-f4e1ff789431 None None] PATH_INFO: `/v3/auth/tokens` {{(pid=61734) log_request_info /opt/stack/keystone/keystone/server/flask/request_processing/req_logging.py:28}}
Jan 19 17:08:13 ubuntu devstack@keystone.service[61734]: WARNING keystone.common.password_hashing [None req-965a90cb-1cd7-4f2b-8785-f4e1ff789431 None None] Truncating password to algorithm specific maximum length 72 characters.
Jan 19 17:08:13 ubuntu devstack@keystone.service[61733]: WARNING keystone.common.password_hashing [None req-91427ad3-f0d7-48b1-8808-d106f291e5a2 None None] Truncating password to algorithm specific maximum length 72 characters.
Jan 19 17:08:13 ubuntu devstack@keystone.service[61734]: DEBUG keystone.auth.core [None req-965a90cb-1cd7-4f2b-8785-f4e1ff789431 None None] MFA Rules not processed for user `a7cbed4f4beb48dc81a799144c615cb0`. Rule list: `[]` (Enabled: `True`). {{(pid=61734) check_auth_methods_against_rules /opt/stack/keystone/keystone/auth/core.py:476}}
Jan 19 17:08:13 ubuntu devstack@keystone.service[61734]: DEBUG keystone.common.fernet_utils [None req-965a90cb-1cd7-4f2b-8785-f4e1ff789431 None None] Loaded 2 Fernet keys from /etc/keystone/fernet-keys/, but `[fernet_tokens] max_active_keys = 3`; perhaps there have not been enough key rotations to reach `max_active_keys` yet? {{(pid=61734) load_keys /opt/stack/keystone/keystone/common/fernet_utils.py:297}}
Jan 19 17:08:13 ubuntu devstack@keystone.service[61733]: DEBUG keystone.auth.core [None req-91427ad3-f0d7-48b1-8808-d106f291e5a2 None None] MFA Rules not processed for user `a7cbed4f4beb48dc81a799144c615cb0`. Rule list: `[]` (Enabled: `True`). {{(pid=61733) check_auth_methods_against_rules /opt/stack/keystone/keystone/auth/core.py:476}}
Jan 19 17:08:13 ubuntu devstack@keystone.service[61733]: DEBUG keystone.common.fernet_utils [None req-91427ad3-f0d7-48b1-8808-d106f291e5a2 None None] Loaded 2 Fernet keys from /etc/keystone/fernet-keys/, but `[fernet_tokens] max_active_keys = 3`; perhaps there have not been enough key rotations to reach `max_active_keys` yet? {{(pid=61733) load_keys /opt/stack/keystone/keystone/common/fernet_utils.py:297}}
Jan 19 17:08:13 ubuntu devstack@keystone.service[61734]: [pid: 61734|app: 0|req: 17/34] 10.120.125.138 () {60 vars in 1052 bytes} [Mon Jan 19 17:08:13 2026] POST /identity/v3/auth/tokens => generated 864 bytes in 53 msecs (HTTP/1.1 201) 6 headers in 363 bytes (2 switches on core 0)
Jan 19 17:08:13 ubuntu devstack@keystone.service[61734]: DEBUG keystone.server.flask.request_processing.middleware.auth_context [None req-965a90cb-1cd7-4f2b-8785-f4e1ff789431 None None] Authenticating user token {{(pid=61734) process_request /opt/stack/data/venv/lib/python3.12/site-packages/keystonemiddleware/auth_token/__init__.py:407}}
Jan 19 17:08:13 ubuntu devstack@keystone.service[61733]: [pid: 61733|app: 0|req: 18/35] 10.120.125.138 () {60 vars in 1052 bytes} [Mon Jan 19 17:08:13 2026] POST /identity/v3/auth/tokens => generated 864 bytes in 59 msecs (HTTP/1.1 201) 6 headers in 363 bytes (1 switches on core 0)
Jan 19 17:08:13 ubuntu devstack@keystone.service[61733]: DEBUG keystone.server.flask.request_processing.req_logging [None req-a68010f7-47b3-4d0b-8e31-0c10802fab38 None None] REQUEST_METHOD: `POST` {{(pid=61733) log_request_info /opt/stack/keystone/keystone/server/flask/request_processing/req_logging.py:26}}
Jan 19 17:08:13 ubuntu devstack@keystone.service[61733]: DEBUG keystone.server.flask.request_processing.req_logging [None req-a68010f7-47b3-4d0b-8e31-0c10802fab38 None None] SCRIPT_NAME: `/identity` {{(pid=61733) log_request_info /opt/stack/keystone/keystone/server/flask/request_processing/req_logging.py:27}}
Jan 19 17:08:13 ubuntu devstack@keystone.service[61733]: DEBUG keystone.server.flask.request_processing.req_logging [None req-a68010f7-47b3-4d0b-8e31-0c10802fab38 None None] PATH_INFO: `/v3/auth/tokens` {{(pid=61733) log_request_info /opt/stack/keystone/keystone/server/flask/request_processing/req_logging.py:28}}
Jan 19 17:08:13 ubuntu devstack@keystone.service[61733]: WARNING keystone.common.password_hashing [None req-a68010f7-47b3-4d0b-8e31-0c10802fab38 None None] Truncating password to algorithm specific maximum length 72 characters.
Jan 19 17:08:13 ubuntu devstack@keystone.service[61733]: DEBUG keystone.auth.core [None req-a68010f7-47b3-4d0b-8e31-0c10802fab38 None None] MFA Rules not processed for user `a7cbed4f4beb48dc81a799144c615cb0`. Rule list: `[]` (Enabled: `True`). {{(pid=61733) check_auth_methods_against_rules /opt/stack/keystone/keystone/auth/core.py:476}}
Jan 19 17:08:13 ubuntu devstack@keystone.service[61733]: DEBUG keystone.common.fernet_utils [None req-a68010f7-47b3-4d0b-8e31-0c10802fab38 None None] Loaded 2 Fernet keys from /etc/keystone/fernet-keys/, but `[fernet_tokens] max_active_keys = 3`; perhaps there have not been enough key rotations to reach `max_active_keys` yet? {{(pid=61733) load_keys /opt/stack/keystone/keystone/common/fernet_utils.py:297}}
Jan 19 17:08:13 ubuntu devstack@keystone.service[61734]: DEBUG keystone.server.flask.request_processing.middleware.auth_context [None req-965a90cb-1cd7-4f2b-8785-f4e1ff789431 None None] Validating token access rules against request {{(pid=61734) validate_allowed_request /opt/stack/data/venv/lib/python3.12/site-packages/keystonemiddleware/auth_token/__init__.py:545}}
Jan 19 17:08:13 ubuntu devstack@keystone.service[61734]: DEBUG keystone.server.flask.request_processing.middleware.auth_context [None req-521d380d-ba01-4b01-8f33-ca990009435c None admin] RBAC: auth_context: {'token': <TokenModel (audit_id=EkPjKOpjRIm3y_AaDMcP3Q, audit_chain_id=['EkPjKOpjRIm3y_AaDMcP3Q']) at 0x7be4bd7711f0>, 'domain_id': None, 'trust_id': None, 'trustor_id': None, 'trustee_id': None, 'domain_name': None, 'group_ids': [], 'user_id': 'a7cbed4f4beb48dc81a799144c615cb0', 'user_domain_id': 'default', 'system_scope': 'all', 'project_id': None, 'project_domain_id': None, 'roles': ['admin', 'manager', 'member', 'reader'], 'is_admin_project': True, 'service_user_id': None, 'service_user_domain_id': None, 'service_project_id': None, 'service_project_domain_id': None, 'service_roles': []} {{(pid=61734) fill_context /opt/stack/keystone/keystone/server/flask/request_processing/middleware/auth_context.py:509}}
Jan 19 17:08:13 ubuntu devstack@keystone.service[61734]: DEBUG keystone.server.flask.request_processing.req_logging [None req-521d380d-ba01-4b01-8f33-ca990009435c None admin] REQUEST_METHOD: `GET` {{(pid=61734) log_request_info /opt/stack/keystone/keystone/server/flask/request_processing/req_logging.py:26}}
Jan 19 17:08:13 ubuntu devstack@keystone.service[61734]: DEBUG keystone.server.flask.request_processing.req_logging [None req-521d380d-ba01-4b01-8f33-ca990009435c None admin] SCRIPT_NAME: `/identity` {{(pid=61734) log_request_info /opt/stack/keystone/keystone/server/flask/request_processing/req_logging.py:27}}
Jan 19 17:08:13 ubuntu devstack@keystone.service[61734]: DEBUG keystone.server.flask.request_processing.req_logging [None req-521d380d-ba01-4b01-8f33-ca990009435c None admin] PATH_INFO: `/v3/domains/default` {{(pid=61734) log_request_info /opt/stack/keystone/keystone/server/flask/request_processing/req_logging.py:28}}
Jan 19 17:08:13 ubuntu devstack@keystone.service[61734]: DEBUG keystone.common.rbac_enforcer.enforcer [None req-521d380d-ba01-4b01-8f33-ca990009435c None admin] RBAC: Authorizing `identity:get_domain(domain_id=default)` {{(pid=61734) enforce_call /opt/stack/keystone/keystone/common/rbac_enforcer/enforcer.py:494}}
Jan 19 17:08:13 ubuntu devstack@keystone.service[61734]: DEBUG keystone.common.rbac_enforcer.enforcer [None req-521d380d-ba01-4b01-8f33-ca990009435c None admin] RBAC: Authorization granted {{(pid=61734) enforce_call /opt/stack/keystone/keystone/common/rbac_enforcer/enforcer.py:505}}
Jan 19 17:08:13 ubuntu devstack@keystone.service[61734]: [pid: 61734|app: 0|req: 18/36] 10.120.125.138 () {58 vars in 1180 bytes} [Mon Jan 19 17:08:13 2026] GET /identity/v3/domains/default => generated 201 bytes in 63 msecs (HTTP/1.1 200) 5 headers in 177 bytes (1 switches on core 0)
Jan 19 17:08:13 ubuntu devstack@keystone.service[61733]: [pid: 61733|app: 0|req: 19/37] 10.120.125.138 () {60 vars in 1052 bytes} [Mon Jan 19 17:08:13 2026] POST /identity/v3/auth/tokens => generated 864 bytes in 59 msecs (HTTP/1.1 201) 6 headers in 363 bytes (1 switches on core 0)
Jan 19 17:08:13 ubuntu devstack@keystone.service[61734]: DEBUG keystone.server.flask.request_processing.middleware.auth_context [None req-521d380d-ba01-4b01-8f33-ca990009435c None admin] Authenticating user token {{(pid=61734) process_request /opt/stack/data/venv/lib/python3.12/site-packages/keystonemiddleware/auth_token/__init__.py:407}}
Jan 19 17:08:13 ubuntu devstack@keystone.service[61733]: DEBUG keystone.server.flask.request_processing.middleware.auth_context [None req-a68010f7-47b3-4d0b-8e31-0c10802fab38 None None] Authenticating user token {{(pid=61733) process_request /opt/stack/data/venv/lib/python3.12/site-packages/keystonemiddleware/auth_token/__init__.py:407}}
Jan 19 17:08:13 ubuntu devstack@keystone.service[61733]: DEBUG keystone.server.flask.request_processing.middleware.auth_context [None req-a68010f7-47b3-4d0b-8e31-0c10802fab38 None None] Validating token access rules against request {{(pid=61733) validate_allowed_request /opt/stack/data/venv/lib/python3.12/site-packages/keystonemiddleware/auth_token/__init__.py:545}}
Jan 19 17:08:13 ubuntu devstack@keystone.service[61734]: DEBUG keystone.server.flask.request_processing.middleware.auth_context [None req-521d380d-ba01-4b01-8f33-ca990009435c None admin] Validating token access rules against request {{(pid=61734) validate_allowed_request /opt/stack/data/venv/lib/python3.12/site-packages/keystonemiddleware/auth_token/__init__.py:545}}
Jan 19 17:08:13 ubuntu devstack@keystone.service[61733]: DEBUG keystone.server.flask.request_processing.middleware.auth_context [None req-df05a381-ed0e-44e8-bcff-b2fdaccd5ac3 None admin] RBAC: auth_context: {'token': <TokenModel (audit_id=_0zROrmcQFCOQPySzRf0Fw, audit_chain_id=['_0zROrmcQFCOQPySzRf0Fw']) at 0x7be4bc9a0620>, 'domain_id': None, 'trust_id': None, 'trustor_id': None, 'trustee_id': None, 'domain_name': None, 'group_ids': [], 'user_id': 'a7cbed4f4beb48dc81a799144c615cb0', 'user_domain_id': 'default', 'system_scope': 'all', 'project_id': None, 'project_domain_id': None, 'roles': ['admin', 'manager', 'member', 'reader'], 'is_admin_project': True, 'service_user_id': None, 'service_user_domain_id': None, 'service_project_id': None, 'service_project_domain_id': None, 'service_roles': []} {{(pid=61733) fill_context /opt/stack/keystone/keystone/server/flask/request_processing/middleware/auth_context.py:509}}
Jan 19 17:08:13 ubuntu devstack@keystone.service[61733]: DEBUG keystone.server.flask.request_processing.req_logging [None req-df05a381-ed0e-44e8-bcff-b2fdaccd5ac3 None admin] REQUEST_METHOD: `POST` {{(pid=61733) log_request_info /opt/stack/keystone/keystone/server/flask/request_processing/req_logging.py:26}}
Jan 19 17:08:13 ubuntu devstack@keystone.service[61733]: DEBUG keystone.server.flask.request_processing.req_logging [None req-df05a381-ed0e-44e8-bcff-b2fdaccd5ac3 None admin] SCRIPT_NAME: `/identity` {{(pid=61733) log_request_info /opt/stack/keystone/keystone/server/flask/request_processing/req_logging.py:27}}
Jan 19 17:08:13 ubuntu devstack@keystone.service[61733]: DEBUG keystone.server.flask.request_processing.req_logging [None req-df05a381-ed0e-44e8-bcff-b2fdaccd5ac3 None admin] PATH_INFO: `/v3/roles` {{(pid=61733) log_request_info /opt/stack/keystone/keystone/server/flask/request_processing/req_logging.py:28}}
Jan 19 17:08:13 ubuntu devstack@keystone.service[61733]: DEBUG keystone.common.rbac_enforcer.enforcer [None req-df05a381-ed0e-44e8-bcff-b2fdaccd5ac3 None admin] RBAC: Authorizing `identity:create_role()` {{(pid=61733) enforce_call /opt/stack/keystone/keystone/common/rbac_enforcer/enforcer.py:494}}
Jan 19 17:08:13 ubuntu devstack@keystone.service[61733]: DEBUG keystone.common.rbac_enforcer.enforcer [None req-df05a381-ed0e-44e8-bcff-b2fdaccd5ac3 None admin] RBAC: Authorization granted {{(pid=61733) enforce_call /opt/stack/keystone/keystone/common/rbac_enforcer/enforcer.py:505}}
Jan 19 17:08:13 ubuntu devstack@keystone.service[61734]: DEBUG keystone.server.flask.request_processing.middleware.auth_context [None req-470389b4-33e9-417d-9dd4-471afb3be66c None admin] RBAC: auth_context: {'token': <TokenModel (audit_id=4L21iu-hRgS1YtArKQQgTg, audit_chain_id=['4L21iu-hRgS1YtArKQQgTg']) at 0x7be4bc9dd1c0>, 'domain_id': None, 'trust_id': None, 'trustor_id': None, 'trustee_id': None, 'domain_name': None, 'group_ids': [], 'user_id': 'a7cbed4f4beb48dc81a799144c615cb0', 'user_domain_id': 'default', 'system_scope': 'all', 'project_id': None, 'project_domain_id': None, 'roles': ['admin', 'manager', 'member', 'reader'], 'is_admin_project': True, 'service_user_id': None, 'service_user_domain_id': None, 'service_project_id': None, 'service_project_domain_id': None, 'service_roles': []} {{(pid=61734) fill_context /opt/stack/keystone/keystone/server/flask/request_processing/middleware/auth_context.py:509}}
Jan 19 17:08:13 ubuntu devstack@keystone.service[61733]: DEBUG keystone.common.sql.core [None req-df05a381-ed0e-44e8-bcff-b2fdaccd5ac3 None admin] Conflict role: (pymysql.err.IntegrityError) (1062, "Duplicate entry 'service-<<null>>' for key 'role.ixu_role_name_domain_id'")
Jan 19 17:08:13 ubuntu devstack@keystone.service[61733]: [SQL: INSERT INTO `role` (id, name, description, extra) VALUES (%(id)s, %(name)s, %(description)s, %(extra)s)]
Jan 19 17:08:13 ubuntu devstack@keystone.service[61733]: [parameters: {'id': 'c098193b2e2240269556430351226da8', 'name': 'service', 'description': None, 'extra': '{}'}]
Jan 19 17:08:13 ubuntu devstack@keystone.service[61733]: (Background on this error at: https://sqlalche.me/e/20/gkpj) {{(pid=61733) wrapper /opt/stack/keystone/keystone/common/sql/core.py:580}}
Jan 19 17:08:13 ubuntu devstack@keystone.service[61734]: DEBUG keystone.server.flask.request_processing.req_logging [None req-470389b4-33e9-417d-9dd4-471afb3be66c None admin] REQUEST_METHOD: `GET` {{(pid=61734) log_request_info /opt/stack/keystone/keystone/server/flask/request_processing/req_logging.py:26}}
Jan 19 17:08:13 ubuntu devstack@keystone.service[61734]: DEBUG keystone.server.flask.request_processing.req_logging [None req-470389b4-33e9-417d-9dd4-471afb3be66c None admin] SCRIPT_NAME: `/identity` {{(pid=61734) log_request_info /opt/stack/keystone/keystone/server/flask/request_processing/req_logging.py:27}}
Jan 19 17:08:13 ubuntu devstack@keystone.service[61734]: DEBUG keystone.server.flask.request_processing.req_logging [None req-470389b4-33e9-417d-9dd4-471afb3be66c None admin] PATH_INFO: `/v3/domains/Default` {{(pid=61734) log_request_info /opt/stack/keystone/keystone/server/flask/request_processing/req_logging.py:28}}
Jan 19 17:08:13 ubuntu devstack@keystone.service[61734]: DEBUG keystone.common.rbac_enforcer.enforcer [None req-470389b4-33e9-417d-9dd4-471afb3be66c None admin] RBAC: Authorizing `identity:get_domain(domain_id=Default)` {{(pid=61734) enforce_call /opt/stack/keystone/keystone/common/rbac_enforcer/enforcer.py:494}}
Jan 19 17:08:13 ubuntu devstack@keystone.service[61734]: DEBUG keystone.common.rbac_enforcer.enforcer [None req-470389b4-33e9-417d-9dd4-471afb3be66c None admin] RBAC: Authorization granted {{(pid=61734) enforce_call /opt/stack/keystone/keystone/common/rbac_enforcer/enforcer.py:505}}
Jan 19 17:08:13 ubuntu devstack@keystone.service[61733]: ERROR keystone.server.flask.application [None req-df05a381-ed0e-44e8-bcff-b2fdaccd5ac3 None admin] Conflict occurred attempting to store role - Duplicate entry found with name service.: keystone.exception.Conflict: Conflict occurred attempting to store role - Duplicate entry found with name service.
Jan 19 17:08:13 ubuntu devstack@keystone.service[61733]: ERROR keystone.server.flask.application Traceback (most recent call last):
Jan 19 17:08:13 ubuntu devstack@keystone.service[61733]: ERROR keystone.server.flask.application   File "/opt/stack/data/venv/lib/python3.12/site-packages/sqlalchemy/engine/base.py", line 1967, in _exec_single_context
Jan 19 17:08:13 ubuntu devstack@keystone.service[61733]: ERROR keystone.server.flask.application     self.dialect.do_execute(
Jan 19 17:08:13 ubuntu devstack@keystone.service[61733]: ERROR keystone.server.flask.application   File "/opt/stack/data/venv/lib/python3.12/site-packages/sqlalchemy/engine/default.py", line 951, in do_execute
Jan 19 17:08:13 ubuntu devstack@keystone.service[61733]: ERROR keystone.server.flask.application     cursor.execute(statement, parameters)
Jan 19 17:08:13 ubuntu devstack@keystone.service[61733]: ERROR keystone.server.flask.application   File "/opt/stack/data/venv/lib/python3.12/site-packages/pymysql/cursors.py", line 153, in execute
Jan 19 17:08:13 ubuntu devstack@keystone.service[61733]: ERROR keystone.server.flask.application     result = self._query(query)
Jan 19 17:08:13 ubuntu devstack@keystone.service[61733]: ERROR keystone.server.flask.application              ^^^^^^^^^^^^^^^^^^
Jan 19 17:08:13 ubuntu devstack@keystone.service[61733]: ERROR keystone.server.flask.application   File "/opt/stack/data/venv/lib/python3.12/site-packages/pymysql/cursors.py", line 322, in _query
Jan 19 17:08:13 ubuntu devstack@keystone.service[61733]: ERROR keystone.server.flask.application     conn.query(q)
Jan 19 17:08:13 ubuntu devstack@keystone.service[61733]: ERROR keystone.server.flask.application   File "/opt/stack/data/venv/lib/python3.12/site-packages/pymysql/connections.py", line 575, in query
Jan 19 17:08:13 ubuntu devstack@keystone.service[61733]: ERROR keystone.server.flask.application     self._affected_rows = self._read_query_result(unbuffered=unbuffered)
Jan 19 17:08:13 ubuntu devstack@keystone.service[61733]: ERROR keystone.server.flask.application                           ^^^^^^^^^^^^^^^^^^^^^^^^^^^^^^^^^^^^^^^^^^^^^^
Jan 19 17:08:13 ubuntu devstack@keystone.service[61733]: ERROR keystone.server.flask.application   File "/opt/stack/data/venv/lib/python3.12/site-packages/pymysql/connections.py", line 826, in _read_query_result
Jan 19 17:08:13 ubuntu devstack@keystone.service[61733]: ERROR keystone.server.flask.application     result.read()
Jan 19 17:08:13 ubuntu devstack@keystone.service[61733]: ERROR keystone.server.flask.application   File "/opt/stack/data/venv/lib/python3.12/site-packages/pymysql/connections.py", line 1203, in read
Jan 19 17:08:13 ubuntu devstack@keystone.service[61733]: ERROR keystone.server.flask.application     first_packet = self.connection._read_packet()
Jan 19 17:08:13 ubuntu devstack@keystone.service[61733]: ERROR keystone.server.flask.application                    ^^^^^^^^^^^^^^^^^^^^^^^^^^^^^^
Jan 19 17:08:13 ubuntu devstack@keystone.service[61733]: ERROR keystone.server.flask.application   File "/opt/stack/data/venv/lib/python3.12/site-packages/pymysql/connections.py", line 782, in _read_packet
Jan 19 17:08:13 ubuntu devstack@keystone.service[61733]: ERROR keystone.server.flask.application     packet.raise_for_error()
Jan 19 17:08:13 ubuntu devstack@keystone.service[61733]: ERROR keystone.server.flask.application   File "/opt/stack/data/venv/lib/python3.12/site-packages/pymysql/protocol.py", line 219, in raise_for_error
Jan 19 17:08:13 ubuntu devstack@keystone.service[61733]: ERROR keystone.server.flask.application     err.raise_mysql_exception(self._data)
Jan 19 17:08:13 ubuntu devstack@keystone.service[61733]: ERROR keystone.server.flask.application   File "/opt/stack/data/venv/lib/python3.12/site-packages/pymysql/err.py", line 150, in raise_mysql_exception
Jan 19 17:08:13 ubuntu devstack@keystone.service[61733]: ERROR keystone.server.flask.application     raise errorclass(errno, errval)
Jan 19 17:08:13 ubuntu devstack@keystone.service[61733]: ERROR keystone.server.flask.application pymysql.err.IntegrityError: (1062, "Duplicate entry 'service-<<null>>' for key 'role.ixu_role_name_domain_id'")
Jan 19 17:08:13 ubuntu devstack@keystone.service[61733]: ERROR keystone.server.flask.application 
Jan 19 17:08:13 ubuntu devstack@keystone.service[61733]: ERROR keystone.server.flask.application The above exception was the direct cause of the following exception:
Jan 19 17:08:13 ubuntu devstack@keystone.service[61733]: ERROR keystone.server.flask.application 
Jan 19 17:08:13 ubuntu devstack@keystone.service[61733]: ERROR keystone.server.flask.application Traceback (most recent call last):
Jan 19 17:08:13 ubuntu devstack@keystone.service[61733]: ERROR keystone.server.flask.application   File "/opt/stack/keystone/keystone/common/sql/core.py", line 575, in wrapper
Jan 19 17:08:13 ubuntu devstack@keystone.service[61733]: ERROR keystone.server.flask.application     return method(*args, **kwargs)
Jan 19 17:08:13 ubuntu devstack@keystone.service[61733]: ERROR keystone.server.flask.application            ^^^^^^^^^^^^^^^^^^^^^^^
Jan 19 17:08:13 ubuntu devstack@keystone.service[61733]: ERROR keystone.server.flask.application   File "/opt/stack/keystone/keystone/assignment/role_backends/sql.py", line 25, in create_role
Jan 19 17:08:13 ubuntu devstack@keystone.service[61733]: ERROR keystone.server.flask.application     with sql.session_for_write() as session:
Jan 19 17:08:13 ubuntu devstack@keystone.service[61733]: ERROR keystone.server.flask.application   File "/usr/lib/python3.12/contextlib.py", line 144, in __exit__
Jan 19 17:08:13 ubuntu devstack@keystone.service[61733]: ERROR keystone.server.flask.application     next(self.gen)
Jan 19 17:08:13 ubuntu devstack@keystone.service[61733]: ERROR keystone.server.flask.application   File "/opt/stack/data/venv/lib/python3.12/site-packages/oslo_db/sqlalchemy/enginefacade.py", line 1199, in _transaction_scope
Jan 19 17:08:13 ubuntu devstack@keystone.service[61733]: ERROR keystone.server.flask.application     with current._produce_block(
Jan 19 17:08:13 ubuntu devstack@keystone.service[61733]: ERROR keystone.server.flask.application   File "/usr/lib/python3.12/contextlib.py", line 144, in __exit__
Jan 19 17:08:13 ubuntu devstack@keystone.service[61733]: ERROR keystone.server.flask.application     next(self.gen)
Jan 19 17:08:13 ubuntu devstack@keystone.service[61733]: ERROR keystone.server.flask.application   File "/opt/stack/data/venv/lib/python3.12/site-packages/oslo_db/sqlalchemy/enginefacade.py", line 850, in _session
Jan 19 17:08:13 ubuntu devstack@keystone.service[61733]: ERROR keystone.server.flask.application     with excutils.save_and_reraise_exception():
Jan 19 17:08:13 ubuntu devstack@keystone.service[61733]: ERROR keystone.server.flask.application   File "/opt/stack/data/venv/lib/python3.12/site-packages/oslo_utils/excutils.py", line 256, in __exit__
