"pcp-dstat 6.2.0 CSV Output"
"Author:","PCP team <pcp@groups.io> and Dag Wieers <dag@wieers.com>",,,,"URL:","https://pcp.io/ and http://dag.wieers.com/home-made/dstat/"
"Host:","np0000094384",,,,"User:","ubuntu"
"Cmdline:","dstat -tcmndrylpg --tcp --output /tmp/devstack_logs/dstat-csv.log",,,,"Date:","17 Jun 2026 15:28:03 UTC"
"system","total usage",,,,,"memory usage",,,,"net/total",,"dsk/total",,"io/total",,"system",,"load avg",,,"procs",,,"paging",,"tcp sockets",,,,
"time","total usage:usr","total usage:sys","total usage:idl","total usage:wai","total usage:stl","used","free","buf","cach","net/total:recv","net/total:send","dsk/total:read","dsk/total:writ","read","writ","int","csw","1m","5m","15m","run","blk","new","in","out","lis","act","syn","tim","clo"
17-06 15:28:03,,993796,1678236,162976,4986992,,,,,,,1.570,1.090,0.650,1,0,,,,10,5,0,15,0
17-06 15:28:04,19.922,19.424,58.024,0.249,0,1012344,1659192,163096,4987276,33040.057,11037.923,0,1163.459,0,35.860,4997,3102,1.610,1.100,0.660,2,0,245.044,0,0,10,5,0,15,1
17-06 15:28:05,24.010,21.759,53.022,0.250,0,1030228,1640872,163208,4987516,21159.951,9345.954,0,1148.486,0,34.014,5013,2951,1.610,1.100,0.660,6,0,226.096,0,0,10,5,0,11,1
17-06 15:28:06,24.479,20.482,53.205,0.999,0,1038752,1632024,163364,4987700,40975.987,12192.582,0,9004.306,0,487.583,4950,2968,1.610,1.100,0.660,1,0,181.845,0,0,10,5,0,11,1
17-06 15:28:07,31.872,21.834,44.420,0,0,1044460,1625888,163432,4988408,19768.833,6608.350,0,1313.037,0,112.431,5539,4672,1.610,1.100,0.660,2,0,191.735,0,0,10,4,0,11,2
17-06 15:28:08,30.700,16.473,51.666,0.250,0,1031156,1638720,163540,4988240,35017.747,10361.060,0,1301.871,0,36.940,4287,2613,1.610,1.100,0.660,2,0,126.793,0,0,10,4,0,11,2
17-06 15:28:09,46.900,22.203,29.686,0.249,0,1065432,1583620,163708,5008348,179944.041,6548.990,0,1201.430,0,30.934,6739,20957,2.280,1.250,0.710,2,0,204.562,0,0,10,4,0,11,2
17-06 15:28:10,39.123,14.796,43.386,1.254,0,1063456,1569344,164556,5021220,9356.318,1625.092,654.049,1328.162,19.060,54.170,5196,4940,2.280,1.250,0.710,3,0,131.412,0,0,10,4,0,11,2
17-06 15:28:11,39.210,16.233,43.205,0.749,0,1066372,1547600,165016,5037324,12836.753,1618.330,359.629,1678.268,18.980,33.965,5172,4948,2.280,1.250,0.710,2,0,83.913,0,0,10,4,0,11,2
17-06 15:28:12,24.249,6.000,68.496,1.250,0,1070204,1518800,165796,5059112,6699.651,1457.924,0,11099.423,0,121.994,2425,1758,2.280,1.250,0.710,1,0,9.999,0,0,10,4,0,11,2
17-06 15:28:13,22.500,2.250,73.501,0.500,0,1063228,1506404,166660,5075120,7904.064,1620.013,0,1756.014,0,60.000,1903,1448,2.280,1.250,0.710,1,0,0,0,0,10,4,0,11,2
17-06 15:28:14,22.252,2.500,73.757,0.750,0,1062240,1479932,167860,5098544,8014.728,1620.147,0,2536.230,0,91.008,2009,1588,2.180,1.250,0.710,1,0,0,0,0,10,4,0,11,2
17-06 15:28:15,22.536,3.255,73.867,0.250,0,1070900,1488616,167912,5081344,14630.192,2103.334,0,240.381,0,8.013,1945,1101,2.180,1.250,0.710,1,0,19.030,0,0,10,2,0,11,0
17-06 15:28:16,17.220,2.995,78.362,0.250,0,1062796,1496708,167920,5081352,17468.142,4391.243,0,16826.275,0,156.723,1798,1053,2.180,1.250,0.710,0,0,16.970,0,0,10,3,0,11,0
17-06 15:28:17,22.756,3.001,74.018,0,0,1023244,1528992,168368,5087500,12823.150,1860.457,0,1464.360,0,16.004,1794,968,2.180,1.250,0.710,1,0,3.001,0,0,10,2,0,11,0
17-06 15:28:18,22.226,6.493,69.925,0,0,1025488,1525212,168420,5088624,8399.022,1456.443,0,0,0,0,12037,21645,2.180,1.250,0.710,1,0,12.986,0,0,10,2,0,11,0
17-06 15:28:19,23.022,5.005,70.066,0,0,1021104,1529336,168472,5088744,12120.398,972.915,0,88.083,0,1.001,11839,21667,2.080,1.240,0.710,1,0,6.006,0,0,10,2,0,11,0
17-06 15:28:20,20.274,5.506,73.836,0.250,0,988800,1569556,168536,5081432,20238.683,810.949,0,1493.748,0,14.016,1973,1111,2.080,1.240,0.710,1,0,15.018,0,0,10,2,0,11,0
17-06 15:28:21,11.723,1.497,85.556,0,0,979140,1579352,168536,5081348,12181.421,136289.435,0,3.991,0,0.998,1398,889,2.080,1.240,0.710,0,0,3.991,0,0,10,2,0,11,0
17-06 15:28:22,0.500,1.752,97.834,0,0,974940,1583552,168536,5081352,11566.978,1621.399,0,9840.488,0,44.038,755,755,2.080,1.240,0.710,0,0,0,0,0,10,2,0,9,0
17-06 15:28:23,0.500,0.250,98.737,0,0,970888,1587604,168536,5081352,9806.734,1619.791,0,0,0,0,483,549,2.080,1.240,0.710,0,0,0,0,0,10,2,0,9,0
17-06 15:28:24,0.750,0.750,98.253,0,0,967308,1591148,168536,5081388,6829.233,1458.050,0,0,0,0,484,573,1.910,1.220,0.710,0,0,0,0,0,10,2,0,9,0
17-06 15:28:25,0.750,0.250,98.746,0,0,967308,1591148,168536,5081388,10871.610,1619.942,0,823.970,0,2.000,485,570,1.910,1.220,0.710,0,0,0,0,0,10,2,0,9,0
17-06 15:28:26,0.750,0.500,98.749,0,0,964208,1594248,168536,5081388,9396.861,1619.976,0,8.000,0,2.000,524,630,1.910,1.220,0.710,0,0,1.000,0,0,10,2,0,9,0
17-06 15:28:27,0.500,2.000,97.249,0.250,0,961488,1596964,168540,5081388,12172.891,1619.986,0,29439.737,0,132.999,872,859,1.910,1.220,0.710,0,0,0,0,0,10,2,0,9,0
17-06 15:28:28,0.250,0,98.510,0,0,959112,1599340,168540,5081388,11609.143,1620.160,0,8.001,0,1.000,483,546,1.910,1.220,0.710,0,0,0,0,0,10,2,0,9,0
17-06 15:28:29,0.500,0.250,98.992,0,0,955496,1602956,168540,5081388,8533.347,1457.888,0,2295.824,0,14.999,434,561,1.760,1.200,0.700,0,0,0,0,0,10,2,0,9,0
17-06 15:28:30,0.750,0.500,98.741,0,0,942644,1615800,168548,5081388,11257.931,1619.846,0,599.943,0,2.000,528,563,1.760,1.200,0.700,0,0,0,0,0,10,2,0,9,0
17-06 15:28:31,0.500,0.500,99.020,0,0,936700,1621744,168548,5081388,31085.220,1620.324,0,0,0,0,625,566,1.760,1.200,0.700,0,0,0,0,0,10,2,0,9,0
17-06 15:28:32,0.250,0.500,98.489,0,0,931768,1626676,168548,5081388,20229.766,1619.821,0,2991.670,0,15.998,513,611,1.760,1.200,0.700,0,0,0,0,0,10,2,0,9,0
17-06 15:28:33,0.750,0,98.524,0,0,927368,1631076,168548,5081388,11548.810,1458.355,0,0,0,0,483,562,1.760,1.200,0.700,0,0,0,0,0,10,2,0,9,0
17-06 15:28:34,0.500,0.750,98.944,0,0,923636,1634808,168548,5081388,43187.525,1619.082,0,3.998,0,0.999,769,565,1.620,1.180,0.700,0,0,0,0,0,10,2,0,9,0
17-06 15:28:35,0.500,0.250,98.792,0,0,921240,1637204,168548,5081388,11467.828,1458.614,0,0,0,0,497,568,1.620,1.180,0.700,0,0,0,0,0,10,2,0,9,0
17-06 15:28:36,1.000,0,98.751,0,0,916012,1642432,168548,5081388,12317.110,1620.014,0,100.001,0,2.000,553,624,1.620,1.180,0.700,0,0,1.000,0,0,10,2,0,9,0
17-06 15:28:37,0.500,0.750,98.247,0.250,0,908276,1650168,168548,5081388,15841.527,1457.956,0,13791.589,0,418.987,704,659,1.620,1.180,0.700,0,0,0,0,0,10,2,0,9,0
17-06 15:28:38,0.500,0.750,98.264,0,0,902312,1656136,168548,5081388,11051.558,1620.228,0,4.001,0,1.000,524,594,1.620,1.180,0.700,0,0,0,0,0,10,2,0,9,0
17-06 15:28:39,0.500,0,99.000,0,0,898016,1660432,168548,5081388,11520.012,1620.002,0,0,0,0,462,548,1.570,1.180,0.700,0,0,0,0,0,10,2,0,9,0
17-06 15:28:40,0.500,0.250,99.192,0,0,894768,1663676,168548,5081392,19403.705,1457.152,0,7.995,0,0.999,595,553,1.570,1.180,0.700,0,0,0,0,0,10,2,0,9,0
17-06 15:28:41,0.500,0.250,98.283,0,0,893460,1665156,168552,5081388,13075.327,1620.536,0,328.109,0,43.014,544,602,1.570,1.180,0.700,0,1,0,0,0,10,2,0,9,0
17-06 15:28:42,0.500,2.500,96.001,0,0,885340,1673400,168552,5081392,13326.118,1620.014,0,47288.420,0,301.003,1120,1051,1.570,1.180,0.700,0,0,0,0,0,10,2,0,9,0
17-06 15:28:43,0.750,0.500,98.734,0,0,885116,1673624,168552,5081392,29586.105,1543.745,0,0,0,0,588,559,1.570,1.180,0.700,0,0,0,0,0,10,2,0,9,0
17-06 15:28:44,0.250,0.500,98.787,0,0,885056,1673684,168552,5081392,7760.886,1620.603,0,4.001,0,1.000,444,562,1.440,1.160,0.700,0,0,0,0,0,10,2,0,9,0
17-06 15:28:45,0.250,0.500,98.732,0,0,884864,1673876,168552,5081392,7573.638,1619.709,0,0,0,0,449,563,1.440,1.160,0.700,0,0,0,0,0,10,2,0,9,0
17-06 15:28:46,0.750,0.250,98.266,0.250,0,885276,1673464,168552,5081392,12285.975,1620.260,0,704.113,0,3.000,605,674,1.440,1.160,0.700,0,0,1.000,0,0,10,2,0,8,0
17-06 15:28:47,0.500,3.000,96.247,0,0,879928,1678812,168552,5081392,9632.660,1619.943,0,45766.383,0,249.991,1089,1094,1.440,1.160,0.700,0,0,0,0,0,10,2,0,8,0
17-06 15:28:48,0.250,0.250,98.741,0,0,879928,1678812,168552,5081392,10948.995,1705.843,0,0,0,0,475,545,1.440,1.160,0.700,0,0,0,0,0,10,2,0,8,0
17-06 15:28:49,0.500,0.500,98.768,0,0,879928,1678812,168552,5081392,14606.600,1458.260,0,0,0,0,520,568,1.330,1.140,0.690,0,0,0,0,0,10,2,0,8,0
17-06 15:28:50,0.750,0,98.985,0,0,879928,1678812,168552,5081392,12220.120,971.850,0,3.999,0,1.000,501,594,1.330,1.140,0.690,0,0,0,0,0,10,2,0,4,0
17-06 15:28:51,0.500,0.500,98.758,0,0,879928,1678812,168552,5081392,10834.910,486.041,0,0,0,0,505,559,1.330,1.140,0.690,0,0,0,0,0,10,2,0,4,0
17-06 15:28:52,14.999,3.250,80.995,0,0,882956,1675692,168556,5081496,286723.235,6865.575,0,1007.938,0,17.999,1934,1149,1.330,1.140,0.690,1,0,12.999,0,0,10,2,0,4,0
17-06 15:28:53,13.254,4.752,80.526,1.000,0.250,892520,1666116,168560,5081504,294076.758,13238.311,108.035,0,5.002,0,2505,1490,1.330,1.140,0.690,1,0,32.010,0,0,10,2,0,4,0
17-06 15:28:54,15.688,5.727,77.194,0,0,904100,1654284,168560,5081756,157548.596,4396.575,0,3.984,0,0.996,2118,1197,1.300,1.130,0.700,2,0,20.917,0,0,10,2,0,4,0
