"pcp-dstat 6.2.0 CSV Output"
"Author:","PCP team <pcp@groups.io> and Dag Wieers <dag@wieers.com>",,,,"URL:","https://pcp.io/ and http://dag.wieers.com/home-made/dstat/"
"Host:","np0000094139",,,,"User:","ubuntu"
"Cmdline:","dstat -tcmndrylpg --tcp --output /tmp/devstack_logs/dstat-csv.log",,,,"Date:","20 May 2026 07:26:25 UTC"
"system","total usage",,,,,"memory usage",,,,"net/total",,"dsk/total",,"io/total",,"system",,"load avg",,,"procs",,,"paging",,"tcp sockets",,,,
"time","total usage:usr","total usage:sys","total usage:idl","total usage:wai","total usage:stl","used","free","buf","cach","net/total:recv","net/total:send","dsk/total:read","dsk/total:writ","read","writ","int","csw","1m","5m","15m","run","blk","new","in","out","lis","act","syn","tim","clo"
20-05 07:26:25,,994752,1658408,162320,5007276,,,,,,,1.490,1.110,0.670,3,0,,,,10,5,0,18,1
20-05 07:26:26,27.944,20.958,48.902,0.499,0,1005272,1647408,162408,5007560,22115.489,9526.826,0,1105.774,0,31.936,5658,4325,1.490,1.110,0.670,2,0,231.534,0,0,10,4,0,18,2
20-05 07:26:27,25.497,21.248,50.745,0.500,0,1012860,1622920,162560,5023688,185167.200,12006.781,0,1423.855,0,35.996,5061,2931,1.490,1.110,0.670,2,0,211.978,0,0,10,4,0,16,2
20-05 07:26:28,31.792,21.609,44.211,0.745,0,1021348,1600660,163424,5034448,9933.146,1609.492,0,1744.609,0,71.533,4951,2948,1.490,1.110,0.670,2,0,184.793,0,0,10,4,0,16,2
20-05 07:26:29,34.752,21.405,43.314,0.252,0,1027124,1576432,163912,5050672,8645.667,1468.645,0,1474.689,0,35.256,5186,3682,1.490,1.110,0.670,3,0,189.373,0,0,10,4,0,16,2
20-05 07:26:30,37.233,17.492,42.981,0.500,0,1033440,1550532,164364,5067968,9915.511,1619.267,0,1547.300,0,49.977,4759,3608,1.530,1.120,0.670,3,0,154.930,0,0,10,4,0,16,2
20-05 07:26:31,38.502,18.001,41.252,1.250,0,1040324,1532184,165132,5076924,8929.349,1620.063,0,2496.098,0,102.004,4863,3789,1.530,1.120,0.670,3,0,125.005,0,0,10,4,0,12,2
20-05 07:26:32,39.473,18.737,39.473,0.500,0,1030252,1512572,166052,5102948,5888.962,1618.890,0,2334.399,0,73.949,5776,5840,1.530,1.120,0.670,2,0,185.873,0,0,10,4,0,12,2
20-05 07:26:33,38.038,15.265,43.293,2.252,0,980736,1570660,166592,5092940,7586.585,2102.102,1013.013,1769.769,38.038,52.052,5164,4978,1.530,1.120,0.670,3,0,91.091,0,0,10,2,0,12,0
20-05 07:26:34,29.596,10.694,58.197,0,0,1001644,1549492,166616,5092988,10115.358,1611.613,0,35.814,0,0.995,2547,1108,1.530,1.120,0.670,2,0,28.850,0,0,10,2,0,12,0
20-05 07:26:35,18.502,3.500,77.257,0.500,0,1010272,1535776,166788,5097388,14739.260,3904.334,0,12101.034,0,251.021,1821,1117,1.490,1.120,0.680,2,0,18.002,0,0,10,2,0,12,0
20-05 07:26:36,19.750,2.500,77.502,0,0,1007128,1537360,166856,5098712,14927.377,3657.092,0,0,0,0,1768,1042,1.490,1.120,0.680,1,0,18.000,0,0,10,3,0,12,0
20-05 07:26:37,23.104,6.027,69.313,0.251,0,1006940,1530952,167408,5103952,12598.889,2710.238,0,24434.331,0,826.733,10025,17875,1.490,1.120,0.680,2,0,11.050,0,0,10,2,0,12,0
20-05 07:26:38,22.790,4.758,70.874,0,0,1006128,1531296,167464,5104260,11776.569,1460.551,0,108.189,0,4.007,8405,14619,1.490,1.120,0.680,1,0,8.014,0,0,10,2,0,12,0
20-05 07:26:39,20.960,5.739,72.861,0,0,1007508,1532480,167524,5101580,8666.446,1616.912,0,638.780,0,10.979,5234,7862,1.490,1.120,0.680,1,0,14.971,0,0,10,2,0,12,0
20-05 07:26:40,13.498,2.500,82.985,0,0,951684,1598224,167524,5092996,10000.242,131402.906,0,15.997,0,2.000,1504,899,1.450,1.120,0.680,0,0,4.999,0,0,10,2,0,12,0
20-05 07:26:41,0.250,0,98.741,0,0,946544,1603364,167524,5092996,5383.504,1619.851,0,0,0,0,461,568,1.450,1.120,0.680,0,0,0,0,0,10,2,0,12,0
20-05 07:26:42,0.500,2.000,97.000,0,0,939564,1610348,167524,5092996,10134.974,1619.996,0,18723.951,0,89.000,822,823,1.450,1.120,0.680,0,0,0,0,0,10,2,0,12,0
20-05 07:26:43,0.250,0,98.745,0,0,930220,1619692,167524,5092996,9732.516,1619.919,0,4.000,0,1.000,491,571,1.450,1.120,0.680,1,0,0,0,0,10,2,0,11,0
20-05 07:26:44,0.250,0.500,98.749,0,0,921620,1628292,167524,5092996,9260.869,1619.977,0,8.000,0,1.000,476,552,1.450,1.120,0.680,0,0,0,0,0,10,2,0,11,0
20-05 07:26:45,0.750,0,98.516,0,0,914440,1635476,167524,5092996,8625.362,1620.256,0,1376.217,0,3.000,547,628,1.330,1.100,0.670,0,0,1.000,0,0,10,2,0,11,0
20-05 07:26:46,0.250,0.500,99.249,0,0,911716,1638196,167524,5093000,10895.874,1619.981,0,0,0,0,513,555,1.330,1.100,0.670,1,0,0,0,0,10,2,0,11,0
20-05 07:26:47,0.250,0.750,96.742,1.000,0,903388,1646524,167524,5093000,10193.151,1457.879,0,12990.919,0,37.997,625,660,1.330,1.100,0.670,0,0,0,0,0,10,2,0,10,0
20-05 07:26:48,0,0.250,98.733,0,0,898296,1651616,167524,5093000,6810.849,1619.726,0,0,0,0,453,542,1.330,1.100,0.670,1,0,0,0,0,10,2,0,10,0
20-05 07:26:49,0.500,0.250,99.027,0,0,894216,1655696,167524,5093000,11432.163,1620.448,0,8.002,0,2.001,517,548,1.330,1.100,0.670,0,0,0,0,0,10,2,0,10,0
20-05 07:26:50,0.500,0.500,98.502,0.250,0,890420,1659364,167524,5093128,6511.144,1620.036,0,444.010,0,3.000,474,580,1.230,1.080,0.670,0,0,0,0,0,10,2,0,10,0
20-05 07:26:51,0.250,0.250,98.999,0,0,887468,1662316,167524,5093128,8491.907,1619.982,0,2259.975,0,14.000,496,564,1.230,1.080,0.670,0,0,0,0,0,10,2,0,10,0
20-05 07:26:52,0.250,1.500,96.992,0,0,884856,1664928,167524,5093128,11146.069,1619.865,0,19598.363,0,120.990,815,819,1.230,1.080,0.670,0,0,0,0,0,10,2,0,10,0
20-05 07:26:53,0.250,0.500,98.508,0,0,883804,1665980,167524,5093128,7595.620,1620.132,0,1376.112,0,69.006,506,577,1.230,1.080,0.670,0,0,0,0,0,10,2,0,10,0
20-05 07:26:54,0.250,0,99.005,0,0,883800,1665984,167524,5093128,11892.566,1620.077,0,0,0,0,497,536,1.230,1.080,0.670,0,0,0,0,0,10,2,0,10,0
20-05 07:26:55,0.250,0.750,98.510,0,0,883324,1666464,167524,5093128,8818.859,1458.142,0,628.061,0,3.000,551,638,1.130,1.060,0.670,0,0,1.000,0,0,10,2,0,10,0
20-05 07:26:56,0.500,0.250,98.986,0,0,883324,1666464,167524,5093128,6360.071,1619.763,0,3.999,0,1.000,451,553,1.130,1.060,0.670,0,0,0,0,0,10,2,0,10,0
20-05 07:26:57,0.250,0,98.513,0,0,883144,1666640,167524,5093132,10375.390,1620.217,0,0,0,0,484,533,1.130,1.060,0.670,1,0,0,0,0,10,2,0,10,0
20-05 07:26:58,0.500,0.500,98.736,0,0,883316,1666468,167524,5093132,8044.845,1619.767,0,0,0,0,486,569,1.130,1.060,0.670,1,0,0,0,0,10,2,0,10,0
20-05 07:26:59,10.500,4.250,84.251,0,0,883316,1666472,167524,5093132,6101.087,1620.023,0,0,0,0,2158,8061,1.130,1.060,0.670,0,0,36.001,0,0,10,2,0,11,0
20-05 07:27:00,0.250,0.500,98.501,0,0,883316,1666472,167524,5093132,9416.066,1620.011,0,24.000,0,2.000,481,571,1.040,1.040,0.660,2,0,0,0,0,10,2,0,10,0
20-05 07:27:01,0.250,0.750,98.499,0,0,883288,1666500,167524,5093132,8254.914,1619.983,0,4.000,0,1.000,498,573,1.040,1.040,0.660,1,0,0,0,0,10,2,0,10,0
20-05 07:27:02,0.250,4.250,94.254,0,0,869660,1680092,167524,5093132,21957.918,1620.068,0,78115.265,0,334.014,1380,1286,1.040,1.040,0.660,0,0,0,0,0,10,2,0,10,0
20-05 07:27:03,0.250,0.500,98.756,0,0,869660,1680092,167524,5093132,8073.503,1458.091,0,0,0,0,479,575,1.040,1.040,0.660,0,0,0,0,0,10,2,0,10,0
20-05 07:27:04,0.250,0.250,98.990,0,0,869660,1680092,167524,5093132,5898.397,1619.835,0,0,0,0,451,536,1.040,1.040,0.660,0,0,0,0,0,10,2,0,10,0
20-05 07:27:05,0.500,0.500,98.505,0,0,869660,1680092,167524,5093132,12708.667,1620.085,0,0,0,0,585,637,0.950,1.020,0.660,0,0,1.000,0,0,10,2,0,10,0
20-05 07:27:06,0.250,0.250,98.745,0.250,0,869656,1680092,167528,5093132,7728.600,1619.916,0,1311.932,0,3.000,485,566,0.950,1.020,0.660,0,0,0,0,0,10,2,0,10,0
20-05 07:27:07,0.250,0.250,98.757,0,0,869656,1680092,167528,5093132,11165.749,1620.109,0,4.000,0,1.000,495,555,0.950,1.020,0.660,0,0,0,0,0,10,2,0,10,0
20-05 07:27:08,0.250,1.000,97.735,0.250,0,869880,1679868,167528,5093132,7638.849,1619.756,0,9650.546,0,121.982,612,656,0.950,1.020,0.660,0,0,0,0,0,10,2,0,10,0
20-05 07:27:09,0.500,0.250,98.727,0,0,869876,1679868,167528,5093132,8904.934,1619.624,0,0,0,0,468,542,0.950,1.020,0.660,0,0,0,0,0,10,2,0,10,0
20-05 07:27:10,0.500,0,99.057,0,0,869876,1679868,167528,5093132,10867.199,1014.579,0,0,0,0,462,547,0.880,1.010,0.650,1,0,0,0,0,10,2,0,10,0
20-05 07:27:11,11.500,2.500,85.503,0,0,901120,1648624,167528,5093132,286644.288,7262.286,0,256.010,0,2.000,1683,1093,0.880,1.010,0.650,1,0,7.000,0,0,10,2,0,10,0
20-05 07:27:12,13.774,4.257,79.890,0.501,0,905828,1643796,167532,5093248,293532.268,13521.736,108.190,0,5.009,0,2585,1532,0.880,1.010,0.650,1,0,32.056,0,0,10,2,0,4,0
20-05 07:27:13,16.715,5.239,76.841,0,0,894860,1654644,167532,5093368,156678.663,5590.427,0,371.232,0,40.915,2301,1263,0.880,1.010,0.650,1,0,21.955,0,0,10,2,0,4,0
