Jan 14 14:25:39 ubuntu devstack@keystone.service[62025]: ERROR keystone.server.flask.application Traceback (most recent call last):
Jan 14 14:25:39 ubuntu devstack@keystone.service[62025]: ERROR keystone.server.flask.application   File "/opt/stack/data/venv/lib/python3.12/site-packages/flask_restful/__init__.py", line 295, in error_router
Jan 14 14:25:39 ubuntu devstack@keystone.service[62025]: ERROR keystone.server.flask.application     return self.handle_error(e)
Jan 14 14:25:39 ubuntu devstack@keystone.service[62025]: ERROR keystone.server.flask.application            ^^^^^^^^^^^^^^^^^^^^
Jan 14 14:25:39 ubuntu devstack@keystone.service[62025]: ERROR keystone.server.flask.application   File "/opt/stack/data/venv/lib/python3.12/site-packages/flask_restful/__init__.py", line 310, in handle_error
Jan 14 14:25:39 ubuntu devstack@keystone.service[62025]: ERROR keystone.server.flask.application     _handle_flask_propagate_exceptions_config(current_app, e)
Jan 14 14:25:39 ubuntu devstack@keystone.service[62025]: ERROR keystone.server.flask.application   File "/opt/stack/data/venv/lib/python3.12/site-packages/flask/app.py", line 917, in full_dispatch_request
Jan 14 14:25:39 ubuntu devstack@keystone.service[62025]: ERROR keystone.server.flask.application     rv = self.dispatch_request()
Jan 14 14:25:39 ubuntu devstack@keystone.service[62025]: ERROR keystone.server.flask.application          ^^^^^^^^^^^^^^^^^^^^^^^
Jan 14 14:25:39 ubuntu devstack@keystone.service[62025]: ERROR keystone.server.flask.application   File "/opt/stack/data/venv/lib/python3.12/site-packages/flask/app.py", line 902, in dispatch_request
Jan 14 14:25:39 ubuntu devstack@keystone.service[62025]: ERROR keystone.server.flask.application     return self.ensure_sync(self.view_functions[rule.endpoint])(**view_args)  # type: ignore[no-any-return]
Jan 14 14:25:39 ubuntu devstack@keystone.service[62025]: ERROR keystone.server.flask.application            ^^^^^^^^^^^^^^^^^^^^^^^^^^^^^^^^^^^^^^^^^^^^^^^^^^^^^^^^^^^^^^^^^
Jan 14 14:25:39 ubuntu devstack@keystone.service[62025]: ERROR keystone.server.flask.application   File "/opt/stack/data/venv/lib/python3.12/site-packages/flask_restful/__init__.py", line 489, in wrapper
Jan 14 14:25:39 ubuntu devstack@keystone.service[62025]: ERROR keystone.server.flask.application     resp = resource(*args, **kwargs)
Jan 14 14:25:39 ubuntu devstack@keystone.service[62025]: ERROR keystone.server.flask.application            ^^^^^^^^^^^^^^^^^^^^^^^^^
Jan 14 14:25:39 ubuntu devstack@keystone.service[62025]: ERROR keystone.server.flask.application   File "/opt/stack/data/venv/lib/python3.12/site-packages/flask/views.py", line 110, in view
Jan 14 14:25:39 ubuntu devstack@keystone.service[62025]: ERROR keystone.server.flask.application     return current_app.ensure_sync(self.dispatch_request)(**kwargs)  # type: ignore[no-any-return]
Jan 14 14:25:39 ubuntu devstack@keystone.service[62025]: ERROR keystone.server.flask.application            ^^^^^^^^^^^^^^^^^^^^^^^^^^^^^^^^^^^^^^^^^^^^^^^^^^^^^^^^
Jan 14 14:25:39 ubuntu devstack@keystone.service[62025]: ERROR keystone.server.flask.application   File "/opt/stack/data/venv/lib/python3.12/site-packages/flask_restful/__init__.py", line 604, in dispatch_request
Jan 14 14:25:39 ubuntu devstack@keystone.service[62025]: ERROR keystone.server.flask.application     resp = meth(*args, **kwargs)
Jan 14 14:25:39 ubuntu devstack@keystone.service[62025]: ERROR keystone.server.flask.application            ^^^^^^^^^^^^^^^^^^^^^
Jan 14 14:25:39 ubuntu devstack@keystone.service[62025]: ERROR keystone.server.flask.application   File "/opt/stack/keystone/keystone/api/validation/__init__.py", line 86, in wrapper
Jan 14 14:25:39 ubuntu devstack@keystone.service[62025]: ERROR keystone.server.flask.application     return func(*args, **kwargs)
Jan 14 14:25:39 ubuntu devstack@keystone.service[62025]: ERROR keystone.server.flask.application            ^^^^^^^^^^^^^^^^^^^^^
Jan 14 14:25:39 ubuntu devstack@keystone.service[62025]: ERROR keystone.server.flask.application   File "/opt/stack/keystone/keystone/api/validation/__init__.py", line 145, in wrapper
Jan 14 14:25:39 ubuntu devstack@keystone.service[62025]: ERROR keystone.server.flask.application     response = func(*args, **kwargs)
Jan 14 14:25:39 ubuntu devstack@keystone.service[62025]: ERROR keystone.server.flask.application                ^^^^^^^^^^^^^^^^^^^^^
Jan 14 14:25:39 ubuntu devstack@keystone.service[62025]: ERROR keystone.server.flask.application   File "/opt/stack/keystone/keystone/api/roles.py", line 91, in post
Jan 14 14:25:39 ubuntu devstack@keystone.service[62025]: ERROR keystone.server.flask.application     ref = PROVIDERS.role_api.create_role(
Jan 14 14:25:39 ubuntu devstack@keystone.service[62025]: ERROR keystone.server.flask.application           ^^^^^^^^^^^^^^^^^^^^^^^^^^^^^^^
Jan 14 14:25:39 ubuntu devstack@keystone.service[62025]: ERROR keystone.server.flask.application   File "/opt/stack/keystone/keystone/common/manager.py", line 114, in wrapped
Jan 14 14:25:39 ubuntu devstack@keystone.service[62025]: ERROR keystone.server.flask.application     __ret_val = __f(*args, **kwargs)
Jan 14 14:25:39 ubuntu devstack@keystone.service[62025]: ERROR keystone.server.flask.application                 ^^^^^^^^^^^^^^^^^^^^
Jan 14 14:25:39 ubuntu devstack@keystone.service[62025]: ERROR keystone.server.flask.application   File "/opt/stack/keystone/keystone/assignment/core.py", line 1526, in create_role
Jan 14 14:25:39 ubuntu devstack@keystone.service[62025]: ERROR keystone.server.flask.application     ret = self.driver.create_role(role_id, role)
Jan 14 14:25:39 ubuntu devstack@keystone.service[62025]: ERROR keystone.server.flask.application           ^^^^^^^^^^^^^^^^^^^^^^^^^^^^^^^^^^^^^^
Jan 14 14:25:39 ubuntu devstack@keystone.service[62025]: ERROR keystone.server.flask.application   File "/opt/stack/keystone/keystone/common/sql/core.py", line 614, in wrapper
Jan 14 14:25:39 ubuntu devstack@keystone.service[62025]: ERROR keystone.server.flask.application     raise exception.Conflict(type=conflict_type, details=msg)
Jan 14 14:25:39 ubuntu devstack@keystone.service[62025]: ERROR keystone.server.flask.application keystone.exception.Conflict: Conflict occurred attempting to store role - Duplicate entry found with name service.
Jan 14 14:25:39 ubuntu devstack@keystone.service[62025]: ERROR keystone.server.flask.application 
Jan 14 14:25:39 ubuntu devstack@keystone.service[62025]: [pid: 62025|app: 0|req: 18/34] 10.120.125.138 () {62 vars in 1203 bytes} [Wed Jan 14 14:25:39 2026] POST /identity/v3/roles => generated 140 bytes in 93 msecs (HTTP/1.1 409) 5 headers in 183 bytes (1 switches on core 0)
Jan 14 14:25:39 ubuntu devstack@keystone.service[62025]: DEBUG keystone.server.flask.request_processing.req_logging [None req-e92c8976-dfce-4a62-ad7b-33e573a028fd None None] REQUEST_METHOD: `POST` {{(pid=62025) log_request_info /opt/stack/keystone/keystone/server/flask/request_processing/req_logging.py:26}}
Jan 14 14:25:39 ubuntu devstack@keystone.service[62025]: DEBUG keystone.server.flask.request_processing.req_logging [None req-e92c8976-dfce-4a62-ad7b-33e573a028fd None None] SCRIPT_NAME: `/identity` {{(pid=62025) log_request_info /opt/stack/keystone/keystone/server/flask/request_processing/req_logging.py:27}}
Jan 14 14:25:39 ubuntu devstack@keystone.service[62025]: DEBUG keystone.server.flask.request_processing.req_logging [None req-e92c8976-dfce-4a62-ad7b-33e573a028fd None None] PATH_INFO: `/v3/auth/tokens` {{(pid=62025) log_request_info /opt/stack/keystone/keystone/server/flask/request_processing/req_logging.py:28}}
Jan 14 14:25:39 ubuntu devstack@keystone.service[62025]: WARNING keystone.common.password_hashing [None req-e92c8976-dfce-4a62-ad7b-33e573a028fd None None] Truncating password to algorithm specific maximum length 72 characters.
Jan 14 14:25:39 ubuntu devstack@keystone.service[62026]: DEBUG keystone.server.flask.request_processing.middleware.auth_context [None req-86117b75-a23e-4452-9b2f-aab12619ab68 None admin] RBAC: auth_context: {'token': <TokenModel (audit_id=aDUFfEA_RAqCyKFVjPcrOQ, audit_chain_id=['aDUFfEA_RAqCyKFVjPcrOQ']) at 0x7589f767ba40>, 'domain_id': None, 'trust_id': None, 'trustor_id': None, 'trustee_id': None, 'domain_name': None, 'group_ids': [], 'user_id': '489c8a26515b486183ea31289fa9b799', 'user_domain_id': 'default', 'system_scope': 'all', 'project_id': None, 'project_domain_id': None, 'roles': ['admin', 'manager', 'member', 'reader'], 'is_admin_project': True, 'service_user_id': None, 'service_user_domain_id': None, 'service_project_id': None, 'service_project_domain_id': None, 'service_roles': []} {{(pid=62026) fill_context /opt/stack/keystone/keystone/server/flask/request_processing/middleware/auth_context.py:509}}
Jan 14 14:25:39 ubuntu devstack@keystone.service[62026]: DEBUG keystone.server.flask.request_processing.req_logging [None req-86117b75-a23e-4452-9b2f-aab12619ab68 None admin] REQUEST_METHOD: `GET` {{(pid=62026) log_request_info /opt/stack/keystone/keystone/server/flask/request_processing/req_logging.py:26}}
Jan 14 14:25:39 ubuntu devstack@keystone.service[62026]: DEBUG keystone.server.flask.request_processing.req_logging [None req-86117b75-a23e-4452-9b2f-aab12619ab68 None admin] SCRIPT_NAME: `/identity` {{(pid=62026) log_request_info /opt/stack/keystone/keystone/server/flask/request_processing/req_logging.py:27}}
Jan 14 14:25:39 ubuntu devstack@keystone.service[62026]: DEBUG keystone.server.flask.request_processing.req_logging [None req-86117b75-a23e-4452-9b2f-aab12619ab68 None admin] PATH_INFO: `/v3/domains/Default` {{(pid=62026) log_request_info /opt/stack/keystone/keystone/server/flask/request_processing/req_logging.py:28}}
Jan 14 14:25:39 ubuntu devstack@keystone.service[62026]: DEBUG keystone.common.rbac_enforcer.enforcer [None req-86117b75-a23e-4452-9b2f-aab12619ab68 None admin] RBAC: Authorizing `identity:get_domain(domain_id=Default)` {{(pid=62026) enforce_call /opt/stack/keystone/keystone/common/rbac_enforcer/enforcer.py:494}}
Jan 14 14:25:39 ubuntu devstack@keystone.service[62026]: DEBUG keystone.common.rbac_enforcer.enforcer [None req-86117b75-a23e-4452-9b2f-aab12619ab68 None admin] RBAC: Authorization granted {{(pid=62026) enforce_call /opt/stack/keystone/keystone/common/rbac_enforcer/enforcer.py:505}}
Jan 14 14:25:39 ubuntu devstack@keystone.service[62025]: DEBUG keystone.auth.core [None req-e92c8976-dfce-4a62-ad7b-33e573a028fd None None] MFA Rules not processed for user `489c8a26515b486183ea31289fa9b799`. Rule list: `[]` (Enabled: `True`). {{(pid=62025) check_auth_methods_against_rules /opt/stack/keystone/keystone/auth/core.py:476}}
Jan 14 14:25:39 ubuntu devstack@keystone.service[62025]: DEBUG keystone.common.fernet_utils [None req-e92c8976-dfce-4a62-ad7b-33e573a028fd None None] Loaded 2 Fernet keys from /etc/keystone/fernet-keys/, but `[fernet_tokens] max_active_keys = 3`; perhaps there have not been enough key rotations to reach `max_active_keys` yet? {{(pid=62025) load_keys /opt/stack/keystone/keystone/common/fernet_utils.py:297}}
Jan 14 14:25:39 ubuntu devstack@keystone.service[62026]: DEBUG keystone.server.flask.application [None req-86117b75-a23e-4452-9b2f-aab12619ab68 None admin] Could not find domain: Default. {{(pid=62026) _handle_keystone_exception /opt/stack/keystone/keystone/server/flask/application.py:146}}
Jan 14 14:25:39 ubuntu devstack@keystone.service[62026]: [pid: 62026|app: 0|req: 17/35] 10.120.125.138 () {58 vars in 1137 bytes} [Wed Jan 14 14:25:39 2026] GET /identity/v3/domains/Default => generated 87 bytes in 75 msecs (HTTP/1.1 404) 5 headers in 183 bytes (1 switches on core 0)
Jan 14 14:25:39 ubuntu devstack@keystone.service[62026]: DEBUG keystone.server.flask.request_processing.middleware.auth_context [None req-86117b75-a23e-4452-9b2f-aab12619ab68 None admin] Authenticating user token {{(pid=62026) process_request /opt/stack/data/venv/lib/python3.12/site-packages/keystonemiddleware/auth_token/__init__.py:407}}
Jan 14 14:25:39 ubuntu devstack@keystone.service[62025]: [pid: 62025|app: 0|req: 19/36] 10.120.125.138 () {60 vars in 1052 bytes} [Wed Jan 14 14:25:39 2026] POST /identity/v3/auth/tokens => generated 864 bytes in 53 msecs (HTTP/1.1 201) 6 headers in 363 bytes (1 switches on core 0)
Jan 14 14:25:39 ubuntu devstack@keystone.service[62025]: DEBUG keystone.server.flask.request_processing.req_logging [None req-f396da4a-fb9d-4915-b400-4edbb109b31e None None] REQUEST_METHOD: `POST` {{(pid=62025) log_request_info /opt/stack/keystone/keystone/server/flask/request_processing/req_logging.py:26}}
Jan 14 14:25:39 ubuntu devstack@keystone.service[62025]: DEBUG keystone.server.flask.request_processing.req_logging [None req-f396da4a-fb9d-4915-b400-4edbb109b31e None None] SCRIPT_NAME: `/identity` {{(pid=62025) log_request_info /opt/stack/keystone/keystone/server/flask/request_processing/req_logging.py:27}}
Jan 14 14:25:39 ubuntu devstack@keystone.service[62025]: DEBUG keystone.server.flask.request_processing.req_logging [None req-f396da4a-fb9d-4915-b400-4edbb109b31e None None] PATH_INFO: `/v3/auth/tokens` {{(pid=62025) log_request_info /opt/stack/keystone/keystone/server/flask/request_processing/req_logging.py:28}}
Jan 14 14:25:39 ubuntu devstack@keystone.service[62026]: DEBUG keystone.server.flask.request_processing.middleware.auth_context [None req-86117b75-a23e-4452-9b2f-aab12619ab68 None admin] Validating token access rules against request {{(pid=62026) validate_allowed_request /opt/stack/data/venv/lib/python3.12/site-packages/keystonemiddleware/auth_token/__init__.py:545}}
Jan 14 14:25:39 ubuntu devstack@keystone.service[62025]: WARNING keystone.common.password_hashing [None req-f396da4a-fb9d-4915-b400-4edbb109b31e None None] Truncating password to algorithm specific maximum length 72 characters.
Jan 14 14:25:39 ubuntu devstack@keystone.service[62025]: DEBUG keystone.auth.core [None req-f396da4a-fb9d-4915-b400-4edbb109b31e None None] MFA Rules not processed for user `489c8a26515b486183ea31289fa9b799`. Rule list: `[]` (Enabled: `True`). {{(pid=62025) check_auth_methods_against_rules /opt/stack/keystone/keystone/auth/core.py:476}}
Jan 14 14:25:39 ubuntu devstack@keystone.service[62025]: DEBUG keystone.common.fernet_utils [None req-f396da4a-fb9d-4915-b400-4edbb109b31e None None] Loaded 2 Fernet keys from /etc/keystone/fernet-keys/, but `[fernet_tokens] max_active_keys = 3`; perhaps there have not been enough key rotations to reach `max_active_keys` yet? {{(pid=62025) load_keys /opt/stack/keystone/keystone/common/fernet_utils.py:297}}
Jan 14 14:25:39 ubuntu devstack@keystone.service[62026]: DEBUG keystone.server.flask.request_processing.middleware.auth_context [None req-c778e821-35e0-4424-afef-135167d92897 None admin] RBAC: auth_context: {'token': <TokenModel (audit_id=dQ9Pbc-VT16zKMjeG26L5A, audit_chain_id=['dQ9Pbc-VT16zKMjeG26L5A']) at 0x7589f7699820>, 'domain_id': None, 'trust_id': None, 'trustor_id': None, 'trustee_id': None, 'domain_name': None, 'group_ids': [], 'user_id': '489c8a26515b486183ea31289fa9b799', 'user_domain_id': 'default', 'system_scope': 'all', 'project_id': None, 'project_domain_id': None, 'roles': ['admin', 'manager', 'member', 'reader'], 'is_admin_project': True, 'service_user_id': None, 'service_user_domain_id': None, 'service_project_id': None, 'service_project_domain_id': None, 'service_roles': []} {{(pid=62026) fill_context /opt/stack/keystone/keystone/server/flask/request_processing/middleware/auth_context.py:509}}
Jan 14 14:25:39 ubuntu devstack@keystone.service[62026]: DEBUG keystone.server.flask.request_processing.req_logging [None req-c778e821-35e0-4424-afef-135167d92897 None admin] REQUEST_METHOD: `GET` {{(pid=62026) log_request_info /opt/stack/keystone/keystone/server/flask/request_processing/req_logging.py:26}}
Jan 14 14:25:39 ubuntu devstack@keystone.service[62026]: DEBUG keystone.server.flask.request_processing.req_logging [None req-c778e821-35e0-4424-afef-135167d92897 None admin] SCRIPT_NAME: `/identity` {{(pid=62026) log_request_info /opt/stack/keystone/keystone/server/flask/request_processing/req_logging.py:27}}
Jan 14 14:25:39 ubuntu devstack@keystone.service[62026]: DEBUG keystone.server.flask.request_processing.req_logging [None req-c778e821-35e0-4424-afef-135167d92897 None admin] PATH_INFO: `/v3/users/489c8a26515b486183ea31289fa9b799` {{(pid=62026) log_request_info /opt/stack/keystone/keystone/server/flask/request_processing/req_logging.py:28}}
Jan 14 14:25:39 ubuntu devstack@keystone.service[62026]: DEBUG keystone.common.rbac_enforcer.enforcer [None req-c778e821-35e0-4424-afef-135167d92897 None admin] RBAC: Authorizing `identity:get_user(user_id=489c8a26515b486183ea31289fa9b799)` {{(pid=62026) enforce_call /opt/stack/keystone/keystone/common/rbac_enforcer/enforcer.py:494}}
Jan 14 14:25:39 ubuntu devstack@keystone.service[62026]: DEBUG keystone.common.rbac_enforcer.enforcer [None req-c778e821-35e0-4424-afef-135167d92897 None admin] RBAC: Authorization granted {{(pid=62026) enforce_call /opt/stack/keystone/keystone/common/rbac_enforcer/enforcer.py:505}}
Jan 14 14:25:39 ubuntu devstack@keystone.service[62026]: [pid: 62026|app: 0|req: 18/37] 10.120.125.138 () {58 vars in 1249 bytes} [Wed Jan 14 14:25:39 2026] GET /identity/v3/users/489c8a26515b486183ea31289fa9b799 => generated 249 bytes in 60 msecs (HTTP/1.1 200) 5 headers in 177 bytes (1 switches on core 0)
Jan 14 14:25:39 ubuntu devstack@keystone.service[62026]: DEBUG keystone.server.flask.request_processing.middleware.auth_context [None req-c778e821-35e0-4424-afef-135167d92897 None admin] Authenticating user token {{(pid=62026) process_request /opt/stack/data/venv/lib/python3.12/site-packages/keystonemiddleware/auth_token/__init__.py:407}}
Jan 14 14:25:39 ubuntu devstack@keystone.service[62025]: [pid: 62025|app: 0|req: 20/38] 10.120.125.138 () {60 vars in 1052 bytes} [Wed Jan 14 14:25:39 2026] POST /identity/v3/auth/tokens => generated 864 bytes in 51 msecs (HTTP/1.1 201) 6 headers in 363 bytes (1 switches on core 0)
Jan 14 14:25:39 ubuntu devstack@keystone.service[62025]: DEBUG keystone.server.flask.request_processing.middleware.auth_context [None req-f396da4a-fb9d-4915-b400-4edbb109b31e None None] Authenticating user token {{(pid=62025) process_request /opt/stack/data/venv/lib/python3.12/site-packages/keystonemiddleware/auth_token/__init__.py:407}}
Jan 14 14:25:39 ubuntu devstack@keystone.service[62026]: DEBUG keystone.server.flask.request_processing.middleware.auth_context [None req-c778e821-35e0-4424-afef-135167d92897 None admin] Validating token access rules against request {{(pid=62026) validate_allowed_request /opt/stack/data/venv/lib/python3.12/site-packages/keystonemiddleware/auth_token/__init__.py:545}}
Jan 14 14:25:40 ubuntu devstack@keystone.service[62026]: DEBUG keystone.server.flask.request_processing.middleware.auth_context [None req-e3536927-1fcd-4d88-87d5-1161a7964ed2 None admin] RBAC: auth_context: {'token': <TokenModel (audit_id=_Ud1G14KSTKjfxvfAlMaQA, audit_chain_id=['_Ud1G14KSTKjfxvfAlMaQA']) at 0x7589f76116a0>, 'domain_id': None, 'trust_id': None, 'trustor_id': None, 'trustee_id': None, 'domain_name': None, 'group_ids': [], 'user_id': '489c8a26515b486183ea31289fa9b799', 'user_domain_id': 'default', 'system_scope': 'all', 'project_id': None, 'project_domain_id': None, 'roles': ['admin', 'manager', 'member', 'reader'], 'is_admin_project': True, 'service_user_id': None, 'service_user_domain_id': None, 'service_project_id': None, 'service_project_domain_id': None, 'service_roles': []} {{(pid=62026) fill_context /opt/stack/keystone/keystone/server/flask/request_processing/middleware/auth_context.py:509}}
Jan 14 14:25:40 ubuntu devstack@keystone.service[62026]: DEBUG keystone.server.flask.request_processing.req_logging [None req-e3536927-1fcd-4d88-87d5-1161a7964ed2 None admin] REQUEST_METHOD: `GET` {{(pid=62026) log_request_info /opt/stack/keystone/keystone/server/flask/request_processing/req_logging.py:26}}
Jan 14 14:25:40 ubuntu devstack@keystone.service[62026]: DEBUG keystone.server.flask.request_processing.req_logging [None req-e3536927-1fcd-4d88-87d5-1161a7964ed2 None admin] SCRIPT_NAME: `/identity` {{(pid=62026) log_request_info /opt/stack/keystone/keystone/server/flask/request_processing/req_logging.py:27}}
Jan 14 14:25:40 ubuntu devstack@keystone.service[62026]: DEBUG keystone.server.flask.request_processing.req_logging [None req-e3536927-1fcd-4d88-87d5-1161a7964ed2 None admin] PATH_INFO: `/v3/roles/service` {{(pid=62026) log_request_info /opt/stack/keystone/keystone/server/flask/request_processing/req_logging.py:28}}
Jan 14 14:25:40 ubuntu devstack@keystone.service[62026]: DEBUG keystone.common.rbac_enforcer.enforcer [None req-e3536927-1fcd-4d88-87d5-1161a7964ed2 None admin] Extracting inferred target data resulted in "NOT FOUND (404)". {{(pid=62026) enforce_call /opt/stack/keystone/keystone/common/rbac_enforcer/enforcer.py:445}}
Jan 14 14:25:40 ubuntu devstack@keystone.service[62026]: DEBUG keystone.server.flask.application [None req-e3536927-1fcd-4d88-87d5-1161a7964ed2 None admin] Could not find role: service. {{(pid=62026) _handle_keystone_exception /opt/stack/keystone/keystone/server/flask/application.py:146}}
Jan 14 14:25:40 ubuntu devstack@keystone.service[62026]: [pid: 62026|app: 0|req: 19/39] 10.120.125.138 () {58 vars in 1174 bytes} [Wed Jan 14 14:25:39 2026] GET /identity/v3/roles/service => generated 85 bytes in 68 msecs (HTTP/1.1 404) 5 headers in 183 bytes (1 switches on core 0)
Jan 14 14:25:40 ubuntu devstack@keystone.service[62026]: DEBUG keystone.server.flask.request_processing.middleware.auth_context [None req-e3536927-1fcd-4d88-87d5-1161a7964ed2 None admin] Authenticating user token {{(pid=62026) process_request /opt/stack/data/venv/lib/python3.12/site-packages/keystonemiddleware/auth_token/__init__.py:407}}
Jan 14 14:25:40 ubuntu devstack@keystone.service[62025]: DEBUG keystone.server.flask.request_processing.middleware.auth_context [None req-f396da4a-fb9d-4915-b400-4edbb109b31e None None] Validating token access rules against request {{(pid=62025) validate_allowed_request /opt/stack/data/venv/lib/python3.12/site-packages/keystonemiddleware/auth_token/__init__.py:545}}
Jan 14 14:25:40 ubuntu devstack@keystone.service[62025]: DEBUG keystone.server.flask.request_processing.middleware.auth_context [None req-41e18001-aceb-46f3-973d-45d86d3e9c5a None admin] RBAC: auth_context: {'token': <TokenModel (audit_id=aDUFfEA_RAqCyKFVjPcrOQ, audit_chain_id=['aDUFfEA_RAqCyKFVjPcrOQ']) at 0x7589f792f6b0>, 'domain_id': None, 'trust_id': None, 'trustor_id': None, 'trustee_id': None, 'domain_name': None, 'group_ids': [], 'user_id': '489c8a26515b486183ea31289fa9b799', 'user_domain_id': 'default', 'system_scope': 'all', 'project_id': None, 'project_domain_id': None, 'roles': ['admin', 'manager', 'member', 'reader'], 'is_admin_project': True, 'service_user_id': None, 'service_user_domain_id': None, 'service_project_id': None, 'service_project_domain_id': None, 'service_roles': []} {{(pid=62025) fill_context /opt/stack/keystone/keystone/server/flask/request_processing/middleware/auth_context.py:509}}
Jan 14 14:25:40 ubuntu devstack@keystone.service[62025]: DEBUG keystone.server.flask.request_processing.req_logging [None req-41e18001-aceb-46f3-973d-45d86d3e9c5a None admin] REQUEST_METHOD: `GET` {{(pid=62025) log_request_info /opt/stack/keystone/keystone/server/flask/request_processing/req_logging.py:26}}
Jan 14 14:25:40 ubuntu devstack@keystone.service[62025]: DEBUG keystone.server.flask.request_processing.req_logging [None req-41e18001-aceb-46f3-973d-45d86d3e9c5a None admin] SCRIPT_NAME: `/identity` {{(pid=62025) log_request_info /opt/stack/keystone/keystone/server/flask/request_processing/req_logging.py:27}}
Jan 14 14:25:40 ubuntu devstack@keystone.service[62025]: DEBUG keystone.server.flask.request_processing.req_logging [None req-41e18001-aceb-46f3-973d-45d86d3e9c5a None admin] PATH_INFO: `/v3/domains` {{(pid=62025) log_request_info /opt/stack/keystone/keystone/server/flask/request_processing/req_logging.py:28}}
Jan 14 14:25:40 ubuntu devstack@keystone.service[62025]: DEBUG keystone.common.rbac_enforcer.enforcer [None req-41e18001-aceb-46f3-973d-45d86d3e9c5a None admin] RBAC: Adding query filter params (name=Default) {{(pid=62025) _extract_filter_values /opt/stack/keystone/keystone/common/rbac_enforcer/enforcer.py:176}}
Jan 14 14:25:40 ubuntu devstack@keystone.service[62025]: DEBUG keystone.common.rbac_enforcer.enforcer [None req-41e18001-aceb-46f3-973d-45d86d3e9c5a None admin] RBAC: Authorizing `identity:list_domains()` {{(pid=62025) enforce_call /opt/stack/keystone/keystone/common/rbac_enforcer/enforcer.py:494}}
Jan 14 14:25:40 ubuntu devstack@keystone.service[62025]: DEBUG keystone.common.rbac_enforcer.enforcer [None req-41e18001-aceb-46f3-973d-45d86d3e9c5a None admin] RBAC: Authorization granted {{(pid=62025) enforce_call /opt/stack/keystone/keystone/common/rbac_enforcer/enforcer.py:505}}
Jan 14 14:25:40 ubuntu devstack@keystone.service[62025]: [pid: 62025|app: 0|req: 21/40] 10.120.125.138 () {58 vars in 1138 bytes} [Wed Jan 14 14:25:39 2026] GET /identity/v3/domains?name=Default => generated 312 bytes in 90 msecs (HTTP/1.1 200) 5 headers in 177 bytes (1 switches on core 0)
Jan 14 14:25:40 ubuntu devstack@keystone.service[62026]: DEBUG keystone.server.flask.request_processing.middleware.auth_context [None req-e3536927-1fcd-4d88-87d5-1161a7964ed2 None admin] Validating token access rules against request {{(pid=62026) validate_allowed_request /opt/stack/data/venv/lib/python3.12/site-packages/keystonemiddleware/auth_token/__init__.py:545}}
Jan 14 14:25:40 ubuntu devstack@keystone.service[62025]: DEBUG keystone.server.flask.request_processing.middleware.auth_context [None req-41e18001-aceb-46f3-973d-45d86d3e9c5a None admin] Authenticating user token {{(pid=62025) process_request /opt/stack/data/venv/lib/python3.12/site-packages/keystonemiddleware/auth_token/__init__.py:407}}
Jan 14 14:25:40 ubuntu devstack@keystone.service[62026]: DEBUG keystone.server.flask.request_processing.middleware.auth_context [None req-5ca8139a-d42a-4962-b709-b1fc35188ab6 None admin] RBAC: auth_context: {'token': <TokenModel (audit_id=dQ9Pbc-VT16zKMjeG26L5A, audit_chain_id=['dQ9Pbc-VT16zKMjeG26L5A']) at 0x7589f7611a30>, 'domain_id': None, 'trust_id': None, 'trustor_id': None, 'trustee_id': None, 'domain_name': None, 'group_ids': [], 'user_id': '489c8a26515b486183ea31289fa9b799', 'user_domain_id': 'default', 'system_scope': 'all', 'project_id': None, 'project_domain_id': None, 'roles': ['admin', 'manager', 'member', 'reader'], 'is_admin_project': True, 'service_user_id': None, 'service_user_domain_id': None, 'service_project_id': None, 'service_project_domain_id': None, 'service_roles': []} {{(pid=62026) fill_context /opt/stack/keystone/keystone/server/flask/request_processing/middleware/auth_context.py:509}}
Jan 14 14:25:40 ubuntu devstack@keystone.service[62026]: DEBUG keystone.server.flask.request_processing.req_logging [None req-5ca8139a-d42a-4962-b709-b1fc35188ab6 None admin] REQUEST_METHOD: `GET` {{(pid=62026) log_request_info /opt/stack/keystone/keystone/server/flask/request_processing/req_logging.py:26}}
Jan 14 14:25:40 ubuntu devstack@keystone.service[62026]: DEBUG keystone.server.flask.request_processing.req_logging [None req-5ca8139a-d42a-4962-b709-b1fc35188ab6 None admin] SCRIPT_NAME: `/identity` {{(pid=62026) log_request_info /opt/stack/keystone/keystone/server/flask/request_processing/req_logging.py:27}}
Jan 14 14:25:40 ubuntu devstack@keystone.service[62026]: DEBUG keystone.server.flask.request_processing.req_logging [None req-5ca8139a-d42a-4962-b709-b1fc35188ab6 None admin] PATH_INFO: `/v3/domains/default` {{(pid=62026) log_request_info /opt/stack/keystone/keystone/server/flask/request_processing/req_logging.py:28}}
Jan 14 14:25:40 ubuntu devstack@keystone.service[62026]: DEBUG keystone.common.rbac_enforcer.enforcer [None req-5ca8139a-d42a-4962-b709-b1fc35188ab6 None admin] RBAC: Authorizing `identity:get_domain(domain_id=default)` {{(pid=62026) enforce_call /opt/stack/keystone/keystone/common/rbac_enforcer/enforcer.py:494}}
Jan 14 14:25:40 ubuntu devstack@keystone.service[62026]: DEBUG keystone.common.rbac_enforcer.enforcer [None req-5ca8139a-d42a-4962-b709-b1fc35188ab6 None admin] RBAC: Authorization granted {{(pid=62026) enforce_call /opt/stack/keystone/keystone/common/rbac_enforcer/enforcer.py:505}}
Jan 14 14:25:40 ubuntu devstack@keystone.service[62026]: [pid: 62026|app: 0|req: 20/41] 10.120.125.138 () {58 vars in 1179 bytes} [Wed Jan 14 14:25:40 2026] GET /identity/v3/domains/default => generated 201 bytes in 69 msecs (HTTP/1.1 200) 5 headers in 177 bytes (1 switches on core 0)
Jan 14 14:25:40 ubuntu devstack@keystone.service[62025]: DEBUG keystone.server.flask.request_processing.middleware.auth_context [None req-41e18001-aceb-46f3-973d-45d86d3e9c5a None admin] Validating token access rules against request {{(pid=62025) validate_allowed_request /opt/stack/data/venv/lib/python3.12/site-packages/keystonemiddleware/auth_token/__init__.py:545}}
Jan 14 14:25:40 ubuntu devstack@keystone.service[62025]: DEBUG keystone.server.flask.request_processing.middleware.auth_context [None req-0dc6d71e-ce4b-45f7-9002-e30418a814c5 None admin] RBAC: auth_context: {'token': <TokenModel (audit_id=_Ud1G14KSTKjfxvfAlMaQA, audit_chain_id=['_Ud1G14KSTKjfxvfAlMaQA']) at 0x7589f84a8830>, 'domain_id': None, 'trust_id': None, 'trustor_id': None, 'trustee_id': None, 'domain_name': None, 'group_ids': [], 'user_id': '489c8a26515b486183ea31289fa9b799', 'user_domain_id': 'default', 'system_scope': 'all', 'project_id': None, 'project_domain_id': None, 'roles': ['admin', 'manager', 'member', 'reader'], 'is_admin_project': True, 'service_user_id': None, 'service_user_domain_id': None, 'service_project_id': None, 'service_project_domain_id': None, 'service_roles': []} {{(pid=62025) fill_context /opt/stack/keystone/keystone/server/flask/request_processing/middleware/auth_context.py:509}}
Jan 14 14:25:40 ubuntu devstack@keystone.service[62025]: DEBUG keystone.server.flask.request_processing.req_logging [None req-0dc6d71e-ce4b-45f7-9002-e30418a814c5 None admin] REQUEST_METHOD: `GET` {{(pid=62025) log_request_info /opt/stack/keystone/keystone/server/flask/request_processing/req_logging.py:26}}
Jan 14 14:25:40 ubuntu devstack@keystone.service[62025]: DEBUG keystone.server.flask.request_processing.req_logging [None req-0dc6d71e-ce4b-45f7-9002-e30418a814c5 None admin] SCRIPT_NAME: `/identity` {{(pid=62025) log_request_info /opt/stack/keystone/keystone/server/flask/request_processing/req_logging.py:27}}
Jan 14 14:25:40 ubuntu devstack@keystone.service[62025]: DEBUG keystone.server.flask.request_processing.req_logging [None req-0dc6d71e-ce4b-45f7-9002-e30418a814c5 None admin] PATH_INFO: `/v3/roles` {{(pid=62025) log_request_info /opt/stack/keystone/keystone/server/flask/request_processing/req_logging.py:28}}
Jan 14 14:25:40 ubuntu devstack@keystone.service[62025]: DEBUG keystone.common.rbac_enforcer.enforcer [None req-0dc6d71e-ce4b-45f7-9002-e30418a814c5 None admin] RBAC: Adding query filter params (name=service) {{(pid=62025) _extract_filter_values /opt/stack/keystone/keystone/common/rbac_enforcer/enforcer.py:176}}
Jan 14 14:25:40 ubuntu devstack@keystone.service[62025]: DEBUG keystone.common.rbac_enforcer.enforcer [None req-0dc6d71e-ce4b-45f7-9002-e30418a814c5 None admin] RBAC: Authorizing `identity:list_roles()` {{(pid=62025) enforce_call /opt/stack/keystone/keystone/common/rbac_enforcer/enforcer.py:494}}
Jan 14 14:25:40 ubuntu devstack@keystone.service[62025]: DEBUG keystone.common.rbac_enforcer.enforcer [None req-0dc6d71e-ce4b-45f7-9002-e30418a814c5 None admin] RBAC: Authorization granted {{(pid=62025) enforce_call /opt/stack/keystone/keystone/common/rbac_enforcer/enforcer.py:505}}
Jan 14 14:25:40 ubuntu devstack@keystone.service[62025]: [pid: 62025|app: 0|req: 22/42] 10.120.125.138 () {58 vars in 1187 bytes} [Wed Jan 14 14:25:40 2026] GET /identity/v3/roles?name=service => generated 347 bytes in 67 msecs (HTTP/1.1 200) 5 headers in 177 bytes (1 switches on core 0)
Jan 14 14:25:40 ubuntu devstack@keystone.service[62026]: DEBUG keystone.server.flask.request_processing.middleware.auth_context [None req-5ca8139a-d42a-4962-b709-b1fc35188ab6 None admin] Authenticating user token {{(pid=62026) process_request /opt/stack/data/venv/lib/python3.12/site-packages/keystonemiddleware/auth_token/__init__.py:407}}
Jan 14 14:25:40 ubuntu devstack@keystone.service[62025]: DEBUG keystone.server.flask.request_processing.middleware.auth_context [None req-0dc6d71e-ce4b-45f7-9002-e30418a814c5 None admin] Authenticating user token {{(pid=62025) process_request /opt/stack/data/venv/lib/python3.12/site-packages/keystonemiddleware/auth_token/__init__.py:407}}
Jan 14 14:25:40 ubuntu devstack@keystone.service[62026]: DEBUG keystone.server.flask.request_processing.middleware.auth_context [None req-5ca8139a-d42a-4962-b709-b1fc35188ab6 None admin] Validating token access rules against request {{(pid=62026) validate_allowed_request /opt/stack/data/venv/lib/python3.12/site-packages/keystonemiddleware/auth_token/__init__.py:545}}
Jan 14 14:25:40 ubuntu devstack@keystone.service[62025]: DEBUG keystone.server.flask.request_processing.middleware.auth_context [None req-0dc6d71e-ce4b-45f7-9002-e30418a814c5 None admin] Validating token access rules against request {{(pid=62025) validate_allowed_request /opt/stack/data/venv/lib/python3.12/site-packages/keystonemiddleware/auth_token/__init__.py:545}}
Jan 14 14:25:40 ubuntu devstack@keystone.service[62026]: DEBUG keystone.server.flask.request_processing.middleware.auth_context [None req-8fafc40b-7588-488a-83e0-882d5458be4e None admin] RBAC: auth_context: {'token': <TokenModel (audit_id=dQ9Pbc-VT16zKMjeG26L5A, audit_chain_id=['dQ9Pbc-VT16zKMjeG26L5A']) at 0x7589f7611220>, 'domain_id': None, 'trust_id': None, 'trustor_id': None, 'trustee_id': None, 'domain_name': None, 'group_ids': [], 'user_id': '489c8a26515b486183ea31289fa9b799', 'user_domain_id': 'default', 'system_scope': 'all', 'project_id': None, 'project_domain_id': None, 'roles': ['admin', 'manager', 'member', 'reader'], 'is_admin_project': True, 'service_user_id': None, 'service_user_domain_id': None, 'service_project_id': None, 'service_project_domain_id': None, 'service_roles': []} {{(pid=62026) fill_context /opt/stack/keystone/keystone/server/flask/request_processing/middleware/auth_context.py:509}}
Jan 14 14:25:40 ubuntu devstack@keystone.service[62026]: DEBUG keystone.server.flask.request_processing.req_logging [None req-8fafc40b-7588-488a-83e0-882d5458be4e None admin] REQUEST_METHOD: `GET` {{(pid=62026) log_request_info /opt/stack/keystone/keystone/server/flask/request_processing/req_logging.py:26}}
Jan 14 14:25:40 ubuntu devstack@keystone.service[62026]: DEBUG keystone.server.flask.request_processing.req_logging [None req-8fafc40b-7588-488a-83e0-882d5458be4e None admin] SCRIPT_NAME: `/identity` {{(pid=62026) log_request_info /opt/stack/keystone/keystone/server/flask/request_processing/req_logging.py:27}}
Jan 14 14:25:40 ubuntu devstack@keystone.service[62026]: DEBUG keystone.server.flask.request_processing.req_logging [None req-8fafc40b-7588-488a-83e0-882d5458be4e None admin] PATH_INFO: `/v3/role_assignments` {{(pid=62026) log_request_info /opt/stack/keystone/keystone/server/flask/request_processing/req_logging.py:28}}
Jan 14 14:25:40 ubuntu devstack@keystone.service[62026]: DEBUG keystone.common.rbac_enforcer.enforcer [None req-8fafc40b-7588-488a-83e0-882d5458be4e None admin] RBAC: Adding query filter params (role.id=60c9b2a981c54d48b89efbf013181a82, scope.domain.id=default, user.id=489c8a26515b486183ea31289fa9b799) {{(pid=62026) _extract_filter_values /opt/stack/keystone/keystone/common/rbac_enforcer/enforcer.py:176}}
Jan 14 14:25:40 ubuntu devstack@keystone.service[62026]: DEBUG keystone.common.rbac_enforcer.enforcer [None req-8fafc40b-7588-488a-83e0-882d5458be4e None admin] RBAC: Authorizing `identity:list_role_assignments()` {{(pid=62026) enforce_call /opt/stack/keystone/keystone/common/rbac_enforcer/enforcer.py:494}}
Jan 14 14:25:40 ubuntu devstack@keystone.service[62026]: DEBUG keystone.common.rbac_enforcer.enforcer [None req-8fafc40b-7588-488a-83e0-882d5458be4e None admin] RBAC: Authorization granted {{(pid=62026) enforce_call /opt/stack/keystone/keystone/common/rbac_enforcer/enforcer.py:505}}
Jan 14 14:25:40 ubuntu devstack@keystone.service[62026]: [pid: 62026|app: 0|req: 21/43] 10.120.125.138 () {58 vars in 1407 bytes} [Wed Jan 14 14:25:40 2026] GET /identity/v3/role_assignments?role.id=60c9b2a981c54d48b89efbf013181a82&scope.domain.id=default&user.id=489c8a26515b486183ea31289fa9b799 => generated 534 bytes in 106 msecs (HTTP/1.1 200) 5 headers in 177 bytes (1 switches on core 0)
Jan 14 14:25:40 ubuntu devstack@keystone.service[62026]: DEBUG keystone.server.flask.request_processing.middleware.auth_context [None req-8fafc40b-7588-488a-83e0-882d5458be4e None admin] Authenticating user token {{(pid=62026) process_request /opt/stack/data/venv/lib/python3.12/site-packages/keystonemiddleware/auth_token/__init__.py:407}}
Jan 14 14:25:40 ubuntu devstack@keystone.service[62025]: DEBUG keystone.server.flask.request_processing.middleware.auth_context [None req-e2ab8e80-6fb6-4a6c-9706-f2a24fbecead None admin] RBAC: auth_context: {'token': <TokenModel (audit_id=BUgM2ybuSQGP3ud8ogkoxw, audit_chain_id=['BUgM2ybuSQGP3ud8ogkoxw']) at 0x7589f86576b0>, 'domain_id': None, 'trust_id': None, 'trustor_id': None, 'trustee_id': None, 'domain_name': None, 'group_ids': [], 'user_id': '489c8a26515b486183ea31289fa9b799', 'user_domain_id': 'default', 'system_scope': 'all', 'project_id': None, 'project_domain_id': None, 'roles': ['admin', 'manager', 'member', 'reader'], 'is_admin_project': True, 'service_user_id': None, 'service_user_domain_id': None, 'service_project_id': None, 'service_project_domain_id': None, 'service_roles': []} {{(pid=62025) fill_context /opt/stack/keystone/keystone/server/flask/request_processing/middleware/auth_context.py:509}}
Jan 14 14:25:40 ubuntu devstack@keystone.service[62025]: DEBUG keystone.server.flask.request_processing.req_logging [None req-e2ab8e80-6fb6-4a6c-9706-f2a24fbecead None admin] REQUEST_METHOD: `POST` {{(pid=62025) log_request_info /opt/stack/keystone/keystone/server/flask/request_processing/req_logging.py:26}}
Jan 14 14:25:40 ubuntu devstack@keystone.service[62025]: DEBUG keystone.server.flask.request_processing.req_logging [None req-e2ab8e80-6fb6-4a6c-9706-f2a24fbecead None admin] SCRIPT_NAME: `/identity` {{(pid=62025) log_request_info /opt/stack/keystone/keystone/server/flask/request_processing/req_logging.py:27}}
Jan 14 14:25:40 ubuntu devstack@keystone.service[62025]: DEBUG keystone.server.flask.request_processing.req_logging [None req-e2ab8e80-6fb6-4a6c-9706-f2a24fbecead None admin] PATH_INFO: `/v3/roles` {{(pid=62025) log_request_info /opt/stack/keystone/keystone/server/flask/request_processing/req_logging.py:28}}
Jan 14 14:25:40 ubuntu devstack@keystone.service[62025]: DEBUG keystone.common.rbac_enforcer.enforcer [None req-e2ab8e80-6fb6-4a6c-9706-f2a24fbecead None admin] RBAC: Authorizing `identity:create_role()` {{(pid=62025) enforce_call /opt/stack/keystone/keystone/common/rbac_enforcer/enforcer.py:494}}
Jan 14 14:25:40 ubuntu devstack@keystone.service[62025]: DEBUG keystone.common.rbac_enforcer.enforcer [None req-e2ab8e80-6fb6-4a6c-9706-f2a24fbecead None admin] RBAC: Authorization granted {{(pid=62025) enforce_call /opt/stack/keystone/keystone/common/rbac_enforcer/enforcer.py:505}}
Jan 14 14:25:40 ubuntu devstack@keystone.service[62026]: DEBUG keystone.server.flask.request_processing.middleware.auth_context [None req-8fafc40b-7588-488a-83e0-882d5458be4e None admin] Validating token access rules against request {{(pid=62026) validate_allowed_request /opt/stack/data/venv/lib/python3.12/site-packages/keystonemiddleware/auth_token/__init__.py:545}}
Jan 14 14:25:40 ubuntu devstack@keystone.service[62026]: DEBUG keystone.server.flask.request_processing.middleware.auth_context [None req-63dfc83d-b53e-4e83-a719-8b7d5db39a78 None admin] RBAC: auth_context: {'token': <TokenModel (audit_id=aDUFfEA_RAqCyKFVjPcrOQ, audit_chain_id=['aDUFfEA_RAqCyKFVjPcrOQ']) at 0x7589f76115b0>, 'domain_id': None, 'trust_id': None, 'trustor_id': None, 'trustee_id': None, 'domain_name': None, 'group_ids': [], 'user_id': '489c8a26515b486183ea31289fa9b799', 'user_domain_id': 'default', 'system_scope': 'all', 'project_id': None, 'project_domain_id': None, 'roles': ['admin', 'manager', 'member', 'reader'], 'is_admin_project': True, 'service_user_id': None, 'service_user_domain_id': None, 'service_project_id': None, 'service_project_domain_id': None, 'service_roles': []} {{(pid=62026) fill_context /opt/stack/keystone/keystone/server/flask/request_processing/middleware/auth_context.py:509}}
Jan 14 14:25:40 ubuntu devstack@keystone.service[62026]: DEBUG keystone.server.flask.request_processing.req_logging [None req-63dfc83d-b53e-4e83-a719-8b7d5db39a78 None admin] REQUEST_METHOD: `POST` {{(pid=62026) log_request_info /opt/stack/keystone/keystone/server/flask/request_processing/req_logging.py:26}}
Jan 14 14:25:40 ubuntu devstack@keystone.service[62026]: DEBUG keystone.server.flask.request_processing.req_logging [None req-63dfc83d-b53e-4e83-a719-8b7d5db39a78 None admin] SCRIPT_NAME: `/identity` {{(pid=62026) log_request_info /opt/stack/keystone/keystone/server/flask/request_processing/req_logging.py:27}}
Jan 14 14:25:40 ubuntu devstack@keystone.service[62026]: DEBUG keystone.server.flask.request_processing.req_logging [None req-63dfc83d-b53e-4e83-a719-8b7d5db39a78 None admin] PATH_INFO: `/v3/projects` {{(pid=62026) log_request_info /opt/stack/keystone/keystone/server/flask/request_processing/req_logging.py:28}}
Jan 14 14:25:40 ubuntu devstack@keystone.service[62026]: DEBUG keystone.common.rbac_enforcer.enforcer [None req-63dfc83d-b53e-4e83-a719-8b7d5db39a78 None admin] RBAC: Authorizing `identity:create_project()` {{(pid=62026) enforce_call /opt/stack/keystone/keystone/common/rbac_enforcer/enforcer.py:494}}
Jan 14 14:25:40 ubuntu devstack@keystone.service[62026]: DEBUG keystone.common.rbac_enforcer.enforcer [None req-63dfc83d-b53e-4e83-a719-8b7d5db39a78 None admin] RBAC: Authorization granted {{(pid=62026) enforce_call /opt/stack/keystone/keystone/common/rbac_enforcer/enforcer.py:505}}
Jan 14 14:25:40 ubuntu devstack@keystone.service[62025]: [pid: 62025|app: 0|req: 23/44] 10.120.125.138 () {62 vars in 1203 bytes} [Wed Jan 14 14:25:40 2026] POST /identity/v3/roles => generated 227 bytes in 186 msecs (HTTP/1.1 201) 5 headers in 182 bytes (1 switches on core 0)
Jan 14 14:25:40 ubuntu devstack@keystone.service[62025]: DEBUG keystone.server.flask.request_processing.middleware.auth_context [None req-e2ab8e80-6fb6-4a6c-9706-f2a24fbecead None admin] Authenticating user token {{(pid=62025) process_request /opt/stack/data/venv/lib/python3.12/site-packages/keystonemiddleware/auth_token/__init__.py:407}}
Jan 14 14:25:40 ubuntu devstack@keystone.service[62026]: [pid: 62026|app: 0|req: 22/45] 10.120.125.138 () {62 vars in 1170 bytes} [Wed Jan 14 14:25:40 2026] POST /identity/v3/projects => generated 303 bytes in 93 msecs (HTTP/1.1 201) 5 headers in 182 bytes (1 switches on core 0)
Jan 14 14:25:40 ubuntu devstack@keystone.service[62026]: DEBUG keystone.server.flask.request_processing.middleware.auth_context [None req-63dfc83d-b53e-4e83-a719-8b7d5db39a78 None admin] Authenticating user token {{(pid=62026) process_request /opt/stack/data/venv/lib/python3.12/site-packages/keystonemiddleware/auth_token/__init__.py:407}}
Jan 14 14:25:40 ubuntu devstack@keystone.service[62025]: DEBUG keystone.server.flask.request_processing.middleware.auth_context [None req-e2ab8e80-6fb6-4a6c-9706-f2a24fbecead None admin] Validating token access rules against request {{(pid=62025) validate_allowed_request /opt/stack/data/venv/lib/python3.12/site-packages/keystonemiddleware/auth_token/__init__.py:545}}
Jan 14 14:25:40 ubuntu devstack@keystone.service[62025]: DEBUG keystone.server.flask.request_processing.middleware.auth_context [None req-6e6bd595-8fe9-4264-bfb3-b5167d9932e3 None admin] RBAC: auth_context: {'token': <TokenModel (audit_id=sOUA1HsjQ5OTPuaj7hspLg, audit_chain_id=['sOUA1HsjQ5OTPuaj7hspLg']) at 0x7589f76c9130>, 'domain_id': None, 'trust_id': None, 'trustor_id': None, 'trustee_id': None, 'domain_name': None, 'group_ids': [], 'user_id': '489c8a26515b486183ea31289fa9b799', 'user_domain_id': 'default', 'system_scope': 'all', 'project_id': None, 'project_domain_id': None, 'roles': ['admin', 'manager', 'member', 'reader'], 'is_admin_project': True, 'service_user_id': None, 'service_user_domain_id': None, 'service_project_id': None, 'service_project_domain_id': None, 'service_roles': []} {{(pid=62025) fill_context /opt/stack/keystone/keystone/server/flask/request_processing/middleware/auth_context.py:509}}
Jan 14 14:25:40 ubuntu devstack@keystone.service[62025]: DEBUG keystone.server.flask.request_processing.req_logging [None req-6e6bd595-8fe9-4264-bfb3-b5167d9932e3 None admin] REQUEST_METHOD: `GET` {{(pid=62025) log_request_info /opt/stack/keystone/keystone/server/flask/request_processing/req_logging.py:26}}
Jan 14 14:25:40 ubuntu devstack@keystone.service[62025]: DEBUG keystone.server.flask.request_processing.req_logging [None req-6e6bd595-8fe9-4264-bfb3-b5167d9932e3 None admin] SCRIPT_NAME: `/identity` {{(pid=62025) log_request_info /opt/stack/keystone/keystone/server/flask/request_processing/req_logging.py:27}}
Jan 14 14:25:40 ubuntu devstack@keystone.service[62025]: DEBUG keystone.server.flask.request_processing.req_logging [None req-6e6bd595-8fe9-4264-bfb3-b5167d9932e3 None admin] PATH_INFO: `/v3/domains/default` {{(pid=62025) log_request_info /opt/stack/keystone/keystone/server/flask/request_processing/req_logging.py:28}}
Jan 14 14:25:40 ubuntu devstack@keystone.service[62025]: DEBUG keystone.common.rbac_enforcer.enforcer [None req-6e6bd595-8fe9-4264-bfb3-b5167d9932e3 None admin] RBAC: Authorizing `identity:get_domain(domain_id=default)` {{(pid=62025) enforce_call /opt/stack/keystone/keystone/common/rbac_enforcer/enforcer.py:494}}
Jan 14 14:25:40 ubuntu devstack@keystone.service[62025]: DEBUG keystone.common.rbac_enforcer.enforcer [None req-6e6bd595-8fe9-4264-bfb3-b5167d9932e3 None admin] RBAC: Authorization granted {{(pid=62025) enforce_call /opt/stack/keystone/keystone/common/rbac_enforcer/enforcer.py:505}}
Jan 14 14:25:40 ubuntu devstack@keystone.service[62025]: [pid: 62025|app: 0|req: 24/46] 10.120.125.138 () {58 vars in 1137 bytes} [Wed Jan 14 14:25:40 2026] GET /identity/v3/domains/default => generated 201 bytes in 74 msecs (HTTP/1.1 200) 5 headers in 177 bytes (1 switches on core 0)
Jan 14 14:25:40 ubuntu devstack@keystone.service[62026]: DEBUG keystone.server.flask.request_processing.middleware.auth_context [None req-63dfc83d-b53e-4e83-a719-8b7d5db39a78 None admin] Validating token access rules against request {{(pid=62026) validate_allowed_request /opt/stack/data/venv/lib/python3.12/site-packages/keystonemiddleware/auth_token/__init__.py:545}}
Jan 14 14:25:40 ubuntu devstack@keystone.service[62026]: DEBUG keystone.server.flask.request_processing.middleware.auth_context [None req-7514f27c-b6a0-43ee-bf56-b08311f3c134 None admin] RBAC: auth_context: {'token': <TokenModel (audit_id=50kG75rOTCGe3ssFyKdtvg, audit_chain_id=['50kG75rOTCGe3ssFyKdtvg']) at 0x7589f7698410>, 'domain_id': None, 'trust_id': None, 'trustor_id': None, 'trustee_id': None, 'domain_name': None, 'group_ids': [], 'user_id': '489c8a26515b486183ea31289fa9b799', 'user_domain_id': 'default', 'system_scope': 'all', 'project_id': None, 'project_domain_id': None, 'roles': ['admin', 'manager', 'member', 'reader'], 'is_admin_project': True, 'service_user_id': None, 'service_user_domain_id': None, 'service_project_id': None, 'service_project_domain_id': None, 'service_roles': []} {{(pid=62026) fill_context /opt/stack/keystone/keystone/server/flask/request_processing/middleware/auth_context.py:509}}
Jan 14 14:25:40 ubuntu devstack@keystone.service[62026]: DEBUG keystone.server.flask.request_processing.req_logging [None req-7514f27c-b6a0-43ee-bf56-b08311f3c134 None admin] REQUEST_METHOD: `POST` {{(pid=62026) log_request_info /opt/stack/keystone/keystone/server/flask/request_processing/req_logging.py:26}}
Jan 14 14:25:40 ubuntu devstack@keystone.service[62026]: DEBUG keystone.server.flask.request_processing.req_logging [None req-7514f27c-b6a0-43ee-bf56-b08311f3c134 None admin] SCRIPT_NAME: `/identity` {{(pid=62026) log_request_info /opt/stack/keystone/keystone/server/flask/request_processing/req_logging.py:27}}
Jan 14 14:25:40 ubuntu devstack@keystone.service[62026]: DEBUG keystone.server.flask.request_processing.req_logging [None req-7514f27c-b6a0-43ee-bf56-b08311f3c134 None admin] PATH_INFO: `/v3/roles` {{(pid=62026) log_request_info /opt/stack/keystone/keystone/server/flask/request_processing/req_logging.py:28}}
Jan 14 14:25:40 ubuntu devstack@keystone.service[62026]: DEBUG keystone.common.rbac_enforcer.enforcer [None req-7514f27c-b6a0-43ee-bf56-b08311f3c134 None admin] RBAC: Authorizing `identity:create_role()` {{(pid=62026) enforce_call /opt/stack/keystone/keystone/common/rbac_enforcer/enforcer.py:494}}
Jan 14 14:25:40 ubuntu devstack@keystone.service[62026]: DEBUG keystone.common.rbac_enforcer.enforcer [None req-7514f27c-b6a0-43ee-bf56-b08311f3c134 None admin] RBAC: Authorization granted {{(pid=62026) enforce_call /opt/stack/keystone/keystone/common/rbac_enforcer/enforcer.py:505}}
Jan 14 14:25:40 ubuntu devstack@keystone.service[62026]: [pid: 62026|app: 0|req: 23/47] 10.120.125.138 () {62 vars in 1203 bytes} [Wed Jan 14 14:25:40 2026] POST /identity/v3/roles => generated 225 bytes in 123 msecs (HTTP/1.1 201) 5 headers in 182 bytes (1 switches on core 0)
