"pcp-dstat 6.2.0 CSV Output"
"Author:","PCP team <pcp@groups.io> and Dag Wieers <dag@wieers.com>",,,,"URL:","https://pcp.io/ and http://dag.wieers.com/home-made/dstat/"
"Host:","np0000094107",,,,"User:","ubuntu"
"Cmdline:","dstat -tcmndrylpg --tcp --output /tmp/devstack_logs/dstat-csv.log",,,,"Date:","28 Apr 2026 23:06:37 UTC"
"system","total usage",,,,,"memory usage",,,,"net/total",,"dsk/total",,"io/total",,"system",,"load avg",,,"procs",,,"paging",,"tcp sockets",,,,
"time","total usage:usr","total usage:sys","total usage:idl","total usage:wai","total usage:stl","used","free","buf","cach","net/total:recv","net/total:send","dsk/total:read","dsk/total:writ","read","writ","int","csw","1m","5m","15m","run","blk","new","in","out","lis","act","syn","tim","clo"
28-04 23:06:37,,1046956,1626044,162148,4989216,,,,,,,1.800,1.280,0.770,2,0,,,,10,5,1,17,1
28-04 23:06:38,21.398,20.651,55.734,0.746,0,1054844,1617760,162224,4989448,47872.641,11547.915,0,1468.993,0,44.786,5056,3090,1.800,1.280,0.770,3,0,238.861,0,0,10,4,1,17,2
28-04 23:06:39,26.738,20.491,51.226,0.250,0,1075472,1596780,162260,4989712,18043.685,8001.313,0,811.626,0,23.989,4935,2801,1.890,1.300,0.780,3,0,209.903,0,0,10,4,1,17,2
28-04 23:06:40,26.839,21.320,49.664,0.502,0.251,1073612,1581836,162296,5005884,184271.932,10462.574,0,1316.350,0,36.119,5210,3213,1.890,1.300,0.780,2,0,240.796,0,0,10,4,1,15,2
28-04 23:06:41,38.251,18.500,41.751,0.500,0,1053160,1587092,163236,5017852,7680.201,1620.042,0,1628.043,0,72.002,5471,4919,1.890,1.300,0.780,7,0,176.005,0,0,10,4,1,15,2
28-04 23:06:42,34.237,21.742,42.734,0.500,0,1056968,1565584,163664,5033552,12398.287,1619.384,0,1383.474,0,34.987,5577,3912,1.890,1.300,0.780,6,0,209.920,0,0,10,4,1,15,2
28-04 23:06:43,41.569,15.276,41.069,1.252,0,1075192,1524284,164348,5053540,12925.592,1622.711,0,2432.063,0,96.161,5074,4912,1.890,1.300,0.780,2,0,125.209,0,0,10,4,1,15,2
28-04 23:06:44,38.418,17.213,39.915,1.746,0,1086520,1500904,165008,5063172,6516.105,1690.395,794.306,1931.880,22.951,65.860,6150,6555,1.900,1.320,0.790,2,0,154.670,0,0,10,4,1,11,2
28-04 23:06:45,32.521,13.759,51.784,1.001,0,1084340,1476976,165820,5086000,13122.668,1621.071,216.143,11543.625,15.010,63.042,3432,1758,1.900,1.320,0.790,2,0,29.019,0,0,10,4,1,11,2
28-04 23:06:46,18.745,1.750,78.480,0.750,0,1075972,1477232,166352,5092316,15731.948,3766.030,0,2543.345,0,195.950,1802,1302,1.900,1.320,0.790,1,0,0,0,0,10,5,1,11,2
28-04 23:06:47,23.007,2.501,74.022,0,0,1006024,1564688,166352,5075236,9654.834,2348.689,0,92.027,0,6.002,1688,820,1.900,1.320,0.790,1,0,2.001,0,0,10,2,1,11,0
28-04 23:06:48,19.244,3.249,76.475,0,0,1011500,1559204,166352,5075244,16714.461,2965.017,0,3.999,0,1.000,1836,949,1.900,1.320,0.790,0,0,32.989,0,0,10,3,1,11,0
28-04 23:06:49,21.761,2.751,75.287,0.250,0,997924,1566688,166352,5080824,11443.598,2545.245,0,1556.762,0,22.011,1769,1047,1.830,1.310,0.790,1,0,3.001,0,0,10,2,1,11,0
28-04 23:06:50,18.248,2.250,78.240,0.250,0,986420,1571456,166552,5086004,21138.166,4808.355,0,1323.823,0,17.998,1709,938,1.830,1.310,0.790,1,0,17.998,0,0,10,2,1,11,0
28-04 23:06:51,21.747,7.249,69.492,0,0,981960,1575236,166604,5086512,7944.051,1619.806,0,14398.279,0,64.992,12085,21661,1.830,1.310,0.790,1,0,11.999,0,0,10,2,1,11,0
28-04 23:06:52,22.000,5.750,69.999,0,0,984584,1572464,166644,5086604,7809.900,1693.978,0,4.000,0,1.000,12354,22357,1.830,1.310,0.790,1,0,13.000,0,0,10,2,1,11,0
28-04 23:06:53,20.751,5.000,73.503,0,0,962876,1606568,166704,5075488,12080.440,1620.059,0,1236.045,0,28.001,1954,1111,1.830,1.310,0.790,1,0,8.000,0,0,10,2,1,11,0
28-04 23:06:54,6.249,1.500,92.490,0,0,932156,1637632,166704,5075252,12320.705,131354.189,0,7.999,0,2.000,1119,749,1.680,1.290,0.780,0,0,4.000,0,0,10,2,1,11,0
28-04 23:06:55,0.250,0,98.254,0,0,928780,1641008,166704,5075252,12048.542,1512.068,0,0,0,0,588,624,1.680,1.290,0.780,0,0,1.000,0,0,10,2,1,11,0
28-04 23:06:56,0.250,1.750,94.984,2.250,0,925432,1644356,166704,5075252,10436.214,1693.710,0,25091.706,0,635.891,929,847,1.680,1.290,0.780,0,0,0,0,0,10,2,1,10,0
28-04 23:06:57,0.250,0,99.010,0,0,922060,1647728,166704,5075252,10503.111,1620.171,0,0,0,0,529,555,1.680,1.290,0.780,0,0,0,0,0,10,2,1,10,0
28-04 23:06:58,11.000,5.000,82.748,0,0,916044,1653792,166704,5075256,13781.616,1511.958,0,1159.968,0,6.000,2458,13244,1.680,1.290,0.780,0,0,35.999,0,0,10,2,1,11,0
28-04 23:06:59,0.250,0.500,98.751,0,0,915484,1654352,166704,5075256,8098.054,1620.011,0,2260.015,0,14.000,502,571,1.550,1.270,0.780,0,0,0,0,0,10,2,1,11,0
28-04 23:07:00,0,0.250,98.754,0,0,915484,1654352,166704,5075256,7097.254,1620.058,0,8.000,0,2.000,481,560,1.550,1.270,0.780,0,0,0,0,0,10,2,1,9,0
28-04 23:07:01,0.500,0.250,98.741,0,0,915484,1654352,166704,5075256,14161.654,1619.846,0,0,0,0,537,561,1.550,1.270,0.780,0,0,0,0,0,10,2,1,9,0
28-04 23:07:02,0.250,2.000,96.742,0.250,0,915708,1654128,166704,5075256,10137.165,1619.867,0,31765.383,0,135.989,889,860,1.550,1.270,0.780,0,0,0,0,0,10,2,1,9,0
28-04 23:07:03,0,0.250,99.277,0,0,909752,1660084,166704,5075256,12569.477,1566.433,0,0,0,0,532,551,1.550,1.270,0.780,0,0,0,0,0,10,2,1,9,0
28-04 23:07:04,0.750,0.250,98.475,0.250,0,904516,1665320,166704,5075256,9928.470,1693.568,0,635.838,0,2.999,511,575,1.420,1.250,0.770,0,0,0,0,0,10,2,1,9,0
28-04 23:07:05,0.250,0.750,98.751,0,0,903504,1666332,166704,5075256,10562.055,1620.008,0,0,0,0,580,607,1.420,1.250,0.770,0,0,1.000,0,0,10,2,1,9,0
28-04 23:07:06,0.250,0.250,98.755,0.250,0,896052,1673784,166704,5075256,12662.654,1620.084,0,1196.062,0,95.005,548,565,1.420,1.250,0.770,0,0,0,0,0,10,2,1,9,0
28-04 23:07:07,0.250,0,98.750,0,0,893348,1676360,166708,5075380,6023.002,1512.001,0,320.000,0,6.000,484,553,1.420,1.250,0.770,0,0,0,0,0,10,2,1,9,0
28-04 23:07:08,1.000,0.500,98.011,0,0,887416,1682256,166708,5075416,9687.060,1620.177,0,0,0,0,602,580,1.420,1.250,0.770,0,0,0,0,0,10,2,1,9,0
28-04 23:07:09,0.750,0,98.752,0,0,885464,1684208,166708,5075416,15604.254,1620.026,0,80.001,0,2.000,584,556,1.310,1.220,0.770,0,0,0,0,0,10,2,1,9,0
28-04 23:07:10,0.250,0.500,98.747,0,0,880584,1689088,166708,5075416,8554.781,1619.959,0,4.000,0,1.000,493,558,1.310,1.220,0.770,0,0,0,0,0,10,2,1,9,0
28-04 23:07:11,0.250,0,98.751,0,0,877260,1692408,166708,5075420,13643.190,1620.023,0,0,0,0,544,556,1.310,1.220,0.770,0,0,0,0,0,10,2,1,9,0
28-04 23:07:12,0.250,2.250,97.252,0,0,874336,1695332,166708,5075420,8015.195,1566.038,0,24528.596,0,108.003,806,839,1.310,1.220,0.770,0,0,0,0,0,10,2,1,9,0
28-04 23:07:13,0.500,0.250,98.999,0,0,874144,1695524,166708,5075420,11989.869,1619.982,0,36.000,0,1.000,526,562,1.310,1.220,0.770,0,0,0,0,0,10,2,1,9,0
28-04 23:07:14,0.250,0.250,98.506,0,0,872192,1697480,166712,5075420,12188.792,1620.105,0,536.035,0,3.000,539,569,1.200,1.200,0.760,0,0,0,0,0,10,2,1,9,0
28-04 23:07:15,0.500,0,98.498,0,0,870140,1699532,166712,5075420,5735.892,1619.970,0,0,0,0,506,601,1.200,1.200,0.760,0,0,1.000,0,0,10,2,1,9,0
28-04 23:07:16,0,0.250,98.984,0,0,868972,1700700,166712,5075420,10186.386,1511.760,0,7.999,0,1.000,503,559,1.200,1.200,0.760,0,0,0,0,0,10,2,1,9,0
28-04 23:07:17,1.000,3.500,95.249,0.250,0,869196,1700476,166712,5075420,12411.918,1619.989,0,60115.603,0,236.998,1215,1103,1.200,1.200,0.760,0,0,0,0,0,10,2,1,9,0
28-04 23:07:18,0.250,0.250,98.981,0,0,869196,1700476,166712,5075420,11214.894,1619.696,0,3.999,0,1.000,510,553,1.200,1.200,0.760,0,0,0,0,0,10,2,1,9,0
28-04 23:07:19,0,0.250,98.734,0,0,869196,1700476,166712,5075420,16059.387,1619.736,0,0,0,0,565,551,1.110,1.180,0.760,0,0,0,0,0,10,2,1,9,0
28-04 23:07:20,0.750,0.250,98.732,0,0,869200,1700476,166712,5075420,8487.425,1693.686,0,903.832,0,2.000,500,575,1.110,1.180,0.760,0,0,0,0,0,10,2,1,9,0
28-04 23:07:21,0.500,0.250,98.564,0,0,869200,1700476,166712,5075420,15619.131,1567.016,0,0,0,0,591,565,1.110,1.180,0.760,0,0,0,0,0,10,2,1,8,0
28-04 23:07:22,0.250,0.250,98.747,0,0,869216,1700476,166712,5075420,10302.656,1661.944,0,4.000,0,1.000,492,539,1.110,1.180,0.760,0,0,0,0,0,10,2,1,8,0
28-04 23:07:23,0.250,0.500,99.004,0,0,869216,1700476,166712,5075420,8050.339,1620.068,0,0,0,0,482,554,1.110,1.180,0.760,0,0,0,0,0,10,2,1,8,0
28-04 23:07:24,0.250,0,98.761,0,0,869216,1700476,166712,5075420,12830.388,486.053,0,4.000,0,1.000,548,568,1.020,1.160,0.760,0,0,0,0,0,10,2,1,8,0
28-04 23:07:25,15.747,2.999,80.235,0,0,867364,1702524,166712,5075420,284109.811,9830.160,0,67.987,0,2.999,2282,1388,1.020,1.160,0.760,0,0,20.996,0,0,10,2,1,4,0
28-04 23:07:26,16.239,4.747,77.447,0.749,0,874684,1695092,166716,5075528,296474.515,12347.567,107.926,3.997,4.997,0.999,2460,1446,1.020,1.160,0.760,1,0,22.984,0,0,10,2,1,4,0
28-04 23:07:27,13.209,11.215,74.019,0,0,880880,1688712,166716,5075716,156349.141,4089.240,0,0,0,0,2891,1523,1.020,1.160,0.760,1,0,41.869,0,0,10,2,1,4,0
