"pcp-dstat 6.2.0 CSV Output"
"Author:","PCP team <pcp@groups.io> and Dag Wieers <dag@wieers.com>",,,,"URL:","https://pcp.io/ and http://dag.wieers.com/home-made/dstat/"
"Host:","np0000094211",,,,"User:","ubuntu"
"Cmdline:","dstat -tcmndrylpg --tcp --output /tmp/devstack_logs/dstat-csv.log",,,,"Date:","02 Jun 2026 14:18:50 UTC"
"system","total usage",,,,,"memory usage",,,,"net/total",,"dsk/total",,"io/total",,"system",,"load avg",,,"procs",,,"paging",,"tcp sockets",,,,
"time","total usage:usr","total usage:sys","total usage:idl","total usage:wai","total usage:stl","used","free","buf","cach","net/total:recv","net/total:send","dsk/total:read","dsk/total:writ","read","writ","int","csw","1m","5m","15m","run","blk","new","in","out","lis","act","syn","tim","clo"
02-06 14:18:50,,1137232,1510028,161112,5014092,,,,,,,1.390,1.030,0.680,3,0,,,,10,5,0,15,0
02-06 14:18:51,20.222,19.473,57.669,0.499,0,1142416,1504316,161260,5014380,43676.544,11690.551,0,1218.286,0,38.945,5175,3368,1.390,1.030,0.680,3,0,271.618,0,0,10,6,0,15,0
02-06 14:18:52,24.489,20.991,52.727,0.500,0,1142876,1503356,161384,5014664,21889.260,10202.460,0,1095.513,0,32.985,4872,2813,1.440,1.040,0.680,2,0,206.908,0,0,10,6,0,15,0
02-06 14:18:53,27.477,21.232,49.708,0.500,0,1127968,1517932,161480,5014828,20985.085,9554.843,0,1218.959,0,38.967,4901,2775,1.440,1.040,0.680,2,0,193.835,0,0,10,5,0,11,1
02-06 14:18:54,33.041,16.771,48.310,0.250,0,1107768,1537656,161584,5015524,35651.256,9204.426,0,1125.397,0,36.045,4799,4190,1.440,1.040,0.680,2,0,155.193,0,0,10,4,0,11,2
02-06 14:18:55,28.264,18.509,50.775,0.250,0.500,1087052,1557876,161696,5015356,22418.877,10389.041,0,1488.722,0,81.039,4767,2865,1.440,1.040,0.680,2,0,154.075,0,0,10,4,0,11,2
02-06 14:18:56,40.542,18.769,39.791,0.501,0.250,1068972,1555568,161936,5035028,175395.656,4994.172,0,1553.609,0,47.049,5273,5828,1.440,1.040,0.680,2,0,143.148,0,0,10,4,0,11,2
02-06 14:18:57,38.314,15.177,43.290,0.995,0,1081604,1523024,162932,5050872,17380.836,1612.193,183.113,2054.054,6.966,59.711,5042,4700,1.490,1.060,0.690,6,0,127.383,0,0,10,4,0,11,2
02-06 14:18:58,38.617,16.049,43.633,1.254,0,1072148,1517132,163272,5063860,13092.760,1624.935,830.522,5544.839,31.094,31.094,5374,4989,1.490,1.060,0.690,2,0,87.265,0,0,10,4,0,11,2
02-06 14:18:59,27.260,9.003,61.021,1.751,0,1041932,1519960,164316,5087144,11494.048,1620.571,0,9279.268,0,221.078,2815,1948,1.490,1.060,0.690,1,0,12.004,0,0,10,4,0,11,2
02-06 14:19:00,23.249,2.500,73.246,0.750,0,1040744,1492056,165236,5113096,5956.703,1619.919,0,18155.094,0,784.961,2023,1403,1.490,1.060,0.690,1,0,0,0,0,10,4,0,11,2
02-06 14:19:01,22.248,3.250,73.493,0.500,0,1046060,1497936,165712,5100816,9974.024,2045.800,0,1995.805,0,151.985,1874,1236,1.490,1.060,0.690,1,0,2.000,0,0,10,2,0,11,0
02-06 14:19:02,21.751,3.250,74.752,0,0,1049776,1494192,165740,5100824,9778.321,2696.088,0,0,0,0,1936,988,1.370,1.040,0.690,1,0,33.001,0,0,10,3,0,11,0
02-06 14:19:03,19.253,2.500,77.011,0.250,0,1028788,1508128,165848,5107044,15360.158,3617.508,0,1932.271,0,20.003,1618,987,1.370,1.040,0.690,1,0,3.000,0,0,10,2,0,11,0
02-06 14:19:04,21.995,5.749,69.983,0,0,1024132,1511308,165900,5108104,7293.237,1619.608,0,0,0,0,11838,21112,1.370,1.040,0.690,1,0,12.997,0,0,10,2,0,11,0
02-06 14:19:05,22.486,5.996,68.958,0,0,1016968,1518240,165956,5108220,5867.431,1565.048,0,15058.839,0,76.953,11526,21008,1.370,1.040,0.690,1,0,7.995,0,0,10,2,0,11,0
02-06 14:19:06,21.020,5.505,73.820,0,0,1009472,1533532,166004,5101012,9030.535,1513.430,0,1849.748,0,13.012,1991,1188,1.370,1.040,0.690,1,0,14.013,0,0,10,2,0,11,0
02-06 14:19:07,11.496,1.749,85.970,0,0,943780,1599564,166004,5100828,13085.399,131321.824,0,7.997,0,1.999,1357,810,1.260,1.030,0.680,0,0,3.999,0,0,10,2,0,11,0
02-06 14:19:08,0.500,0.500,98.485,0,0,943780,1599564,166004,5100828,6642.962,1565.755,0,0,0,0,433,520,1.260,1.030,0.680,0,0,0,0,0,10,2,0,11,0
02-06 14:19:09,0.500,0.250,98.781,0,0,943780,1599564,166004,5100828,8805.759,1512.474,0,1476.463,0,59.018,488,580,1.260,1.030,0.680,0,0,0,0,0,10,2,0,11,0
02-06 14:19:10,10.499,5.749,82.239,0,0,929136,1614076,166004,5100960,7759.996,1565.797,0,9854.725,0,36.995,2233,7451,1.260,1.030,0.680,2,0,35.995,0,0,10,2,0,10,0
02-06 14:19:11,0.250,0.500,98.515,0,0,919712,1623508,166012,5100964,9145.392,1620.247,0,1064.162,0,3.000,580,606,1.260,1.030,0.680,0,0,0,0,0,10,2,0,10,0
02-06 14:19:12,0.500,0.250,98.739,0,0.250,919680,1623508,166012,5100996,9012.954,1511.825,0,0,0,0,455,531,1.160,1.010,0.680,0,0,0,0,0,10,2,0,10,0
02-06 14:19:13,0.750,0.500,98.997,0,0,918108,1625080,166012,5100996,5659.825,1619.950,0,8.000,0,2.000,450,569,1.160,1.010,0.680,0,0,0,0,0,10,2,0,10,0
02-06 14:19:14,0,0,98.496,0,0,911932,1631256,166012,5100996,9841.627,1619.939,0,0,0,0,487,545,1.160,1.010,0.680,0,0,0,0,0,10,2,0,9,0
02-06 14:19:15,0.500,1.000,98.033,0,0,907408,1635772,166016,5100996,9418.212,1620.553,0,16485.622,0,75.026,698,729,1.160,1.010,0.680,0,0,0,0,0,10,2,0,9,0
02-06 14:19:16,0.250,0.500,98.485,0,0,903576,1639604,166016,5100996,6169.077,1619.758,0,35.995,0,1.000,508,634,1.160,1.010,0.680,0,0,1.000,0,0,10,2,0,9,0
02-06 14:19:17,0.500,0.250,98.754,0.250,0,900092,1643088,166016,5100996,9718.367,1620.061,0,2632.100,0,16.001,507,577,1.060,0.990,0.680,0,0,0,0,0,10,2,0,9,0
02-06 14:19:18,0,0,98.972,0,0,897208,1645972,166016,5100996,10117.177,1565.563,0,0,0,0,512,559,1.060,0.990,0.680,0,0,0,0,0,10,2,0,9,0
02-06 14:19:19,0.750,0.500,98.704,0,0,894832,1648348,166016,5100996,14494.211,1511.292,0,3.998,0,1.000,538,561,1.060,0.990,0.680,0,0,0,0,0,10,2,0,9,0
02-06 14:19:20,0.500,0.250,98.812,0,0,892580,1650600,166016,5100996,11734.386,1621.020,0,0,0,0,502,568,1.060,0.990,0.680,0,0,0,0,0,10,2,0,9,0
02-06 14:19:21,0.500,1.000,95.503,2.000,0,890736,1652440,166016,5100996,6146.174,1566.044,0,17908.506,0,90.003,737,813,1.060,0.990,0.680,0,0,0,0,0,10,2,0,9,0
02-06 14:19:22,0.250,0.500,98.967,0.250,0,889100,1654076,166016,5100996,9347.914,1511.501,0,443.853,0,1.999,492,574,0.980,0.970,0.670,0,0,0,0,0,10,2,0,9,0
02-06 14:19:23,0.500,0.750,98.523,0,0,887344,1655832,166016,5100996,8718.075,1620.386,0,0,0,0,490,551,0.980,0.970,0.670,0,0,0,0,0,10,2,0,9,0
02-06 14:19:24,0.500,0,98.991,0,0,887296,1655880,166016,5100996,8965.145,1457.861,0,0,0,0,459,532,0.980,0.970,0.670,0,0,0,0,0,10,2,0,9,0
02-06 14:19:25,0.500,0.500,98.515,0,0,887372,1655804,166016,5100996,7927.179,1620.241,0,4.001,0,1.000,492,564,0.980,0.970,0.670,0,0,0,0,0,10,2,0,9,0
02-06 14:19:26,0.250,0.250,98.999,0,0,887036,1656136,166016,5101000,8339.890,1457.981,0,115.998,0,1.000,556,628,0.980,0.970,0.670,0,0,1.000,0,0,10,2,0,9,0
02-06 14:19:27,0.500,0.250,98.506,0,0,886812,1656360,166016,5101000,9068.529,1620.094,0,56.003,0,3.000,463,557,0.900,0.960,0.670,0,0,0,0,0,10,2,0,9,0
02-06 14:19:28,0.250,0,98.480,0,0,885096,1658076,166016,5101000,5072.983,1457.708,0,0,0,0,436,554,0.900,0.960,0.670,0,0,0,0,0,10,2,0,9,0
02-06 14:19:29,1.000,1.750,97.017,0,0,885136,1658040,166016,5101000,6137.072,1620.283,0,0,0,0,654,639,0.900,0.960,0.670,0,0,6.001,0,0,10,2,0,9,0
02-06 14:19:30,0,0.250,98.996,0,0,884784,1658392,166016,5101000,9512.663,1619.943,0,0,0,0,471,555,0.900,0.960,0.670,0,0,0,0,0,10,2,0,9,0
02-06 14:19:31,0.749,3.994,94.599,0,0,882540,1660636,166016,5101000,6941.931,1455.679,0,66941.264,0,287.542,1240,1195,0.900,0.960,0.670,1,0,0,0,0,10,2,0,9,0
02-06 14:19:32,0,1.001,98.134,0,0,882692,1660464,166016,5101000,10938.965,1622.219,0,20303.777,0,166.227,652,638,0.830,0.940,0.660,0,0,0,0,0,10,2,0,9,0
02-06 14:19:33,1.000,0.250,98.483,0,0,882692,1660464,166016,5101000,6964.810,1619.723,0,1451.752,0,3.999,483,570,0.830,0.940,0.660,0,0,0,0,0,10,2,0,9,0
02-06 14:19:34,0.750,0,98.738,0,0,882692,1660464,166016,5101000,8946.936,1619.807,0,0,0,0,493,541,0.830,0.940,0.660,0,0,0,0,0,10,2,0,8,0
02-06 14:19:35,0,0.250,98.786,0,0.250,882692,1660464,166016,5101000,9186.313,1620.584,0,184.066,0,33.012,492,556,0.830,0.940,0.660,0,0,0,0,0,10,2,0,8,0
02-06 14:19:36,0.500,0.500,98.739,0,0,882940,1660216,166016,5101000,5802.330,1619.813,0,0,0,0,483,580,0.830,0.940,0.660,0,0,1.000,0,0,10,2,0,8,0
02-06 14:19:37,0.500,0,98.744,0,0,882940,1660216,166016,5101000,4792.685,809.947,0,87.994,0,2.000,427,545,0.760,0.930,0.660,0,0,0,0,0,10,2,0,8,0
02-06 14:19:38,14.257,3.001,82.290,0.250,0,898264,1644892,166016,5101000,290004.693,8143.979,0,84.041,0,2.001,1732,1162,0.760,0.930,0.660,1,0,7.003,0,0,10,2,0,4,0
02-06 14:19:39,12.997,4.499,81.230,0.250,0,906316,1636708,166020,5101112,298315.360,12688.825,107.973,7.998,4.999,1.999,2428,1504,0.760,0.930,0.660,1,0,31.992,0,0,10,2,0,4,0
02-06 14:19:40,14.233,7.242,76.661,0,0.250,909600,1633292,166020,5101248,154351.195,5715.342,0,3.995,0,0.999,2526,1347,0.760,0.930,0.660,1,0,27.967,0,0,10,2,0,4,0
