"pcp-dstat 6.2.0 CSV Output"
"Author:","PCP team <pcp@groups.io> and Dag Wieers <dag@wieers.com>",,,,"URL:","https://pcp.io/ and http://dag.wieers.com/home-made/dstat/"
"Host:","np0000094223",,,,"User:","ubuntu"
"Cmdline:","dstat -tcmndrylpg --tcp --output /tmp/devstack_logs/dstat-csv.log",,,,"Date:","03 Jun 2026 07:17:24 UTC"
"system","total usage",,,,,"memory usage",,,,"net/total",,"dsk/total",,"io/total",,"system",,"load avg",,,"procs",,,"paging",,"tcp sockets",,,,
"time","total usage:usr","total usage:sys","total usage:idl","total usage:wai","total usage:stl","used","free","buf","cach","net/total:recv","net/total:send","dsk/total:read","dsk/total:writ","read","writ","int","csw","1m","5m","15m","run","blk","new","in","out","lis","act","syn","tim","clo"
03-06 07:17:24,,1045092,1600280,162712,5014688,,,,,,,1.730,1.270,0.780,2,0,,,,10,6,0,17,0
03-06 07:17:25,27.695,20.459,49.900,0.749,0,1048572,1596412,162804,5014904,22619.717,9303.375,0,994.010,0,29.940,5168,3202,1.750,1.280,0.790,2,0,230.538,0,0,10,6,0,17,0
03-06 07:17:26,23.958,20.963,52.657,0.499,0,1048308,1596156,162952,5015140,44979.238,12453.915,0,1429.465,0,45.919,5010,2987,1.750,1.280,0.790,2,0,214.619,0,0,10,5,0,17,1
03-06 07:17:27,27.957,21.217,48.925,0.499,0,1047684,1596184,163064,5015524,19638.789,11090.938,0,1389.862,0,42.934,5018,3148,1.750,1.280,0.790,2,0,239.631,0,0,10,4,0,17,2
03-06 07:17:28,34.869,18.814,44.653,0.753,0,1021196,1604132,163212,5033564,182823.674,8572.337,0,1440.931,0,81.278,5277,3963,1.750,1.280,0.790,2,0,160.549,0,0,10,4,0,11,2
03-06 07:17:29,33.485,20.991,44.730,0.500,0,1036988,1573480,164132,5044708,5189.693,1661.261,0,1327.410,0,57.974,4911,2890,1.750,1.280,0.790,3,0,164.927,0,0,10,4,0,11,2
03-06 07:17:30,43.510,16.504,38.759,0.500,0,1025184,1567440,164560,5060668,9610.165,1620.365,0,1340.302,0,31.007,4953,6086,1.770,1.300,0.800,2,0,130.029,0,0,10,4,0,11,2
03-06 07:17:31,37.586,16.287,42.097,2.506,0,1045924,1519620,165508,5083752,6958.966,1461.353,653.499,3728.554,19.044,138.317,5868,6190,1.770,1.300,0.800,2,0,135.310,0,0,10,4,0,11,2
03-06 07:17:32,37.435,17.470,42.926,1.248,0,1048948,1485836,166580,5110328,5455.563,1617.203,359.378,11080.833,18.967,171.703,4999,4251,1.770,1.300,0.800,3,0,86.850,0,0,10,4,0,11,2
03-06 07:17:33,25.234,6.496,66.708,0.999,0,1046240,1496296,167204,5101144,11508.784,2098.684,0,21122.756,0,810.492,2796,1490,1.770,1.300,0.800,1,0,13.991,0,0,10,2,0,11,0
03-06 07:17:34,20.753,3.751,74.512,0,0,1074760,1467740,167232,5101152,7681.248,2113.343,0,0,0,0,1917,1075,1.770,1.300,0.800,1,0,33.005,0,0,10,3,0,11,0
03-06 07:17:35,17.999,2.500,78.497,0.500,0,1074368,1462400,167344,5106168,13154.549,4145.858,0,1779.939,0,17.999,1443,844,1.710,1.290,0.800,1,0,2.000,0,0,10,2,0,11,0
03-06 07:17:36,23.490,4.998,69.969,0,0,1047124,1487972,167432,5107540,10097.558,1619.288,0,11.995,0,1.999,11798,22303,1.710,1.290,0.800,1,0,6.997,0,0,10,2,0,11,0
03-06 07:17:37,21.509,5.002,72.779,0,0,1059384,1474408,167512,5108552,8656.476,1458.586,0,96.039,0,3.001,4975,7554,1.710,1.290,0.800,2,0,12.005,0,0,10,2,0,11,0
03-06 07:17:38,21.249,7.250,69.997,0,0,1051544,1482072,167552,5108644,10231.584,1619.934,0,15215.381,0,74.997,9135,15563,1.710,1.290,0.800,1,0,14.999,0,0,10,2,0,11,0
03-06 07:17:39,16.746,2.499,80.733,0,0,979648,1562260,167564,5101156,11401.530,131603.485,0,2063.553,0,128.972,1699,996,1.710,1.290,0.800,0,0,4.999,0,0,10,2,0,11,0
03-06 07:17:40,0.250,0.250,98.730,0,0,979644,1562260,167564,5101160,6052.777,1457.705,0,0,0,0,444,590,1.570,1.270,0.800,0,0,0,0,0,10,2,0,11,0
03-06 07:17:41,0.500,0.500,98.757,0,0,979100,1562804,167564,5101160,11983.835,1620.113,0,0,0,0,513,577,1.570,1.270,0.800,0,0,0,0,0,10,2,0,11,0
03-06 07:17:42,0.250,0.250,98.766,0,0,979348,1562552,167568,5101160,13372.224,1620.270,0,40.007,0,2.000,565,650,1.570,1.270,0.800,0,0,1.000,0,0,10,2,0,11,0
03-06 07:17:43,0.500,1.250,97.510,0,0,976832,1565064,167568,5101160,9260.909,1620.159,0,9880.970,0,43.004,688,729,1.570,1.270,0.800,0,0,0,0,0,10,2,0,11,0
03-06 07:17:44,0,0.250,99.003,0.250,0,972828,1569080,167568,5101160,9063.300,1620.054,0,1032.034,0,3.000,467,571,1.570,1.270,0.800,0,0,0,0,0,10,2,0,10,0
03-06 07:17:45,0.750,0.250,98.762,0,0,965724,1576180,167568,5101164,11348.368,1620.195,0,0,0,0,469,552,1.440,1.250,0.790,0,0,0,0,0,10,2,0,10,0
03-06 07:17:46,0.500,0.250,98.741,0,0,959372,1582404,167568,5101292,11533.930,1619.850,0,0,0,0,483,577,1.440,1.250,0.790,0,0,0,0,0,10,2,0,10,0
03-06 07:17:47,0.250,0.500,98.750,0,0,953924,1587852,167568,5101292,7299.979,1457.996,0,243.999,0,33.000,441,581,1.440,1.250,0.790,0,0,0,0,0,10,2,0,10,0
03-06 07:17:48,0.250,1.500,97.014,0,0,949376,1592400,167568,5101292,5687.809,1620.230,0,27975.979,0,140.020,845,928,1.440,1.250,0.790,0,0,0,0,0,10,2,0,9,0
03-06 07:17:49,0.500,0,98.752,0,0,939756,1602020,167568,5101292,11183.241,1620.035,0,4.000,0,1.000,465,546,1.440,1.250,0.790,0,0,0,0,0,10,2,0,9,0
03-06 07:17:50,0,0.250,98.836,0,0,930332,1611448,167568,5101292,9070.984,1617.323,0,595.015,0,1.997,491,574,1.330,1.230,0.790,1,0,0,0,0,10,2,0,9,0
03-06 07:17:51,0.751,0.751,98.650,0,0,922712,1619068,167568,5101292,8587.070,1460.223,0,2263.445,0,14.021,475,592,1.330,1.230,0.790,0,0,0,0,0,10,2,0,9,0
03-06 07:17:52,0.250,0,98.748,0,0,916788,1624992,167568,5101292,9485.786,1619.963,0,0,0,0,483,642,1.330,1.230,0.790,0,0,1.000,0,0,10,2,0,9,0
03-06 07:17:53,0.500,0.250,98.707,0,0,912560,1629220,167568,5101292,10596.423,1619.301,0,91.960,0,13.994,473,551,1.330,1.230,0.790,1,0,0,0,0,10,2,0,9,0
03-06 07:17:54,0.250,0.250,98.766,0,0,909588,1632184,167572,5101292,8752.393,1620.258,0,6373.014,0,28.004,574,612,1.330,1.230,0.790,0,0,0,0,0,10,2,0,9,0
03-06 07:17:55,0.250,0.499,98.620,0,0,907260,1634508,167576,5101292,6832.960,1456.074,0,195.741,0,2.996,446,570,1.220,1.210,0.780,0,0,0,0,0,10,2,0,9,0
03-06 07:17:56,0.501,0.250,98.631,0,0,905196,1636568,167576,5101296,6064.048,1622.153,0,0,0,0,446,571,1.220,1.210,0.780,0,0,0,0,0,10,2,0,9,0
03-06 07:17:57,0.500,0,99.003,0,0,901368,1640396,167576,5101296,9613.260,1620.044,0,0,0,0,458,563,1.220,1.210,0.780,0,0,0,0,0,10,2,0,9,0
03-06 07:17:58,0.250,0.500,98.992,0,0,900196,1641568,167576,5101296,8771.288,1619.868,0,91.993,0,12.999,460,600,1.220,1.210,0.780,0,0,0,0,0,10,2,0,9,0
03-06 07:17:59,0.500,0.500,98.477,0,0,900164,1641600,167576,5101296,8918.948,1457.665,0,2767.363,0,9.998,497,567,1.220,1.210,0.780,0,0,0,0,0,10,2,0,9,0
03-06 07:18:00,0.250,0.250,98.750,0,0,900164,1641600,167576,5101296,6932.969,1619.993,0,104.000,0,3.000,458,587,1.120,1.190,0.780,0,0,0,0,0,10,2,0,9,0
03-06 07:18:01,0.500,0,98.775,0,0,900164,1641600,167576,5101296,11413.854,1620.405,0,8.002,0,1.000,492,574,1.120,1.190,0.780,0,0,0,0,0,10,2,0,9,0
03-06 07:18:02,0.250,0.500,98.751,0,0,900132,1641632,167576,5101296,13360.105,1620.013,0,0,0,0,579,663,1.120,1.190,0.780,0,0,1.000,0,0,10,2,0,9,0
03-06 07:18:03,0.500,0.250,98.729,0,0,900132,1641632,167576,5101296,6078.678,1619.648,0,0,0,0,433,571,1.120,1.190,0.780,0,0,0,0,0,10,2,0,9,0
03-06 07:18:04,0.250,5.002,93.779,0.500,0,892892,1648872,167576,5101296,9810.996,1620.495,0,84653.853,0,509.155,1624,1474,1.120,1.190,0.780,0,0,0,0,0,10,2,0,9,0
03-06 07:18:05,0.499,0.749,98.396,0,0,892752,1648984,167580,5101296,7924.658,1618.297,0,1410.515,0,2.997,509,633,1.030,1.170,0.770,1,0,1.998,0,0,10,2,0,9,0
03-06 07:18:06,10.509,4.504,83.574,0,0,877856,1663880,167580,5101296,17541.560,1459.294,0,4.004,0,1.001,1972,8970,1.030,1.170,0.770,0,0,34.030,0,0,10,2,0,10,0
03-06 07:18:07,0.500,1.000,98.985,0,0,877856,1663880,167580,5101296,11539.299,1619.761,0,3.999,0,1.000,509,585,1.030,1.170,0.770,0,0,0,0,0,10,2,0,10,0
03-06 07:18:08,0.250,0,98.496,0,0,877856,1663880,167580,5101296,9231.604,1457.937,0,0,0,0,510,606,1.030,1.170,0.770,0,0,0,0,0,10,2,0,10,0
03-06 07:18:09,0.500,0,99.022,0,0,877856,1663880,167580,5101296,8941.988,1296.288,0,176.039,0,16.004,494,581,1.030,1.170,0.770,0,0,0,0,0,10,2,0,8,0
03-06 07:18:10,9.000,2.250,87.499,0,0,881132,1660604,167580,5101296,286415.733,7303.942,0,60.000,0,3.000,1657,1152,1.030,1.160,0.770,1,0,7.000,0,0,10,2,0,8,0
03-06 07:18:11,14.501,4.000,80.255,0.500,0,881744,1659992,167584,5101292,150978.076,9896.661,108.007,0,5.000,0,2339,1321,1.030,1.160,0.770,0,0,27.002,0,0,10,2,0,8,0
03-06 07:18:12,16.975,4.743,77.135,0,0,891532,1649952,167584,5101544,297160.802,9136.404,0,7.988,0,1.997,2469,1488,1.030,1.160,0.770,2,0,22.966,0,0,10,2,0,8,0
