"pcp-dstat 6.2.0 CSV Output"
"Author:","PCP team <pcp@groups.io> and Dag Wieers <dag@wieers.com>",,,,"URL:","https://pcp.io/ and http://dag.wieers.com/home-made/dstat/"
"Host:","np0000094322",,,,"User:","ubuntu"
"Cmdline:","dstat -tcmndrylpg --tcp --output /tmp/devstack_logs/dstat-csv.log",,,,"Date:","11 Jun 2026 13:22:29 UTC"
"system","total usage",,,,,"memory usage",,,,"net/total",,"dsk/total",,"io/total",,"system",,"load avg",,,"procs",,,"paging",,"tcp sockets",,,,
"time","total usage:usr","total usage:sys","total usage:idl","total usage:wai","total usage:stl","used","free","buf","cach","net/total:recv","net/total:send","dsk/total:read","dsk/total:writ","read","writ","int","csw","1m","5m","15m","run","blk","new","in","out","lis","act","syn","tim","clo"
11-06 13:22:29,,1027388,1612360,162896,5019540,,,,,,,1.400,1.100,0.720,2,0,,,,10,6,0,17,0
11-06 13:22:30,22.952,19.958,54.386,0.748,0,1030200,1608892,163040,5019956,27671.912,11638.569,0,1321.227,0,38.918,5309,3312,1.400,1.100,0.720,1,0,232.512,0,0,10,6,0,17,0
11-06 13:22:31,27.508,20.506,50.264,0.250,0,1038396,1600436,163120,5020080,20524.680,7351.034,0,764.211,0,24.007,5070,2803,1.530,1.130,0.730,2,0,211.058,0,0,10,5,0,13,1
11-06 13:22:32,23.188,19.947,54.854,0.748,0,1030040,1608248,163256,5020320,45171.761,12335.166,0,1511.975,0,51.862,4914,2884,1.530,1.130,0.730,2,0,190.493,0,0,10,4,0,13,2
11-06 13:22:33,28.076,20.305,50.386,0.251,0,1032400,1605440,163340,5020788,22692.232,8774.677,0,942.543,0,29.078,4711,2609,1.530,1.130,0.730,1,0,174.471,0,0,10,4,0,13,2
11-06 13:22:34,33.482,17.741,46.975,0.500,0,1012904,1607484,163460,5037324,185544.961,12059.563,0,1543.176,0,81.956,5193,4329,1.530,1.130,0.730,4,0,150.919,0,0,10,4,0,13,2
11-06 13:22:35,39.272,17.510,41.773,0.500,0,1018060,1592252,163796,5046132,13774.716,1566.878,0,984.551,0,44.025,5045,3925,1.530,1.130,0.730,1,0,136.076,0,0,10,4,0,11,2
11-06 13:22:36,41.335,17.286,40.834,0.752,0,1019384,1566968,164788,5065936,11730.218,1569.240,0,1891.906,0,54.112,5846,5485,1.570,1.140,0.740,3,0,158.327,0,0,10,4,0,11,2
11-06 13:22:37,40.650,15.462,40.650,1.496,0,1029776,1536660,165148,5083940,13113.801,1508.297,1009.521,1201.051,37.907,30.924,6049,6118,1.570,1.140,0.740,2,0,120.704,0,0,10,4,0,11,2
11-06 13:22:38,31.305,11.771,54.595,1.503,0,1024856,1522532,166308,5098764,11580.176,1622.827,0,13198.996,0,127.222,3053,1874,1.570,1.140,0.740,1,0,13.023,0,0,10,4,0,11,2
11-06 13:22:39,21.968,2.746,73.143,0.999,0,1006464,1512924,167196,5123732,9474.169,1617.639,0,19283.849,0,761.888,2251,1474,1.570,1.140,0.740,1,0,0,0,0,10,4,0,11,2
11-06 13:22:40,22.751,2.250,73.753,0.750,0,989068,1538472,167824,5113872,13099.448,2100.072,0,1580.054,0,57.002,2010,1358,1.570,1.140,0.740,1,0,2.000,0,0,10,2,0,11,0
11-06 13:22:41,22.497,3.000,73.240,0,0,1005232,1522280,167844,5113880,14033.100,1619.781,0,0,0,0,1892,943,1.520,1.140,0.740,1,0,16.998,0,0,10,2,0,11,0
11-06 13:22:42,18.250,2.500,78.501,0.250,0,988928,1532836,167992,5118812,15365.290,4747.090,0,1476.028,0,20.000,1711,978,1.520,1.140,0.740,1,0,19.000,0,0,10,2,0,11,0
11-06 13:22:43,22.248,3.500,73.995,0,0,996680,1523612,168016,5120120,15342.942,1511.896,0,0,0,0,1752,941,1.520,1.140,0.740,1,0,2.000,0,0,10,2,0,11,0
11-06 13:22:44,22.009,7.253,69.030,0,0,996280,1522604,168056,5121280,11318.844,1284.550,0,15106.465,0,87.037,12041,21600,1.520,1.140,0.740,1,0,12.005,0,0,10,2,0,11,0
11-06 13:22:45,23.244,5.499,69.732,0,0,998896,1519752,168096,5121436,12392.839,1349.656,0,0,0,0,7523,13925,1.520,1.140,0.740,1,0,12.997,0,0,10,2,0,11,0
11-06 13:22:46,20.746,4.999,73.737,0.250,0,969920,1556740,168108,5114088,10554.184,1619.721,0,1595.725,0,13.998,1884,980,1.480,1.140,0.740,1,0,7.999,0,0,10,2,0,11,0
11-06 13:22:47,8.498,1.250,89.976,0,0,967692,1559044,168108,5114012,14588.054,144254.984,0,1307.646,0,74.980,1277,769,1.480,1.140,0.740,0,0,3.999,0,0,10,2,0,11,0
11-06 13:22:48,0.250,0.500,98.740,0,0,965984,1560752,168108,5114012,11986.738,1457.847,0,4.000,0,1.000,528,534,1.480,1.140,0.740,0,0,0,0,0,10,2,0,10,0
11-06 13:22:49,0.500,1.250,97.508,0,0,963388,1563340,168108,5114012,11287.885,1620.127,0,9924.778,0,45.004,715,729,1.480,1.140,0.740,0,0,0,0,0,10,2,0,10,0
11-06 13:22:50,0.250,0.750,98.756,0,0,962076,1564648,168108,5114016,9386.582,1458.090,0,0,0,0,509,546,1.480,1.140,0.740,0,0,0,0,0,10,2,0,10,0
11-06 13:22:51,0.750,0.250,98.995,0,0,960932,1565792,168108,5114016,15848.184,1619.917,0,2259.884,0,13.999,558,534,1.360,1.120,0.730,0,0,0,0,0,10,2,0,10,0
11-06 13:22:52,0.750,0.500,97.741,0.250,0,960580,1566116,168112,5114048,10703.021,1457.867,0,835.924,0,4.000,640,628,1.360,1.120,0.730,0,0,1.000,0,0,10,2,0,9,0
11-06 13:22:53,0.500,0.750,98.767,0,0,957984,1568712,168112,5114048,14484.469,1620.276,0,0,0,0,553,540,1.360,1.120,0.730,0,0,0,0,0,10,2,0,9,0
11-06 13:22:54,0.500,1.750,97.259,0,0,952924,1573760,168112,5114048,10821.983,1620.147,0,29594.688,0,145.013,914,914,1.360,1.120,0.730,0,0,0,0,0,10,2,0,9,0
11-06 13:22:55,0.250,0,98.748,0,0,948096,1578588,168112,5114048,9270.774,1619.961,0,0,0,0,505,558,1.360,1.120,0.730,0,0,0,0,0,10,2,0,9,0
11-06 13:22:56,1.000,0.250,98.971,0,0,943896,1582788,168112,5114048,12129.432,1619.524,0,0,0,0,516,534,1.250,1.100,0.730,0,0,0,0,0,10,2,0,9,0
11-06 13:22:57,0.250,0.250,98.528,0.250,0,940332,1586348,168112,5114052,10456.003,1458.419,0,604.174,0,3.001,523,568,1.250,1.100,0.730,0,0,0,0,0,10,2,0,9,0
11-06 13:22:58,0.500,0.250,98.750,0,0,937076,1589604,168112,5114052,13132.966,1619.996,0,4.000,0,1.000,508,542,1.250,1.100,0.730,0,0,0,0,0,10,2,0,9,0
11-06 13:22:59,0.500,0.500,98.753,0,0,934672,1592008,168112,5114052,12825.344,1620.043,0,4724.127,0,16.000,559,569,1.250,1.100,0.730,0,0,0,0,0,10,2,0,9,0
11-06 13:23:00,0.500,0.250,98.512,0,0,924476,1602204,168112,5114052,24343.992,1620.199,0,8.001,0,1.000,547,558,1.250,1.100,0.730,0,0,0,0,0,10,2,0,9,0
11-06 13:23:01,0.500,0.250,98.991,0,0,910940,1615740,168112,5114052,11696.881,1499.856,0,0,0,0,520,539,1.150,1.080,0.730,0,0,0,0,0,10,2,0,9,0
11-06 13:23:02,0.750,0,98.519,0,0,905652,1621028,168112,5114052,8674.647,1620.308,0,116.022,0,2.000,511,604,1.150,1.080,0.730,0,0,1.000,0,0,10,2,0,9,0
11-06 13:23:03,0.250,0.500,98.444,0,0,898840,1627840,168112,5114052,10078.229,1619.073,0,0,0,0,489,538,1.150,1.080,0.730,0,0,0,0,0,10,2,0,9,0
11-06 13:23:04,0.499,0.250,98.857,0,0,892924,1633756,168112,5114052,12175.443,1455.901,0,3.994,0,0.999,487,533,1.150,1.080,0.730,0,0,0,0,0,10,2,0,9,0
11-06 13:23:05,0.501,0.250,98.933,0,0,888804,1637876,168112,5114052,12845.727,1622.998,0,0,0,0,535,569,1.150,1.080,0.730,0,0,0,0,0,10,2,0,9,0
11-06 13:23:06,1.500,1.750,96.517,0,0,885120,1641564,168112,5114052,12977.298,1458.258,0,4.001,0,1.000,753,625,1.060,1.060,0.720,0,0,6.001,0,0,10,2,0,9,0
11-06 13:23:07,0.250,0,98.995,0,0,882564,1644120,168112,5114052,10500.433,1619.913,0,0,0,0,476,537,1.060,1.060,0.720,0,0,0,0,0,10,2,0,9,0
11-06 13:23:08,0.500,0.250,98.751,0,0,882564,1644120,168112,5114052,12530.071,1620.009,0,24.000,0,2.000,517,549,1.060,1.060,0.720,0,0,0,0,0,10,2,0,9,0
11-06 13:23:09,0.250,0.250,98.703,0,0,882564,1644120,168112,5114052,10541.987,1457.307,0,0,0,0,485,539,1.060,1.060,0.720,0,0,0,0,0,10,2,0,9,0
11-06 13:23:10,0.750,4.753,93.806,0,0,891336,1635328,168112,5114052,9033.419,1620.972,0,90690.400,0,446.268,1565,1453,1.060,1.060,0.720,0,0,0,0,0,10,2,0,9,0
11-06 13:23:11,1.250,0,98.995,0,0,891336,1635328,168112,5114052,9343.532,1457.927,0,0,0,0,469,540,0.970,1.050,0.720,0,0,0,0,0,10,2,0,9,0
11-06 13:23:12,0.250,0.750,98.717,0,0,889876,1636788,168112,5114052,11958.052,1619.465,0,3.999,0,1.000,568,595,0.970,1.050,0.720,0,0,1.000,0,0,10,2,0,9,0
11-06 13:23:13,0.750,0,98.491,0,0,887600,1639064,168112,5114052,11265.021,1619.859,0,1335.884,0,3.000,550,585,0.970,1.050,0.720,0,0,0,0,0,10,2,0,9,0
11-06 13:23:14,0,0.500,98.755,0,0,885400,1641260,168112,5114056,12780.703,1620.089,0,0,0,0,538,538,0.970,1.050,0.720,0,0,0,0,0,10,2,0,9,0
11-06 13:23:15,0.500,0.500,98.494,0,0,883476,1643184,168112,5114056,10847.350,1619.903,0,4799.712,0,25.998,629,632,0.970,1.050,0.720,0,0,0,0,0,10,2,0,9,0
11-06 13:23:16,0.500,0.250,98.535,0,0,883424,1643236,168112,5114056,13387.792,1620.580,0,4.001,0,1.000,517,544,0.900,1.030,0.710,0,0,0,0,0,10,2,0,4,0
11-06 13:23:17,0.250,0.750,98.997,0,0,883172,1643488,168112,5114056,10794.690,485.986,0,0,0,0,500,549,0.900,1.030,0.710,0,0,0,0,0,10,2,0,4,0
11-06 13:23:18,15.755,3.251,80.274,0.250,0.250,899056,1627596,168120,5114056,290030.181,9792.876,0,376.110,0,39.011,2265,1284,0.900,1.030,0.710,0,0,20.006,0,0,10,2,0,4,0
11-06 13:23:19,14.495,3.749,79.724,0.500,0,902176,1624360,168124,5114168,302590.177,10966.455,107.965,0,4.998,0,2428,1394,0.900,1.030,0.710,1,0,18.994,0,0,10,2,0,4,0
11-06 13:23:20,13.753,8.752,76.516,0,0,891144,1635236,168124,5114324,156805.423,5831.206,0,92.019,0,3.001,2799,1520,0.900,1.030,0.710,1,0,34.007,0,0,10,2,0,4,0
