"pcp-dstat 6.2.0 CSV Output"
"Author:","PCP team <pcp@groups.io> and Dag Wieers <dag@wieers.com>",,,,"URL:","https://pcp.io/ and http://dag.wieers.com/home-made/dstat/"
"Host:","np0000094113",,,,"User:","ubuntu"
"Cmdline:","dstat -tcmndrylpg --tcp --output /tmp/devstack_logs/dstat-csv.log",,,,"Date:","29 Apr 2026 02:01:14 UTC"
"system","total usage",,,,,"memory usage",,,,"net/total",,"dsk/total",,"io/total",,"system",,"load avg",,,"procs",,,"paging",,"tcp sockets",,,,
"time","total usage:usr","total usage:sys","total usage:idl","total usage:wai","total usage:stl","used","free","buf","cach","net/total:recv","net/total:send","dsk/total:read","dsk/total:writ","read","writ","int","csw","1m","5m","15m","run","blk","new","in","out","lis","act","syn","tim","clo"
29-04 02:01:14,,1005128,1667860,161512,4989876,,,,,,,1.730,1.240,0.790,2,0,,,,10,6,0,17,0
29-04 02:01:15,25.853,19.638,52.451,0.746,0,1002076,1670464,161620,4990096,18054.118,8842.610,0,1042.062,0,29.830,5546,3953,1.730,1.240,0.790,2,0,252.561,0,0,10,5,0,17,1
29-04 02:01:16,25.082,20.316,52.420,0.251,0,1013780,1658380,161732,4990320,38279.483,7150.252,0,1027.341,0,33.108,5036,2908,1.730,1.240,0.790,2,0,211.688,0,0,10,4,0,17,2
29-04 02:01:17,26.513,21.010,51.025,0.500,0,1038364,1633284,161844,4990596,16522.963,8756.220,0,1216.586,0,38.018,4798,2828,1.750,1.250,0.800,3,0,195.094,0,0,10,4,0,17,2
29-04 02:01:18,31.566,21.376,44.740,0.497,0,1031000,1621240,162060,5009340,167547.000,3850.615,0,1503.261,0,45.734,5270,4697,1.750,1.250,0.800,13,0,185.919,0,0,10,4,0,17,2
29-04 02:01:19,37.460,17.850,43.745,0.503,0.251,1050280,1588176,162736,5019892,7746.410,0,0,1029.771,0,46.259,4324,2477,1.750,1.250,0.800,2,0,125.704,0,0,10,4,0,17,2
29-04 02:01:20,41.598,15.444,41.349,0.249,0,1030912,1590424,162952,5034964,4749.689,0,0,1474.626,0,31.884,4320,3668,1.750,1.250,0.800,2,0,122.553,0,0,10,4,0,11,2
29-04 02:01:21,41.398,16.559,40.144,1.004,0,1058472,1539612,163376,5055644,4110.742,0,0,2942.552,0,108.389,5476,5777,1.750,1.250,0.800,2,0,183.659,0,0,10,4,0,11,2
29-04 02:01:22,38.814,15.776,41.819,2.254,0,1057644,1509584,164468,5082248,10405.062,0,1013.662,9046.835,38.062,151.248,5290,5078,1.770,1.270,0.800,2,0,87.143,0,0,10,4,0,11,2
29-04 02:01:23,27.458,8.487,62.404,0.998,0,1045784,1507612,165288,5093156,8276.316,492.246,0,7792.058,0,90.861,2806,2315,1.770,1.270,0.800,1,0,12.980,0,0,10,5,0,11,2
29-04 02:01:24,19.743,1.499,77.722,0,0,1024352,1546516,165288,5076084,14467.869,2233.208,0,167.940,0,8.997,1518,830,1.770,1.270,0.800,1,0,1.999,0,0,10,2,0,11,0
29-04 02:01:25,17.738,3.997,78.195,0,0,1029168,1541660,165316,5076096,10588.575,2108.521,0,3.997,0,0.999,1723,957,1.770,1.270,0.800,0,1,32.977,0,0,10,3,0,11,0
29-04 02:01:26,22.047,3.006,73.908,0.251,0,1027704,1536632,165416,5081820,4220.049,240.516,0,1607.447,0,9.019,1675,972,1.770,1.270,0.800,1,0,2.004,0,0,10,2,0,11,0
29-04 02:01:27,18.472,3.245,77.883,0,0,1027908,1536408,165424,5081828,14274.500,3002.478,0,555.164,0,7.988,1655,953,1.710,1.260,0.810,1,0,16.974,0,0,10,3,0,11,0
29-04 02:01:28,23.252,6.251,67.506,0.250,0,1021188,1536412,165816,5086900,7818.718,174.016,0,15041.381,0,94.009,7443,14022,1.710,1.260,0.810,1,0,7.001,0,0,10,2,0,11,0
29-04 02:01:29,21.752,4.250,74.008,0,0,984888,1572104,165888,5087360,8215.863,0,0,84.009,0,1.000,1784,899,1.710,1.260,0.810,1,0,8.001,0,0,10,2,0,11,0
29-04 02:01:30,20.753,6.751,70.261,0,0,985124,1571600,165936,5087524,6538.026,0,0,84.013,0,1.000,12449,22270,1.710,1.260,0.810,2,0,19.003,0,0,10,2,0,11,0
29-04 02:01:31,20.244,3.499,75.228,0,0,953196,1616472,165952,5076096,12389.308,129899.286,0,1107.670,0,12.996,1950,1069,1.710,1.260,0.810,1,0,4.999,0,0,10,2,0,11,0
29-04 02:01:32,6.000,1.750,91.756,0,0,946284,1623384,165952,5076096,139739.501,3254.198,0,0,0,0,1022,835,1.570,1.240,0.800,1,0,3.000,0,0,10,2,0,10,0
29-04 02:01:33,15.257,4.252,79.038,1.000,0,936184,1633444,165956,5076128,290347.617,12427.976,108.052,9632.632,5.002,45.022,2573,1691,1.570,1.240,0.800,0,0,28.013,0,0,10,2,0,10,0
29-04 02:01:34,14.766,3.253,81.587,0,0,935816,1633608,165956,5076332,299208.918,10721.428,0,4.004,0,1.001,2175,1374,1.570,1.240,0.800,1,0,17.018,0,0,10,2,0,10,0
