"pcp-dstat 6.2.0 CSV Output"
"Author:","PCP team <pcp@groups.io> and Dag Wieers <dag@wieers.com>",,,,"URL:","https://pcp.io/ and http://dag.wieers.com/home-made/dstat/"
"Host:","np0000094114",,,,"User:","ubuntu"
"Cmdline:","dstat -tcmndrylpg --tcp --output /tmp/devstack_logs/dstat-csv.log",,,,"Date:","29 Apr 2026 02:26:35 UTC"
"system","total usage",,,,,"memory usage",,,,"net/total",,"dsk/total",,"io/total",,"system",,"load avg",,,"procs",,,"paging",,"tcp sockets",,,,
"time","total usage:usr","total usage:sys","total usage:idl","total usage:wai","total usage:stl","used","free","buf","cach","net/total:recv","net/total:send","dsk/total:read","dsk/total:writ","read","writ","int","csw","1m","5m","15m","run","blk","new","in","out","lis","act","syn","tim","clo"
29-04 02:26:35,,1045364,1609176,162436,5006644,,,,,,,1.900,1.240,0.750,2,0,,,,10,4,1,17,2
29-04 02:26:36,30.905,21.932,45.360,0.748,0,1039272,1599820,163312,5018812,8807.846,1615.021,0,1762.566,0,65.797,5914,4255,1.900,1.240,0.750,3,0,253.219,0,0,10,4,1,17,2
29-04 02:26:37,31.281,21.771,45.294,0.500,0,1060268,1560904,163716,5034344,10924.667,1533.497,0,1377.345,0,30.029,5265,3014,1.900,1.240,0.750,4,0,228.223,0,0,10,4,1,17,2
29-04 02:26:38,31.475,22.482,44.714,0.999,0,1069188,1528788,164404,5054884,7824.784,1618.714,0,2893.701,0,112.910,4989,3131,1.900,1.240,0.750,2,0,181.856,0,0,10,4,1,11,2
29-04 02:26:39,35.065,21.790,41.076,1.002,0,1070124,1507708,165376,5071864,5984.055,1622.998,0,2993.530,0,141.261,5423,4818,1.900,1.240,0.750,2,0,189.350,0,0,10,4,1,11,2
29-04 02:26:40,35.453,18.226,44.690,0.749,0,1074844,1480616,166216,5090732,12100.816,1617.836,0,2061.243,0,64.913,4523,2721,1.910,1.260,0.750,2,0,136.817,0,0,10,4,1,11,2
29-04 02:26:41,40.533,16.764,41.034,0.250,0,990356,1580696,166332,5075344,17123.103,4350.583,0,600.495,0,21.017,5789,6432,1.910,1.260,0.750,5,0,160.132,0,0,10,2,1,11,0
29-04 02:26:42,38.759,16.004,42.760,0.750,0,1027656,1542712,166360,5075720,10842.561,1620.383,652.154,4.001,19.004,1.000,5465,5362,1.910,1.260,0.750,2,0,152.036,0,0,10,2,1,11,0
29-04 02:26:43,32.007,17.003,48.510,1.500,0,1062592,1501560,166444,5081092,14314.911,3904.794,360.073,3296.670,19.004,88.018,4884,4128,1.910,1.260,0.750,2,0,97.020,0,0,10,2,1,11,0
29-04 02:26:44,25.986,7.496,65.965,0,0,1055228,1507860,166460,5081928,11602.907,1619.150,0,107.943,0,2.998,2362,1157,1.910,1.260,0.750,1,0,22.988,0,0,10,2,1,11,0
29-04 02:26:45,18.255,3.501,77.272,0.500,0,1041900,1514628,166832,5086956,16880.873,4802.386,0,10875.139,0,124.036,1799,1084,1.920,1.270,0.760,1,0,15.004,0,0,10,2,1,11,0
29-04 02:26:46,22.523,6.256,70.071,0,0,1055240,1500608,166876,5087472,7458.545,1459.476,0,92.093,0,2.002,11486,21120,1.920,1.270,0.760,1,0,12.012,0,0,10,2,1,11,0
29-04 02:26:47,20.727,6.742,69.921,0,0,1052384,1503332,166948,5087532,7692.290,1618.168,0,87.900,0,1.998,11900,21871,1.920,1.270,0.760,1,0,12.985,0,0,10,2,1,11,0
29-04 02:26:48,20.497,4.999,73.740,0.250,0,1011844,1556524,166964,5076284,10693.572,1619.784,0,983.869,0,81.989,1904,1122,1.920,1.270,0.760,1,0,7.999,0,0,10,2,1,11,0
29-04 02:26:49,8.000,2.750,86.248,2.250,0,971164,1597296,166964,5076208,15288.581,131422.396,0,29919.180,0,787.978,1573,977,1.920,1.270,0.760,0,0,4.000,0,0,10,2,1,11,0
29-04 02:26:50,0.500,0.500,98.728,0,0,964436,1604020,166964,5076212,12414.291,1619.647,0,783.829,0,115.975,590,629,1.760,1.250,0.760,0,0,0,0,0,10,2,1,11,0
29-04 02:26:51,0,0,99.005,0,0,949820,1618636,166964,5076212,8303.453,1620.088,0,0,0,0,439,561,1.760,1.250,0.760,0,0,0,0,0,10,2,1,11,0
29-04 02:26:52,0.500,0.250,98.516,0,0,938288,1630168,166964,5076212,10642.743,1620.265,0,0,0,0,495,585,1.760,1.250,0.760,0,0,0,0,0,10,2,1,11,0
29-04 02:26:53,0.500,0,98.974,0,0,930836,1637620,166964,5076212,8544.774,1693.559,0,3.999,0,1.000,470,561,1.760,1.250,0.760,0,0,0,0,0,10,2,1,11,0
29-04 02:26:54,0.250,2.500,96.517,0,0,924440,1644012,166968,5076212,6133.099,1458.261,0,14126.532,0,67.012,752,844,1.760,1.250,0.760,2,0,1.000,0,0,10,2,1,9,0
29-04 02:26:55,0.500,0.250,98.509,0,0,919608,1648844,166968,5076212,6230.601,1620.156,0,7736.746,0,24.002,530,644,1.620,1.230,0.750,0,0,0,0,0,10,2,1,9,0
29-04 02:26:56,0,0.250,98.747,0,0,915132,1653316,166968,5076216,11040.626,1619.945,0,2259.923,0,14.000,487,578,1.620,1.230,0.750,0,0,0,0,0,10,2,1,9,0
29-04 02:26:57,0.750,0.250,98.752,0,0,911496,1656952,166968,5076216,10440.232,1620.036,0,0,0,0,479,546,1.620,1.230,0.750,0,0,0,0,0,10,2,1,9,0
29-04 02:26:58,11.247,4.999,82.731,0,0,895992,1672456,166968,5076216,19066.612,1619.627,0,0,0,0,2210,8881,1.620,1.230,0.750,0,0,35.992,0,0,10,2,1,10,0
29-04 02:26:59,0.500,0.250,98.757,0.250,0,893488,1674960,166968,5076216,7619.533,1620.113,0,828.058,0,24.002,475,583,1.620,1.230,0.750,0,0,0,0,0,10,2,1,9,0
29-04 02:27:00,0.250,1.500,97.266,0,0,889376,1679072,166968,5076216,11219.887,1620.272,0,20803.498,0,113.019,864,859,1.490,1.200,0.750,0,0,0,0,0,10,2,1,9,0
29-04 02:27:01,0.250,0.500,98.738,0,0,886212,1682236,166968,5076216,10283.711,1619.797,0,0,0,0,486,561,1.490,1.200,0.750,0,0,0,0,0,10,2,1,9,0
29-04 02:27:02,0.250,0.250,98.986,0,0,884180,1684268,166968,5076216,6251.131,1457.797,0,0,0,0,459,561,1.490,1.200,0.750,0,0,0,0,0,10,2,1,9,0
29-04 02:27:03,0.500,0,99.024,0,0,882428,1686020,166968,5076216,10315.475,1620.389,0,0,0,0,466,586,1.490,1.200,0.750,0,0,0,0,0,10,2,1,9,0
29-04 02:27:04,0.750,0.500,97.987,0.250,0,881740,1686676,166968,5076248,7686.955,1619.780,0,531.928,0,2.000,568,681,1.490,1.200,0.750,0,0,1.000,0,0,10,2,1,9,0
29-04 02:27:05,0.250,0,98.510,0,0,881612,1686676,166968,5076376,7489.754,1620.163,0,248.025,0,21.002,491,610,1.370,1.180,0.740,0,0,0,0,0,10,2,1,9,0
29-04 02:27:06,0.250,0.500,98.747,0,0,881584,1686704,166968,5076376,9580.733,1619.955,0,4.000,0,1.000,490,553,1.370,1.180,0.740,0,0,0,0,0,10,2,1,9,0
29-04 02:27:07,0.250,0.250,98.998,0,0,881580,1686704,166968,5076380,8276.834,1619.968,0,0,0,0,507,588,1.370,1.180,0.740,0,0,0,0,0,10,2,1,9,0
29-04 02:27:08,0.500,0,98.468,0,0,881580,1686704,166968,5076380,12100.029,1619.469,0,0,0,0,510,578,1.370,1.180,0.740,0,0,0,0,0,10,2,1,9,0
29-04 02:27:09,0.250,0.250,98.781,0,0,881580,1686704,166968,5076380,10313.239,1620.509,0,52.016,0,2.001,515,569,1.370,1.180,0.740,0,0,0,0,0,10,2,1,9,0
29-04 02:27:10,0.250,3.750,94.753,0.250,0,881316,1686968,166968,5076380,5726.161,1566.044,0,67077.882,0,284.008,1205,1143,1.260,1.160,0.740,1,0,0,0,0,10,2,1,9,0
29-04 02:27:11,0.250,1.500,98.244,0,0,874052,1694236,166968,5076380,9819.439,1511.914,0,16931.032,0,61.996,597,656,1.260,1.160,0.740,0,0,0,0,0,10,2,1,9,0
29-04 02:27:12,0.500,0,98.745,0,0.250,874052,1694236,166968,5076380,8054.588,1619.917,0,8.000,0,1.000,482,574,1.260,1.160,0.740,0,0,0,0,0,10,2,1,9,0
29-04 02:27:13,0.250,0.250,98.997,0,0,874052,1694236,166968,5076380,6182.824,1619.954,0,0,0,0,458,563,1.260,1.160,0.740,0,0,0,0,0,10,2,1,9,0
29-04 02:27:14,0.250,0,98.514,0,0,874052,1694236,166968,5076380,10209.484,1620.235,0,0,0,0,514,622,1.260,1.160,0.740,0,0,1.000,0,0,10,2,1,9,0
29-04 02:27:15,0.250,0.750,98.737,0,0,874056,1694236,166972,5076380,7836.991,1619.792,0,1491.808,0,3.999,476,604,1.160,1.150,0.730,0,0,0,0,0,10,2,1,9,0
29-04 02:27:16,0.750,0.250,98.750,0,0,874056,1694236,166972,5076380,11124.002,1620.000,0,812.000,0,19.000,498,581,1.160,1.150,0.730,0,0,0,0,0,10,2,1,9,0
29-04 02:27:17,0.250,0,98.431,0,0,874056,1694236,166972,5076380,8237.254,1618.871,0,3.997,0,0.999,474,571,1.160,1.150,0.730,0,0,0,0,0,10,2,1,9,0
29-04 02:27:18,0,0.500,99.318,0,0,874056,1694236,166972,5076380,6130.187,1695.158,0,4.003,0,1.001,441,550,1.160,1.150,0.730,0,0,0,0,0,10,2,1,9,0
29-04 02:27:19,0.500,0.250,98.759,0,0,874056,1694236,166972,5076380,9906.854,560.048,0,0,0,0,485,563,1.160,1.150,0.730,0,0,0,0,0,10,2,1,7,0
29-04 02:27:20,15.755,2.751,80.778,0,0,880532,1687936,166972,5076380,286790.795,8340.902,0,60.021,0,2.001,1780,1197,1.230,1.160,0.740,0,0,8.003,0,0,10,2,1,7,0
29-04 02:27:21,11.984,4.744,78.892,2.497,0,889496,1678860,166976,5076488,296785.538,12223.301,107.853,95.869,4.993,2.996,2321,1438,1.230,1.160,0.740,1,0,30.958,0,0,10,2,1,7,0
29-04 02:27:22,15.524,7.011,76.618,0,0,888408,1679920,166976,5076516,153893.045,5528.516,0,256.395,0,38.059,2453,1403,1.230,1.160,0.740,1,0,28.043,0,0,10,2,1,7,0
