"pcp-dstat 6.2.0 CSV Output"
"Author:","PCP team <pcp@groups.io> and Dag Wieers <dag@wieers.com>",,,,"URL:","https://pcp.io/ and http://dag.wieers.com/home-made/dstat/"
"Host:","np0000094244",,,,"User:","ubuntu"
"Cmdline:","dstat -tcmndrylpg --tcp --output /tmp/devstack_logs/dstat-csv.log",,,,"Date:","04 Jun 2026 12:43:15 UTC"
"system","total usage",,,,,"memory usage",,,,"net/total",,"dsk/total",,"io/total",,"system",,"load avg",,,"procs",,,"paging",,"tcp sockets",,,,
"time","total usage:usr","total usage:sys","total usage:idl","total usage:wai","total usage:stl","used","free","buf","cach","net/total:recv","net/total:send","dsk/total:read","dsk/total:writ","read","writ","int","csw","1m","5m","15m","run","blk","new","in","out","lis","act","syn","tim","clo"
04-06 12:43:15,,1039352,1614264,162204,5006528,,,,,,,1.420,1.080,0.700,2,0,,,,10,3,0,17,0
04-06 12:43:16,30.403,20.684,47.848,0,0,1063472,1590088,162204,5006552,231472.317,5255.275,0,0,0,0,5405,3193,1.420,1.080,0.700,3,0,265.156,0,0,10,3,0,17,0
04-06 12:43:17,31.027,21.018,46.040,0.250,0,1066896,1586336,162236,5006848,16958.737,5886.115,0,380.331,0,13.011,5184,2990,1.390,1.080,0.700,2,0,239.208,0,0,10,5,0,17,0
04-06 12:43:18,16.723,20.967,60.903,0,0,1046636,1606848,162252,5006584,19657.705,2730.653,0,195.688,0,11.981,4628,2671,1.390,1.080,0.700,3,0,196.687,0,0,10,4,0,17,0
04-06 12:43:19,31.102,18.812,48.409,0,0,1053540,1599476,162300,5007344,21304.117,7818.733,0,694.285,0,21.069,5084,4243,1.390,1.080,0.700,2,0,152.502,0,0,10,5,0,17,0
04-06 12:43:20,25.176,19.692,53.592,0.499,0,1043548,1609112,162412,5007076,36766.297,11330.500,0,1120.687,0,36.891,4656,2864,1.390,1.080,0.700,2,0,151.552,0,0,10,6,0,11,0
04-06 12:43:21,35.930,16.717,45.411,0.499,0,1038740,1613112,162576,5008024,22390.319,12424.760,0,1465.142,0,42.916,5192,4860,1.390,1.080,0.700,1,0,140.725,0,0,10,6,0,11,0
04-06 12:43:22,36.528,13.510,48.537,0.250,0,1031056,1620556,162648,5007700,17553.339,7388.615,0,1945.478,0,105.080,4938,4359,1.520,1.110,0.710,1,0,127.097,0,0,10,5,0,11,1
04-06 12:43:23,31.624,15.561,48.441,2.761,0,1049380,1600420,162816,5009084,45271.107,12322.479,1015.997,4750.690,38.150,52.205,5378,5307,1.520,1.110,0.710,2,0,88.348,0,0,10,4,0,11,2
04-06 12:43:24,25.942,8.731,64.606,0.499,0,1044388,1604744,162932,5009388,19223.175,10283.092,0,6888.654,0,37.916,2354,1057,1.520,1.110,0.710,1,0,11.973,0,0,10,4,0,11,2
04-06 12:43:25,20.756,2.501,75.272,0.750,0,1050300,1578292,163188,5028612,174179.939,4702.375,0,1380.404,0,45.013,1711,1023,1.520,1.110,0.710,1,0,1.000,0,0,10,4,0,11,2
04-06 12:43:26,22.499,2.250,73.495,0.750,0,1057768,1552084,164096,5044000,7764.492,1661.891,0,2227.854,0,66.996,2218,1871,1.520,1.110,0.710,2,0,1.000,0,0,10,4,0,11,2
04-06 12:43:27,23.256,3.001,67.519,5.001,0,1050340,1545004,164476,5056540,10160.829,1620.451,0,23674.592,0,755.210,2215,1352,1.480,1.110,0.710,1,0,0,0,0,10,4,0,11,2
04-06 12:43:28,21.248,2.750,73.494,1.750,0,1052408,1517112,165536,5078676,16695.580,1457.876,0,3183.729,0,133.989,2288,1865,1.480,1.110,0.710,1,0,0,0,0,10,4,0,11,2
04-06 12:43:29,22.999,2.000,73.748,1.000,0,1050356,1489876,166420,5104576,8024.812,1619.962,0,1915.955,0,65.998,1921,1422,1.480,1.110,0.710,1,0,0,0,0,10,4,0,11,2
04-06 12:43:30,31.514,7.003,59.027,0.250,0,1048152,1501412,166952,5093700,13238.005,2100.953,0,1428.648,0,50.023,3156,12333,1.480,1.110,0.710,1,0,38.017,0,0,10,2,0,12,0
04-06 12:43:31,21.749,4.250,73.747,0,0,1045480,1504056,166972,5093708,7581.706,1619.937,0,947.963,0,131.995,1933,1006,1.480,1.110,0.710,1,0,32.999,0,0,10,2,0,12,0
04-06 12:43:32,18.247,2.000,78.987,0.500,0,1023960,1519524,167360,5098744,12902.909,4800.222,0,2143.653,0,92.985,1533,884,1.440,1.100,0.710,1,0,2.000,0,0,10,2,0,11,0
04-06 12:43:33,23.259,5.252,69.778,0,0,1016196,1525564,167464,5100136,9094.705,1458.594,0,7090.889,0,36.015,10095,17889,1.440,1.100,0.710,2,0,6.002,0,0,10,2,0,11,0
04-06 12:43:34,23.491,4.248,70.974,0,0,1013936,1526608,167544,5101040,13616.997,144932.748,0,95.965,0,1.999,4192,5277,1.440,1.100,0.710,1,0,8.997,0,0,10,2,0,11,0
04-06 12:43:35,22.252,7.001,69.756,0,0,1008128,1532280,167588,5101132,9462.795,1620.136,0,88.007,0,1.000,12319,21631,1.440,1.100,0.710,1,0,19.002,0,0,10,2,0,11,0
04-06 12:43:36,21.784,3.756,73.866,0,0,971188,1577140,167596,5093872,8740.754,1460.298,0,1870.944,0,13.020,1841,1003,1.440,1.100,0.710,1,0,6.009,0,0,10,2,0,9,0
04-06 12:43:37,1.498,0.250,97.090,0,0,906524,1641836,167596,5093876,6735.897,1617.334,0,0,0,0,625,616,1.320,1.090,0.710,0,0,0,0,0,10,2,0,9,0
04-06 12:43:38,0.500,1.250,97.496,0,0,905476,1642864,167604,5093876,10989.595,1619.940,0,10103.628,0,45.998,743,732,1.320,1.090,0.710,0,0,0,0,0,10,2,0,9,0
04-06 12:43:39,0.250,0.500,98.986,0,0,901832,1646508,167604,5093876,6491.074,1457.792,0,0,0,0,442,551,1.320,1.090,0.710,0,0,0,0,0,10,2,0,9,0
04-06 12:43:40,0.500,0.250,98.484,0,0,898644,1649696,167604,5093876,11013.261,1619.744,0,3.999,0,1.000,529,557,1.320,1.090,0.710,1,0,0,0,0,10,2,0,9,0
04-06 12:43:41,0.250,0,98.763,0.250,0,895868,1652484,167608,5093876,7458.962,1458.188,0,964.124,0,2.000,515,572,1.320,1.090,0.710,0,0,0,0,0,10,2,0,9,0
04-06 12:43:42,0.500,0.250,98.755,0,0,892540,1655812,167608,5093876,9498.439,1620.075,0,2260.104,0,14.001,507,564,1.220,1.070,0.710,0,0,0,0,0,10,2,0,9,0
04-06 12:43:43,0.500,1.000,97.972,0,0,889400,1658952,167608,5093876,6945.022,1565.554,0,12980.304,0,46.987,619,670,1.220,1.070,0.710,0,0,0,0,0,10,2,0,9,0
04-06 12:43:44,0.750,0.250,98.526,0,0,887532,1660820,167608,5093876,5321.399,1512.398,0,4.001,0,1.000,475,568,1.220,1.070,0.710,0,0,0,0,0,10,2,0,9,0
04-06 12:43:45,1.000,1.750,96.979,0,0,878952,1669404,167608,5093876,5988.705,1619.650,0,0,0,0,680,621,1.220,1.070,0.710,0,0,5.999,0,0,10,2,0,9,0
04-06 12:43:46,0.750,0.500,98.764,0,0,877480,1670864,167616,5093880,10144.406,1620.225,0,244.034,0,3.000,590,627,1.220,1.070,0.710,0,0,1.000,0,0,10,2,0,9,0
04-06 12:43:47,0.250,0.250,98.500,0,0,876228,1672116,167616,5093880,9469.968,1619.995,0,0,0,0,499,554,1.120,1.050,0.700,0,0,0,0,0,10,2,0,9,0
04-06 12:43:48,0.750,1.250,96.017,1.250,0,875372,1672968,167616,5093880,16823.051,1620.294,0,20983.806,0,105.019,873,784,1.120,1.050,0.700,0,0,0,0,0,10,2,0,9,0
04-06 12:43:49,0.500,0.250,98.989,0,0,875372,1672968,167616,5093880,9520.951,1619.822,0,0,0,0,479,544,1.120,1.050,0.700,0,0,0,0,0,10,2,0,9,0
04-06 12:43:50,0,0,98.747,0,0,875372,1672968,167616,5093880,22039.420,1619.957,0,4.000,0,1.000,510,540,1.120,1.050,0.700,0,0,0,0,0,10,2,0,9,0
04-06 12:43:51,1.000,0.750,98.755,0,0,873944,1674396,167616,5093880,7715.385,1620.081,0,560.028,0,2.000,472,548,1.120,1.050,0.700,0,0,0,0,0,10,2,0,9,0
04-06 12:43:52,0.500,0,98.491,0,0,871256,1677084,167616,5093880,7736.290,1457.866,0,7.999,0,1.000,479,567,1.030,1.030,0.700,0,0,0,0,0,10,2,0,9,0
04-06 12:43:53,0.250,0.250,98.752,0,0,868904,1679436,167616,5093880,5440.113,1620.034,0,276.006,0,1.000,442,529,1.030,1.030,0.700,0,0,0,0,0,10,2,0,9,0
04-06 12:43:54,0.500,0.250,98.767,0,0,866848,1681492,167616,5093880,9752.642,1620.273,0,0,0,0,491,540,1.030,1.030,0.700,0,0,0,0,0,10,2,0,9,0
04-06 12:43:55,0.250,0.500,98.987,0,0,865812,1682528,167616,5093880,6319.139,1187.838,0,0,0,0,455,535,1.030,1.030,0.700,0,0,0,0,0,10,2,0,9,0
04-06 12:43:56,0.250,0.250,98.985,0,0,865812,1682528,167616,5093880,8534.670,1403.781,0,3.999,0,1.000,539,598,1.030,1.030,0.700,1,0,1.000,0,0,10,2,0,9,0
04-06 12:43:57,0.500,0.250,98.760,0,0,865640,1682700,167616,5093880,7364.757,1620.167,0,48.005,0,2.000,456,547,0.950,1.010,0.690,0,0,0,0,0,10,2,0,9,0
04-06 12:43:58,1.000,3.500,95.251,0,0,865560,1682780,167616,5093880,11071.130,1620.019,0,56052.657,0,357.004,1268,1110,0.950,1.010,0.690,0,0,0,0,0,10,2,0,9,0
04-06 12:43:59,0.250,0,99.008,0,0,865560,1682780,167616,5093880,6646.548,1458.120,0,0,0,0,452,543,0.950,1.010,0.690,0,0,0,0,0,10,2,0,9,0
04-06 12:44:00,0.500,0.500,98.743,0,0,865560,1682780,167616,5093880,5938.581,1661.883,0,0,0,0,483,540,0.950,1.010,0.690,0,0,0,0,0,10,2,0,9,0
04-06 12:44:01,0.500,0.250,98.754,0,0,865560,1682780,167616,5093880,10559.411,1512.059,0,0,0,0,506,532,0.950,1.010,0.690,0,0,0,0,0,10,2,0,9,0
04-06 12:44:02,0.500,0.250,98.750,0,0,865560,1682780,167616,5093880,11310.996,1565.999,0,4.000,0,1.000,516,532,0.870,1,0.690,0,0,0,0,0,10,2,0,9,0
04-06 12:44:03,0,0,98.745,0.250,0,865304,1683032,167620,5093880,6226.687,1619.919,0,1163.942,0,37.998,490,564,0.870,1,0.690,0,0,0,0,0,10,2,0,9,0
04-06 12:44:04,0.250,2.000,97.245,0,0,865520,1682808,167620,5093888,8074.620,1025.952,0,32822.454,0,142.993,862,891,0.870,1,0.690,0,0,0,0,0,10,2,0,9,0
04-06 12:44:05,10.753,2.001,86.028,0,0,881140,1667184,167620,5093888,285311.898,7330.361,0,0,0,0,1486,1086,0.870,1,0.690,1,0,7.002,0,0,10,2,0,5,0
04-06 12:44:06,14.205,4.984,79.747,0.748,0,880688,1667524,167624,5093996,295156.327,13257.881,107.658,0,4.984,0,2608,1560,0.870,1,0.690,1,0,32.895,0,0,10,2,0,5,0
04-06 12:44:07,16.537,5.512,76.671,0,0,878484,1669628,167624,5094100,156026.280,5536.358,0,4.009,0,1.002,2189,1244,0.880,1,0.690,1,0,22.049,0,0,10,2,0,5,0
